A message was lost!!!
	total count change:1
	total count: 1---
header:
  stamp:
    sec: 1791165484
    nanosec: 303159723
  frame_id: base_link
name:
- joint_x
- joint_y
position:
- 0.0
- 0.0
velocity:
- 0.0
- 0.0
effort:
- .nan
- .nan
---
header:
  stamp:
    sec: 1791165484
    nanosec: 323182704
  frame_id: base_link
name:
- joint_x
- joint_y
position:
- 0.0
- 0.0
velocity:
- 0.0
- 0.0
effort:
- .nan
- .nan
---
header:
  stamp:
    sec: 1791165484
    nanosec: 343156969
  frame_id: base_link
name:
- joint_x
- joint_y
position:
- 0.0
- 0.0
velocity:
- 0.0
- 0.0
effort:
- .nan
- .nan
---
header:
  stamp:
    sec: 1791165484
    nanosec: 363156943
  frame_id: base_link
name:
- joint_x
- joint_y
position:
- 0.0
- 0.0
velocity:
- 0.0
- 0.0
effort:
- .nan
- .nan
---
header:
  stamp:
    sec: 1791165484
    nanosec: 383179820
  frame_id: base_link
name:
- joint_x
- joint_y
position:
- 0.0
- 0.0
velocity:
- 0.0
- 0.0
effort:
- .nan
- .nan
---
header:
  stamp:
    sec: 1791165484
    nanosec: 403184068
  frame_id: base_link
name:
- joint_x
- joint_y
position:
- 0.0
- 0.0
velocity:
- 0.0
- 0.0
effort:
- .nan
- .nan
---
header:
  stamp:
    sec: 1791165484
    nanosec: 423179508
  frame_id: base_link
name:
- joint_x
- joint_y
position:
- 0.0
- 0.0
velocity:
- 0.0
- 0.0
effort:
- .nan
- .nan
---
header:
  stamp:
    sec: 1791165484
    nanosec: 443179201
  frame_id: base_link
name:
- joint_x
- joint_y
position:
- 0.0
- 0.0
velocity:
- 0.0
- 0.0
effort:
- .nan
- .nan
---
header:
  stamp:
    sec: 1791165484
    nanosec: 463176748
  frame_id: base_link
name:
- joint_x
- joint_y
position:
- 0.0
- 0.0
velocity:
- 0.0
- 0.0
effort:
- .nan
- .nan
---
header:
  stamp:
    sec: 1791165484
    nanosec: 483165735
  frame_id: base_link
name:
- joint_x
- joint_y
position:
- 0.0
- 0.0
velocity:
- 0.0
- 0.0
effort:
- .nan
- .nan
---
header:
  stamp:
    sec: 1791165484
    nanosec: 503168467
  frame_id: base_link
name:
- joint_x
- joint_y
position:
- 0.0
- 0.0
velocity:
- 0.0
- 0.0
effort:
- .nan
- .nan
---
header:
  stamp:
    sec: 1791165484
    nanosec: 523164291
  frame_id: base_link
name:
- joint_x
- joint_y
position:
- 0.0
- 0.0
velocity:
- 0.0
- 0.0
effort:
- .nan
- .nan
---
header:
  stamp:
    sec: 1791165484
    nanosec: 543170882
  frame_id: base_link
name:
- joint_x
- joint_y
position:
- 0.0
- 0.0
velocity:
- 0.0
- 0.0
effort:
- .nan
- .nan
---
header:
  stamp:
    sec: 1791165484
    nanosec: 563166812
  frame_id: base_link
name:
- joint_x
- joint_y
position:
- 0.0
- 0.0
velocity:
- 0.0
- 0.0
effort:
- .nan
- .nan
---
header:
  stamp:
    sec: 1791165484
    nanosec: 583166245
  frame_id: base_link
name:
- joint_x
- joint_y
position:
- 0.0
- 0.0
velocity:
- 0.0
- 0.0
effort:
- .nan
- .nan
---
header:
  stamp:
    sec: 1791165484
    nanosec: 603187336
  frame_id: base_link
name:
- joint_x
- joint_y
position:
- 0.0
- 0.0
velocity:
- 0.0
- 0.0
effort:
- .nan
- .nan
---
header:
  stamp:
    sec: 1791165484
    nanosec: 623181300
  frame_id: base_link
name:
- joint_x
- joint_y
position:
- 0.0
- 0.0
velocity:
- 0.0
- 0.0
effort:
- .nan
- .nan
---
header:
  stamp:
    sec: 1791165484
    nanosec: 643178578
  frame_id: base_link
name:
- joint_x
- joint_y
position:
- 0.0
- 0.0
velocity:
- 0.0
- 0.0
effort:
- .nan
- .nan
---
header:
  stamp:
    sec: 1791165484
    nanosec: 663168941
  frame_id: base_link
name:
- joint_x
- joint_y
position:
- 0.0
- 0.0
velocity:
- 0.0
- 0.0
effort:
- .nan
- .nan
---
header:
  stamp:
    sec: 1791165484
    nanosec: 683174724
  frame_id: base_link
name:
- joint_x
- joint_y
position:
- 0.0
- 0.0
velocity:
- 0.0
- 0.0
effort:
- .nan
- .nan
---
header:
  stamp:
    sec: 1791165484
    nanosec: 703174671
  frame_id: base_link
name:
- joint_x
- joint_y
position:
- 0.0
- 0.0
velocity:
- 0.0
- 0.0
effort:
- .nan
- .nan
---
header:
  stamp:
    sec: 1791165484
    nanosec: 723179566
  frame_id: base_link
name:
- joint_x
- joint_y
position:
- 0.0
- 0.0
velocity:
- 0.0
- 0.0
effort:
- .nan
- .nan
---
header:
  stamp:
    sec: 1791165484
    nanosec: 743173261
  frame_id: base_link
name:
- joint_x
- joint_y
position:
- 0.0
- 0.0
velocity:
- 0.0
- 0.0
effort:
- .nan
- .nan
---
header:
  stamp:
    sec: 1791165484
    nanosec: 763170761
  frame_id: base_link
name:
- joint_x
- joint_y
position:
- 0.0
- 0.0
velocity:
- 0.0
- 0.0
effort:
- .nan
- .nan
---
header:
  stamp:
    sec: 1791165484
    nanosec: 783174173
  frame_id: base_link
name:
- joint_x
- joint_y
position:
- 0.0
- 0.0
velocity:
- 0.0
- 0.0
effort:
- .nan
- .nan
---
header:
  stamp:
    sec: 1791165484
    nanosec: 803176869
  frame_id: base_link
name:
- joint_x
- joint_y
position:
- 0.0
- 0.0
velocity:
- 0.0
- 0.0
effort:
- .nan
- .nan
---
header:
  stamp:
    sec: 1791165484
    nanosec: 823265349
  frame_id: base_link
name:
- joint_x
- joint_y
position:
- 0.0
- 0.0
velocity:
- 0.0
- 0.0
effort:
- .nan
- .nan
---
header:
  stamp:
    sec: 1791165484
    nanosec: 843178471
  frame_id: base_link
name:
- joint_x
- joint_y
position:
- 0.0
- 0.0
velocity:
- 0.0
- 0.0
effort:
- .nan
- .nan
---
header:
  stamp:
    sec: 1791165484
    nanosec: 863173294
  frame_id: base_link
name:
- joint_x
- joint_y
position:
- 0.0
- 0.0
velocity:
- 0.0
- 0.0
effort:
- .nan
- .nan
---
header:
  stamp:
    sec: 1791165484
    nanosec: 883178880
  frame_id: base_link
name:
- joint_x
- joint_y
position:
- 0.0
- 0.0
velocity:
- 0.0
- 0.0
effort:
- .nan
- .nan
---
header:
  stamp:
    sec: 1791165484
    nanosec: 903182580
  frame_id: base_link
name:
- joint_x
- joint_y
position:
- 0.0
- 0.0
velocity:
- 0.0
- 0.0
effort:
- .nan
- .nan
---
header:
  stamp:
    sec: 1791165484
    nanosec: 923214861
  frame_id: base_link
name:
- joint_x
- joint_y
position:
- 0.0
- 0.0
velocity:
- 0.0
- 0.0
effort:
- .nan
- .nan
---
header:
  stamp:
    sec: 1791165484
    nanosec: 943178508
  frame_id: base_link
name:
- joint_x
- joint_y
position:
- 0.0
- 0.0
velocity:
- 0.0
- 0.0
effort:
- .nan
- .nan
---
header:
  stamp:
    sec: 1791165484
    nanosec: 963175191
  frame_id: base_link
name:
- joint_x
- joint_y
position:
- 0.0
- 0.0
velocity:
- 0.0
- 0.0
effort:
- .nan
- .nan
---
header:
  stamp:
    sec: 1791165484
    nanosec: 983244321
  frame_id: base_link
name:
- joint_x
- joint_y
position:
- 0.0
- 0.0
velocity:
- 0.0
- 0.0
effort:
- .nan
- .nan
---
header:
  stamp:
    sec: 1791165485
    nanosec: 3215944
  frame_id: base_link
name:
- joint_x
- joint_y
position:
- 0.0
- 0.0
velocity:
- 0.0
- 0.0
effort:
- .nan
- .nan
---
header:
  stamp:
    sec: 1791165485
    nanosec: 23216004
  frame_id: base_link
name:
- joint_x
- joint_y
position:
- 0.0
- 0.0
velocity:
- 0.0
- 0.0
effort:
- .nan
- .nan
---
header:
  stamp:
    sec: 1791165485
    nanosec: 43217247
  frame_id: base_link
name:
- joint_x
- joint_y
position:
- 0.0
- 0.0
velocity:
- 0.0
- 0.0
effort:
- .nan
- .nan
---
header:
  stamp:
    sec: 1791165485
    nanosec: 63201234
  frame_id: base_link
name:
- joint_x
- joint_y
position:
- 0.0
- 0.0
velocity:
- 0.0
- 0.0
effort:
- .nan
- .nan
---
header:
  stamp:
    sec: 1791165485
    nanosec: 83235704
  frame_id: base_link
name:
- joint_x
- joint_y
position:
- 0.0
- 0.0
velocity:
- 0.0
- 0.0
effort:
- .nan
- .nan
---
header:
  stamp:
    sec: 1791165485
    nanosec: 103213287
  frame_id: base_link
name:
- joint_x
- joint_y
position:
- 0.0
- 0.0
velocity:
- 0.0
- 0.0
effort:
- .nan
- .nan
---
header:
  stamp:
    sec: 1791165485
    nanosec: 123247465
  frame_id: base_link
name:
- joint_x
- joint_y
position:
- 0.0
- 0.0
velocity:
- 0.0
- 0.0
effort:
- .nan
- .nan
---
header:
  stamp:
    sec: 1791165485
    nanosec: 143205992
  frame_id: base_link
name:
- joint_x
- joint_y
position:
- 0.0
- 0.0
velocity:
- 0.0
- 0.0
effort:
- .nan
- .nan
---
header:
  stamp:
    sec: 1791165485
    nanosec: 163206064
  frame_id: base_link
name:
- joint_x
- joint_y
position:
- 0.0
- 0.0
velocity:
- 0.0
- 0.0
effort:
- .nan
- .nan
---
header:
  stamp:
    sec: 1791165485
    nanosec: 183190754
  frame_id: base_link
name:
- joint_x
- joint_y
position:
- 0.0
- 0.0
velocity:
- 0.0
- 0.0
effort:
- .nan
- .nan
---
header:
  stamp:
    sec: 1791165485
    nanosec: 203190663
  frame_id: base_link
name:
- joint_x
- joint_y
position:
- 0.0
- 0.0
velocity:
- 0.0
- 0.0
effort:
- .nan
- .nan
---
header:
  stamp:
    sec: 1791165485
    nanosec: 223194974
  frame_id: base_link
name:
- joint_x
- joint_y
position:
- 0.0
- 0.0
velocity:
- 0.0
- 0.0
effort:
- .nan
- .nan
---
header:
  stamp:
    sec: 1791165485
    nanosec: 243200614
  frame_id: base_link
name:
- joint_x
- joint_y
position:
- 0.0
- 0.0
velocity:
- 0.0
- 0.0
effort:
- .nan
- .nan
---
header:
  stamp:
    sec: 1791165485
    nanosec: 263219464
  frame_id: base_link
name:
- joint_x
- joint_y
position:
- 0.0
- 0.0
velocity:
- 0.0
- 0.0
effort:
- .nan
- .nan
---
header:
  stamp:
    sec: 1791165485
    nanosec: 283202956
  frame_id: base_link
name:
- joint_x
- joint_y
position:
- 0.0
- 0.0
velocity:
- 0.0
- 0.0
effort:
- .nan
- .nan
---
header:
  stamp:
    sec: 1791165485
    nanosec: 303211495
  frame_id: base_link
name:
- joint_x
- joint_y
position:
- 0.0
- 0.0
velocity:
- 0.0
- 0.0
effort:
- .nan
- .nan
---
header:
  stamp:
    sec: 1791165485
    nanosec: 323199431
  frame_id: base_link
name:
- joint_x
- joint_y
position:
- 0.0
- 0.0
velocity:
- 0.0
- 0.0
effort:
- .nan
- .nan
---
header:
  stamp:
    sec: 1791165485
    nanosec: 343187511
  frame_id: base_link
name:
- joint_x
- joint_y
position:
- 0.0
- 0.0
velocity:
- 0.0
- 0.0
effort:
- .nan
- .nan
---
header:
  stamp:
    sec: 1791165485
    nanosec: 363192758
  frame_id: base_link
name:
- joint_x
- joint_y
position:
- 0.0
- 0.0
velocity:
- 0.0
- 0.0
effort:
- .nan
- .nan
---
header:
  stamp:
    sec: 1791165485
    nanosec: 383182006
  frame_id: base_link
name:
- joint_x
- joint_y
position:
- 0.0
- 0.0
velocity:
- 0.0
- 0.0
effort:
- .nan
- .nan
---
header:
  stamp:
    sec: 1791165485
    nanosec: 403210468
  frame_id: base_link
name:
- joint_x
- joint_y
position:
- 0.0
- 0.0
velocity:
- 0.0
- 0.0
effort:
- .nan
- .nan
---
header:
  stamp:
    sec: 1791165485
    nanosec: 423210137
  frame_id: base_link
name:
- joint_x
- joint_y
position:
- 0.0
- 0.0
velocity:
- 0.0
- 0.0
effort:
- .nan
- .nan
---
header:
  stamp:
    sec: 1791165485
    nanosec: 443207353
  frame_id: base_link
name:
- joint_x
- joint_y
position:
- 0.0
- 0.0
velocity:
- 0.0
- 0.0
effort:
- .nan
- .nan
---
header:
  stamp:
    sec: 1791165485
    nanosec: 463208490
  frame_id: base_link
name:
- joint_x
- joint_y
position:
- 0.0
- 0.0
velocity:
- 0.0
- 0.0
effort:
- .nan
- .nan
---
header:
  stamp:
    sec: 1791165485
    nanosec: 483206649
  frame_id: base_link
name:
- joint_x
- joint_y
position:
- 0.0
- 0.0
velocity:
- 0.0
- 0.0
effort:
- .nan
- .nan
---
header:
  stamp:
    sec: 1791165485
    nanosec: 503204621
  frame_id: base_link
name:
- joint_x
- joint_y
position:
- 0.0
- 0.0
velocity:
- 0.0
- 0.0
effort:
- .nan
- .nan
---
header:
  stamp:
    sec: 1791165485
    nanosec: 523207866
  frame_id: base_link
name:
- joint_x
- joint_y
position:
- 0.0
- 0.0
velocity:
- 0.0
- 0.0
effort:
- .nan
- .nan
---
header:
  stamp:
    sec: 1791165485
    nanosec: 543206275
  frame_id: base_link
name:
- joint_x
- joint_y
position:
- 0.0
- 0.0
velocity:
- 0.0
- 0.0
effort:
- .nan
- .nan
---
header:
  stamp:
    sec: 1791165485
    nanosec: 563216256
  frame_id: base_link
name:
- joint_x
- joint_y
position:
- 0.0
- 0.0
velocity:
- 0.0
- 0.0
effort:
- .nan
- .nan
---
header:
  stamp:
    sec: 1791165485
    nanosec: 583215670
  frame_id: base_link
name:
- joint_x
- joint_y
position:
- 0.0
- 0.0
velocity:
- 0.0
- 0.0
effort:
- .nan
- .nan
---
header:
  stamp:
    sec: 1791165485
    nanosec: 603206676
  frame_id: base_link
name:
- joint_x
- joint_y
position:
- 0.0
- 0.0
velocity:
- 0.0
- 0.0
effort:
- .nan
- .nan
---
header:
  stamp:
    sec: 1791165485
    nanosec: 623211220
  frame_id: base_link
name:
- joint_x
- joint_y
position:
- 0.0
- 0.0
velocity:
- 0.0
- 0.0
effort:
- .nan
- .nan
---
header:
  stamp:
    sec: 1791165485
    nanosec: 643216017
  frame_id: base_link
name:
- joint_x
- joint_y
position:
- 0.0
- 0.0
velocity:
- 0.0
- 0.0
effort:
- .nan
- .nan
---
header:
  stamp:
    sec: 1791165485
    nanosec: 663204869
  frame_id: base_link
name:
- joint_x
- joint_y
position:
- 0.0
- 0.0
velocity:
- 0.0
- 0.0
effort:
- .nan
- .nan
---
header:
  stamp:
    sec: 1791165485
    nanosec: 683201643
  frame_id: base_link
name:
- joint_x
- joint_y
position:
- 0.0
- 0.0
velocity:
- 0.0
- 0.0
effort:
- .nan
- .nan
---
header:
  stamp:
    sec: 1791165485
    nanosec: 703199174
  frame_id: base_link
name:
- joint_x
- joint_y
position:
- 0.0
- 0.0
velocity:
- 0.0
- 0.0
effort:
- .nan
- .nan
---
header:
  stamp:
    sec: 1791165485
    nanosec: 723197765
  frame_id: base_link
name:
- joint_x
- joint_y
position:
- 0.0
- 0.0
velocity:
- 0.0
- 0.0
effort:
- .nan
- .nan
---
header:
  stamp:
    sec: 1791165485
    nanosec: 743201332
  frame_id: base_link
name:
- joint_x
- joint_y
position:
- 0.0
- 0.0
velocity:
- 0.0
- 0.0
effort:
- .nan
- .nan
---
header:
  stamp:
    sec: 1791165485
    nanosec: 763201075
  frame_id: base_link
name:
- joint_x
- joint_y
position:
- 0.0
- 0.0
velocity:
- 0.0
- 0.0
effort:
- .nan
- .nan
---
header:
  stamp:
    sec: 1791165485
    nanosec: 783205536
  frame_id: base_link
name:
- joint_x
- joint_y
position:
- 0.0
- 0.0
velocity:
- 0.0
- 0.0
effort:
- .nan
- .nan
---
header:
  stamp:
    sec: 1791165485
    nanosec: 803167248
  frame_id: base_link
name:
- joint_x
- joint_y
position:
- 0.0
- 0.0
velocity:
- 0.0
- 0.0
effort:
- .nan
- .nan
---
header:
  stamp:
    sec: 1791165485
    nanosec: 823208694
  frame_id: base_link
name:
- joint_x
- joint_y
position:
- 0.0
- 0.0
velocity:
- 0.0
- 0.0
effort:
- .nan
- .nan
---
header:
  stamp:
    sec: 1791165485
    nanosec: 843221003
  frame_id: base_link
name:
- joint_x
- joint_y
position:
- 0.0
- 0.0
velocity:
- 0.0
- 0.0
effort:
- .nan
- .nan
---
header:
  stamp:
    sec: 1791165485
    nanosec: 863213607
  frame_id: base_link
name:
- joint_x
- joint_y
position:
- 0.0
- 0.0
velocity:
- 0.0
- 0.0
effort:
- .nan
- .nan
---
header:
  stamp:
    sec: 1791165485
    nanosec: 883312308
  frame_id: base_link
name:
- joint_x
- joint_y
position:
- 0.0
- 0.0
velocity:
- 0.0
- 0.0
effort:
- .nan
- .nan
---
header:
  stamp:
    sec: 1791165485
    nanosec: 903286904
  frame_id: base_link
name:
- joint_x
- joint_y
position:
- 0.0
- 0.0
velocity:
- 0.0
- 0.0
effort:
- .nan
- .nan
---
header:
  stamp:
    sec: 1791165485
    nanosec: 923789730
  frame_id: base_link
name:
- joint_x
- joint_y
position:
- 0.0
- 0.0
velocity:
- 0.0
- 0.0
effort:
- .nan
- .nan
---
header:
  stamp:
    sec: 1791165485
    nanosec: 943187860
  frame_id: base_link
name:
- joint_x
- joint_y
position:
- 0.0
- 0.0
velocity:
- 0.0
- 0.0
effort:
- .nan
- .nan
---
header:
  stamp:
    sec: 1791165485
    nanosec: 963204562
  frame_id: base_link
name:
- joint_x
- joint_y
position:
- 0.0
- 0.0
velocity:
- 0.0
- 0.0
effort:
- .nan
- .nan
---
header:
  stamp:
    sec: 1791165485
    nanosec: 983310602
  frame_id: base_link
name:
- joint_x
- joint_y
position:
- 0.0
- 0.0
velocity:
- 0.0
- 0.0
effort:
- .nan
- .nan
---
header:
  stamp:
    sec: 1791165486
    nanosec: 3214679
  frame_id: base_link
name:
- joint_x
- joint_y
position:
- 0.0
- 0.0
velocity:
- 0.0
- 0.0
effort:
- .nan
- .nan
---
header:
  stamp:
    sec: 1791165486
    nanosec: 23212352
  frame_id: base_link
name:
- joint_x
- joint_y
position:
- 0.0
- 0.0
velocity:
- 0.0
- 0.0
effort:
- .nan
- .nan
---
header:
  stamp:
    sec: 1791165486
    nanosec: 43291973
  frame_id: base_link
name:
- joint_x
- joint_y
position:
- 0.0
- 0.0
velocity:
- 0.0
- 0.0
effort:
- .nan
- .nan
---
header:
  stamp:
    sec: 1791165486
    nanosec: 63242377
  frame_id: base_link
name:
- joint_x
- joint_y
position:
- 0.0
- 0.0
velocity:
- 0.0
- 0.0
effort:
- .nan
- .nan
---
header:
  stamp:
    sec: 1791165486
    nanosec: 83188391
  frame_id: base_link
name:
- joint_x
- joint_y
position:
- 0.0
- 0.0
velocity:
- 0.0
- 0.0
effort:
- .nan
- .nan
---
header:
  stamp:
    sec: 1791165486
    nanosec: 103190428
  frame_id: base_link
name:
- joint_x
- joint_y
position:
- 0.0
- 0.0
velocity:
- 0.0
- 0.0
effort:
- .nan
- .nan
---
header:
  stamp:
    sec: 1791165486
    nanosec: 123196476
  frame_id: base_link
name:
- joint_x
- joint_y
position:
- 0.0
- 0.0
velocity:
- 0.0
- 0.0
effort:
- .nan
- .nan
---
header:
  stamp:
    sec: 1791165486
    nanosec: 143181221
  frame_id: base_link
name:
- joint_x
- joint_y
position:
- 0.0
- 0.0
velocity:
- 0.0
- 0.0
effort:
- .nan
- .nan
---
header:
  stamp:
    sec: 1791165486
    nanosec: 163182235
  frame_id: base_link
name:
- joint_x
- joint_y
position:
- 0.0
- 0.0
velocity:
- 0.0
- 0.0
effort:
- .nan
- .nan
---
header:
  stamp:
    sec: 1791165486
    nanosec: 183191555
  frame_id: base_link
name:
- joint_x
- joint_y
position:
- 0.0
- 0.0
velocity:
- 0.0
- 0.0
effort:
- .nan
- .nan
---
header:
  stamp:
    sec: 1791165486
    nanosec: 203200213
  frame_id: base_link
name:
- joint_x
- joint_y
position:
- 0.0
- 0.0
velocity:
- 0.0
- 0.0
effort:
- .nan
- .nan
---
header:
  stamp:
    sec: 1791165486
    nanosec: 223189220
  frame_id: base_link
name:
- joint_x
- joint_y
position:
- 0.0
- 0.0
velocity:
- 0.0
- 0.0
effort:
- .nan
- .nan
---
header:
  stamp:
    sec: 1791165486
    nanosec: 243188699
  frame_id: base_link
name:
- joint_x
- joint_y
position:
- 0.0
- 0.0
velocity:
- 0.0
- 0.0
effort:
- .nan
- .nan
---
header:
  stamp:
    sec: 1791165486
    nanosec: 263195292
  frame_id: base_link
name:
- joint_x
- joint_y
position:
- 0.0
- 0.0
velocity:
- 0.0
- 0.0
effort:
- .nan
- .nan
---
header:
  stamp:
    sec: 1791165486
    nanosec: 283191399
  frame_id: base_link
name:
- joint_x
- joint_y
position:
- 0.0
- 0.0
velocity:
- 0.0
- 0.0
effort:
- .nan
- .nan
---
header:
  stamp:
    sec: 1791165486
    nanosec: 303182483
  frame_id: base_link
name:
- joint_x
- joint_y
position:
- 0.0
- 0.0
velocity:
- 0.0
- 0.0
effort:
- .nan
- .nan
---
header:
  stamp:
    sec: 1791165486
    nanosec: 323200449
  frame_id: base_link
name:
- joint_x
- joint_y
position:
- 0.0
- 0.0
velocity:
- 0.0
- 0.0
effort:
- .nan
- .nan
---
header:
  stamp:
    sec: 1791165486
    nanosec: 343205543
  frame_id: base_link
name:
- joint_x
- joint_y
position:
- 0.0
- 0.0
velocity:
- 0.0
- 0.0
effort:
- .nan
- .nan
---
header:
  stamp:
    sec: 1791165486
    nanosec: 363200357
  frame_id: base_link
name:
- joint_x
- joint_y
position:
- 0.0
- 0.0
velocity:
- 0.0
- 0.0
effort:
- .nan
- .nan
---
header:
  stamp:
    sec: 1791165486
    nanosec: 383200596
  frame_id: base_link
name:
- joint_x
- joint_y
position:
- 0.0
- 0.0
velocity:
- 0.0
- 0.0
effort:
- .nan
- .nan
---
header:
  stamp:
    sec: 1791165486
    nanosec: 403198169
  frame_id: base_link
name:
- joint_x
- joint_y
position:
- 0.0
- 0.0
velocity:
- 0.0
- 0.0
effort:
- .nan
- .nan
---
header:
  stamp:
    sec: 1791165486
    nanosec: 423193896
  frame_id: base_link
name:
- joint_x
- joint_y
position:
- 0.0
- 0.0
velocity:
- 0.0
- 0.0
effort:
- .nan
- .nan
---
header:
  stamp:
    sec: 1791165486
    nanosec: 443196621
  frame_id: base_link
name:
- joint_x
- joint_y
position:
- 0.0
- 0.0
velocity:
- 0.0
- 0.0
effort:
- .nan
- .nan
---
header:
  stamp:
    sec: 1791165486
    nanosec: 463221366
  frame_id: base_link
name:
- joint_x
- joint_y
position:
- 0.0
- 0.0
velocity:
- 0.0
- 0.0
effort:
- .nan
- .nan
---
header:
  stamp:
    sec: 1791165486
    nanosec: 483200398
  frame_id: base_link
name:
- joint_x
- joint_y
position:
- 0.0
- 0.0
velocity:
- 0.0
- 0.0
effort:
- .nan
- .nan
---
header:
  stamp:
    sec: 1791165486
    nanosec: 503197421
  frame_id: base_link
name:
- joint_x
- joint_y
position:
- 6.24999984211172e-06
- 6.24999984211172e-06
velocity:
- 0.0003124999930150807
- 0.0003124999930150807
effort:
- .nan
- .nan
---
header:
  stamp:
    sec: 1791165486
    nanosec: 523212070
  frame_id: base_link
name:
- joint_x
- joint_y
position:
- 3.125000148429535e-05
- 3.125000148429535e-05
velocity:
- 0.0012499999720603228
- 0.0012499999720603228
effort:
- .nan
- .nan
---
header:
  stamp:
    sec: 1791165486
    nanosec: 543187406
  frame_id: base_link
name:
- joint_x
- joint_y
position:
- 7.500000356230885e-05
- 7.500000356230885e-05
velocity:
- 0.0020833334419876337
- 0.0020833334419876337
effort:
- .nan
- .nan
---
header:
  stamp:
    sec: 1791165486
    nanosec: 563200588
  frame_id: base_link
name:
- joint_x
- joint_y
position:
- 0.00014375000318977982
- 0.00014375000318977982
velocity:
- 0.0034374999813735485
- 0.0034374999813735485
effort:
- .nan
- .nan
---
header:
  stamp:
    sec: 1791165486
    nanosec: 583198555
  frame_id: base_link
name:
- joint_x
- joint_y
position:
- 0.00021875000675208867
- 0.00021875000675208867
velocity:
- 0.0037499999161809683
- 0.0037499999161809683
effort:
- .nan
- .nan
---
header:
  stamp:
    sec: 1791165486
    nanosec: 603206158
  frame_id: base_link
name:
- joint_x
- joint_y
position:
- 0.0003124999930150807
- 0.0003124999930150807
velocity:
- 0.004687500186264515
- 0.004687500186264515
effort:
- .nan
- .nan
---
header:
  stamp:
    sec: 1791165486
    nanosec: 623202483
  frame_id: base_link
name:
- joint_x
- joint_y
position:
- 0.00041874998714774847
- 0.00041874998714774847
velocity:
- 0.0053125000558793545
- 0.0053125000558793545
effort:
- .nan
- .nan
---
header:
  stamp:
    sec: 1791165486
    nanosec: 643198197
  frame_id: base_link
name:
- joint_x
- joint_y
position:
- 0.0005375000182539225
- 0.0005375000182539225
velocity:
- 0.005937499925494194
- 0.005937499925494194
effort:
- .nan
- .nan
---
header:
  stamp:
    sec: 1791165486
    nanosec: 663201747
  frame_id: base_link
name:
- joint_x
- joint_y
position:
- 0.0006750000175088644
- 0.0006750000175088644
velocity:
- 0.0065476191230118275
- 0.0065476191230118275
effort:
- .nan
- .nan
---
header:
  stamp:
    sec: 1791165486
    nanosec: 683200726
  frame_id: base_link
name:
- joint_x
- joint_y
position:
- 0.0008312499849125743
- 0.0008312499849125743
velocity:
- 0.0078125
- 0.0078125
effort:
- .nan
- .nan
---
header:
  stamp:
    sec: 1791165486
    nanosec: 703197021
  frame_id: base_link
name:
- joint_x
- joint_y
position:
- 0.0009937500581145287
- 0.0009937500581145287
velocity:
- 0.008124999701976776
- 0.008124999701976776
effort:
- .nan
- .nan
---
header:
  stamp:
    sec: 1791165486
    nanosec: 723192592
  frame_id: base_link
name:
- joint_x
- joint_y
position:
- 0.0013500000350177288
- 0.0013500000350177288
velocity:
- 0.00937500037252903
- 0.00937500037252903
effort:
- .nan
- .nan
---
header:
  stamp:
    sec: 1791165486
    nanosec: 743183765
  frame_id: base_link
name:
- joint_x
- joint_y
position:
- 0.0015562500339001417
- 0.0015562500339001417
velocity:
- 0.010312500409781933
- 0.009999999776482582
effort:
- .nan
- .nan
---
header:
  stamp:
    sec: 1791165486
    nanosec: 763213398
  frame_id: base_link
name:
- joint_x
- joint_y
position:
- 0.0017625000327825546
- 0.0017625000327825546
velocity:
- 0.010312500409781933
- 0.010625000111758709
effort:
- .nan
- .nan
---
header:
  stamp:
    sec: 1791165486
    nanosec: 783217749
  frame_id: base_link
name:
- joint_x
- joint_y
position:
- 0.001981250010430813
- 0.001981250010430813
velocity:
- 0.010937499813735485
- 0.010625000111758709
effort:
- .nan
- .nan
---
header:
  stamp:
    sec: 1791165486
    nanosec: 803297972
  frame_id: base_link
name:
- joint_x
- joint_y
position:
- 0.0022062500938773155
- 0.0022062500938773155
velocity:
- 0.011250000447034836
- 0.011562500149011612
effort:
- .nan
- .nan
---
header:
  stamp:
    sec: 1791165486
    nanosec: 823166644
  frame_id: base_link
name:
- joint_x
- joint_y
position:
- 0.00244374992325902
- 0.00244374992325902
velocity:
- 0.011874999850988388
- 0.011874999850988388
effort:
- .nan
- .nan
---
header:
  stamp:
    sec: 1791165486
    nanosec: 843221841
  frame_id: base_link
name:
- joint_x
- joint_y
position:
- 0.0027062499430030584
- 0.0027062499430030584
velocity:
- 0.012500000186264515
- 0.012500000186264515
effort:
- .nan
- .nan
---
header:
  stamp:
    sec: 1791165486
    nanosec: 863220234
  frame_id: base_link
name:
- joint_x
- joint_y
position:
- 0.0029750000685453415
- 0.0029750000685453415
velocity:
- 0.013437500223517418
- 0.013437500223517418
effort:
- .nan
- .nan
---
header:
  stamp:
    sec: 1791165486
    nanosec: 883162363
  frame_id: base_link
name:
- joint_x
- joint_y
position:
- 0.003243749961256981
- 0.003243749961256981
velocity:
- 0.013437500223517418
- 0.013437500223517418
effort:
- .nan
- .nan
---
header:
  stamp:
    sec: 1791165486
    nanosec: 903209952
  frame_id: base_link
name:
- joint_x
- joint_y
position:
- 0.0035187499597668648
- 0.0035187499597668648
velocity:
- 0.013749999925494194
- 0.013749999925494194
effort:
- .nan
- .nan
---
header:
  stamp:
    sec: 1791165486
    nanosec: 923182215
  frame_id: base_link
name:
- joint_x
- joint_y
position:
- 0.003806249937042594
- 0.003806249937042594
velocity:
- 0.014375000260770321
- 0.014375000260770321
effort:
- .nan
- .nan
---
header:
  stamp:
    sec: 1791165486
    nanosec: 943180235
  frame_id: base_link
name:
- joint_x
- joint_y
position:
- 0.0041125002317130566
- 0.0041125002317130566
velocity:
- 0.014583333395421505
- 0.014583333395421505
effort:
- .nan
- .nan
---
header:
  stamp:
    sec: 1791165486
    nanosec: 963219175
  frame_id: base_link
name:
- joint_x
- joint_y
position:
- 0.004737500101327896
- 0.004737500101327896
velocity:
- 0.015312500298023224
- 0.015312500298023224
effort:
- .nan
- .nan
---
header:
  stamp:
    sec: 1791165486
    nanosec: 983198117
  frame_id: base_link
name:
- joint_x
- joint_y
position:
- 0.005056249909102917
- 0.005049999803304672
velocity:
- 0.016249999403953552
- 0.015937499701976776
effort:
- .nan
- .nan
---
header:
  stamp:
    sec: 1791165487
    nanosec: 3196530
  frame_id: base_link
name:
- joint_x
- joint_y
position:
- 0.005375000182539225
- 0.005375000182539225
velocity:
- 0.015937499701976776
- 0.016249999403953552
effort:
- .nan
- .nan
---
header:
  stamp:
    sec: 1791165487
    nanosec: 23207149
  frame_id: base_link
name:
- joint_x
- joint_y
position:
- 0.005706250201910734
- 0.005706250201910734
velocity:
- 0.01656249910593033
- 0.01656249910593033
effort:
- .nan
- .nan
---
header:
  stamp:
    sec: 1791165487
    nanosec: 43183464
  frame_id: base_link
name:
- joint_x
- joint_y
position:
- 0.006062500178813934
- 0.006062500178813934
velocity:
- 0.017812499776482582
- 0.017812499776482582
effort:
- .nan
- .nan
---
header:
  stamp:
    sec: 1791165487
    nanosec: 63226417
  frame_id: base_link
name:
- joint_x
- joint_y
position:
- 0.0064062499441206455
- 0.0064062499441206455
velocity:
- 0.01718750037252903
- 0.016875000670552254
effort:
- .nan
- .nan
---
header:
  stamp:
    sec: 1791165487
    nanosec: 83196522
  frame_id: base_link
name:
- joint_x
- joint_y
position:
- 0.006750000175088644
- 0.006756249815225601
velocity:
- 0.01718750037252903
- 0.017500000074505806
effort:
- .nan
- .nan
---
header:
  stamp:
    sec: 1791165487
    nanosec: 103190513
  frame_id: base_link
name:
- joint_x
- joint_y
position:
- 0.007106250151991844
- 0.007106250151991844
velocity:
- 0.017812499776482582
- 0.017812499776482582
effort:
- .nan
- .nan
---
header:
  stamp:
    sec: 1791165487
    nanosec: 123204238
  frame_id: base_link
name:
- joint_x
- joint_y
position:
- 0.007462500128895044
- 0.0074687497690320015
velocity:
- 0.017812499776482582
- 0.017812499776482582
effort:
- .nan
- .nan
---
header:
  stamp:
    sec: 1791165487
    nanosec: 143199464
  frame_id: base_link
name:
- joint_x
- joint_y
position:
- 0.007856249809265137
- 0.007856249809265137
velocity:
- 0.019375000149011612
- 0.019687499850988388
effort:
- .nan
- .nan
---
header:
  stamp:
    sec: 1791165487
    nanosec: 163201820
  frame_id: base_link
name:
- joint_x
- joint_y
position:
- 0.008225000463426113
- 0.008225000463426113
velocity:
- 0.018437499180436134
- 0.018437499180436134
effort:
- .nan
- .nan
---
header:
  stamp:
    sec: 1791165487
    nanosec: 183202115
  frame_id: base_link
name:
- joint_x
- joint_y
position:
- 0.008975000120699406
- 0.008975000120699406
velocity:
- 0.01875000074505806
- 0.01875000074505806
effort:
- .nan
- .nan
---
header:
  stamp:
    sec: 1791165487
    nanosec: 203203588
  frame_id: base_link
name:
- joint_x
- joint_y
position:
- 0.00937500037252903
- 0.00937500037252903
velocity:
- 0.01904761977493763
- 0.0193452388048172
effort:
- .nan
- .nan
---
header:
  stamp:
    sec: 1791165487
    nanosec: 223205040
  frame_id: base_link
name:
- joint_x
- joint_y
position:
- 0.009781249798834324
- 0.009781249798834324
velocity:
- 0.02031249925494194
- 0.02031249925494194
effort:
- .nan
- .nan
---
header:
  stamp:
    sec: 1791165487
    nanosec: 243185056
  frame_id: base_link
name:
- joint_x
- joint_y
position:
- 0.010174999944865704
- 0.010168749839067459
velocity:
- 0.019687499850988388
- 0.019375000149011612
effort:
- .nan
- .nan
---
header:
  stamp:
    sec: 1791165487
    nanosec: 263193382
  frame_id: base_link
name:
- joint_x
- joint_y
position:
- 0.010568750090897083
- 0.010568750090897083
velocity:
- 0.019687499850988388
- 0.019999999552965164
effort:
- .nan
- .nan
---
header:
  stamp:
    sec: 1791165487
    nanosec: 283187009
  frame_id: base_link
name:
- joint_x
- joint_y
position:
- 0.010968750342726707
- 0.010968750342726707
velocity:
- 0.019999999552965164
- 0.019999999552965164
effort:
- .nan
- .nan
---
header:
  stamp:
    sec: 1791165487
    nanosec: 303179847
  frame_id: base_link
name:
- joint_x
- joint_y
position:
- 0.011368749663233757
- 0.011368749663233757
velocity:
- 0.019999999552965164
- 0.019999999552965164
effort:
- .nan
- .nan
---
header:
  stamp:
    sec: 1791165487
    nanosec: 323211046
  frame_id: base_link
name:
- joint_x
- joint_y
position:
- 0.011793750338256359
- 0.011793750338256359
velocity:
- 0.02023809589445591
- 0.02023809589445591
effort:
- .nan
- .nan
---
header:
  stamp:
    sec: 1791165487
    nanosec: 343190915
  frame_id: base_link
name:
- joint_x
- joint_y
position:
- 0.012218750081956387
- 0.012218750081956387
velocity:
- 0.021250000223517418
- 0.021250000223517418
effort:
- .nan
- .nan
---
header:
  stamp:
    sec: 1791165487
    nanosec: 363183855
  frame_id: base_link
name:
- joint_x
- joint_y
position:
- 0.012625000439584255
- 0.012625000439584255
velocity:
- 0.02031249925494194
- 0.019999999552965164
effort:
- .nan
- .nan
---
header:
  stamp:
    sec: 1791165487
    nanosec: 383195660
  frame_id: base_link
name:
- joint_x
- joint_y
position:
- 0.01303124986588955
- 0.01303124986588955
velocity:
- 0.02031249925494194
- 0.02031249925494194
effort:
- .nan
- .nan
---
header:
  stamp:
    sec: 1791165487
    nanosec: 403218750
  frame_id: base_link
name:
- joint_x
- joint_y
position:
- 0.013437500223517418
- 0.013437500223517418
velocity:
- 0.02031249925494194
- 0.020625000819563866
effort:
- .nan
- .nan
---
header:
  stamp:
    sec: 1791165487
    nanosec: 423200916
  frame_id: base_link
name:
- joint_x
- joint_y
position:
- 0.013862499967217445
- 0.013862499967217445
velocity:
- 0.02023809589445591
- 0.02023809589445591
effort:
- .nan
- .nan
---
header:
  stamp:
    sec: 1791165487
    nanosec: 443193990
  frame_id: base_link
name:
- joint_x
- joint_y
position:
- 0.01470625028014183
- 0.01470625028014183
velocity:
- 0.020625000819563866
- 0.020625000819563866
effort:
- .nan
- .nan
---
header:
  stamp:
    sec: 1791165487
    nanosec: 463185688
  frame_id: base_link
name:
- joint_x
- joint_y
position:
- 0.015118749812245369
- 0.015118749812245369
velocity:
- 0.020625000819563866
- 0.020625000819563866
effort:
- .nan
- .nan
---
header:
  stamp:
    sec: 1791165487
    nanosec: 483183076
  frame_id: base_link
name:
- joint_x
- joint_y
position:
- 0.015531250275671482
- 0.015531250275671482
velocity:
- 0.020625000819563866
- 0.020625000819563866
effort:
- .nan
- .nan
---
header:
  stamp:
    sec: 1791165487
    nanosec: 503214740
  frame_id: base_link
name:
- joint_x
- joint_y
position:
- 0.015937499701976776
- 0.015937499701976776
velocity:
- 0.02031249925494194
- 0.02031249925494194
effort:
- .nan
- .nan
---
header:
  stamp:
    sec: 1791165487
    nanosec: 523202376
  frame_id: base_link
name:
- joint_x
- joint_y
position:
- 0.016368750482797623
- 0.016374999657273293
velocity:
- 0.021562499925494194
- 0.021562499925494194
effort:
- .nan
- .nan
---
header:
  stamp:
    sec: 1791165487
    nanosec: 543189772
  frame_id: base_link
name:
- joint_x
- joint_y
position:
- 0.01678125001490116
- 0.01678125001490116
velocity:
- 0.020625000819563866
- 0.02031249925494194
effort:
- .nan
- .nan
---
header:
  stamp:
    sec: 1791165487
    nanosec: 563205003
  frame_id: base_link
name:
- joint_x
- joint_y
position:
- 0.01718750037252903
- 0.01718750037252903
velocity:
- 0.02031249925494194
- 0.020625000819563866
effort:
- .nan
- .nan
---
header:
  stamp:
    sec: 1791165487
    nanosec: 583200621
  frame_id: base_link
name:
- joint_x
- joint_y
position:
- 0.01759999990463257
- 0.01759999990463257
velocity:
- 0.02031249925494194
- 0.02031249925494194
effort:
- .nan
- .nan
---
header:
  stamp:
    sec: 1791165487
    nanosec: 603200067
  frame_id: base_link
name:
- joint_x
- joint_y
position:
- 0.018006250262260437
- 0.018006250262260437
velocity:
- 0.02031249925494194
- 0.02031249925494194
effort:
- .nan
- .nan
---
header:
  stamp:
    sec: 1791165487
    nanosec: 623185089
  frame_id: base_link
name:
- joint_x
- joint_y
position:
- 0.018431250005960464
- 0.018431250005960464
velocity:
- 0.02053571492433548
- 0.02053571492433548
effort:
- .nan
- .nan
---
header:
  stamp:
    sec: 1791165487
    nanosec: 643185710
  frame_id: base_link
name:
- joint_x
- joint_y
position:
- 0.018850000575184822
- 0.018856249749660492
velocity:
- 0.020937500521540642
- 0.020937500521540642
effort:
- .nan
- .nan
---
header:
  stamp:
    sec: 1791165487
    nanosec: 663196902
  frame_id: base_link
name:
- joint_x
- joint_y
position:
- 0.01963750086724758
- 0.01963750086724758
velocity:
- 0.019687499850988388
- 0.019375000149011612
effort:
- .nan
- .nan
---
header:
  stamp:
    sec: 1791165487
    nanosec: 683192339
  frame_id: base_link
name:
- joint_x
- joint_y
position:
- 0.020031249150633812
- 0.020031249150633812
velocity:
- 0.019687499850988388
- 0.019687499850988388
effort:
- .nan
- .nan
---
header:
  stamp:
    sec: 1791165487
    nanosec: 703182406
  frame_id: base_link
name:
- joint_x
- joint_y
position:
- 0.0204437505453825
- 0.0204437505453825
velocity:
- 0.020625000819563866
- 0.02031249925494194
effort:
- .nan
- .nan
---
header:
  stamp:
    sec: 1791165487
    nanosec: 723181214
  frame_id: base_link
name:
- joint_x
- joint_y
position:
- 0.02083124965429306
- 0.02083124965429306
velocity:
- 0.019062500447034836
- 0.019687499850988388
effort:
- .nan
- .nan
---
header:
  stamp:
    sec: 1791165487
    nanosec: 743206001
  frame_id: base_link
name:
- joint_x
- joint_y
position:
- 0.02120625041425228
- 0.02120625041425228
velocity:
- 0.019062500447034836
- 0.01875000074505806
effort:
- .nan
- .nan
---
header:
  stamp:
    sec: 1791165487
    nanosec: 763211067
  frame_id: base_link
name:
- joint_x
- joint_y
position:
- 0.021587500348687172
- 0.021587500348687172
velocity:
- 0.01875000074505806
- 0.01875000074505806
effort:
- .nan
- .nan
---
header:
  stamp:
    sec: 1791165487
    nanosec: 783198280
  frame_id: base_link
name:
- joint_x
- joint_y
position:
- 0.021962499246001244
- 0.021956250071525574
velocity:
- 0.01875000074505806
- 0.01875000074505806
effort:
- .nan
- .nan
---
header:
  stamp:
    sec: 1791165487
    nanosec: 803297319
  frame_id: base_link
name:
- joint_x
- joint_y
position:
- 0.022343749180436134
- 0.022343749180436134
velocity:
- 0.01845238171517849
- 0.01845238171517849
effort:
- .nan
- .nan
---
header:
  stamp:
    sec: 1791165487
    nanosec: 823216262
  frame_id: base_link
name:
- joint_x
- joint_y
position:
- 0.022731250151991844
- 0.022724999114871025
velocity:
- 0.019062500447034836
- 0.019062500447034836
effort:
- .nan
- .nan
---
header:
  stamp:
    sec: 1791165487
    nanosec: 843184811
  frame_id: base_link
name:
- joint_x
- joint_y
position:
- 0.023081250488758087
- 0.023081250488758087
velocity:
- 0.017812499776482582
- 0.017812499776482582
effort:
- .nan
- .nan
---
header:
  stamp:
    sec: 1791165487
    nanosec: 863192662
  frame_id: base_link
name:
- joint_x
- joint_y
position:
- 0.0234375
- 0.0234375
velocity:
- 0.017500000074505806
- 0.017500000074505806
effort:
- .nan
- .nan
---
header:
  stamp:
    sec: 1791165487
    nanosec: 883153474
  frame_id: base_link
name:
- joint_x
- joint_y
position:
- 0.023781249299645424
- 0.023781249299645424
velocity:
- 0.017500000074505806
- 0.017500000074505806
effort:
- .nan
- .nan
---
header:
  stamp:
    sec: 1791165487
    nanosec: 903199259
  frame_id: base_link
name:
- joint_x
- joint_y
position:
- 0.024137500673532486
- 0.024137500673532486
velocity:
- 0.01696428656578064
- 0.01696428656578064
effort:
- .nan
- .nan
---
header:
  stamp:
    sec: 1791165487
    nanosec: 923212140
  frame_id: base_link
name:
- joint_x
- joint_y
position:
- 0.024812500923871994
- 0.024806249886751175
velocity:
- 0.015937499701976776
- 0.016249999403953552
effort:
- .nan
- .nan
---
header:
  stamp:
    sec: 1791165487
    nanosec: 943201402
  frame_id: base_link
name:
- joint_x
- joint_y
position:
- 0.02512500062584877
- 0.02512500062584877
velocity:
- 0.015937499701976776
- 0.015937499701976776
effort:
- .nan
- .nan
---
header:
  stamp:
    sec: 1791165487
    nanosec: 963183041
  frame_id: base_link
name:
- joint_x
- joint_y
position:
- 0.025437500327825546
- 0.025437500327825546
velocity:
- 0.015625
- 0.015625
effort:
- .nan
- .nan
---
header:
  stamp:
    sec: 1791165487
    nanosec: 983205143
  frame_id: base_link
name:
- joint_x
- joint_y
position:
- 0.025743750855326653
- 0.025743750855326653
velocity:
- 0.015312500298023224
- 0.015312500298023224
effort:
- .nan
- .nan
---
header:
  stamp:
    sec: 1791165488
    nanosec: 3201112
  frame_id: base_link
name:
- joint_x
- joint_y
position:
- 0.02605625055730343
- 0.02605625055730343
velocity:
- 0.015625
- 0.015312500298023224
effort:
- .nan
- .nan
---
header:
  stamp:
    sec: 1791165488
    nanosec: 23202562
  frame_id: base_link
name:
- joint_x
- joint_y
position:
- 0.026343749836087227
- 0.026343749836087227
velocity:
- 0.014375000260770321
- 0.014375000260770321
effort:
- .nan
- .nan
---
header:
  stamp:
    sec: 1791165488
    nanosec: 43190992
  frame_id: base_link
name:
- joint_x
- joint_y
position:
- 0.026618750765919685
- 0.026624999940395355
velocity:
- 0.013749999925494194
- 0.01406249962747097
effort:
- .nan
- .nan
---
header:
  stamp:
    sec: 1791165488
    nanosec: 63186477
  frame_id: base_link
name:
- joint_x
- joint_y
position:
- 0.026893749833106995
- 0.026893749833106995
velocity:
- 0.013749999925494194
- 0.013437500223517418
effort:
- .nan
- .nan
---
header:
  stamp:
    sec: 1791165488
    nanosec: 83201944
  frame_id: base_link
name:
- joint_x
- joint_y
position:
- 0.027156250551342964
- 0.027156250551342964
velocity:
- 0.013124999590218067
- 0.013124999590218067
effort:
- .nan
- .nan
---
header:
  stamp:
    sec: 1791165488
    nanosec: 103200419
  frame_id: base_link
name:
- joint_x
- joint_y
position:
- 0.027425000444054604
- 0.027418749406933784
velocity:
- 0.013124999590218067
- 0.013437500223517418
effort:
- .nan
- .nan
---
header:
  stamp:
    sec: 1791165488
    nanosec: 123209562
  frame_id: base_link
name:
- joint_x
- joint_y
position:
- 0.027893749997019768
- 0.027893749997019768
velocity:
- 0.011562500149011612
- 0.011562500149011612
effort:
- .nan
- .nan
---
header:
  stamp:
    sec: 1791165488
    nanosec: 143192699
  frame_id: base_link
name:
- joint_x
- joint_y
position:
- 0.02811875008046627
- 0.02811875008046627
velocity:
- 0.011250000447034836
- 0.011250000447034836
effort:
- .nan
- .nan
---
header:
  stamp:
    sec: 1791165488
    nanosec: 163183784
  frame_id: base_link
name:
- joint_x
- joint_y
position:
- 0.028343750163912773
- 0.028343750163912773
velocity:
- 0.010714286006987095
- 0.010714286006987095
effort:
- .nan
- .nan
---
header:
  stamp:
    sec: 1791165488
    nanosec: 183201450
  frame_id: base_link
name:
- joint_x
- joint_y
position:
- 0.028556250035762787
- 0.028556250035762787
velocity:
- 0.010625000111758709
- 0.010625000111758709
effort:
- .nan
- .nan
---
header:
  stamp:
    sec: 1791165488
    nanosec: 203205268
  frame_id: base_link
name:
- joint_x
- joint_y
position:
- 0.028750000521540642
- 0.028750000521540642
velocity:
- 0.00937500037252903
- 0.00937500037252903
effort:
- .nan
- .nan
---
header:
  stamp:
    sec: 1791165488
    nanosec: 223208560
  frame_id: base_link
name:
- joint_x
- joint_y
position:
- 0.02892499975860119
- 0.02892499975860119
velocity:
- 0.009062499739229679
- 0.009062499739229679
effort:
- .nan
- .nan
---
header:
  stamp:
    sec: 1791165488
    nanosec: 243184216
  frame_id: base_link
name:
- joint_x
- joint_y
position:
- 0.029093749821186066
- 0.029093749821186066
velocity:
- 0.008437500335276127
- 0.008437500335276127
effort:
- .nan
- .nan
---
header:
  stamp:
    sec: 1791165488
    nanosec: 263187517
  frame_id: base_link
name:
- joint_x
- joint_y
position:
- 0.029256250709295273
- 0.029256250709295273
velocity:
- 0.0078125
- 0.008124999701976776
effort:
- .nan
- .nan
---
header:
  stamp:
    sec: 1791165488
    nanosec: 283183016
  frame_id: base_link
name:
- joint_x
- joint_y
position:
- 0.029406249523162842
- 0.029406249523162842
velocity:
- 0.0074404762126505375
- 0.0071428571827709675
effort:
- .nan
- .nan
---
header:
  stamp:
    sec: 1791165488
    nanosec: 303184856
  frame_id: base_link
name:
- joint_x
- joint_y
position:
- 0.02954374998807907
- 0.02954999916255474
velocity:
- 0.006874999962747097
- 0.0071875001303851604
effort:
- .nan
- .nan
---
header:
  stamp:
    sec: 1791165488
    nanosec: 323188351
  frame_id: base_link
name:
- joint_x
- joint_y
position:
- 0.02966875024139881
- 0.02966875024139881
velocity:
- 0.0062500000931322575
- 0.005937499925494194
effort:
- .nan
- .nan
---
header:
  stamp:
    sec: 1791165488
    nanosec: 343187364
  frame_id: base_link
name:
- joint_x
- joint_y
position:
- 0.029774999246001244
- 0.029774999246001244
velocity:
- 0.0053125000558793545
- 0.0053125000558793545
effort:
- .nan
- .nan
---
header:
  stamp:
    sec: 1791165488
    nanosec: 363183436
  frame_id: base_link
name:
- joint_x
- joint_y
position:
- 0.029868749901652336
- 0.029868749901652336
velocity:
- 0.004687500186264515
- 0.004687500186264515
effort:
- .nan
- .nan
---
header:
  stamp:
    sec: 1791165488
    nanosec: 383192227
  frame_id: base_link
name:
- joint_x
- joint_y
position:
- 0.030018750578165054
- 0.030018750578165054
velocity:
- 0.0034374999813735485
- 0.0034374999813735485
effort:
- .nan
- .nan
---
header:
  stamp:
    sec: 1791165488
    nanosec: 403184714
  frame_id: base_link
name:
- joint_x
- joint_y
position:
- 0.03006874956190586
- 0.03007500059902668
velocity:
- 0.0024999999441206455
- 0.002812500111758709
effort:
- .nan
- .nan
---
header:
  stamp:
    sec: 1791165488
    nanosec: 423203468
  frame_id: base_link
name:
- joint_x
- joint_y
position:
- 0.030112499371170998
- 0.030112499371170998
velocity:
- 0.0021875000093132257
- 0.0018749999580904841
effort:
- .nan
- .nan
---
header:
  stamp:
    sec: 1791165488
    nanosec: 443186545
  frame_id: base_link
name:
- joint_x
- joint_y
position:
- 0.030131250619888306
- 0.030131250619888306
velocity:
- 0.0009374999790452421
- 0.0009374999790452421
effort:
- .nan
- .nan
---
header:
  stamp:
    sec: 1791165488
    nanosec: 463183531
  frame_id: base_link
name:
- joint_x
- joint_y
position:
- 0.030143750831484795
- 0.030143750831484795
velocity:
- 0.0005952381179668009
- 0.0005952381179668009
effort:
- .nan
- .nan
---
header:
  stamp:
    sec: 1791165488
    nanosec: 483190024
  frame_id: base_link
name:
- joint_x
- joint_y
position:
- 0.030137499794363976
- 0.030137499794363976
velocity:
- -0.0003124999930150807
- -0.0003124999930150807
effort:
- .nan
- .nan
---
header:
  stamp:
    sec: 1791165488
    nanosec: 503182787
  frame_id: base_link
name:
- joint_x
- joint_y
position:
- 0.030112499371170998
- 0.030112499371170998
velocity:
- -0.0012499999720603228
- -0.0012499999720603228
effort:
- .nan
- .nan
---
header:
  stamp:
    sec: 1791165488
    nanosec: 523187153
  frame_id: base_link
name:
- joint_x
- joint_y
position:
- 0.03008124977350235
- 0.03008124977350235
velocity:
- -0.0015625000232830644
- -0.0015625000232830644
effort:
- .nan
- .nan
---
header:
  stamp:
    sec: 1791165488
    nanosec: 543182824
  frame_id: base_link
name:
- joint_x
- joint_y
position:
- 0.030024999752640724
- 0.030024999752640724
velocity:
- -0.0024999999441206455
- -0.0024999999441206455
effort:
- .nan
- .nan
---
header:
  stamp:
    sec: 1791165488
    nanosec: 563189666
  frame_id: base_link
name:
- joint_x
- joint_y
position:
- 0.02996250055730343
- 0.02996250055730343
velocity:
- -0.0034374999813735485
- -0.0034374999813735485
effort:
- .nan
- .nan
---
header:
  stamp:
    sec: 1791165488
    nanosec: 583198142
  frame_id: base_link
name:
- joint_x
- joint_y
position:
- 0.029881250113248825
- 0.029881250113248825
velocity:
- -0.004062499850988388
- -0.004062499850988388
effort:
- .nan
- .nan
---
header:
  stamp:
    sec: 1791165488
    nanosec: 603214390
  frame_id: base_link
name:
- joint_x
- joint_y
position:
- 0.0296812504529953
- 0.0296812504529953
velocity:
- -0.0053125000558793545
- -0.0053125000558793545
effort:
- .nan
- .nan
---
header:
  stamp:
    sec: 1791165488
    nanosec: 623188897
  frame_id: base_link
name:
- joint_x
- joint_y
position:
- 0.02955625019967556
- 0.02955625019967556
velocity:
- -0.005937499925494194
- -0.005937499925494194
effort:
- .nan
- .nan
---
header:
  stamp:
    sec: 1791165488
    nanosec: 643194028
  frame_id: base_link
name:
- joint_x
- joint_y
position:
- 0.02941874973475933
- 0.02941874973475933
velocity:
- -0.0068452381528913975
- -0.0068452381528913975
effort:
- .nan
- .nan
---
header:
  stamp:
    sec: 1791165488
    nanosec: 663187827
  frame_id: base_link
name:
- joint_x
- joint_y
position:
- 0.029268750920891762
- 0.029268750920891762
velocity:
- -0.007499999832361937
- -0.007499999832361937
effort:
- .nan
- .nan
---
header:
  stamp:
    sec: 1791165488
    nanosec: 683234959
  frame_id: base_link
name:
- joint_x
- joint_y
position:
- 0.029106250032782555
- 0.029106250032782555
velocity:
- -0.008124999701976776
- -0.008124999701976776
effort:
- .nan
- .nan
---
header:
  stamp:
    sec: 1791165488
    nanosec: 703184965
  frame_id: base_link
name:
- joint_x
- joint_y
position:
- 0.028937499970197678
- 0.028937499970197678
velocity:
- -0.008437500335276127
- -0.008437500335276127
effort:
- .nan
- .nan
---
header:
  stamp:
    sec: 1791165488
    nanosec: 723188303
  frame_id: base_link
name:
- joint_x
- joint_y
position:
- 0.02875624969601631
- 0.02875624969601631
velocity:
- -0.009062499739229679
- -0.009062499739229679
effort:
- .nan
- .nan
---
header:
  stamp:
    sec: 1791165488
    nanosec: 743186330
  frame_id: base_link
name:
- joint_x
- joint_y
position:
- 0.028562499210238457
- 0.028562499210238457
velocity:
- -0.009687500074505806
- -0.009687500074505806
effort:
- .nan
- .nan
---
header:
  stamp:
    sec: 1791165488
    nanosec: 763187343
  frame_id: base_link
name:
- joint_x
- joint_y
position:
- 0.028349999338388443
- 0.028349999338388443
velocity:
- -0.010119047947227955
- -0.010119047947227955
effort:
- .nan
- .nan
---
header:
  stamp:
    sec: 1791165488
    nanosec: 783213833
  frame_id: base_link
name:
- joint_x
- joint_y
position:
- 0.02812499925494194
- 0.02812499925494194
velocity:
- -0.011250000447034836
- -0.011250000447034836
effort:
- .nan
- .nan
---
header:
  stamp:
    sec: 1791165488
    nanosec: 803204144
  frame_id: base_link
name:
- joint_x
- joint_y
position:
- 0.027899999171495438
- 0.027899999171495438
velocity:
- -0.011250000447034836
- -0.011250000447034836
effort:
- .nan
- .nan
---
header:
  stamp:
    sec: 1791165488
    nanosec: 823199593
  frame_id: base_link
name:
- joint_x
- joint_y
position:
- 0.027668749913573265
- 0.027668749913573265
velocity:
- -0.011562500149011612
- -0.011562500149011612
effort:
- .nan
- .nan
---
header:
  stamp:
    sec: 1791165488
    nanosec: 843209813
  frame_id: base_link
name:
- joint_x
- joint_y
position:
- 0.027156250551342964
- 0.027156250551342964
velocity:
- -0.013437500223517418
- -0.013437500223517418
effort:
- .nan
- .nan
---
header:
  stamp:
    sec: 1791165488
    nanosec: 863186935
  frame_id: base_link
name:
- joint_x
- joint_y
position:
- 0.026893749833106995
- 0.026893749833106995
velocity:
- -0.013124999590218067
- -0.013124999590218067
effort:
- .nan
- .nan
---
header:
  stamp:
    sec: 1791165488
    nanosec: 883185189
  frame_id: base_link
name:
- joint_x
- joint_y
position:
- 0.026618750765919685
- 0.026618750765919685
velocity:
- -0.013437500223517418
- -0.013437500223517418
effort:
- .nan
- .nan
---
header:
  stamp:
    sec: 1791165488
    nanosec: 903203511
  frame_id: base_link
name:
- joint_x
- joint_y
position:
- 0.026337500661611557
- 0.026337500661611557
velocity:
- -0.01406249962747097
- -0.01406249962747097
effort:
- .nan
- .nan
---
header:
  stamp:
    sec: 1791165488
    nanosec: 923184917
  frame_id: base_link
name:
- joint_x
- joint_y
position:
- 0.02604999952018261
- 0.02604999952018261
velocity:
- -0.014375000260770321
- -0.014375000260770321
effort:
- .nan
- .nan
---
header:
  stamp:
    sec: 1791165488
    nanosec: 943184514
  frame_id: base_link
name:
- joint_x
- joint_y
position:
- 0.025737499818205833
- 0.025737499818205833
velocity:
- -0.015178571455180645
- -0.015178571455180645
effort:
- .nan
- .nan
---
header:
  stamp:
    sec: 1791165488
    nanosec: 963220705
  frame_id: base_link
name:
- joint_x
- joint_y
position:
- 0.025418749079108238
- 0.025418749079108238
velocity:
- -0.015937499701976776
- -0.015937499701976776
effort:
- .nan
- .nan
---
header:
  stamp:
    sec: 1791165488
    nanosec: 983203215
  frame_id: base_link
name:
- joint_x
- joint_y
position:
- 0.025100000202655792
- 0.025100000202655792
velocity:
- -0.015937499701976776
- -0.015625
effort:
- .nan
- .nan
---
header:
  stamp:
    sec: 1791165489
    nanosec: 3202680
  frame_id: base_link
name:
- joint_x
- joint_y
position:
- 0.024781249463558197
- 0.024781249463558197
velocity:
- -0.015937499701976776
- -0.016249999403953552
effort:
- .nan
- .nan
---
header:
  stamp:
    sec: 1791165489
    nanosec: 23187158
  frame_id: base_link
name:
- joint_x
- joint_y
position:
- 0.024450000375509262
- 0.024450000375509262
velocity:
- -0.016249999403953552
- -0.016249999403953552
effort:
- .nan
- .nan
---
header:
  stamp:
    sec: 1791165489
    nanosec: 43192490
  frame_id: base_link
name:
- joint_x
- joint_y
position:
- 0.024118749424815178
- 0.024118749424815178
velocity:
- -0.016875000670552254
- -0.01656249910593033
effort:
- .nan
- .nan
---
header:
  stamp:
    sec: 1791165489
    nanosec: 63198074
  frame_id: base_link
name:
- joint_x
- joint_y
position:
- 0.023762499913573265
- 0.023762499913573265
velocity:
- -0.017812499776482582
- -0.017812499776482582
effort:
- .nan
- .nan
---
header:
  stamp:
    sec: 1791165489
    nanosec: 83208631
  frame_id: base_link
name:
- joint_x
- joint_y
position:
- 0.023074999451637268
- 0.023068750277161598
velocity:
- -0.017500000074505806
- -0.017500000074505806
effort:
- .nan
- .nan
---
header:
  stamp:
    sec: 1791165489
    nanosec: 103204963
  frame_id: base_link
name:
- joint_x
- joint_y
position:
- 0.022712500765919685
- 0.022712500765919685
velocity:
- -0.018124999478459358
- -0.018124999478459358
effort:
- .nan
- .nan
---
header:
  stamp:
    sec: 1791165489
    nanosec: 123204247
  frame_id: base_link
name:
- joint_x
- joint_y
position:
- 0.022331250831484795
- 0.022331250831484795
velocity:
- -0.019062500447034836
- -0.019062500447034836
effort:
- .nan
- .nan
---
header:
  stamp:
    sec: 1791165489
    nanosec: 143187203
  frame_id: base_link
name:
- joint_x
- joint_y
position:
- 0.021962499246001244
- 0.021962499246001244
velocity:
- -0.018437499180436134
- -0.018437499180436134
effort:
- .nan
- .nan
---
header:
  stamp:
    sec: 1791165489
    nanosec: 163184020
  frame_id: base_link
name:
- joint_x
- joint_y
position:
- 0.021587500348687172
- 0.021587500348687172
velocity:
- -0.01875000074505806
- -0.01875000074505806
effort:
- .nan
- .nan
---
header:
  stamp:
    sec: 1791165489
    nanosec: 183201004
  frame_id: base_link
name:
- joint_x
- joint_y
position:
- 0.02121249958872795
- 0.02121249958872795
velocity:
- -0.01875000074505806
- -0.01875000074505806
effort:
- .nan
- .nan
---
header:
  stamp:
    sec: 1791165489
    nanosec: 203200709
  frame_id: base_link
name:
- joint_x
- joint_y
position:
- 0.02083124965429306
- 0.02083124965429306
velocity:
- -0.019062500447034836
- -0.019062500447034836
effort:
- .nan
- .nan
---
header:
  stamp:
    sec: 1791165489
    nanosec: 223201802
  frame_id: base_link
name:
- joint_x
- joint_y
position:
- 0.02044999971985817
- 0.02044999971985817
velocity:
- -0.019062500447034836
- -0.019062500447034836
effort:
- .nan
- .nan
---
header:
  stamp:
    sec: 1791165489
    nanosec: 243187467
  frame_id: base_link
name:
- joint_x
- joint_y
position:
- 0.02003750018775463
- 0.02003750018775463
velocity:
- -0.020625000819563866
- -0.020625000819563866
effort:
- .nan
- .nan
---
header:
  stamp:
    sec: 1791165489
    nanosec: 263199660
  frame_id: base_link
name:
- joint_x
- joint_y
position:
- 0.01963750086724758
- 0.01964375004172325
velocity:
- -0.019687499850988388
- -0.019687499850988388
effort:
- .nan
- .nan
---
header:
  stamp:
    sec: 1791165489
    nanosec: 283226082
  frame_id: base_link
name:
- joint_x
- joint_y
position:
- 0.018850000575184822
- 0.018850000575184822
velocity:
- -0.019999999552965164
- -0.019999999552965164
effort:
- .nan
- .nan
---
header:
  stamp:
    sec: 1791165489
    nanosec: 303202834
  frame_id: base_link
name:
- joint_x
- joint_y
position:
- 0.018431250005960464
- 0.018431250005960464
velocity:
- -0.020937500521540642
- -0.020937500521540642
effort:
- .nan
- .nan
---
header:
  stamp:
    sec: 1791165489
    nanosec: 323202288
  frame_id: base_link
name:
- joint_x
- joint_y
position:
- 0.018024999648332596
- 0.018024999648332596
velocity:
- -0.02031249925494194
- -0.02031249925494194
effort:
- .nan
- .nan
---
header:
  stamp:
    sec: 1791165489
    nanosec: 343195409
  frame_id: base_link
name:
- joint_x
- joint_y
position:
- 0.017625000327825546
- 0.017625000327825546
velocity:
- -0.019999999552965164
- -0.019999999552965164
effort:
- .nan
- .nan
---
header:
  stamp:
    sec: 1791165489
    nanosec: 363193408
  frame_id: base_link
name:
- joint_x
- joint_y
position:
- 0.017212500795722008
- 0.017218749970197678
velocity:
- -0.020625000819563866
- -0.02031249925494194
effort:
- .nan
- .nan
---
header:
  stamp:
    sec: 1791165489
    nanosec: 383158790
  frame_id: base_link
name:
- joint_x
- joint_y
position:
- 0.01680625043809414
- 0.01680625043809414
velocity:
- -0.02031249925494194
- -0.020625000819563866
effort:
- .nan
- .nan
---
header:
  stamp:
    sec: 1791165489
    nanosec: 403201467
  frame_id: base_link
name:
- joint_x
- joint_y
position:
- 0.0163937509059906
- 0.01640000008046627
velocity:
- -0.020625000819563866
- -0.02031249925494194
effort:
- .nan
- .nan
---
header:
  stamp:
    sec: 1791165489
    nanosec: 423201190
  frame_id: base_link
name:
- joint_x
- joint_y
position:
- 0.015962500125169754
- 0.015968749299645424
velocity:
- -0.021562499925494194
- -0.021562499925494194
effort:
- .nan
- .nan
---
header:
  stamp:
    sec: 1791165489
    nanosec: 443182929
  frame_id: base_link
name:
- joint_x
- joint_y
position:
- 0.015556249767541885
- 0.015556249767541885
velocity:
- -0.02031249925494194
- -0.020625000819563866
effort:
- .nan
- .nan
---
header:
  stamp:
    sec: 1791165489
    nanosec: 463195731
  frame_id: base_link
name:
- joint_x
- joint_y
position:
- 0.015143750235438347
- 0.015143750235438347
velocity:
- -0.020625000819563866
- -0.020625000819563866
effort:
- .nan
- .nan
---
header:
  stamp:
    sec: 1791165489
    nanosec: 483194974
  frame_id: base_link
name:
- joint_x
- joint_y
position:
- 0.014731249772012234
- 0.014737499877810478
velocity:
- -0.020625000819563866
- -0.02031249925494194
effort:
- .nan
- .nan
---
header:
  stamp:
    sec: 1791165489
    nanosec: 503186939
  frame_id: base_link
name:
- joint_x
- joint_y
position:
- 0.014299999922513962
- 0.014299999922513962
velocity:
- -0.02053571492433548
- -0.02053571492433548
effort:
- .nan
- .nan
---
header:
  stamp:
    sec: 1791165489
    nanosec: 523188432
  frame_id: base_link
name:
- joint_x
- joint_y
position:
- 0.01386875007301569
- 0.01386875007301569
velocity:
- -0.02053571492433548
- -0.02083333395421505
effort:
- .nan
- .nan
---
header:
  stamp:
    sec: 1791165489
    nanosec: 543197863
  frame_id: base_link
name:
- joint_x
- joint_y
position:
- 0.013024999760091305
- 0.01303124986588955
velocity:
- -0.02031249925494194
- -0.02031249925494194
effort:
- .nan
- .nan
---
header:
  stamp:
    sec: 1791165489
    nanosec: 563184238
  frame_id: base_link
name:
- joint_x
- joint_y
position:
- 0.01261875033378601
- 0.012625000439584255
velocity:
- -0.02031249925494194
- -0.02031249925494194
effort:
- .nan
- .nan
---
header:
  stamp:
    sec: 1791165489
    nanosec: 583215085
  frame_id: base_link
name:
- joint_x
- joint_y
position:
- 0.012212499976158142
- 0.012218750081956387
velocity:
- -0.02031249925494194
- -0.02031249925494194
effort:
- .nan
- .nan
---
header:
  stamp:
    sec: 1791165489
    nanosec: 603217096
  frame_id: base_link
name:
- joint_x
- joint_y
position:
- 0.011787500232458115
- 0.011787500232458115
velocity:
- -0.020937500521540642
- -0.021250000223517418
effort:
- .nan
- .nan
---
header:
  stamp:
    sec: 1791165489
    nanosec: 623208900
  frame_id: base_link
name:
- joint_x
- joint_y
position:
- 0.01138749998062849
- 0.01138749998062849
velocity:
- -0.02031249925494194
- -0.019999999552965164
effort:
- .nan
- .nan
---
header:
  stamp:
    sec: 1791165489
    nanosec: 643195706
  frame_id: base_link
name:
- joint_x
- joint_y
position:
- 0.010987499728798866
- 0.010987499728798866
velocity:
- -0.019687499850988388
- -0.019999999552965164
effort:
- .nan
- .nan
---
header:
  stamp:
    sec: 1791165489
    nanosec: 663204567
  frame_id: base_link
name:
- joint_x
- joint_y
position:
- 0.010593749582767487
- 0.010593749582767487
velocity:
- -0.019999999552965164
- -0.019999999552965164
effort:
- .nan
- .nan
---
header:
  stamp:
    sec: 1791165489
    nanosec: 683227069
  frame_id: base_link
name:
- joint_x
- joint_y
position:
- 0.010193750262260437
- 0.010200000368058681
velocity:
- -0.019687499850988388
- -0.019687499850988388
effort:
- .nan
- .nan
---
header:
  stamp:
    sec: 1791165489
    nanosec: 703227446
  frame_id: base_link
name:
- joint_x
- joint_y
position:
- 0.009787499904632568
- 0.009787499904632568
velocity:
- -0.01964285783469677
- -0.01964285783469677
effort:
- .nan
- .nan
---
header:
  stamp:
    sec: 1791165489
    nanosec: 723200671
  frame_id: base_link
name:
- joint_x
- joint_y
position:
- 0.0093812495470047
- 0.00937500037252903
velocity:
- -0.02031249925494194
- -0.02031249925494194
effort:
- .nan
- .nan
---
header:
  stamp:
    sec: 1791165489
    nanosec: 743219050
  frame_id: base_link
name:
- joint_x
- joint_y
position:
- 0.008993750438094139
- 0.008993750438094139
velocity:
- -0.019375000149011612
- -0.019375000149011612
effort:
- .nan
- .nan
---
header:
  stamp:
    sec: 1791165489
    nanosec: 763233340
  frame_id: base_link
name:
- joint_x
- joint_y
position:
- 0.008243749849498272
- 0.008243749849498272
velocity:
- -0.01875000074505806
- -0.01875000074505806
effort:
- .nan
- .nan
---
header:
  stamp:
    sec: 1791165489
    nanosec: 783226804
  frame_id: base_link
name:
- joint_x
- joint_y
position:
- 0.007856249809265137
- 0.007856249809265137
velocity:
- -0.019375000149011612
- -0.019375000149011612
effort:
- .nan
- .nan
---
header:
  stamp:
    sec: 1791165489
    nanosec: 803225106
  frame_id: base_link
name:
- joint_x
- joint_y
position:
- 0.007487500086426735
- 0.007487500086426735
velocity:
- -0.018124999478459358
- -0.018124999478459358
effort:
- .nan
- .nan
---
header:
  stamp:
    sec: 1791165489
    nanosec: 823230388
  frame_id: base_link
name:
- joint_x
- joint_y
position:
- 0.00712500000372529
- 0.007131250109523535
velocity:
- -0.018124999478459358
- -0.018124999478459358
effort:
- .nan
- .nan
---
header:
  stamp:
    sec: 1791165489
    nanosec: 843223281
  frame_id: base_link
name:
- joint_x
- joint_y
position:
- 0.006775000132620335
- 0.006775000132620335
velocity:
- -0.017812499776482582
- -0.017812499776482582
effort:
- .nan
- .nan
---
header:
  stamp:
    sec: 1791165489
    nanosec: 863208162
  frame_id: base_link
name:
- joint_x
- joint_y
position:
- 0.006424999795854092
- 0.006424999795854092
velocity:
- -0.017500000074505806
- -0.01718750037252903
effort:
- .nan
- .nan
---
header:
  stamp:
    sec: 1791165489
    nanosec: 883188038
  frame_id: base_link
name:
- joint_x
- joint_y
position:
- 0.006062500178813934
- 0.0060687498189508915
velocity:
- -0.01726190559566021
- -0.01726190559566021
effort:
- .nan
- .nan
---
header:
  stamp:
    sec: 1791165489
    nanosec: 903203482
  frame_id: base_link
name:
- joint_x
- joint_y
position:
- 0.005712499842047691
- 0.005712499842047691
velocity:
- -0.017500000074505806
- -0.017812499776482582
effort:
- .nan
- .nan
---
header:
  stamp:
    sec: 1791165489
    nanosec: 923215565
  frame_id: base_link
name:
- joint_x
- joint_y
position:
- 0.005381249822676182
- 0.005387499928474426
velocity:
- -0.01656249910593033
- -0.016249999403953552
effort:
- .nan
- .nan
---
header:
  stamp:
    sec: 1791165489
    nanosec: 943214392
  frame_id: base_link
name:
- joint_x
- joint_y
position:
- 0.005062500014901161
- 0.005062500014901161
velocity:
- -0.015937499701976776
- -0.016249999403953552
effort:
- .nan
- .nan
---
header:
  stamp:
    sec: 1791165489
    nanosec: 963217481
  frame_id: base_link
name:
- joint_x
- joint_y
position:
- 0.004749999847263098
- 0.004749999847263098
velocity:
- -0.015625
- -0.015625
effort:
- .nan
- .nan
---
header:
  stamp:
    sec: 1791165489
    nanosec: 983212123
  frame_id: base_link
name:
- joint_x
- joint_y
position:
- 0.004437500145286322
- 0.004437500145286322
velocity:
- -0.015625
- -0.015625
effort:
- .nan
- .nan
---
header:
  stamp:
    sec: 1791165490
    nanosec: 3212161
  frame_id: base_link
name:
- joint_x
- joint_y
position:
- 0.0038312498945742846
- 0.0038312498945742846
velocity:
- -0.014375000260770321
- -0.014687499962747097
effort:
- .nan
- .nan
---
header:
  stamp:
    sec: 1791165490
    nanosec: 23207673
  frame_id: base_link
name:
- joint_x
- joint_y
position:
- 0.0035437499172985554
- 0.0035437499172985554
velocity:
- -0.014375000260770321
- -0.01406249962747097
effort:
- .nan
- .nan
---
header:
  stamp:
    sec: 1791165490
    nanosec: 43181794
  frame_id: base_link
name:
- joint_x
- joint_y
position:
- 0.003275000024586916
- 0.0032687499187886715
velocity:
- -0.013437500223517418
- -0.013749999925494194
effort:
- .nan
- .nan
---
header:
  stamp:
    sec: 1791165490
    nanosec: 63198557
  frame_id: base_link
name:
- joint_x
- joint_y
position:
- 0.002987500047311187
- 0.0029937499202787876
velocity:
- -0.01406249962747097
- -0.01406249962747097
effort:
- .nan
- .nan
---
header:
  stamp:
    sec: 1791165490
    nanosec: 83204972
  frame_id: base_link
name:
- joint_x
- joint_y
position:
- 0.002731249900534749
- 0.002731249900534749
velocity:
- -0.013124999590218067
- -0.012812499888241291
effort:
- .nan
- .nan
---
header:
  stamp:
    sec: 1791165490
    nanosec: 103203028
  frame_id: base_link
name:
- joint_x
- joint_y
position:
- 0.0024812500923871994
- 0.0024812500923871994
velocity:
- -0.012500000186264515
- -0.012500000186264515
effort:
- .nan
- .nan
---
header:
  stamp:
    sec: 1791165490
    nanosec: 123209261
  frame_id: base_link
name:
- joint_x
- joint_y
position:
- 0.0022437500301748514
- 0.0022437500301748514
velocity:
- -0.011874999850988388
- -0.012187499552965164
effort:
- .nan
- .nan
---
header:
  stamp:
    sec: 1791165490
    nanosec: 143192759
  frame_id: base_link
name:
- joint_x
- joint_y
position:
- 0.002012500073760748
- 0.002012500073760748
velocity:
- -0.011562500149011612
- -0.011562500149011612
effort:
- .nan
- .nan
---
header:
  stamp:
    sec: 1791165490
    nanosec: 163202034
  frame_id: base_link
name:
- joint_x
- joint_y
position:
- 0.0017812500009313226
- 0.0017812500009313226
velocity:
- -0.011011905036866665
- -0.011011905036866665
effort:
- .nan
- .nan
---
header:
  stamp:
    sec: 1791165490
    nanosec: 183189081
  frame_id: base_link
name:
- joint_x
- joint_y
position:
- 0.0015625000232830644
- 0.0015625000232830644
velocity:
- -0.010937499813735485
- -0.010937499813735485
effort:
- .nan
- .nan
---
header:
  stamp:
    sec: 1791165490
    nanosec: 203185296
  frame_id: base_link
name:
- joint_x
- joint_y
position:
- 0.001362500013783574
- 0.001362500013783574
velocity:
- -0.009999999776482582
- -0.009999999776482582
effort:
- .nan
- .nan
---
header:
  stamp:
    sec: 1791165490
    nanosec: 223204106
  frame_id: base_link
name:
- joint_x
- joint_y
position:
- 0.001006250036880374
- 0.001006250036880374
velocity:
- -0.008750000037252903
- -0.008750000037252903
effort:
- .nan
- .nan
---
header:
  stamp:
    sec: 1791165490
    nanosec: 243203721
  frame_id: base_link
name:
- joint_x
- joint_y
position:
- 0.0008312499849125743
- 0.0008312499849125743
velocity:
- -0.008750000037252903
- -0.008750000037252903
effort:
- .nan
- .nan
---
header:
  stamp:
    sec: 1791165490
    nanosec: 263189546
  frame_id: base_link
name:
- joint_x
- joint_y
position:
- 0.0006750000175088644
- 0.000681250006891787
velocity:
- -0.007499999832361937
- -0.007499999832361937
effort:
- .nan
- .nan
---
header:
  stamp:
    sec: 1791165490
    nanosec: 283208723
  frame_id: base_link
name:
- joint_x
- joint_y
position:
- 0.0005375000182539225
- 0.0005375000182539225
velocity:
- -0.0071875001303851604
- -0.0071875001303851604
effort:
- .nan
- .nan
---
header:
  stamp:
    sec: 1791165490
    nanosec: 303205444
  frame_id: base_link
name:
- joint_x
- joint_y
position:
- 0.0004124999977648258
- 0.0004124999977648258
velocity:
- -0.0062500000931322575
- -0.0062500000931322575
effort:
- .nan
- .nan
---
header:
  stamp:
    sec: 1791165490
    nanosec: 323208825
  frame_id: base_link
name:
- joint_x
- joint_y
position:
- 0.0002937499957624823
- 0.0002937499957624823
velocity:
- -0.005625000223517418
- -0.005625000223517418
effort:
- .nan
- .nan
---
header:
  stamp:
    sec: 1791165490
    nanosec: 343200641
  frame_id: base_link
name:
- joint_x
- joint_y
position:
- 0.0001875000016298145
- 0.0001875000016298145
velocity:
- -0.0053571430034935474
- -0.0053571430034935474
effort:
- .nan
- .nan
---
header:
  stamp:
    sec: 1791165490
    nanosec: 363197733
  frame_id: base_link
name:
- joint_x
- joint_y
position:
- 9.375000081490725e-05
- 9.375000081490725e-05
velocity:
- -0.004687500186264515
- -0.004687500186264515
effort:
- .nan
- .nan
---
header:
  stamp:
    sec: 1791165490
    nanosec: 383169537
  frame_id: base_link
name:
- joint_x
- joint_y
position:
- 1.8750000890577212e-05
- 1.8750000890577212e-05
velocity:
- -0.0037499999161809683
- -0.0037499999161809683
effort:
- .nan
- .nan
---
header:
  stamp:
    sec: 1791165490
    nanosec: 403205907
  frame_id: base_link
name:
- joint_x
- joint_y
position:
- -4.374999844003469e-05
- -3.7500001781154424e-05
velocity:
- -0.0031250000465661287
- -0.002812500111758709
effort:
- .nan
- .nan
---
header:
  stamp:
    sec: 1791165490
    nanosec: 423192486
  frame_id: base_link
name:
- joint_x
- joint_y
position:
- -8.749999688006938e-05
- -8.749999688006938e-05
velocity:
- -0.0021875000093132257
- -0.0024999999441206455
effort:
- .nan
- .nan
---
header:
  stamp:
    sec: 1791165494
    nanosec: 762576683
  frame_id: base_link
name:
- joint_x
- joint_y
position:
- -0.0001250000059371814
- -0.0001250000059371814
velocity:
- -0.0018749999580904841
- -0.0018749999580904841
effort:
- .nan
- .nan
---
header:
  stamp:
    sec: 1791165494
    nanosec: 782583085
  frame_id: base_link
name:
- joint_x
- joint_y
position:
- -0.00014375000318977982
- -0.00014375000318977982
velocity:
- 0.0
- 0.0
effort:
- .nan
- .nan
---
header:
  stamp:
    sec: 1791165494
    nanosec: 802586431
  frame_id: base_link
name:
- joint_x
- joint_y
position:
- -0.00013124999532010406
- -0.00013124999532010406
velocity:
- 0.0006249999860301614
- 0.0006249999860301614
effort:
- .nan
- .nan
---
header:
  stamp:
    sec: 1791165494
    nanosec: 822602068
  frame_id: base_link
name:
- joint_x
- joint_y
position:
- -9.375000081490725e-05
- -9.375000081490725e-05
velocity:
- 0.0018749999580904841
- 0.0018749999580904841
effort:
- .nan
- .nan
---
header:
  stamp:
    sec: 1791165494
    nanosec: 842585862
  frame_id: base_link
name:
- joint_x
- joint_y
position:
- -6.25000029685907e-05
- -6.25000029685907e-05
velocity:
- 0.0015625000232830644
- 0.0015625000232830644
effort:
- .nan
- .nan
---
header:
  stamp:
    sec: 1791165494
    nanosec: 862588863
  frame_id: base_link
name:
- joint_x
- joint_y
position:
- 0.0
- 0.0
velocity:
- 0.0031250000465661287
- 0.0031250000465661287
effort:
- .nan
- .nan
---
header:
  stamp:
    sec: 1791165494
    nanosec: 882590556
  frame_id: base_link
name:
- joint_x
- joint_y
position:
- 0.0
- 0.0
velocity:
- 0.0
- 0.0
effort:
- .nan
- .nan
---
header:
  stamp:
    sec: 1791165494
    nanosec: 902596073
  frame_id: base_link
name:
- joint_x
- joint_y
position:
- 0.0
- 0.0
velocity:
- 0.0
- 0.0
effort:
- .nan
- .nan
---
header:
  stamp:
    sec: 1791165494
    nanosec: 922599249
  frame_id: base_link
name:
- joint_x
- joint_y
position:
- 0.0
- 0.0
velocity:
- 0.0
- 0.0
effort:
- .nan
- .nan
---
header:
  stamp:
    sec: 1791165494
    nanosec: 942586080
  frame_id: base_link
name:
- joint_x
- joint_y
position:
- 0.0
- 0.0
velocity:
- 0.0
- 0.0
effort:
- .nan
- .nan
---
header:
  stamp:
    sec: 1791165494
    nanosec: 962583138
  frame_id: base_link
name:
- joint_x
- joint_y
position:
- 0.0
- 0.0
velocity:
- 0.0
- 0.0
effort:
- .nan
- .nan
---
