A message was lost!!!
	total count change:1
	total count: 1---
header:
  stamp:
    sec: 1791158235
    nanosec: 896658921
  frame_id: base_link
name:
- joint_x
- joint_y
position:
- 0.0
- 0.0
velocity:
- 0.0
- 0.0
effort:
- .nan
- .nan
---
header:
  stamp:
    sec: 1791158235
    nanosec: 916614110
  frame_id: base_link
name:
- joint_x
- joint_y
position:
- 0.0
- 0.0
velocity:
- 0.0
- 0.0
effort:
- .nan
- .nan
---
header:
  stamp:
    sec: 1791158235
    nanosec: 936613457
  frame_id: base_link
name:
- joint_x
- joint_y
position:
- 0.0
- 0.0
velocity:
- 0.0
- 0.0
effort:
- .nan
- .nan
---
header:
  stamp:
    sec: 1791158235
    nanosec: 956647656
  frame_id: base_link
name:
- joint_x
- joint_y
position:
- 0.0
- 0.0
velocity:
- 0.0
- 0.0
effort:
- .nan
- .nan
---
header:
  stamp:
    sec: 1791158235
    nanosec: 976613354
  frame_id: base_link
name:
- joint_x
- joint_y
position:
- 0.0
- 0.0
velocity:
- 0.0
- 0.0
effort:
- .nan
- .nan
---
header:
  stamp:
    sec: 1791158235
    nanosec: 996610866
  frame_id: base_link
name:
- joint_x
- joint_y
position:
- 0.0
- 0.0
velocity:
- 0.0
- 0.0
effort:
- .nan
- .nan
---
header:
  stamp:
    sec: 1791158236
    nanosec: 16610153
  frame_id: base_link
name:
- joint_x
- joint_y
position:
- 0.0
- 0.0
velocity:
- 0.0
- 0.0
effort:
- .nan
- .nan
---
header:
  stamp:
    sec: 1791158236
    nanosec: 36616488
  frame_id: base_link
name:
- joint_x
- joint_y
position:
- 0.0
- 0.0
velocity:
- 0.0
- 0.0
effort:
- .nan
- .nan
---
header:
  stamp:
    sec: 1791158236
    nanosec: 56678206
  frame_id: base_link
name:
- joint_x
- joint_y
position:
- 0.0
- 0.0
velocity:
- 0.0
- 0.0
effort:
- .nan
- .nan
---
header:
  stamp:
    sec: 1791158236
    nanosec: 76616030
  frame_id: base_link
name:
- joint_x
- joint_y
position:
- 0.0
- 0.0
velocity:
- 0.0
- 0.0
effort:
- .nan
- .nan
---
header:
  stamp:
    sec: 1791158236
    nanosec: 96613953
  frame_id: base_link
name:
- joint_x
- joint_y
position:
- 0.0
- 0.0
velocity:
- 0.0
- 0.0
effort:
- .nan
- .nan
---
header:
  stamp:
    sec: 1791158236
    nanosec: 116627198
  frame_id: base_link
name:
- joint_x
- joint_y
position:
- 0.0
- 0.0
velocity:
- 0.0
- 0.0
effort:
- .nan
- .nan
---
header:
  stamp:
    sec: 1791158236
    nanosec: 136620333
  frame_id: base_link
name:
- joint_x
- joint_y
position:
- 0.0
- 0.0
velocity:
- 0.0
- 0.0
effort:
- .nan
- .nan
---
header:
  stamp:
    sec: 1791158236
    nanosec: 156652795
  frame_id: base_link
name:
- joint_x
- joint_y
position:
- 0.0
- 0.0
velocity:
- 0.0
- 0.0
effort:
- .nan
- .nan
---
header:
  stamp:
    sec: 1791158236
    nanosec: 176621869
  frame_id: base_link
name:
- joint_x
- joint_y
position:
- 0.0
- 0.0
velocity:
- 0.0
- 0.0
effort:
- .nan
- .nan
---
header:
  stamp:
    sec: 1791158236
    nanosec: 196627731
  frame_id: base_link
name:
- joint_x
- joint_y
position:
- 0.0
- 0.0
velocity:
- 0.0
- 0.0
effort:
- .nan
- .nan
---
header:
  stamp:
    sec: 1791158236
    nanosec: 216624707
  frame_id: base_link
name:
- joint_x
- joint_y
position:
- 0.0
- 0.0
velocity:
- 0.0
- 0.0
effort:
- .nan
- .nan
---
header:
  stamp:
    sec: 1791158236
    nanosec: 236619411
  frame_id: base_link
name:
- joint_x
- joint_y
position:
- 0.0
- 0.0
velocity:
- 0.0
- 0.0
effort:
- .nan
- .nan
---
header:
  stamp:
    sec: 1791158236
    nanosec: 256634251
  frame_id: base_link
name:
- joint_x
- joint_y
position:
- 0.0
- 0.0
velocity:
- 0.0
- 0.0
effort:
- .nan
- .nan
---
header:
  stamp:
    sec: 1791158236
    nanosec: 276622658
  frame_id: base_link
name:
- joint_x
- joint_y
position:
- 0.0
- 0.0
velocity:
- 0.0
- 0.0
effort:
- .nan
- .nan
---
header:
  stamp:
    sec: 1791158236
    nanosec: 296620862
  frame_id: base_link
name:
- joint_x
- joint_y
position:
- 0.0
- 0.0
velocity:
- 0.0
- 0.0
effort:
- .nan
- .nan
---
header:
  stamp:
    sec: 1791158236
    nanosec: 316629026
  frame_id: base_link
name:
- joint_x
- joint_y
position:
- 0.0
- 0.0
velocity:
- 0.0
- 0.0
effort:
- .nan
- .nan
---
header:
  stamp:
    sec: 1791158236
    nanosec: 336621723
  frame_id: base_link
name:
- joint_x
- joint_y
position:
- 0.0
- 0.0
velocity:
- 0.0
- 0.0
effort:
- .nan
- .nan
---
header:
  stamp:
    sec: 1791158236
    nanosec: 356625319
  frame_id: base_link
name:
- joint_x
- joint_y
position:
- 0.0
- 0.0
velocity:
- 0.0
- 0.0
effort:
- .nan
- .nan
---
header:
  stamp:
    sec: 1791158236
    nanosec: 376627671
  frame_id: base_link
name:
- joint_x
- joint_y
position:
- 0.0
- 0.0
velocity:
- 0.0
- 0.0
effort:
- .nan
- .nan
---
header:
  stamp:
    sec: 1791158236
    nanosec: 396621524
  frame_id: base_link
name:
- joint_x
- joint_y
position:
- 0.0
- 0.0
velocity:
- 0.0
- 0.0
effort:
- .nan
- .nan
---
header:
  stamp:
    sec: 1791158236
    nanosec: 416625563
  frame_id: base_link
name:
- joint_x
- joint_y
position:
- 0.0
- 0.0
velocity:
- 0.0
- 0.0
effort:
- .nan
- .nan
---
header:
  stamp:
    sec: 1791158236
    nanosec: 436625771
  frame_id: base_link
name:
- joint_x
- joint_y
position:
- 0.0
- 0.0
velocity:
- 0.0
- 0.0
effort:
- .nan
- .nan
---
header:
  stamp:
    sec: 1791158236
    nanosec: 456630989
  frame_id: base_link
name:
- joint_x
- joint_y
position:
- 0.0
- 0.0
velocity:
- 0.0
- 0.0
effort:
- .nan
- .nan
---
header:
  stamp:
    sec: 1791158236
    nanosec: 476656345
  frame_id: base_link
name:
- joint_x
- joint_y
position:
- 0.0
- 0.0
velocity:
- 0.0
- 0.0
effort:
- .nan
- .nan
---
header:
  stamp:
    sec: 1791158236
    nanosec: 496649014
  frame_id: base_link
name:
- joint_x
- joint_y
position:
- 0.0
- 0.0
velocity:
- 0.0
- 0.0
effort:
- .nan
- .nan
---
header:
  stamp:
    sec: 1791158236
    nanosec: 516643838
  frame_id: base_link
name:
- joint_x
- joint_y
position:
- 0.0
- 0.0
velocity:
- 0.0
- 0.0
effort:
- .nan
- .nan
---
header:
  stamp:
    sec: 1791158236
    nanosec: 536644686
  frame_id: base_link
name:
- joint_x
- joint_y
position:
- 0.0
- 0.0
velocity:
- 0.0
- 0.0
effort:
- .nan
- .nan
---
header:
  stamp:
    sec: 1791158236
    nanosec: 556638162
  frame_id: base_link
name:
- joint_x
- joint_y
position:
- 0.0
- 0.0
velocity:
- 0.0
- 0.0
effort:
- .nan
- .nan
---
header:
  stamp:
    sec: 1791158236
    nanosec: 576641039
  frame_id: base_link
name:
- joint_x
- joint_y
position:
- 0.0
- 0.0
velocity:
- 0.0
- 0.0
effort:
- .nan
- .nan
---
header:
  stamp:
    sec: 1791158236
    nanosec: 596706787
  frame_id: base_link
name:
- joint_x
- joint_y
position:
- 0.0
- 0.0
velocity:
- 0.0
- 0.0
effort:
- .nan
- .nan
---
header:
  stamp:
    sec: 1791158236
    nanosec: 616636872
  frame_id: base_link
name:
- joint_x
- joint_y
position:
- 0.0
- 0.0
velocity:
- 0.0
- 0.0
effort:
- .nan
- .nan
---
header:
  stamp:
    sec: 1791158236
    nanosec: 636635256
  frame_id: base_link
name:
- joint_x
- joint_y
position:
- 0.0
- 0.0
velocity:
- 0.0
- 0.0
effort:
- .nan
- .nan
---
header:
  stamp:
    sec: 1791158236
    nanosec: 656635472
  frame_id: base_link
name:
- joint_x
- joint_y
position:
- 0.0
- 0.0
velocity:
- 0.0
- 0.0
effort:
- .nan
- .nan
---
header:
  stamp:
    sec: 1791158236
    nanosec: 676638518
  frame_id: base_link
name:
- joint_x
- joint_y
position:
- 0.0
- 0.0
velocity:
- 0.0
- 0.0
effort:
- .nan
- .nan
---
header:
  stamp:
    sec: 1791158236
    nanosec: 696641071
  frame_id: base_link
name:
- joint_x
- joint_y
position:
- 0.0
- 0.0
velocity:
- 0.0
- 0.0
effort:
- .nan
- .nan
---
header:
  stamp:
    sec: 1791158236
    nanosec: 716645397
  frame_id: base_link
name:
- joint_x
- joint_y
position:
- 0.0
- 0.0
velocity:
- 0.0
- 0.0
effort:
- .nan
- .nan
---
header:
  stamp:
    sec: 1791158236
    nanosec: 736641467
  frame_id: base_link
name:
- joint_x
- joint_y
position:
- 0.0
- 0.0
velocity:
- 0.0
- 0.0
effort:
- .nan
- .nan
---
header:
  stamp:
    sec: 1791158236
    nanosec: 756631799
  frame_id: base_link
name:
- joint_x
- joint_y
position:
- 0.0
- 0.0
velocity:
- 0.0
- 0.0
effort:
- .nan
- .nan
---
header:
  stamp:
    sec: 1791158236
    nanosec: 776643759
  frame_id: base_link
name:
- joint_x
- joint_y
position:
- 0.0
- 0.0
velocity:
- 0.0
- 0.0
effort:
- .nan
- .nan
---
header:
  stamp:
    sec: 1791158236
    nanosec: 796642325
  frame_id: base_link
name:
- joint_x
- joint_y
position:
- 0.0
- 0.0
velocity:
- 0.0
- 0.0
effort:
- .nan
- .nan
---
header:
  stamp:
    sec: 1791158236
    nanosec: 816650776
  frame_id: base_link
name:
- joint_x
- joint_y
position:
- 0.0
- 0.0
velocity:
- 0.0
- 0.0
effort:
- .nan
- .nan
---
header:
  stamp:
    sec: 1791158236
    nanosec: 836652250
  frame_id: base_link
name:
- joint_x
- joint_y
position:
- 0.0
- 0.0
velocity:
- 0.0
- 0.0
effort:
- .nan
- .nan
---
header:
  stamp:
    sec: 1791158236
    nanosec: 856654904
  frame_id: base_link
name:
- joint_x
- joint_y
position:
- 0.0
- 0.0
velocity:
- 0.0
- 0.0
effort:
- .nan
- .nan
---
header:
  stamp:
    sec: 1791158236
    nanosec: 876654205
  frame_id: base_link
name:
- joint_x
- joint_y
position:
- 0.0
- 0.0
velocity:
- 0.0
- 0.0
effort:
- .nan
- .nan
---
header:
  stamp:
    sec: 1791158236
    nanosec: 896685039
  frame_id: base_link
name:
- joint_x
- joint_y
position:
- 0.0
- 0.0
velocity:
- 0.0
- 0.0
effort:
- .nan
- .nan
---
header:
  stamp:
    sec: 1791158236
    nanosec: 916680220
  frame_id: base_link
name:
- joint_x
- joint_y
position:
- 0.0
- 0.0
velocity:
- 0.0
- 0.0
effort:
- .nan
- .nan
---
header:
  stamp:
    sec: 1791158236
    nanosec: 936677019
  frame_id: base_link
name:
- joint_x
- joint_y
position:
- 0.0
- 0.0
velocity:
- 0.0
- 0.0
effort:
- .nan
- .nan
---
header:
  stamp:
    sec: 1791158236
    nanosec: 956699531
  frame_id: base_link
name:
- joint_x
- joint_y
position:
- 0.0
- 0.0
velocity:
- 0.0
- 0.0
effort:
- .nan
- .nan
---
header:
  stamp:
    sec: 1791158236
    nanosec: 976669447
  frame_id: base_link
name:
- joint_x
- joint_y
position:
- 0.0
- 0.0
velocity:
- 0.0
- 0.0
effort:
- .nan
- .nan
---
header:
  stamp:
    sec: 1791158236
    nanosec: 996816322
  frame_id: base_link
name:
- joint_x
- joint_y
position:
- 0.0
- 0.0
velocity:
- 0.0
- 0.0
effort:
- .nan
- .nan
---
header:
  stamp:
    sec: 1791158237
    nanosec: 16702195
  frame_id: base_link
name:
- joint_x
- joint_y
position:
- 0.0
- 0.0
velocity:
- 0.0
- 0.0
effort:
- .nan
- .nan
---
header:
  stamp:
    sec: 1791158237
    nanosec: 36678980
  frame_id: base_link
name:
- joint_x
- joint_y
position:
- 0.0
- 0.0
velocity:
- 0.0
- 0.0
effort:
- .nan
- .nan
---
header:
  stamp:
    sec: 1791158237
    nanosec: 56675313
  frame_id: base_link
name:
- joint_x
- joint_y
position:
- 0.0
- 0.0
velocity:
- 0.0
- 0.0
effort:
- .nan
- .nan
---
header:
  stamp:
    sec: 1791158237
    nanosec: 76666625
  frame_id: base_link
name:
- joint_x
- joint_y
position:
- 0.0
- 0.0
velocity:
- 0.0
- 0.0
effort:
- .nan
- .nan
---
header:
  stamp:
    sec: 1791158237
    nanosec: 96676451
  frame_id: base_link
name:
- joint_x
- joint_y
position:
- 0.0
- 0.0
velocity:
- 0.0
- 0.0
effort:
- .nan
- .nan
---
header:
  stamp:
    sec: 1791158237
    nanosec: 116687071
  frame_id: base_link
name:
- joint_x
- joint_y
position:
- 0.0
- 0.0
velocity:
- 0.0
- 0.0
effort:
- .nan
- .nan
---
header:
  stamp:
    sec: 1791158237
    nanosec: 136650875
  frame_id: base_link
name:
- joint_x
- joint_y
position:
- 0.0
- 0.0
velocity:
- 0.0
- 0.0
effort:
- .nan
- .nan
---
header:
  stamp:
    sec: 1791158237
    nanosec: 156658084
  frame_id: base_link
name:
- joint_x
- joint_y
position:
- 0.0
- 0.0
velocity:
- 0.0
- 0.0
effort:
- .nan
- .nan
---
header:
  stamp:
    sec: 1791158237
    nanosec: 176655732
  frame_id: base_link
name:
- joint_x
- joint_y
position:
- 0.0
- 0.0
velocity:
- 0.0
- 0.0
effort:
- .nan
- .nan
---
header:
  stamp:
    sec: 1791158237
    nanosec: 196669936
  frame_id: base_link
name:
- joint_x
- joint_y
position:
- 0.0
- 0.0
velocity:
- 0.0
- 0.0
effort:
- .nan
- .nan
---
header:
  stamp:
    sec: 1791158237
    nanosec: 216706807
  frame_id: base_link
name:
- joint_x
- joint_y
position:
- 0.0
- 0.0
velocity:
- 0.0
- 0.0
effort:
- .nan
- .nan
---
header:
  stamp:
    sec: 1791158237
    nanosec: 236666501
  frame_id: base_link
name:
- joint_x
- joint_y
position:
- 0.0
- 0.0
velocity:
- 0.0
- 0.0
effort:
- .nan
- .nan
---
header:
  stamp:
    sec: 1791158237
    nanosec: 256660631
  frame_id: base_link
name:
- joint_x
- joint_y
position:
- 0.0
- 0.0
velocity:
- 0.0
- 0.0
effort:
- .nan
- .nan
---
header:
  stamp:
    sec: 1791158237
    nanosec: 276657036
  frame_id: base_link
name:
- joint_x
- joint_y
position:
- 0.0
- 0.0
velocity:
- 0.0
- 0.0
effort:
- .nan
- .nan
---
header:
  stamp:
    sec: 1791158237
    nanosec: 296658766
  frame_id: base_link
name:
- joint_x
- joint_y
position:
- 0.0
- 0.0
velocity:
- 0.0
- 0.0
effort:
- .nan
- .nan
---
header:
  stamp:
    sec: 1791158237
    nanosec: 316642958
  frame_id: base_link
name:
- joint_x
- joint_y
position:
- 0.0
- 0.0
velocity:
- 0.0
- 0.0
effort:
- .nan
- .nan
---
header:
  stamp:
    sec: 1791158237
    nanosec: 336681815
  frame_id: base_link
name:
- joint_x
- joint_y
position:
- 0.0
- 0.0
velocity:
- 0.0
- 0.0
effort:
- .nan
- .nan
---
header:
  stamp:
    sec: 1791158237
    nanosec: 356680783
  frame_id: base_link
name:
- joint_x
- joint_y
position:
- 0.0
- 0.0
velocity:
- 0.0
- 0.0
effort:
- .nan
- .nan
---
header:
  stamp:
    sec: 1791158237
    nanosec: 376668753
  frame_id: base_link
name:
- joint_x
- joint_y
position:
- 0.0
- 0.0
velocity:
- 0.0
- 0.0
effort:
- .nan
- .nan
---
header:
  stamp:
    sec: 1791158237
    nanosec: 396679598
  frame_id: base_link
name:
- joint_x
- joint_y
position:
- 0.0
- 0.0
velocity:
- 0.0
- 0.0
effort:
- .nan
- .nan
---
header:
  stamp:
    sec: 1791158237
    nanosec: 416658065
  frame_id: base_link
name:
- joint_x
- joint_y
position:
- 0.0
- 0.0
velocity:
- 0.0
- 0.0
effort:
- .nan
- .nan
---
header:
  stamp:
    sec: 1791158237
    nanosec: 436660440
  frame_id: base_link
name:
- joint_x
- joint_y
position:
- 0.0
- 0.0
velocity:
- 0.0
- 0.0
effort:
- .nan
- .nan
---
header:
  stamp:
    sec: 1791158237
    nanosec: 456874157
  frame_id: base_link
name:
- joint_x
- joint_y
position:
- 0.0
- 0.0
velocity:
- 0.0
- 0.0
effort:
- .nan
- .nan
---
header:
  stamp:
    sec: 1791158237
    nanosec: 476652271
  frame_id: base_link
name:
- joint_x
- joint_y
position:
- 0.0
- 0.0
velocity:
- 0.0
- 0.0
effort:
- .nan
- .nan
---
header:
  stamp:
    sec: 1791158237
    nanosec: 496859872
  frame_id: base_link
name:
- joint_x
- joint_y
position:
- 0.0
- 0.0
velocity:
- 0.0
- 0.0
effort:
- .nan
- .nan
---
header:
  stamp:
    sec: 1791158237
    nanosec: 516967651
  frame_id: base_link
name:
- joint_x
- joint_y
position:
- 0.0
- 0.0
velocity:
- 0.0
- 0.0
effort:
- .nan
- .nan
---
header:
  stamp:
    sec: 1791158237
    nanosec: 536656183
  frame_id: base_link
name:
- joint_x
- joint_y
position:
- 0.0
- 0.0
velocity:
- 0.0
- 0.0
effort:
- .nan
- .nan
---
header:
  stamp:
    sec: 1791158237
    nanosec: 556726104
  frame_id: base_link
name:
- joint_x
- joint_y
position:
- 0.0
- 0.0
velocity:
- 0.0
- 0.0
effort:
- .nan
- .nan
---
header:
  stamp:
    sec: 1791158237
    nanosec: 577062843
  frame_id: base_link
name:
- joint_x
- joint_y
position:
- 0.0
- 0.0
velocity:
- 0.0
- 0.0
effort:
- .nan
- .nan
---
header:
  stamp:
    sec: 1791158237
    nanosec: 596712328
  frame_id: base_link
name:
- joint_x
- joint_y
position:
- 0.0
- 0.0
velocity:
- 0.0
- 0.0
effort:
- .nan
- .nan
---
header:
  stamp:
    sec: 1791158237
    nanosec: 616927752
  frame_id: base_link
name:
- joint_x
- joint_y
position:
- 0.0
- 0.0
velocity:
- 0.0
- 0.0
effort:
- .nan
- .nan
---
header:
  stamp:
    sec: 1791158237
    nanosec: 636660524
  frame_id: base_link
name:
- joint_x
- joint_y
position:
- 0.0
- 0.0
velocity:
- 0.0
- 0.0
effort:
- .nan
- .nan
---
header:
  stamp:
    sec: 1791158237
    nanosec: 656677443
  frame_id: base_link
name:
- joint_x
- joint_y
position:
- 0.0
- 0.0
velocity:
- 0.0
- 0.0
effort:
- .nan
- .nan
---
header:
  stamp:
    sec: 1791158237
    nanosec: 676623623
  frame_id: base_link
name:
- joint_x
- joint_y
position:
- 0.0
- 0.0
velocity:
- 0.0
- 0.0
effort:
- .nan
- .nan
---
header:
  stamp:
    sec: 1791158237
    nanosec: 696671676
  frame_id: base_link
name:
- joint_x
- joint_y
position:
- 0.0
- 0.0
velocity:
- 0.0
- 0.0
effort:
- .nan
- .nan
---
header:
  stamp:
    sec: 1791158237
    nanosec: 716669509
  frame_id: base_link
name:
- joint_x
- joint_y
position:
- 0.0
- 0.0
velocity:
- 0.0
- 0.0
effort:
- .nan
- .nan
---
header:
  stamp:
    sec: 1791158237
    nanosec: 736681250
  frame_id: base_link
name:
- joint_x
- joint_y
position:
- 0.0
- 0.0
velocity:
- 0.0
- 0.0
effort:
- .nan
- .nan
---
header:
  stamp:
    sec: 1791158237
    nanosec: 756679188
  frame_id: base_link
name:
- joint_x
- joint_y
position:
- 0.0
- 0.0
velocity:
- 0.0
- 0.0
effort:
- .nan
- .nan
---
header:
  stamp:
    sec: 1791158237
    nanosec: 776684584
  frame_id: base_link
name:
- joint_x
- joint_y
position:
- 0.0
- 0.0
velocity:
- 0.0
- 0.0
effort:
- .nan
- .nan
---
header:
  stamp:
    sec: 1791158237
    nanosec: 796667743
  frame_id: base_link
name:
- joint_x
- joint_y
position:
- 0.0
- 0.0
velocity:
- 0.0
- 0.0
effort:
- .nan
- .nan
---
header:
  stamp:
    sec: 1791158237
    nanosec: 816663903
  frame_id: base_link
name:
- joint_x
- joint_y
position:
- 1.8750000890577212e-05
- 1.8750000890577212e-05
velocity:
- 0.0009374999790452421
- 0.0009374999790452421
effort:
- .nan
- .nan
---
header:
  stamp:
    sec: 1791158237
    nanosec: 836671926
  frame_id: base_link
name:
- joint_x
- joint_y
position:
- 5.624999903375283e-05
- 5.624999903375283e-05
velocity:
- 0.0018749999580904841
- 0.0018749999580904841
effort:
- .nan
- .nan
---
header:
  stamp:
    sec: 1791158237
    nanosec: 856647442
  frame_id: base_link
name:
- joint_x
- joint_y
position:
- 0.00011249999806750566
- 0.00011249999806750566
velocity:
- 0.002812500111758709
- 0.002812500111758709
effort:
- .nan
- .nan
---
header:
  stamp:
    sec: 1791158237
    nanosec: 876668583
  frame_id: base_link
name:
- joint_x
- joint_y
position:
- 0.00018124999769497663
- 0.00018124999769497663
velocity:
- 0.0034374999813735485
- 0.0034374999813735485
effort:
- .nan
- .nan
---
header:
  stamp:
    sec: 1791158237
    nanosec: 896677398
  frame_id: base_link
name:
- joint_x
- joint_y
position:
- 0.00026875000912696123
- 0.00026875000912696123
velocity:
- 0.004166666883975267
- 0.004166666883975267
effort:
- .nan
- .nan
---
header:
  stamp:
    sec: 1791158237
    nanosec: 916703697
  frame_id: base_link
name:
- joint_x
- joint_y
position:
- 0.00048749998677521944
- 0.00048749998677521944
velocity:
- 0.005625000223517418
- 0.005625000223517418
effort:
- .nan
- .nan
---
header:
  stamp:
    sec: 1791158237
    nanosec: 936701673
  frame_id: base_link
name:
- joint_x
- joint_y
position:
- 0.0006187499966472387
- 0.0006187499966472387
velocity:
- 0.006562499795109034
- 0.0062500000931322575
effort:
- .nan
- .nan
---
header:
  stamp:
    sec: 1791158237
    nanosec: 956676999
  frame_id: base_link
name:
- joint_x
- joint_y
position:
- 0.0007624999852851033
- 0.0007624999852851033
velocity:
- 0.006874999962747097
- 0.0071875001303851604
effort:
- .nan
- .nan
---
header:
  stamp:
    sec: 1791158237
    nanosec: 976700921
  frame_id: base_link
name:
- joint_x
- joint_y
position:
- 0.0009250000002793968
- 0.0009250000002793968
velocity:
- 0.008035714738070965
- 0.008035714738070965
effort:
- .nan
- .nan
---
header:
  stamp:
    sec: 1791158237
    nanosec: 996683922
  frame_id: base_link
name:
- joint_x
- joint_y
position:
- 0.0010999999940395355
- 0.0010999999940395355
velocity:
- 0.008750000037252903
- 0.008750000037252903
effort:
- .nan
- .nan
---
header:
  stamp:
    sec: 1791158238
    nanosec: 16682080
  frame_id: base_link
name:
- joint_x
- joint_y
position:
- 0.0012812500353902578
- 0.0012812500353902578
velocity:
- 0.009062499739229679
- 0.009062499739229679
effort:
- .nan
- .nan
---
header:
  stamp:
    sec: 1791158238
    nanosec: 36643056
  frame_id: base_link
name:
- joint_x
- joint_y
position:
- 0.001468749949708581
- 0.0014750000555068254
velocity:
- 0.00937500037252903
- 0.00937500037252903
effort:
- .nan
- .nan
---
header:
  stamp:
    sec: 1791158238
    nanosec: 56640674
  frame_id: base_link
name:
- joint_x
- joint_y
position:
- 0.0016687499592080712
- 0.0016749999485909939
velocity:
- 0.009999999776482582
- 0.009999999776482582
effort:
- .nan
- .nan
---
header:
  stamp:
    sec: 1791158238
    nanosec: 76680246
  frame_id: base_link
name:
- joint_x
- joint_y
position:
- 0.0018812499474734068
- 0.0018812499474734068
velocity:
- 0.010625000111758709
- 0.010625000111758709
effort:
- .nan
- .nan
---
header:
  stamp:
    sec: 1791158238
    nanosec: 96659000
  frame_id: base_link
name:
- joint_x
- joint_y
position:
- 0.0021187500096857548
- 0.0021187500096857548
velocity:
- 0.011874999850988388
- 0.011874999850988388
effort:
- .nan
- .nan
---
header:
  stamp:
    sec: 1791158238
    nanosec: 116657474
  frame_id: base_link
name:
- joint_x
- joint_y
position:
- 0.0023562500718981028
- 0.0023562500718981028
velocity:
- 0.011562500149011612
- 0.011562500149011612
effort:
- .nan
- .nan
---
header:
  stamp:
    sec: 1791158238
    nanosec: 136677261
  frame_id: base_link
name:
- joint_x
- joint_y
position:
- 0.002850000048056245
- 0.002850000048056245
velocity:
- 0.012812499888241291
- 0.012812499888241291
effort:
- .nan
- .nan
---
header:
  stamp:
    sec: 1791158238
    nanosec: 156660133
  frame_id: base_link
name:
- joint_x
- joint_y
position:
- 0.0031250000465661287
- 0.0031250000465661287
velocity:
- 0.013749999925494194
- 0.013749999925494194
effort:
- .nan
- .nan
---
header:
  stamp:
    sec: 1791158238
    nanosec: 176673373
  frame_id: base_link
name:
- joint_x
- joint_y
position:
- 0.0034000000450760126
- 0.0034000000450760126
velocity:
- 0.013749999925494194
- 0.013437500223517418
effort:
- .nan
- .nan
---
header:
  stamp:
    sec: 1791158238
    nanosec: 196658275
  frame_id: base_link
name:
- joint_x
- joint_y
position:
- 0.0036812499165534973
- 0.0036812499165534973
velocity:
- 0.013749999925494194
- 0.01406249962747097
effort:
- .nan
- .nan
---
header:
  stamp:
    sec: 1791158238
    nanosec: 216650450
  frame_id: base_link
name:
- joint_x
- joint_y
position:
- 0.00396875012665987
- 0.00396875012665987
velocity:
- 0.014687499962747097
- 0.014375000260770321
effort:
- .nan
- .nan
---
header:
  stamp:
    sec: 1791158238
    nanosec: 236661330
  frame_id: base_link
name:
- joint_x
- joint_y
position:
- 0.0042624999769032
- 0.0042624999769032
velocity:
- 0.014687499962747097
- 0.014999999664723873
effort:
- .nan
- .nan
---
header:
  stamp:
    sec: 1791158238
    nanosec: 256662030
  frame_id: base_link
name:
- joint_x
- joint_y
position:
- 0.004587499890476465
- 0.004587499890476465
velocity:
- 0.015476190485060215
- 0.015476190485060215
effort:
- .nan
- .nan
---
header:
  stamp:
    sec: 1791158238
    nanosec: 276662361
  frame_id: base_link
name:
- joint_x
- joint_y
position:
- 0.00491249980404973
- 0.00491249980404973
velocity:
- 0.016249999403953552
- 0.016249999403953552
effort:
- .nan
- .nan
---
header:
  stamp:
    sec: 1791158238
    nanosec: 296661152
  frame_id: base_link
name:
- joint_x
- joint_y
position:
- 0.005237500183284283
- 0.005237500183284283
velocity:
- 0.016249999403953552
- 0.016249999403953552
effort:
- .nan
- .nan
---
header:
  stamp:
    sec: 1791158238
    nanosec: 316656710
  frame_id: base_link
name:
- joint_x
- joint_y
position:
- 0.005562500096857548
- 0.005562500096857548
velocity:
- 0.016249999403953552
- 0.016249999403953552
effort:
- .nan
- .nan
---
header:
  stamp:
    sec: 1791158238
    nanosec: 336665974
  frame_id: base_link
name:
- joint_x
- joint_y
position:
- 0.005900000222027302
- 0.005893750116229057
velocity:
- 0.016875000670552254
- 0.01656249910593033
effort:
- .nan
- .nan
---
header:
  stamp:
    sec: 1791158238
    nanosec: 356682150
  frame_id: base_link
name:
- joint_x
- joint_y
position:
- 0.0062374998815357685
- 0.0062374998815357685
velocity:
- 0.016875000670552254
- 0.01718750037252903
effort:
- .nan
- .nan
---
header:
  stamp:
    sec: 1791158238
    nanosec: 376675398
  frame_id: base_link
name:
- joint_x
- joint_y
position:
- 0.006949999835342169
- 0.006943750195205212
velocity:
- 0.017500000074505806
- 0.01718750037252903
effort:
- .nan
- .nan
---
header:
  stamp:
    sec: 1791158238
    nanosec: 396656905
  frame_id: base_link
name:
- joint_x
- joint_y
position:
- 0.007306249812245369
- 0.007306249812245369
velocity:
- 0.017812499776482582
- 0.018124999478459358
effort:
- .nan
- .nan
---
header:
  stamp:
    sec: 1791158238
    nanosec: 416665728
  frame_id: base_link
name:
- joint_x
- joint_y
position:
- 0.007668749894946814
- 0.007675000000745058
velocity:
- 0.018124999478459358
- 0.018124999478459358
effort:
- .nan
- .nan
---
header:
  stamp:
    sec: 1791158238
    nanosec: 436661612
  frame_id: base_link
name:
- joint_x
- joint_y
position:
- 0.008062499575316906
- 0.008062499575316906
velocity:
- 0.019375000149011612
- 0.019375000149011612
effort:
- .nan
- .nan
---
header:
  stamp:
    sec: 1791158238
    nanosec: 456653826
  frame_id: base_link
name:
- joint_x
- joint_y
position:
- 0.008437500335276127
- 0.008431250229477882
velocity:
- 0.01875000074505806
- 0.01875000074505806
effort:
- .nan
- .nan
---
header:
  stamp:
    sec: 1791158238
    nanosec: 476655794
  frame_id: base_link
name:
- joint_x
- joint_y
position:
- 0.008812500163912773
- 0.008806250058114529
velocity:
- 0.019062500447034836
- 0.01875000074505806
effort:
- .nan
- .nan
---
header:
  stamp:
    sec: 1791158238
    nanosec: 496655928
  frame_id: base_link
name:
- joint_x
- joint_y
position:
- 0.009193750098347664
- 0.00918749999254942
velocity:
- 0.01875000074505806
- 0.019062500447034836
effort:
- .nan
- .nan
---
header:
  stamp:
    sec: 1791158238
    nanosec: 516663568
  frame_id: base_link
name:
- joint_x
- joint_y
position:
- 0.009575000032782555
- 0.009575000032782555
velocity:
- 0.019375000149011612
- 0.019375000149011612
effort:
- .nan
- .nan
---
header:
  stamp:
    sec: 1791158238
    nanosec: 536653424
  frame_id: base_link
name:
- joint_x
- joint_y
position:
- 0.009981250390410423
- 0.009981250390410423
velocity:
- 0.0193452388048172
- 0.0193452388048172
effort:
- .nan
- .nan
---
header:
  stamp:
    sec: 1791158238
    nanosec: 556652023
  frame_id: base_link
name:
- joint_x
- joint_y
position:
- 0.010393749922513962
- 0.010400000028312206
velocity:
- 0.020625000819563866
- 0.020625000819563866
effort:
- .nan
- .nan
---
header:
  stamp:
    sec: 1791158238
    nanosec: 576659042
  frame_id: base_link
name:
- joint_x
- joint_y
position:
- 0.01080000028014183
- 0.010793750174343586
velocity:
- 0.019999999552965164
- 0.019999999552965164
effort:
- .nan
- .nan
---
header:
  stamp:
    sec: 1791158238
    nanosec: 596644329
  frame_id: base_link
name:
- joint_x
- joint_y
position:
- 0.011587499640882015
- 0.011587499640882015
velocity:
- 0.019687499850988388
- 0.019687499850988388
effort:
- .nan
- .nan
---
header:
  stamp:
    sec: 1791158238
    nanosec: 616653916
  frame_id: base_link
name:
- joint_x
- joint_y
position:
- 0.012018750421702862
- 0.012018750421702862
velocity:
- 0.021250000223517418
- 0.021250000223517418
effort:
- .nan
- .nan
---
header:
  stamp:
    sec: 1791158238
    nanosec: 636646700
  frame_id: base_link
name:
- joint_x
- joint_y
position:
- 0.012418749742209911
- 0.012418749742209911
velocity:
- 0.02031249925494194
- 0.019999999552965164
effort:
- .nan
- .nan
---
header:
  stamp:
    sec: 1791158238
    nanosec: 656661536
  frame_id: base_link
name:
- joint_x
- joint_y
position:
- 0.01282500009983778
- 0.01282500009983778
velocity:
- 0.02031249925494194
- 0.02031249925494194
effort:
- .nan
- .nan
---
header:
  stamp:
    sec: 1791158238
    nanosec: 676676167
  frame_id: base_link
name:
- joint_x
- joint_y
position:
- 0.013231250457465649
- 0.013231250457465649
velocity:
- 0.02031249925494194
- 0.020625000819563866
effort:
- .nan
- .nan
---
header:
  stamp:
    sec: 1791158238
    nanosec: 696667676
  frame_id: base_link
name:
- joint_x
- joint_y
position:
- 0.013643749989569187
- 0.013643749989569187
velocity:
- 0.02031249925494194
- 0.02031249925494194
effort:
- .nan
- .nan
---
header:
  stamp:
    sec: 1791158238
    nanosec: 716683827
  frame_id: base_link
name:
- joint_x
- joint_y
position:
- 0.014074999839067459
- 0.014074999839067459
velocity:
- 0.02083333395421505
- 0.02083333395421505
effort:
- .nan
- .nan
---
header:
  stamp:
    sec: 1791158238
    nanosec: 736672821
  frame_id: base_link
name:
- joint_x
- joint_y
position:
- 0.014506249688565731
- 0.014506249688565731
velocity:
- 0.021562499925494194
- 0.021562499925494194
effort:
- .nan
- .nan
---
header:
  stamp:
    sec: 1791158238
    nanosec: 756652688
  frame_id: base_link
name:
- joint_x
- joint_y
position:
- 0.014918750151991844
- 0.014918750151991844
velocity:
- 0.020625000819563866
- 0.020625000819563866
effort:
- .nan
- .nan
---
header:
  stamp:
    sec: 1791158238
    nanosec: 776665715
  frame_id: base_link
name:
- joint_x
- joint_y
position:
- 0.015331249684095383
- 0.015331249684095383
velocity:
- 0.020625000819563866
- 0.020625000819563866
effort:
- .nan
- .nan
---
header:
  stamp:
    sec: 1791158238
    nanosec: 796658714
  frame_id: base_link
name:
- joint_x
- joint_y
position:
- 0.01574374921619892
- 0.01574374921619892
velocity:
- 0.020625000819563866
- 0.020625000819563866
effort:
- .nan
- .nan
---
header:
  stamp:
    sec: 1791158238
    nanosec: 816657036
  frame_id: base_link
name:
- joint_x
- joint_y
position:
- 0.01614999957382679
- 0.01614999957382679
velocity:
- 0.02031249925494194
- 0.02031249925494194
effort:
- .nan
- .nan
---
header:
  stamp:
    sec: 1791158238
    nanosec: 836641698
  frame_id: base_link
name:
- joint_x
- joint_y
position:
- 0.016981249675154686
- 0.016981249675154686
velocity:
- 0.019999999552965164
- 0.019999999552965164
effort:
- .nan
- .nan
---
header:
  stamp:
    sec: 1791158238
    nanosec: 856634297
  frame_id: base_link
name:
- joint_x
- joint_y
position:
- 0.017393749207258224
- 0.017393749207258224
velocity:
- 0.020625000819563866
- 0.020625000819563866
effort:
- .nan
- .nan
---
header:
  stamp:
    sec: 1791158238
    nanosec: 876646986
  frame_id: base_link
name:
- joint_x
- joint_y
position:
- 0.017799999564886093
- 0.017799999564886093
velocity:
- 0.02031249925494194
- 0.02031249925494194
effort:
- .nan
- .nan
---
header:
  stamp:
    sec: 1791158238
    nanosec: 896663185
  frame_id: base_link
name:
- joint_x
- joint_y
position:
- 0.01822499930858612
- 0.01822499930858612
velocity:
- 0.021250000223517418
- 0.021250000223517418
effort:
- .nan
- .nan
---
header:
  stamp:
    sec: 1791158238
    nanosec: 916648301
  frame_id: base_link
name:
- joint_x
- joint_y
position:
- 0.01863124966621399
- 0.01863124966621399
velocity:
- 0.019999999552965164
- 0.019999999552965164
effort:
- .nan
- .nan
---
header:
  stamp:
    sec: 1791158238
    nanosec: 936664711
  frame_id: base_link
name:
- joint_x
- joint_y
position:
- 0.01902499981224537
- 0.01902499981224537
velocity:
- 0.019999999552965164
- 0.019999999552965164
effort:
- .nan
- .nan
---
header:
  stamp:
    sec: 1791158238
    nanosec: 956662577
  frame_id: base_link
name:
- joint_x
- joint_y
position:
- 0.01942499913275242
- 0.01942499913275242
velocity:
- 0.019687499850988388
- 0.019999999552965164
effort:
- .nan
- .nan
---
header:
  stamp:
    sec: 1791158238
    nanosec: 976659849
  frame_id: base_link
name:
- joint_x
- joint_y
position:
- 0.019818749278783798
- 0.019818749278783798
velocity:
- 0.019687499850988388
- 0.019375000149011612
effort:
- .nan
- .nan
---
header:
  stamp:
    sec: 1791158238
    nanosec: 996654293
  frame_id: base_link
name:
- joint_x
- joint_y
position:
- 0.020224999636411667
- 0.020224999636411667
velocity:
- 0.01964285783469677
- 0.01964285783469677
effort:
- .nan
- .nan
---
header:
  stamp:
    sec: 1791158239
    nanosec: 16690172
  frame_id: base_link
name:
- joint_x
- joint_y
position:
- 0.020631249994039536
- 0.020631249994039536
velocity:
- 0.02031249925494194
- 0.02031249925494194
effort:
- .nan
- .nan
---
header:
  stamp:
    sec: 1791158239
    nanosec: 36639559
  frame_id: base_link
name:
- joint_x
- joint_y
position:
- 0.021018749102950096
- 0.021018749102950096
velocity:
- 0.019375000149011612
- 0.019375000149011612
effort:
- .nan
- .nan
---
header:
  stamp:
    sec: 1791158239
    nanosec: 56638587
  frame_id: base_link
name:
- joint_x
- joint_y
position:
- 0.021400000900030136
- 0.021400000900030136
velocity:
- 0.019062500447034836
- 0.019062500447034836
effort:
- .nan
- .nan
---
header:
  stamp:
    sec: 1791158239
    nanosec: 76638147
  frame_id: base_link
name:
- joint_x
- joint_y
position:
- 0.0221562497317791
- 0.0221562497317791
velocity:
- 0.019375000149011612
- 0.019375000149011612
effort:
- .nan
- .nan
---
header:
  stamp:
    sec: 1791158239
    nanosec: 96652110
  frame_id: base_link
name:
- joint_x
- joint_y
position:
- 0.02251875028014183
- 0.0225249994546175
velocity:
- 0.018124999478459358
- 0.018124999478459358
effort:
- .nan
- .nan
---
header:
  stamp:
    sec: 1791158239
    nanosec: 116653376
  frame_id: base_link
name:
- joint_x
- joint_y
position:
- 0.022881250828504562
- 0.022881250828504562
velocity:
- 0.018124999478459358
- 0.017812499776482582
effort:
- .nan
- .nan
---
header:
  stamp:
    sec: 1791158239
    nanosec: 136660124
  frame_id: base_link
name:
- joint_x
- joint_y
position:
- 0.023237500339746475
- 0.023237500339746475
velocity:
- 0.017500000074505806
- 0.017812499776482582
effort:
- .nan
- .nan
---
header:
  stamp:
    sec: 1791158239
    nanosec: 156656496
  frame_id: base_link
name:
- joint_x
- joint_y
position:
- 0.023587500676512718
- 0.023587500676512718
velocity:
- 0.017500000074505806
- 0.017500000074505806
effort:
- .nan
- .nan
---
header:
  stamp:
    sec: 1791158239
    nanosec: 176668692
  frame_id: base_link
name:
- joint_x
- joint_y
position:
- 0.0239499993622303
- 0.02394375018775463
velocity:
- 0.01755952462553978
- 0.01726190559566021
effort:
- .nan
- .nan
---
header:
  stamp:
    sec: 1791158239
    nanosec: 196662929
  frame_id: base_link
name:
- joint_x
- joint_y
position:
- 0.024281250312924385
- 0.024281250312924385
velocity:
- 0.01755952462553978
- 0.01726190559566021
effort:
- .nan
- .nan
---
header:
  stamp:
    sec: 1791158239
    nanosec: 216659022
  frame_id: base_link
name:
- joint_x
- joint_y
position:
- 0.02461249940097332
- 0.02461249940097332
velocity:
- 0.016987180337309837
- 0.016987180337309837
effort:
- .nan
- .nan
---
header:
  stamp:
    sec: 1791158239
    nanosec: 236665412
  frame_id: base_link
name:
- joint_x
- joint_y
position:
- 0.024937499314546585
- 0.024937499314546585
velocity:
- 0.015937499701976776
- 0.016249999403953552
effort:
- .nan
- .nan
---
header:
  stamp:
    sec: 1791158239
    nanosec: 256664183
  frame_id: base_link
name:
- joint_x
- joint_y
position:
- 0.02525000087916851
- 0.02525000087916851
velocity:
- 0.015937499701976776
- 0.015937499701976776
effort:
- .nan
- .nan
---
header:
  stamp:
    sec: 1791158239
    nanosec: 276664875
  frame_id: base_link
name:
- joint_x
- joint_y
position:
- 0.025575000792741776
- 0.025575000792741776
velocity:
- 0.015476190485060215
- 0.015476190485060215
effort:
- .nan
- .nan
---
header:
  stamp:
    sec: 1791158239
    nanosec: 296664105
  frame_id: base_link
name:
- joint_x
- joint_y
position:
- 0.02616249956190586
- 0.02615625038743019
velocity:
- 0.015064102597534657
- 0.014903846196830273
effort:
- .nan
- .nan
---
header:
  stamp:
    sec: 1791158239
    nanosec: 316662183
  frame_id: base_link
name:
- joint_x
- joint_y
position:
- 0.02644374966621399
- 0.02644374966621399
velocity:
- 0.01406249962747097
- 0.014375000260770321
effort:
- .nan
- .nan
---
header:
  stamp:
    sec: 1791158239
    nanosec: 336653247
  frame_id: base_link
name:
- joint_x
- joint_y
position:
- 0.026737499982118607
- 0.026737499982118607
velocity:
- 0.014687499962747097
- 0.014375000260770321
effort:
- .nan
- .nan
---
header:
  stamp:
    sec: 1791158239
    nanosec: 356657778
  frame_id: base_link
name:
- joint_x
- joint_y
position:
- 0.027000000700354576
- 0.027006249874830246
velocity:
- 0.013124999590218067
- 0.013437500223517418
effort:
- .nan
- .nan
---
header:
  stamp:
    sec: 1791158239
    nanosec: 376674894
  frame_id: base_link
name:
- joint_x
- joint_y
position:
- 0.027262499555945396
- 0.027262499555945396
velocity:
- 0.013124999590218067
- 0.013124999590218067
effort:
- .nan
- .nan
---
header:
  stamp:
    sec: 1791158239
    nanosec: 396655952
  frame_id: base_link
name:
- joint_x
- joint_y
position:
- 0.027512500062584877
- 0.027512500062584877
velocity:
- 0.012500000186264515
- 0.012187499552965164
effort:
- .nan
- .nan
---
header:
  stamp:
    sec: 1791158239
    nanosec: 416666417
  frame_id: base_link
name:
- joint_x
- joint_y
position:
- 0.02775000035762787
- 0.02775000035762787
velocity:
- 0.011874999850988388
- 0.012187499552965164
effort:
- .nan
- .nan
---
header:
  stamp:
    sec: 1791158239
    nanosec: 436655356
  frame_id: base_link
name:
- joint_x
- joint_y
position:
- 0.02799374982714653
- 0.02799374982714653
velocity:
- 0.012187499552965164
- 0.012187499552965164
effort:
- .nan
- .nan
---
header:
  stamp:
    sec: 1791158239
    nanosec: 456650479
  frame_id: base_link
name:
- joint_x
- joint_y
position:
- 0.028212500736117363
- 0.028212500736117363
velocity:
- 0.010625000111758709
- 0.010937499813735485
effort:
- .nan
- .nan
---
header:
  stamp:
    sec: 1791158239
    nanosec: 476660072
  frame_id: base_link
name:
- joint_x
- joint_y
position:
- 0.028418749570846558
- 0.028418749570846558
velocity:
- 0.010625000111758709
- 0.010312500409781933
effort:
- .nan
- .nan
---
header:
  stamp:
    sec: 1791158239
    nanosec: 496654104
  frame_id: base_link
name:
- joint_x
- joint_y
position:
- 0.028618749231100082
- 0.028618749231100082
velocity:
- 0.009999999776482582
- 0.009999999776482582
effort:
- .nan
- .nan
---
header:
  stamp:
    sec: 1791158239
    nanosec: 516673281
  frame_id: base_link
name:
- joint_x
- joint_y
position:
- 0.028818750753998756
- 0.028818750753998756
velocity:
- 0.009523809887468815
- 0.009523809887468815
effort:
- .nan
- .nan
---
header:
  stamp:
    sec: 1791158239
    nanosec: 536656006
  frame_id: base_link
name:
- joint_x
- joint_y
position:
- 0.02916250005364418
- 0.02916250005364418
velocity:
- 0.008124999701976776
- 0.008124999701976776
effort:
- .nan
- .nan
---
header:
  stamp:
    sec: 1791158239
    nanosec: 556709093
  frame_id: base_link
name:
- joint_x
- joint_y
position:
- 0.02931874990463257
- 0.02931874990463257
velocity:
- 0.0078125
- 0.0078125
effort:
- .nan
- .nan
---
header:
  stamp:
    sec: 1791158239
    nanosec: 576658289
  frame_id: base_link
name:
- joint_x
- joint_y
position:
- 0.029456250369548798
- 0.029456250369548798
velocity:
- 0.006874999962747097
- 0.006874999962747097
effort:
- .nan
- .nan
---
header:
  stamp:
    sec: 1791158239
    nanosec: 596662808
  frame_id: base_link
name:
- joint_x
- joint_y
position:
- 0.029593750834465027
- 0.029587499797344208
velocity:
- 0.0065476191230118275
- 0.0062500000931322575
effort:
- .nan
- .nan
---
header:
  stamp:
    sec: 1791158239
    nanosec: 616619695
  frame_id: base_link
name:
- joint_x
- joint_y
position:
- 0.029712500050663948
- 0.029712500050663948
velocity:
- 0.005937499925494194
- 0.0062500000931322575
effort:
- .nan
- .nan
---
header:
  stamp:
    sec: 1791158239
    nanosec: 636658685
  frame_id: base_link
name:
- joint_x
- joint_y
position:
- 0.02981249988079071
- 0.02981249988079071
velocity:
- 0.004999999888241291
- 0.004999999888241291
effort:
- .nan
- .nan
---
header:
  stamp:
    sec: 1791158239
    nanosec: 656655544
  frame_id: base_link
name:
- joint_x
- joint_y
position:
- 0.029899999499320984
- 0.029899999499320984
velocity:
- 0.0043750000186264515
- 0.0043750000186264515
effort:
- .nan
- .nan
---
header:
  stamp:
    sec: 1791158239
    nanosec: 676660453
  frame_id: base_link
name:
- joint_x
- joint_y
position:
- 0.029975000768899918
- 0.029975000768899918
velocity:
- 0.0037499999161809683
- 0.0037499999161809683
effort:
- .nan
- .nan
---
header:
  stamp:
    sec: 1791158239
    nanosec: 696653921
  frame_id: base_link
name:
- joint_x
- joint_y
position:
- 0.030037499964237213
- 0.030037499964237213
velocity:
- 0.0031250000465661287
- 0.0031250000465661287
effort:
- .nan
- .nan
---
header:
  stamp:
    sec: 1791158239
    nanosec: 716660130
  frame_id: base_link
name:
- joint_x
- joint_y
position:
- 0.03008750081062317
- 0.03008750081062317
velocity:
- 0.0024999999441206455
- 0.0024999999441206455
effort:
- .nan
- .nan
---
header:
  stamp:
    sec: 1791158239
    nanosec: 736652951
  frame_id: base_link
name:
- joint_x
- joint_y
position:
- 0.030124999582767487
- 0.030124999582767487
velocity:
- 0.0018749999580904841
- 0.0018749999580904841
effort:
- .nan
- .nan
---
header:
  stamp:
    sec: 1791158239
    nanosec: 756659142
  frame_id: base_link
name:
- joint_x
- joint_y
position:
- 0.030143750831484795
- 0.030143750831484795
velocity:
- 0.0003124999930150807
- 0.0
effort:
- .nan
- .nan
---
header:
  stamp:
    sec: 1791158239
    nanosec: 776670770
  frame_id: base_link
name:
- joint_x
- joint_y
position:
- 0.030131250619888306
- 0.030131250619888306
velocity:
- -0.0006249999860301614
- -0.0006249999860301614
effort:
- .nan
- .nan
---
header:
  stamp:
    sec: 1791158239
    nanosec: 796657635
  frame_id: base_link
name:
- joint_x
- joint_y
position:
- 0.030106250196695328
- 0.030106250196695328
velocity:
- -0.0012499999720603228
- -0.0012499999720603228
effort:
- .nan
- .nan
---
header:
  stamp:
    sec: 1791158239
    nanosec: 816665810
  frame_id: base_link
name:
- joint_x
- joint_y
position:
- 0.03006250038743019
- 0.03006250038743019
velocity:
- -0.0021875000093132257
- -0.0021875000093132257
effort:
- .nan
- .nan
---
header:
  stamp:
    sec: 1791158239
    nanosec: 836638950
  frame_id: base_link
name:
- joint_x
- joint_y
position:
- 0.030006250366568565
- 0.030006250366568565
velocity:
- -0.002812500111758709
- -0.002812500111758709
effort:
- .nan
- .nan
---
header:
  stamp:
    sec: 1791158239
    nanosec: 856654803
  frame_id: base_link
name:
- joint_x
- joint_y
position:
- 0.02993750013411045
- 0.02993750013411045
velocity:
- -0.0034374999813735485
- -0.0034374999813735485
effort:
- .nan
- .nan
---
header:
  stamp:
    sec: 1791158239
    nanosec: 876639344
  frame_id: base_link
name:
- joint_x
- joint_y
position:
- 0.029843749478459358
- 0.029843749478459358
velocity:
- -0.004464285913854837
- -0.004464285913854837
effort:
- .nan
- .nan
---
header:
  stamp:
    sec: 1791158239
    nanosec: 896692560
  frame_id: base_link
name:
- joint_x
- joint_y
position:
- 0.029743749648332596
- 0.029743749648332596
velocity:
- -0.004999999888241291
- -0.004999999888241291
effort:
- .nan
- .nan
---
header:
  stamp:
    sec: 1791158239
    nanosec: 916638623
  frame_id: base_link
name:
- joint_x
- joint_y
position:
- 0.029631249606609344
- 0.029631249606609344
velocity:
- -0.005625000223517418
- -0.005625000223517418
effort:
- .nan
- .nan
---
header:
  stamp:
    sec: 1791158239
    nanosec: 936650360
  frame_id: base_link
name:
- joint_x
- joint_y
position:
- 0.029506249353289604
- 0.029500000178813934
velocity:
- -0.0062500000931322575
- -0.0062500000931322575
effort:
- .nan
- .nan
---
header:
  stamp:
    sec: 1791158239
    nanosec: 956650844
  frame_id: base_link
name:
- joint_x
- joint_y
position:
- 0.029368750751018524
- 0.029368750751018524
velocity:
- -0.006874999962747097
- -0.006874999962747097
effort:
- .nan
- .nan
---
header:
  stamp:
    sec: 1791158239
    nanosec: 976659158
  frame_id: base_link
name:
- joint_x
- joint_y
position:
- 0.029206249862909317
- 0.029206249862909317
velocity:
- -0.0077380952425301075
- -0.0077380952425301075
effort:
- .nan
- .nan
---
header:
  stamp:
    sec: 1791158239
    nanosec: 996659089
  frame_id: base_link
name:
- joint_x
- joint_y
position:
- 0.028862500563263893
- 0.028862500563263893
velocity:
- -0.008437500335276127
- -0.008437500335276127
effort:
- .nan
- .nan
---
header:
  stamp:
    sec: 1791158240
    nanosec: 16638600
  frame_id: base_link
name:
- joint_x
- joint_y
position:
- 0.028681250289082527
- 0.028681250289082527
velocity:
- -0.00937500037252903
- -0.00937500037252903
effort:
- .nan
- .nan
---
header:
  stamp:
    sec: 1791158240
    nanosec: 36634338
  frame_id: base_link
name:
- joint_x
- joint_y
position:
- 0.028481250628829002
- 0.028481250628829002
velocity:
- -0.009999999776482582
- -0.009999999776482582
effort:
- .nan
- .nan
---
header:
  stamp:
    sec: 1791158240
    nanosec: 56634481
  frame_id: base_link
name:
- joint_x
- joint_y
position:
- 0.02826249971985817
- 0.02826249971985817
velocity:
- -0.010416666977107525
- -0.010416666977107525
effort:
- .nan
- .nan
---
header:
  stamp:
    sec: 1791158240
    nanosec: 76646792
  frame_id: base_link
name:
- joint_x
- joint_y
position:
- 0.028031250461935997
- 0.028031250461935997
velocity:
- -0.011562500149011612
- -0.011562500149011612
effort:
- .nan
- .nan
---
header:
  stamp:
    sec: 1791158240
    nanosec: 96669684
  frame_id: base_link
name:
- joint_x
- joint_y
position:
- 0.027799999341368675
- 0.027799999341368675
velocity:
- -0.011250000447034836
- -0.011562500149011612
effort:
- .nan
- .nan
---
header:
  stamp:
    sec: 1791158240
    nanosec: 116662718
  frame_id: base_link
name:
- joint_x
- joint_y
position:
- 0.027562500908970833
- 0.027562500908970833
velocity:
- -0.012187499552965164
- -0.011874999850988388
effort:
- .nan
- .nan
---
header:
  stamp:
    sec: 1791158240
    nanosec: 136667980
  frame_id: base_link
name:
- joint_x
- joint_y
position:
- 0.027312500402331352
- 0.027318749576807022
velocity:
- -0.012187499552965164
- -0.012187499552965164
effort:
- .nan
- .nan
---
header:
  stamp:
    sec: 1791158240
    nanosec: 156678644
  frame_id: base_link
name:
- joint_x
- joint_y
position:
- 0.027056250721216202
- 0.02706249989569187
velocity:
- -0.013124999590218067
- -0.012812499888241291
effort:
- .nan
- .nan
---
header:
  stamp:
    sec: 1791158240
    nanosec: 176663739
  frame_id: base_link
name:
- joint_x
- joint_y
position:
- 0.026781249791383743
- 0.026781249791383743
velocity:
- -0.013095238246023655
- -0.013392857275903225
effort:
- .nan
- .nan
---
header:
  stamp:
    sec: 1791158240
    nanosec: 196687595
  frame_id: base_link
name:
- joint_x
- joint_y
position:
- 0.026487499475479126
- 0.026487499475479126
velocity:
- -0.014375000260770321
- -0.014375000260770321
effort:
- .nan
- .nan
---
header:
  stamp:
    sec: 1791158240
    nanosec: 216660945
  frame_id: base_link
name:
- joint_x
- joint_y
position:
- 0.026206249371170998
- 0.026206249371170998
velocity:
- -0.014375000260770321
- -0.014375000260770321
effort:
- .nan
- .nan
---
header:
  stamp:
    sec: 1791158240
    nanosec: 236669341
  frame_id: base_link
name:
- joint_x
- joint_y
position:
- 0.025612499564886093
- 0.025618750602006912
velocity:
- -0.014999999664723873
- -0.014687499962747097
effort:
- .nan
- .nan
---
header:
  stamp:
    sec: 1791158240
    nanosec: 256661154
  frame_id: base_link
name:
- joint_x
- joint_y
position:
- 0.025287499651312828
- 0.025287499651312828
velocity:
- -0.015937499701976776
- -0.01656249910593033
effort:
- .nan
- .nan
---
header:
  stamp:
    sec: 1791158240
    nanosec: 276659152
  frame_id: base_link
name:
- joint_x
- joint_y
position:
- 0.024974999949336052
- 0.024974999949336052
velocity:
- -0.015937499701976776
- -0.015625
effort:
- .nan
- .nan
---
header:
  stamp:
    sec: 1791158240
    nanosec: 296676318
  frame_id: base_link
name:
- joint_x
- joint_y
position:
- 0.024650000035762787
- 0.024650000035762787
velocity:
- -0.015937499701976776
- -0.016249999403953552
effort:
- .nan
- .nan
---
header:
  stamp:
    sec: 1791158240
    nanosec: 316661656
  frame_id: base_link
name:
- joint_x
- joint_y
position:
- 0.024318749085068703
- 0.024325000122189522
velocity:
- -0.01656249910593033
- -0.016249999403953552
effort:
- .nan
- .nan
---
header:
  stamp:
    sec: 1791158240
    nanosec: 336652111
  frame_id: base_link
name:
- joint_x
- joint_y
position:
- 0.023981250822544098
- 0.023987499997019768
velocity:
- -0.016875000670552254
- -0.016875000670552254
effort:
- .nan
- .nan
---
header:
  stamp:
    sec: 1791158240
    nanosec: 356650755
  frame_id: base_link
name:
- joint_x
- joint_y
position:
- 0.023624999448657036
- 0.023624999448657036
velocity:
- -0.01726190559566021
- -0.01726190559566021
effort:
- .nan
- .nan
---
header:
  stamp:
    sec: 1791158240
    nanosec: 376653778
  frame_id: base_link
name:
- joint_x
- joint_y
position:
- 0.023256249725818634
- 0.023256249725818634
velocity:
- -0.018437499180436134
- -0.018437499180436134
effort:
- .nan
- .nan
---
header:
  stamp:
    sec: 1791158240
    nanosec: 396653708
  frame_id: base_link
name:
- joint_x
- joint_y
position:
- 0.02290000021457672
- 0.02290000021457672
velocity:
- -0.017812499776482582
- -0.017812499776482582
effort:
- .nan
- .nan
---
header:
  stamp:
    sec: 1791158240
    nanosec: 416670113
  frame_id: base_link
name:
- joint_x
- joint_y
position:
- 0.02253749966621399
- 0.02253749966621399
velocity:
- -0.018124999478459358
- -0.017812499776482582
effort:
- .nan
- .nan
---
header:
  stamp:
    sec: 1791158240
    nanosec: 436680988
  frame_id: base_link
name:
- joint_x
- joint_y
position:
- 0.022174999117851257
- 0.022174999117851257
velocity:
- -0.018124999478459358
- -0.018124999478459358
effort:
- .nan
- .nan
---
header:
  stamp:
    sec: 1791158240
    nanosec: 456679926
  frame_id: base_link
name:
- joint_x
- joint_y
position:
- 0.021781250834465027
- 0.021787500008940697
velocity:
- -0.01845238171517849
- -0.01875000074505806
effort:
- .nan
- .nan
---
header:
  stamp:
    sec: 1791158240
    nanosec: 476663186
  frame_id: base_link
name:
- joint_x
- joint_y
position:
- 0.021018749102950096
- 0.021018749102950096
velocity:
- -0.018437499180436134
- -0.019062500447034836
effort:
- .nan
- .nan
---
header:
  stamp:
    sec: 1791158240
    nanosec: 496640975
  frame_id: base_link
name:
- joint_x
- joint_y
position:
- 0.020637499168515205
- 0.020637499168515205
velocity:
- -0.019375000149011612
- -0.019062500447034836
effort:
- .nan
- .nan
---
header:
  stamp:
    sec: 1791158240
    nanosec: 516697219
  frame_id: base_link
name:
- joint_x
- joint_y
position:
- 0.020250000059604645
- 0.020250000059604645
velocity:
- -0.019375000149011612
- -0.019375000149011612
effort:
- .nan
- .nan
---
header:
  stamp:
    sec: 1791158240
    nanosec: 536666531
  frame_id: base_link
name:
- joint_x
- joint_y
position:
- 0.019862499088048935
- 0.019862499088048935
velocity:
- -0.019375000149011612
- -0.019375000149011612
effort:
- .nan
- .nan
---
header:
  stamp:
    sec: 1791158240
    nanosec: 556664361
  frame_id: base_link
name:
- joint_x
- joint_y
position:
- 0.019449999555945396
- 0.019449999555945396
velocity:
- -0.020625000819563866
- -0.020625000819563866
effort:
- .nan
- .nan
---
header:
  stamp:
    sec: 1791158240
    nanosec: 576666658
  frame_id: base_link
name:
- joint_x
- joint_y
position:
- 0.019050000235438347
- 0.019050000235438347
velocity:
- -0.019999999552965164
- -0.019999999552965164
effort:
- .nan
- .nan
---
header:
  stamp:
    sec: 1791158240
    nanosec: 596655656
  frame_id: base_link
name:
- joint_x
- joint_y
position:
- 0.018650000914931297
- 0.018650000914931297
velocity:
- -0.019999999552965164
- -0.019999999552965164
effort:
- .nan
- .nan
---
header:
  stamp:
    sec: 1791158240
    nanosec: 616656283
  frame_id: base_link
name:
- joint_x
- joint_y
position:
- 0.0182499997317791
- 0.0182499997317791
velocity:
- -0.019999999552965164
- -0.019999999552965164
effort:
- .nan
- .nan
---
header:
  stamp:
    sec: 1791158240
    nanosec: 636665409
  frame_id: base_link
name:
- joint_x
- joint_y
position:
- 0.01784374937415123
- 0.01784374937415123
velocity:
- -0.02031249925494194
- -0.019999999552965164
effort:
- .nan
- .nan
---
header:
  stamp:
    sec: 1791158240
    nanosec: 656667029
  frame_id: base_link
name:
- joint_x
- joint_y
position:
- 0.017412500455975533
- 0.017412500455975533
velocity:
- -0.021250000223517418
- -0.021562499925494194
effort:
- .nan
- .nan
---
header:
  stamp:
    sec: 1791158240
    nanosec: 676654654
  frame_id: base_link
name:
- joint_x
- joint_y
position:
- 0.017006250098347664
- 0.017006250098347664
velocity:
- -0.020625000819563866
- -0.020625000819563866
effort:
- .nan
- .nan
---
header:
  stamp:
    sec: 1791158240
    nanosec: 696668219
  frame_id: base_link
name:
- joint_x
- joint_y
position:
- 0.016187500208616257
- 0.016187500208616257
velocity:
- -0.02031249925494194
- -0.02031249925494194
effort:
- .nan
- .nan
---
header:
  stamp:
    sec: 1791158240
    nanosec: 716739199
  frame_id: base_link
name:
- joint_x
- joint_y
position:
- 0.01575624942779541
- 0.01576250046491623
velocity:
- -0.02083333395421505
- -0.02053571492433548
effort:
- .nan
- .nan
---
header:
  stamp:
    sec: 1791158240
    nanosec: 736679431
  frame_id: base_link
name:
- joint_x
- joint_y
position:
- 0.015324999578297138
- 0.015324999578297138
velocity:
- -0.021562499925494194
- -0.021562499925494194
effort:
- .nan
- .nan
---
header:
  stamp:
    sec: 1791158240
    nanosec: 756685461
  frame_id: base_link
name:
- joint_x
- joint_y
position:
- 0.014918750151991844
- 0.0149125000461936
velocity:
- -0.02031249925494194
- -0.020625000819563866
effort:
- .nan
- .nan
---
header:
  stamp:
    sec: 1791158240
    nanosec: 776684725
  frame_id: base_link
name:
- joint_x
- joint_y
position:
- 0.014506249688565731
- 0.014499999582767487
velocity:
- -0.020625000819563866
- -0.020625000819563866
effort:
- .nan
- .nan
---
header:
  stamp:
    sec: 1791158240
    nanosec: 796674517
  frame_id: base_link
name:
- joint_x
- joint_y
position:
- 0.014093750156462193
- 0.014087500050663948
velocity:
- -0.020625000819563866
- -0.020625000819563866
effort:
- .nan
- .nan
---
header:
  stamp:
    sec: 1791158240
    nanosec: 816644607
  frame_id: base_link
name:
- joint_x
- joint_y
position:
- 0.013674999587237835
- 0.01368124969303608
velocity:
- -0.020625000819563866
- -0.020625000819563866
effort:
- .nan
- .nan
---
header:
  stamp:
    sec: 1791158240
    nanosec: 836667007
  frame_id: base_link
name:
- joint_x
- joint_y
position:
- 0.013243749737739563
- 0.013249999843537807
velocity:
- -0.02083333395421505
- -0.02053571492433548
effort:
- .nan
- .nan
---
header:
  stamp:
    sec: 1791158240
    nanosec: 856657111
  frame_id: base_link
name:
- joint_x
- joint_y
position:
- 0.012818749994039536
- 0.012818749994039536
velocity:
- -0.021250000223517418
- -0.021562499925494194
effort:
- .nan
- .nan
---
header:
  stamp:
    sec: 1791158240
    nanosec: 876662644
  frame_id: base_link
name:
- joint_x
- joint_y
position:
- 0.012412499636411667
- 0.012412499636411667
velocity:
- -0.02031249925494194
- -0.02031249925494194
effort:
- .nan
- .nan
---
header:
  stamp:
    sec: 1791158240
    nanosec: 896654416
  frame_id: base_link
name:
- joint_x
- joint_y
position:
- 0.012006250210106373
- 0.012012500315904617
velocity:
- -0.02031249925494194
- -0.019999999552965164
effort:
- .nan
- .nan
---
header:
  stamp:
    sec: 1791158240
    nanosec: 916661127
  frame_id: base_link
name:
- joint_x
- joint_y
position:
- 0.011606249958276749
- 0.011606249958276749
velocity:
- -0.019999999552965164
- -0.02031249925494194
effort:
- .nan
- .nan
---
header:
  stamp:
    sec: 1791158240
    nanosec: 936634896
  frame_id: base_link
name:
- joint_x
- joint_y
position:
- 0.011175000108778477
- 0.011181250214576721
velocity:
- -0.02023809589445591
- -0.02023809589445591
effort:
- .nan
- .nan
---
header:
  stamp:
    sec: 1791158240
    nanosec: 956655636
  frame_id: base_link
name:
- joint_x
- joint_y
position:
- 0.010368750430643559
- 0.010368750430643559
velocity:
- -0.019687499850988388
- -0.019375000149011612
effort:
- .nan
- .nan
---
header:
  stamp:
    sec: 1791158240
    nanosec: 976655883
  frame_id: base_link
name:
- joint_x
- joint_y
position:
- 0.009975000284612179
- 0.009975000284612179
velocity:
- -0.019375000149011612
- -0.019999999552965164
effort:
- .nan
- .nan
---
header:
  stamp:
    sec: 1791158240
    nanosec: 996669923
  frame_id: base_link
name:
- joint_x
- joint_y
position:
- 0.009587500244379044
- 0.009587500244379044
velocity:
- -0.019687499850988388
- -0.019375000149011612
effort:
- .nan
- .nan
---
header:
  stamp:
    sec: 1791158241
    nanosec: 16661068
  frame_id: base_link
name:
- joint_x
- joint_y
position:
- 0.009206250309944153
- 0.009206250309944153
velocity:
- -0.019062500447034836
- -0.019062500447034836
effort:
- .nan
- .nan
---
header:
  stamp:
    sec: 1791158241
    nanosec: 36645387
  frame_id: base_link
name:
- joint_x
- joint_y
position:
- 0.008806250058114529
- 0.008806250058114529
velocity:
- -0.019999999552965164
- -0.019999999552965164
effort:
- .nan
- .nan
---
header:
  stamp:
    sec: 1791158241
    nanosec: 56680379
  frame_id: base_link
name:
- joint_x
- joint_y
position:
- 0.008425000123679638
- 0.008431250229477882
velocity:
- -0.019062500447034836
- -0.01875000074505806
effort:
- .nan
- .nan
---
header:
  stamp:
    sec: 1791158241
    nanosec: 76693662
  frame_id: base_link
name:
- joint_x
- joint_y
position:
- 0.008056250400841236
- 0.008056250400841236
velocity:
- -0.018437499180436134
- -0.01875000074505806
effort:
- .nan
- .nan
---
header:
  stamp:
    sec: 1791158241
    nanosec: 96676439
  frame_id: base_link
name:
- joint_x
- joint_y
position:
- 0.007687500212341547
- 0.007687500212341547
velocity:
- -0.018437499180436134
- -0.018437499180436134
effort:
- .nan
- .nan
---
header:
  stamp:
    sec: 1791158241
    nanosec: 116652107
  frame_id: base_link
name:
- joint_x
- joint_y
position:
- 0.007325000129640102
- 0.007318750023841858
velocity:
- -0.018124999478459358
- -0.018124999478459358
effort:
- .nan
- .nan
---
header:
  stamp:
    sec: 1791158241
    nanosec: 136648819
  frame_id: base_link
name:
- joint_x
- joint_y
position:
- 0.006943750195205212
- 0.006943750195205212
velocity:
- -0.01875000074505806
- -0.019062500447034836
effort:
- .nan
- .nan
---
header:
  stamp:
    sec: 1791158241
    nanosec: 156668205
  frame_id: base_link
name:
- joint_x
- joint_y
position:
- 0.006593749858438969
- 0.006593749858438969
velocity:
- -0.017812499776482582
- -0.017500000074505806
effort:
- .nan
- .nan
---
header:
  stamp:
    sec: 1791158241
    nanosec: 176662705
  frame_id: base_link
name:
- joint_x
- joint_y
position:
- 0.005918750073760748
- 0.005912499967962503
velocity:
- -0.016875000670552254
- -0.016875000670552254
effort:
- .nan
- .nan
---
header:
  stamp:
    sec: 1791158241
    nanosec: 196678206
  frame_id: base_link
name:
- joint_x
- joint_y
position:
- 0.005562500096857548
- 0.005562500096857548
velocity:
- -0.01696428656578064
- -0.01696428656578064
effort:
- .nan
- .nan
---
header:
  stamp:
    sec: 1791158241
    nanosec: 216700824
  frame_id: base_link
name:
- joint_x
- joint_y
position:
- 0.005218749865889549
- 0.005218749865889549
velocity:
- -0.01718750037252903
- -0.01718750037252903
effort:
- .nan
- .nan
---
header:
  stamp:
    sec: 1791158241
    nanosec: 236651248
  frame_id: base_link
name:
- joint_x
- joint_y
position:
- 0.004900000058114529
- 0.004900000058114529
velocity:
- -0.015937499701976776
- -0.015937499701976776
effort:
- .nan
- .nan
---
header:
  stamp:
    sec: 1791158241
    nanosec: 256660289
  frame_id: base_link
name:
- joint_x
- joint_y
position:
- 0.004587499890476465
- 0.004587499890476465
velocity:
- -0.015625
- -0.015625
effort:
- .nan
- .nan
---
header:
  stamp:
    sec: 1791158241
    nanosec: 276658266
  frame_id: base_link
name:
- joint_x
- joint_y
position:
- 0.004281249828636646
- 0.004281249828636646
velocity:
- -0.015312500298023224
- -0.015312500298023224
effort:
- .nan
- .nan
---
header:
  stamp:
    sec: 1791158241
    nanosec: 296668290
  frame_id: base_link
name:
- joint_x
- joint_y
position:
- 0.003987499978393316
- 0.003987499978393316
velocity:
- -0.014687499962747097
- -0.014687499962747097
effort:
- .nan
- .nan
---
header:
  stamp:
    sec: 1791158241
    nanosec: 316659378
  frame_id: base_link
name:
- joint_x
- joint_y
position:
- 0.0036812499165534973
- 0.0036812499165534973
velocity:
- -0.015312500298023224
- -0.014999999664723873
effort:
- .nan
- .nan
---
header:
  stamp:
    sec: 1791158241
    nanosec: 336652142
  frame_id: base_link
name:
- joint_x
- joint_y
position:
- 0.0034000000450760126
- 0.0034000000450760126
velocity:
- -0.013749999925494194
- -0.01406249962747097
effort:
- .nan
- .nan
---
header:
  stamp:
    sec: 1791158241
    nanosec: 356657606
  frame_id: base_link
name:
- joint_x
- joint_y
position:
- 0.0031250000465661287
- 0.0031312499195337296
velocity:
- -0.013749999925494194
- -0.013749999925494194
effort:
- .nan
- .nan
---
header:
  stamp:
    sec: 1791158241
    nanosec: 376663243
  frame_id: base_link
name:
- joint_x
- joint_y
position:
- 0.00286250002682209
- 0.002868749899789691
velocity:
- -0.013437500223517418
- -0.013124999590218067
effort:
- .nan
- .nan
---
header:
  stamp:
    sec: 1791158241
    nanosec: 396688201
  frame_id: base_link
name:
- joint_x
- joint_y
position:
- 0.0023562500718981028
- 0.0023562500718981028
velocity:
- -0.012812499888241291
- -0.012812499888241291
effort:
- .nan
- .nan
---
header:
  stamp:
    sec: 1791158241
    nanosec: 416662726
  frame_id: base_link
name:
- joint_x
- joint_y
position:
- 0.0021250001154839993
- 0.0021250001154839993
velocity:
- -0.011562500149011612
- -0.011562500149011612
effort:
- .nan
- .nan
---
header:
  stamp:
    sec: 1791158241
    nanosec: 436675124
  frame_id: base_link
name:
- joint_x
- joint_y
position:
- 0.0019000000320374966
- 0.0019000000320374966
velocity:
- -0.011250000447034836
- -0.011250000447034836
effort:
- .nan
- .nan
---
header:
  stamp:
    sec: 1791158241
    nanosec: 456665018
  frame_id: base_link
name:
- joint_x
- joint_y
position:
- 0.001687500043772161
- 0.001687500043772161
velocity:
- -0.010625000111758709
- -0.010625000111758709
effort:
- .nan
- .nan
---
header:
  stamp:
    sec: 1791158241
    nanosec: 476658248
  frame_id: base_link
name:
- joint_x
- joint_y
position:
- 0.001481250044889748
- 0.001481250044889748
velocity:
- -0.010312500409781933
- -0.010312500409781933
effort:
- .nan
- .nan
---
header:
  stamp:
    sec: 1791158241
    nanosec: 496642188
  frame_id: base_link
name:
- joint_x
- joint_y
position:
- 0.0012750000460073352
- 0.0012812500353902578
velocity:
- -0.009999999776482582
- -0.009999999776482582
effort:
- .nan
- .nan
---
header:
  stamp:
    sec: 1791158241
    nanosec: 516646057
  frame_id: base_link
name:
- joint_x
- joint_y
position:
- 0.0010937500046566129
- 0.0010937500046566129
velocity:
- -0.00937500037252903
- -0.009062499739229679
effort:
- .nan
- .nan
---
header:
  stamp:
    sec: 1791158241
    nanosec: 536678744
  frame_id: base_link
name:
- joint_x
- joint_y
position:
- 0.0009250000002793968
- 0.0009250000002793968
velocity:
- -0.008437500335276127
- -0.008750000037252903
effort:
- .nan
- .nan
---
header:
  stamp:
    sec: 1791158241
    nanosec: 556686832
  frame_id: base_link
name:
- joint_x
- joint_y
position:
- 0.000768749974668026
- 0.000768749974668026
velocity:
- -0.0078125
- -0.0078125
effort:
- .nan
- .nan
---
header:
  stamp:
    sec: 1791158241
    nanosec: 576655825
  frame_id: base_link
name:
- joint_x
- joint_y
position:
- 0.0006187499966472387
- 0.0006187499966472387
velocity:
- -0.007499999832361937
- -0.007499999832361937
effort:
- .nan
- .nan
---
header:
  stamp:
    sec: 1791158241
    nanosec: 596718889
  frame_id: base_link
name:
- joint_x
- joint_y
position:
- 0.00047500000800937414
- 0.00047500000800937414
velocity:
- -0.0071875001303851604
- -0.0071875001303851604
effort:
- .nan
- .nan
---
header:
  stamp:
    sec: 1791158241
    nanosec: 616692879
  frame_id: base_link
name:
- joint_x
- joint_y
position:
- 0.00024374999338760972
- 0.00024374999338760972
velocity:
- -0.0053125000558793545
- -0.0053125000558793545
effort:
- .nan
- .nan
---
header:
  stamp:
    sec: 1791158241
    nanosec: 636710971
  frame_id: base_link
name:
- joint_x
- joint_y
position:
- 0.0001500000071246177
- 0.0001500000071246177
velocity:
- -0.004999999888241291
- -0.004999999888241291
effort:
- .nan
- .nan
---
header:
  stamp:
    sec: 1791158241
    nanosec: 656699018
  frame_id: base_link
name:
- joint_x
- joint_y
position:
- 6.25000029685907e-05
- 6.25000029685907e-05
velocity:
- -0.004166666883975267
- -0.004166666883975267
effort:
- .nan
- .nan
---
header:
  stamp:
    sec: 1791158241
    nanosec: 676701842
  frame_id: base_link
name:
- joint_x
- joint_y
position:
- -6.24999984211172e-06
- -6.24999984211172e-06
velocity:
- -0.0034374999813735485
- -0.0034374999813735485
effort:
- .nan
- .nan
---
header:
  stamp:
    sec: 1791158241
    nanosec: 696698446
  frame_id: base_link
name:
- joint_x
- joint_y
position:
- -6.25000029685907e-05
- -6.25000029685907e-05
velocity:
- -0.002812500111758709
- -0.002812500111758709
effort:
- .nan
- .nan
---
header:
  stamp:
    sec: 1791158241
    nanosec: 716672306
  frame_id: base_link
name:
- joint_x
- joint_y
position:
- -0.0001062500014086254
- -0.0001062500014086254
velocity:
- -0.0021875000093132257
- -0.0021875000093132257
effort:
- .nan
- .nan
---
header:
  stamp:
    sec: 1791158241
    nanosec: 736672841
  frame_id: base_link
name:
- joint_x
- joint_y
position:
- -0.00013124999532010406
- -0.00013124999532010406
velocity:
- -0.0012499999720603228
- -0.0012499999720603228
effort:
- .nan
- .nan
---
header:
  stamp:
    sec: 1791158241
    nanosec: 756659536
  frame_id: base_link
name:
- joint_x
- joint_y
position:
- -0.00014375000318977982
- -0.00014375000318977982
velocity:
- -0.0006249999860301614
- -0.0006249999860301614
effort:
- .nan
- .nan
---
header:
  stamp:
    sec: 1791158241
    nanosec: 776684809
  frame_id: base_link
name:
- joint_x
- joint_y
position:
- -0.00013749999925494194
- -0.00013749999925494194
velocity:
- 0.0003124999930150807
- 0.0003124999930150807
effort:
- .nan
- .nan
---
header:
  stamp:
    sec: 1791158241
    nanosec: 796658690
  frame_id: base_link
name:
- joint_x
- joint_y
position:
- -0.00011875000200234354
- -0.00011875000200234354
velocity:
- 0.0009374999790452421
- 0.0009374999790452421
effort:
- .nan
- .nan
---
header:
  stamp:
    sec: 1791158241
    nanosec: 816663346
  frame_id: base_link
name:
- joint_x
- joint_y
position:
- -8.125000022118911e-05
- -8.125000022118911e-05
velocity:
- 0.0018749999580904841
- 0.0018749999580904841
effort:
- .nan
- .nan
---
header:
  stamp:
    sec: 1791158241
    nanosec: 836656789
  frame_id: base_link
name:
- joint_x
- joint_y
position:
- -3.7500001781154424e-05
- -4.374999844003469e-05
velocity:
- 0.0021875000093132257
- 0.0018749999580904841
effort:
- .nan
- .nan
---
header:
  stamp:
    sec: 1791158241
    nanosec: 856700175
  frame_id: base_link
name:
- joint_x
- joint_y
position:
- 0.0
- 0.0
velocity:
- 0.0
- 0.0
effort:
- .nan
- .nan
---
header:
  stamp:
    sec: 1791158241
    nanosec: 876652047
  frame_id: base_link
name:
- joint_x
- joint_y
position:
- 0.0
- 0.0
velocity:
- 0.0
- 0.0
effort:
- .nan
- .nan
---
header:
  stamp:
    sec: 1791158241
    nanosec: 896642121
  frame_id: base_link
name:
- joint_x
- joint_y
position:
- 0.0
- 0.0
velocity:
- 0.0
- 0.0
effort:
- .nan
- .nan
---
header:
  stamp:
    sec: 1791158241
    nanosec: 916643592
  frame_id: base_link
name:
- joint_x
- joint_y
position:
- 0.0
- 0.0
velocity:
- 0.0
- 0.0
effort:
- .nan
- .nan
---
header:
  stamp:
    sec: 1791158241
    nanosec: 936639566
  frame_id: base_link
name:
- joint_x
- joint_y
position:
- 0.0
- 0.0
velocity:
- 0.0
- 0.0
effort:
- .nan
- .nan
---
header:
  stamp:
    sec: 1791158241
    nanosec: 956641746
  frame_id: base_link
name:
- joint_x
- joint_y
position:
- 0.0
- 0.0
velocity:
- 0.0
- 0.0
effort:
- .nan
- .nan
---
header:
  stamp:
    sec: 1791158241
    nanosec: 976667920
  frame_id: base_link
name:
- joint_x
- joint_y
position:
- 0.0
- 0.0
velocity:
- 0.0
- 0.0
effort:
- .nan
- .nan
---
