A message was lost!!!
	total count change:1
	total count: 1---
header:
  stamp:
    sec: 1791163894
    nanosec: 709189894
  frame_id: base_link
name:
- joint_x
- joint_y
position:
- 0.0
- 0.0
velocity:
- 0.0
- 0.0
effort:
- .nan
- .nan
---
header:
  stamp:
    sec: 1791163894
    nanosec: 729207518
  frame_id: base_link
name:
- joint_x
- joint_y
position:
- 0.0
- 0.0
velocity:
- 0.0
- 0.0
effort:
- .nan
- .nan
---
header:
  stamp:
    sec: 1791163894
    nanosec: 749189015
  frame_id: base_link
name:
- joint_x
- joint_y
position:
- 0.0
- 0.0
velocity:
- 0.0
- 0.0
effort:
- .nan
- .nan
---
header:
  stamp:
    sec: 1791163894
    nanosec: 769191522
  frame_id: base_link
name:
- joint_x
- joint_y
position:
- 0.0
- 0.0
velocity:
- 0.0
- 0.0
effort:
- .nan
- .nan
---
header:
  stamp:
    sec: 1791163894
    nanosec: 789192462
  frame_id: base_link
name:
- joint_x
- joint_y
position:
- 0.0
- 0.0
velocity:
- 0.0
- 0.0
effort:
- .nan
- .nan
---
header:
  stamp:
    sec: 1791163894
    nanosec: 809215535
  frame_id: base_link
name:
- joint_x
- joint_y
position:
- 0.0
- 0.0
velocity:
- 0.0
- 0.0
effort:
- .nan
- .nan
---
header:
  stamp:
    sec: 1791163894
    nanosec: 829207575
  frame_id: base_link
name:
- joint_x
- joint_y
position:
- 0.0
- 0.0
velocity:
- 0.0
- 0.0
effort:
- .nan
- .nan
---
header:
  stamp:
    sec: 1791163894
    nanosec: 849195184
  frame_id: base_link
name:
- joint_x
- joint_y
position:
- 0.0
- 0.0
velocity:
- 0.0
- 0.0
effort:
- .nan
- .nan
---
header:
  stamp:
    sec: 1791163894
    nanosec: 869192121
  frame_id: base_link
name:
- joint_x
- joint_y
position:
- 0.0
- 0.0
velocity:
- 0.0
- 0.0
effort:
- .nan
- .nan
---
header:
  stamp:
    sec: 1791163894
    nanosec: 889209309
  frame_id: base_link
name:
- joint_x
- joint_y
position:
- 0.0
- 0.0
velocity:
- 0.0
- 0.0
effort:
- .nan
- .nan
---
header:
  stamp:
    sec: 1791163894
    nanosec: 909197634
  frame_id: base_link
name:
- joint_x
- joint_y
position:
- 0.0
- 0.0
velocity:
- 0.0
- 0.0
effort:
- .nan
- .nan
---
header:
  stamp:
    sec: 1791163894
    nanosec: 929218696
  frame_id: base_link
name:
- joint_x
- joint_y
position:
- 0.0
- 0.0
velocity:
- 0.0
- 0.0
effort:
- .nan
- .nan
---
header:
  stamp:
    sec: 1791163894
    nanosec: 949200196
  frame_id: base_link
name:
- joint_x
- joint_y
position:
- 0.0
- 0.0
velocity:
- 0.0
- 0.0
effort:
- .nan
- .nan
---
header:
  stamp:
    sec: 1791163894
    nanosec: 969202777
  frame_id: base_link
name:
- joint_x
- joint_y
position:
- 0.0
- 0.0
velocity:
- 0.0
- 0.0
effort:
- .nan
- .nan
---
header:
  stamp:
    sec: 1791163894
    nanosec: 989205807
  frame_id: base_link
name:
- joint_x
- joint_y
position:
- 0.0
- 0.0
velocity:
- 0.0
- 0.0
effort:
- .nan
- .nan
---
header:
  stamp:
    sec: 1791163895
    nanosec: 9203041
  frame_id: base_link
name:
- joint_x
- joint_y
position:
- 0.0
- 0.0
velocity:
- 0.0
- 0.0
effort:
- .nan
- .nan
---
header:
  stamp:
    sec: 1791163895
    nanosec: 29194909
  frame_id: base_link
name:
- joint_x
- joint_y
position:
- 0.0
- 0.0
velocity:
- 0.0
- 0.0
effort:
- .nan
- .nan
---
header:
  stamp:
    sec: 1791163895
    nanosec: 49203719
  frame_id: base_link
name:
- joint_x
- joint_y
position:
- 0.0
- 0.0
velocity:
- 0.0
- 0.0
effort:
- .nan
- .nan
---
header:
  stamp:
    sec: 1791163895
    nanosec: 69201397
  frame_id: base_link
name:
- joint_x
- joint_y
position:
- 0.0
- 0.0
velocity:
- 0.0
- 0.0
effort:
- .nan
- .nan
---
header:
  stamp:
    sec: 1791163895
    nanosec: 89197765
  frame_id: base_link
name:
- joint_x
- joint_y
position:
- 0.0
- 0.0
velocity:
- 0.0
- 0.0
effort:
- .nan
- .nan
---
header:
  stamp:
    sec: 1791163895
    nanosec: 109197850
  frame_id: base_link
name:
- joint_x
- joint_y
position:
- 0.0
- 0.0
velocity:
- 0.0
- 0.0
effort:
- .nan
- .nan
---
header:
  stamp:
    sec: 1791163895
    nanosec: 129217957
  frame_id: base_link
name:
- joint_x
- joint_y
position:
- 0.0
- 0.0
velocity:
- 0.0
- 0.0
effort:
- .nan
- .nan
---
header:
  stamp:
    sec: 1791163895
    nanosec: 149196999
  frame_id: base_link
name:
- joint_x
- joint_y
position:
- 0.0
- 0.0
velocity:
- 0.0
- 0.0
effort:
- .nan
- .nan
---
header:
  stamp:
    sec: 1791163895
    nanosec: 169195138
  frame_id: base_link
name:
- joint_x
- joint_y
position:
- 0.0
- 0.0
velocity:
- 0.0
- 0.0
effort:
- .nan
- .nan
---
header:
  stamp:
    sec: 1791163895
    nanosec: 189200115
  frame_id: base_link
name:
- joint_x
- joint_y
position:
- 0.0
- 0.0
velocity:
- 0.0
- 0.0
effort:
- .nan
- .nan
---
header:
  stamp:
    sec: 1791163895
    nanosec: 209231508
  frame_id: base_link
name:
- joint_x
- joint_y
position:
- 0.0
- 0.0
velocity:
- 0.0
- 0.0
effort:
- .nan
- .nan
---
header:
  stamp:
    sec: 1791163895
    nanosec: 229201499
  frame_id: base_link
name:
- joint_x
- joint_y
position:
- 0.0
- 0.0
velocity:
- 0.0
- 0.0
effort:
- .nan
- .nan
---
header:
  stamp:
    sec: 1791163895
    nanosec: 249203885
  frame_id: base_link
name:
- joint_x
- joint_y
position:
- 0.0
- 0.0
velocity:
- 0.0
- 0.0
effort:
- .nan
- .nan
---
header:
  stamp:
    sec: 1791163895
    nanosec: 269200935
  frame_id: base_link
name:
- joint_x
- joint_y
position:
- 0.0
- 0.0
velocity:
- 0.0
- 0.0
effort:
- .nan
- .nan
---
header:
  stamp:
    sec: 1791163895
    nanosec: 289207264
  frame_id: base_link
name:
- joint_x
- joint_y
position:
- 0.0
- 0.0
velocity:
- 0.0
- 0.0
effort:
- .nan
- .nan
---
header:
  stamp:
    sec: 1791163895
    nanosec: 309207806
  frame_id: base_link
name:
- joint_x
- joint_y
position:
- 0.0
- 0.0
velocity:
- 0.0
- 0.0
effort:
- .nan
- .nan
---
header:
  stamp:
    sec: 1791163895
    nanosec: 329203923
  frame_id: base_link
name:
- joint_x
- joint_y
position:
- 0.0
- 0.0
velocity:
- 0.0
- 0.0
effort:
- .nan
- .nan
---
header:
  stamp:
    sec: 1791163895
    nanosec: 349208924
  frame_id: base_link
name:
- joint_x
- joint_y
position:
- 0.0
- 0.0
velocity:
- 0.0
- 0.0
effort:
- .nan
- .nan
---
header:
  stamp:
    sec: 1791163895
    nanosec: 369204777
  frame_id: base_link
name:
- joint_x
- joint_y
position:
- 0.0
- 0.0
velocity:
- 0.0
- 0.0
effort:
- .nan
- .nan
---
header:
  stamp:
    sec: 1791163895
    nanosec: 389204270
  frame_id: base_link
name:
- joint_x
- joint_y
position:
- 0.0
- 0.0
velocity:
- 0.0
- 0.0
effort:
- .nan
- .nan
---
header:
  stamp:
    sec: 1791163895
    nanosec: 409211708
  frame_id: base_link
name:
- joint_x
- joint_y
position:
- 0.0
- 0.0
velocity:
- 0.0
- 0.0
effort:
- .nan
- .nan
---
header:
  stamp:
    sec: 1791163895
    nanosec: 429205046
  frame_id: base_link
name:
- joint_x
- joint_y
position:
- 0.0
- 0.0
velocity:
- 0.0
- 0.0
effort:
- .nan
- .nan
---
header:
  stamp:
    sec: 1791163895
    nanosec: 449214201
  frame_id: base_link
name:
- joint_x
- joint_y
position:
- 0.0
- 0.0
velocity:
- 0.0
- 0.0
effort:
- .nan
- .nan
---
header:
  stamp:
    sec: 1791163895
    nanosec: 469212995
  frame_id: base_link
name:
- joint_x
- joint_y
position:
- 0.0
- 0.0
velocity:
- 0.0
- 0.0
effort:
- .nan
- .nan
---
header:
  stamp:
    sec: 1791163895
    nanosec: 489200264
  frame_id: base_link
name:
- joint_x
- joint_y
position:
- 0.0
- 0.0
velocity:
- 0.0
- 0.0
effort:
- .nan
- .nan
---
header:
  stamp:
    sec: 1791163895
    nanosec: 509196232
  frame_id: base_link
name:
- joint_x
- joint_y
position:
- 0.0
- 0.0
velocity:
- 0.0
- 0.0
effort:
- .nan
- .nan
---
header:
  stamp:
    sec: 1791163895
    nanosec: 529222970
  frame_id: base_link
name:
- joint_x
- joint_y
position:
- 0.0
- 0.0
velocity:
- 0.0
- 0.0
effort:
- .nan
- .nan
---
header:
  stamp:
    sec: 1791163895
    nanosec: 549198394
  frame_id: base_link
name:
- joint_x
- joint_y
position:
- 0.0
- 0.0
velocity:
- 0.0
- 0.0
effort:
- .nan
- .nan
---
header:
  stamp:
    sec: 1791163895
    nanosec: 569193921
  frame_id: base_link
name:
- joint_x
- joint_y
position:
- 0.0
- 0.0
velocity:
- 0.0
- 0.0
effort:
- .nan
- .nan
---
header:
  stamp:
    sec: 1791163895
    nanosec: 589197414
  frame_id: base_link
name:
- joint_x
- joint_y
position:
- 0.0
- 0.0
velocity:
- 0.0
- 0.0
effort:
- .nan
- .nan
---
header:
  stamp:
    sec: 1791163895
    nanosec: 609199053
  frame_id: base_link
name:
- joint_x
- joint_y
position:
- 0.0
- 0.0
velocity:
- 0.0
- 0.0
effort:
- .nan
- .nan
---
header:
  stamp:
    sec: 1791163895
    nanosec: 629195296
  frame_id: base_link
name:
- joint_x
- joint_y
position:
- 0.0
- 0.0
velocity:
- 0.0
- 0.0
effort:
- .nan
- .nan
---
header:
  stamp:
    sec: 1791163895
    nanosec: 649198964
  frame_id: base_link
name:
- joint_x
- joint_y
position:
- 0.0
- 0.0
velocity:
- 0.0
- 0.0
effort:
- .nan
- .nan
---
header:
  stamp:
    sec: 1791163895
    nanosec: 669224173
  frame_id: base_link
name:
- joint_x
- joint_y
position:
- 0.0
- 0.0
velocity:
- 0.0
- 0.0
effort:
- .nan
- .nan
---
header:
  stamp:
    sec: 1791163895
    nanosec: 689248958
  frame_id: base_link
name:
- joint_x
- joint_y
position:
- 0.0
- 0.0
velocity:
- 0.0
- 0.0
effort:
- .nan
- .nan
---
header:
  stamp:
    sec: 1791163895
    nanosec: 709200984
  frame_id: base_link
name:
- joint_x
- joint_y
position:
- 0.0
- 0.0
velocity:
- 0.0
- 0.0
effort:
- .nan
- .nan
---
header:
  stamp:
    sec: 1791163895
    nanosec: 729220987
  frame_id: base_link
name:
- joint_x
- joint_y
position:
- 0.0
- 0.0
velocity:
- 0.0
- 0.0
effort:
- .nan
- .nan
---
header:
  stamp:
    sec: 1791163895
    nanosec: 749203994
  frame_id: base_link
name:
- joint_x
- joint_y
position:
- 0.0
- 0.0
velocity:
- 0.0
- 0.0
effort:
- .nan
- .nan
---
header:
  stamp:
    sec: 1791163895
    nanosec: 769208725
  frame_id: base_link
name:
- joint_x
- joint_y
position:
- 0.0
- 0.0
velocity:
- 0.0
- 0.0
effort:
- .nan
- .nan
---
header:
  stamp:
    sec: 1791163895
    nanosec: 789224943
  frame_id: base_link
name:
- joint_x
- joint_y
position:
- 0.0
- 0.0
velocity:
- 0.0
- 0.0
effort:
- .nan
- .nan
---
header:
  stamp:
    sec: 1791163895
    nanosec: 809234423
  frame_id: base_link
name:
- joint_x
- joint_y
position:
- 0.0
- 0.0
velocity:
- 0.0
- 0.0
effort:
- .nan
- .nan
---
header:
  stamp:
    sec: 1791163895
    nanosec: 829232549
  frame_id: base_link
name:
- joint_x
- joint_y
position:
- 0.0
- 0.0
velocity:
- 0.0
- 0.0
effort:
- .nan
- .nan
---
header:
  stamp:
    sec: 1791163895
    nanosec: 849204719
  frame_id: base_link
name:
- joint_x
- joint_y
position:
- 0.0
- 0.0
velocity:
- 0.0
- 0.0
effort:
- .nan
- .nan
---
header:
  stamp:
    sec: 1791163895
    nanosec: 869232858
  frame_id: base_link
name:
- joint_x
- joint_y
position:
- 0.0
- 0.0
velocity:
- 0.0
- 0.0
effort:
- .nan
- .nan
---
header:
  stamp:
    sec: 1791163895
    nanosec: 889271159
  frame_id: base_link
name:
- joint_x
- joint_y
position:
- 0.0
- 0.0
velocity:
- 0.0
- 0.0
effort:
- .nan
- .nan
---
header:
  stamp:
    sec: 1791163895
    nanosec: 909239053
  frame_id: base_link
name:
- joint_x
- joint_y
position:
- 0.0
- 0.0
velocity:
- 0.0
- 0.0
effort:
- .nan
- .nan
---
header:
  stamp:
    sec: 1791163895
    nanosec: 929230634
  frame_id: base_link
name:
- joint_x
- joint_y
position:
- 0.0
- 0.0
velocity:
- 0.0
- 0.0
effort:
- .nan
- .nan
---
header:
  stamp:
    sec: 1791163895
    nanosec: 949232607
  frame_id: base_link
name:
- joint_x
- joint_y
position:
- 0.0
- 0.0
velocity:
- 0.0
- 0.0
effort:
- .nan
- .nan
---
header:
  stamp:
    sec: 1791163895
    nanosec: 969206436
  frame_id: base_link
name:
- joint_x
- joint_y
position:
- 0.0
- 0.0
velocity:
- 0.0
- 0.0
effort:
- .nan
- .nan
---
header:
  stamp:
    sec: 1791163895
    nanosec: 989207017
  frame_id: base_link
name:
- joint_x
- joint_y
position:
- 0.0
- 0.0
velocity:
- 0.0
- 0.0
effort:
- .nan
- .nan
---
header:
  stamp:
    sec: 1791163896
    nanosec: 9205862
  frame_id: base_link
name:
- joint_x
- joint_y
position:
- 0.0
- 0.0
velocity:
- 0.0
- 0.0
effort:
- .nan
- .nan
---
header:
  stamp:
    sec: 1791163896
    nanosec: 29213241
  frame_id: base_link
name:
- joint_x
- joint_y
position:
- 0.0
- 0.0
velocity:
- 0.0
- 0.0
effort:
- .nan
- .nan
---
header:
  stamp:
    sec: 1791163896
    nanosec: 49233341
  frame_id: base_link
name:
- joint_x
- joint_y
position:
- 0.0
- 0.0
velocity:
- 0.0
- 0.0
effort:
- .nan
- .nan
---
header:
  stamp:
    sec: 1791163896
    nanosec: 69215604
  frame_id: base_link
name:
- joint_x
- joint_y
position:
- 0.0
- 0.0
velocity:
- 0.0
- 0.0
effort:
- .nan
- .nan
---
header:
  stamp:
    sec: 1791163896
    nanosec: 89212813
  frame_id: base_link
name:
- joint_x
- joint_y
position:
- 0.0
- 0.0
velocity:
- 0.0
- 0.0
effort:
- .nan
- .nan
---
header:
  stamp:
    sec: 1791163896
    nanosec: 109208405
  frame_id: base_link
name:
- joint_x
- joint_y
position:
- 0.0
- 0.0
velocity:
- 0.0
- 0.0
effort:
- .nan
- .nan
---
header:
  stamp:
    sec: 1791163896
    nanosec: 129216552
  frame_id: base_link
name:
- joint_x
- joint_y
position:
- 0.0
- 0.0
velocity:
- 0.0
- 0.0
effort:
- .nan
- .nan
---
header:
  stamp:
    sec: 1791163896
    nanosec: 149226965
  frame_id: base_link
name:
- joint_x
- joint_y
position:
- 0.0
- 0.0
velocity:
- 0.0
- 0.0
effort:
- .nan
- .nan
---
header:
  stamp:
    sec: 1791163896
    nanosec: 169217330
  frame_id: base_link
name:
- joint_x
- joint_y
position:
- 0.0
- 0.0
velocity:
- 0.0
- 0.0
effort:
- .nan
- .nan
---
header:
  stamp:
    sec: 1791163896
    nanosec: 189230630
  frame_id: base_link
name:
- joint_x
- joint_y
position:
- 0.0
- 0.0
velocity:
- 0.0
- 0.0
effort:
- .nan
- .nan
---
header:
  stamp:
    sec: 1791163896
    nanosec: 209235267
  frame_id: base_link
name:
- joint_x
- joint_y
position:
- 0.0
- 0.0
velocity:
- 0.0
- 0.0
effort:
- .nan
- .nan
---
header:
  stamp:
    sec: 1791163896
    nanosec: 239123364
  frame_id: base_link
name:
- joint_x
- joint_y
position:
- 0.0
- 0.0
velocity:
- 0.0
- 0.0
effort:
- .nan
- .nan
---
header:
  stamp:
    sec: 1791163896
    nanosec: 249230115
  frame_id: base_link
name:
- joint_x
- joint_y
position:
- 0.0
- 0.0
velocity:
- 0.0
- 0.0
effort:
- .nan
- .nan
---
header:
  stamp:
    sec: 1791163896
    nanosec: 269229071
  frame_id: base_link
name:
- joint_x
- joint_y
position:
- 0.0
- 0.0
velocity:
- 0.0
- 0.0
effort:
- .nan
- .nan
---
header:
  stamp:
    sec: 1791163896
    nanosec: 289223606
  frame_id: base_link
name:
- joint_x
- joint_y
position:
- 0.0
- 0.0
velocity:
- 0.0
- 0.0
effort:
- .nan
- .nan
---
header:
  stamp:
    sec: 1791163896
    nanosec: 309231092
  frame_id: base_link
name:
- joint_x
- joint_y
position:
- 0.0
- 0.0
velocity:
- 0.0
- 0.0
effort:
- .nan
- .nan
---
header:
  stamp:
    sec: 1791163896
    nanosec: 329221761
  frame_id: base_link
name:
- joint_x
- joint_y
position:
- 0.0
- 0.0
velocity:
- 0.0
- 0.0
effort:
- .nan
- .nan
---
header:
  stamp:
    sec: 1791163896
    nanosec: 349219858
  frame_id: base_link
name:
- joint_x
- joint_y
position:
- 0.0
- 0.0
velocity:
- 0.0
- 0.0
effort:
- .nan
- .nan
---
header:
  stamp:
    sec: 1791163896
    nanosec: 369221381
  frame_id: base_link
name:
- joint_x
- joint_y
position:
- 0.0
- 0.0
velocity:
- 0.0
- 0.0
effort:
- .nan
- .nan
---
header:
  stamp:
    sec: 1791163896
    nanosec: 389218035
  frame_id: base_link
name:
- joint_x
- joint_y
position:
- 0.0
- 0.0
velocity:
- 0.0
- 0.0
effort:
- .nan
- .nan
---
header:
  stamp:
    sec: 1791163896
    nanosec: 409221569
  frame_id: base_link
name:
- joint_x
- joint_y
position:
- 0.0
- 0.0
velocity:
- 0.0
- 0.0
effort:
- .nan
- .nan
---
header:
  stamp:
    sec: 1791163896
    nanosec: 429224200
  frame_id: base_link
name:
- joint_x
- joint_y
position:
- 0.0
- 0.0
velocity:
- 0.0
- 0.0
effort:
- .nan
- .nan
---
header:
  stamp:
    sec: 1791163896
    nanosec: 449198130
  frame_id: base_link
name:
- joint_x
- joint_y
position:
- 0.0
- 0.0
velocity:
- 0.0
- 0.0
effort:
- .nan
- .nan
---
header:
  stamp:
    sec: 1791163896
    nanosec: 469197209
  frame_id: base_link
name:
- joint_x
- joint_y
position:
- 0.0
- 0.0
velocity:
- 0.0
- 0.0
effort:
- .nan
- .nan
---
header:
  stamp:
    sec: 1791163896
    nanosec: 489205012
  frame_id: base_link
name:
- joint_x
- joint_y
position:
- 0.0
- 0.0
velocity:
- 0.0
- 0.0
effort:
- .nan
- .nan
---
header:
  stamp:
    sec: 1791163896
    nanosec: 509205198
  frame_id: base_link
name:
- joint_x
- joint_y
position:
- 0.0
- 0.0
velocity:
- 0.0
- 0.0
effort:
- .nan
- .nan
---
header:
  stamp:
    sec: 1791163896
    nanosec: 529234544
  frame_id: base_link
name:
- joint_x
- joint_y
position:
- 0.0
- 0.0
velocity:
- 0.0
- 0.0
effort:
- .nan
- .nan
---
header:
  stamp:
    sec: 1791163896
    nanosec: 549237089
  frame_id: base_link
name:
- joint_x
- joint_y
position:
- 0.0
- 0.0
velocity:
- 0.0
- 0.0
effort:
- .nan
- .nan
---
header:
  stamp:
    sec: 1791163896
    nanosec: 569230644
  frame_id: base_link
name:
- joint_x
- joint_y
position:
- 0.0
- 0.0
velocity:
- 0.0
- 0.0
effort:
- .nan
- .nan
---
header:
  stamp:
    sec: 1791163896
    nanosec: 589195213
  frame_id: base_link
name:
- joint_x
- joint_y
position:
- 0.0
- 0.0
velocity:
- 0.0
- 0.0
effort:
- .nan
- .nan
---
header:
  stamp:
    sec: 1791163896
    nanosec: 609209026
  frame_id: base_link
name:
- joint_x
- joint_y
position:
- 0.0
- 0.0
velocity:
- 0.0
- 0.0
effort:
- .nan
- .nan
---
header:
  stamp:
    sec: 1791163896
    nanosec: 629197991
  frame_id: base_link
name:
- joint_x
- joint_y
position:
- 0.0
- 0.0
velocity:
- 0.0
- 0.0
effort:
- .nan
- .nan
---
header:
  stamp:
    sec: 1791163896
    nanosec: 649202114
  frame_id: base_link
name:
- joint_x
- joint_y
position:
- 0.0
- 0.0
velocity:
- 0.0
- 0.0
effort:
- .nan
- .nan
---
header:
  stamp:
    sec: 1791163896
    nanosec: 669198331
  frame_id: base_link
name:
- joint_x
- joint_y
position:
- 0.0
- 0.0
velocity:
- 0.0
- 0.0
effort:
- .nan
- .nan
---
header:
  stamp:
    sec: 1791163896
    nanosec: 689191485
  frame_id: base_link
name:
- joint_x
- joint_y
position:
- 0.0
- 0.0
velocity:
- 0.0
- 0.0
effort:
- .nan
- .nan
---
header:
  stamp:
    sec: 1791163896
    nanosec: 709198140
  frame_id: base_link
name:
- joint_x
- joint_y
position:
- 0.0
- 0.0
velocity:
- 0.0
- 0.0
effort:
- .nan
- .nan
---
header:
  stamp:
    sec: 1791163896
    nanosec: 729197176
  frame_id: base_link
name:
- joint_x
- joint_y
position:
- 0.0
- 0.0
velocity:
- 0.0
- 0.0
effort:
- .nan
- .nan
---
header:
  stamp:
    sec: 1791163896
    nanosec: 749190233
  frame_id: base_link
name:
- joint_x
- joint_y
position:
- 0.0
- 0.0
velocity:
- 0.0
- 0.0
effort:
- .nan
- .nan
---
header:
  stamp:
    sec: 1791163896
    nanosec: 769193445
  frame_id: base_link
name:
- joint_x
- joint_y
position:
- 0.0
- 0.0
velocity:
- 0.0
- 0.0
effort:
- .nan
- .nan
---
header:
  stamp:
    sec: 1791163896
    nanosec: 789189701
  frame_id: base_link
name:
- joint_x
- joint_y
position:
- 0.0
- 0.0
velocity:
- 0.0
- 0.0
effort:
- .nan
- .nan
---
header:
  stamp:
    sec: 1791163896
    nanosec: 809190567
  frame_id: base_link
name:
- joint_x
- joint_y
position:
- 0.0
- 0.0
velocity:
- 0.0
- 0.0
effort:
- .nan
- .nan
---
header:
  stamp:
    sec: 1791163896
    nanosec: 829211253
  frame_id: base_link
name:
- joint_x
- joint_y
position:
- 0.0
- 0.0
velocity:
- 0.0
- 0.0
effort:
- .nan
- .nan
---
header:
  stamp:
    sec: 1791163896
    nanosec: 849198424
  frame_id: base_link
name:
- joint_x
- joint_y
position:
- 0.0
- 0.0
velocity:
- 0.0
- 0.0
effort:
- .nan
- .nan
---
header:
  stamp:
    sec: 1791163896
    nanosec: 869223267
  frame_id: base_link
name:
- joint_x
- joint_y
position:
- 0.0
- 0.0
velocity:
- 0.0
- 0.0
effort:
- .nan
- .nan
---
header:
  stamp:
    sec: 1791163896
    nanosec: 889186827
  frame_id: base_link
name:
- joint_x
- joint_y
position:
- 0.0
- 0.0
velocity:
- 0.0
- 0.0
effort:
- .nan
- .nan
---
header:
  stamp:
    sec: 1791163896
    nanosec: 909208201
  frame_id: base_link
name:
- joint_x
- joint_y
position:
- 6.24999984211172e-06
- 6.24999984211172e-06
velocity:
- 0.0003124999930150807
- 0.0003124999930150807
effort:
- .nan
- .nan
---
header:
  stamp:
    sec: 1791163896
    nanosec: 929212260
  frame_id: base_link
name:
- joint_x
- joint_y
position:
- 2.499999936844688e-05
- 2.499999936844688e-05
velocity:
- 0.0009374999790452421
- 0.0009374999790452421
effort:
- .nan
- .nan
---
header:
  stamp:
    sec: 1791163896
    nanosec: 949203690
  frame_id: base_link
name:
- joint_x
- joint_y
position:
- 6.874999962747097e-05
- 6.874999962747097e-05
velocity:
- 0.0021875000093132257
- 0.0021875000093132257
effort:
- .nan
- .nan
---
header:
  stamp:
    sec: 1791163896
    nanosec: 969256624
  frame_id: base_link
name:
- joint_x
- joint_y
position:
- 0.0001250000059371814
- 0.0001250000059371814
velocity:
- 0.002812500111758709
- 0.002812500111758709
effort:
- .nan
- .nan
---
header:
  stamp:
    sec: 1791163896
    nanosec: 989207736
  frame_id: base_link
name:
- joint_x
- joint_y
position:
- 0.00019999999494757503
- 0.00019999999494757503
velocity:
- 0.0035714285913854837
- 0.0035714285913854837
effort:
- .nan
- .nan
---
header:
  stamp:
    sec: 1791163897
    nanosec: 9220606
  frame_id: base_link
name:
- joint_x
- joint_y
position:
- 0.0002937499957624823
- 0.0002937499957624823
velocity:
- 0.004687500186264515
- 0.004687500186264515
effort:
- .nan
- .nan
---
header:
  stamp:
    sec: 1791163897
    nanosec: 29232816
  frame_id: base_link
name:
- joint_x
- joint_y
position:
- 0.00039999998989515007
- 0.00039999998989515007
velocity:
- 0.0053125000558793545
- 0.0053125000558793545
effort:
- .nan
- .nan
---
header:
  stamp:
    sec: 1791163897
    nanosec: 49226863
  frame_id: base_link
name:
- joint_x
- joint_y
position:
- 0.0005187499918974936
- 0.0005187499918974936
velocity:
- 0.005937499925494194
- 0.005937499925494194
effort:
- .nan
- .nan
---
header:
  stamp:
    sec: 1791163897
    nanosec: 69257143
  frame_id: base_link
name:
- joint_x
- joint_y
position:
- 0.0006500000017695129
- 0.0006500000017695129
velocity:
- 0.006562499795109034
- 0.006562499795109034
effort:
- .nan
- .nan
---
header:
  stamp:
    sec: 1791163897
    nanosec: 89234867
  frame_id: base_link
name:
- joint_x
- joint_y
position:
- 0.0009687499841675162
- 0.0009687499841675162
velocity:
- 0.008437500335276127
- 0.008437500335276127
effort:
- .nan
- .nan
---
header:
  stamp:
    sec: 1791163897
    nanosec: 109216517
  frame_id: base_link
name:
- joint_x
- joint_y
position:
- 0.001143750036135316
- 0.0011375000467523932
velocity:
- 0.008437500335276127
- 0.008437500335276127
effort:
- .nan
- .nan
---
header:
  stamp:
    sec: 1791163897
    nanosec: 129208645
  frame_id: base_link
name:
- joint_x
- joint_y
position:
- 0.0013249999610707164
- 0.0013249999610707164
velocity:
- 0.009062499739229679
- 0.009062499739229679
effort:
- .nan
- .nan
---
header:
  stamp:
    sec: 1791163897
    nanosec: 149229110
  frame_id: base_link
name:
- joint_x
- joint_y
position:
- 0.001518749981187284
- 0.001518749981187284
velocity:
- 0.009687500074505806
- 0.009999999776482582
effort:
- .nan
- .nan
---
header:
  stamp:
    sec: 1791163897
    nanosec: 169239221
  frame_id: base_link
name:
- joint_x
- joint_y
position:
- 0.0017312499694526196
- 0.0017312499694526196
velocity:
- 0.010416666977107525
- 0.010119047947227955
effort:
- .nan
- .nan
---
header:
  stamp:
    sec: 1791163897
    nanosec: 189206873
  frame_id: base_link
name:
- joint_x
- joint_y
position:
- 0.001962499925866723
- 0.001962499925866723
velocity:
- 0.011250000447034836
- 0.011250000447034836
effort:
- .nan
- .nan
---
header:
  stamp:
    sec: 1791163897
    nanosec: 209234447
  frame_id: base_link
name:
- joint_x
- joint_y
position:
- 0.0021875000093132257
- 0.0021875000093132257
velocity:
- 0.011562500149011612
- 0.011250000447034836
effort:
- .nan
- .nan
---
header:
  stamp:
    sec: 1791163897
    nanosec: 229214564
  frame_id: base_link
name:
- joint_x
- joint_y
position:
- 0.0024250000715255737
- 0.0024250000715255737
velocity:
- 0.011874999850988388
- 0.011874999850988388
effort:
- .nan
- .nan
---
header:
  stamp:
    sec: 1791163897
    nanosec: 249221375
  frame_id: base_link
name:
- joint_x
- joint_y
position:
- 0.002675000112503767
- 0.002675000112503767
velocity:
- 0.012187499552965164
- 0.012500000186264515
effort:
- .nan
- .nan
---
header:
  stamp:
    sec: 1791163897
    nanosec: 269208180
  frame_id: base_link
name:
- joint_x
- joint_y
position:
- 0.002931250026449561
- 0.002931250026449561
velocity:
- 0.012812499888241291
- 0.012812499888241291
effort:
- .nan
- .nan
---
header:
  stamp:
    sec: 1791163897
    nanosec: 289241983
  frame_id: base_link
name:
- joint_x
- joint_y
position:
- 0.003206250024959445
- 0.003206250024959445
velocity:
- 0.013392857275903225
- 0.013392857275903225
effort:
- .nan
- .nan
---
header:
  stamp:
    sec: 1791163897
    nanosec: 309235174
  frame_id: base_link
name:
- joint_x
- joint_y
position:
- 0.003493750002235174
- 0.003493750002235174
velocity:
- 0.014375000260770321
- 0.014375000260770321
effort:
- .nan
- .nan
---
header:
  stamp:
    sec: 1791163897
    nanosec: 329253498
  frame_id: base_link
name:
- joint_x
- joint_y
position:
- 0.004062499850988388
- 0.004062499850988388
velocity:
- 0.014375000260770321
- 0.014375000260770321
effort:
- .nan
- .nan
---
header:
  stamp:
    sec: 1791163897
    nanosec: 349243786
  frame_id: base_link
name:
- joint_x
- joint_y
position:
- 0.004368749912828207
- 0.004368749912828207
velocity:
- 0.015312500298023224
- 0.015312500298023224
effort:
- .nan
- .nan
---
header:
  stamp:
    sec: 1791163897
    nanosec: 369226914
  frame_id: base_link
name:
- joint_x
- joint_y
position:
- 0.004687500186264515
- 0.004693749826401472
velocity:
- 0.015937499701976776
- 0.015937499701976776
effort:
- .nan
- .nan
---
header:
  stamp:
    sec: 1791163897
    nanosec: 389236118
  frame_id: base_link
name:
- joint_x
- joint_y
position:
- 0.0050062499940395355
- 0.0050062499940395355
velocity:
- 0.015937499701976776
- 0.015937499701976776
effort:
- .nan
- .nan
---
header:
  stamp:
    sec: 1791163897
    nanosec: 409272242
  frame_id: base_link
name:
- joint_x
- joint_y
position:
- 0.005331249907612801
- 0.005331249907612801
velocity:
- 0.016249999403953552
- 0.015937499701976776
effort:
- .nan
- .nan
---
header:
  stamp:
    sec: 1791163897
    nanosec: 429243990
  frame_id: base_link
name:
- joint_x
- joint_y
position:
- 0.00566249992698431
- 0.00566249992698431
velocity:
- 0.016249999403953552
- 0.01656249910593033
effort:
- .nan
- .nan
---
header:
  stamp:
    sec: 1791163897
    nanosec: 449246358
  frame_id: base_link
name:
- joint_x
- joint_y
position:
- 0.00599374994635582
- 0.00599374994635582
velocity:
- 0.016875000670552254
- 0.01656249910593033
effort:
- .nan
- .nan
---
header:
  stamp:
    sec: 1791163897
    nanosec: 469240051
  frame_id: base_link
name:
- joint_x
- joint_y
position:
- 0.006356250029057264
- 0.00634999992325902
velocity:
- 0.01726190559566021
- 0.01726190559566021
effort:
- .nan
- .nan
---
header:
  stamp:
    sec: 1791163897
    nanosec: 489228183
  frame_id: base_link
name:
- joint_x
- joint_y
position:
- 0.006718750111758709
- 0.006718750111758709
velocity:
- 0.018124999478459358
- 0.018437499180436134
effort:
- .nan
- .nan
---
header:
  stamp:
    sec: 1791163897
    nanosec: 509239038
  frame_id: base_link
name:
- joint_x
- joint_y
position:
- 0.007068749982863665
- 0.007068749982863665
velocity:
- 0.017500000074505806
- 0.017500000074505806
effort:
- .nan
- .nan
---
header:
  stamp:
    sec: 1791163897
    nanosec: 529229995
  frame_id: base_link
name:
- joint_x
- joint_y
position:
- 0.007431250065565109
- 0.007431250065565109
velocity:
- 0.018124999478459358
- 0.018124999478459358
effort:
- .nan
- .nan
---
header:
  stamp:
    sec: 1791163897
    nanosec: 549233494
  frame_id: base_link
name:
- joint_x
- joint_y
position:
- 0.007793750148266554
- 0.007793750148266554
velocity:
- 0.018124999478459358
- 0.018124999478459358
effort:
- .nan
- .nan
---
header:
  stamp:
    sec: 1791163897
    nanosec: 569233550
  frame_id: base_link
name:
- joint_x
- joint_y
position:
- 0.008187499828636646
- 0.008187499828636646
velocity:
- 0.01875000074505806
- 0.01875000074505806
effort:
- .nan
- .nan
---
header:
  stamp:
    sec: 1791163897
    nanosec: 589247764
  frame_id: base_link
name:
- joint_x
- joint_y
position:
- 0.008956249803304672
- 0.008956249803304672
velocity:
- 0.019062500447034836
- 0.019062500447034836
effort:
- .nan
- .nan
---
header:
  stamp:
    sec: 1791163897
    nanosec: 609227531
  frame_id: base_link
name:
- joint_x
- joint_y
position:
- 0.009343749843537807
- 0.009343749843537807
velocity:
- 0.019375000149011612
- 0.019375000149011612
effort:
- .nan
- .nan
---
header:
  stamp:
    sec: 1791163897
    nanosec: 629227407
  frame_id: base_link
name:
- joint_x
- joint_y
position:
- 0.009731249883770943
- 0.009731249883770943
velocity:
- 0.019375000149011612
- 0.019375000149011612
effort:
- .nan
- .nan
---
header:
  stamp:
    sec: 1791163897
    nanosec: 649228329
  frame_id: base_link
name:
- joint_x
- joint_y
position:
- 0.010118749924004078
- 0.010118749924004078
velocity:
- 0.019375000149011612
- 0.019375000149011612
effort:
- .nan
- .nan
---
header:
  stamp:
    sec: 1791163897
    nanosec: 669223627
  frame_id: base_link
name:
- joint_x
- joint_y
position:
- 0.010537499561905861
- 0.010537499561905861
velocity:
- 0.020937500521540642
- 0.020625000819563866
effort:
- .nan
- .nan
---
header:
  stamp:
    sec: 1791163897
    nanosec: 689225734
  frame_id: base_link
name:
- joint_x
- joint_y
position:
- 0.010937499813735485
- 0.01093124970793724
velocity:
- 0.019687499850988388
- 0.019999999552965164
effort:
- .nan
- .nan
---
header:
  stamp:
    sec: 1791163897
    nanosec: 709228263
  frame_id: base_link
name:
- joint_x
- joint_y
position:
- 0.01133750006556511
- 0.011331249959766865
velocity:
- 0.019999999552965164
- 0.019999999552965164
effort:
- .nan
- .nan
---
header:
  stamp:
    sec: 1791163897
    nanosec: 729227249
  frame_id: base_link
name:
- joint_x
- joint_y
position:
- 0.011737500317394733
- 0.011731250211596489
velocity:
- 0.019999999552965164
- 0.019999999552965164
effort:
- .nan
- .nan
---
header:
  stamp:
    sec: 1791163897
    nanosec: 749231165
  frame_id: base_link
name:
- joint_x
- joint_y
position:
- 0.012137499637901783
- 0.012137499637901783
velocity:
- 0.019999999552965164
- 0.019999999552965164
effort:
- .nan
- .nan
---
header:
  stamp:
    sec: 1791163897
    nanosec: 769223061
  frame_id: base_link
name:
- joint_x
- joint_y
position:
- 0.012562500312924385
- 0.012562500312924385
velocity:
- 0.02053571492433548
- 0.02053571492433548
effort:
- .nan
- .nan
---
header:
  stamp:
    sec: 1791163897
    nanosec: 789184475
  frame_id: base_link
name:
- joint_x
- joint_y
position:
- 0.012987500056624413
- 0.012993750162422657
velocity:
- 0.021250000223517418
- 0.021250000223517418
effort:
- .nan
- .nan
---
header:
  stamp:
    sec: 1791163897
    nanosec: 809197548
  frame_id: base_link
name:
- joint_x
- joint_y
position:
- 0.01380624994635582
- 0.01380624994635582
velocity:
- 0.02031249925494194
- 0.02031249925494194
effort:
- .nan
- .nan
---
header:
  stamp:
    sec: 1791163897
    nanosec: 829216846
  frame_id: base_link
name:
- joint_x
- joint_y
position:
- 0.014218750409781933
- 0.014212500303983688
velocity:
- 0.020625000819563866
- 0.02031249925494194
effort:
- .nan
- .nan
---
header:
  stamp:
    sec: 1791163897
    nanosec: 849217659
  frame_id: base_link
name:
- joint_x
- joint_y
position:
- 0.014650000259280205
- 0.014650000259280205
velocity:
- 0.021562499925494194
- 0.021562499925494194
effort:
- .nan
- .nan
---
header:
  stamp:
    sec: 1791163897
    nanosec: 869336324
  frame_id: base_link
name:
- joint_x
- joint_y
position:
- 0.015062499791383743
- 0.015062499791383743
velocity:
- 0.02031249925494194
- 0.020625000819563866
effort:
- .nan
- .nan
---
header:
  stamp:
    sec: 1791163897
    nanosec: 889226910
  frame_id: base_link
name:
- joint_x
- joint_y
position:
- 0.015475000254809856
- 0.015475000254809856
velocity:
- 0.020625000819563866
- 0.020625000819563866
effort:
- .nan
- .nan
---
header:
  stamp:
    sec: 1791163897
    nanosec: 909233779
  frame_id: base_link
name:
- joint_x
- joint_y
position:
- 0.01588750071823597
- 0.01588124968111515
velocity:
- 0.020625000819563866
- 0.020625000819563866
effort:
- .nan
- .nan
---
header:
  stamp:
    sec: 1791163897
    nanosec: 929233862
  frame_id: base_link
name:
- joint_x
- joint_y
position:
- 0.016300000250339508
- 0.01629374921321869
velocity:
- 0.020625000819563866
- 0.02031249925494194
effort:
- .nan
- .nan
---
header:
  stamp:
    sec: 1791163897
    nanosec: 949239856
  frame_id: base_link
name:
- joint_x
- joint_y
position:
- 0.016731249168515205
- 0.016724999994039536
velocity:
- 0.02083333395421505
- 0.02083333395421505
effort:
- .nan
- .nan
---
header:
  stamp:
    sec: 1791163897
    nanosec: 969229257
  frame_id: base_link
name:
- joint_x
- joint_y
position:
- 0.017156250774860382
- 0.017156250774860382
velocity:
- 0.021250000223517418
- 0.021562499925494194
effort:
- .nan
- .nan
---
header:
  stamp:
    sec: 1791163897
    nanosec: 989228992
  frame_id: base_link
name:
- joint_x
- joint_y
position:
- 0.0175624992698431
- 0.01756875030696392
velocity:
- 0.02031249925494194
- 0.02031249925494194
effort:
- .nan
- .nan
---
header:
  stamp:
    sec: 1791163898
    nanosec: 9232708
  frame_id: base_link
name:
- joint_x
- joint_y
position:
- 0.01796874962747097
- 0.01796874962747097
velocity:
- 0.02031249925494194
- 0.02031249925494194
effort:
- .nan
- .nan
---
header:
  stamp:
    sec: 1791163898
    nanosec: 29235669
  frame_id: base_link
name:
- joint_x
- joint_y
position:
- 0.01837499998509884
- 0.01836875081062317
velocity:
- 0.019999999552965164
- 0.019999999552965164
effort:
- .nan
- .nan
---
header:
  stamp:
    sec: 1791163898
    nanosec: 49229679
  frame_id: base_link
name:
- joint_x
- joint_y
position:
- 0.019187500700354576
- 0.019187500700354576
velocity:
- 0.019687499850988388
- 0.019687499850988388
effort:
- .nan
- .nan
---
header:
  stamp:
    sec: 1791163898
    nanosec: 69223180
  frame_id: base_link
name:
- joint_x
- joint_y
position:
- 0.019581250846385956
- 0.019581250846385956
velocity:
- 0.019999999552965164
- 0.019687499850988388
effort:
- .nan
- .nan
---
header:
  stamp:
    sec: 1791163898
    nanosec: 89245800
  frame_id: base_link
name:
- joint_x
- joint_y
position:
- 0.019974999129772186
- 0.019974999129772186
velocity:
- 0.019687499850988388
- 0.019687499850988388
effort:
- .nan
- .nan
---
header:
  stamp:
    sec: 1791163898
    nanosec: 109227802
  frame_id: base_link
name:
- joint_x
- joint_y
position:
- 0.020368749275803566
- 0.020362500101327896
velocity:
- 0.019375000149011612
- 0.019687499850988388
effort:
- .nan
- .nan
---
header:
  stamp:
    sec: 1791163898
    nanosec: 129232978
  frame_id: base_link
name:
- joint_x
- joint_y
position:
- 0.020768750458955765
- 0.020768750458955765
velocity:
- 0.0193452388048172
- 0.0193452388048172
effort:
- .nan
- .nan
---
header:
  stamp:
    sec: 1791163898
    nanosec: 149227097
  frame_id: base_link
name:
- joint_x
- joint_y
position:
- 0.021168749779462814
- 0.021175000816583633
velocity:
- 0.019999999552965164
- 0.019999999552965164
effort:
- .nan
- .nan
---
header:
  stamp:
    sec: 1791163898
    nanosec: 169226970
  frame_id: base_link
name:
- joint_x
- joint_y
position:
- 0.021549999713897705
- 0.021549999713897705
velocity:
- 0.019062500447034836
- 0.01875000074505806
effort:
- .nan
- .nan
---
header:
  stamp:
    sec: 1791163898
    nanosec: 189227854
  frame_id: base_link
name:
- joint_x
- joint_y
position:
- 0.021925000473856926
- 0.021925000473856926
velocity:
- 0.018437499180436134
- 0.01875000074505806
effort:
- .nan
- .nan
---
header:
  stamp:
    sec: 1791163898
    nanosec: 209223486
  frame_id: base_link
name:
- joint_x
- joint_y
position:
- 0.022293750196695328
- 0.022293750196695328
velocity:
- 0.01875000074505806
- 0.018437499180436134
effort:
- .nan
- .nan
---
header:
  stamp:
    sec: 1791163898
    nanosec: 229230812
  frame_id: base_link
name:
- joint_x
- joint_y
position:
- 0.02265625074505806
- 0.02265625074505806
velocity:
- 0.018124999478459358
- 0.018437499180436134
effort:
- .nan
- .nan
---
header:
  stamp:
    sec: 1791163898
    nanosec: 249236517
  frame_id: base_link
name:
- joint_x
- joint_y
position:
- 0.02303124964237213
- 0.02303124964237213
velocity:
- 0.01875000074505806
- 0.01875000074505806
effort:
- .nan
- .nan
---
header:
  stamp:
    sec: 1791163898
    nanosec: 269239351
  frame_id: base_link
name:
- joint_x
- joint_y
position:
- 0.023731250315904617
- 0.023724999278783798
velocity:
- 0.01718750037252903
- 0.01718750037252903
effort:
- .nan
- .nan
---
header:
  stamp:
    sec: 1791163898
    nanosec: 289231455
  frame_id: base_link
name:
- joint_x
- joint_y
position:
- 0.02406875044107437
- 0.02406875044107437
velocity:
- 0.016875000670552254
- 0.01718750037252903
effort:
- .nan
- .nan
---
header:
  stamp:
    sec: 1791163898
    nanosec: 309219121
  frame_id: base_link
name:
- joint_x
- joint_y
position:
- 0.024418750777840614
- 0.024412499740719795
velocity:
- 0.01696428656578064
- 0.0163690485060215
effort:
- .nan
- .nan
---
header:
  stamp:
    sec: 1791163898
    nanosec: 329220777
  frame_id: base_link
name:
- joint_x
- joint_y
position:
- 0.024762500077486038
- 0.024762500077486038
velocity:
- 0.01718750037252903
- 0.01718750037252903
effort:
- .nan
- .nan
---
header:
  stamp:
    sec: 1791163898
    nanosec: 349236529
  frame_id: base_link
name:
- joint_x
- joint_y
position:
- 0.025081250816583633
- 0.025081250816583633
velocity:
- 0.015937499701976776
- 0.016249999403953552
effort:
- .nan
- .nan
---
header:
  stamp:
    sec: 1791163898
    nanosec: 369222635
  frame_id: base_link
name:
- joint_x
- joint_y
position:
- 0.02539375051856041
- 0.02539375051856041
velocity:
- 0.015625
- 0.015625
effort:
- .nan
- .nan
---
header:
  stamp:
    sec: 1791163898
    nanosec: 389231461
  frame_id: base_link
name:
- joint_x
- joint_y
position:
- 0.025699999183416367
- 0.025699999183416367
velocity:
- 0.015312500298023224
- 0.015312500298023224
effort:
- .nan
- .nan
---
header:
  stamp:
    sec: 1791163898
    nanosec: 409241068
  frame_id: base_link
name:
- joint_x
- joint_y
position:
- 0.026000000536441803
- 0.026000000536441803
velocity:
- 0.014687499962747097
- 0.014687499962747097
effort:
- .nan
- .nan
---
header:
  stamp:
    sec: 1791163898
    nanosec: 429242228
  frame_id: base_link
name:
- joint_x
- joint_y
position:
- 0.02630000002682209
- 0.02630000002682209
velocity:
- 0.014583333395421505
- 0.014583333395421505
effort:
- .nan
- .nan
---
header:
  stamp:
    sec: 1791163898
    nanosec: 449228197
  frame_id: base_link
name:
- joint_x
- joint_y
position:
- 0.026599999517202377
- 0.026593750342726707
velocity:
- 0.014999999664723873
- 0.014687499962747097
effort:
- .nan
- .nan
---
header:
  stamp:
    sec: 1791163898
    nanosec: 469210264
  frame_id: base_link
name:
- joint_x
- joint_y
position:
- 0.026868749409914017
- 0.026868749409914017
velocity:
- 0.013437500223517418
- 0.013749999925494194
effort:
- .nan
- .nan
---
header:
  stamp:
    sec: 1791163898
    nanosec: 489190914
  frame_id: base_link
name:
- joint_x
- joint_y
position:
- 0.027131250128149986
- 0.027131250128149986
velocity:
- 0.013124999590218067
- 0.013124999590218067
effort:
- .nan
- .nan
---
header:
  stamp:
    sec: 1791163898
    nanosec: 509225783
  frame_id: base_link
name:
- joint_x
- joint_y
position:
- 0.027637500315904617
- 0.027637500315904617
velocity:
- 0.012812499888241291
- 0.012812499888241291
effort:
- .nan
- .nan
---
header:
  stamp:
    sec: 1791163898
    nanosec: 529232689
  frame_id: base_link
name:
- joint_x
- joint_y
position:
- 0.02787500061094761
- 0.02787500061094761
velocity:
- 0.011874999850988388
- 0.011874999850988388
effort:
- .nan
- .nan
---
header:
  stamp:
    sec: 1791163898
    nanosec: 549220857
  frame_id: base_link
name:
- joint_x
- joint_y
position:
- 0.02810000069439411
- 0.02810000069439411
velocity:
- 0.010937499813735485
- 0.010937499813735485
effort:
- .nan
- .nan
---
header:
  stamp:
    sec: 1791163898
    nanosec: 569220985
  frame_id: base_link
name:
- joint_x
- joint_y
position:
- 0.028312500566244125
- 0.028312500566244125
velocity:
- 0.010937499813735485
- 0.010937499813735485
effort:
- .nan
- .nan
---
header:
  stamp:
    sec: 1791163898
    nanosec: 589221658
  frame_id: base_link
name:
- joint_x
- joint_y
position:
- 0.02851874940097332
- 0.02851874940097332
velocity:
- 0.009999999776482582
- 0.009999999776482582
effort:
- .nan
- .nan
---
header:
  stamp:
    sec: 1791163898
    nanosec: 609225647
  frame_id: base_link
name:
- joint_x
- joint_y
position:
- 0.028718750923871994
- 0.028718750923871994
velocity:
- 0.009821428917348385
- 0.009821428917348385
effort:
- .nan
- .nan
---
header:
  stamp:
    sec: 1791163898
    nanosec: 629228050
  frame_id: base_link
name:
- joint_x
- joint_y
position:
- 0.02890625037252903
- 0.02890625037252903
velocity:
- 0.00937500037252903
- 0.00937500037252903
effort:
- .nan
- .nan
---
header:
  stamp:
    sec: 1791163898
    nanosec: 649224745
  frame_id: base_link
name:
- joint_x
- joint_y
position:
- 0.029081249609589577
- 0.029081249609589577
velocity:
- 0.008750000037252903
- 0.008750000037252903
effort:
- .nan
- .nan
---
header:
  stamp:
    sec: 1791163898
    nanosec: 669267479
  frame_id: base_link
name:
- joint_x
- joint_y
position:
- 0.029237499460577965
- 0.029237499460577965
velocity:
- 0.0078125
- 0.0078125
effort:
- .nan
- .nan
---
header:
  stamp:
    sec: 1791163898
    nanosec: 689241281
  frame_id: base_link
name:
- joint_x
- joint_y
position:
- 0.029387500137090683
- 0.029387500137090683
velocity:
- 0.007499999832361937
- 0.007499999832361937
effort:
- .nan
- .nan
---
header:
  stamp:
    sec: 1791163898
    nanosec: 709221228
  frame_id: base_link
name:
- joint_x
- joint_y
position:
- 0.029525000602006912
- 0.029525000602006912
velocity:
- 0.006874999962747097
- 0.006874999962747097
effort:
- .nan
- .nan
---
header:
  stamp:
    sec: 1791163898
    nanosec: 729233229
  frame_id: base_link
name:
- joint_x
- joint_y
position:
- 0.029650000855326653
- 0.029650000855326653
velocity:
- 0.0062500000931322575
- 0.0062500000931322575
effort:
- .nan
- .nan
---
header:
  stamp:
    sec: 1791163898
    nanosec: 749243248
  frame_id: base_link
name:
- joint_x
- joint_y
position:
- 0.029856249690055847
- 0.029856249690055847
velocity:
- 0.004999999888241291
- 0.004999999888241291
effort:
- .nan
- .nan
---
header:
  stamp:
    sec: 1791163898
    nanosec: 769236341
  frame_id: base_link
name:
- joint_x
- joint_y
position:
- 0.02993750013411045
- 0.02993750013411045
velocity:
- 0.004062499850988388
- 0.004062499850988388
effort:
- .nan
- .nan
---
header:
  stamp:
    sec: 1791163898
    nanosec: 789233894
  frame_id: base_link
name:
- joint_x
- joint_y
position:
- 0.030006250366568565
- 0.030006250366568565
velocity:
- 0.0034374999813735485
- 0.0034374999813735485
effort:
- .nan
- .nan
---
header:
  stamp:
    sec: 1791163898
    nanosec: 809228727
  frame_id: base_link
name:
- joint_x
- joint_y
position:
- 0.03006250038743019
- 0.03006250038743019
velocity:
- 0.002812500111758709
- 0.002812500111758709
effort:
- .nan
- .nan
---
header:
  stamp:
    sec: 1791163898
    nanosec: 829223232
  frame_id: base_link
name:
- joint_x
- joint_y
position:
- 0.030106250196695328
- 0.030106250196695328
velocity:
- 0.0021875000093132257
- 0.0021875000093132257
effort:
- .nan
- .nan
---
header:
  stamp:
    sec: 1791163898
    nanosec: 849228231
  frame_id: base_link
name:
- joint_x
- joint_y
position:
- 0.030131250619888306
- 0.030131250619888306
velocity:
- 0.0012499999720603228
- 0.0012499999720603228
effort:
- .nan
- .nan
---
header:
  stamp:
    sec: 1791163898
    nanosec: 869235062
  frame_id: base_link
name:
- joint_x
- joint_y
position:
- 0.030143750831484795
- 0.030143750831484795
velocity:
- 0.0006249999860301614
- 0.0006249999860301614
effort:
- .nan
- .nan
---
header:
  stamp:
    sec: 1791163898
    nanosec: 889216114
  frame_id: base_link
name:
- joint_x
- joint_y
position:
- 0.030137499794363976
- 0.030137499794363976
velocity:
- -0.00029761905898340046
- -0.00029761905898340046
effort:
- .nan
- .nan
---
header:
  stamp:
    sec: 1791163898
    nanosec: 909226957
  frame_id: base_link
name:
- joint_x
- joint_y
position:
- 0.030118750408291817
- 0.030118750408291817
velocity:
- -0.0009374999790452421
- -0.0009374999790452421
effort:
- .nan
- .nan
---
header:
  stamp:
    sec: 1791163898
    nanosec: 929260081
  frame_id: base_link
name:
- joint_x
- joint_y
position:
- 0.03008750081062317
- 0.03008124977350235
velocity:
- -0.0015625000232830644
- -0.0015625000232830644
effort:
- .nan
- .nan
---
header:
  stamp:
    sec: 1791163898
    nanosec: 949227600
  frame_id: base_link
name:
- joint_x
- joint_y
position:
- 0.030037499964237213
- 0.030037499964237213
velocity:
- -0.0024999999441206455
- -0.0024999999441206455
effort:
- .nan
- .nan
---
header:
  stamp:
    sec: 1791163898
    nanosec: 969236609
  frame_id: base_link
name:
- joint_x
- joint_y
position:
- 0.029975000768899918
- 0.029975000768899918
velocity:
- -0.0031250000465661287
- -0.0031250000465661287
effort:
- .nan
- .nan
---
header:
  stamp:
    sec: 1791163898
    nanosec: 989239389
  frame_id: base_link
name:
- joint_x
- joint_y
position:
- 0.02979999966919422
- 0.02979999966919422
velocity:
- -0.004687500186264515
- -0.004687500186264515
effort:
- .nan
- .nan
---
header:
  stamp:
    sec: 1791163899
    nanosec: 9220020
  frame_id: base_link
name:
- joint_x
- joint_y
position:
- 0.02969375066459179
- 0.02969375066459179
velocity:
- -0.0053125000558793545
- -0.0053125000558793545
effort:
- .nan
- .nan
---
header:
  stamp:
    sec: 1791163899
    nanosec: 29222621
  frame_id: base_link
name:
- joint_x
- joint_y
position:
- 0.02957499958574772
- 0.02957499958574772
velocity:
- -0.005937499925494194
- -0.005937499925494194
effort:
- .nan
- .nan
---
header:
  stamp:
    sec: 1791163899
    nanosec: 49224578
  frame_id: base_link
name:
- joint_x
- joint_y
position:
- 0.02944375015795231
- 0.02944375015795231
velocity:
- -0.006562499795109034
- -0.006562499795109034
effort:
- .nan
- .nan
---
header:
  stamp:
    sec: 1791163899
    nanosec: 69215854
  frame_id: base_link
name:
- joint_x
- joint_y
position:
- 0.02929374948143959
- 0.02929374948143959
velocity:
- -0.007499999832361937
- -0.007499999832361937
effort:
- .nan
- .nan
---
header:
  stamp:
    sec: 1791163899
    nanosec: 89220357
  frame_id: base_link
name:
- joint_x
- joint_y
position:
- 0.029137499630451202
- 0.029137499630451202
velocity:
- -0.0078125
- -0.0078125
effort:
- .nan
- .nan
---
header:
  stamp:
    sec: 1791163899
    nanosec: 109228664
  frame_id: base_link
name:
- joint_x
- joint_y
position:
- 0.028968749567866325
- 0.028975000604987144
velocity:
- -0.008437500335276127
- -0.008124999701976776
effort:
- .nan
- .nan
---
header:
  stamp:
    sec: 1791163899
    nanosec: 129229655
  frame_id: base_link
name:
- joint_x
- joint_y
position:
- 0.02879375033080578
- 0.02879375033080578
velocity:
- -0.008750000037252903
- -0.009062499739229679
effort:
- .nan
- .nan
---
header:
  stamp:
    sec: 1791163899
    nanosec: 149225555
  frame_id: base_link
name:
- joint_x
- joint_y
position:
- 0.028599999845027924
- 0.028606250882148743
velocity:
- -0.00937500037252903
- -0.00937500037252903
effort:
- .nan
- .nan
---
header:
  stamp:
    sec: 1791163899
    nanosec: 169227506
  frame_id: base_link
name:
- joint_x
- joint_y
position:
- 0.02839374914765358
- 0.02839374914765358
velocity:
- -0.010119047947227955
- -0.010119047947227955
effort:
- .nan
- .nan
---
header:
  stamp:
    sec: 1791163899
    nanosec: 189232368
  frame_id: base_link
name:
- joint_x
- joint_y
position:
- 0.028168750926852226
- 0.028168750926852226
velocity:
- -0.011250000447034836
- -0.010937499813735485
effort:
- .nan
- .nan
---
header:
  stamp:
    sec: 1791163899
    nanosec: 209229387
  frame_id: base_link
name:
- joint_x
- joint_y
position:
- 0.02771875075995922
- 0.02771875075995922
velocity:
- -0.011562500149011612
- -0.011562500149011612
effort:
- .nan
- .nan
---
header:
  stamp:
    sec: 1791163899
    nanosec: 229228944
  frame_id: base_link
name:
- joint_x
- joint_y
position:
- 0.02747499942779541
- 0.02747499942779541
velocity:
- -0.012187499552965164
- -0.012187499552965164
effort:
- .nan
- .nan
---
header:
  stamp:
    sec: 1791163899
    nanosec: 249225225
  frame_id: base_link
name:
- joint_x
- joint_y
position:
- 0.02720624953508377
- 0.02720624953508377
velocity:
- -0.013124999590218067
- -0.013124999590218067
effort:
- .nan
- .nan
---
header:
  stamp:
    sec: 1791163899
    nanosec: 269224369
  frame_id: base_link
name:
- joint_x
- joint_y
position:
- 0.02694375067949295
- 0.02694375067949295
velocity:
- -0.013124999590218067
- -0.013124999590218067
effort:
- .nan
- .nan
---
header:
  stamp:
    sec: 1791163899
    nanosec: 289231358
  frame_id: base_link
name:
- joint_x
- joint_y
position:
- 0.02667500078678131
- 0.02667500078678131
velocity:
- -0.013437500223517418
- -0.013437500223517418
effort:
- .nan
- .nan
---
header:
  stamp:
    sec: 1791163899
    nanosec: 309220391
  frame_id: base_link
name:
- joint_x
- joint_y
position:
- 0.026399999856948853
- 0.026399999856948853
velocity:
- -0.01406249962747097
- -0.01406249962747097
effort:
- .nan
- .nan
---
header:
  stamp:
    sec: 1791163899
    nanosec: 329228120
  frame_id: base_link
name:
- joint_x
- joint_y
position:
- 0.026112500578165054
- 0.026112500578165054
velocity:
- -0.014375000260770321
- -0.014375000260770321
effort:
- .nan
- .nan
---
header:
  stamp:
    sec: 1791163899
    nanosec: 349228127
  frame_id: base_link
name:
- joint_x
- joint_y
position:
- 0.025800000876188278
- 0.025806250050663948
velocity:
- -0.014880952425301075
- -0.014583333395421505
effort:
- .nan
- .nan
---
header:
  stamp:
    sec: 1791163899
    nanosec: 369220728
  frame_id: base_link
name:
- joint_x
- joint_y
position:
- 0.025481250137090683
- 0.025487499311566353
velocity:
- -0.015937499701976776
- -0.015937499701976776
effort:
- .nan
- .nan
---
header:
  stamp:
    sec: 1791163899
    nanosec: 389240291
  frame_id: base_link
name:
- joint_x
- joint_y
position:
- 0.025168750435113907
- 0.025168750435113907
velocity:
- -0.015625
- -0.015937499701976776
effort:
- .nan
- .nan
---
header:
  stamp:
    sec: 1791163899
    nanosec: 409239780
  frame_id: base_link
name:
- joint_x
- joint_y
position:
- 0.02484999969601631
- 0.02485625073313713
velocity:
- -0.015937499701976776
- -0.015625
effort:
- .nan
- .nan
---
header:
  stamp:
    sec: 1791163899
    nanosec: 429228836
  frame_id: base_link
name:
- joint_x
- joint_y
position:
- 0.024524999782443047
- 0.024524999782443047
velocity:
- -0.015937499701976776
- -0.016249999403953552
effort:
- .nan
- .nan
---
header:
  stamp:
    sec: 1791163899
    nanosec: 449241843
  frame_id: base_link
name:
- joint_x
- joint_y
position:
- 0.02383749932050705
- 0.02383749932050705
velocity:
- -0.016875000670552254
- -0.016875000670552254
effort:
- .nan
- .nan
---
header:
  stamp:
    sec: 1791163899
    nanosec: 469225020
  frame_id: base_link
name:
- joint_x
- joint_y
position:
- 0.023493750020861626
- 0.023493750020861626
velocity:
- -0.017500000074505806
- -0.01718750037252903
effort:
- .nan
- .nan
---
header:
  stamp:
    sec: 1791163899
    nanosec: 489226751
  frame_id: base_link
name:
- joint_x
- joint_y
position:
- 0.023137500509619713
- 0.023143749684095383
velocity:
- -0.017500000074505806
- -0.017812499776482582
effort:
- .nan
- .nan
---
header:
  stamp:
    sec: 1791163899
    nanosec: 509223221
  frame_id: base_link
name:
- joint_x
- joint_y
position:
- 0.02278124913573265
- 0.02278750017285347
velocity:
- -0.017812499776482582
- -0.017812499776482582
effort:
- .nan
- .nan
---
header:
  stamp:
    sec: 1791163899
    nanosec: 529237231
  frame_id: base_link
name:
- joint_x
- joint_y
position:
- 0.02239999920129776
- 0.02240625023841858
velocity:
- -0.01845238171517849
- -0.01815476268529892
effort:
- .nan
- .nan
---
header:
  stamp:
    sec: 1791163899
    nanosec: 549225151
  frame_id: base_link
name:
- joint_x
- joint_y
position:
- 0.02201874926686287
- 0.02201874926686287
velocity:
- -0.019062500447034836
- -0.019375000149011612
effort:
- .nan
- .nan
---
header:
  stamp:
    sec: 1791163899
    nanosec: 569224083
  frame_id: base_link
name:
- joint_x
- joint_y
position:
- 0.021643750369548798
- 0.021649999544024467
velocity:
- -0.01875000074505806
- -0.018437499180436134
effort:
- .nan
- .nan
---
header:
  stamp:
    sec: 1791163899
    nanosec: 589234007
  frame_id: base_link
name:
- joint_x
- joint_y
position:
- 0.021268749609589577
- 0.021275000646710396
velocity:
- -0.01875000074505806
- -0.01875000074505806
effort:
- .nan
- .nan
---
header:
  stamp:
    sec: 1791163899
    nanosec: 609224341
  frame_id: base_link
name:
- joint_x
- joint_y
position:
- 0.020887499675154686
- 0.020893750712275505
velocity:
- -0.019062500447034836
- -0.019062500447034836
effort:
- .nan
- .nan
---
header:
  stamp:
    sec: 1791163899
    nanosec: 629228839
  frame_id: base_link
name:
- joint_x
- joint_y
position:
- 0.020506249740719795
- 0.020512500777840614
velocity:
- -0.019062500447034836
- -0.019062500447034836
effort:
- .nan
- .nan
---
header:
  stamp:
    sec: 1791163899
    nanosec: 649221798
  frame_id: base_link
name:
- joint_x
- joint_y
position:
- 0.020099999383091927
- 0.020099999383091927
velocity:
- -0.02031249925494194
- -0.02031249925494194
effort:
- .nan
- .nan
---
header:
  stamp:
    sec: 1791163899
    nanosec: 669226391
  frame_id: base_link
name:
- joint_x
- joint_y
position:
- 0.019318750128149986
- 0.019318750128149986
velocity:
- -0.019687499850988388
- -0.019687499850988388
effort:
- .nan
- .nan
---
header:
  stamp:
    sec: 1791163899
    nanosec: 689239383
  frame_id: base_link
name:
- joint_x
- joint_y
position:
- 0.018918750807642937
- 0.018918750807642937
velocity:
- -0.019999999552965164
- -0.019687499850988388
effort:
- .nan
- .nan
---
header:
  stamp:
    sec: 1791163899
    nanosec: 709237351
  frame_id: base_link
name:
- joint_x
- joint_y
position:
- 0.01849374920129776
- 0.01850000023841858
velocity:
- -0.020937500521540642
- -0.021250000223517418
effort:
- .nan
- .nan
---
header:
  stamp:
    sec: 1791163899
    nanosec: 729229673
  frame_id: base_link
name:
- joint_x
- joint_y
position:
- 0.01809374988079071
- 0.01809374988079071
velocity:
- -0.019999999552965164
- -0.02031249925494194
effort:
- .nan
- .nan
---
header:
  stamp:
    sec: 1791163899
    nanosec: 749231528
  frame_id: base_link
name:
- joint_x
- joint_y
position:
- 0.017687499523162842
- 0.01769375056028366
velocity:
- -0.02031249925494194
- -0.019999999552965164
effort:
- .nan
- .nan
---
header:
  stamp:
    sec: 1791163899
    nanosec: 769227637
  frame_id: base_link
name:
- joint_x
- joint_y
position:
- 0.017287500202655792
- 0.017287500202655792
velocity:
- -0.02031249925494194
- -0.02031249925494194
effort:
- .nan
- .nan
---
header:
  stamp:
    sec: 1791163899
    nanosec: 789230819
  frame_id: base_link
name:
- joint_x
- joint_y
position:
- 0.016875000670552254
- 0.016881249845027924
velocity:
- -0.020625000819563866
- -0.02031249925494194
effort:
- .nan
- .nan
---
header:
  stamp:
    sec: 1791163899
    nanosec: 809236894
  frame_id: base_link
name:
- joint_x
- joint_y
position:
- 0.016468750312924385
- 0.016468750312924385
velocity:
- -0.02031249925494194
- -0.020625000819563866
effort:
- .nan
- .nan
---
header:
  stamp:
    sec: 1791163899
    nanosec: 829269217
  frame_id: base_link
name:
- joint_x
- joint_y
position:
- 0.01603125035762787
- 0.01603749953210354
velocity:
- -0.02187499962747097
- -0.021562499925494194
effort:
- .nan
- .nan
---
header:
  stamp:
    sec: 1791163899
    nanosec: 849238231
  frame_id: base_link
name:
- joint_x
- joint_y
position:
- 0.015625
- 0.015625
velocity:
- -0.02031249925494194
- -0.020625000819563866
effort:
- .nan
- .nan
---
header:
  stamp:
    sec: 1791163899
    nanosec: 869239635
  frame_id: base_link
name:
- joint_x
- joint_y
position:
- 0.015212499536573887
- 0.015212499536573887
velocity:
- -0.020625000819563866
- -0.020625000819563866
effort:
- .nan
- .nan
---
header:
  stamp:
    sec: 1791163899
    nanosec: 889244430
  frame_id: base_link
name:
- joint_x
- joint_y
position:
- 0.014375000260770321
- 0.014375000260770321
velocity:
- -0.021562499925494194
- -0.021562499925494194
effort:
- .nan
- .nan
---
header:
  stamp:
    sec: 1791163899
    nanosec: 909243688
  frame_id: base_link
name:
- joint_x
- joint_y
position:
- 0.013956249691545963
- 0.013956249691545963
velocity:
- -0.020625000819563866
- -0.020625000819563866
effort:
- .nan
- .nan
---
header:
  stamp:
    sec: 1791163899
    nanosec: 929238290
  frame_id: base_link
name:
- joint_x
- joint_y
position:
- 0.01355000026524067
- 0.01355000026524067
velocity:
- -0.020625000819563866
- -0.020625000819563866
effort:
- .nan
- .nan
---
header:
  stamp:
    sec: 1791163899
    nanosec: 949237286
  frame_id: base_link
name:
- joint_x
- joint_y
position:
- 0.013137499801814556
- 0.013137499801814556
velocity:
- -0.02031249925494194
- -0.02031249925494194
effort:
- .nan
- .nan
---
header:
  stamp:
    sec: 1791163899
    nanosec: 969224319
  frame_id: base_link
name:
- joint_x
- joint_y
position:
- 0.012731250375509262
- 0.012731250375509262
velocity:
- -0.020625000819563866
- -0.020625000819563866
effort:
- .nan
- .nan
---
header:
  stamp:
    sec: 1791163899
    nanosec: 989232098
  frame_id: base_link
name:
- joint_x
- joint_y
position:
- 0.012299999594688416
- 0.01230624970048666
velocity:
- -0.02053571492433548
- -0.02023809589445591
effort:
- .nan
- .nan
---
header:
  stamp:
    sec: 1791163900
    nanosec: 9232147
  frame_id: base_link
name:
- joint_x
- joint_y
position:
- 0.011874999850988388
- 0.011874999850988388
velocity:
- -0.021250000223517418
- -0.021250000223517418
effort:
- .nan
- .nan
---
header:
  stamp:
    sec: 1791163900
    nanosec: 29256037
  frame_id: base_link
name:
- joint_x
- joint_y
position:
- 0.011474999599158764
- 0.011474999599158764
velocity:
- -0.019999999552965164
- -0.02031249925494194
effort:
- .nan
- .nan
---
header:
  stamp:
    sec: 1791163900
    nanosec: 49243198
  frame_id: base_link
name:
- joint_x
- joint_y
position:
- 0.011075000278651714
- 0.011075000278651714
velocity:
- -0.019999999552965164
- -0.019687499850988388
effort:
- .nan
- .nan
---
header:
  stamp:
    sec: 1791163900
    nanosec: 69225665
  frame_id: base_link
name:
- joint_x
- joint_y
position:
- 0.01067500002682209
- 0.01067500002682209
velocity:
- -0.019687499850988388
- -0.019999999552965164
effort:
- .nan
- .nan
---
header:
  stamp:
    sec: 1791163900
    nanosec: 89230292
  frame_id: base_link
name:
- joint_x
- joint_y
position:
- 0.01028124988079071
- 0.01028124988079071
velocity:
- -0.019999999552965164
- -0.019687499850988388
effort:
- .nan
- .nan
---
header:
  stamp:
    sec: 1791163900
    nanosec: 109233276
  frame_id: base_link
name:
- joint_x
- joint_y
position:
- 0.009487500414252281
- 0.009487500414252281
velocity:
- -0.01964285783469677
- -0.01994047686457634
effort:
- .nan
- .nan
---
header:
  stamp:
    sec: 1791163900
    nanosec: 129240782
  frame_id: base_link
name:
- joint_x
- joint_y
position:
- 0.009100000374019146
- 0.009100000374019146
velocity:
- -0.01955128274857998
- -0.01955128274857998
effort:
- .nan
- .nan
---
header:
  stamp:
    sec: 1791163900
    nanosec: 149231141
  frame_id: base_link
name:
- joint_x
- joint_y
position:
- 0.008718750439584255
- 0.008724999614059925
velocity:
- -0.019062500447034836
- -0.019062500447034836
effort:
- .nan
- .nan
---
header:
  stamp:
    sec: 1791163900
    nanosec: 169233720
  frame_id: base_link
name:
- joint_x
- joint_y
position:
- 0.008325000293552876
- 0.00833125039935112
velocity:
- -0.01904761977493763
- -0.01875000074505806
effort:
- .nan
- .nan
---
header:
  stamp:
    sec: 1791163900
    nanosec: 189227819
  frame_id: base_link
name:
- joint_x
- joint_y
position:
- 0.00793750025331974
- 0.00793750025331974
velocity:
- -0.019375000149011612
- -0.019687499850988388
effort:
- .nan
- .nan
---
header:
  stamp:
    sec: 1791163900
    nanosec: 209225293
  frame_id: base_link
name:
- joint_x
- joint_y
position:
- 0.007568750064820051
- 0.007568750064820051
velocity:
- -0.018437499180436134
- -0.018437499180436134
effort:
- .nan
- .nan
---
header:
  stamp:
    sec: 1791163900
    nanosec: 229234654
  frame_id: base_link
name:
- joint_x
- joint_y
position:
- 0.007206249982118607
- 0.007206249982118607
velocity:
- -0.018124999478459358
- -0.017812499776482582
effort:
- .nan
- .nan
---
header:
  stamp:
    sec: 1791163900
    nanosec: 249224222
  frame_id: base_link
name:
- joint_x
- joint_y
position:
- 0.006850000005215406
- 0.006856250111013651
velocity:
- -0.017812499776482582
- -0.017812499776482582
effort:
- .nan
- .nan
---
header:
  stamp:
    sec: 1791163900
    nanosec: 269230592
  frame_id: base_link
name:
- joint_x
- joint_y
position:
- 0.006500000134110451
- 0.006500000134110451
velocity:
- -0.017500000074505806
- -0.017500000074505806
effort:
- .nan
- .nan
---
header:
  stamp:
    sec: 1791163900
    nanosec: 289232306
  frame_id: base_link
name:
- joint_x
- joint_y
position:
- 0.006137500051409006
- 0.006137500051409006
velocity:
- -0.017812499776482582
- -0.018124999478459358
effort:
- .nan
- .nan
---
header:
  stamp:
    sec: 1791163900
    nanosec: 309218805
  frame_id: base_link
name:
- joint_x
- joint_y
position:
- 0.005799999926239252
- 0.005799999926239252
velocity:
- -0.016875000670552254
- -0.01718750037252903
effort:
- .nan
- .nan
---
header:
  stamp:
    sec: 1791163900
    nanosec: 329242634
  frame_id: base_link
name:
- joint_x
- joint_y
position:
- 0.0054687499068677425
- 0.0054687499068677425
velocity:
- -0.01656249910593033
- -0.01656249910593033
effort:
- .nan
- .nan
---
header:
  stamp:
    sec: 1791163900
    nanosec: 349234035
  frame_id: base_link
name:
- joint_x
- joint_y
position:
- 0.004818750079721212
- 0.004818750079721212
velocity:
- -0.01656249910593033
- -0.01656249910593033
effort:
- .nan
- .nan
---
header:
  stamp:
    sec: 1791163900
    nanosec: 369221879
  frame_id: base_link
name:
- joint_x
- joint_y
position:
- 0.004506249912083149
- 0.004506249912083149
velocity:
- -0.015937499701976776
- -0.015937499701976776
effort:
- .nan
- .nan
---
header:
  stamp:
    sec: 1791163900
    nanosec: 389242560
  frame_id: base_link
name:
- joint_x
- joint_y
position:
- 0.0042062499560415745
- 0.0042062499560415745
velocity:
- -0.014999999664723873
- -0.014999999664723873
effort:
- .nan
- .nan
---
header:
  stamp:
    sec: 1791163900
    nanosec: 409223718
  frame_id: base_link
name:
- joint_x
- joint_y
position:
- 0.0039125001057982445
- 0.0039125001057982445
velocity:
- -0.014687499962747097
- -0.014687499962747097
effort:
- .nan
- .nan
---
header:
  stamp:
    sec: 1791163900
    nanosec: 429223645
  frame_id: base_link
name:
- joint_x
- joint_y
position:
- 0.0036249998956918716
- 0.0036249998956918716
velocity:
- -0.01406249962747097
- -0.014375000260770321
effort:
- .nan
- .nan
---
header:
  stamp:
    sec: 1791163900
    nanosec: 449234646
  frame_id: base_link
name:
- joint_x
- joint_y
position:
- 0.0033312500454485416
- 0.0033312500454485416
velocity:
- -0.014285714365541935
- -0.013988095335662365
effort:
- .nan
- .nan
---
header:
  stamp:
    sec: 1791163900
    nanosec: 469226160
  frame_id: base_link
name:
- joint_x
- joint_y
position:
- 0.0030499999411404133
- 0.0030499999411404133
velocity:
- -0.01406249962747097
- -0.01406249962747097
effort:
- .nan
- .nan
---
header:
  stamp:
    sec: 1791163900
    nanosec: 489231166
  frame_id: base_link
name:
- joint_x
- joint_y
position:
- 0.0027874999213963747
- 0.0027874999213963747
velocity:
- -0.013124999590218067
- -0.013124999590218067
effort:
- .nan
- .nan
---
header:
  stamp:
    sec: 1791163900
    nanosec: 509225005
  frame_id: base_link
name:
- joint_x
- joint_y
position:
- 0.002537500113248825
- 0.002537500113248825
velocity:
- -0.012500000186264515
- -0.012500000186264515
effort:
- .nan
- .nan
---
header:
  stamp:
    sec: 1791163900
    nanosec: 529240738
  frame_id: base_link
name:
- joint_x
- joint_y
position:
- 0.0022937499452382326
- 0.0022937499452382326
velocity:
- -0.012187499552965164
- -0.012187499552965164
effort:
- .nan
- .nan
---
header:
  stamp:
    sec: 1791163900
    nanosec: 549231370
  frame_id: base_link
name:
- joint_x
- joint_y
position:
- 0.002062499988824129
- 0.002062499988824129
velocity:
- -0.011562500149011612
- -0.011562500149011612
effort:
- .nan
- .nan
---
header:
  stamp:
    sec: 1791163900
    nanosec: 569226304
  frame_id: base_link
name:
- joint_x
- joint_y
position:
- 0.001825000043027103
- 0.001825000043027103
velocity:
- -0.011874999850988388
- -0.011874999850988388
effort:
- .nan
- .nan
---
header:
  stamp:
    sec: 1791163900
    nanosec: 589237923
  frame_id: base_link
name:
- joint_x
- joint_y
position:
- 0.0014187500346451998
- 0.0014187500346451998
velocity:
- -0.009999999776482582
- -0.009999999776482582
effort:
- .nan
- .nan
---
header:
  stamp:
    sec: 1791163900
    nanosec: 609244284
  frame_id: base_link
name:
- joint_x
- joint_y
position:
- 0.0012312500039115548
- 0.0012312500039115548
velocity:
- -0.00937500037252903
- -0.00937500037252903
effort:
- .nan
- .nan
---
header:
  stamp:
    sec: 1791163900
    nanosec: 629238604
  frame_id: base_link
name:
- joint_x
- joint_y
position:
- 0.0010437499731779099
- 0.0010437499731779099
velocity:
- -0.008928571827709675
- -0.008928571827709675
effort:
- .nan
- .nan
---
header:
  stamp:
    sec: 1791163900
    nanosec: 649237546
  frame_id: base_link
name:
- joint_x
- joint_y
position:
- 0.0008687499794177711
- 0.0008687499794177711
velocity:
- -0.008750000037252903
- -0.008750000037252903
effort:
- .nan
- .nan
---
header:
  stamp:
    sec: 1791163900
    nanosec: 669225677
  frame_id: base_link
name:
- joint_x
- joint_y
position:
- 0.0007125000120140612
- 0.0007125000120140612
velocity:
- -0.0078125
- -0.0078125
effort:
- .nan
- .nan
---
header:
  stamp:
    sec: 1791163900
    nanosec: 689222468
  frame_id: base_link
name:
- joint_x
- joint_y
position:
- 0.0005687500233761966
- 0.0005687500233761966
velocity:
- -0.0071875001303851604
- -0.0071875001303851604
effort:
- .nan
- .nan
---
header:
  stamp:
    sec: 1791163900
    nanosec: 709228993
  frame_id: base_link
name:
- joint_x
- joint_y
position:
- 0.00043750001350417733
- 0.00043750001350417733
velocity:
- -0.006562499795109034
- -0.006562499795109034
effort:
- .nan
- .nan
---
header:
  stamp:
    sec: 1791163900
    nanosec: 729227530
  frame_id: base_link
name:
- joint_x
- joint_y
position:
- 0.0003187500115018338
- 0.00032500000088475645
velocity:
- -0.005937499925494194
- -0.005625000223517418
effort:
- .nan
- .nan
---
header:
  stamp:
    sec: 1791163900
    nanosec: 749225849
  frame_id: base_link
name:
- joint_x
- joint_y
position:
- 0.0002125000028172508
- 0.0002125000028172508
velocity:
- -0.0053125000558793545
- -0.005625000223517418
effort:
- .nan
- .nan
---
header:
  stamp:
    sec: 1791163900
    nanosec: 769226808
  frame_id: base_link
name:
- joint_x
- joint_y
position:
- 0.00011875000200234354
- 0.00011875000200234354
velocity:
- -0.004687500186264515
- -0.004687500186264515
effort:
- .nan
- .nan
---
header:
  stamp:
    sec: 1791163900
    nanosec: 789231754
  frame_id: base_link
name:
- joint_x
- joint_y
position:
- 3.7500001781154424e-05
- 3.7500001781154424e-05
velocity:
- -0.004062499850988388
- -0.004062499850988388
effort:
- .nan
- .nan
---
header:
  stamp:
    sec: 1791163900
    nanosec: 809233233
  frame_id: base_link
name:
- joint_x
- joint_y
position:
- -8.125000022118911e-05
- -8.125000022118911e-05
velocity:
- -0.002812500111758709
- -0.002812500111758709
effort:
- .nan
- .nan
---
header:
  stamp:
    sec: 1791163900
    nanosec: 829221455
  frame_id: base_link
name:
- joint_x
- joint_y
position:
- -0.00011249999806750566
- -0.00011249999806750566
velocity:
- -0.0015625000232830644
- -0.0015625000232830644
effort:
- .nan
- .nan
---
header:
  stamp:
    sec: 1791163900
    nanosec: 849246152
  frame_id: base_link
name:
- joint_x
- joint_y
position:
- -0.00013749999925494194
- -0.00013749999925494194
velocity:
- -0.0012499999720603228
- -0.0012499999720603228
effort:
- .nan
- .nan
---
header:
  stamp:
    sec: 1791163900
    nanosec: 869249340
  frame_id: base_link
name:
- joint_x
- joint_y
position:
- -0.00014375000318977982
- -0.00014375000318977982
velocity:
- -0.0003124999930150807
- -0.0003124999930150807
effort:
- .nan
- .nan
---
header:
  stamp:
    sec: 1791163900
    nanosec: 889212464
  frame_id: base_link
name:
- joint_x
- joint_y
position:
- -0.00013124999532010406
- -0.00013749999925494194
velocity:
- 0.0006249999860301614
- 0.0003124999930150807
effort:
- .nan
- .nan
---
header:
  stamp:
    sec: 1791163900
    nanosec: 909230809
  frame_id: base_link
name:
- joint_x
- joint_y
position:
- -0.0001062500014086254
- -0.0001062500014086254
velocity:
- 0.0012499999720603228
- 0.0015625000232830644
effort:
- .nan
- .nan
---
header:
  stamp:
    sec: 1791163900
    nanosec: 929219136
  frame_id: base_link
name:
- joint_x
- joint_y
position:
- -7.500000356230885e-05
- -7.500000356230885e-05
velocity:
- 0.0015625000232830644
- 0.0015625000232830644
effort:
- .nan
- .nan
---
header:
  stamp:
    sec: 1791163900
    nanosec: 949236330
  frame_id: base_link
name:
- joint_x
- joint_y
position:
- 0.0
- 0.0
velocity:
- 0.0037499999161809683
- 0.0037499999161809683
effort:
- .nan
- .nan
---
header:
  stamp:
    sec: 1791163900
    nanosec: 969252275
  frame_id: base_link
name:
- joint_x
- joint_y
position:
- 0.0
- 0.0
velocity:
- 0.0
- 0.0
effort:
- .nan
- .nan
---
header:
  stamp:
    sec: 1791163900
    nanosec: 989246966
  frame_id: base_link
name:
- joint_x
- joint_y
position:
- 0.0
- 0.0
velocity:
- 0.0
- 0.0
effort:
- .nan
- .nan
---
header:
  stamp:
    sec: 1791163901
    nanosec: 9234906
  frame_id: base_link
name:
- joint_x
- joint_y
position:
- 0.0
- 0.0
velocity:
- 0.0
- 0.0
effort:
- .nan
- .nan
---
header:
  stamp:
    sec: 1791163901
    nanosec: 29242811
  frame_id: base_link
name:
- joint_x
- joint_y
position:
- 0.0
- 0.0
velocity:
- 0.0
- 0.0
effort:
- .nan
- .nan
---
header:
  stamp:
    sec: 1791163901
    nanosec: 49245171
  frame_id: base_link
name:
- joint_x
- joint_y
position:
- 0.0
- 0.0
velocity:
- 0.0
- 0.0
effort:
- .nan
- .nan
---
header:
  stamp:
    sec: 1791163901
    nanosec: 69241052
  frame_id: base_link
name:
- joint_x
- joint_y
position:
- 0.0
- 0.0
velocity:
- 0.0
- 0.0
effort:
- .nan
- .nan
---
