header:
  stamp:
    sec: 1791165276
    nanosec: 551708240
  frame_id: base_link
name:
- joint_x
- joint_y
position:
- 0.0
- 0.0
velocity:
- 0.0
- 0.0
effort:
- .nan
- .nan
---
header:
  stamp:
    sec: 1791165276
    nanosec: 571689719
  frame_id: base_link
name:
- joint_x
- joint_y
position:
- 0.0
- 0.0
velocity:
- 0.0
- 0.0
effort:
- .nan
- .nan
---
header:
  stamp:
    sec: 1791165276
    nanosec: 591689663
  frame_id: base_link
name:
- joint_x
- joint_y
position:
- 0.0
- 0.0
velocity:
- 0.0
- 0.0
effort:
- .nan
- .nan
---
header:
  stamp:
    sec: 1791165276
    nanosec: 611686230
  frame_id: base_link
name:
- joint_x
- joint_y
position:
- 0.0
- 0.0
velocity:
- 0.0
- 0.0
effort:
- .nan
- .nan
---
header:
  stamp:
    sec: 1791165276
    nanosec: 631680722
  frame_id: base_link
name:
- joint_x
- joint_y
position:
- 0.0
- 0.0
velocity:
- 0.0
- 0.0
effort:
- .nan
- .nan
---
header:
  stamp:
    sec: 1791165276
    nanosec: 661528157
  frame_id: base_link
name:
- joint_x
- joint_y
position:
- 0.0
- 0.0
velocity:
- 0.0
- 0.0
effort:
- .nan
- .nan
---
header:
  stamp:
    sec: 1791165276
    nanosec: 671676142
  frame_id: base_link
name:
- joint_x
- joint_y
position:
- 0.0
- 0.0
velocity:
- 0.0
- 0.0
effort:
- .nan
- .nan
---
header:
  stamp:
    sec: 1791165276
    nanosec: 691715459
  frame_id: base_link
name:
- joint_x
- joint_y
position:
- 0.0
- 0.0
velocity:
- 0.0
- 0.0
effort:
- .nan
- .nan
---
header:
  stamp:
    sec: 1791165276
    nanosec: 711817293
  frame_id: base_link
name:
- joint_x
- joint_y
position:
- 0.0
- 0.0
velocity:
- 0.0
- 0.0
effort:
- .nan
- .nan
---
header:
  stamp:
    sec: 1791165276
    nanosec: 731705813
  frame_id: base_link
name:
- joint_x
- joint_y
position:
- 0.0
- 0.0
velocity:
- 0.0
- 0.0
effort:
- .nan
- .nan
---
header:
  stamp:
    sec: 1791165276
    nanosec: 751688099
  frame_id: base_link
name:
- joint_x
- joint_y
position:
- 0.0
- 0.0
velocity:
- 0.0
- 0.0
effort:
- .nan
- .nan
---
header:
  stamp:
    sec: 1791165276
    nanosec: 771708178
  frame_id: base_link
name:
- joint_x
- joint_y
position:
- 0.0
- 0.0
velocity:
- 0.0
- 0.0
effort:
- .nan
- .nan
---
header:
  stamp:
    sec: 1791165276
    nanosec: 791730042
  frame_id: base_link
name:
- joint_x
- joint_y
position:
- 0.0
- 0.0
velocity:
- 0.0
- 0.0
effort:
- .nan
- .nan
---
header:
  stamp:
    sec: 1791165276
    nanosec: 811701132
  frame_id: base_link
name:
- joint_x
- joint_y
position:
- 0.0
- 0.0
velocity:
- 0.0
- 0.0
effort:
- .nan
- .nan
---
header:
  stamp:
    sec: 1791165276
    nanosec: 831700472
  frame_id: base_link
name:
- joint_x
- joint_y
position:
- 0.0
- 0.0
velocity:
- 0.0
- 0.0
effort:
- .nan
- .nan
---
header:
  stamp:
    sec: 1791165276
    nanosec: 851708557
  frame_id: base_link
name:
- joint_x
- joint_y
position:
- 0.0
- 0.0
velocity:
- 0.0
- 0.0
effort:
- .nan
- .nan
---
header:
  stamp:
    sec: 1791165276
    nanosec: 871715287
  frame_id: base_link
name:
- joint_x
- joint_y
position:
- 0.0
- 0.0
velocity:
- 0.0
- 0.0
effort:
- .nan
- .nan
---
header:
  stamp:
    sec: 1791165276
    nanosec: 891718631
  frame_id: base_link
name:
- joint_x
- joint_y
position:
- 0.0
- 0.0
velocity:
- 0.0
- 0.0
effort:
- .nan
- .nan
---
header:
  stamp:
    sec: 1791165276
    nanosec: 911724764
  frame_id: base_link
name:
- joint_x
- joint_y
position:
- 1.8750000890577212e-05
- 1.8750000890577212e-05
velocity:
- 0.0008928571478463709
- 0.0008928571478463709
effort:
- .nan
- .nan
---
header:
  stamp:
    sec: 1791165276
    nanosec: 931695769
  frame_id: base_link
name:
- joint_x
- joint_y
position:
- 5.624999903375283e-05
- 5.624999903375283e-05
velocity:
- 0.0018749999580904841
- 0.0018749999580904841
effort:
- .nan
- .nan
---
header:
  stamp:
    sec: 1791165276
    nanosec: 951710122
  frame_id: base_link
name:
- joint_x
- joint_y
position:
- 0.00011249999806750566
- 0.00011249999806750566
velocity:
- 0.002812500111758709
- 0.002812500111758709
effort:
- .nan
- .nan
---
header:
  stamp:
    sec: 1791165276
    nanosec: 971698172
  frame_id: base_link
name:
- joint_x
- joint_y
position:
- 0.00018124999769497663
- 0.00018124999769497663
velocity:
- 0.0034374999813735485
- 0.0034374999813735485
effort:
- .nan
- .nan
---
header:
  stamp:
    sec: 1791165276
    nanosec: 991694666
  frame_id: base_link
name:
- joint_x
- joint_y
position:
- 0.0002624999906402081
- 0.0002624999906402081
velocity:
- 0.004062499850988388
- 0.004062499850988388
effort:
- .nan
- .nan
---
header:
  stamp:
    sec: 1791165277
    nanosec: 11702136
  frame_id: base_link
name:
- joint_x
- joint_y
position:
- 0.0004812499973922968
- 0.0004812499973922968
velocity:
- 0.005625000223517418
- 0.005625000223517418
effort:
- .nan
- .nan
---
header:
  stamp:
    sec: 1791165277
    nanosec: 31715693
  frame_id: base_link
name:
- joint_x
- joint_y
position:
- 0.0006125000072643161
- 0.0006125000072643161
velocity:
- 0.006562499795109034
- 0.006562499795109034
effort:
- .nan
- .nan
---
header:
  stamp:
    sec: 1791165277
    nanosec: 51695296
  frame_id: base_link
name:
- joint_x
- joint_y
position:
- 0.000750000006519258
- 0.0007562499959021807
velocity:
- 0.006874999962747097
- 0.006874999962747097
effort:
- .nan
- .nan
---
header:
  stamp:
    sec: 1791165277
    nanosec: 71694824
  frame_id: base_link
name:
- joint_x
- joint_y
position:
- 0.0009062499739229679
- 0.0009062499739229679
velocity:
- 0.0078125
- 0.0078125
effort:
- .nan
- .nan
---
header:
  stamp:
    sec: 1791165277
    nanosec: 91682259
  frame_id: base_link
name:
- joint_x
- joint_y
position:
- 0.0010812500258907676
- 0.0010812500258907676
velocity:
- 0.008750000037252903
- 0.008750000037252903
effort:
- .nan
- .nan
---
header:
  stamp:
    sec: 1791165277
    nanosec: 111685690
  frame_id: base_link
name:
- joint_x
- joint_y
position:
- 0.001262499950826168
- 0.001262499950826168
velocity:
- 0.009062499739229679
- 0.009062499739229679
effort:
- .nan
- .nan
---
header:
  stamp:
    sec: 1791165277
    nanosec: 131677890
  frame_id: base_link
name:
- joint_x
- joint_y
position:
- 0.001449999981559813
- 0.001449999981559813
velocity:
- 0.00937500037252903
- 0.00937500037252903
effort:
- .nan
- .nan
---
header:
  stamp:
    sec: 1791165277
    nanosec: 151715552
  frame_id: base_link
name:
- joint_x
- joint_y
position:
- 0.0016499999910593033
- 0.0016499999910593033
velocity:
- 0.009999999776482582
- 0.009999999776482582
effort:
- .nan
- .nan
---
header:
  stamp:
    sec: 1791165277
    nanosec: 171701183
  frame_id: base_link
name:
- joint_x
- joint_y
position:
- 0.0018624999793246388
- 0.0018624999793246388
velocity:
- 0.010625000111758709
- 0.010625000111758709
effort:
- .nan
- .nan
---
header:
  stamp:
    sec: 1791165277
    nanosec: 191678326
  frame_id: base_link
name:
- joint_x
- joint_y
position:
- 0.002099999925121665
- 0.002099999925121665
velocity:
- 0.011309524066746235
- 0.011309524066746235
effort:
- .nan
- .nan
---
header:
  stamp:
    sec: 1791165277
    nanosec: 211686116
  frame_id: base_link
name:
- joint_x
- joint_y
position:
- 0.0023499999660998583
- 0.0023499999660998583
velocity:
- 0.012187499552965164
- 0.012187499552965164
effort:
- .nan
- .nan
---
header:
  stamp:
    sec: 1791165277
    nanosec: 231687535
  frame_id: base_link
name:
- joint_x
- joint_y
position:
- 0.0028375000692903996
- 0.0028375000692903996
velocity:
- 0.012500000186264515
- 0.012500000186264515
effort:
- .nan
- .nan
---
header:
  stamp:
    sec: 1791165277
    nanosec: 251673729
  frame_id: base_link
name:
- joint_x
- joint_y
position:
- 0.003100000089034438
- 0.003100000089034438
velocity:
- 0.013124999590218067
- 0.013124999590218067
effort:
- .nan
- .nan
---
header:
  stamp:
    sec: 1791165277
    nanosec: 271674203
  frame_id: base_link
name:
- joint_x
- joint_y
position:
- 0.0033875000663101673
- 0.0033875000663101673
velocity:
- 0.014375000260770321
- 0.014375000260770321
effort:
- .nan
- .nan
---
header:
  stamp:
    sec: 1791165277
    nanosec: 291673076
  frame_id: base_link
name:
- joint_x
- joint_y
position:
- 0.003668749937787652
- 0.003668749937787652
velocity:
- 0.01406249962747097
- 0.01406249962747097
effort:
- .nan
- .nan
---
header:
  stamp:
    sec: 1791165277
    nanosec: 311677041
  frame_id: base_link
name:
- joint_x
- joint_y
position:
- 0.003956249915063381
- 0.003956249915063381
velocity:
- 0.014375000260770321
- 0.014375000260770321
effort:
- .nan
- .nan
---
header:
  stamp:
    sec: 1791165277
    nanosec: 331674320
  frame_id: base_link
name:
- joint_x
- joint_y
position:
- 0.004256249871104956
- 0.004256249871104956
velocity:
- 0.014999999664723873
- 0.014687499962747097
effort:
- .nan
- .nan
---
header:
  stamp:
    sec: 1791165277
    nanosec: 351678051
  frame_id: base_link
name:
- joint_x
- joint_y
position:
- 0.004562499932944775
- 0.004562499932944775
velocity:
- 0.014999999664723873
- 0.015312500298023224
effort:
- .nan
- .nan
---
header:
  stamp:
    sec: 1791165277
    nanosec: 371675749
  frame_id: base_link
name:
- joint_x
- joint_y
position:
- 0.00488749984651804
- 0.00488749984651804
velocity:
- 0.01577381044626236
- 0.01577381044626236
effort:
- .nan
- .nan
---
header:
  stamp:
    sec: 1791165277
    nanosec: 391676635
  frame_id: base_link
name:
- joint_x
- joint_y
position:
- 0.005224999971687794
- 0.005224999971687794
velocity:
- 0.016875000670552254
- 0.016875000670552254
effort:
- .nan
- .nan
---
header:
  stamp:
    sec: 1791165277
    nanosec: 411682058
  frame_id: base_link
name:
- joint_x
- joint_y
position:
- 0.005549999885261059
- 0.005549999885261059
velocity:
- 0.016249999403953552
- 0.016249999403953552
effort:
- .nan
- .nan
---
header:
  stamp:
    sec: 1791165277
    nanosec: 431677376
  frame_id: base_link
name:
- joint_x
- joint_y
position:
- 0.005887500010430813
- 0.005887500010430813
velocity:
- 0.01656249910593033
- 0.01656249910593033
effort:
- .nan
- .nan
---
header:
  stamp:
    sec: 1791165277
    nanosec: 451689765
  frame_id: base_link
name:
- joint_x
- joint_y
position:
- 0.006225000135600567
- 0.006225000135600567
velocity:
- 0.01718750037252903
- 0.016875000670552254
effort:
- .nan
- .nan
---
header:
  stamp:
    sec: 1791165277
    nanosec: 471732676
  frame_id: base_link
name:
- joint_x
- joint_y
position:
- 0.006956249941140413
- 0.006956249941140413
velocity:
- 0.018437499180436134
- 0.018437499180436134
effort:
- .nan
- .nan
---
header:
  stamp:
    sec: 1791165277
    nanosec: 491677429
  frame_id: base_link
name:
- joint_x
- joint_y
position:
- 0.007318750023841858
- 0.0073124999180436134
velocity:
- 0.018124999478459358
- 0.017812499776482582
effort:
- .nan
- .nan
---
header:
  stamp:
    sec: 1791165277
    nanosec: 511673408
  frame_id: base_link
name:
- joint_x
- joint_y
position:
- 0.0076812501065433025
- 0.007675000000745058
velocity:
- 0.018124999478459358
- 0.018124999478459358
effort:
- .nan
- .nan
---
header:
  stamp:
    sec: 1791165277
    nanosec: 531674239
  frame_id: base_link
name:
- joint_x
- joint_y
position:
- 0.008043750189244747
- 0.008043750189244747
velocity:
- 0.018124999478459358
- 0.018437499180436134
effort:
- .nan
- .nan
---
header:
  stamp:
    sec: 1791165277
    nanosec: 551672643
  frame_id: base_link
name:
- joint_x
- joint_y
position:
- 0.008418750017881393
- 0.008412499912083149
velocity:
- 0.01875000074505806
- 0.018437499180436134
effort:
- .nan
- .nan
---
header:
  stamp:
    sec: 1791165277
    nanosec: 571682057
  frame_id: base_link
name:
- joint_x
- joint_y
position:
- 0.008812500163912773
- 0.008812500163912773
velocity:
- 0.019687499850988388
- 0.019999999552965164
effort:
- .nan
- .nan
---
header:
  stamp:
    sec: 1791165277
    nanosec: 591680190
  frame_id: base_link
name:
- joint_x
- joint_y
position:
- 0.009200000204145908
- 0.009200000204145908
velocity:
- 0.019375000149011612
- 0.019062500447034836
effort:
- .nan
- .nan
---
header:
  stamp:
    sec: 1791165277
    nanosec: 611679083
  frame_id: base_link
name:
- joint_x
- joint_y
position:
- 0.009587500244379044
- 0.009587500244379044
velocity:
- 0.019062500447034836
- 0.019375000149011612
effort:
- .nan
- .nan
---
header:
  stamp:
    sec: 1791165277
    nanosec: 631692565
  frame_id: base_link
name:
- joint_x
- joint_y
position:
- 0.009975000284612179
- 0.009975000284612179
velocity:
- 0.019687499850988388
- 0.019375000149011612
effort:
- .nan
- .nan
---
header:
  stamp:
    sec: 1791165277
    nanosec: 651689046
  frame_id: base_link
name:
- joint_x
- joint_y
position:
- 0.010362500324845314
- 0.010368750430643559
velocity:
- 0.019375000149011612
- 0.019687499850988388
effort:
- .nan
- .nan
---
header:
  stamp:
    sec: 1791165277
    nanosec: 671682066
  frame_id: base_link
name:
- joint_x
- joint_y
position:
- 0.010781249962747097
- 0.010781249962747097
velocity:
- 0.020937500521540642
- 0.020937500521540642
effort:
- .nan
- .nan
---
header:
  stamp:
    sec: 1791165277
    nanosec: 691675415
  frame_id: base_link
name:
- joint_x
- joint_y
position:
- 0.011575000360608101
- 0.011575000360608101
velocity:
- 0.019999999552965164
- 0.019687499850988388
effort:
- .nan
- .nan
---
header:
  stamp:
    sec: 1791165277
    nanosec: 711703694
  frame_id: base_link
name:
- joint_x
- joint_y
position:
- 0.011981249786913395
- 0.011981249786913395
velocity:
- 0.02031249925494194
- 0.020625000819563866
effort:
- .nan
- .nan
---
header:
  stamp:
    sec: 1791165277
    nanosec: 731704668
  frame_id: base_link
name:
- joint_x
- joint_y
position:
- 0.012406250461935997
- 0.012406250461935997
velocity:
- 0.02023809589445591
- 0.02023809589445591
effort:
- .nan
- .nan
---
header:
  stamp:
    sec: 1791165277
    nanosec: 751672183
  frame_id: base_link
name:
- joint_x
- joint_y
position:
- 0.012837500311434269
- 0.012837500311434269
velocity:
- 0.021562499925494194
- 0.021250000223517418
effort:
- .nan
- .nan
---
header:
  stamp:
    sec: 1791165277
    nanosec: 771679616
  frame_id: base_link
name:
- joint_x
- joint_y
position:
- 0.013249999843537807
- 0.013243749737739563
velocity:
- 0.02031249925494194
- 0.020625000819563866
effort:
- .nan
- .nan
---
header:
  stamp:
    sec: 1791165277
    nanosec: 791681523
  frame_id: base_link
name:
- joint_x
- joint_y
position:
- 0.013656250201165676
- 0.013656250201165676
velocity:
- 0.020625000819563866
- 0.020625000819563866
effort:
- .nan
- .nan
---
header:
  stamp:
    sec: 1791165277
    nanosec: 811673681
  frame_id: base_link
name:
- joint_x
- joint_y
position:
- 0.014068749733269215
- 0.01406249962747097
velocity:
- 0.020625000819563866
- 0.02031249925494194
effort:
- .nan
- .nan
---
header:
  stamp:
    sec: 1791165277
    nanosec: 831684023
  frame_id: base_link
name:
- joint_x
- joint_y
position:
- 0.014475000090897083
- 0.014475000090897083
velocity:
- 0.02031249925494194
- 0.020625000819563866
effort:
- .nan
- .nan
---
header:
  stamp:
    sec: 1791165277
    nanosec: 851693747
  frame_id: base_link
name:
- joint_x
- joint_y
position:
- 0.014887499623000622
- 0.014881250448524952
velocity:
- 0.020625000819563866
- 0.02031249925494194
effort:
- .nan
- .nan
---
header:
  stamp:
    sec: 1791165277
    nanosec: 871682669
  frame_id: base_link
name:
- joint_x
- joint_y
position:
- 0.015318750403821468
- 0.015312500298023224
velocity:
- 0.021562499925494194
- 0.021562499925494194
effort:
- .nan
- .nan
---
header:
  stamp:
    sec: 1791165277
    nanosec: 891687463
  frame_id: base_link
name:
- joint_x
- joint_y
position:
- 0.01573125086724758
- 0.01573125086724758
velocity:
- 0.020625000819563866
- 0.020937500521540642
effort:
- .nan
- .nan
---
header:
  stamp:
    sec: 1791165277
    nanosec: 911674275
  frame_id: base_link
name:
- joint_x
- joint_y
position:
- 0.01614375039935112
- 0.01614375039935112
velocity:
- 0.020625000819563866
- 0.020625000819563866
effort:
- .nan
- .nan
---
header:
  stamp:
    sec: 1791165277
    nanosec: 931676233
  frame_id: base_link
name:
- joint_x
- joint_y
position:
- 0.016975000500679016
- 0.016981249675154686
velocity:
- 0.021250000223517418
- 0.021562499925494194
effort:
- .nan
- .nan
---
header:
  stamp:
    sec: 1791165277
    nanosec: 951699210
  frame_id: base_link
name:
- joint_x
- joint_y
position:
- 0.017381250858306885
- 0.017387500032782555
velocity:
- 0.02031249925494194
- 0.02031249925494194
effort:
- .nan
- .nan
---
header:
  stamp:
    sec: 1791165277
    nanosec: 971675972
  frame_id: base_link
name:
- joint_x
- joint_y
position:
- 0.017787499353289604
- 0.017787499353289604
velocity:
- 0.02031249925494194
- 0.02031249925494194
effort:
- .nan
- .nan
---
header:
  stamp:
    sec: 1791165277
    nanosec: 991682029
  frame_id: base_link
name:
- joint_x
- joint_y
position:
- 0.018193749710917473
- 0.018193749710917473
velocity:
- 0.02031249925494194
- 0.02031249925494194
effort:
- .nan
- .nan
---
header:
  stamp:
    sec: 1791165278
    nanosec: 11680877
  frame_id: base_link
name:
- joint_x
- joint_y
position:
- 0.01859375089406967
- 0.01860000006854534
velocity:
- 0.019999999552965164
- 0.019999999552965164
effort:
- .nan
- .nan
---
header:
  stamp:
    sec: 1791165278
    nanosec: 31679253
  frame_id: base_link
name:
- joint_x
- joint_y
position:
- 0.0190187506377697
- 0.0190187506377697
velocity:
- 0.02023809589445591
- 0.02023809589445591
effort:
- .nan
- .nan
---
header:
  stamp:
    sec: 1791165278
    nanosec: 51670058
  frame_id: base_link
name:
- joint_x
- joint_y
position:
- 0.019437499344348907
- 0.019437499344348907
velocity:
- 0.020937500521540642
- 0.020937500521540642
effort:
- .nan
- .nan
---
header:
  stamp:
    sec: 1791165278
    nanosec: 71675891
  frame_id: base_link
name:
- joint_x
- joint_y
position:
- 0.019831249490380287
- 0.019831249490380287
velocity:
- 0.019687499850988388
- 0.019687499850988388
effort:
- .nan
- .nan
---
header:
  stamp:
    sec: 1791165278
    nanosec: 91683511
  frame_id: base_link
name:
- joint_x
- joint_y
position:
- 0.020218750461935997
- 0.020218750461935997
velocity:
- 0.019375000149011612
- 0.019375000149011612
effort:
- .nan
- .nan
---
header:
  stamp:
    sec: 1791165278
    nanosec: 111671982
  frame_id: base_link
name:
- joint_x
- joint_y
position:
- 0.020606249570846558
- 0.020606249570846558
velocity:
- 0.019375000149011612
- 0.019375000149011612
effort:
- .nan
- .nan
---
header:
  stamp:
    sec: 1791165278
    nanosec: 131672520
  frame_id: base_link
name:
- joint_x
- joint_y
position:
- 0.02098749950528145
- 0.02098749950528145
velocity:
- 0.019062500447034836
- 0.019062500447034836
effort:
- .nan
- .nan
---
header:
  stamp:
    sec: 1791165278
    nanosec: 151700057
  frame_id: base_link
name:
- joint_x
- joint_y
position:
- 0.02175625041127205
- 0.02176249958574772
velocity:
- 0.018437499180436134
- 0.018437499180436134
effort:
- .nan
- .nan
---
header:
  stamp:
    sec: 1791165278
    nanosec: 171692573
  frame_id: base_link
name:
- joint_x
- joint_y
position:
- 0.02213124930858612
- 0.02213124930858612
velocity:
- 0.01875000074505806
- 0.01875000074505806
effort:
- .nan
- .nan
---
header:
  stamp:
    sec: 1791165278
    nanosec: 191676026
  frame_id: base_link
name:
- joint_x
- joint_y
position:
- 0.02250000089406967
- 0.02250000089406967
velocity:
- 0.018124999478459358
- 0.018124999478459358
effort:
- .nan
- .nan
---
header:
  stamp:
    sec: 1791165278
    nanosec: 211685437
  frame_id: base_link
name:
- joint_x
- joint_y
position:
- 0.022874999791383743
- 0.022874999791383743
velocity:
- 0.01815476268529892
- 0.01815476268529892
effort:
- .nan
- .nan
---
header:
  stamp:
    sec: 1791165278
    nanosec: 231674138
  frame_id: base_link
name:
- joint_x
- joint_y
position:
- 0.023250000551342964
- 0.023250000551342964
velocity:
- 0.01875000074505806
- 0.018437499180436134
effort:
- .nan
- .nan
---
header:
  stamp:
    sec: 1791165278
    nanosec: 251679427
  frame_id: base_link
name:
- joint_x
- joint_y
position:
- 0.023600000888109207
- 0.023600000888109207
velocity:
- 0.01718750037252903
- 0.017500000074505806
effort:
- .nan
- .nan
---
header:
  stamp:
    sec: 1791165278
    nanosec: 271675149
  frame_id: base_link
name:
- joint_x
- joint_y
position:
- 0.02394375018775463
- 0.023937499150633812
velocity:
- 0.01718750037252903
- 0.01718750037252903
effort:
- .nan
- .nan
---
header:
  stamp:
    sec: 1791165278
    nanosec: 291672690
  frame_id: base_link
name:
- joint_x
- joint_y
position:
- 0.024281250312924385
- 0.024274999275803566
velocity:
- 0.016875000670552254
- 0.016875000670552254
effort:
- .nan
- .nan
---
header:
  stamp:
    sec: 1791165278
    nanosec: 311677482
  frame_id: base_link
name:
- joint_x
- joint_y
position:
- 0.02461249940097332
- 0.02460625022649765
velocity:
- 0.01656249910593033
- 0.01656249910593033
effort:
- .nan
- .nan
---
header:
  stamp:
    sec: 1791165278
    nanosec: 331675918
  frame_id: base_link
name:
- joint_x
- joint_y
position:
- 0.024949999526143074
- 0.024943750351667404
velocity:
- 0.0163690485060215
- 0.01607142947614193
effort:
- .nan
- .nan
---
header:
  stamp:
    sec: 1791165278
    nanosec: 351674137
  frame_id: base_link
name:
- joint_x
- joint_y
position:
- 0.025281250476837158
- 0.025281250476837158
velocity:
- 0.01656249910593033
- 0.01656249910593033
effort:
- .nan
- .nan
---
header:
  stamp:
    sec: 1791165278
    nanosec: 371674350
  frame_id: base_link
name:
- joint_x
- joint_y
position:
- 0.025587499141693115
- 0.025587499141693115
velocity:
- 0.015312500298023224
- 0.015625
effort:
- .nan
- .nan
---
header:
  stamp:
    sec: 1791165278
    nanosec: 391679533
  frame_id: base_link
name:
- joint_x
- joint_y
position:
- 0.02617499977350235
- 0.02617499977350235
velocity:
- 0.014375000260770321
- 0.014375000260770321
effort:
- .nan
- .nan
---
header:
  stamp:
    sec: 1791165278
    nanosec: 411681932
  frame_id: base_link
name:
- joint_x
- joint_y
position:
- 0.026474999263882637
- 0.026474999263882637
velocity:
- 0.014999999664723873
- 0.014999999664723873
effort:
- .nan
- .nan
---
header:
  stamp:
    sec: 1791165278
    nanosec: 431712895
  frame_id: base_link
name:
- joint_x
- joint_y
position:
- 0.026750000193715096
- 0.026750000193715096
velocity:
- 0.013749999925494194
- 0.013749999925494194
effort:
- .nan
- .nan
---
header:
  stamp:
    sec: 1791165278
    nanosec: 451699189
  frame_id: base_link
name:
- joint_x
- joint_y
position:
- 0.027018750086426735
- 0.027018750086426735
velocity:
- 0.013437500223517418
- 0.013437500223517418
effort:
- .nan
- .nan
---
header:
  stamp:
    sec: 1791165278
    nanosec: 471714650
  frame_id: base_link
name:
- joint_x
- joint_y
position:
- 0.027274999767541885
- 0.027274999767541885
velocity:
- 0.012812499888241291
- 0.012812499888241291
effort:
- .nan
- .nan
---
header:
  stamp:
    sec: 1791165278
    nanosec: 491725451
  frame_id: base_link
name:
- joint_x
- joint_y
position:
- 0.027525000274181366
- 0.027525000274181366
velocity:
- 0.012500000186264515
- 0.012500000186264515
effort:
- .nan
- .nan
---
header:
  stamp:
    sec: 1791165278
    nanosec: 511705221
  frame_id: base_link
name:
- joint_x
- joint_y
position:
- 0.027775000780820847
- 0.027775000780820847
velocity:
- 0.011904762126505375
- 0.011904762126505375
effort:
- .nan
- .nan
---
header:
  stamp:
    sec: 1791165278
    nanosec: 531704720
  frame_id: base_link
name:
- joint_x
- joint_y
position:
- 0.02801249921321869
- 0.02801249921321869
velocity:
- 0.011874999850988388
- 0.011874999850988388
effort:
- .nan
- .nan
---
header:
  stamp:
    sec: 1791165278
    nanosec: 551706672
  frame_id: base_link
name:
- joint_x
- joint_y
position:
- 0.028231250122189522
- 0.028231250122189522
velocity:
- 0.010937499813735485
- 0.010937499813735485
effort:
- .nan
- .nan
---
header:
  stamp:
    sec: 1791165278
    nanosec: 571690352
  frame_id: base_link
name:
- joint_x
- joint_y
position:
- 0.028443749994039536
- 0.028437500819563866
velocity:
- 0.010625000111758709
- 0.010312500409781933
effort:
- .nan
- .nan
---
header:
  stamp:
    sec: 1791165278
    nanosec: 591698220
  frame_id: base_link
name:
- joint_x
- joint_y
position:
- 0.02863750047981739
- 0.02863750047981739
velocity:
- 0.009687500074505806
- 0.009999999776482582
effort:
- .nan
- .nan
---
header:
  stamp:
    sec: 1791165278
    nanosec: 611715241
  frame_id: base_link
name:
- joint_x
- joint_y
position:
- 0.028824999928474426
- 0.028824999928474426
velocity:
- 0.00937500037252903
- 0.00937500037252903
effort:
- .nan
- .nan
---
header:
  stamp:
    sec: 1791165278
    nanosec: 631683869
  frame_id: base_link
name:
- joint_x
- joint_y
position:
- 0.02917500026524067
- 0.02916874922811985
velocity:
- 0.008124999701976776
- 0.0078125
effort:
- .nan
- .nan
---
header:
  stamp:
    sec: 1791165278
    nanosec: 651683325
  frame_id: base_link
name:
- joint_x
- joint_y
position:
- 0.029324999079108238
- 0.029324999079108238
velocity:
- 0.007499999832361937
- 0.0078125
effort:
- .nan
- .nan
---
header:
  stamp:
    sec: 1791165278
    nanosec: 671689931
  frame_id: base_link
name:
- joint_x
- joint_y
position:
- 0.029462499544024467
- 0.029462499544024467
velocity:
- 0.006874999962747097
- 0.006874999962747097
effort:
- .nan
- .nan
---
header:
  stamp:
    sec: 1791165278
    nanosec: 691713174
  frame_id: base_link
name:
- joint_x
- joint_y
position:
- 0.029600000008940697
- 0.029600000008940697
velocity:
- 0.006562499795109034
- 0.006562499795109034
effort:
- .nan
- .nan
---
header:
  stamp:
    sec: 1791165278
    nanosec: 711701075
  frame_id: base_link
name:
- joint_x
- joint_y
position:
- 0.029712500050663948
- 0.029712500050663948
velocity:
- 0.005937499925494194
- 0.005937499925494194
effort:
- .nan
- .nan
---
header:
  stamp:
    sec: 1791165278
    nanosec: 731685235
  frame_id: base_link
name:
- joint_x
- joint_y
position:
- 0.02981249988079071
- 0.02981249988079071
velocity:
- 0.004999999888241291
- 0.004999999888241291
effort:
- .nan
- .nan
---
header:
  stamp:
    sec: 1791165278
    nanosec: 751692659
  frame_id: base_link
name:
- joint_x
- joint_y
position:
- 0.029899999499320984
- 0.029899999499320984
velocity:
- 0.0043750000186264515
- 0.0043750000186264515
effort:
- .nan
- .nan
---
header:
  stamp:
    sec: 1791165278
    nanosec: 771674593
  frame_id: base_link
name:
- joint_x
- joint_y
position:
- 0.029975000768899918
- 0.029975000768899918
velocity:
- 0.0037499999161809683
- 0.0037499999161809683
effort:
- .nan
- .nan
---
header:
  stamp:
    sec: 1791165278
    nanosec: 791673737
  frame_id: base_link
name:
- joint_x
- joint_y
position:
- 0.030037499964237213
- 0.030037499964237213
velocity:
- 0.0031250000465661287
- 0.0031250000465661287
effort:
- .nan
- .nan
---
header:
  stamp:
    sec: 1791165278
    nanosec: 811683458
  frame_id: base_link
name:
- joint_x
- joint_y
position:
- 0.03008750081062317
- 0.03008750081062317
velocity:
- 0.0024999999441206455
- 0.0024999999441206455
effort:
- .nan
- .nan
---
header:
  stamp:
    sec: 1791165278
    nanosec: 831673498
  frame_id: base_link
name:
- joint_x
- joint_y
position:
- 0.030124999582767487
- 0.030124999582767487
velocity:
- 0.0018749999580904841
- 0.0018749999580904841
effort:
- .nan
- .nan
---
header:
  stamp:
    sec: 1791165278
    nanosec: 851680007
  frame_id: base_link
name:
- joint_x
- joint_y
position:
- 0.030143750831484795
- 0.030143750831484795
velocity:
- 0.0
- 0.0
effort:
- .nan
- .nan
---
header:
  stamp:
    sec: 1791165278
    nanosec: 871692679
  frame_id: base_link
name:
- joint_x
- joint_y
position:
- 0.030131250619888306
- 0.030131250619888306
velocity:
- -0.0006249999860301614
- -0.0006249999860301614
effort:
- .nan
- .nan
---
header:
  stamp:
    sec: 1791165278
    nanosec: 891695620
  frame_id: base_link
name:
- joint_x
- joint_y
position:
- 0.030106250196695328
- 0.030106250196695328
velocity:
- -0.0012499999720603228
- -0.0012499999720603228
effort:
- .nan
- .nan
---
header:
  stamp:
    sec: 1791165278
    nanosec: 911680368
  frame_id: base_link
name:
- joint_x
- joint_y
position:
- 0.03006250038743019
- 0.03006250038743019
velocity:
- -0.0021875000093132257
- -0.0021875000093132257
effort:
- .nan
- .nan
---
header:
  stamp:
    sec: 1791165278
    nanosec: 931684558
  frame_id: base_link
name:
- joint_x
- joint_y
position:
- 0.030006250366568565
- 0.030006250366568565
velocity:
- -0.002812500111758709
- -0.002812500111758709
effort:
- .nan
- .nan
---
header:
  stamp:
    sec: 1791165278
    nanosec: 951684696
  frame_id: base_link
name:
- joint_x
- joint_y
position:
- 0.02993750013411045
- 0.02993750013411045
velocity:
- -0.0034374999813735485
- -0.0034374999813735485
effort:
- .nan
- .nan
---
header:
  stamp:
    sec: 1791165278
    nanosec: 971678515
  frame_id: base_link
name:
- joint_x
- joint_y
position:
- 0.029843749478459358
- 0.029843749478459358
velocity:
- -0.004687500186264515
- -0.0043750000186264515
effort:
- .nan
- .nan
---
header:
  stamp:
    sec: 1791165278
    nanosec: 991673895
  frame_id: base_link
name:
- joint_x
- joint_y
position:
- 0.029743749648332596
- 0.029750000685453415
velocity:
- -0.004687500186264515
- -0.004999999888241291
effort:
- .nan
- .nan
---
header:
  stamp:
    sec: 1791165279
    nanosec: 11677558
  frame_id: base_link
name:
- joint_x
- joint_y
position:
- 0.029631249606609344
- 0.029637500643730164
velocity:
- -0.005625000223517418
- -0.005625000223517418
effort:
- .nan
- .nan
---
header:
  stamp:
    sec: 1791165279
    nanosec: 31677188
  frame_id: base_link
name:
- joint_x
- joint_y
position:
- 0.029512500390410423
- 0.029512500390410423
velocity:
- -0.0062500000931322575
- -0.0062500000931322575
effort:
- .nan
- .nan
---
header:
  stamp:
    sec: 1791165279
    nanosec: 51685423
  frame_id: base_link
name:
- joint_x
- joint_y
position:
- 0.029374999925494194
- 0.029374999925494194
velocity:
- -0.006874999962747097
- -0.006874999962747097
effort:
- .nan
- .nan
---
header:
  stamp:
    sec: 1791165279
    nanosec: 71679696
  frame_id: base_link
name:
- joint_x
- joint_y
position:
- 0.0290562491863966
- 0.0290562491863966
velocity:
- -0.008124999701976776
- -0.008124999701976776
effort:
- .nan
- .nan
---
header:
  stamp:
    sec: 1791165279
    nanosec: 91684559
  frame_id: base_link
name:
- joint_x
- joint_y
position:
- 0.028887499123811722
- 0.028887499123811722
velocity:
- -0.008437500335276127
- -0.008437500335276127
effort:
- .nan
- .nan
---
header:
  stamp:
    sec: 1791165279
    nanosec: 111698044
  frame_id: base_link
name:
- joint_x
- joint_y
position:
- 0.028699999675154686
- 0.028699999675154686
velocity:
- -0.00937500037252903
- -0.00937500037252903
effort:
- .nan
- .nan
---
header:
  stamp:
    sec: 1791165279
    nanosec: 131692761
  frame_id: base_link
name:
- joint_x
- joint_y
position:
- 0.02849375084042549
- 0.02849375084042549
velocity:
- -0.009821428917348385
- -0.009821428917348385
effort:
- .nan
- .nan
---
header:
  stamp:
    sec: 1791165279
    nanosec: 151680740
  frame_id: base_link
name:
- joint_x
- joint_y
position:
- 0.02827499993145466
- 0.02827499993145466
velocity:
- -0.010937499813735485
- -0.010937499813735485
effort:
- .nan
- .nan
---
header:
  stamp:
    sec: 1791165279
    nanosec: 171680982
  frame_id: base_link
name:
- joint_x
- joint_y
position:
- 0.028056250885128975
- 0.028056250885128975
velocity:
- -0.010937499813735485
- -0.010937499813735485
effort:
- .nan
- .nan
---
header:
  stamp:
    sec: 1791165279
    nanosec: 191679952
  frame_id: base_link
name:
- joint_x
- joint_y
position:
- 0.027831250801682472
- 0.027831250801682472
velocity:
- -0.011250000447034836
- -0.011250000447034836
effort:
- .nan
- .nan
---
header:
  stamp:
    sec: 1791165279
    nanosec: 211682509
  frame_id: base_link
name:
- joint_x
- joint_y
position:
- 0.02759375050663948
- 0.02759375050663948
velocity:
- -0.011874999850988388
- -0.011874999850988388
effort:
- .nan
- .nan
---
header:
  stamp:
    sec: 1791165279
    nanosec: 231674117
  frame_id: base_link
name:
- joint_x
- joint_y
position:
- 0.02734375
- 0.02734375
velocity:
- -0.012500000186264515
- -0.012500000186264515
effort:
- .nan
- .nan
---
header:
  stamp:
    sec: 1791165279
    nanosec: 251689263
  frame_id: base_link
name:
- joint_x
- joint_y
position:
- 0.02707500010728836
- 0.02707500010728836
velocity:
- -0.013437500223517418
- -0.013437500223517418
effort:
- .nan
- .nan
---
header:
  stamp:
    sec: 1791165279
    nanosec: 271676182
  frame_id: base_link
name:
- joint_x
- joint_y
position:
- 0.02680625021457672
- 0.02681249938905239
velocity:
- -0.013124999590218067
- -0.013124999590218067
effort:
- .nan
- .nan
---
header:
  stamp:
    sec: 1791165279
    nanosec: 291681878
  frame_id: base_link
name:
- joint_x
- joint_y
position:
- 0.026256250217556953
- 0.026256250217556953
velocity:
- -0.01406249962747097
- -0.01406249962747097
effort:
- .nan
- .nan
---
header:
  stamp:
    sec: 1791165279
    nanosec: 311675997
  frame_id: base_link
name:
- joint_x
- joint_y
position:
- 0.025943750515580177
- 0.025943750515580177
velocity:
- -0.015312500298023224
- -0.015625
effort:
- .nan
- .nan
---
header:
  stamp:
    sec: 1791165279
    nanosec: 331673472
  frame_id: base_link
name:
- joint_x
- joint_y
position:
- 0.02564374916255474
- 0.02565000019967556
velocity:
- -0.014999999664723873
- -0.014687499962747097
effort:
- .nan
- .nan
---
header:
  stamp:
    sec: 1791165279
    nanosec: 351675924
  frame_id: base_link
name:
- joint_x
- joint_y
position:
- 0.025337500497698784
- 0.025337500497698784
velocity:
- -0.015312500298023224
- -0.015625
effort:
- .nan
- .nan
---
header:
  stamp:
    sec: 1791165279
    nanosec: 371676158
  frame_id: base_link
name:
- joint_x
- joint_y
position:
- 0.025025000795722008
- 0.025025000795722008
velocity:
- -0.015937499701976776
- -0.015312500298023224
effort:
- .nan
- .nan
---
header:
  stamp:
    sec: 1791165279
    nanosec: 391675876
  frame_id: base_link
name:
- joint_x
- joint_y
position:
- 0.024700000882148743
- 0.024706250056624413
velocity:
- -0.015937499701976776
- -0.016249999403953552
effort:
- .nan
- .nan
---
header:
  stamp:
    sec: 1791165279
    nanosec: 411681606
  frame_id: base_link
name:
- joint_x
- joint_y
position:
- 0.02435624971985817
- 0.02436250075697899
velocity:
- -0.01666666753590107
- -0.0163690485060215
effort:
- .nan
- .nan
---
header:
  stamp:
    sec: 1791165279
    nanosec: 431695802
  frame_id: base_link
name:
- joint_x
- joint_y
position:
- 0.024000000208616257
- 0.024006249383091927
velocity:
- -0.017500000074505806
- -0.017812499776482582
effort:
- .nan
- .nan
---
header:
  stamp:
    sec: 1791165279
    nanosec: 451701219
  frame_id: base_link
name:
- joint_x
- joint_y
position:
- 0.023656250908970833
- 0.023662500083446503
velocity:
- -0.01718750037252903
- -0.01718750037252903
effort:
- .nan
- .nan
---
header:
  stamp:
    sec: 1791165279
    nanosec: 471691512
  frame_id: base_link
name:
- joint_x
- joint_y
position:
- 0.02331249974668026
- 0.02331249974668026
velocity:
- -0.017500000074505806
- -0.017500000074505806
effort:
- .nan
- .nan
---
header:
  stamp:
    sec: 1791165279
    nanosec: 491687859
  frame_id: base_link
name:
- joint_x
- joint_y
position:
- 0.022956250235438347
- 0.022956250235438347
velocity:
- -0.017812499776482582
- -0.017500000074505806
effort:
- .nan
- .nan
---
header:
  stamp:
    sec: 1791165279
    nanosec: 511689800
  frame_id: base_link
name:
- joint_x
- joint_y
position:
- 0.022593749687075615
- 0.022600000724196434
velocity:
- -0.017812499776482582
- -0.018124999478459358
effort:
- .nan
- .nan
---
header:
  stamp:
    sec: 1791165279
    nanosec: 531689884
  frame_id: base_link
name:
- joint_x
- joint_y
position:
- 0.021849999204277992
- 0.021849999204277992
velocity:
- -0.018124999478459358
- -0.018124999478459358
effort:
- .nan
- .nan
---
header:
  stamp:
    sec: 1791165279
    nanosec: 551668821
  frame_id: base_link
name:
- joint_x
- joint_y
position:
- 0.02147500030696392
- 0.02148124948143959
velocity:
- -0.019062500447034836
- -0.01875000074505806
effort:
- .nan
- .nan
---
header:
  stamp:
    sec: 1791165279
    nanosec: 571671705
  frame_id: base_link
name:
- joint_x
- joint_y
position:
- 0.0210999995470047
- 0.0210999995470047
velocity:
- -0.01875000074505806
- -0.019062500447034836
effort:
- .nan
- .nan
---
header:
  stamp:
    sec: 1791165279
    nanosec: 591678141
  frame_id: base_link
name:
- joint_x
- joint_y
position:
- 0.02069374918937683
- 0.02070000022649765
velocity:
- -0.0193452388048172
- -0.01904761977493763
effort:
- .nan
- .nan
---
header:
  stamp:
    sec: 1791165279
    nanosec: 611694172
  frame_id: base_link
name:
- joint_x
- joint_y
position:
- 0.02028750069439411
- 0.02028750069439411
velocity:
- -0.02031249925494194
- -0.02031249925494194
effort:
- .nan
- .nan
---
header:
  stamp:
    sec: 1791165279
    nanosec: 631679535
  frame_id: base_link
name:
- joint_x
- joint_y
position:
- 0.019893750548362732
- 0.019893750548362732
velocity:
- -0.019687499850988388
- -0.019999999552965164
effort:
- .nan
- .nan
---
header:
  stamp:
    sec: 1791165279
    nanosec: 651678786
  frame_id: base_link
name:
- joint_x
- joint_y
position:
- 0.019500000402331352
- 0.019500000402331352
velocity:
- -0.019375000149011612
- -0.019687499850988388
effort:
- .nan
- .nan
---
header:
  stamp:
    sec: 1791165279
    nanosec: 671674108
  frame_id: base_link
name:
- joint_x
- joint_y
position:
- 0.019106250256299973
- 0.019106250256299973
velocity:
- -0.019687499850988388
- -0.019687499850988388
effort:
- .nan
- .nan
---
header:
  stamp:
    sec: 1791165279
    nanosec: 691683317
  frame_id: base_link
name:
- joint_x
- joint_y
position:
- 0.018706249073147774
- 0.018706249073147774
velocity:
- -0.019999999552965164
- -0.019999999552965164
effort:
- .nan
- .nan
---
header:
  stamp:
    sec: 1791165279
    nanosec: 711697874
  frame_id: base_link
name:
- joint_x
- joint_y
position:
- 0.018306249752640724
- 0.018306249752640724
velocity:
- -0.02031249925494194
- -0.019999999552965164
effort:
- .nan
- .nan
---
header:
  stamp:
    sec: 1791165279
    nanosec: 731675062
  frame_id: base_link
name:
- joint_x
- joint_y
position:
- 0.017881250008940697
- 0.017881250008940697
velocity:
- -0.021250000223517418
- -0.021250000223517418
effort:
- .nan
- .nan
---
header:
  stamp:
    sec: 1791165279
    nanosec: 751684558
  frame_id: base_link
name:
- joint_x
- joint_y
position:
- 0.01706874929368496
- 0.01706874929368496
velocity:
- -0.02031249925494194
- -0.02031249925494194
effort:
- .nan
- .nan
---
header:
  stamp:
    sec: 1791165279
    nanosec: 771672366
  frame_id: base_link
name:
- joint_x
- joint_y
position:
- 0.01666250079870224
- 0.01666250079870224
velocity:
- -0.02031249925494194
- -0.02031249925494194
effort:
- .nan
- .nan
---
header:
  stamp:
    sec: 1791165279
    nanosec: 791668322
  frame_id: base_link
name:
- joint_x
- joint_y
position:
- 0.016231250017881393
- 0.016231250017881393
velocity:
- -0.021562499925494194
- -0.021250000223517418
effort:
- .nan
- .nan
---
header:
  stamp:
    sec: 1791165279
    nanosec: 811697675
  frame_id: base_link
name:
- joint_x
- joint_y
position:
- 0.015818750485777855
- 0.015818750485777855
velocity:
- -0.02031249925494194
- -0.020625000819563866
effort:
- .nan
- .nan
---
header:
  stamp:
    sec: 1791165279
    nanosec: 831673630
  frame_id: base_link
name:
- joint_x
- joint_y
position:
- 0.015412500128149986
- 0.015412500128149986
velocity:
- -0.020625000819563866
- -0.020625000819563866
effort:
- .nan
- .nan
---
header:
  stamp:
    sec: 1791165279
    nanosec: 851669997
  frame_id: base_link
name:
- joint_x
- joint_y
position:
- 0.014999999664723873
- 0.014999999664723873
velocity:
- -0.020625000819563866
- -0.02031249925494194
effort:
- .nan
- .nan
---
header:
  stamp:
    sec: 1791165279
    nanosec: 871683935
  frame_id: base_link
name:
- joint_x
- joint_y
position:
- 0.014587500132620335
- 0.014587500132620335
velocity:
- -0.020625000819563866
- -0.020625000819563866
effort:
- .nan
- .nan
---
header:
  stamp:
    sec: 1791165279
    nanosec: 891692130
  frame_id: base_link
name:
- joint_x
- joint_y
position:
- 0.014150000177323818
- 0.014156250283122063
velocity:
- -0.02187499962747097
- -0.02187499962747097
effort:
- .nan
- .nan
---
header:
  stamp:
    sec: 1791165279
    nanosec: 911687044
  frame_id: base_link
name:
- joint_x
- joint_y
position:
- 0.01374374981969595
- 0.01374374981969595
velocity:
- -0.02031249925494194
- -0.020625000819563866
effort:
- .nan
- .nan
---
header:
  stamp:
    sec: 1791165279
    nanosec: 931685655
  frame_id: base_link
name:
- joint_x
- joint_y
position:
- 0.013331250287592411
- 0.013331250287592411
velocity:
- -0.020625000819563866
- -0.020625000819563866
effort:
- .nan
- .nan
---
header:
  stamp:
    sec: 1791165279
    nanosec: 951684296
  frame_id: base_link
name:
- joint_x
- joint_y
position:
- 0.012924999929964542
- 0.012924999929964542
velocity:
- -0.02031249925494194
- -0.02031249925494194
effort:
- .nan
- .nan
---
header:
  stamp:
    sec: 1791165279
    nanosec: 971684748
  frame_id: base_link
name:
- joint_x
- joint_y
position:
- 0.012518749572336674
- 0.012524999678134918
velocity:
- -0.02031249925494194
- -0.019999999552965164
effort:
- .nan
- .nan
---
header:
  stamp:
    sec: 1791165279
    nanosec: 991681571
  frame_id: base_link
name:
- joint_x
- joint_y
position:
- 0.011693749576807022
- 0.011699999682605267
velocity:
- -0.019999999552965164
- -0.019999999552965164
effort:
- .nan
- .nan
---
header:
  stamp:
    sec: 1791165280
    nanosec: 11680343
  frame_id: base_link
name:
- joint_x
- joint_y
position:
- 0.011293750256299973
- 0.011293750256299973
velocity:
- -0.02031249925494194
- -0.02031249925494194
effort:
- .nan
- .nan
---
header:
  stamp:
    sec: 1791165280
    nanosec: 31676880
  frame_id: base_link
name:
- joint_x
- joint_y
position:
- 0.010893750004470348
- 0.010893750004470348
velocity:
- -0.019999999552965164
- -0.019999999552965164
effort:
- .nan
- .nan
---
header:
  stamp:
    sec: 1791165280
    nanosec: 51751397
  frame_id: base_link
name:
- joint_x
- joint_y
position:
- 0.010499999858438969
- 0.010499999858438969
velocity:
- -0.019687499850988388
- -0.019687499850988388
effort:
- .nan
- .nan
---
header:
  stamp:
    sec: 1791165280
    nanosec: 71678241
  frame_id: base_link
name:
- joint_x
- joint_y
position:
- 0.01008750032633543
- 0.01008750032633543
velocity:
- -0.020625000819563866
- -0.020625000819563866
effort:
- .nan
- .nan
---
header:
  stamp:
    sec: 1791165280
    nanosec: 91689389
  frame_id: base_link
name:
- joint_x
- joint_y
position:
- 0.00969375018030405
- 0.00969375018030405
velocity:
- -0.019687499850988388
- -0.019375000149011612
effort:
- .nan
- .nan
---
header:
  stamp:
    sec: 1791165280
    nanosec: 111687850
  frame_id: base_link
name:
- joint_x
- joint_y
position:
- 0.009306250140070915
- 0.009306250140070915
velocity:
- -0.019062500447034836
- -0.019375000149011612
effort:
- .nan
- .nan
---
header:
  stamp:
    sec: 1791165280
    nanosec: 131693646
  frame_id: base_link
name:
- joint_x
- joint_y
position:
- 0.008925000205636024
- 0.008925000205636024
velocity:
- -0.019062500447034836
- -0.019062500447034836
effort:
- .nan
- .nan
---
header:
  stamp:
    sec: 1791165280
    nanosec: 151673623
  frame_id: base_link
name:
- joint_x
- joint_y
position:
- 0.008550000376999378
- 0.008550000376999378
velocity:
- -0.019062500447034836
- -0.01875000074505806
effort:
- .nan
- .nan
---
header:
  stamp:
    sec: 1791165280
    nanosec: 171675020
  frame_id: base_link
name:
- joint_x
- joint_y
position:
- 0.008150000125169754
- 0.008156250230967999
velocity:
- -0.01904761977493763
- -0.01904761977493763
effort:
- .nan
- .nan
---
header:
  stamp:
    sec: 1791165280
    nanosec: 191674947
  frame_id: base_link
name:
- joint_x
- joint_y
position:
- 0.007762500084936619
- 0.007762500084936619
velocity:
- -0.019375000149011612
- -0.019375000149011612
effort:
- .nan
- .nan
---
header:
  stamp:
    sec: 1791165280
    nanosec: 211682335
  frame_id: base_link
name:
- joint_x
- joint_y
position:
- 0.007043750025331974
- 0.007043750025331974
velocity:
- -0.017812499776482582
- -0.017812499776482582
effort:
- .nan
- .nan
---
header:
  stamp:
    sec: 1791165280
    nanosec: 231676639
  frame_id: base_link
name:
- joint_x
- joint_y
position:
- 0.006693750154227018
- 0.006693750154227018
velocity:
- -0.017500000074505806
- -0.017500000074505806
effort:
- .nan
- .nan
---
header:
  stamp:
    sec: 1791165280
    nanosec: 251678902
  frame_id: base_link
name:
- joint_x
- joint_y
position:
- 0.006324999965727329
- 0.006324999965727329
velocity:
- -0.018124999478459358
- -0.018124999478459358
effort:
- .nan
- .nan
---
header:
  stamp:
    sec: 1791165280
    nanosec: 271676996
  frame_id: base_link
name:
- joint_x
- joint_y
position:
- 0.005987499840557575
- 0.005987499840557575
velocity:
- -0.01718750037252903
- -0.01718750037252903
effort:
- .nan
- .nan
---
header:
  stamp:
    sec: 1791165280
    nanosec: 291694080
  frame_id: base_link
name:
- joint_x
- joint_y
position:
- 0.0056500001810491085
- 0.0056500001810491085
velocity:
- -0.016875000670552254
- -0.016875000670552254
effort:
- .nan
- .nan
---
header:
  stamp:
    sec: 1791165280
    nanosec: 311679015
  frame_id: base_link
name:
- joint_x
- joint_y
position:
- 0.005318750161677599
- 0.005318750161677599
velocity:
- -0.01656249910593033
- -0.01656249910593033
effort:
- .nan
- .nan
---
header:
  stamp:
    sec: 1791165280
    nanosec: 331674130
  frame_id: base_link
name:
- joint_x
- joint_y
position:
- 0.004999999888241291
- 0.004999999888241291
velocity:
- -0.015937499701976776
- -0.015937499701976776
effort:
- .nan
- .nan
---
header:
  stamp:
    sec: 1791165280
    nanosec: 351713914
  frame_id: base_link
name:
- joint_x
- joint_y
position:
- 0.004687500186264515
- 0.004687500186264515
velocity:
- -0.015625
- -0.015625
effort:
- .nan
- .nan
---
header:
  stamp:
    sec: 1791165280
    nanosec: 371674883
  frame_id: base_link
name:
- joint_x
- joint_y
position:
- 0.0043624998070299625
- 0.0043624998070299625
velocity:
- -0.016249999403953552
- -0.016249999403953552
effort:
- .nan
- .nan
---
header:
  stamp:
    sec: 1791165280
    nanosec: 391678821
  frame_id: base_link
name:
- joint_x
- joint_y
position:
- 0.004062499850988388
- 0.004062499850988388
velocity:
- -0.014999999664723873
- -0.014999999664723873
effort:
- .nan
- .nan
---
header:
  stamp:
    sec: 1791165280
    nanosec: 411698344
  frame_id: base_link
name:
- joint_x
- joint_y
position:
- 0.0037750001065433025
- 0.0037750001065433025
velocity:
- -0.014375000260770321
- -0.014375000260770321
effort:
- .nan
- .nan
---
header:
  stamp:
    sec: 1791165280
    nanosec: 431701628
  frame_id: base_link
name:
- joint_x
- joint_y
position:
- 0.0034749999176710844
- 0.003481250023469329
velocity:
- -0.013988095335662365
- -0.013988095335662365
effort:
- .nan
- .nan
---
header:
  stamp:
    sec: 1791165280
    nanosec: 451700196
  frame_id: base_link
name:
- joint_x
- joint_y
position:
- 0.0029124999418854713
- 0.0029124999418854713
velocity:
- -0.01406249962747097
- -0.013749999925494194
effort:
- .nan
- .nan
---
header:
  stamp:
    sec: 1791165280
    nanosec: 471689254
  frame_id: base_link
name:
- joint_x
- joint_y
position:
- 0.0026562500279396772
- 0.0026562500279396772
velocity:
- -0.012500000186264515
- -0.012812499888241291
effort:
- .nan
- .nan
---
header:
  stamp:
    sec: 1791165280
    nanosec: 491699280
  frame_id: base_link
name:
- joint_x
- joint_y
position:
- 0.0024125000927597284
- 0.0024125000927597284
velocity:
- -0.012500000186264515
- -0.012500000186264515
effort:
- .nan
- .nan
---
header:
  stamp:
    sec: 1791165280
    nanosec: 511696435
  frame_id: base_link
name:
- joint_x
- joint_y
position:
- 0.0021750000305473804
- 0.0021750000305473804
velocity:
- -0.011874999850988388
- -0.011874999850988388
effort:
- .nan
- .nan
---
header:
  stamp:
    sec: 1791165280
    nanosec: 531676716
  frame_id: base_link
name:
- joint_x
- joint_y
position:
- 0.0019499999471008778
- 0.0019499999471008778
velocity:
- -0.011250000447034836
- -0.011250000447034836
effort:
- .nan
- .nan
---
header:
  stamp:
    sec: 1791165280
    nanosec: 551718064
  frame_id: base_link
name:
- joint_x
- joint_y
position:
- 0.0017187499906867743
- 0.0017187499906867743
velocity:
- -0.011562500149011612
- -0.011250000447034836
effort:
- .nan
- .nan
---
header:
  stamp:
    sec: 1791165280
    nanosec: 571687877
  frame_id: base_link
name:
- joint_x
- joint_y
position:
- 0.0015124999918043613
- 0.0015124999918043613
velocity:
- -0.010312500409781933
- -0.010625000111758709
effort:
- .nan
- .nan
---
header:
  stamp:
    sec: 1791165280
    nanosec: 591673834
  frame_id: base_link
name:
- joint_x
- joint_y
position:
- 0.0013187499716877937
- 0.0013187499716877937
velocity:
- -0.009687500074505806
- -0.009687500074505806
effort:
- .nan
- .nan
---
header:
  stamp:
    sec: 1791165280
    nanosec: 611673570
  frame_id: base_link
name:
- joint_x
- joint_y
position:
- 0.0011312500573694706
- 0.0011375000467523932
velocity:
- -0.00937500037252903
- -0.009062499739229679
effort:
- .nan
- .nan
---
header:
  stamp:
    sec: 1791165280
    nanosec: 631669228
  frame_id: base_link
name:
- joint_x
- joint_y
position:
- 0.0009624999947845936
- 0.0009624999947845936
velocity:
- -0.008437500335276127
- -0.008750000037252903
effort:
- .nan
- .nan
---
header:
  stamp:
    sec: 1791165280
    nanosec: 651682829
  frame_id: base_link
name:
- joint_x
- joint_y
position:
- 0.0007875000010244548
- 0.0007937499904073775
velocity:
- -0.008437500335276127
- -0.008437500335276127
effort:
- .nan
- .nan
---
header:
  stamp:
    sec: 1791165280
    nanosec: 671675702
  frame_id: base_link
name:
- joint_x
- joint_y
position:
- 0.0005062500131316483
- 0.0005062500131316483
velocity:
- -0.006874999962747097
- -0.006874999962747097
effort:
- .nan
- .nan
---
header:
  stamp:
    sec: 1791165280
    nanosec: 691669565
  frame_id: base_link
name:
- joint_x
- joint_y
position:
- 0.00038124999264255166
- 0.00038124999264255166
velocity:
- -0.0062500000931322575
- -0.0062500000931322575
effort:
- .nan
- .nan
---
header:
  stamp:
    sec: 1791165280
    nanosec: 711673485
  frame_id: base_link
name:
- joint_x
- joint_y
position:
- 0.0002624999906402081
- 0.0002624999906402081
velocity:
- -0.005937499925494194
- -0.005625000223517418
effort:
- .nan
- .nan
---
header:
  stamp:
    sec: 1791165280
    nanosec: 731677092
  frame_id: base_link
name:
- joint_x
- joint_y
position:
- 0.00016250000044237822
- 0.0001687500043772161
velocity:
- -0.004687500186264515
- -0.004999999888241291
effort:
- .nan
- .nan
---
header:
  stamp:
    sec: 1791165280
    nanosec: 751670938
  frame_id: base_link
name:
- joint_x
- joint_y
position:
- 8.125000022118911e-05
- 8.125000022118911e-05
velocity:
- -0.0043750000186264515
- -0.0043750000186264515
effort:
- .nan
- .nan
---
header:
  stamp:
    sec: 1791165280
    nanosec: 771680260
  frame_id: base_link
name:
- joint_x
- joint_y
position:
- 6.24999984211172e-06
- 1.249999968422344e-05
velocity:
- -0.0034374999813735485
- -0.0034374999813735485
effort:
- .nan
- .nan
---
header:
  stamp:
    sec: 1791165280
    nanosec: 791682199
  frame_id: base_link
name:
- joint_x
- joint_y
position:
- -4.999999873689376e-05
- -4.999999873689376e-05
velocity:
- -0.0031250000465661287
- -0.0031250000465661287
effort:
- .nan
- .nan
---
header:
  stamp:
    sec: 1791165280
    nanosec: 811679087
  frame_id: base_link
name:
- joint_x
- joint_y
position:
- -9.999999747378752e-05
- -9.375000081490725e-05
velocity:
- -0.0024999999441206455
- -0.0021875000093132257
effort:
- .nan
- .nan
---
header:
  stamp:
    sec: 1791165280
    nanosec: 831691122
  frame_id: base_link
name:
- joint_x
- joint_y
position:
- -0.0001250000059371814
- -0.0001250000059371814
velocity:
- -0.0012499999720603228
- -0.0015625000232830644
effort:
- .nan
- .nan
---
header:
  stamp:
    sec: 1791165280
    nanosec: 851706776
  frame_id: base_link
name:
- joint_x
- joint_y
position:
- -0.00014375000318977982
- -0.00014375000318977982
velocity:
- -0.0009374999790452421
- -0.0009374999790452421
effort:
- .nan
- .nan
---
header:
  stamp:
    sec: 1791165280
    nanosec: 871706286
  frame_id: base_link
name:
- joint_x
- joint_y
position:
- -0.00014375000318977982
- -0.00014375000318977982
velocity:
- 0.0
- 0.0
effort:
- .nan
- .nan
---
header:
  stamp:
    sec: 1791165280
    nanosec: 891710375
  frame_id: base_link
name:
- joint_x
- joint_y
position:
- -8.749999688006938e-05
- -8.749999688006938e-05
velocity:
- 0.0021875000093132257
- 0.0018749999580904841
effort:
- .nan
- .nan
---
header:
  stamp:
    sec: 1791165280
    nanosec: 911689879
  frame_id: base_link
name:
- joint_x
- joint_y
position:
- -6.25000029685907e-05
- -6.25000029685907e-05
velocity:
- 0.0012499999720603228
- 0.0012499999720603228
effort:
- .nan
- .nan
---
header:
  stamp:
    sec: 1791165280
    nanosec: 931687950
  frame_id: base_link
name:
- joint_x
- joint_y
position:
- 0.0
- 0.0
velocity:
- 0.0031250000465661287
- 0.0031250000465661287
effort:
- .nan
- .nan
---
header:
  stamp:
    sec: 1791165280
    nanosec: 951691194
  frame_id: base_link
name:
- joint_x
- joint_y
position:
- 0.0
- 0.0
velocity:
- 0.0
- 0.0
effort:
- .nan
- .nan
---
header:
  stamp:
    sec: 1791165280
    nanosec: 971714777
  frame_id: base_link
name:
- joint_x
- joint_y
position:
- 0.0
- 0.0
velocity:
- 0.0
- 0.0
effort:
- .nan
- .nan
---
header:
  stamp:
    sec: 1791165280
    nanosec: 991689035
  frame_id: base_link
name:
- joint_x
- joint_y
position:
- 0.0
- 0.0
velocity:
- 0.0
- 0.0
effort:
- .nan
- .nan
---
header:
  stamp:
    sec: 1791165281
    nanosec: 11696154
  frame_id: base_link
name:
- joint_x
- joint_y
position:
- 0.0
- 0.0
velocity:
- 0.0
- 0.0
effort:
- .nan
- .nan
---
header:
  stamp:
    sec: 1791165281
    nanosec: 31721492
  frame_id: base_link
name:
- joint_x
- joint_y
position:
- 0.0
- 0.0
velocity:
- 0.0
- 0.0
effort:
- .nan
- .nan
---
header:
  stamp:
    sec: 1791165281
    nanosec: 51667397
  frame_id: base_link
name:
- joint_x
- joint_y
position:
- 0.0
- 0.0
velocity:
- 0.0
- 0.0
effort:
- .nan
- .nan
---
header:
  stamp:
    sec: 1791165281
    nanosec: 71859743
  frame_id: base_link
name:
- joint_x
- joint_y
position:
- 0.0
- 0.0
velocity:
- 0.0
- 0.0
effort:
- .nan
- .nan
---
header:
  stamp:
    sec: 1791165281
    nanosec: 91736170
  frame_id: base_link
name:
- joint_x
- joint_y
position:
- 0.0
- 0.0
velocity:
- 0.0
- 0.0
effort:
- .nan
- .nan
---
