A message was lost!!!
	total count change:1
	total count: 1---
header:
  stamp:
    sec: 1791157841
    nanosec: 543296817
  frame_id: base_link
name:
- joint_x
- joint_y
position:
- 0.0
- 0.0
velocity:
- 0.0
- 0.0
effort:
- .nan
- .nan
---
header:
  stamp:
    sec: 1791157841
    nanosec: 563278671
  frame_id: base_link
name:
- joint_x
- joint_y
position:
- 0.0
- 0.0
velocity:
- 0.0
- 0.0
effort:
- .nan
- .nan
---
header:
  stamp:
    sec: 1791157841
    nanosec: 583291708
  frame_id: base_link
name:
- joint_x
- joint_y
position:
- 0.0
- 0.0
velocity:
- 0.0
- 0.0
effort:
- .nan
- .nan
---
header:
  stamp:
    sec: 1791157841
    nanosec: 603274663
  frame_id: base_link
name:
- joint_x
- joint_y
position:
- 0.0
- 0.0
velocity:
- 0.0
- 0.0
effort:
- .nan
- .nan
---
header:
  stamp:
    sec: 1791157841
    nanosec: 623271384
  frame_id: base_link
name:
- joint_x
- joint_y
position:
- 0.0
- 0.0
velocity:
- 0.0
- 0.0
effort:
- .nan
- .nan
---
header:
  stamp:
    sec: 1791157841
    nanosec: 643280405
  frame_id: base_link
name:
- joint_x
- joint_y
position:
- 0.0
- 0.0
velocity:
- 0.0
- 0.0
effort:
- .nan
- .nan
---
header:
  stamp:
    sec: 1791157841
    nanosec: 663276000
  frame_id: base_link
name:
- joint_x
- joint_y
position:
- 0.0
- 0.0
velocity:
- 0.0
- 0.0
effort:
- .nan
- .nan
---
header:
  stamp:
    sec: 1791157841
    nanosec: 683283225
  frame_id: base_link
name:
- joint_x
- joint_y
position:
- 0.0
- 0.0
velocity:
- 0.0
- 0.0
effort:
- .nan
- .nan
---
header:
  stamp:
    sec: 1791157841
    nanosec: 703277956
  frame_id: base_link
name:
- joint_x
- joint_y
position:
- 0.0
- 0.0
velocity:
- 0.0
- 0.0
effort:
- .nan
- .nan
---
header:
  stamp:
    sec: 1791157841
    nanosec: 723303352
  frame_id: base_link
name:
- joint_x
- joint_y
position:
- 0.0
- 0.0
velocity:
- 0.0
- 0.0
effort:
- .nan
- .nan
---
header:
  stamp:
    sec: 1791157841
    nanosec: 743300183
  frame_id: base_link
name:
- joint_x
- joint_y
position:
- 0.0
- 0.0
velocity:
- 0.0
- 0.0
effort:
- .nan
- .nan
---
header:
  stamp:
    sec: 1791157841
    nanosec: 763278925
  frame_id: base_link
name:
- joint_x
- joint_y
position:
- 0.0
- 0.0
velocity:
- 0.0
- 0.0
effort:
- .nan
- .nan
---
header:
  stamp:
    sec: 1791157841
    nanosec: 783273059
  frame_id: base_link
name:
- joint_x
- joint_y
position:
- 0.0
- 0.0
velocity:
- 0.0
- 0.0
effort:
- .nan
- .nan
---
header:
  stamp:
    sec: 1791157841
    nanosec: 803267964
  frame_id: base_link
name:
- joint_x
- joint_y
position:
- 0.0
- 0.0
velocity:
- 0.0
- 0.0
effort:
- .nan
- .nan
---
header:
  stamp:
    sec: 1791157841
    nanosec: 823276220
  frame_id: base_link
name:
- joint_x
- joint_y
position:
- 0.0
- 0.0
velocity:
- 0.0
- 0.0
effort:
- .nan
- .nan
---
header:
  stamp:
    sec: 1791157841
    nanosec: 843299895
  frame_id: base_link
name:
- joint_x
- joint_y
position:
- 0.0
- 0.0
velocity:
- 0.0
- 0.0
effort:
- .nan
- .nan
---
header:
  stamp:
    sec: 1791157841
    nanosec: 863273611
  frame_id: base_link
name:
- joint_x
- joint_y
position:
- 0.0
- 0.0
velocity:
- 0.0
- 0.0
effort:
- .nan
- .nan
---
header:
  stamp:
    sec: 1791157841
    nanosec: 883290986
  frame_id: base_link
name:
- joint_x
- joint_y
position:
- 0.0
- 0.0
velocity:
- 0.0
- 0.0
effort:
- .nan
- .nan
---
header:
  stamp:
    sec: 1791157841
    nanosec: 903285719
  frame_id: base_link
name:
- joint_x
- joint_y
position:
- 0.0
- 0.0
velocity:
- 0.0
- 0.0
effort:
- .nan
- .nan
---
header:
  stamp:
    sec: 1791157841
    nanosec: 923301857
  frame_id: base_link
name:
- joint_x
- joint_y
position:
- 0.0
- 0.0
velocity:
- 0.0
- 0.0
effort:
- .nan
- .nan
---
header:
  stamp:
    sec: 1791157841
    nanosec: 943282053
  frame_id: base_link
name:
- joint_x
- joint_y
position:
- 0.0
- 0.0
velocity:
- 0.0
- 0.0
effort:
- .nan
- .nan
---
header:
  stamp:
    sec: 1791157841
    nanosec: 963300761
  frame_id: base_link
name:
- joint_x
- joint_y
position:
- 0.0
- 0.0
velocity:
- 0.0
- 0.0
effort:
- .nan
- .nan
---
header:
  stamp:
    sec: 1791157841
    nanosec: 983270574
  frame_id: base_link
name:
- joint_x
- joint_y
position:
- 0.0
- 0.0
velocity:
- 0.0
- 0.0
effort:
- .nan
- .nan
---
header:
  stamp:
    sec: 1791157842
    nanosec: 3276395
  frame_id: base_link
name:
- joint_x
- joint_y
position:
- 0.0
- 0.0
velocity:
- 0.0
- 0.0
effort:
- .nan
- .nan
---
header:
  stamp:
    sec: 1791157842
    nanosec: 23274860
  frame_id: base_link
name:
- joint_x
- joint_y
position:
- 0.0
- 0.0
velocity:
- 0.0
- 0.0
effort:
- .nan
- .nan
---
header:
  stamp:
    sec: 1791157842
    nanosec: 43278218
  frame_id: base_link
name:
- joint_x
- joint_y
position:
- 0.0
- 0.0
velocity:
- 0.0
- 0.0
effort:
- .nan
- .nan
---
header:
  stamp:
    sec: 1791157842
    nanosec: 63275221
  frame_id: base_link
name:
- joint_x
- joint_y
position:
- 0.0
- 0.0
velocity:
- 0.0
- 0.0
effort:
- .nan
- .nan
---
header:
  stamp:
    sec: 1791157842
    nanosec: 83278644
  frame_id: base_link
name:
- joint_x
- joint_y
position:
- 0.0
- 0.0
velocity:
- 0.0
- 0.0
effort:
- .nan
- .nan
---
header:
  stamp:
    sec: 1791157842
    nanosec: 103289717
  frame_id: base_link
name:
- joint_x
- joint_y
position:
- 0.0
- 0.0
velocity:
- 0.0
- 0.0
effort:
- .nan
- .nan
---
header:
  stamp:
    sec: 1791157842
    nanosec: 123282810
  frame_id: base_link
name:
- joint_x
- joint_y
position:
- 0.0
- 0.0
velocity:
- 0.0
- 0.0
effort:
- .nan
- .nan
---
header:
  stamp:
    sec: 1791157842
    nanosec: 143279475
  frame_id: base_link
name:
- joint_x
- joint_y
position:
- 0.0
- 0.0
velocity:
- 0.0
- 0.0
effort:
- .nan
- .nan
---
header:
  stamp:
    sec: 1791157842
    nanosec: 163300809
  frame_id: base_link
name:
- joint_x
- joint_y
position:
- 0.0
- 0.0
velocity:
- 0.0
- 0.0
effort:
- .nan
- .nan
---
header:
  stamp:
    sec: 1791157842
    nanosec: 183276888
  frame_id: base_link
name:
- joint_x
- joint_y
position:
- 0.0
- 0.0
velocity:
- 0.0
- 0.0
effort:
- .nan
- .nan
---
header:
  stamp:
    sec: 1791157842
    nanosec: 203279793
  frame_id: base_link
name:
- joint_x
- joint_y
position:
- 0.0
- 0.0
velocity:
- 0.0
- 0.0
effort:
- .nan
- .nan
---
header:
  stamp:
    sec: 1791157842
    nanosec: 223278663
  frame_id: base_link
name:
- joint_x
- joint_y
position:
- 0.0
- 0.0
velocity:
- 0.0
- 0.0
effort:
- .nan
- .nan
---
header:
  stamp:
    sec: 1791157842
    nanosec: 243280937
  frame_id: base_link
name:
- joint_x
- joint_y
position:
- 0.0
- 0.0
velocity:
- 0.0
- 0.0
effort:
- .nan
- .nan
---
header:
  stamp:
    sec: 1791157842
    nanosec: 263292276
  frame_id: base_link
name:
- joint_x
- joint_y
position:
- 0.0
- 0.0
velocity:
- 0.0
- 0.0
effort:
- .nan
- .nan
---
header:
  stamp:
    sec: 1791157842
    nanosec: 283277153
  frame_id: base_link
name:
- joint_x
- joint_y
position:
- 0.0
- 0.0
velocity:
- 0.0
- 0.0
effort:
- .nan
- .nan
---
header:
  stamp:
    sec: 1791157842
    nanosec: 303276120
  frame_id: base_link
name:
- joint_x
- joint_y
position:
- 0.0
- 0.0
velocity:
- 0.0
- 0.0
effort:
- .nan
- .nan
---
header:
  stamp:
    sec: 1791157842
    nanosec: 323299139
  frame_id: base_link
name:
- joint_x
- joint_y
position:
- 0.0
- 0.0
velocity:
- 0.0
- 0.0
effort:
- .nan
- .nan
---
header:
  stamp:
    sec: 1791157842
    nanosec: 343286302
  frame_id: base_link
name:
- joint_x
- joint_y
position:
- 0.0
- 0.0
velocity:
- 0.0
- 0.0
effort:
- .nan
- .nan
---
header:
  stamp:
    sec: 1791157842
    nanosec: 363279007
  frame_id: base_link
name:
- joint_x
- joint_y
position:
- 0.0
- 0.0
velocity:
- 0.0
- 0.0
effort:
- .nan
- .nan
---
header:
  stamp:
    sec: 1791157842
    nanosec: 383278685
  frame_id: base_link
name:
- joint_x
- joint_y
position:
- 0.0
- 0.0
velocity:
- 0.0
- 0.0
effort:
- .nan
- .nan
---
header:
  stamp:
    sec: 1791157842
    nanosec: 403275643
  frame_id: base_link
name:
- joint_x
- joint_y
position:
- 0.0
- 0.0
velocity:
- 0.0
- 0.0
effort:
- .nan
- .nan
---
header:
  stamp:
    sec: 1791157842
    nanosec: 423304696
  frame_id: base_link
name:
- joint_x
- joint_y
position:
- 0.0
- 0.0
velocity:
- 0.0
- 0.0
effort:
- .nan
- .nan
---
header:
  stamp:
    sec: 1791157842
    nanosec: 443276117
  frame_id: base_link
name:
- joint_x
- joint_y
position:
- 0.0
- 0.0
velocity:
- 0.0
- 0.0
effort:
- .nan
- .nan
---
header:
  stamp:
    sec: 1791157842
    nanosec: 463276627
  frame_id: base_link
name:
- joint_x
- joint_y
position:
- 0.0
- 0.0
velocity:
- 0.0
- 0.0
effort:
- .nan
- .nan
---
header:
  stamp:
    sec: 1791157842
    nanosec: 483277602
  frame_id: base_link
name:
- joint_x
- joint_y
position:
- 0.0
- 0.0
velocity:
- 0.0
- 0.0
effort:
- .nan
- .nan
---
header:
  stamp:
    sec: 1791157842
    nanosec: 503282266
  frame_id: base_link
name:
- joint_x
- joint_y
position:
- 0.0
- 0.0
velocity:
- 0.0
- 0.0
effort:
- .nan
- .nan
---
header:
  stamp:
    sec: 1791157842
    nanosec: 523292439
  frame_id: base_link
name:
- joint_x
- joint_y
position:
- 0.0
- 0.0
velocity:
- 0.0
- 0.0
effort:
- .nan
- .nan
---
header:
  stamp:
    sec: 1791157842
    nanosec: 543276767
  frame_id: base_link
name:
- joint_x
- joint_y
position:
- 0.0
- 0.0
velocity:
- 0.0
- 0.0
effort:
- .nan
- .nan
---
header:
  stamp:
    sec: 1791157842
    nanosec: 563284356
  frame_id: base_link
name:
- joint_x
- joint_y
position:
- 0.0
- 0.0
velocity:
- 0.0
- 0.0
effort:
- .nan
- .nan
---
header:
  stamp:
    sec: 1791157842
    nanosec: 583288231
  frame_id: base_link
name:
- joint_x
- joint_y
position:
- 0.0
- 0.0
velocity:
- 0.0
- 0.0
effort:
- .nan
- .nan
---
header:
  stamp:
    sec: 1791157842
    nanosec: 603282703
  frame_id: base_link
name:
- joint_x
- joint_y
position:
- 0.0
- 0.0
velocity:
- 0.0
- 0.0
effort:
- .nan
- .nan
---
header:
  stamp:
    sec: 1791157842
    nanosec: 623284802
  frame_id: base_link
name:
- joint_x
- joint_y
position:
- 0.0
- 0.0
velocity:
- 0.0
- 0.0
effort:
- .nan
- .nan
---
header:
  stamp:
    sec: 1791157842
    nanosec: 643284987
  frame_id: base_link
name:
- joint_x
- joint_y
position:
- 0.0
- 0.0
velocity:
- 0.0
- 0.0
effort:
- .nan
- .nan
---
header:
  stamp:
    sec: 1791157842
    nanosec: 663282838
  frame_id: base_link
name:
- joint_x
- joint_y
position:
- 0.0
- 0.0
velocity:
- 0.0
- 0.0
effort:
- .nan
- .nan
---
header:
  stamp:
    sec: 1791157842
    nanosec: 683284289
  frame_id: base_link
name:
- joint_x
- joint_y
position:
- 0.0
- 0.0
velocity:
- 0.0
- 0.0
effort:
- .nan
- .nan
---
header:
  stamp:
    sec: 1791157842
    nanosec: 703277612
  frame_id: base_link
name:
- joint_x
- joint_y
position:
- 0.0
- 0.0
velocity:
- 0.0
- 0.0
effort:
- .nan
- .nan
---
header:
  stamp:
    sec: 1791157842
    nanosec: 723286264
  frame_id: base_link
name:
- joint_x
- joint_y
position:
- 0.0
- 0.0
velocity:
- 0.0
- 0.0
effort:
- .nan
- .nan
---
header:
  stamp:
    sec: 1791157842
    nanosec: 743287691
  frame_id: base_link
name:
- joint_x
- joint_y
position:
- 0.0
- 0.0
velocity:
- 0.0
- 0.0
effort:
- .nan
- .nan
---
header:
  stamp:
    sec: 1791157842
    nanosec: 763282695
  frame_id: base_link
name:
- joint_x
- joint_y
position:
- 0.0
- 0.0
velocity:
- 0.0
- 0.0
effort:
- .nan
- .nan
---
header:
  stamp:
    sec: 1791157842
    nanosec: 783279017
  frame_id: base_link
name:
- joint_x
- joint_y
position:
- 0.0
- 0.0
velocity:
- 0.0
- 0.0
effort:
- .nan
- .nan
---
header:
  stamp:
    sec: 1791157842
    nanosec: 803278353
  frame_id: base_link
name:
- joint_x
- joint_y
position:
- 0.0
- 0.0
velocity:
- 0.0
- 0.0
effort:
- .nan
- .nan
---
header:
  stamp:
    sec: 1791157842
    nanosec: 823285775
  frame_id: base_link
name:
- joint_x
- joint_y
position:
- 0.0
- 0.0
velocity:
- 0.0
- 0.0
effort:
- .nan
- .nan
---
header:
  stamp:
    sec: 1791157842
    nanosec: 843278348
  frame_id: base_link
name:
- joint_x
- joint_y
position:
- 0.0
- 0.0
velocity:
- 0.0
- 0.0
effort:
- .nan
- .nan
---
header:
  stamp:
    sec: 1791157842
    nanosec: 863279401
  frame_id: base_link
name:
- joint_x
- joint_y
position:
- 0.0
- 0.0
velocity:
- 0.0
- 0.0
effort:
- .nan
- .nan
---
header:
  stamp:
    sec: 1791157842
    nanosec: 883288090
  frame_id: base_link
name:
- joint_x
- joint_y
position:
- 0.0
- 0.0
velocity:
- 0.0
- 0.0
effort:
- .nan
- .nan
---
header:
  stamp:
    sec: 1791157842
    nanosec: 903276766
  frame_id: base_link
name:
- joint_x
- joint_y
position:
- 0.0
- 0.0
velocity:
- 0.0
- 0.0
effort:
- .nan
- .nan
---
header:
  stamp:
    sec: 1791157842
    nanosec: 923326930
  frame_id: base_link
name:
- joint_x
- joint_y
position:
- 0.0
- 0.0
velocity:
- 0.0
- 0.0
effort:
- .nan
- .nan
---
header:
  stamp:
    sec: 1791157842
    nanosec: 943306947
  frame_id: base_link
name:
- joint_x
- joint_y
position:
- 0.0
- 0.0
velocity:
- 0.0
- 0.0
effort:
- .nan
- .nan
---
header:
  stamp:
    sec: 1791157842
    nanosec: 963302853
  frame_id: base_link
name:
- joint_x
- joint_y
position:
- 0.0
- 0.0
velocity:
- 0.0
- 0.0
effort:
- .nan
- .nan
---
header:
  stamp:
    sec: 1791157842
    nanosec: 983299010
  frame_id: base_link
name:
- joint_x
- joint_y
position:
- 0.0
- 0.0
velocity:
- 0.0
- 0.0
effort:
- .nan
- .nan
---
header:
  stamp:
    sec: 1791157843
    nanosec: 3308087
  frame_id: base_link
name:
- joint_x
- joint_y
position:
- 0.0
- 0.0
velocity:
- 0.0
- 0.0
effort:
- .nan
- .nan
---
header:
  stamp:
    sec: 1791157843
    nanosec: 23306520
  frame_id: base_link
name:
- joint_x
- joint_y
position:
- 0.0
- 0.0
velocity:
- 0.0
- 0.0
effort:
- .nan
- .nan
---
header:
  stamp:
    sec: 1791157843
    nanosec: 43300212
  frame_id: base_link
name:
- joint_x
- joint_y
position:
- 0.0
- 0.0
velocity:
- 0.0
- 0.0
effort:
- .nan
- .nan
---
header:
  stamp:
    sec: 1791157843
    nanosec: 63348297
  frame_id: base_link
name:
- joint_x
- joint_y
position:
- 0.0
- 0.0
velocity:
- 0.0
- 0.0
effort:
- .nan
- .nan
---
header:
  stamp:
    sec: 1791157843
    nanosec: 83622426
  frame_id: base_link
name:
- joint_x
- joint_y
position:
- 0.0
- 0.0
velocity:
- 0.0
- 0.0
effort:
- .nan
- .nan
---
header:
  stamp:
    sec: 1791157843
    nanosec: 103301883
  frame_id: base_link
name:
- joint_x
- joint_y
position:
- 0.0
- 0.0
velocity:
- 0.0
- 0.0
effort:
- .nan
- .nan
---
header:
  stamp:
    sec: 1791157843
    nanosec: 123597249
  frame_id: base_link
name:
- joint_x
- joint_y
position:
- 0.0
- 0.0
velocity:
- 0.0
- 0.0
effort:
- .nan
- .nan
---
header:
  stamp:
    sec: 1791157843
    nanosec: 143297196
  frame_id: base_link
name:
- joint_x
- joint_y
position:
- 0.0
- 0.0
velocity:
- 0.0
- 0.0
effort:
- .nan
- .nan
---
header:
  stamp:
    sec: 1791157843
    nanosec: 163282985
  frame_id: base_link
name:
- joint_x
- joint_y
position:
- 0.0
- 0.0
velocity:
- 0.0
- 0.0
effort:
- .nan
- .nan
---
header:
  stamp:
    sec: 1791157843
    nanosec: 183283270
  frame_id: base_link
name:
- joint_x
- joint_y
position:
- 0.0
- 0.0
velocity:
- 0.0
- 0.0
effort:
- .nan
- .nan
---
header:
  stamp:
    sec: 1791157843
    nanosec: 204074613
  frame_id: base_link
name:
- joint_x
- joint_y
position:
- 0.0
- 0.0
velocity:
- 0.0
- 0.0
effort:
- .nan
- .nan
---
header:
  stamp:
    sec: 1791157843
    nanosec: 224575096
  frame_id: base_link
name:
- joint_x
- joint_y
position:
- 0.0
- 0.0
velocity:
- 0.0
- 0.0
effort:
- .nan
- .nan
---
header:
  stamp:
    sec: 1791157843
    nanosec: 243322676
  frame_id: base_link
name:
- joint_x
- joint_y
position:
- 0.0
- 0.0
velocity:
- 0.0
- 0.0
effort:
- .nan
- .nan
---
header:
  stamp:
    sec: 1791157843
    nanosec: 263517417
  frame_id: base_link
name:
- joint_x
- joint_y
position:
- 0.0
- 0.0
velocity:
- 0.0
- 0.0
effort:
- .nan
- .nan
---
header:
  stamp:
    sec: 1791157843
    nanosec: 283288361
  frame_id: base_link
name:
- joint_x
- joint_y
position:
- 0.0
- 0.0
velocity:
- 0.0
- 0.0
effort:
- .nan
- .nan
---
header:
  stamp:
    sec: 1791157843
    nanosec: 303307851
  frame_id: base_link
name:
- joint_x
- joint_y
position:
- 0.0
- 0.0
velocity:
- 0.0
- 0.0
effort:
- .nan
- .nan
---
header:
  stamp:
    sec: 1791157843
    nanosec: 323301108
  frame_id: base_link
name:
- joint_x
- joint_y
position:
- 0.0
- 0.0
velocity:
- 0.0
- 0.0
effort:
- .nan
- .nan
---
header:
  stamp:
    sec: 1791157843
    nanosec: 343323818
  frame_id: base_link
name:
- joint_x
- joint_y
position:
- 0.0
- 0.0
velocity:
- 0.0
- 0.0
effort:
- .nan
- .nan
---
header:
  stamp:
    sec: 1791157843
    nanosec: 363301082
  frame_id: base_link
name:
- joint_x
- joint_y
position:
- 0.0
- 0.0
velocity:
- 0.0
- 0.0
effort:
- .nan
- .nan
---
header:
  stamp:
    sec: 1791157843
    nanosec: 383302734
  frame_id: base_link
name:
- joint_x
- joint_y
position:
- 0.0
- 0.0
velocity:
- 0.0
- 0.0
effort:
- .nan
- .nan
---
header:
  stamp:
    sec: 1791157843
    nanosec: 403303016
  frame_id: base_link
name:
- joint_x
- joint_y
position:
- 0.0
- 0.0
velocity:
- 0.0
- 0.0
effort:
- .nan
- .nan
---
header:
  stamp:
    sec: 1791157843
    nanosec: 423295734
  frame_id: base_link
name:
- joint_x
- joint_y
position:
- 0.0
- 0.0
velocity:
- 0.0
- 0.0
effort:
- .nan
- .nan
---
header:
  stamp:
    sec: 1791157843
    nanosec: 443298362
  frame_id: base_link
name:
- joint_x
- joint_y
position:
- 0.0
- 0.0
velocity:
- 0.0
- 0.0
effort:
- .nan
- .nan
---
header:
  stamp:
    sec: 1791157843
    nanosec: 463303428
  frame_id: base_link
name:
- joint_x
- joint_y
position:
- 0.0
- 0.0
velocity:
- 0.0
- 0.0
effort:
- .nan
- .nan
---
header:
  stamp:
    sec: 1791157843
    nanosec: 483292305
  frame_id: base_link
name:
- joint_x
- joint_y
position:
- 0.0
- 0.0
velocity:
- 0.0
- 0.0
effort:
- .nan
- .nan
---
header:
  stamp:
    sec: 1791157843
    nanosec: 503289032
  frame_id: base_link
name:
- joint_x
- joint_y
position:
- 0.0
- 0.0
velocity:
- 0.0
- 0.0
effort:
- .nan
- .nan
---
header:
  stamp:
    sec: 1791157843
    nanosec: 523303289
  frame_id: base_link
name:
- joint_x
- joint_y
position:
- 1.249999968422344e-05
- 1.249999968422344e-05
velocity:
- 0.0006249999860301614
- 0.0006249999860301614
effort:
- .nan
- .nan
---
header:
  stamp:
    sec: 1791157843
    nanosec: 543292864
  frame_id: base_link
name:
- joint_x
- joint_y
position:
- 4.999999873689376e-05
- 4.999999873689376e-05
velocity:
- 0.0018749999580904841
- 0.0015625000232830644
effort:
- .nan
- .nan
---
header:
  stamp:
    sec: 1791157843
    nanosec: 563297106
  frame_id: base_link
name:
- joint_x
- joint_y
position:
- 0.00016250000044237822
- 0.00016250000044237822
velocity:
- 0.0031250000465661287
- 0.0034374999813735485
effort:
- .nan
- .nan
---
header:
  stamp:
    sec: 1791157843
    nanosec: 583302213
  frame_id: base_link
name:
- joint_x
- joint_y
position:
- 0.0002500000118743628
- 0.0002500000118743628
velocity:
- 0.004166666883975267
- 0.004166666883975267
effort:
- .nan
- .nan
---
header:
  stamp:
    sec: 1791157843
    nanosec: 603295371
  frame_id: base_link
name:
- joint_x
- joint_y
position:
- 0.0003562500060070306
- 0.0003562500060070306
velocity:
- 0.0053125000558793545
- 0.0053125000558793545
effort:
- .nan
- .nan
---
header:
  stamp:
    sec: 1791157843
    nanosec: 623301723
  frame_id: base_link
name:
- joint_x
- joint_y
position:
- 0.00046874998952262104
- 0.00046874998952262104
velocity:
- 0.005625000223517418
- 0.005625000223517418
effort:
- .nan
- .nan
---
header:
  stamp:
    sec: 1791157843
    nanosec: 643299559
  frame_id: base_link
name:
- joint_x
- joint_y
position:
- 0.0005937499809078872
- 0.0005937499809078872
velocity:
- 0.0062500000931322575
- 0.0062500000931322575
effort:
- .nan
- .nan
---
header:
  stamp:
    sec: 1791157843
    nanosec: 663291643
  frame_id: base_link
name:
- joint_x
- joint_y
position:
- 0.0007312499801628292
- 0.0007312499801628292
velocity:
- 0.006874999962747097
- 0.006874999962747097
effort:
- .nan
- .nan
---
header:
  stamp:
    sec: 1791157843
    nanosec: 683306800
  frame_id: base_link
name:
- joint_x
- joint_y
position:
- 0.0008875000057742
- 0.0008875000057742
velocity:
- 0.0078125
- 0.0078125
effort:
- .nan
- .nan
---
header:
  stamp:
    sec: 1791157843
    nanosec: 703298240
  frame_id: base_link
name:
- joint_x
- joint_y
position:
- 0.0010625000577419996
- 0.0010625000577419996
velocity:
- 0.008437500335276127
- 0.008437500335276127
effort:
- .nan
- .nan
---
header:
  stamp:
    sec: 1791157843
    nanosec: 723291130
  frame_id: base_link
name:
- joint_x
- joint_y
position:
- 0.0012374999932944775
- 0.0012374999932944775
velocity:
- 0.009062499739229679
- 0.009062499739229679
effort:
- .nan
- .nan
---
header:
  stamp:
    sec: 1791157843
    nanosec: 743306327
  frame_id: base_link
name:
- joint_x
- joint_y
position:
- 0.0014250000240281224
- 0.0014250000240281224
velocity:
- 0.00937500037252903
- 0.00937500037252903
effort:
- .nan
- .nan
---
header:
  stamp:
    sec: 1791157843
    nanosec: 763302000
  frame_id: base_link
name:
- joint_x
- joint_y
position:
- 0.0016250000335276127
- 0.0016250000335276127
velocity:
- 0.009999999776482582
- 0.009999999776482582
effort:
- .nan
- .nan
---
header:
  stamp:
    sec: 1791157843
    nanosec: 783320082
  frame_id: base_link
name:
- joint_x
- joint_y
position:
- 0.0018312500324100256
- 0.0018312500324100256
velocity:
- 0.010312500409781933
- 0.010312500409781933
effort:
- .nan
- .nan
---
header:
  stamp:
    sec: 1791157843
    nanosec: 803310197
  frame_id: base_link
name:
- joint_x
- joint_y
position:
- 0.0022937499452382326
- 0.0022937499452382326
velocity:
- 0.011250000447034836
- 0.011250000447034836
effort:
- .nan
- .nan
---
header:
  stamp:
    sec: 1791157843
    nanosec: 823316157
  frame_id: base_link
name:
- joint_x
- joint_y
position:
- 0.002537500113248825
- 0.002537500113248825
velocity:
- 0.012187499552965164
- 0.012187499552965164
effort:
- .nan
- .nan
---
header:
  stamp:
    sec: 1791157843
    nanosec: 843297044
  frame_id: base_link
name:
- joint_x
- joint_y
position:
- 0.0027874999213963747
- 0.0027874999213963747
velocity:
- 0.012500000186264515
- 0.012500000186264515
effort:
- .nan
- .nan
---
header:
  stamp:
    sec: 1791157843
    nanosec: 863299209
  frame_id: base_link
name:
- joint_x
- joint_y
position:
- 0.003068750025704503
- 0.003068750025704503
velocity:
- 0.013749999925494194
- 0.013749999925494194
effort:
- .nan
- .nan
---
header:
  stamp:
    sec: 1791157843
    nanosec: 883310476
  frame_id: base_link
name:
- joint_x
- joint_y
position:
- 0.0033374999184161425
- 0.0033374999184161425
velocity:
- 0.013749999925494194
- 0.013437500223517418
effort:
- .nan
- .nan
---
header:
  stamp:
    sec: 1791157843
    nanosec: 903296338
  frame_id: base_link
name:
- joint_x
- joint_y
position:
- 0.003618750022724271
- 0.0036124999169260263
velocity:
- 0.013749999925494194
- 0.01406249962747097
effort:
- .nan
- .nan
---
header:
  stamp:
    sec: 1791157843
    nanosec: 923299302
  frame_id: base_link
name:
- joint_x
- joint_y
position:
- 0.00390625
- 0.0038999998942017555
velocity:
- 0.014375000260770321
- 0.014375000260770321
effort:
- .nan
- .nan
---
header:
  stamp:
    sec: 1791157843
    nanosec: 943301706
  frame_id: base_link
name:
- joint_x
- joint_y
position:
- 0.00419999985024333
- 0.004193750210106373
velocity:
- 0.014687499962747097
- 0.014687499962747097
effort:
- .nan
- .nan
---
header:
  stamp:
    sec: 1791157843
    nanosec: 963304425
  frame_id: base_link
name:
- joint_x
- joint_y
position:
- 0.004512500017881393
- 0.004512500017881393
velocity:
- 0.015178571455180645
- 0.015178571455180645
effort:
- .nan
- .nan
---
header:
  stamp:
    sec: 1791157843
    nanosec: 983299741
  frame_id: base_link
name:
- joint_x
- joint_y
position:
- 0.004843750037252903
- 0.0048374999314546585
velocity:
- 0.01656249910593033
- 0.016249999403953552
effort:
- .nan
- .nan
---
header:
  stamp:
    sec: 1791157844
    nanosec: 3298143
  frame_id: base_link
name:
- joint_x
- joint_y
position:
- 0.005156250204890966
- 0.005156250204890966
velocity:
- 0.015625
- 0.015937499701976776
effort:
- .nan
- .nan
---
header:
  stamp:
    sec: 1791157844
    nanosec: 23302124
  frame_id: base_link
name:
- joint_x
- joint_y
position:
- 0.0054812501184642315
- 0.0054812501184642315
velocity:
- 0.016249999403953552
- 0.016249999403953552
effort:
- .nan
- .nan
---
header:
  stamp:
    sec: 1791157844
    nanosec: 43302862
  frame_id: base_link
name:
- joint_x
- joint_y
position:
- 0.006187499966472387
- 0.006187499966472387
velocity:
- 0.017812499776482582
- 0.017812499776482582
effort:
- .nan
- .nan
---
header:
  stamp:
    sec: 1791157844
    nanosec: 63296935
  frame_id: base_link
name:
- joint_x
- joint_y
position:
- 0.006537499837577343
- 0.006537499837577343
velocity:
- 0.01718750037252903
- 0.017500000074505806
effort:
- .nan
- .nan
---
header:
  stamp:
    sec: 1791157844
    nanosec: 83318160
  frame_id: base_link
name:
- joint_x
- joint_y
position:
- 0.006887500174343586
- 0.006887500174343586
velocity:
- 0.017812499776482582
- 0.017500000074505806
effort:
- .nan
- .nan
---
header:
  stamp:
    sec: 1791157844
    nanosec: 103322018
  frame_id: base_link
name:
- joint_x
- joint_y
position:
- 0.007243750151246786
- 0.007243750151246786
velocity:
- 0.017500000074505806
- 0.017812499776482582
effort:
- .nan
- .nan
---
header:
  stamp:
    sec: 1791157844
    nanosec: 123302378
  frame_id: base_link
name:
- joint_x
- joint_y
position:
- 0.0076062497682869434
- 0.0076062497682869434
velocity:
- 0.018437499180436134
- 0.018124999478459358
effort:
- .nan
- .nan
---
header:
  stamp:
    sec: 1791157844
    nanosec: 143335453
  frame_id: base_link
name:
- joint_x
- joint_y
position:
- 0.007993750274181366
- 0.007987500168383121
velocity:
- 0.01845238171517849
- 0.01815476268529892
effort:
- .nan
- .nan
---
header:
  stamp:
    sec: 1791157844
    nanosec: 163314725
  frame_id: base_link
name:
- joint_x
- joint_y
position:
- 0.008387500420212746
- 0.008387500420212746
velocity:
- 0.019375000149011612
- 0.019687499850988388
effort:
- .nan
- .nan
---
header:
  stamp:
    sec: 1791157844
    nanosec: 183308299
  frame_id: base_link
name:
- joint_x
- joint_y
position:
- 0.008762500248849392
- 0.008762500248849392
velocity:
- 0.019062500447034836
- 0.01875000074505806
effort:
- .nan
- .nan
---
header:
  stamp:
    sec: 1791157844
    nanosec: 203332859
  frame_id: base_link
name:
- joint_x
- joint_y
position:
- 0.009143750183284283
- 0.009143750183284283
velocity:
- 0.019062500447034836
- 0.019062500447034836
effort:
- .nan
- .nan
---
header:
  stamp:
    sec: 1791157844
    nanosec: 223305408
  frame_id: base_link
name:
- joint_x
- joint_y
position:
- 0.009531250223517418
- 0.009531250223517418
velocity:
- 0.019062500447034836
- 0.019375000149011612
effort:
- .nan
- .nan
---
header:
  stamp:
    sec: 1791157844
    nanosec: 243308176
  frame_id: base_link
name:
- joint_x
- joint_y
position:
- 0.009918750263750553
- 0.009918750263750553
velocity:
- 0.019375000149011612
- 0.019375000149011612
effort:
- .nan
- .nan
---
header:
  stamp:
    sec: 1791157844
    nanosec: 263317204
  frame_id: base_link
name:
- joint_x
- joint_y
position:
- 0.010331249795854092
- 0.010324999690055847
velocity:
- 0.01994047686457634
- 0.01964285783469677
effort:
- .nan
- .nan
---
header:
  stamp:
    sec: 1791157844
    nanosec: 283310036
  frame_id: base_link
name:
- joint_x
- joint_y
position:
- 0.011137500405311584
- 0.011137500405311584
velocity:
- 0.019999999552965164
- 0.019999999552965164
effort:
- .nan
- .nan
---
header:
  stamp:
    sec: 1791157844
    nanosec: 303314007
  frame_id: base_link
name:
- joint_x
- joint_y
position:
- 0.011537499725818634
- 0.011537499725818634
velocity:
- 0.019999999552965164
- 0.019999999552965164
effort:
- .nan
- .nan
---
header:
  stamp:
    sec: 1791157844
    nanosec: 323301155
  frame_id: base_link
name:
- joint_x
- joint_y
position:
- 0.011943750083446503
- 0.011937499977648258
velocity:
- 0.02031249925494194
- 0.019999999552965164
effort:
- .nan
- .nan
---
header:
  stamp:
    sec: 1791157844
    nanosec: 343293664
  frame_id: base_link
name:
- joint_x
- joint_y
position:
- 0.01236874982714653
- 0.012362499721348286
velocity:
- 0.021250000223517418
- 0.021250000223517418
effort:
- .nan
- .nan
---
header:
  stamp:
    sec: 1791157844
    nanosec: 363301294
  frame_id: base_link
name:
- joint_x
- joint_y
position:
- 0.012775000184774399
- 0.012775000184774399
velocity:
- 0.02031249925494194
- 0.020625000819563866
effort:
- .nan
- .nan
---
header:
  stamp:
    sec: 1791157844
    nanosec: 383298154
  frame_id: base_link
name:
- joint_x
- joint_y
position:
- 0.013181249611079693
- 0.013181249611079693
velocity:
- 0.02031249925494194
- 0.02031249925494194
effort:
- .nan
- .nan
---
header:
  stamp:
    sec: 1791157844
    nanosec: 403303285
  frame_id: base_link
name:
- joint_x
- joint_y
position:
- 0.013587499968707561
- 0.013593750074505806
velocity:
- 0.02031249925494194
- 0.02031249925494194
effort:
- .nan
- .nan
---
header:
  stamp:
    sec: 1791157844
    nanosec: 423297686
  frame_id: base_link
name:
- joint_x
- joint_y
position:
- 0.014000000432133675
- 0.014000000432133675
velocity:
- 0.020625000819563866
- 0.020625000819563866
effort:
- .nan
- .nan
---
header:
  stamp:
    sec: 1791157844
    nanosec: 443301913
  frame_id: base_link
name:
- joint_x
- joint_y
position:
- 0.014431250281631947
- 0.014431250281631947
velocity:
- 0.021562499925494194
- 0.021562499925494194
effort:
- .nan
- .nan
---
header:
  stamp:
    sec: 1791157844
    nanosec: 463304123
  frame_id: base_link
name:
- joint_x
- joint_y
position:
- 0.01484999991953373
- 0.014843749813735485
velocity:
- 0.020625000819563866
- 0.020625000819563866
effort:
- .nan
- .nan
---
header:
  stamp:
    sec: 1791157844
    nanosec: 483299341
  frame_id: base_link
name:
- joint_x
- joint_y
position:
- 0.015262500382959843
- 0.015256250277161598
velocity:
- 0.020625000819563866
- 0.020625000819563866
effort:
- .nan
- .nan
---
header:
  stamp:
    sec: 1791157844
    nanosec: 503304400
  frame_id: base_link
name:
- joint_x
- joint_y
position:
- 0.015668749809265137
- 0.015668749809265137
velocity:
- 0.020625000819563866
- 0.020625000819563866
effort:
- .nan
- .nan
---
header:
  stamp:
    sec: 1791157844
    nanosec: 523306636
  frame_id: base_link
name:
- joint_x
- joint_y
position:
- 0.016506249085068703
- 0.016506249085068703
velocity:
- 0.020625000819563866
- 0.02031249925494194
effort:
- .nan
- .nan
---
header:
  stamp:
    sec: 1791157844
    nanosec: 543299119
  frame_id: base_link
name:
- joint_x
- joint_y
position:
- 0.01691875047981739
- 0.01691249944269657
velocity:
- 0.020625000819563866
- 0.020625000819563866
effort:
- .nan
- .nan
---
header:
  stamp:
    sec: 1791157844
    nanosec: 563297343
  frame_id: base_link
name:
- joint_x
- joint_y
position:
- 0.01732500083744526
- 0.01732500083744526
velocity:
- 0.019999999552965164
- 0.020625000819563866
effort:
- .nan
- .nan
---
header:
  stamp:
    sec: 1791157844
    nanosec: 583298182
  frame_id: base_link
name:
- joint_x
- joint_y
position:
- 0.01773124933242798
- 0.01773124933242798
velocity:
- 0.020625000819563866
- 0.02031249925494194
effort:
- .nan
- .nan
---
header:
  stamp:
    sec: 1791157844
    nanosec: 603297094
  frame_id: base_link
name:
- joint_x
- joint_y
position:
- 0.018137499690055847
- 0.018137499690055847
velocity:
- 0.02031249925494194
- 0.02031249925494194
effort:
- .nan
- .nan
---
header:
  stamp:
    sec: 1791157844
    nanosec: 623291075
  frame_id: base_link
name:
- joint_x
- joint_y
position:
- 0.018562499433755875
- 0.018556250259280205
velocity:
- 0.021250000223517418
- 0.020937500521540642
effort:
- .nan
- .nan
---
header:
  stamp:
    sec: 1791157844
    nanosec: 643294914
  frame_id: base_link
name:
- joint_x
- joint_y
position:
- 0.018962500616908073
- 0.018956249579787254
velocity:
- 0.019999999552965164
- 0.019999999552965164
effort:
- .nan
- .nan
---
header:
  stamp:
    sec: 1791157844
    nanosec: 663311034
  frame_id: base_link
name:
- joint_x
- joint_y
position:
- 0.019356250762939453
- 0.019356250762939453
velocity:
- 0.019687499850988388
- 0.019999999552965164
effort:
- .nan
- .nan
---
header:
  stamp:
    sec: 1791157844
    nanosec: 683296425
  frame_id: base_link
name:
- joint_x
- joint_y
position:
- 0.019750000908970833
- 0.019750000908970833
velocity:
- 0.019687499850988388
- 0.019687499850988388
effort:
- .nan
- .nan
---
header:
  stamp:
    sec: 1791157844
    nanosec: 703301401
  frame_id: base_link
name:
- joint_x
- joint_y
position:
- 0.020137500017881393
- 0.020137500017881393
velocity:
- 0.019375000149011612
- 0.019375000149011612
effort:
- .nan
- .nan
---
header:
  stamp:
    sec: 1791157844
    nanosec: 723304254
  frame_id: base_link
name:
- joint_x
- joint_y
position:
- 0.020925000309944153
- 0.020918749272823334
velocity:
- 0.019062500447034836
- 0.01875000074505806
effort:
- .nan
- .nan
---
header:
  stamp:
    sec: 1791157844
    nanosec: 743293154
  frame_id: base_link
name:
- joint_x
- joint_y
position:
- 0.021306250244379044
- 0.021299999207258224
velocity:
- 0.019062500447034836
- 0.019062500447034836
effort:
- .nan
- .nan
---
header:
  stamp:
    sec: 1791157844
    nanosec: 763312298
  frame_id: base_link
name:
- joint_x
- joint_y
position:
- 0.021681249141693115
- 0.021681249141693115
velocity:
- 0.01875000074505806
- 0.019062500447034836
effort:
- .nan
- .nan
---
header:
  stamp:
    sec: 1791157844
    nanosec: 783301968
  frame_id: base_link
name:
- joint_x
- joint_y
position:
- 0.022074999287724495
- 0.022074999287724495
velocity:
- 0.019375000149011612
- 0.019375000149011612
effort:
- .nan
- .nan
---
header:
  stamp:
    sec: 1791157844
    nanosec: 803323207
  frame_id: base_link
name:
- joint_x
- joint_y
position:
- 0.022437499836087227
- 0.022437499836087227
velocity:
- 0.018437499180436134
- 0.018437499180436134
effort:
- .nan
- .nan
---
header:
  stamp:
    sec: 1791157844
    nanosec: 823298911
  frame_id: base_link
name:
- joint_x
- joint_y
position:
- 0.02280000038444996
- 0.02280000038444996
velocity:
- 0.018124999478459358
- 0.017812499776482582
effort:
- .nan
- .nan
---
header:
  stamp:
    sec: 1791157844
    nanosec: 843300290
  frame_id: base_link
name:
- joint_x
- joint_y
position:
- 0.02315624989569187
- 0.02315624989569187
velocity:
- 0.017812499776482582
- 0.018124999478459358
effort:
- .nan
- .nan
---
header:
  stamp:
    sec: 1791157844
    nanosec: 863305849
  frame_id: base_link
name:
- joint_x
- joint_y
position:
- 0.023506250232458115
- 0.023506250232458115
velocity:
- 0.01718750037252903
- 0.01718750037252903
effort:
- .nan
- .nan
---
header:
  stamp:
    sec: 1791157844
    nanosec: 883300771
  frame_id: base_link
name:
- joint_x
- joint_y
position:
- 0.023868750780820847
- 0.023868750780820847
velocity:
- 0.01755952462553978
- 0.01755952462553978
effort:
- .nan
- .nan
---
header:
  stamp:
    sec: 1791157844
    nanosec: 903302062
  frame_id: base_link
name:
- joint_x
- joint_y
position:
- 0.02422500029206276
- 0.02422500029206276
velocity:
- 0.017812499776482582
- 0.017812499776482582
effort:
- .nan
- .nan
---
header:
  stamp:
    sec: 1791157844
    nanosec: 923297533
  frame_id: base_link
name:
- joint_x
- joint_y
position:
- 0.024556249380111694
- 0.024556249380111694
velocity:
- 0.01656249910593033
- 0.01656249910593033
effort:
- .nan
- .nan
---
header:
  stamp:
    sec: 1791157844
    nanosec: 943295437
  frame_id: base_link
name:
- joint_x
- joint_y
position:
- 0.02488124929368496
- 0.02488124929368496
velocity:
- 0.016249999403953552
- 0.016249999403953552
effort:
- .nan
- .nan
---
header:
  stamp:
    sec: 1791157844
    nanosec: 963303630
  frame_id: base_link
name:
- joint_x
- joint_y
position:
- 0.025212500244379044
- 0.025212500244379044
velocity:
- 0.01577381044626236
- 0.01577381044626236
effort:
- .nan
- .nan
---
header:
  stamp:
    sec: 1791157844
    nanosec: 983304479
  frame_id: base_link
name:
- joint_x
- joint_y
position:
- 0.025837499648332596
- 0.025837499648332596
velocity:
- 0.014999999664723873
- 0.014999999664723873
effort:
- .nan
- .nan
---
header:
  stamp:
    sec: 1791157845
    nanosec: 3305920
  frame_id: base_link
name:
- joint_x
- joint_y
position:
- 0.026131249964237213
- 0.026131249964237213
velocity:
- 0.014687499962747097
- 0.014999999664723873
effort:
- .nan
- .nan
---
header:
  stamp:
    sec: 1791157845
    nanosec: 23296263
  frame_id: base_link
name:
- joint_x
- joint_y
position:
- 0.02641874924302101
- 0.02641874924302101
velocity:
- 0.014375000260770321
- 0.01406249962747097
effort:
- .nan
- .nan
---
header:
  stamp:
    sec: 1791157845
    nanosec: 43311373
  frame_id: base_link
name:
- joint_x
- joint_y
position:
- 0.02669375017285347
- 0.02669375017285347
velocity:
- 0.01406249962747097
- 0.01406249962747097
effort:
- .nan
- .nan
---
header:
  stamp:
    sec: 1791157845
    nanosec: 63315611
  frame_id: base_link
name:
- joint_x
- joint_y
position:
- 0.026975000277161598
- 0.026975000277161598
velocity:
- 0.013392857275903225
- 0.013392857275903225
effort:
- .nan
- .nan
---
header:
  stamp:
    sec: 1791157845
    nanosec: 83302084
  frame_id: base_link
name:
- joint_x
- joint_y
position:
- 0.027249999344348907
- 0.027249999344348907
velocity:
- 0.013749999925494194
- 0.013749999925494194
effort:
- .nan
- .nan
---
header:
  stamp:
    sec: 1791157845
    nanosec: 103306926
  frame_id: base_link
name:
- joint_x
- joint_y
position:
- 0.027499999850988388
- 0.027499999850988388
velocity:
- 0.012500000186264515
- 0.012187499552965164
effort:
- .nan
- .nan
---
header:
  stamp:
    sec: 1791157845
    nanosec: 123301792
  frame_id: base_link
name:
- joint_x
- joint_y
position:
- 0.02773750014603138
- 0.02773750014603138
velocity:
- 0.011874999850988388
- 0.012187499552965164
effort:
- .nan
- .nan
---
header:
  stamp:
    sec: 1791157845
    nanosec: 143312665
  frame_id: base_link
name:
- joint_x
- joint_y
position:
- 0.027968749403953552
- 0.027968749403953552
velocity:
- 0.011562500149011612
- 0.011562500149011612
effort:
- .nan
- .nan
---
header:
  stamp:
    sec: 1791157845
    nanosec: 163303759
  frame_id: base_link
name:
- joint_x
- joint_y
position:
- 0.028187500312924385
- 0.028187500312924385
velocity:
- 0.010937499813735485
- 0.010937499813735485
effort:
- .nan
- .nan
---
header:
  stamp:
    sec: 1791157845
    nanosec: 183303402
  frame_id: base_link
name:
- joint_x
- joint_y
position:
- 0.028412500396370888
- 0.028412500396370888
velocity:
- 0.010937499813735485
- 0.011250000447034836
effort:
- .nan
- .nan
---
header:
  stamp:
    sec: 1791157845
    nanosec: 203323578
  frame_id: base_link
name:
- joint_x
- joint_y
position:
- 0.02879375033080578
- 0.02879375033080578
velocity:
- 0.00937500037252903
- 0.00937500037252903
effort:
- .nan
- .nan
---
header:
  stamp:
    sec: 1791157845
    nanosec: 223301901
  frame_id: base_link
name:
- joint_x
- joint_y
position:
- 0.028968749567866325
- 0.028975000604987144
velocity:
- 0.008750000037252903
- 0.008750000037252903
effort:
- .nan
- .nan
---
header:
  stamp:
    sec: 1791157845
    nanosec: 243293770
  frame_id: base_link
name:
- joint_x
- joint_y
position:
- 0.02914375066757202
- 0.02914375066757202
velocity:
- 0.008750000037252903
- 0.008750000037252903
effort:
- .nan
- .nan
---
header:
  stamp:
    sec: 1791157845
    nanosec: 263308395
  frame_id: base_link
name:
- joint_x
- joint_y
position:
- 0.02930000051856041
- 0.02930000051856041
velocity:
- 0.0078125
- 0.0078125
effort:
- .nan
- .nan
---
header:
  stamp:
    sec: 1791157845
    nanosec: 283297525
  frame_id: base_link
name:
- joint_x
- joint_y
position:
- 0.02944375015795231
- 0.02944375015795231
velocity:
- 0.006874999962747097
- 0.006874999962747097
effort:
- .nan
- .nan
---
header:
  stamp:
    sec: 1791157845
    nanosec: 303310634
  frame_id: base_link
name:
- joint_x
- joint_y
position:
- 0.02956875041127205
- 0.02956875041127205
velocity:
- 0.006562499795109034
- 0.006562499795109034
effort:
- .nan
- .nan
---
header:
  stamp:
    sec: 1791157845
    nanosec: 323299741
  frame_id: base_link
name:
- joint_x
- joint_y
position:
- 0.02968749962747097
- 0.02968749962747097
velocity:
- 0.005937499925494194
- 0.005937499925494194
effort:
- .nan
- .nan
---
header:
  stamp:
    sec: 1791157845
    nanosec: 343305404
  frame_id: base_link
name:
- joint_x
- joint_y
position:
- 0.02979999966919422
- 0.02979375049471855
velocity:
- 0.0053571430034935474
- 0.005059523973613977
effort:
- .nan
- .nan
---
header:
  stamp:
    sec: 1791157845
    nanosec: 363311226
  frame_id: base_link
name:
- joint_x
- joint_y
position:
- 0.029893750324845314
- 0.029893750324845314
velocity:
- 0.004687500186264515
- 0.004999999888241291
effort:
- .nan
- .nan
---
header:
  stamp:
    sec: 1791157845
    nanosec: 383298674
  frame_id: base_link
name:
- joint_x
- joint_y
position:
- 0.0299687497317791
- 0.0299687497317791
velocity:
- 0.0037499999161809683
- 0.0037499999161809683
effort:
- .nan
- .nan
---
header:
  stamp:
    sec: 1791157845
    nanosec: 403296228
  frame_id: base_link
name:
- joint_x
- joint_y
position:
- 0.030031250789761543
- 0.030031250789761543
velocity:
- 0.0031250000465661287
- 0.0031250000465661287
effort:
- .nan
- .nan
---
header:
  stamp:
    sec: 1791157845
    nanosec: 423298952
  frame_id: base_link
name:
- joint_x
- joint_y
position:
- 0.03008124977350235
- 0.03008124977350235
velocity:
- 0.0024999999441206455
- 0.0024999999441206455
effort:
- .nan
- .nan
---
header:
  stamp:
    sec: 1791157845
    nanosec: 443309547
  frame_id: base_link
name:
- joint_x
- joint_y
position:
- 0.030137499794363976
- 0.030137499794363976
velocity:
- 0.0009374999790452421
- 0.0009374999790452421
effort:
- .nan
- .nan
---
header:
  stamp:
    sec: 1791157845
    nanosec: 463298085
  frame_id: base_link
name:
- joint_x
- joint_y
position:
- 0.030143750831484795
- 0.030143750831484795
velocity:
- 0.0003124999930150807
- 0.0003124999930150807
effort:
- .nan
- .nan
---
header:
  stamp:
    sec: 1791157845
    nanosec: 483310907
  frame_id: base_link
name:
- joint_x
- joint_y
position:
- 0.030131250619888306
- 0.030131250619888306
velocity:
- -0.0006249999860301614
- -0.0006249999860301614
effort:
- .nan
- .nan
---
header:
  stamp:
    sec: 1791157845
    nanosec: 503299203
  frame_id: base_link
name:
- joint_x
- joint_y
position:
- 0.030106250196695328
- 0.030106250196695328
velocity:
- -0.0012499999720603228
- -0.0012499999720603228
effort:
- .nan
- .nan
---
header:
  stamp:
    sec: 1791157845
    nanosec: 523293914
  frame_id: base_link
name:
- joint_x
- joint_y
position:
- 0.03006874956190586
- 0.03006874956190586
velocity:
- -0.0018749999580904841
- -0.0018749999580904841
effort:
- .nan
- .nan
---
header:
  stamp:
    sec: 1791157845
    nanosec: 543382627
  frame_id: base_link
name:
- joint_x
- joint_y
position:
- 0.030012499541044235
- 0.030012499541044235
velocity:
- -0.002812500111758709
- -0.002812500111758709
effort:
- .nan
- .nan
---
header:
  stamp:
    sec: 1791157845
    nanosec: 563289570
  frame_id: base_link
name:
- joint_x
- joint_y
position:
- 0.02994374930858612
- 0.02994374930858612
velocity:
- -0.0034374999813735485
- -0.0034374999813735485
effort:
- .nan
- .nan
---
header:
  stamp:
    sec: 1791157845
    nanosec: 583297999
  frame_id: base_link
name:
- joint_x
- joint_y
position:
- 0.029862500727176666
- 0.029862500727176666
velocity:
- -0.004062499850988388
- -0.004062499850988388
effort:
- .nan
- .nan
---
header:
  stamp:
    sec: 1791157845
    nanosec: 603296310
  frame_id: base_link
name:
- joint_x
- joint_y
position:
- 0.029762500897049904
- 0.029768750071525574
velocity:
- -0.004687500186264515
- -0.004687500186264515
effort:
- .nan
- .nan
---
header:
  stamp:
    sec: 1791157845
    nanosec: 623293370
  frame_id: base_link
name:
- joint_x
- joint_y
position:
- 0.029650000855326653
- 0.029650000855326653
velocity:
- -0.0056547620333731174
- -0.0056547620333731174
effort:
- .nan
- .nan
---
header:
  stamp:
    sec: 1791157845
    nanosec: 643295595
  frame_id: base_link
name:
- joint_x
- joint_y
position:
- 0.029518749564886093
- 0.029518749564886093
velocity:
- -0.006562499795109034
- -0.006562499795109034
effort:
- .nan
- .nan
---
header:
  stamp:
    sec: 1791157845
    nanosec: 663304573
  frame_id: base_link
name:
- joint_x
- joint_y
position:
- 0.029237499460577965
- 0.029237499460577965
velocity:
- -0.0071875001303851604
- -0.007499999832361937
effort:
- .nan
- .nan
---
header:
  stamp:
    sec: 1791157845
    nanosec: 683293235
  frame_id: base_link
name:
- joint_x
- joint_y
position:
- 0.029075000435113907
- 0.029075000435113907
velocity:
- -0.008124999701976776
- -0.008124999701976776
effort:
- .nan
- .nan
---
header:
  stamp:
    sec: 1791157845
    nanosec: 703302320
  frame_id: base_link
name:
- joint_x
- joint_y
position:
- 0.02889375016093254
- 0.02889375016093254
velocity:
- -0.009062499739229679
- -0.008750000037252903
effort:
- .nan
- .nan
---
header:
  stamp:
    sec: 1791157845
    nanosec: 723268686
  frame_id: base_link
name:
- joint_x
- joint_y
position:
- 0.028712499886751175
- 0.028712499886751175
velocity:
- -0.009062499739229679
- -0.00937500037252903
effort:
- .nan
- .nan
---
header:
  stamp:
    sec: 1791157845
    nanosec: 743311287
  frame_id: base_link
name:
- joint_x
- joint_y
position:
- 0.02851250022649765
- 0.02851874940097332
velocity:
- -0.009687500074505806
- -0.009687500074505806
effort:
- .nan
- .nan
---
header:
  stamp:
    sec: 1791157845
    nanosec: 763308885
  frame_id: base_link
name:
- joint_x
- joint_y
position:
- 0.028306249529123306
- 0.028306249529123306
velocity:
- -0.010312500409781933
- -0.010312500409781933
effort:
- .nan
- .nan
---
header:
  stamp:
    sec: 1791157845
    nanosec: 783309597
  frame_id: base_link
name:
- joint_x
- joint_y
position:
- 0.028093749657273293
- 0.028093749657273293
velocity:
- -0.010937499813735485
- -0.010937499813735485
effort:
- .nan
- .nan
---
header:
  stamp:
    sec: 1791157845
    nanosec: 803301572
  frame_id: base_link
name:
- joint_x
- joint_y
position:
- 0.02785000018775463
- 0.0278562493622303
velocity:
- -0.011607143096625805
- -0.011309524066746235
effort:
- .nan
- .nan
---
header:
  stamp:
    sec: 1791157845
    nanosec: 823308354
  frame_id: base_link
name:
- joint_x
- joint_y
position:
- 0.02760625071823597
- 0.02760625071823597
velocity:
- -0.012187499552965164
- -0.012500000186264515
effort:
- .nan
- .nan
---
header:
  stamp:
    sec: 1791157845
    nanosec: 843301532
  frame_id: base_link
name:
- joint_x
- joint_y
position:
- 0.02735625021159649
- 0.02735625021159649
velocity:
- -0.012500000186264515
- -0.012500000186264515
effort:
- .nan
- .nan
---
header:
  stamp:
    sec: 1791157845
    nanosec: 863302354
  frame_id: base_link
name:
- joint_x
- joint_y
position:
- 0.02710624970495701
- 0.02710624970495701
velocity:
- -0.012500000186264515
- -0.012500000186264515
effort:
- .nan
- .nan
---
header:
  stamp:
    sec: 1791157845
    nanosec: 883334880
  frame_id: base_link
name:
- joint_x
- joint_y
position:
- 0.02683749981224537
- 0.02683749981224537
velocity:
- -0.013124999590218067
- -0.013124999590218067
effort:
- .nan
- .nan
---
header:
  stamp:
    sec: 1791157845
    nanosec: 903308492
  frame_id: base_link
name:
- joint_x
- joint_y
position:
- 0.026274999603629112
- 0.026274999603629112
velocity:
- -0.01406249962747097
- -0.01406249962747097
effort:
- .nan
- .nan
---
header:
  stamp:
    sec: 1791157845
    nanosec: 923306984
  frame_id: base_link
name:
- joint_x
- joint_y
position:
- 0.025981249287724495
- 0.025981249287724495
velocity:
- -0.014687499962747097
- -0.014687499962747097
effort:
- .nan
- .nan
---
header:
  stamp:
    sec: 1791157845
    nanosec: 943299646
  frame_id: base_link
name:
- joint_x
- joint_y
position:
- 0.025681249797344208
- 0.025681249797344208
velocity:
- -0.014999999664723873
- -0.014999999664723873
effort:
- .nan
- .nan
---
header:
  stamp:
    sec: 1791157845
    nanosec: 963300174
  frame_id: base_link
name:
- joint_x
- joint_y
position:
- 0.0253749992698431
- 0.0253749992698431
velocity:
- -0.015312500298023224
- -0.015312500298023224
effort:
- .nan
- .nan
---
header:
  stamp:
    sec: 1791157845
    nanosec: 983300590
  frame_id: base_link
name:
- joint_x
- joint_y
position:
- 0.025043750181794167
- 0.025043750181794167
velocity:
- -0.01577381044626236
- -0.01577381044626236
effort:
- .nan
- .nan
---
header:
  stamp:
    sec: 1791157846
    nanosec: 3298005
  frame_id: base_link
name:
- joint_x
- joint_y
position:
- 0.024706250056624413
- 0.024706250056624413
velocity:
- -0.016875000670552254
- -0.016875000670552254
effort:
- .nan
- .nan
---
header:
  stamp:
    sec: 1791157846
    nanosec: 23302406
  frame_id: base_link
name:
- joint_x
- joint_y
position:
- 0.02437499910593033
- 0.024381250143051147
velocity:
- -0.01656249910593033
- -0.016249999403953552
effort:
- .nan
- .nan
---
header:
  stamp:
    sec: 1791157846
    nanosec: 43295332
  frame_id: base_link
name:
- joint_x
- joint_y
position:
- 0.024043750017881393
- 0.024043750017881393
velocity:
- -0.01656249910593033
- -0.016875000670552254
effort:
- .nan
- .nan
---
header:
  stamp:
    sec: 1791157846
    nanosec: 63297537
  frame_id: base_link
name:
- joint_x
- joint_y
position:
- 0.02370000071823597
- 0.02370000071823597
velocity:
- -0.01718750037252903
- -0.01718750037252903
effort:
- .nan
- .nan
---
header:
  stamp:
    sec: 1791157846
    nanosec: 83297948
  frame_id: base_link
name:
- joint_x
- joint_y
position:
- 0.023350000381469727
- 0.023356249555945396
velocity:
- -0.017500000074505806
- -0.01718750037252903
effort:
- .nan
- .nan
---
header:
  stamp:
    sec: 1791157846
    nanosec: 103303222
  frame_id: base_link
name:
- joint_x
- joint_y
position:
- 0.022974999621510506
- 0.022974999621510506
velocity:
- -0.018437499180436134
- -0.019062500447034836
effort:
- .nan
- .nan
---
header:
  stamp:
    sec: 1791157846
    nanosec: 123311091
  frame_id: base_link
name:
- joint_x
- joint_y
position:
- 0.02226250059902668
- 0.02226250059902668
velocity:
- -0.017812499776482582
- -0.018124999478459358
effort:
- .nan
- .nan
---
header:
  stamp:
    sec: 1791157846
    nanosec: 143294391
  frame_id: base_link
name:
- joint_x
- joint_y
position:
- 0.02188749983906746
- 0.021893750876188278
velocity:
- -0.018437499180436134
- -0.018437499180436134
effort:
- .nan
- .nan
---
header:
  stamp:
    sec: 1791157846
    nanosec: 163294128
  frame_id: base_link
name:
- joint_x
- joint_y
position:
- 0.0215000007301569
- 0.0215000007301569
velocity:
- -0.01875000074505806
- -0.01875000074505806
effort:
- .nan
- .nan
---
header:
  stamp:
    sec: 1791157846
    nanosec: 183310662
  frame_id: base_link
name:
- joint_x
- joint_y
position:
- 0.0210999995470047
- 0.0210999995470047
velocity:
- -0.019999999552965164
- -0.019687499850988388
effort:
- .nan
- .nan
---
header:
  stamp:
    sec: 1791157846
    nanosec: 203302170
  frame_id: base_link
name:
- joint_x
- joint_y
position:
- 0.02071250043809414
- 0.02071874961256981
velocity:
- -0.019062500447034836
- -0.019375000149011612
effort:
- .nan
- .nan
---
header:
  stamp:
    sec: 1791157846
    nanosec: 223300203
  frame_id: base_link
name:
- joint_x
- joint_y
position:
- 0.02032499946653843
- 0.02033125050365925
velocity:
- -0.019375000149011612
- -0.019375000149011612
effort:
- .nan
- .nan
---
header:
  stamp:
    sec: 1791157846
    nanosec: 243321153
  frame_id: base_link
name:
- joint_x
- joint_y
position:
- 0.01993750035762787
- 0.01993750035762787
velocity:
- -0.019375000149011612
- -0.019375000149011612
effort:
- .nan
- .nan
---
header:
  stamp:
    sec: 1791157846
    nanosec: 263297506
  frame_id: base_link
name:
- joint_x
- joint_y
position:
- 0.01954375021159649
- 0.01954375021159649
velocity:
- -0.019687499850988388
- -0.019687499850988388
effort:
- .nan
- .nan
---
header:
  stamp:
    sec: 1791157846
    nanosec: 283299405
  frame_id: base_link
name:
- joint_x
- joint_y
position:
- 0.01913125067949295
- 0.01913125067949295
velocity:
- -0.01994047686457634
- -0.01994047686457634
effort:
- .nan
- .nan
---
header:
  stamp:
    sec: 1791157846
    nanosec: 303309553
  frame_id: base_link
name:
- joint_x
- joint_y
position:
- 0.018712500110268593
- 0.018706249073147774
velocity:
- -0.020937500521540642
- -0.020937500521540642
effort:
- .nan
- .nan
---
header:
  stamp:
    sec: 1791157846
    nanosec: 323295538
  frame_id: base_link
name:
- joint_x
- joint_y
position:
- 0.018312500789761543
- 0.018306249752640724
velocity:
- -0.019999999552965164
- -0.019999999552965164
effort:
- .nan
- .nan
---
header:
  stamp:
    sec: 1791157846
    nanosec: 343302492
  frame_id: base_link
name:
- joint_x
- joint_y
position:
- 0.017906250432133675
- 0.017906250432133675
velocity:
- -0.02031249925494194
- -0.019999999552965164
effort:
- .nan
- .nan
---
header:
  stamp:
    sec: 1791157846
    nanosec: 363310247
  frame_id: base_link
name:
- joint_x
- joint_y
position:
- 0.01707500033080578
- 0.01708124950528145
velocity:
- -0.021250000223517418
- -0.021250000223517418
effort:
- .nan
- .nan
---
header:
  stamp:
    sec: 1791157846
    nanosec: 383297517
  frame_id: base_link
name:
- joint_x
- joint_y
position:
- 0.01666250079870224
- 0.01666874997317791
velocity:
- -0.02031249925494194
- -0.020625000819563866
effort:
- .nan
- .nan
---
header:
  stamp:
    sec: 1791157846
    nanosec: 403301182
  frame_id: base_link
name:
- joint_x
- joint_y
position:
- 0.01625625044107437
- 0.01625625044107437
velocity:
- -0.020625000819563866
- -0.02031249925494194
effort:
- .nan
- .nan
---
header:
  stamp:
    sec: 1791157846
    nanosec: 423297995
  frame_id: base_link
name:
- joint_x
- joint_y
position:
- 0.015843750908970833
- 0.015843750908970833
velocity:
- -0.020625000819563866
- -0.020937500521540642
effort:
- .nan
- .nan
---
header:
  stamp:
    sec: 1791157846
    nanosec: 443303255
  frame_id: base_link
name:
- joint_x
- joint_y
position:
- 0.01543125044554472
- 0.01543749962002039
velocity:
- -0.020625000819563866
- -0.02031249925494194
effort:
- .nan
- .nan
---
header:
  stamp:
    sec: 1791157846
    nanosec: 463297040
  frame_id: base_link
name:
- joint_x
- joint_y
position:
- 0.014999999664723873
- 0.014999999664723873
velocity:
- -0.02053571492433548
- -0.02083333395421505
effort:
- .nan
- .nan
---
header:
  stamp:
    sec: 1791157846
    nanosec: 483296724
  frame_id: base_link
name:
- joint_x
- joint_y
position:
- 0.014562499709427357
- 0.014562499709427357
velocity:
- -0.021562499925494194
- -0.021562499925494194
effort:
- .nan
- .nan
---
header:
  stamp:
    sec: 1791157846
    nanosec: 503305753
  frame_id: base_link
name:
- joint_x
- joint_y
position:
- 0.014150000177323818
- 0.014150000177323818
velocity:
- -0.020625000819563866
- -0.020625000819563866
effort:
- .nan
- .nan
---
header:
  stamp:
    sec: 1791157846
    nanosec: 523300583
  frame_id: base_link
name:
- joint_x
- joint_y
position:
- 0.013737499713897705
- 0.01374374981969595
velocity:
- -0.020625000819563866
- -0.020625000819563866
effort:
- .nan
- .nan
---
header:
  stamp:
    sec: 1791157846
    nanosec: 543300176
  frame_id: base_link
name:
- joint_x
- joint_y
position:
- 0.013331250287592411
- 0.013331250287592411
velocity:
- -0.02031249925494194
- -0.02031249925494194
effort:
- .nan
- .nan
---
header:
  stamp:
    sec: 1791157846
    nanosec: 563318925
  frame_id: base_link
name:
- joint_x
- joint_y
position:
- 0.012924999929964542
- 0.012924999929964542
velocity:
- -0.020625000819563866
- -0.020625000819563866
effort:
- .nan
- .nan
---
header:
  stamp:
    sec: 1791157846
    nanosec: 583307428
  frame_id: base_link
name:
- joint_x
- joint_y
position:
- 0.01249375008046627
- 0.012500000186264515
velocity:
- -0.02053571492433548
- -0.02023809589445591
effort:
- .nan
- .nan
---
header:
  stamp:
    sec: 1791157846
    nanosec: 603305374
  frame_id: base_link
name:
- joint_x
- joint_y
position:
- 0.011675000190734863
- 0.011675000190734863
velocity:
- -0.019999999552965164
- -0.019999999552965164
effort:
- .nan
- .nan
---
header:
  stamp:
    sec: 1791157846
    nanosec: 623297080
  frame_id: base_link
name:
- joint_x
- joint_y
position:
- 0.011268749833106995
- 0.011274999938905239
velocity:
- -0.02031249925494194
- -0.019999999552965164
effort:
- .nan
- .nan
---
header:
  stamp:
    sec: 1791157846
    nanosec: 643294877
  frame_id: base_link
name:
- joint_x
- joint_y
position:
- 0.010874999687075615
- 0.010874999687075615
velocity:
- -0.019687499850988388
- -0.019999999552965164
effort:
- .nan
- .nan
---
header:
  stamp:
    sec: 1791157846
    nanosec: 663371579
  frame_id: base_link
name:
- joint_x
- joint_y
position:
- 0.010456250049173832
- 0.010456250049173832
velocity:
- -0.020937500521540642
- -0.020937500521540642
effort:
- .nan
- .nan
---
header:
  stamp:
    sec: 1791157846
    nanosec: 683300493
  frame_id: base_link
name:
- joint_x
- joint_y
position:
- 0.010056249797344208
- 0.010062499903142452
velocity:
- -0.019687499850988388
- -0.019687499850988388
effort:
- .nan
- .nan
---
header:
  stamp:
    sec: 1791157846
    nanosec: 703300927
  frame_id: base_link
name:
- joint_x
- joint_y
position:
- 0.009668749757111073
- 0.009668749757111073
velocity:
- -0.019375000149011612
- -0.019375000149011612
effort:
- .nan
- .nan
---
header:
  stamp:
    sec: 1791157846
    nanosec: 723294230
  frame_id: base_link
name:
- joint_x
- joint_y
position:
- 0.009287499822676182
- 0.009287499822676182
velocity:
- -0.019375000149011612
- -0.019062500447034836
effort:
- .nan
- .nan
---
header:
  stamp:
    sec: 1791157846
    nanosec: 743299974
  frame_id: base_link
name:
- joint_x
- joint_y
position:
- 0.008906249888241291
- 0.008906249888241291
velocity:
- -0.019062500447034836
- -0.019062500447034836
effort:
- .nan
- .nan
---
header:
  stamp:
    sec: 1791157846
    nanosec: 763315592
  frame_id: base_link
name:
- joint_x
- joint_y
position:
- 0.008506249636411667
- 0.008506249636411667
velocity:
- -0.01904761977493763
- -0.0193452388048172
effort:
- .nan
- .nan
---
header:
  stamp:
    sec: 1791157846
    nanosec: 783301810
  frame_id: base_link
name:
- joint_x
- joint_y
position:
- 0.008106250315904617
- 0.008106250315904617
velocity:
- -0.019687499850988388
- -0.019687499850988388
effort:
- .nan
- .nan
---
header:
  stamp:
    sec: 1791157846
    nanosec: 803300430
  frame_id: base_link
name:
- joint_x
- joint_y
position:
- 0.007737500127404928
- 0.007737500127404928
velocity:
- -0.018437499180436134
- -0.018437499180436134
effort:
- .nan
- .nan
---
header:
  stamp:
    sec: 1791157846
    nanosec: 823311392
  frame_id: base_link
name:
- joint_x
- joint_y
position:
- 0.007375000044703484
- 0.007375000044703484
velocity:
- -0.018437499180436134
- -0.018124999478459358
effort:
- .nan
- .nan
---
header:
  stamp:
    sec: 1791157846
    nanosec: 843310590
  frame_id: base_link
name:
- joint_x
- joint_y
position:
- 0.006649999879300594
- 0.006649999879300594
velocity:
- -0.018437499180436134
- -0.018437499180436134
effort:
- .nan
- .nan
---
header:
  stamp:
    sec: 1791157846
    nanosec: 863303561
  frame_id: base_link
name:
- joint_x
- joint_y
position:
- 0.006306250113993883
- 0.006306250113993883
velocity:
- -0.017500000074505806
- -0.017500000074505806
effort:
- .nan
- .nan
---
header:
  stamp:
    sec: 1791157846
    nanosec: 883299329
  frame_id: base_link
name:
- joint_x
- joint_y
position:
- 0.005962499883025885
- 0.005962499883025885
velocity:
- -0.01718750037252903
- -0.01718750037252903
effort:
- .nan
- .nan
---
header:
  stamp:
    sec: 1791157846
    nanosec: 903298065
  frame_id: base_link
name:
- joint_x
- joint_y
position:
- 0.005631249863654375
- 0.005631249863654375
velocity:
- -0.01656249910593033
- -0.01656249910593033
effort:
- .nan
- .nan
---
header:
  stamp:
    sec: 1791157846
    nanosec: 923365740
  frame_id: base_link
name:
- joint_x
- joint_y
position:
- 0.0052999998442828655
- 0.0052999998442828655
velocity:
- -0.016249999403953552
- -0.01656249910593033
effort:
- .nan
- .nan
---
header:
  stamp:
    sec: 1791157846
    nanosec: 943297583
  frame_id: base_link
name:
- joint_x
- joint_y
position:
- 0.004962500184774399
- 0.004968749824911356
velocity:
- -0.0163690485060215
- -0.01577381044626236
effort:
- .nan
- .nan
---
header:
  stamp:
    sec: 1791157846
    nanosec: 963300343
  frame_id: base_link
name:
- joint_x
- joint_y
position:
- 0.004631250165402889
- 0.004631250165402889
velocity:
- -0.016249999403953552
- -0.01656249910593033
effort:
- .nan
- .nan
---
header:
  stamp:
    sec: 1791157846
    nanosec: 983320878
  frame_id: base_link
name:
- joint_x
- joint_y
position:
- 0.00432500010356307
- 0.004331250209361315
velocity:
- -0.015312500298023224
- -0.015312500298023224
effort:
- .nan
- .nan
---
header:
  stamp:
    sec: 1791157847
    nanosec: 3299163
  frame_id: base_link
name:
- joint_x
- joint_y
position:
- 0.004031249787658453
- 0.004031249787658453
velocity:
- -0.014999999664723873
- -0.014999999664723873
effort:
- .nan
- .nan
---
header:
  stamp:
    sec: 1791157847
    nanosec: 23299219
  frame_id: base_link
name:
- joint_x
- joint_y
position:
- 0.003737499937415123
- 0.0037437500432133675
velocity:
- -0.014375000260770321
- -0.014375000260770321
effort:
- .nan
- .nan
---
header:
  stamp:
    sec: 1791157847
    nanosec: 43295483
  frame_id: base_link
name:
- joint_x
- joint_y
position:
- 0.0034562500659376383
- 0.003462499938905239
velocity:
- -0.01406249962747097
- -0.01406249962747097
effort:
- .nan
- .nan
---
header:
  stamp:
    sec: 1791157847
    nanosec: 63298243
  frame_id: base_link
name:
- joint_x
- joint_y
position:
- 0.003168750088661909
- 0.00317499996162951
velocity:
- -0.013988095335662365
- -0.013690476305782795
effort:
- .nan
- .nan
---
header:
  stamp:
    sec: 1791157847
    nanosec: 83319667
  frame_id: base_link
name:
- joint_x
- joint_y
position:
- 0.002643750049173832
- 0.002643750049173832
velocity:
- -0.012500000186264515
- -0.012500000186264515
effort:
- .nan
- .nan
---
header:
  stamp:
    sec: 1791157847
    nanosec: 103296923
  frame_id: base_link
name:
- joint_x
- joint_y
position:
- 0.0023937500081956387
- 0.0023937500081956387
velocity:
- -0.012500000186264515
- -0.012500000186264515
effort:
- .nan
- .nan
---
header:
  stamp:
    sec: 1791157847
    nanosec: 123296108
  frame_id: base_link
name:
- joint_x
- joint_y
position:
- 0.002162500051781535
- 0.002162500051781535
velocity:
- -0.011562500149011612
- -0.011562500149011612
effort:
- .nan
- .nan
---
header:
  stamp:
    sec: 1791157847
    nanosec: 143295455
  frame_id: base_link
name:
- joint_x
- joint_y
position:
- 0.0019249999895691872
- 0.0019249999895691872
velocity:
- -0.011874999850988388
- -0.011874999850988388
effort:
- .nan
- .nan
---
header:
  stamp:
    sec: 1791157847
    nanosec: 163297826
  frame_id: base_link
name:
- joint_x
- joint_y
position:
- 0.001706250011920929
- 0.001706250011920929
velocity:
- -0.010625000111758709
- -0.010937499813735485
effort:
- .nan
- .nan
---
header:
  stamp:
    sec: 1791157847
    nanosec: 183301335
  frame_id: base_link
name:
- joint_x
- joint_y
position:
- 0.001500000013038516
- 0.001500000013038516
velocity:
- -0.010312500409781933
- -0.009999999776482582
effort:
- .nan
- .nan
---
header:
  stamp:
    sec: 1791157847
    nanosec: 203296280
  frame_id: base_link
name:
- joint_x
- joint_y
position:
- 0.0013062499929219484
- 0.0013062499929219484
velocity:
- -0.009687500074505806
- -0.009999999776482582
effort:
- .nan
- .nan
---
header:
  stamp:
    sec: 1791157847
    nanosec: 223291159
  frame_id: base_link
name:
- joint_x
- joint_y
position:
- 0.0011249999515712261
- 0.0011249999515712261
velocity:
- -0.00937500037252903
- -0.009062499739229679
effort:
- .nan
- .nan
---
header:
  stamp:
    sec: 1791157847
    nanosec: 243308657
  frame_id: base_link
name:
- joint_x
- joint_y
position:
- 0.0009437500266358256
- 0.0009437500266358256
velocity:
- -0.008630952797830105
- -0.008630952797830105
effort:
- .nan
- .nan
---
header:
  stamp:
    sec: 1791157847
    nanosec: 263294251
  frame_id: base_link
name:
- joint_x
- joint_y
position:
- 0.0007750000222586095
- 0.0007750000222586095
velocity:
- -0.008437500335276127
- -0.008437500335276127
effort:
- .nan
- .nan
---
header:
  stamp:
    sec: 1791157847
    nanosec: 283293213
  frame_id: base_link
name:
- joint_x
- joint_y
position:
- 0.0006249999860301614
- 0.0006249999860301614
velocity:
- -0.007499999832361937
- -0.007499999832361937
effort:
- .nan
- .nan
---
header:
  stamp:
    sec: 1791157847
    nanosec: 303303577
  frame_id: base_link
name:
- joint_x
- joint_y
position:
- 0.00036875001387670636
- 0.00036875001387670636
velocity:
- -0.0062500000931322575
- -0.0062500000931322575
effort:
- .nan
- .nan
---
header:
  stamp:
    sec: 1791157847
    nanosec: 323288788
  frame_id: base_link
name:
- joint_x
- joint_y
position:
- 0.0002500000118743628
- 0.0002500000118743628
velocity:
- -0.005937499925494194
- -0.005625000223517418
effort:
- .nan
- .nan
---
header:
  stamp:
    sec: 1791157847
    nanosec: 343297209
  frame_id: base_link
name:
- joint_x
- joint_y
position:
- 0.00015624999650754035
- 0.00015624999650754035
velocity:
- -0.004687500186264515
- -0.004999999888241291
effort:
- .nan
- .nan
---
header:
  stamp:
    sec: 1791157847
    nanosec: 363295039
  frame_id: base_link
name:
- joint_x
- joint_y
position:
- 7.500000356230885e-05
- 7.500000356230885e-05
velocity:
- -0.004062499850988388
- -0.004062499850988388
effort:
- .nan
- .nan
---
header:
  stamp:
    sec: 1791157847
    nanosec: 383294778
  frame_id: base_link
name:
- joint_x
- joint_y
position:
- 0.0
- 0.0
velocity:
- -0.0037499999161809683
- -0.0034374999813735485
effort:
- .nan
- .nan
---
header:
  stamp:
    sec: 1791157847
    nanosec: 403299864
  frame_id: base_link
name:
- joint_x
- joint_y
position:
- -5.624999903375283e-05
- -5.624999903375283e-05
velocity:
- -0.002812500111758709
- -0.0031250000465661287
effort:
- .nan
- .nan
---
header:
  stamp:
    sec: 1791157850
    nanosec: 353885879
  frame_id: base_link
name:
- joint_x
- joint_y
position:
- -9.999999747378752e-05
- -9.999999747378752e-05
velocity:
- -0.0021875000093132257
- -0.0021875000093132257
effort:
- .nan
- .nan
---
header:
  stamp:
    sec: 1791157850
    nanosec: 373892460
  frame_id: base_link
name:
- joint_x
- joint_y
position:
- -0.00013124999532010406
- -0.00013124999532010406
velocity:
- -0.0015625000232830644
- -0.0015625000232830644
effort:
- .nan
- .nan
---
header:
  stamp:
    sec: 1791157850
    nanosec: 393892140
  frame_id: base_link
name:
- joint_x
- joint_y
position:
- -0.00014375000318977982
- -0.00014375000318977982
velocity:
- -0.0006249999860301614
- -0.0006249999860301614
effort:
- .nan
- .nan
---
header:
  stamp:
    sec: 1791157850
    nanosec: 413887864
  frame_id: base_link
name:
- joint_x
- joint_y
position:
- -0.00013749999925494194
- -0.00013749999925494194
velocity:
- 0.0003124999930150807
- 0.0003124999930150807
effort:
- .nan
- .nan
---
header:
  stamp:
    sec: 1791157850
    nanosec: 433906319
  frame_id: base_link
name:
- joint_x
- joint_y
position:
- -0.0001250000059371814
- -0.0001250000059371814
velocity:
- 0.0006249999860301614
- 0.0006249999860301614
effort:
- .nan
- .nan
---
header:
  stamp:
    sec: 1791157850
    nanosec: 453887832
  frame_id: base_link
name:
- joint_x
- joint_y
position:
- -8.125000022118911e-05
- -8.125000022118911e-05
velocity:
- 0.0021875000093132257
- 0.0021875000093132257
effort:
- .nan
- .nan
---
header:
  stamp:
    sec: 1791157850
    nanosec: 473895315
  frame_id: base_link
name:
- joint_x
- joint_y
position:
- 0.0
- 0.0
velocity:
- 0.0024999999441206455
- 0.0024999999441206455
effort:
- .nan
- .nan
---
header:
  stamp:
    sec: 1791157850
    nanosec: 493895897
  frame_id: base_link
name:
- joint_x
- joint_y
position:
- 0.0
- 0.0
velocity:
- 0.0
- 0.0
effort:
- .nan
- .nan
---
header:
  stamp:
    sec: 1791157850
    nanosec: 513899957
  frame_id: base_link
name:
- joint_x
- joint_y
position:
- 0.0
- 0.0
velocity:
- 0.0
- 0.0
effort:
- .nan
- .nan
---
header:
  stamp:
    sec: 1791157850
    nanosec: 533896563
  frame_id: base_link
name:
- joint_x
- joint_y
position:
- 0.0
- 0.0
velocity:
- 0.0
- 0.0
effort:
- .nan
- .nan
---
header:
  stamp:
    sec: 1791157850
    nanosec: 553889476
  frame_id: base_link
name:
- joint_x
- joint_y
position:
- 0.0
- 0.0
velocity:
- 0.0
- 0.0
effort:
- .nan
- .nan
---
header:
  stamp:
    sec: 1791157850
    nanosec: 573893909
  frame_id: base_link
name:
- joint_x
- joint_y
position:
- 0.0
- 0.0
velocity:
- 0.0
- 0.0
effort:
- .nan
- .nan
---
header:
  stamp:
    sec: 1791157850
    nanosec: 593914698
  frame_id: base_link
name:
- joint_x
- joint_y
position:
- 0.0
- 0.0
velocity:
- 0.0
- 0.0
effort:
- .nan
- .nan
---
header:
  stamp:
    sec: 1791157850
    nanosec: 613897836
  frame_id: base_link
name:
- joint_x
- joint_y
position:
- 0.0
- 0.0
velocity:
- 0.0
- 0.0
effort:
- .nan
- .nan
---
header:
  stamp:
    sec: 1791157850
    nanosec: 633897538
  frame_id: base_link
name:
- joint_x
- joint_y
position:
- 0.0
- 0.0
velocity:
- 0.0
- 0.0
effort:
- .nan
- .nan
---
header:
  stamp:
    sec: 1791157850
    nanosec: 653890888
  frame_id: base_link
name:
- joint_x
- joint_y
position:
- 0.0
- 0.0
velocity:
- 0.0
- 0.0
effort:
- .nan
- .nan
---
