[INFO] [launch]: All log files can be found below /home/adam/.ros/log/2026-10-04-18-50-38-162009-DESKTOP-HF5K4CO-1505
[INFO] [launch]: Default logging verbosity is set to INFO
[INFO] [robot_state_publisher-1]: process started with pid [1545]
[INFO] [ros2_control_node-2]: process started with pid [1547]
[INFO] [spawner-3]: process started with pid [1549]
[INFO] [spawner-4]: process started with pid [1551]
[robot_state_publisher-1] [INFO] [1791157838.695497426] [robot_state_publisher]: Robot initialized
[ros2_control_node-2] [INFO] [1791157838.722938218] [controller_manager]: Using Steady (Monotonic) clock for triggering controller manager cycles.
[ros2_control_node-2] [INFO] [1791157838.856563559] [controller_manager]: Subscribing to '/robot_description' topic for robot description.
[ros2_control_node-2] [INFO] [1791157838.856611074] [controller_manager]: update rate is 50 Hz
[ros2_control_node-2] [INFO] [1791157838.856615973] [controller_manager]: Overruns handling is : enabled
[ros2_control_node-2] [INFO] [1791157838.856619536] [controller_manager]: Spawning controller_manager RT thread with scheduler priority: 50
[ros2_control_node-2] [WARN] [1791157838.863080525] [controller_manager]: Could not enable FIFO RT scheduling policy: with error number <1>(Operation not permitted). See [https://control.ros.org/master/doc/ros2_control/controller_manager/doc/userdoc.html] for details on how to enable realtime scheduling.
[ros2_control_node-2] [INFO] [1791157838.923135581] [controller_manager]: Received robot description from topic.
[ros2_control_node-2] [INFO] [1791157838.923200298] [controller_manager]: Enforcing command limits is disabled. Command limits from URDF will be ignored.
[ros2_control_node-2] [INFO] [1791157838.982903525] [controller_manager]: Loading hardware 'ClearCore' 
[ros2_control_node-2] [INFO] [1791157839.063195219] [controller_manager]: Loaded hardware 'ClearCore' from plugin 'clearcore_hardware/ClearCoreSystemHardware'
[ros2_control_node-2] [INFO] [1791157839.063324310] [controller_manager]: Initialize hardware 'ClearCore' 
[ros2_control_node-2] [INFO] [1791157839.070730630] [controller_manager]: Successful initialization of hardware 'ClearCore'
[ros2_control_node-2] [INFO] [1791157839.070942012] [controller_manager]: Activating component 'ClearCore'.
[ros2_control_node-2] [INFO] [1791157839.070949551] [resource_manager]: 'configure' hardware 'ClearCore' 
[ros2_control_node-2] [INFO] [1791157839.070953048] [resource_manager]: Successful 'configure' of hardware 'ClearCore'
[ros2_control_node-2] [INFO] [1791157839.070956142] [resource_manager]: 'activate' hardware 'ClearCore' 
[ros2_control_node-2] [INFO] [1791157839.118345580] [resource_manager]: Successful 'activate' of hardware 'ClearCore'
[ros2_control_node-2] [INFO] [1791157839.118401729] [controller_manager]: Registering statistics for : ClearCore
[ros2_control_node-2] [INFO] [1791157839.118530664] [controller_manager]: Resource Manager has been successfully initialized. Starting Controller Manager services...
[spawner-4] [INFO] [1791157839.318852725] [spawner_joint_trajectory_controller]: waiting for service /controller_manager/list_controllers to become available...
[ros2_control_node-2] [INFO] [1791157839.820457567] [controller_manager]: Loading controller : 'joint_trajectory_controller' of type 'joint_trajectory_controller/JointTrajectoryController'
[ros2_control_node-2] [INFO] [1791157839.820495735] [controller_manager]: Loading controller 'joint_trajectory_controller'
[ros2_control_node-2] [INFO] [1791157839.827310010] [controller_manager]: Controller 'joint_trajectory_controller' node arguments: --ros-args --params-file /mnt/d/CCDev/EnhancedClearCoreLibrary/ClearCoreROS/ros2_ws/install/clearcore_hardware/share/clearcore_hardware/config/controllers.yaml --params-file /tmp/launch_params_5okol4pi 
[spawner-4] [INFO] [1791157839.864256881] [spawner_joint_trajectory_controller]: Loaded joint_trajectory_controller
[ros2_control_node-2] [INFO] [1791157839.865162338] [controller_manager]: Configuring controller: 'joint_trajectory_controller'
[ros2_control_node-2] [INFO] [1791157839.865261529] [joint_trajectory_controller]: No specific joint names are used for command interfaces. Using 'joints' parameter.
[ros2_control_node-2] [INFO] [1791157839.865281582] [joint_trajectory_controller]: Command interfaces are [position] and state interfaces are [position velocity].
[ros2_control_node-2] [INFO] [1791157839.865292520] [joint_trajectory_controller]: Using 'splines' interpolation method.
[ros2_control_node-2] [INFO] [1791157839.867188197] [joint_trajectory_controller]: Action status changes will be monitored at 20.00 Hz.
[ros2_control_node-2] [INFO] [1791157839.869880464] [joint_trajectory_controller]: Setting initial scaling factor to 1.000000
[ros2_control_node-2] [INFO] [1791157839.869901700] [joint_trajectory_controller]: No scaling interface set. This controller will not read speed scaling from the hardware.
[ros2_control_node-2] [INFO] [1791157839.884613810] [controller_manager]: Activating controllers: [ joint_trajectory_controller ]
[ros2_control_node-2] [INFO] [1791157839.903419201] [controller_manager]: Successfully switched controllers!
[spawner-4] [INFO] [1791157839.924082032] [spawner_joint_trajectory_controller]: Configured and activated joint_trajectory_controller
[spawner-3] [INFO] [1791157840.027538393] [spawner_joint_state_broadcaster]: waiting for service /controller_manager/list_controllers to become available...
[INFO] [spawner-4]: process has finished cleanly [pid 1551]
[ros2_control_node-2] [INFO] [1791157840.280388653] [controller_manager]: Loading controller : 'joint_state_broadcaster' of type 'joint_state_broadcaster/JointStateBroadcaster'
[ros2_control_node-2] [INFO] [1791157840.280430974] [controller_manager]: Loading controller 'joint_state_broadcaster'
[ros2_control_node-2] [INFO] [1791157840.323763372] [controller_manager]: Controller 'joint_state_broadcaster' node arguments: --ros-args --params-file /mnt/d/CCDev/EnhancedClearCoreLibrary/ClearCoreROS/ros2_ws/install/clearcore_hardware/share/clearcore_hardware/config/controllers.yaml --params-file /tmp/launch_params_5okol4pi 
[spawner-3] [INFO] [1791157840.364276189] [spawner_joint_state_broadcaster]: Loaded joint_state_broadcaster
[ros2_control_node-2] [INFO] [1791157840.365123286] [controller_manager]: Configuring controller: 'joint_state_broadcaster'
[ros2_control_node-2] [INFO] [1791157840.365185911] [joint_state_broadcaster]: 'joints' or 'interfaces' parameter is empty. All available state interfaces will be published
[ros2_control_node-2] [INFO] [1791157840.384899231] [controller_manager]: Activating controllers: [ joint_state_broadcaster ]
[ros2_control_node-2] [INFO] [1791157840.403416123] [controller_manager]: Successfully switched controllers!
[spawner-3] [INFO] [1791157840.424140762] [spawner_joint_state_broadcaster]: Configured and activated joint_state_broadcaster
[INFO] [spawner-3]: process has finished cleanly [pid 1549]
[ros2_control_node-2] [INFO] [1791157843.470836217] [joint_trajectory_controller]: Received new action goal
[ros2_control_node-2] [INFO] [1791157843.470875555] [joint_trajectory_controller]: Accepted new action goal
[ros2_control_node-2] [INFO] [1791157850.413905050] [joint_trajectory_controller]: Goal reached, success!
[WARNING] [launch]: user interrupted with ctrl-c (SIGINT)
[INFO] [ros2_control_node-2]: sending signal 'SIGINT' to process[ros2_control_node-2]
[INFO] [robot_state_publisher-1]: sending signal 'SIGINT' to process[robot_state_publisher-1]
[ros2_control_node-2] [INFO] [1791157850.835582125] [rclcpp]: signal_handler(SIGINT/SIGTERM)
[ros2_control_node-2] [INFO] [1791157850.835626913] [controller_manager]: Shutdown request received....
[ros2_control_node-2] [INFO] [1791157850.835651973] [controller_manager]: Shutting down all controllers in the controller manager.
[ros2_control_node-2] [INFO] [1791157850.835662292] [controller_manager]: Deactivating controller 'joint_state_broadcaster'
[ros2_control_node-2] [INFO] [1791157850.835679456] [controller_manager]: Shutting down controller 'joint_state_broadcaster'
[ros2_control_node-2] [INFO] [1791157850.835746018] [controller_manager]: Deactivating controller 'joint_trajectory_controller'
[ros2_control_node-2] [INFO] [1791157850.835768215] [controller_manager]: Shutting down controller 'joint_trajectory_controller'
[ros2_control_node-2] [INFO] [1791157850.835789582] [resource_manager]: 'deactivate' hardware 'ClearCore' 
[robot_state_publisher-1] [INFO] [1791157850.835932724] [rclcpp]: signal_handler(SIGINT/SIGTERM)
[ros2_control_node-2] [INFO] [1791157850.837268481] [resource_manager]: Successful 'deactivate' of hardware 'ClearCore'
[ros2_control_node-2] [INFO] [1791157850.837276394] [resource_manager]: 'shutdown' hardware 'ClearCore' 
[ros2_control_node-2] [INFO] [1791157850.837278340] [resource_manager]: Successful 'shutdown' of hardware 'ClearCore'
[ros2_control_node-2] [INFO] [1791157850.837300181] [controller_manager]: Shutting down the controller manager.
[ros2_control_node-2] [ERROR] [1791157850.837382299] [controller_manager.pal_statistics]: Exception in publisher thread: context cannot be slept with because it's invalid!. Aborting!
[ros2_control_node-2] [ERROR] [1791157850.837383048] [controller_manager.pal_statistics]: Exception in publisher thread: context cannot be slept with because it's invalid!. Aborting!
[ros2_control_node-2] [INFO] [1791157850.854065645] [controller_manager.pal_statistics]: Async messages lost 0
[ros2_control_node-2] [INFO] [1791157850.854086028] [controller_manager.pal_statistics]: publish_async_failures_ 0
[ros2_control_node-2] [INFO] [1791157850.854913769] [controller_manager.pal_statistics]: Async messages lost 0
[ros2_control_node-2] [INFO] [1791157850.854929431] [controller_manager.pal_statistics]: publish_async_failures_ 0
[INFO] [robot_state_publisher-1]: process has finished cleanly [pid 1545]
[INFO] [ros2_control_node-2]: process has finished cleanly [pid 1547]
