header:
  stamp:
    sec: 1791158447
    nanosec: 601905179
  frame_id: base_link
name:
- joint_x
- joint_y
position:
- 0.0
- 0.0
velocity:
- 0.0
- 0.0
effort:
- .nan
- .nan
---
header:
  stamp:
    sec: 1791158447
    nanosec: 621927458
  frame_id: base_link
name:
- joint_x
- joint_y
position:
- 0.0
- 0.0
velocity:
- 0.0
- 0.0
effort:
- .nan
- .nan
---
header:
  stamp:
    sec: 1791158447
    nanosec: 641937498
  frame_id: base_link
name:
- joint_x
- joint_y
position:
- 0.0
- 0.0
velocity:
- 0.0
- 0.0
effort:
- .nan
- .nan
---
header:
  stamp:
    sec: 1791158447
    nanosec: 661927806
  frame_id: base_link
name:
- joint_x
- joint_y
position:
- 0.0
- 0.0
velocity:
- 0.0
- 0.0
effort:
- .nan
- .nan
---
header:
  stamp:
    sec: 1791158447
    nanosec: 681907047
  frame_id: base_link
name:
- joint_x
- joint_y
position:
- 0.0
- 0.0
velocity:
- 0.0
- 0.0
effort:
- .nan
- .nan
---
header:
  stamp:
    sec: 1791158447
    nanosec: 701921399
  frame_id: base_link
name:
- joint_x
- joint_y
position:
- 0.0
- 0.0
velocity:
- 0.0
- 0.0
effort:
- .nan
- .nan
---
header:
  stamp:
    sec: 1791158447
    nanosec: 721921079
  frame_id: base_link
name:
- joint_x
- joint_y
position:
- 0.0
- 0.0
velocity:
- 0.0
- 0.0
effort:
- .nan
- .nan
---
header:
  stamp:
    sec: 1791158447
    nanosec: 741966918
  frame_id: base_link
name:
- joint_x
- joint_y
position:
- 0.0
- 0.0
velocity:
- 0.0
- 0.0
effort:
- .nan
- .nan
---
header:
  stamp:
    sec: 1791158447
    nanosec: 761924805
  frame_id: base_link
name:
- joint_x
- joint_y
position:
- 0.0
- 0.0
velocity:
- 0.0
- 0.0
effort:
- .nan
- .nan
---
header:
  stamp:
    sec: 1791158447
    nanosec: 781924201
  frame_id: base_link
name:
- joint_x
- joint_y
position:
- 0.0
- 0.0
velocity:
- 0.0
- 0.0
effort:
- .nan
- .nan
---
header:
  stamp:
    sec: 1791158447
    nanosec: 801942904
  frame_id: base_link
name:
- joint_x
- joint_y
position:
- 0.0
- 0.0
velocity:
- 0.0
- 0.0
effort:
- .nan
- .nan
---
header:
  stamp:
    sec: 1791158447
    nanosec: 821957939
  frame_id: base_link
name:
- joint_x
- joint_y
position:
- 0.0
- 0.0
velocity:
- 0.0
- 0.0
effort:
- .nan
- .nan
---
header:
  stamp:
    sec: 1791158447
    nanosec: 841993953
  frame_id: base_link
name:
- joint_x
- joint_y
position:
- 0.0
- 0.0
velocity:
- 0.0
- 0.0
effort:
- .nan
- .nan
---
header:
  stamp:
    sec: 1791158447
    nanosec: 861980351
  frame_id: base_link
name:
- joint_x
- joint_y
position:
- 0.0
- 0.0
velocity:
- 0.0
- 0.0
effort:
- .nan
- .nan
---
header:
  stamp:
    sec: 1791158447
    nanosec: 881947394
  frame_id: base_link
name:
- joint_x
- joint_y
position:
- 0.0
- 0.0
velocity:
- 0.0
- 0.0
effort:
- .nan
- .nan
---
header:
  stamp:
    sec: 1791158447
    nanosec: 901922525
  frame_id: base_link
name:
- joint_x
- joint_y
position:
- 0.0
- 0.0
velocity:
- 0.0
- 0.0
effort:
- .nan
- .nan
---
header:
  stamp:
    sec: 1791158447
    nanosec: 921951486
  frame_id: base_link
name:
- joint_x
- joint_y
position:
- 0.0
- 0.0
velocity:
- 0.0
- 0.0
effort:
- .nan
- .nan
---
header:
  stamp:
    sec: 1791158447
    nanosec: 941927043
  frame_id: base_link
name:
- joint_x
- joint_y
position:
- 0.0
- 0.0
velocity:
- 0.0
- 0.0
effort:
- .nan
- .nan
---
header:
  stamp:
    sec: 1791158447
    nanosec: 961923347
  frame_id: base_link
name:
- joint_x
- joint_y
position:
- 0.0
- 0.0
velocity:
- 0.0
- 0.0
effort:
- .nan
- .nan
---
header:
  stamp:
    sec: 1791158447
    nanosec: 981910074
  frame_id: base_link
name:
- joint_x
- joint_y
position:
- 0.0
- 0.0
velocity:
- 0.0
- 0.0
effort:
- .nan
- .nan
---
header:
  stamp:
    sec: 1791158448
    nanosec: 1921307
  frame_id: base_link
name:
- joint_x
- joint_y
position:
- 0.0
- 0.0
velocity:
- 0.0
- 0.0
effort:
- .nan
- .nan
---
header:
  stamp:
    sec: 1791158448
    nanosec: 21932801
  frame_id: base_link
name:
- joint_x
- joint_y
position:
- 0.0
- 0.0
velocity:
- 0.0
- 0.0
effort:
- .nan
- .nan
---
header:
  stamp:
    sec: 1791158448
    nanosec: 41941802
  frame_id: base_link
name:
- joint_x
- joint_y
position:
- 0.0
- 0.0
velocity:
- 0.0
- 0.0
effort:
- .nan
- .nan
---
header:
  stamp:
    sec: 1791158448
    nanosec: 61935207
  frame_id: base_link
name:
- joint_x
- joint_y
position:
- 0.0
- 0.0
velocity:
- 0.0
- 0.0
effort:
- .nan
- .nan
---
header:
  stamp:
    sec: 1791158448
    nanosec: 81958825
  frame_id: base_link
name:
- joint_x
- joint_y
position:
- 0.0
- 0.0
velocity:
- 0.0
- 0.0
effort:
- .nan
- .nan
---
header:
  stamp:
    sec: 1791158448
    nanosec: 101930042
  frame_id: base_link
name:
- joint_x
- joint_y
position:
- 0.0
- 0.0
velocity:
- 0.0
- 0.0
effort:
- .nan
- .nan
---
header:
  stamp:
    sec: 1791158448
    nanosec: 121949819
  frame_id: base_link
name:
- joint_x
- joint_y
position:
- 0.0
- 0.0
velocity:
- 0.0
- 0.0
effort:
- .nan
- .nan
---
header:
  stamp:
    sec: 1791158448
    nanosec: 141941305
  frame_id: base_link
name:
- joint_x
- joint_y
position:
- 0.0
- 0.0
velocity:
- 0.0
- 0.0
effort:
- .nan
- .nan
---
header:
  stamp:
    sec: 1791158448
    nanosec: 161936911
  frame_id: base_link
name:
- joint_x
- joint_y
position:
- 0.0
- 0.0
velocity:
- 0.0
- 0.0
effort:
- .nan
- .nan
---
header:
  stamp:
    sec: 1791158448
    nanosec: 181933324
  frame_id: base_link
name:
- joint_x
- joint_y
position:
- 0.0
- 0.0
velocity:
- 0.0
- 0.0
effort:
- .nan
- .nan
---
header:
  stamp:
    sec: 1791158448
    nanosec: 201935625
  frame_id: base_link
name:
- joint_x
- joint_y
position:
- 0.0
- 0.0
velocity:
- 0.0
- 0.0
effort:
- .nan
- .nan
---
header:
  stamp:
    sec: 1791158448
    nanosec: 221923077
  frame_id: base_link
name:
- joint_x
- joint_y
position:
- 0.0
- 0.0
velocity:
- 0.0
- 0.0
effort:
- .nan
- .nan
---
header:
  stamp:
    sec: 1791158448
    nanosec: 241922792
  frame_id: base_link
name:
- joint_x
- joint_y
position:
- 0.0
- 0.0
velocity:
- 0.0
- 0.0
effort:
- .nan
- .nan
---
header:
  stamp:
    sec: 1791158448
    nanosec: 261918029
  frame_id: base_link
name:
- joint_x
- joint_y
position:
- 0.0
- 0.0
velocity:
- 0.0
- 0.0
effort:
- .nan
- .nan
---
header:
  stamp:
    sec: 1791158448
    nanosec: 281928181
  frame_id: base_link
name:
- joint_x
- joint_y
position:
- 0.0
- 0.0
velocity:
- 0.0
- 0.0
effort:
- .nan
- .nan
---
header:
  stamp:
    sec: 1791158448
    nanosec: 301917928
  frame_id: base_link
name:
- joint_x
- joint_y
position:
- 0.0
- 0.0
velocity:
- 0.0
- 0.0
effort:
- .nan
- .nan
---
header:
  stamp:
    sec: 1791158448
    nanosec: 321909863
  frame_id: base_link
name:
- joint_x
- joint_y
position:
- 0.0
- 0.0
velocity:
- 0.0
- 0.0
effort:
- .nan
- .nan
---
header:
  stamp:
    sec: 1791158448
    nanosec: 341909430
  frame_id: base_link
name:
- joint_x
- joint_y
position:
- 0.0
- 0.0
velocity:
- 0.0
- 0.0
effort:
- .nan
- .nan
---
header:
  stamp:
    sec: 1791158448
    nanosec: 361934456
  frame_id: base_link
name:
- joint_x
- joint_y
position:
- 0.0
- 0.0
velocity:
- 0.0
- 0.0
effort:
- .nan
- .nan
---
header:
  stamp:
    sec: 1791158448
    nanosec: 381931308
  frame_id: base_link
name:
- joint_x
- joint_y
position:
- 0.0
- 0.0
velocity:
- 0.0
- 0.0
effort:
- .nan
- .nan
---
header:
  stamp:
    sec: 1791158448
    nanosec: 401901730
  frame_id: base_link
name:
- joint_x
- joint_y
position:
- 0.0
- 0.0
velocity:
- 0.0
- 0.0
effort:
- .nan
- .nan
---
header:
  stamp:
    sec: 1791158448
    nanosec: 421936537
  frame_id: base_link
name:
- joint_x
- joint_y
position:
- 0.0
- 0.0
velocity:
- 0.0
- 0.0
effort:
- .nan
- .nan
---
header:
  stamp:
    sec: 1791158448
    nanosec: 441944686
  frame_id: base_link
name:
- joint_x
- joint_y
position:
- 0.0
- 0.0
velocity:
- 0.0
- 0.0
effort:
- .nan
- .nan
---
header:
  stamp:
    sec: 1791158448
    nanosec: 461944104
  frame_id: base_link
name:
- joint_x
- joint_y
position:
- 0.0
- 0.0
velocity:
- 0.0
- 0.0
effort:
- .nan
- .nan
---
header:
  stamp:
    sec: 1791158448
    nanosec: 481943142
  frame_id: base_link
name:
- joint_x
- joint_y
position:
- 0.0
- 0.0
velocity:
- 0.0
- 0.0
effort:
- .nan
- .nan
---
header:
  stamp:
    sec: 1791158448
    nanosec: 501928704
  frame_id: base_link
name:
- joint_x
- joint_y
position:
- 0.0
- 0.0
velocity:
- 0.0
- 0.0
effort:
- .nan
- .nan
---
header:
  stamp:
    sec: 1791158448
    nanosec: 521936074
  frame_id: base_link
name:
- joint_x
- joint_y
position:
- 0.0
- 0.0
velocity:
- 0.0
- 0.0
effort:
- .nan
- .nan
---
header:
  stamp:
    sec: 1791158448
    nanosec: 541965907
  frame_id: base_link
name:
- joint_x
- joint_y
position:
- 0.0
- 0.0
velocity:
- 0.0
- 0.0
effort:
- .nan
- .nan
---
header:
  stamp:
    sec: 1791158448
    nanosec: 561904581
  frame_id: base_link
name:
- joint_x
- joint_y
position:
- 0.0
- 0.0
velocity:
- 0.0
- 0.0
effort:
- .nan
- .nan
---
header:
  stamp:
    sec: 1791158448
    nanosec: 581963537
  frame_id: base_link
name:
- joint_x
- joint_y
position:
- 0.0
- 0.0
velocity:
- 0.0
- 0.0
effort:
- .nan
- .nan
---
header:
  stamp:
    sec: 1791158448
    nanosec: 602058115
  frame_id: base_link
name:
- joint_x
- joint_y
position:
- 0.0
- 0.0
velocity:
- 0.0
- 0.0
effort:
- .nan
- .nan
---
header:
  stamp:
    sec: 1791158448
    nanosec: 621925952
  frame_id: base_link
name:
- joint_x
- joint_y
position:
- 0.0
- 0.0
velocity:
- 0.0
- 0.0
effort:
- .nan
- .nan
---
header:
  stamp:
    sec: 1791158448
    nanosec: 642006617
  frame_id: base_link
name:
- joint_x
- joint_y
position:
- 0.0
- 0.0
velocity:
- 0.0
- 0.0
effort:
- .nan
- .nan
---
header:
  stamp:
    sec: 1791158448
    nanosec: 661951656
  frame_id: base_link
name:
- joint_x
- joint_y
position:
- 0.0
- 0.0
velocity:
- 0.0
- 0.0
effort:
- .nan
- .nan
---
header:
  stamp:
    sec: 1791158448
    nanosec: 681934034
  frame_id: base_link
name:
- joint_x
- joint_y
position:
- 0.0
- 0.0
velocity:
- 0.0
- 0.0
effort:
- .nan
- .nan
---
header:
  stamp:
    sec: 1791158448
    nanosec: 701964173
  frame_id: base_link
name:
- joint_x
- joint_y
position:
- 0.0
- 0.0
velocity:
- 0.0
- 0.0
effort:
- .nan
- .nan
---
header:
  stamp:
    sec: 1791158448
    nanosec: 721940496
  frame_id: base_link
name:
- joint_x
- joint_y
position:
- 0.0
- 0.0
velocity:
- 0.0
- 0.0
effort:
- .nan
- .nan
---
header:
  stamp:
    sec: 1791158448
    nanosec: 741950697
  frame_id: base_link
name:
- joint_x
- joint_y
position:
- 0.0
- 0.0
velocity:
- 0.0
- 0.0
effort:
- .nan
- .nan
---
header:
  stamp:
    sec: 1791158448
    nanosec: 762008993
  frame_id: base_link
name:
- joint_x
- joint_y
position:
- 0.0
- 0.0
velocity:
- 0.0
- 0.0
effort:
- .nan
- .nan
---
header:
  stamp:
    sec: 1791158448
    nanosec: 781931489
  frame_id: base_link
name:
- joint_x
- joint_y
position:
- 0.0
- 0.0
velocity:
- 0.0
- 0.0
effort:
- .nan
- .nan
---
header:
  stamp:
    sec: 1791158448
    nanosec: 801919852
  frame_id: base_link
name:
- joint_x
- joint_y
position:
- 0.0
- 0.0
velocity:
- 0.0
- 0.0
effort:
- .nan
- .nan
---
header:
  stamp:
    sec: 1791158448
    nanosec: 821917760
  frame_id: base_link
name:
- joint_x
- joint_y
position:
- 0.0
- 0.0
velocity:
- 0.0
- 0.0
effort:
- .nan
- .nan
---
header:
  stamp:
    sec: 1791158448
    nanosec: 841919413
  frame_id: base_link
name:
- joint_x
- joint_y
position:
- 0.0
- 0.0
velocity:
- 0.0
- 0.0
effort:
- .nan
- .nan
---
header:
  stamp:
    sec: 1791158448
    nanosec: 861908959
  frame_id: base_link
name:
- joint_x
- joint_y
position:
- 0.0
- 0.0
velocity:
- 0.0
- 0.0
effort:
- .nan
- .nan
---
header:
  stamp:
    sec: 1791158448
    nanosec: 882039228
  frame_id: base_link
name:
- joint_x
- joint_y
position:
- 0.0
- 0.0
velocity:
- 0.0
- 0.0
effort:
- .nan
- .nan
---
header:
  stamp:
    sec: 1791158448
    nanosec: 901933347
  frame_id: base_link
name:
- joint_x
- joint_y
position:
- 0.0
- 0.0
velocity:
- 0.0
- 0.0
effort:
- .nan
- .nan
---
header:
  stamp:
    sec: 1791158448
    nanosec: 921935648
  frame_id: base_link
name:
- joint_x
- joint_y
position:
- 0.0
- 0.0
velocity:
- 0.0
- 0.0
effort:
- .nan
- .nan
---
header:
  stamp:
    sec: 1791158448
    nanosec: 941925944
  frame_id: base_link
name:
- joint_x
- joint_y
position:
- 0.0
- 0.0
velocity:
- 0.0
- 0.0
effort:
- .nan
- .nan
---
header:
  stamp:
    sec: 1791158448
    nanosec: 961956886
  frame_id: base_link
name:
- joint_x
- joint_y
position:
- 0.0
- 0.0
velocity:
- 0.0
- 0.0
effort:
- .nan
- .nan
---
header:
  stamp:
    sec: 1791158448
    nanosec: 981929613
  frame_id: base_link
name:
- joint_x
- joint_y
position:
- 0.0
- 0.0
velocity:
- 0.0
- 0.0
effort:
- .nan
- .nan
---
header:
  stamp:
    sec: 1791158449
    nanosec: 1926578
  frame_id: base_link
name:
- joint_x
- joint_y
position:
- 0.0
- 0.0
velocity:
- 0.0
- 0.0
effort:
- .nan
- .nan
---
header:
  stamp:
    sec: 1791158449
    nanosec: 21922489
  frame_id: base_link
name:
- joint_x
- joint_y
position:
- 0.0
- 0.0
velocity:
- 0.0
- 0.0
effort:
- .nan
- .nan
---
header:
  stamp:
    sec: 1791158449
    nanosec: 41925748
  frame_id: base_link
name:
- joint_x
- joint_y
position:
- 0.0
- 0.0
velocity:
- 0.0
- 0.0
effort:
- .nan
- .nan
---
header:
  stamp:
    sec: 1791158449
    nanosec: 61954437
  frame_id: base_link
name:
- joint_x
- joint_y
position:
- 0.0
- 0.0
velocity:
- 0.0
- 0.0
effort:
- .nan
- .nan
---
header:
  stamp:
    sec: 1791158449
    nanosec: 81939788
  frame_id: base_link
name:
- joint_x
- joint_y
position:
- 0.0
- 0.0
velocity:
- 0.0
- 0.0
effort:
- .nan
- .nan
---
header:
  stamp:
    sec: 1791158449
    nanosec: 101935899
  frame_id: base_link
name:
- joint_x
- joint_y
position:
- 0.0
- 0.0
velocity:
- 0.0
- 0.0
effort:
- .nan
- .nan
---
header:
  stamp:
    sec: 1791158449
    nanosec: 121919841
  frame_id: base_link
name:
- joint_x
- joint_y
position:
- 0.0
- 0.0
velocity:
- 0.0
- 0.0
effort:
- .nan
- .nan
---
header:
  stamp:
    sec: 1791158449
    nanosec: 141904789
  frame_id: base_link
name:
- joint_x
- joint_y
position:
- 0.0
- 0.0
velocity:
- 0.0
- 0.0
effort:
- .nan
- .nan
---
header:
  stamp:
    sec: 1791158449
    nanosec: 161901633
  frame_id: base_link
name:
- joint_x
- joint_y
position:
- 0.0
- 0.0
velocity:
- 0.0
- 0.0
effort:
- .nan
- .nan
---
header:
  stamp:
    sec: 1791158449
    nanosec: 181915147
  frame_id: base_link
name:
- joint_x
- joint_y
position:
- 0.0
- 0.0
velocity:
- 0.0
- 0.0
effort:
- .nan
- .nan
---
header:
  stamp:
    sec: 1791158449
    nanosec: 201912770
  frame_id: base_link
name:
- joint_x
- joint_y
position:
- 0.0
- 0.0
velocity:
- 0.0
- 0.0
effort:
- .nan
- .nan
---
header:
  stamp:
    sec: 1791158449
    nanosec: 221911844
  frame_id: base_link
name:
- joint_x
- joint_y
position:
- 0.0
- 0.0
velocity:
- 0.0
- 0.0
effort:
- .nan
- .nan
---
header:
  stamp:
    sec: 1791158449
    nanosec: 241910035
  frame_id: base_link
name:
- joint_x
- joint_y
position:
- 0.0
- 0.0
velocity:
- 0.0
- 0.0
effort:
- .nan
- .nan
---
header:
  stamp:
    sec: 1791158449
    nanosec: 261915942
  frame_id: base_link
name:
- joint_x
- joint_y
position:
- 0.0
- 0.0
velocity:
- 0.0
- 0.0
effort:
- .nan
- .nan
---
header:
  stamp:
    sec: 1791158449
    nanosec: 281887024
  frame_id: base_link
name:
- joint_x
- joint_y
position:
- 0.0
- 0.0
velocity:
- 0.0
- 0.0
effort:
- .nan
- .nan
---
header:
  stamp:
    sec: 1791158449
    nanosec: 301928093
  frame_id: base_link
name:
- joint_x
- joint_y
position:
- 0.0
- 0.0
velocity:
- 0.0
- 0.0
effort:
- .nan
- .nan
---
header:
  stamp:
    sec: 1791158449
    nanosec: 321908870
  frame_id: base_link
name:
- joint_x
- joint_y
position:
- 2.499999936844688e-05
- 2.499999936844688e-05
velocity:
- 0.0012499999720603228
- 0.0012499999720603228
effort:
- .nan
- .nan
---
header:
  stamp:
    sec: 1791158449
    nanosec: 341925285
  frame_id: base_link
name:
- joint_x
- joint_y
position:
- 6.25000029685907e-05
- 6.25000029685907e-05
velocity:
- 0.0017857142956927419
- 0.0017857142956927419
effort:
- .nan
- .nan
---
header:
  stamp:
    sec: 1791158449
    nanosec: 361933900
  frame_id: base_link
name:
- joint_x
- joint_y
position:
- 0.00011875000200234354
- 0.0001250000059371814
velocity:
- 0.002812500111758709
- 0.002812500111758709
effort:
- .nan
- .nan
---
header:
  stamp:
    sec: 1791158449
    nanosec: 381932191
  frame_id: base_link
name:
- joint_x
- joint_y
position:
- 0.00019375000556465238
- 0.00019375000556465238
velocity:
- 0.0037499999161809683
- 0.0037499999161809683
effort:
- .nan
- .nan
---
header:
  stamp:
    sec: 1791158449
    nanosec: 401893611
  frame_id: base_link
name:
- joint_x
- joint_y
position:
- 0.00028124998789280653
- 0.00028124998789280653
velocity:
- 0.0043750000186264515
- 0.0043750000186264515
effort:
- .nan
- .nan
---
header:
  stamp:
    sec: 1791158449
    nanosec: 421911528
  frame_id: base_link
name:
- joint_x
- joint_y
position:
- 0.00038124999264255166
- 0.00038124999264255166
velocity:
- 0.004999999888241291
- 0.004999999888241291
effort:
- .nan
- .nan
---
header:
  stamp:
    sec: 1791158449
    nanosec: 441910900
  frame_id: base_link
name:
- joint_x
- joint_y
position:
- 0.0005000000237487257
- 0.0005000000237487257
velocity:
- 0.0056547620333731174
- 0.0056547620333731174
effort:
- .nan
- .nan
---
header:
  stamp:
    sec: 1791158449
    nanosec: 461919428
  frame_id: base_link
name:
- joint_x
- joint_y
position:
- 0.0007812500116415322
- 0.0007812500116415322
velocity:
- 0.0071875001303851604
- 0.0071875001303851604
effort:
- .nan
- .nan
---
header:
  stamp:
    sec: 1791158449
    nanosec: 481921599
  frame_id: base_link
name:
- joint_x
- joint_y
position:
- 0.0009374999790452421
- 0.0009374999790452421
velocity:
- 0.0078125
- 0.0078125
effort:
- .nan
- .nan
---
header:
  stamp:
    sec: 1791158449
    nanosec: 501922578
  frame_id: base_link
name:
- joint_x
- joint_y
position:
- 0.0011062499834224582
- 0.0011062499834224582
velocity:
- 0.008437500335276127
- 0.008437500335276127
effort:
- .nan
- .nan
---
header:
  stamp:
    sec: 1791158449
    nanosec: 521916642
  frame_id: base_link
name:
- joint_x
- joint_y
position:
- 0.0013000000035390258
- 0.0013000000035390258
velocity:
- 0.009687500074505806
- 0.009687500074505806
effort:
- .nan
- .nan
---
header:
  stamp:
    sec: 1791158449
    nanosec: 541909285
  frame_id: base_link
name:
- joint_x
- joint_y
position:
- 0.0014937500236555934
- 0.0014937500236555934
velocity:
- 0.009687500074505806
- 0.009687500074505806
effort:
- .nan
- .nan
---
header:
  stamp:
    sec: 1791158449
    nanosec: 561913598
  frame_id: base_link
name:
- joint_x
- joint_y
position:
- 0.0016937500331550837
- 0.0016937500331550837
velocity:
- 0.009999999776482582
- 0.009999999776482582
effort:
- .nan
- .nan
---
header:
  stamp:
    sec: 1791158449
    nanosec: 581929031
  frame_id: base_link
name:
- joint_x
- joint_y
position:
- 0.0019062500214204192
- 0.0019062500214204192
velocity:
- 0.010625000111758709
- 0.010625000111758709
effort:
- .nan
- .nan
---
header:
  stamp:
    sec: 1791158449
    nanosec: 601931557
  frame_id: base_link
name:
- joint_x
- joint_y
position:
- 0.0021312499884516
- 0.0021312499884516
velocity:
- 0.011250000447034836
- 0.011250000447034836
effort:
- .nan
- .nan
---
header:
  stamp:
    sec: 1791158449
    nanosec: 621927119
  frame_id: base_link
name:
- joint_x
- joint_y
position:
- 0.002374999923631549
- 0.002374999923631549
velocity:
- 0.011607143096625805
- 0.011607143096625805
effort:
- .nan
- .nan
---
header:
  stamp:
    sec: 1791158449
    nanosec: 641915893
  frame_id: base_link
name:
- joint_x
- joint_y
position:
- 0.0026374999433755875
- 0.0026374999433755875
velocity:
- 0.013124999590218067
- 0.013124999590218067
effort:
- .nan
- .nan
---
header:
  stamp:
    sec: 1791158449
    nanosec: 661925300
  frame_id: base_link
name:
- joint_x
- joint_y
position:
- 0.0028937500901520252
- 0.0028937500901520252
velocity:
- 0.012812499888241291
- 0.012812499888241291
effort:
- .nan
- .nan
---
header:
  stamp:
    sec: 1791158449
    nanosec: 681921264
  frame_id: base_link
name:
- joint_x
- joint_y
position:
- 0.003425000002607703
- 0.003425000002607703
velocity:
- 0.013437500223517418
- 0.013437500223517418
effort:
- .nan
- .nan
---
header:
  stamp:
    sec: 1791158449
    nanosec: 701982764
  frame_id: base_link
name:
- joint_x
- joint_y
position:
- 0.0037249999586492777
- 0.0037249999586492777
velocity:
- 0.014999999664723873
- 0.014999999664723873
effort:
- .nan
- .nan
---
header:
  stamp:
    sec: 1791158449
    nanosec: 721912561
  frame_id: base_link
name:
- joint_x
- joint_y
position:
- 0.004018750041723251
- 0.004018750041723251
velocity:
- 0.014375000260770321
- 0.014375000260770321
effort:
- .nan
- .nan
---
header:
  stamp:
    sec: 1791158449
    nanosec: 741910760
  frame_id: base_link
name:
- joint_x
- joint_y
position:
- 0.004312499891966581
- 0.004312499891966581
velocity:
- 0.014999999664723873
- 0.014999999664723873
effort:
- .nan
- .nan
---
header:
  stamp:
    sec: 1791158449
    nanosec: 761906276
  frame_id: base_link
name:
- joint_x
- joint_y
position:
- 0.0046187499538064
- 0.0046187499538064
velocity:
- 0.015312500298023224
- 0.015312500298023224
effort:
- .nan
- .nan
---
header:
  stamp:
    sec: 1791158449
    nanosec: 781907217
  frame_id: base_link
name:
- joint_x
- joint_y
position:
- 0.004937500227242708
- 0.004937500227242708
velocity:
- 0.015625
- 0.015625
effort:
- .nan
- .nan
---
header:
  stamp:
    sec: 1791158449
    nanosec: 801914386
  frame_id: base_link
name:
- joint_x
- joint_y
position:
- 0.005274999886751175
- 0.005274999886751175
velocity:
- 0.016875000670552254
- 0.01718750037252903
effort:
- .nan
- .nan
---
header:
  stamp:
    sec: 1791158449
    nanosec: 821912144
  frame_id: base_link
name:
- joint_x
- joint_y
position:
- 0.00559999980032444
- 0.00559999980032444
velocity:
- 0.01656249910593033
- 0.016249999403953552
effort:
- .nan
- .nan
---
header:
  stamp:
    sec: 1791158449
    nanosec: 841909514
  frame_id: base_link
name:
- joint_x
- joint_y
position:
- 0.005937499925494194
- 0.0059312498196959496
velocity:
- 0.01656249910593033
- 0.01656249910593033
effort:
- .nan
- .nan
---
header:
  stamp:
    sec: 1791158449
    nanosec: 861911048
  frame_id: base_link
name:
- joint_x
- joint_y
position:
- 0.006275000050663948
- 0.006275000050663948
velocity:
- 0.01718750037252903
- 0.01718750037252903
effort:
- .nan
- .nan
---
header:
  stamp:
    sec: 1791158449
    nanosec: 881918285
  frame_id: base_link
name:
- joint_x
- joint_y
position:
- 0.006624999921768904
- 0.006618749815970659
velocity:
- 0.01718750037252903
- 0.01718750037252903
effort:
- .nan
- .nan
---
header:
  stamp:
    sec: 1791158449
    nanosec: 901936185
  frame_id: base_link
name:
- joint_x
- joint_y
position:
- 0.0073437499813735485
- 0.0073437499813735485
velocity:
- 0.017812499776482582
- 0.017500000074505806
effort:
- .nan
- .nan
---
header:
  stamp:
    sec: 1791158449
    nanosec: 921922089
  frame_id: base_link
name:
- joint_x
- joint_y
position:
- 0.007712500169873238
- 0.007706250064074993
velocity:
- 0.018124999478459358
- 0.018437499180436134
effort:
- .nan
- .nan
---
header:
  stamp:
    sec: 1791158449
    nanosec: 941923383
  frame_id: base_link
name:
- joint_x
- joint_y
position:
- 0.00808124989271164
- 0.008074999786913395
velocity:
- 0.018437499180436134
- 0.018437499180436134
effort:
- .nan
- .nan
---
header:
  stamp:
    sec: 1791158449
    nanosec: 961911700
  frame_id: base_link
name:
- joint_x
- joint_y
position:
- 0.008475000038743019
- 0.008468749932944775
velocity:
- 0.01904761977493763
- 0.01875000074505806
effort:
- .nan
- .nan
---
header:
  stamp:
    sec: 1791158449
    nanosec: 981930214
  frame_id: base_link
name:
- joint_x
- joint_y
position:
- 0.008868750184774399
- 0.008868750184774399
velocity:
- 0.019687499850988388
- 0.019687499850988388
effort:
- .nan
- .nan
---
header:
  stamp:
    sec: 1791158450
    nanosec: 1923609
  frame_id: base_link
name:
- joint_x
- joint_y
position:
- 0.009256250225007534
- 0.00925000011920929
velocity:
- 0.019062500447034836
- 0.019062500447034836
effort:
- .nan
- .nan
---
header:
  stamp:
    sec: 1791158450
    nanosec: 21919435
  frame_id: base_link
name:
- joint_x
- joint_y
position:
- 0.009637500159442425
- 0.009637500159442425
velocity:
- 0.019375000149011612
- 0.019375000149011612
effort:
- .nan
- .nan
---
header:
  stamp:
    sec: 1791158450
    nanosec: 41913946
  frame_id: base_link
name:
- joint_x
- joint_y
position:
- 0.01002500019967556
- 0.01002500019967556
velocity:
- 0.019375000149011612
- 0.019375000149011612
effort:
- .nan
- .nan
---
header:
  stamp:
    sec: 1791158450
    nanosec: 61914097
  frame_id: base_link
name:
- joint_x
- joint_y
position:
- 0.01041875034570694
- 0.01041875034570694
velocity:
- 0.019687499850988388
- 0.019687499850988388
effort:
- .nan
- .nan
---
header:
  stamp:
    sec: 1791158450
    nanosec: 81912514
  frame_id: base_link
name:
- joint_x
- joint_y
position:
- 0.010837499983608723
- 0.010837499983608723
velocity:
- 0.01994047686457634
- 0.02023809589445591
effort:
- .nan
- .nan
---
header:
  stamp:
    sec: 1791158450
    nanosec: 101909179
  frame_id: base_link
name:
- joint_x
- joint_y
position:
- 0.011256249621510506
- 0.011256249621510506
velocity:
- 0.020937500521540642
- 0.020937500521540642
effort:
- .nan
- .nan
---
header:
  stamp:
    sec: 1791158450
    nanosec: 121908517
  frame_id: base_link
name:
- joint_x
- joint_y
position:
- 0.01165624987334013
- 0.01165624987334013
velocity:
- 0.019999999552965164
- 0.019999999552965164
effort:
- .nan
- .nan
---
header:
  stamp:
    sec: 1791158450
    nanosec: 141966372
  frame_id: base_link
name:
- joint_x
- joint_y
position:
- 0.012062500230967999
- 0.012062500230967999
velocity:
- 0.019999999552965164
- 0.019999999552965164
effort:
- .nan
- .nan
---
header:
  stamp:
    sec: 1791158450
    nanosec: 161917976
  frame_id: base_link
name:
- joint_x
- joint_y
position:
- 0.012912499718368053
- 0.012912499718368053
velocity:
- 0.021562499925494194
- 0.021250000223517418
effort:
- .nan
- .nan
---
header:
  stamp:
    sec: 1791158450
    nanosec: 181909095
  frame_id: base_link
name:
- joint_x
- joint_y
position:
- 0.013318750075995922
- 0.013318750075995922
velocity:
- 0.02031249925494194
- 0.02031249925494194
effort:
- .nan
- .nan
---
header:
  stamp:
    sec: 1791158450
    nanosec: 201917717
  frame_id: base_link
name:
- joint_x
- joint_y
position:
- 0.01373124960809946
- 0.01373124960809946
velocity:
- 0.020625000819563866
- 0.020625000819563866
effort:
- .nan
- .nan
---
header:
  stamp:
    sec: 1791158450
    nanosec: 221911039
  frame_id: base_link
name:
- joint_x
- joint_y
position:
- 0.014143750071525574
- 0.014143750071525574
velocity:
- 0.02031249925494194
- 0.020625000819563866
effort:
- .nan
- .nan
---
header:
  stamp:
    sec: 1791158450
    nanosec: 241927889
  frame_id: base_link
name:
- joint_x
- joint_y
position:
- 0.014556249603629112
- 0.014556249603629112
velocity:
- 0.020625000819563866
- 0.020625000819563866
effort:
- .nan
- .nan
---
header:
  stamp:
    sec: 1791158450
    nanosec: 261935034
  frame_id: base_link
name:
- joint_x
- joint_y
position:
- 0.014987500384449959
- 0.014987500384449959
velocity:
- 0.02083333395421505
- 0.02083333395421505
effort:
- .nan
- .nan
---
header:
  stamp:
    sec: 1791158450
    nanosec: 281900112
  frame_id: base_link
name:
- joint_x
- joint_y
position:
- 0.01541875023394823
- 0.01541875023394823
velocity:
- 0.021562499925494194
- 0.021562499925494194
effort:
- .nan
- .nan
---
header:
  stamp:
    sec: 1791158450
    nanosec: 301914597
  frame_id: base_link
name:
- joint_x
- joint_y
position:
- 0.015831250697374344
- 0.015824999660253525
velocity:
- 0.020625000819563866
- 0.02031249925494194
effort:
- .nan
- .nan
---
header:
  stamp:
    sec: 1791158450
    nanosec: 321888000
  frame_id: base_link
name:
- joint_x
- joint_y
position:
- 0.016237499192357063
- 0.016237499192357063
velocity:
- 0.02031249925494194
- 0.020625000819563866
effort:
- .nan
- .nan
---
header:
  stamp:
    sec: 1791158450
    nanosec: 341929229
  frame_id: base_link
name:
- joint_x
- joint_y
position:
- 0.01665000058710575
- 0.016643749549984932
velocity:
- 0.020625000819563866
- 0.02031249925494194
effort:
- .nan
- .nan
---
header:
  stamp:
    sec: 1791158450
    nanosec: 361925892
  frame_id: base_link
name:
- joint_x
- joint_y
position:
- 0.01705624908208847
- 0.01705624908208847
velocity:
- 0.02031249925494194
- 0.020625000819563866
effort:
- .nan
- .nan
---
header:
  stamp:
    sec: 1791158450
    nanosec: 381928703
  frame_id: base_link
name:
- joint_x
- joint_y
position:
- 0.017887499183416367
- 0.017887499183416367
velocity:
- 0.02031249925494194
- 0.02031249925494194
effort:
- .nan
- .nan
---
header:
  stamp:
    sec: 1791158450
    nanosec: 401910074
  frame_id: base_link
name:
- joint_x
- joint_y
position:
- 0.018287500366568565
- 0.018293749541044235
velocity:
- 0.019999999552965164
- 0.019999999552965164
effort:
- .nan
- .nan
---
header:
  stamp:
    sec: 1791158450
    nanosec: 421913203
  frame_id: base_link
name:
- joint_x
- joint_y
position:
- 0.018693750724196434
- 0.018693750724196434
velocity:
- 0.02031249925494194
- 0.019999999552965164
effort:
- .nan
- .nan
---
header:
  stamp:
    sec: 1791158450
    nanosec: 441917824
  frame_id: base_link
name:
- joint_x
- joint_y
position:
- 0.019112499430775642
- 0.019112499430775642
velocity:
- 0.020937500521540642
- 0.021250000223517418
effort:
- .nan
- .nan
---
header:
  stamp:
    sec: 1791158450
    nanosec: 461918232
  frame_id: base_link
name:
- joint_x
- joint_y
position:
- 0.019506249576807022
- 0.019506249576807022
velocity:
- 0.019687499850988388
- 0.019687499850988388
effort:
- .nan
- .nan
---
header:
  stamp:
    sec: 1791158450
    nanosec: 481939439
  frame_id: base_link
name:
- joint_x
- joint_y
position:
- 0.019899999722838402
- 0.019899999722838402
velocity:
- 0.019687499850988388
- 0.019687499850988388
effort:
- .nan
- .nan
---
header:
  stamp:
    sec: 1791158450
    nanosec: 501910470
  frame_id: base_link
name:
- joint_x
- joint_y
position:
- 0.02029374986886978
- 0.02028750069439411
velocity:
- 0.019375000149011612
- 0.019375000149011612
effort:
- .nan
- .nan
---
header:
  stamp:
    sec: 1791158450
    nanosec: 521912120
  frame_id: base_link
name:
- joint_x
- joint_y
position:
- 0.02068125084042549
- 0.020674999803304672
velocity:
- 0.019375000149011612
- 0.019375000149011612
effort:
- .nan
- .nan
---
header:
  stamp:
    sec: 1791158450
    nanosec: 541936680
  frame_id: base_link
name:
- joint_x
- joint_y
position:
- 0.02108125016093254
- 0.02108125016093254
velocity:
- 0.0193452388048172
- 0.0193452388048172
effort:
- .nan
- .nan
---
header:
  stamp:
    sec: 1791158450
    nanosec: 561928240
  frame_id: base_link
name:
- joint_x
- joint_y
position:
- 0.02148124948143959
- 0.02148124948143959
velocity:
- 0.019999999552965164
- 0.019687499850988388
effort:
- .nan
- .nan
---
header:
  stamp:
    sec: 1791158450
    nanosec: 581916971
  frame_id: base_link
name:
- joint_x
- joint_y
position:
- 0.02185625024139881
- 0.02185625024139881
velocity:
- 0.01875000074505806
- 0.01875000074505806
effort:
- .nan
- .nan
---
header:
  stamp:
    sec: 1791158450
    nanosec: 601911782
  frame_id: base_link
name:
- joint_x
- joint_y
position:
- 0.022224999964237213
- 0.022224999964237213
velocity:
- 0.018437499180436134
- 0.018437499180436134
effort:
- .nan
- .nan
---
header:
  stamp:
    sec: 1791158450
    nanosec: 621926804
  frame_id: base_link
name:
- joint_x
- joint_y
position:
- 0.022962499409914017
- 0.022956250235438347
velocity:
- 0.01875000074505806
- 0.01875000074505806
effort:
- .nan
- .nan
---
header:
  stamp:
    sec: 1791158450
    nanosec: 641944248
  frame_id: base_link
name:
- joint_x
- joint_y
position:
- 0.02331249974668026
- 0.02331249974668026
velocity:
- 0.017812499776482582
- 0.017812499776482582
effort:
- .nan
- .nan
---
header:
  stamp:
    sec: 1791158450
    nanosec: 661944680
  frame_id: base_link
name:
- joint_x
- joint_y
position:
- 0.023662500083446503
- 0.023662500083446503
velocity:
- 0.01718750037252903
- 0.017500000074505806
effort:
- .nan
- .nan
---
header:
  stamp:
    sec: 1791158450
    nanosec: 681931406
  frame_id: base_link
name:
- joint_x
- joint_y
position:
- 0.024006249383091927
- 0.024006249383091927
velocity:
- 0.017500000074505806
- 0.01718750037252903
effort:
- .nan
- .nan
---
header:
  stamp:
    sec: 1791158450
    nanosec: 701936382
  frame_id: base_link
name:
- joint_x
- joint_y
position:
- 0.02433750033378601
- 0.02433750033378601
velocity:
- 0.01656249910593033
- 0.01656249910593033
effort:
- .nan
- .nan
---
header:
  stamp:
    sec: 1791158450
    nanosec: 721945619
  frame_id: base_link
name:
- joint_x
- joint_y
position:
- 0.024668749421834946
- 0.024668749421834946
velocity:
- 0.01656249910593033
- 0.01656249910593033
effort:
- .nan
- .nan
---
header:
  stamp:
    sec: 1791158450
    nanosec: 741972682
  frame_id: base_link
name:
- joint_x
- joint_y
position:
- 0.0250062495470047
- 0.0250062495470047
velocity:
- 0.016875000670552254
- 0.016875000670552254
effort:
- .nan
- .nan
---
header:
  stamp:
    sec: 1791158450
    nanosec: 761933022
  frame_id: base_link
name:
- joint_x
- joint_y
position:
- 0.025318749248981476
- 0.025318749248981476
velocity:
- 0.015625
- 0.015625
effort:
- .nan
- .nan
---
header:
  stamp:
    sec: 1791158450
    nanosec: 781913708
  frame_id: base_link
name:
- joint_x
- joint_y
position:
- 0.025624999776482582
- 0.025624999776482582
velocity:
- 0.015312500298023224
- 0.015312500298023224
effort:
- .nan
- .nan
---
header:
  stamp:
    sec: 1791158450
    nanosec: 801912875
  frame_id: base_link
name:
- joint_x
- joint_y
position:
- 0.02592499926686287
- 0.0259187500923872
velocity:
- 0.014999999664723873
- 0.014687499962747097
effort:
- .nan
- .nan
---
header:
  stamp:
    sec: 1791158450
    nanosec: 821931728
  frame_id: base_link
name:
- joint_x
- joint_y
position:
- 0.026212500408291817
- 0.026212500408291817
velocity:
- 0.014375000260770321
- 0.014687499962747097
effort:
- .nan
- .nan
---
header:
  stamp:
    sec: 1791158450
    nanosec: 841918852
  frame_id: base_link
name:
- joint_x
- joint_y
position:
- 0.026781249791383743
- 0.026781249791383743
velocity:
- 0.013437500223517418
- 0.013749999925494194
effort:
- .nan
- .nan
---
header:
  stamp:
    sec: 1791158450
    nanosec: 861917920
  frame_id: base_link
name:
- joint_x
- joint_y
position:
- 0.027049999684095383
- 0.027049999684095383
velocity:
- 0.013437500223517418
- 0.013437500223517418
effort:
- .nan
- .nan
---
header:
  stamp:
    sec: 1791158450
    nanosec: 881930143
  frame_id: base_link
name:
- joint_x
- joint_y
position:
- 0.027306249365210533
- 0.027306249365210533
velocity:
- 0.012812499888241291
- 0.012812499888241291
effort:
- .nan
- .nan
---
header:
  stamp:
    sec: 1791158450
    nanosec: 901924975
  frame_id: base_link
name:
- joint_x
- joint_y
position:
- 0.027562500908970833
- 0.027562500908970833
velocity:
- 0.012812499888241291
- 0.012812499888241291
effort:
- .nan
- .nan
---
header:
  stamp:
    sec: 1791158450
    nanosec: 921936588
  frame_id: base_link
name:
- joint_x
- joint_y
position:
- 0.027799999341368675
- 0.027806250378489494
velocity:
- 0.011874999850988388
- 0.011874999850988388
effort:
- .nan
- .nan
---
header:
  stamp:
    sec: 1791158450
    nanosec: 941916636
  frame_id: base_link
name:
- joint_x
- joint_y
position:
- 0.028031250461935997
- 0.028031250461935997
velocity:
- 0.011562500149011612
- 0.011562500149011612
effort:
- .nan
- .nan
---
header:
  stamp:
    sec: 1791158450
    nanosec: 961912071
  frame_id: base_link
name:
- joint_x
- joint_y
position:
- 0.02824999950826168
- 0.02824999950826168
velocity:
- 0.010937499813735485
- 0.010937499813735485
effort:
- .nan
- .nan
---
header:
  stamp:
    sec: 1791158450
    nanosec: 981910603
  frame_id: base_link
name:
- joint_x
- joint_y
position:
- 0.028456250205636024
- 0.028456250205636024
velocity:
- 0.010312500409781933
- 0.010312500409781933
effort:
- .nan
- .nan
---
header:
  stamp:
    sec: 1791158451
    nanosec: 1915938
  frame_id: base_link
name:
- joint_x
- joint_y
position:
- 0.02866250090301037
- 0.02866250090301037
velocity:
- 0.010312500409781933
- 0.010312500409781933
effort:
- .nan
- .nan
---
header:
  stamp:
    sec: 1791158451
    nanosec: 21905929
  frame_id: base_link
name:
- joint_x
- joint_y
position:
- 0.028850000351667404
- 0.028850000351667404
velocity:
- 0.00937500037252903
- 0.00937500037252903
effort:
- .nan
- .nan
---
header:
  stamp:
    sec: 1791158451
    nanosec: 41937847
  frame_id: base_link
name:
- joint_x
- joint_y
position:
- 0.02902499958872795
- 0.02902499958872795
velocity:
- 0.008750000037252903
- 0.008750000037252903
effort:
- .nan
- .nan
---
header:
  stamp:
    sec: 1791158451
    nanosec: 61927701
  frame_id: base_link
name:
- joint_x
- joint_y
position:
- 0.029343750327825546
- 0.029343750327825546
velocity:
- 0.008124999701976776
- 0.008124999701976776
effort:
- .nan
- .nan
---
header:
  stamp:
    sec: 1791158451
    nanosec: 81908294
  frame_id: base_link
name:
- joint_x
- joint_y
position:
- 0.029481250792741776
- 0.029481250792741776
velocity:
- 0.006874999962747097
- 0.006874999962747097
effort:
- .nan
- .nan
---
header:
  stamp:
    sec: 1791158451
    nanosec: 101922324
  frame_id: base_link
name:
- joint_x
- joint_y
position:
- 0.029606249183416367
- 0.029606249183416367
velocity:
- 0.0062500000931322575
- 0.0062500000931322575
effort:
- .nan
- .nan
---
header:
  stamp:
    sec: 1791158451
    nanosec: 121928848
  frame_id: base_link
name:
- joint_x
- joint_y
position:
- 0.029718749225139618
- 0.029718749225139618
velocity:
- 0.005625000223517418
- 0.005625000223517418
effort:
- .nan
- .nan
---
header:
  stamp:
    sec: 1791158451
    nanosec: 141909808
  frame_id: base_link
name:
- joint_x
- joint_y
position:
- 0.02981875091791153
- 0.02981875091791153
velocity:
- 0.004999999888241291
- 0.004999999888241291
effort:
- .nan
- .nan
---
header:
  stamp:
    sec: 1791158451
    nanosec: 161920395
  frame_id: base_link
name:
- joint_x
- joint_y
position:
- 0.029912499710917473
- 0.029912499710917473
velocity:
- 0.004687500186264515
- 0.004687500186264515
effort:
- .nan
- .nan
---
header:
  stamp:
    sec: 1791158451
    nanosec: 181917176
  frame_id: base_link
name:
- joint_x
- joint_y
position:
- 0.029987499117851257
- 0.029987499117851257
velocity:
- 0.0034374999813735485
- 0.0037499999161809683
effort:
- .nan
- .nan
---
header:
  stamp:
    sec: 1791158451
    nanosec: 201931476
  frame_id: base_link
name:
- joint_x
- joint_y
position:
- 0.030043749138712883
- 0.030043749138712883
velocity:
- 0.0031250000465661287
- 0.002812500111758709
effort:
- .nan
- .nan
---
header:
  stamp:
    sec: 1791158451
    nanosec: 221928130
  frame_id: base_link
name:
- joint_x
- joint_y
position:
- 0.03009374998509884
- 0.03009374998509884
velocity:
- 0.0024999999441206455
- 0.0024999999441206455
effort:
- .nan
- .nan
---
header:
  stamp:
    sec: 1791158451
    nanosec: 241922714
  frame_id: base_link
name:
- joint_x
- joint_y
position:
- 0.030124999582767487
- 0.030124999582767487
velocity:
- 0.0015625000232830644
- 0.0015625000232830644
effort:
- .nan
- .nan
---
header:
  stamp:
    sec: 1791158451
    nanosec: 261924649
  frame_id: base_link
name:
- joint_x
- joint_y
position:
- 0.030143750831484795
- 0.030143750831484795
velocity:
- 0.0008928571478463709
- 0.0008928571478463709
effort:
- .nan
- .nan
---
header:
  stamp:
    sec: 1791158451
    nanosec: 281927442
  frame_id: base_link
name:
- joint_x
- joint_y
position:
- 0.030131250619888306
- 0.030131250619888306
velocity:
- -0.0006249999860301614
- -0.0006249999860301614
effort:
- .nan
- .nan
---
header:
  stamp:
    sec: 1791158451
    nanosec: 301912213
  frame_id: base_link
name:
- joint_x
- joint_y
position:
- 0.03009999915957451
- 0.03009999915957451
velocity:
- -0.0015625000232830644
- -0.0015625000232830644
effort:
- .nan
- .nan
---
header:
  stamp:
    sec: 1791158451
    nanosec: 321907497
  frame_id: base_link
name:
- joint_x
- joint_y
position:
- 0.030056249350309372
- 0.030056249350309372
velocity:
- -0.0020833334419876337
- -0.0020833334419876337
effort:
- .nan
- .nan
---
header:
  stamp:
    sec: 1791158451
    nanosec: 341925425
  frame_id: base_link
name:
- joint_x
- joint_y
position:
- 0.029993750154972076
- 0.029993750154972076
velocity:
- -0.0031250000465661287
- -0.0031250000465661287
effort:
- .nan
- .nan
---
header:
  stamp:
    sec: 1791158451
    nanosec: 361923076
  frame_id: base_link
name:
- joint_x
- joint_y
position:
- 0.029918750748038292
- 0.029918750748038292
velocity:
- -0.0037499999161809683
- -0.0037499999161809683
effort:
- .nan
- .nan
---
header:
  stamp:
    sec: 1791158451
    nanosec: 381909817
  frame_id: base_link
name:
- joint_x
- joint_y
position:
- 0.02983124926686287
- 0.02983124926686287
velocity:
- -0.0043750000186264515
- -0.0043750000186264515
effort:
- .nan
- .nan
---
header:
  stamp:
    sec: 1791158451
    nanosec: 401926689
  frame_id: base_link
name:
- joint_x
- joint_y
position:
- 0.029731249436736107
- 0.029731249436736107
velocity:
- -0.004999999888241291
- -0.004999999888241291
effort:
- .nan
- .nan
---
header:
  stamp:
    sec: 1791158451
    nanosec: 421921132
  frame_id: base_link
name:
- joint_x
- joint_y
position:
- 0.029612500220537186
- 0.029612500220537186
velocity:
- -0.005625000223517418
- -0.005937499925494194
effort:
- .nan
- .nan
---
header:
  stamp:
    sec: 1791158451
    nanosec: 441907896
  frame_id: base_link
name:
- joint_x
- joint_y
position:
- 0.029481250792741776
- 0.029481250792741776
velocity:
- -0.0065476191230118275
- -0.0062500000931322575
effort:
- .nan
- .nan
---
header:
  stamp:
    sec: 1791158451
    nanosec: 461932925
  frame_id: base_link
name:
- joint_x
- joint_y
position:
- 0.029331250116229057
- 0.029331250116229057
velocity:
- -0.0071875001303851604
- -0.0071875001303851604
effort:
- .nan
- .nan
---
header:
  stamp:
    sec: 1791158451
    nanosec: 481925925
  frame_id: base_link
name:
- joint_x
- joint_y
position:
- 0.02918124943971634
- 0.02918124943971634
velocity:
- -0.0078125
- -0.0078125
effort:
- .nan
- .nan
---
header:
  stamp:
    sec: 1791158451
    nanosec: 501921077
  frame_id: base_link
name:
- joint_x
- joint_y
position:
- 0.02901875041425228
- 0.02901875041425228
velocity:
- -0.008124999701976776
- -0.008124999701976776
effort:
- .nan
- .nan
---
header:
  stamp:
    sec: 1791158451
    nanosec: 521981245
  frame_id: base_link
name:
- joint_x
- joint_y
position:
- 0.028843749314546585
- 0.028843749314546585
velocity:
- -0.008750000037252903
- -0.008750000037252903
effort:
- .nan
- .nan
---
header:
  stamp:
    sec: 1791158451
    nanosec: 541932702
  frame_id: base_link
name:
- joint_x
- joint_y
position:
- 0.028449999168515205
- 0.028449999168515205
velocity:
- -0.009999999776482582
- -0.009999999776482582
effort:
- .nan
- .nan
---
header:
  stamp:
    sec: 1791158451
    nanosec: 561929993
  frame_id: base_link
name:
- joint_x
- joint_y
position:
- 0.02823749929666519
- 0.02823749929666519
velocity:
- -0.010312500409781933
- -0.010312500409781933
effort:
- .nan
- .nan
---
header:
  stamp:
    sec: 1791158451
    nanosec: 581926205
  frame_id: base_link
name:
- joint_x
- joint_y
position:
- 0.028018750250339508
- 0.028018750250339508
velocity:
- -0.011250000447034836
- -0.011250000447034836
effort:
- .nan
- .nan
---
header:
  stamp:
    sec: 1791158451
    nanosec: 601924218
  frame_id: base_link
name:
- joint_x
- joint_y
position:
- 0.027787499129772186
- 0.027787499129772186
velocity:
- -0.011250000447034836
- -0.011562500149011612
effort:
- .nan
- .nan
---
header:
  stamp:
    sec: 1791158451
    nanosec: 621926389
  frame_id: base_link
name:
- joint_x
- joint_y
position:
- 0.027537500485777855
- 0.027537500485777855
velocity:
- -0.012202381156384945
- -0.011904762126505375
effort:
- .nan
- .nan
---
header:
  stamp:
    sec: 1791158451
    nanosec: 641929992
  frame_id: base_link
name:
- joint_x
- joint_y
position:
- 0.027274999767541885
- 0.027274999767541885
velocity:
- -0.013124999590218067
- -0.013124999590218067
effort:
- .nan
- .nan
---
header:
  stamp:
    sec: 1791158451
    nanosec: 661925353
  frame_id: base_link
name:
- joint_x
- joint_y
position:
- 0.027012500911951065
- 0.027018750086426735
velocity:
- -0.012812499888241291
- -0.012812499888241291
effort:
- .nan
- .nan
---
header:
  stamp:
    sec: 1791158451
    nanosec: 681928435
  frame_id: base_link
name:
- joint_x
- joint_y
position:
- 0.026750000193715096
- 0.026750000193715096
velocity:
- -0.013437500223517418
- -0.013437500223517418
effort:
- .nan
- .nan
---
header:
  stamp:
    sec: 1791158451
    nanosec: 701914266
  frame_id: base_link
name:
- joint_x
- joint_y
position:
- 0.026468750089406967
- 0.026468750089406967
velocity:
- -0.01406249962747097
- -0.013749999925494194
effort:
- .nan
- .nan
---
header:
  stamp:
    sec: 1791158451
    nanosec: 721912464
  frame_id: base_link
name:
- joint_x
- joint_y
position:
- 0.02618125081062317
- 0.02618125081062317
velocity:
- -0.01406249962747097
- -0.014375000260770321
effort:
- .nan
- .nan
---
header:
  stamp:
    sec: 1791158451
    nanosec: 741926501
  frame_id: base_link
name:
- joint_x
- joint_y
position:
- 0.025875000283122063
- 0.025875000283122063
velocity:
- -0.014880952425301075
- -0.014880952425301075
effort:
- .nan
- .nan
---
header:
  stamp:
    sec: 1791158451
    nanosec: 761930944
  frame_id: base_link
name:
- joint_x
- joint_y
position:
- 0.025556249544024467
- 0.025556249544024467
velocity:
- -0.015937499701976776
- -0.015937499701976776
effort:
- .nan
- .nan
---
header:
  stamp:
    sec: 1791158451
    nanosec: 781920241
  frame_id: base_link
name:
- joint_x
- joint_y
position:
- 0.024937499314546585
- 0.024937499314546585
velocity:
- -0.015625
- -0.015625
effort:
- .nan
- .nan
---
header:
  stamp:
    sec: 1791158451
    nanosec: 801916819
  frame_id: base_link
name:
- joint_x
- joint_y
position:
- 0.02461249940097332
- 0.02461249940097332
velocity:
- -0.016249999403953552
- -0.016249999403953552
effort:
- .nan
- .nan
---
header:
  stamp:
    sec: 1791158451
    nanosec: 821909823
  frame_id: base_link
name:
- joint_x
- joint_y
position:
- 0.024262500926852226
- 0.024262500926852226
velocity:
- -0.017500000074505806
- -0.017500000074505806
effort:
- .nan
- .nan
---
header:
  stamp:
    sec: 1791158451
    nanosec: 841914260
  frame_id: base_link
name:
- joint_x
- joint_y
position:
- 0.023925000801682472
- 0.023925000801682472
velocity:
- -0.016875000670552254
- -0.016875000670552254
effort:
- .nan
- .nan
---
header:
  stamp:
    sec: 1791158451
    nanosec: 861910044
  frame_id: base_link
name:
- joint_x
- joint_y
position:
- 0.0235812496393919
- 0.0235812496393919
velocity:
- -0.01718750037252903
- -0.01718750037252903
effort:
- .nan
- .nan
---
header:
  stamp:
    sec: 1791158451
    nanosec: 881923938
  frame_id: base_link
name:
- joint_x
- joint_y
position:
- 0.023231249302625656
- 0.023231249302625656
velocity:
- -0.017500000074505806
- -0.017500000074505806
effort:
- .nan
- .nan
---
header:
  stamp:
    sec: 1791158451
    nanosec: 901921945
  frame_id: base_link
name:
- joint_x
- joint_y
position:
- 0.022874999791383743
- 0.022874999791383743
velocity:
- -0.017812499776482582
- -0.017500000074505806
effort:
- .nan
- .nan
---
header:
  stamp:
    sec: 1791158451
    nanosec: 921919925
  frame_id: base_link
name:
- joint_x
- joint_y
position:
- 0.022493749856948853
- 0.02250000089406967
velocity:
- -0.01815476268529892
- -0.01815476268529892
effort:
- .nan
- .nan
---
header:
  stamp:
    sec: 1791158451
    nanosec: 941921721
  frame_id: base_link
name:
- joint_x
- joint_y
position:
- 0.022106250748038292
- 0.022112499922513962
velocity:
- -0.019062500447034836
- -0.019062500447034836
effort:
- .nan
- .nan
---
header:
  stamp:
    sec: 1791158451
    nanosec: 961923074
  frame_id: base_link
name:
- joint_x
- joint_y
position:
- 0.02173749916255474
- 0.02174375019967556
velocity:
- -0.018437499180436134
- -0.01875000074505806
effort:
- .nan
- .nan
---
header:
  stamp:
    sec: 1791158451
    nanosec: 981924980
  frame_id: base_link
name:
- joint_x
- joint_y
position:
- 0.02136250026524067
- 0.02136250026524067
velocity:
- -0.01875000074505806
- -0.01875000074505806
effort:
- .nan
- .nan
---
header:
  stamp:
    sec: 1791158452
    nanosec: 1978744
  frame_id: base_link
name:
- joint_x
- joint_y
position:
- 0.02058124914765358
- 0.0205875001847744
velocity:
- -0.019999999552965164
- -0.019999999552965164
effort:
- .nan
- .nan
---
header:
  stamp:
    sec: 1791158452
    nanosec: 21939633
  frame_id: base_link
name:
- joint_x
- joint_y
position:
- 0.02019375003874302
- 0.02019999921321869
velocity:
- -0.019687499850988388
- -0.019375000149011612
effort:
- .nan
- .nan
---
header:
  stamp:
    sec: 1791158452
    nanosec: 41957538
  frame_id: base_link
name:
- joint_x
- joint_y
position:
- 0.01980625092983246
- 0.01980625092983246
velocity:
- -0.019375000149011612
- -0.019687499850988388
effort:
- .nan
- .nan
---
header:
  stamp:
    sec: 1791158452
    nanosec: 61943274
  frame_id: base_link
name:
- joint_x
- joint_y
position:
- 0.01941250078380108
- 0.01941250078380108
velocity:
- -0.019687499850988388
- -0.019687499850988388
effort:
- .nan
- .nan
---
header:
  stamp:
    sec: 1791158452
    nanosec: 81944500
  frame_id: base_link
name:
- joint_x
- joint_y
position:
- 0.0190187506377697
- 0.0190187506377697
velocity:
- -0.019687499850988388
- -0.019687499850988388
effort:
- .nan
- .nan
---
header:
  stamp:
    sec: 1791158452
    nanosec: 101976972
  frame_id: base_link
name:
- joint_x
- joint_y
position:
- 0.0186187494546175
- 0.0186187494546175
velocity:
- -0.019999999552965164
- -0.019999999552965164
effort:
- .nan
- .nan
---
header:
  stamp:
    sec: 1791158452
    nanosec: 121947472
  frame_id: base_link
name:
- joint_x
- joint_y
position:
- 0.018193749710917473
- 0.018193749710917473
velocity:
- -0.021250000223517418
- -0.021250000223517418
effort:
- .nan
- .nan
---
header:
  stamp:
    sec: 1791158452
    nanosec: 141990144
  frame_id: base_link
name:
- joint_x
- joint_y
position:
- 0.017787499353289604
- 0.017787499353289604
velocity:
- -0.02031249925494194
- -0.02031249925494194
effort:
- .nan
- .nan
---
header:
  stamp:
    sec: 1791158452
    nanosec: 161939584
  frame_id: base_link
name:
- joint_x
- joint_y
position:
- 0.017381250858306885
- 0.017381250858306885
velocity:
- -0.02031249925494194
- -0.02031249925494194
effort:
- .nan
- .nan
---
header:
  stamp:
    sec: 1791158452
    nanosec: 181924118
  frame_id: base_link
name:
- joint_x
- joint_y
position:
- 0.016975000500679016
- 0.016975000500679016
velocity:
- -0.02031249925494194
- -0.02031249925494194
effort:
- .nan
- .nan
---
header:
  stamp:
    sec: 1791158452
    nanosec: 201923207
  frame_id: base_link
name:
- joint_x
- joint_y
position:
- 0.016568750143051147
- 0.01656249910593033
velocity:
- -0.02031249925494194
- -0.02031249925494194
effort:
- .nan
- .nan
---
header:
  stamp:
    sec: 1791158452
    nanosec: 221915272
  frame_id: base_link
name:
- joint_x
- joint_y
position:
- 0.01573125086724758
- 0.01573125086724758
velocity:
- -0.02031249925494194
- -0.02031249925494194
effort:
- .nan
- .nan
---
header:
  stamp:
    sec: 1791158452
    nanosec: 241912062
  frame_id: base_link
name:
- joint_x
- joint_y
position:
- 0.015312500298023224
- 0.015318750403821468
velocity:
- -0.020625000819563866
- -0.020625000819563866
effort:
- .nan
- .nan
---
header:
  stamp:
    sec: 1791158452
    nanosec: 261928091
  frame_id: base_link
name:
- joint_x
- joint_y
position:
- 0.01489999983459711
- 0.014906249940395355
velocity:
- -0.020625000819563866
- -0.020625000819563866
effort:
- .nan
- .nan
---
header:
  stamp:
    sec: 1791158452
    nanosec: 281914668
  frame_id: base_link
name:
- joint_x
- joint_y
position:
- 0.014468749985098839
- 0.014475000090897083
velocity:
- -0.02083333395421505
- -0.02053571492433548
effort:
- .nan
- .nan
---
header:
  stamp:
    sec: 1791158452
    nanosec: 301919458
  frame_id: base_link
name:
- joint_x
- joint_y
position:
- 0.014037500135600567
- 0.014037500135600567
velocity:
- -0.021562499925494194
- -0.021562499925494194
effort:
- .nan
- .nan
---
header:
  stamp:
    sec: 1791158452
    nanosec: 321914250
  frame_id: base_link
name:
- joint_x
- joint_y
position:
- 0.013631249777972698
- 0.013631249777972698
velocity:
- -0.02031249925494194
- -0.020625000819563866
effort:
- .nan
- .nan
---
header:
  stamp:
    sec: 1791158452
    nanosec: 341914554
  frame_id: base_link
name:
- joint_x
- joint_y
position:
- 0.01321875024586916
- 0.01321875024586916
velocity:
- -0.020625000819563866
- -0.02031249925494194
effort:
- .nan
- .nan
---
header:
  stamp:
    sec: 1791158452
    nanosec: 361913140
  frame_id: base_link
name:
- joint_x
- joint_y
position:
- 0.012806249782443047
- 0.012812499888241291
velocity:
- -0.02031249925494194
- -0.02031249925494194
effort:
- .nan
- .nan
---
header:
  stamp:
    sec: 1791158452
    nanosec: 381913063
  frame_id: base_link
name:
- joint_x
- joint_y
position:
- 0.012400000356137753
- 0.012406250461935997
velocity:
- -0.02031249925494194
- -0.02031249925494194
effort:
- .nan
- .nan
---
header:
  stamp:
    sec: 1791158452
    nanosec: 401913994
  frame_id: base_link
name:
- joint_x
- joint_y
position:
- 0.01197499968111515
- 0.011981249786913395
velocity:
- -0.021562499925494194
- -0.021562499925494194
effort:
- .nan
- .nan
---
header:
  stamp:
    sec: 1791158452
    nanosec: 421935878
  frame_id: base_link
name:
- joint_x
- joint_y
position:
- 0.011568750254809856
- 0.011575000360608101
velocity:
- -0.019999999552965164
- -0.02031249925494194
effort:
- .nan
- .nan
---
header:
  stamp:
    sec: 1791158452
    nanosec: 441929169
  frame_id: base_link
name:
- joint_x
- joint_y
position:
- 0.011168750002980232
- 0.011175000108778477
velocity:
- -0.019999999552965164
- -0.019999999552965164
effort:
- .nan
- .nan
---
header:
  stamp:
    sec: 1791158452
    nanosec: 461922413
  frame_id: base_link
name:
- joint_x
- joint_y
position:
- 0.010362500324845314
- 0.010362500324845314
velocity:
- -0.01994047686457634
- -0.01994047686457634
effort:
- .nan
- .nan
---
header:
  stamp:
    sec: 1791158452
    nanosec: 481911129
  frame_id: base_link
name:
- joint_x
- joint_y
position:
- 0.009949999861419201
- 0.009949999861419201
velocity:
- -0.020625000819563866
- -0.020625000819563866
effort:
- .nan
- .nan
---
header:
  stamp:
    sec: 1791158452
    nanosec: 501920401
  frame_id: base_link
name:
- joint_x
- joint_y
position:
- 0.009562499821186066
- 0.009562499821186066
velocity:
- -0.019375000149011612
- -0.019062500447034836
effort:
- .nan
- .nan
---
header:
  stamp:
    sec: 1791158452
    nanosec: 521916714
  frame_id: base_link
name:
- joint_x
- joint_y
position:
- 0.00917499978095293
- 0.00917499978095293
velocity:
- -0.019062500447034836
- -0.019375000149011612
effort:
- .nan
- .nan
---
header:
  stamp:
    sec: 1791158452
    nanosec: 541927537
  frame_id: base_link
name:
- joint_x
- joint_y
position:
- 0.00879374984651804
- 0.00879374984651804
velocity:
- -0.019062500447034836
- -0.019062500447034836
effort:
- .nan
- .nan
---
header:
  stamp:
    sec: 1791158452
    nanosec: 561931832
  frame_id: base_link
name:
- joint_x
- joint_y
position:
- 0.008418750017881393
- 0.008418750017881393
velocity:
- -0.019062500447034836
- -0.019062500447034836
effort:
- .nan
- .nan
---
header:
  stamp:
    sec: 1791158452
    nanosec: 581926091
  frame_id: base_link
name:
- joint_x
- joint_y
position:
- 0.008024999871850014
- 0.008024999871850014
velocity:
- -0.01875000074505806
- -0.01875000074505806
effort:
- .nan
- .nan
---
header:
  stamp:
    sec: 1791158452
    nanosec: 601912492
  frame_id: base_link
name:
- joint_x
- joint_y
position:
- 0.0076374998316168785
- 0.0076374998316168785
velocity:
- -0.019375000149011612
- -0.019375000149011612
effort:
- .nan
- .nan
---
header:
  stamp:
    sec: 1791158452
    nanosec: 621917034
  frame_id: base_link
name:
- joint_x
- joint_y
position:
- 0.007275000214576721
- 0.007275000214576721
velocity:
- -0.018124999478459358
- -0.017812499776482582
effort:
- .nan
- .nan
---
header:
  stamp:
    sec: 1791158452
    nanosec: 641914673
  frame_id: base_link
name:
- joint_x
- joint_y
position:
- 0.006918749772012234
- 0.006918749772012234
velocity:
- -0.017500000074505806
- -0.017812499776482582
effort:
- .nan
- .nan
---
header:
  stamp:
    sec: 1791158452
    nanosec: 661919262
  frame_id: base_link
name:
- joint_x
- joint_y
position:
- 0.006568749900907278
- 0.006568749900907278
velocity:
- -0.017500000074505806
- -0.017500000074505806
effort:
- .nan
- .nan
---
header:
  stamp:
    sec: 1791158452
    nanosec: 681924948
  frame_id: base_link
name:
- joint_x
- joint_y
position:
- 0.006218750029802322
- 0.006218750029802322
velocity:
- -0.017500000074505806
- -0.017500000074505806
effort:
- .nan
- .nan
---
header:
  stamp:
    sec: 1791158452
    nanosec: 701933238
  frame_id: base_link
name:
- joint_x
- joint_y
position:
- 0.005537500139325857
- 0.005537500139325857
velocity:
- -0.01656249910593033
- -0.01656249910593033
effort:
- .nan
- .nan
---
header:
  stamp:
    sec: 1791158452
    nanosec: 721923148
  frame_id: base_link
name:
- joint_x
- joint_y
position:
- 0.005212500225752592
- 0.005212500225752592
velocity:
- -0.016249999403953552
- -0.016249999403953552
effort:
- .nan
- .nan
---
header:
  stamp:
    sec: 1791158452
    nanosec: 741928145
  frame_id: base_link
name:
- joint_x
- joint_y
position:
- 0.004893749952316284
- 0.004893749952316284
velocity:
- -0.015937499701976776
- -0.015937499701976776
effort:
- .nan
- .nan
---
header:
  stamp:
    sec: 1791158452
    nanosec: 761911066
  frame_id: base_link
name:
- joint_x
- joint_y
position:
- 0.004568750038743019
- 0.004562499932944775
velocity:
- -0.015476190485060215
- -0.01577381044626236
effort:
- .nan
- .nan
---
header:
  stamp:
    sec: 1791158452
    nanosec: 781910199
  frame_id: base_link
name:
- joint_x
- joint_y
position:
- 0.0042500002309679985
- 0.004243750125169754
velocity:
- -0.015937499701976776
- -0.015625
effort:
- .nan
- .nan
---
header:
  stamp:
    sec: 1791158452
    nanosec: 801913249
  frame_id: base_link
name:
- joint_x
- joint_y
position:
- 0.003949999809265137
- 0.003949999809265137
velocity:
- -0.014999999664723873
- -0.014999999664723873
effort:
- .nan
- .nan
---
header:
  stamp:
    sec: 1791158452
    nanosec: 821910305
  frame_id: base_link
name:
- joint_x
- joint_y
position:
- 0.003662500064820051
- 0.003662500064820051
velocity:
- -0.014375000260770321
- -0.014375000260770321
effort:
- .nan
- .nan
---
header:
  stamp:
    sec: 1791158452
    nanosec: 841915394
  frame_id: base_link
name:
- joint_x
- joint_y
position:
- 0.003381249960511923
- 0.003381249960511923
velocity:
- -0.01406249962747097
- -0.01406249962747097
effort:
- .nan
- .nan
---
header:
  stamp:
    sec: 1791158452
    nanosec: 861915477
  frame_id: base_link
name:
- joint_x
- joint_y
position:
- 0.0031125000678002834
- 0.0031125000678002834
velocity:
- -0.013437500223517418
- -0.013437500223517418
effort:
- .nan
- .nan
---
header:
  stamp:
    sec: 1791158452
    nanosec: 881909091
  frame_id: base_link
name:
- joint_x
- joint_y
position:
- 0.002831249963492155
- 0.002831249963492155
velocity:
- -0.013749999925494194
- -0.013749999925494194
effort:
- .nan
- .nan
---
header:
  stamp:
    sec: 1791158452
    nanosec: 901916958
  frame_id: base_link
name:
- joint_x
- joint_y
position:
- 0.002581249922513962
- 0.002581249922513962
velocity:
- -0.012812499888241291
- -0.012812499888241291
effort:
- .nan
- .nan
---
header:
  stamp:
    sec: 1791158452
    nanosec: 921918675
  frame_id: base_link
name:
- joint_x
- joint_y
position:
- 0.0021062500309199095
- 0.0021124999038875103
velocity:
- -0.011562500149011612
- -0.011250000447034836
effort:
- .nan
- .nan
---
header:
  stamp:
    sec: 1791158452
    nanosec: 941916042
  frame_id: base_link
name:
- joint_x
- joint_y
position:
- 0.0018749999580904841
- 0.0018749999580904841
velocity:
- -0.011562500149011612
- -0.011874999850988388
effort:
- .nan
- .nan
---
header:
  stamp:
    sec: 1791158452
    nanosec: 961923863
  frame_id: base_link
name:
- joint_x
- joint_y
position:
- 0.001656249980442226
- 0.001656249980442226
velocity:
- -0.010625000111758709
- -0.010625000111758709
effort:
- .nan
- .nan
---
header:
  stamp:
    sec: 1791158452
    nanosec: 981925815
  frame_id: base_link
name:
- joint_x
- joint_y
position:
- 0.0014562499709427357
- 0.0014562499709427357
velocity:
- -0.010312500409781933
- -0.010312500409781933
effort:
- .nan
- .nan
---
header:
  stamp:
    sec: 1791158453
    nanosec: 1928808
  frame_id: base_link
name:
- joint_x
- joint_y
position:
- 0.001262499950826168
- 0.001262499950826168
velocity:
- -0.00937500037252903
- -0.00937500037252903
effort:
- .nan
- .nan
---
header:
  stamp:
    sec: 1791158453
    nanosec: 21928989
  frame_id: base_link
name:
- joint_x
- joint_y
position:
- 0.0010812500258907676
- 0.0010812500258907676
velocity:
- -0.009062499739229679
- -0.009062499739229679
effort:
- .nan
- .nan
---
header:
  stamp:
    sec: 1791158453
    nanosec: 41920307
  frame_id: base_link
name:
- joint_x
- joint_y
position:
- 0.0009062499739229679
- 0.0009062499739229679
velocity:
- -0.008630952797830105
- -0.008630952797830105
effort:
- .nan
- .nan
---
header:
  stamp:
    sec: 1791158453
    nanosec: 61923124
  frame_id: base_link
name:
- joint_x
- joint_y
position:
- 0.0007437500171363354
- 0.0007375000277534127
velocity:
- -0.008124999701976776
- -0.008437500335276127
effort:
- .nan
- .nan
---
header:
  stamp:
    sec: 1791158453
    nanosec: 81918222
  frame_id: base_link
name:
- joint_x
- joint_y
position:
- 0.0005937499809078872
- 0.0005937499809078872
velocity:
- -0.007499999832361937
- -0.0071875001303851604
effort:
- .nan
- .nan
---
header:
  stamp:
    sec: 1791158453
    nanosec: 101918465
  frame_id: base_link
name:
- joint_x
- joint_y
position:
- 0.0004625000001396984
- 0.0004625000001396984
velocity:
- -0.006562499795109034
- -0.006562499795109034
effort:
- .nan
- .nan
---
header:
  stamp:
    sec: 1791158453
    nanosec: 121911284
  frame_id: base_link
name:
- joint_x
- joint_y
position:
- 0.00034374999813735485
- 0.00034374999813735485
velocity:
- -0.005937499925494194
- -0.005937499925494194
effort:
- .nan
- .nan
---
header:
  stamp:
    sec: 1791158453
    nanosec: 141931303
  frame_id: base_link
name:
- joint_x
- joint_y
position:
- 0.0002312500000698492
- 0.0002312500000698492
velocity:
- -0.005625000223517418
- -0.005625000223517418
effort:
- .nan
- .nan
---
header:
  stamp:
    sec: 1791158453
    nanosec: 161930092
  frame_id: base_link
name:
- joint_x
- joint_y
position:
- 5.624999903375283e-05
- 5.624999903375283e-05
velocity:
- -0.0037499999161809683
- -0.0037499999161809683
effort:
- .nan
- .nan
---
header:
  stamp:
    sec: 1791158453
    nanosec: 181911554
  frame_id: base_link
name:
- joint_x
- joint_y
position:
- -1.249999968422344e-05
- -1.249999968422344e-05
velocity:
- -0.0034374999813735485
- -0.0034374999813735485
effort:
- .nan
- .nan
---
header:
  stamp:
    sec: 1791158453
    nanosec: 201922398
  frame_id: base_link
name:
- joint_x
- joint_y
position:
- -6.874999962747097e-05
- -6.874999962747097e-05
velocity:
- -0.002812500111758709
- -0.002812500111758709
effort:
- .nan
- .nan
---
header:
  stamp:
    sec: 1791158453
    nanosec: 221932073
  frame_id: base_link
name:
- joint_x
- joint_y
position:
- -0.0001062500014086254
- -0.0001062500014086254
velocity:
- -0.0018749999580904841
- -0.0018749999580904841
effort:
- .nan
- .nan
---
header:
  stamp:
    sec: 1791158453
    nanosec: 241930627
  frame_id: base_link
name:
- joint_x
- joint_y
position:
- -0.00013124999532010406
- -0.00013124999532010406
velocity:
- -0.0012499999720603228
- -0.0012499999720603228
effort:
- .nan
- .nan
---
header:
  stamp:
    sec: 1791158453
    nanosec: 261936624
  frame_id: base_link
name:
- joint_x
- joint_y
position:
- -0.00014375000318977982
- -0.00014375000318977982
velocity:
- -0.0006249999860301614
- -0.0006249999860301614
effort:
- .nan
- .nan
---
header:
  stamp:
    sec: 1791158453
    nanosec: 281913850
  frame_id: base_link
name:
- joint_x
- joint_y
position:
- -0.00013749999925494194
- -0.00013749999925494194
velocity:
- 0.0003124999930150807
- 0.0003124999930150807
effort:
- .nan
- .nan
---
header:
  stamp:
    sec: 1791158453
    nanosec: 301913647
  frame_id: base_link
name:
- joint_x
- joint_y
position:
- -0.00011249999806750566
- -0.00011249999806750566
velocity:
- 0.0012499999720603228
- 0.0012499999720603228
effort:
- .nan
- .nan
---
header:
  stamp:
    sec: 1791158453
    nanosec: 321932412
  frame_id: base_link
name:
- joint_x
- joint_y
position:
- -7.500000356230885e-05
- -7.500000356230885e-05
velocity:
- 0.0018749999580904841
- 0.0018749999580904841
effort:
- .nan
- .nan
---
header:
  stamp:
    sec: 1791158453
    nanosec: 341941415
  frame_id: base_link
name:
- joint_x
- joint_y
position:
- -1.249999968422344e-05
- -1.249999968422344e-05
velocity:
- 0.0031250000465661287
- 0.0031250000465661287
effort:
- .nan
- .nan
---
header:
  stamp:
    sec: 1791158453
    nanosec: 361927112
  frame_id: base_link
name:
- joint_x
- joint_y
position:
- 0.0
- 0.0
velocity:
- 0.0006249999860301614
- 0.0006249999860301614
effort:
- .nan
- .nan
---
header:
  stamp:
    sec: 1791158453
    nanosec: 381933457
  frame_id: base_link
name:
- joint_x
- joint_y
position:
- 0.0
- 0.0
velocity:
- 0.0
- 0.0
effort:
- .nan
- .nan
---
header:
  stamp:
    sec: 1791158453
    nanosec: 401918621
  frame_id: base_link
name:
- joint_x
- joint_y
position:
- 0.0
- 0.0
velocity:
- 0.0
- 0.0
effort:
- .nan
- .nan
---
header:
  stamp:
    sec: 1791158453
    nanosec: 421918229
  frame_id: base_link
name:
- joint_x
- joint_y
position:
- 0.0
- 0.0
velocity:
- 0.0
- 0.0
effort:
- .nan
- .nan
---
header:
  stamp:
    sec: 1791158453
    nanosec: 441938226
  frame_id: base_link
name:
- joint_x
- joint_y
position:
- 0.0
- 0.0
velocity:
- 0.0
- 0.0
effort:
- .nan
- .nan
---
header:
  stamp:
    sec: 1791158453
    nanosec: 461952118
  frame_id: base_link
name:
- joint_x
- joint_y
position:
- 0.0
- 0.0
velocity:
- 0.0
- 0.0
effort:
- .nan
- .nan
---
