[INFO] [launch]: All log files can be found below /home/adam/.ros/log/2026-10-04-19-00-37-505048-DESKTOP-HF5K4CO-5582
[INFO] [launch]: Default logging verbosity is set to INFO
[INFO] [robot_state_publisher-1]: process started with pid [5621]
[INFO] [ros2_control_node-2]: process started with pid [5623]
[INFO] [spawner-3]: process started with pid [5625]
[INFO] [spawner-4]: process started with pid [5627]
[robot_state_publisher-1] [INFO] [1791158437.994580940] [robot_state_publisher]: Robot initialized
[ros2_control_node-2] [INFO] [1791158438.020335321] [controller_manager]: Using Steady (Monotonic) clock for triggering controller manager cycles.
[ros2_control_node-2] [INFO] [1791158438.137674201] [controller_manager]: Subscribing to '/robot_description' topic for robot description.
[ros2_control_node-2] [INFO] [1791158438.137737033] [controller_manager]: update rate is 50 Hz
[ros2_control_node-2] [INFO] [1791158438.137748397] [controller_manager]: Overruns handling is : enabled
[ros2_control_node-2] [INFO] [1791158438.137755037] [controller_manager]: Spawning controller_manager RT thread with scheduler priority: 50
[ros2_control_node-2] [WARN] [1791158438.149037235] [controller_manager]: Could not enable FIFO RT scheduling policy: with error number <1>(Operation not permitted). See [https://control.ros.org/master/doc/ros2_control/controller_manager/doc/userdoc.html] for details on how to enable realtime scheduling.
[ros2_control_node-2] [INFO] [1791158438.154235558] [controller_manager]: Received robot description from topic.
[ros2_control_node-2] [INFO] [1791158438.154410199] [controller_manager]: Enforcing command limits is disabled. Command limits from URDF will be ignored.
[ros2_control_node-2] [INFO] [1791158438.221720762] [controller_manager]: Loading hardware 'ClearCore' 
[ros2_control_node-2] [INFO] [1791158438.337230780] [controller_manager]: Loaded hardware 'ClearCore' from plugin 'clearcore_hardware/ClearCoreSystemHardware'
[ros2_control_node-2] [INFO] [1791158438.337811750] [controller_manager]: Initialize hardware 'ClearCore' 
[ros2_control_node-2] [INFO] [1791158438.347006032] [controller_manager]: Successful initialization of hardware 'ClearCore'
[ros2_control_node-2] [INFO] [1791158438.347265113] [controller_manager]: Activating component 'ClearCore'.
[ros2_control_node-2] [INFO] [1791158438.347274998] [resource_manager]: 'configure' hardware 'ClearCore' 
[ros2_control_node-2] [INFO] [1791158438.347278529] [resource_manager]: Successful 'configure' of hardware 'ClearCore'
[ros2_control_node-2] [INFO] [1791158438.347281723] [resource_manager]: 'activate' hardware 'ClearCore' 
[ros2_control_node-2] [INFO] [1791158438.383812265] [resource_manager]: Successful 'activate' of hardware 'ClearCore'
[ros2_control_node-2] [INFO] [1791158438.383871554] [controller_manager]: Registering statistics for : ClearCore
[ros2_control_node-2] [INFO] [1791158438.384062675] [controller_manager]: Resource Manager has been successfully initialized. Starting Controller Manager services...
[spawner-3] [INFO] [1791158438.586357114] [spawner_joint_state_broadcaster]: waiting for service /controller_manager/list_controllers to become available...
[ros2_control_node-2] [INFO] [1791158439.089654780] [controller_manager]: Loading controller : 'joint_state_broadcaster' of type 'joint_state_broadcaster/JointStateBroadcaster'
[ros2_control_node-2] [INFO] [1791158439.089695768] [controller_manager]: Loading controller 'joint_state_broadcaster'
[ros2_control_node-2] [INFO] [1791158439.111374766] [controller_manager]: Controller 'joint_state_broadcaster' node arguments: --ros-args --params-file /mnt/d/CCDev/EnhancedClearCoreLibrary/ClearCoreROS/ros2_ws/install/clearcore_hardware/share/clearcore_hardware/config/controllers.yaml --params-file /tmp/launch_params__cw5k_xz 
[spawner-3] [INFO] [1791158439.130228959] [spawner_joint_state_broadcaster]: Loaded joint_state_broadcaster
[ros2_control_node-2] [INFO] [1791158439.131126803] [controller_manager]: Configuring controller: 'joint_state_broadcaster'
[ros2_control_node-2] [INFO] [1791158439.131178974] [joint_state_broadcaster]: 'joints' or 'interfaces' parameter is empty. All available state interfaces will be published
[ros2_control_node-2] [INFO] [1791158439.150343973] [controller_manager]: Activating controllers: [ joint_state_broadcaster ]
[ros2_control_node-2] [INFO] [1791158439.169318599] [controller_manager]: Successfully switched controllers!
[spawner-3] [INFO] [1791158439.189959527] [spawner_joint_state_broadcaster]: Configured and activated joint_state_broadcaster
[spawner-4] [INFO] [1791158439.259644282] [spawner_joint_trajectory_controller]: waiting for service /controller_manager/list_controllers to become available...
[INFO] [spawner-3]: process has finished cleanly [pid 5625]
[ros2_control_node-2] [INFO] [1791158439.516350381] [controller_manager]: Loading controller : 'joint_trajectory_controller' of type 'joint_trajectory_controller/JointTrajectoryController'
[ros2_control_node-2] [INFO] [1791158439.516402529] [controller_manager]: Loading controller 'joint_trajectory_controller'
[ros2_control_node-2] [INFO] [1791158439.529301007] [controller_manager]: Controller 'joint_trajectory_controller' node arguments: --ros-args --params-file /mnt/d/CCDev/EnhancedClearCoreLibrary/ClearCoreROS/ros2_ws/install/clearcore_hardware/share/clearcore_hardware/config/controllers.yaml --params-file /tmp/launch_params__cw5k_xz 
[spawner-4] [INFO] [1791158439.615721429] [spawner_joint_trajectory_controller]: Loaded joint_trajectory_controller
[ros2_control_node-2] [INFO] [1791158439.617968624] [controller_manager]: Configuring controller: 'joint_trajectory_controller'
[ros2_control_node-2] [INFO] [1791158439.618119077] [joint_trajectory_controller]: No specific joint names are used for command interfaces. Using 'joints' parameter.
[ros2_control_node-2] [INFO] [1791158439.618165881] [joint_trajectory_controller]: Command interfaces are [position] and state interfaces are [position velocity].
[ros2_control_node-2] [INFO] [1791158439.618184205] [joint_trajectory_controller]: Using 'splines' interpolation method.
[ros2_control_node-2] [INFO] [1791158439.622304486] [joint_trajectory_controller]: Action status changes will be monitored at 20.00 Hz.
[ros2_control_node-2] [INFO] [1791158439.625384951] [joint_trajectory_controller]: Setting initial scaling factor to 1.000000
[ros2_control_node-2] [INFO] [1791158439.625407917] [joint_trajectory_controller]: No scaling interface set. This controller will not read speed scaling from the hardware.
[ros2_control_node-2] [INFO] [1791158439.630881244] [controller_manager]: Activating controllers: [ joint_trajectory_controller ]
[ros2_control_node-2] [INFO] [1791158439.649438156] [controller_manager]: Successfully switched controllers!
[spawner-4] [INFO] [1791158439.670335836] [spawner_joint_trajectory_controller]: Configured and activated joint_trajectory_controller
[INFO] [spawner-4]: process has finished cleanly [pid 5627]
[ros2_control_node-2] [INFO] [1791158449.276758672] [joint_trajectory_controller]: Received new action goal
[ros2_control_node-2] [INFO] [1791158449.276793302] [joint_trajectory_controller]: Accepted new action goal
[ros2_control_node-2] [INFO] [1791158453.261898755] [joint_trajectory_controller]: Goal reached, success!
[WARNING] [launch]: user interrupted with ctrl-c (SIGINT)
[INFO] [ros2_control_node-2]: sending signal 'SIGINT' to process[ros2_control_node-2]
[INFO] [robot_state_publisher-1]: sending signal 'SIGINT' to process[robot_state_publisher-1]
[ros2_control_node-2] [INFO] [1791158453.643885493] [rclcpp]: signal_handler(SIGINT/SIGTERM)
[ros2_control_node-2] [INFO] [1791158453.643928116] [controller_manager]: Shutdown request received....
[ros2_control_node-2] [INFO] [1791158453.643987958] [controller_manager]: Shutting down all controllers in the controller manager.
[ros2_control_node-2] [INFO] [1791158453.643998762] [controller_manager]: Deactivating controller 'joint_trajectory_controller'
[ros2_control_node-2] [INFO] [1791158453.644025705] [controller_manager]: Shutting down controller 'joint_trajectory_controller'
[ros2_control_node-2] [WARN] [1791158453.644031276] [rclcpp]: empty wait set received in wait(). This should never happen.
[ros2_control_node-2] [INFO] [1791158453.644084913] [controller_manager]: Deactivating controller 'joint_state_broadcaster'
[ros2_control_node-2] [INFO] [1791158453.644105652] [controller_manager]: Shutting down controller 'joint_state_broadcaster'
[ros2_control_node-2] [INFO] [1791158453.644126599] [resource_manager]: 'deactivate' hardware 'ClearCore' 
[robot_state_publisher-1] [INFO] [1791158453.644301118] [rclcpp]: signal_handler(SIGINT/SIGTERM)
[ros2_control_node-2] [INFO] [1791158453.645198675] [resource_manager]: Successful 'deactivate' of hardware 'ClearCore'
[ros2_control_node-2] [INFO] [1791158453.645206082] [resource_manager]: 'shutdown' hardware 'ClearCore' 
[ros2_control_node-2] [INFO] [1791158453.645208021] [resource_manager]: Successful 'shutdown' of hardware 'ClearCore'
[ros2_control_node-2] [INFO] [1791158453.645230501] [controller_manager]: Shutting down the controller manager.
[ros2_control_node-2] [ERROR] [1791158453.645296320] [controller_manager.pal_statistics]: Exception in publisher thread: context cannot be slept with because it's invalid!. Aborting!
[ros2_control_node-2] [ERROR] [1791158453.645297936] [controller_manager.pal_statistics]: Exception in publisher thread: context cannot be slept with because it's invalid!. Aborting!
[ros2_control_node-2] [INFO] [1791158453.662190268] [controller_manager.pal_statistics]: Async messages lost 0
[ros2_control_node-2] [INFO] [1791158453.662206834] [controller_manager.pal_statistics]: publish_async_failures_ 0
[ros2_control_node-2] [INFO] [1791158453.662951782] [controller_manager.pal_statistics]: Async messages lost 0
[ros2_control_node-2] [INFO] [1791158453.662966093] [controller_manager.pal_statistics]: publish_async_failures_ 0
[INFO] [robot_state_publisher-1]: process has finished cleanly [pid 5621]
[INFO] [ros2_control_node-2]: process has finished cleanly [pid 5623]
