A message was lost!!!
	total count change:1
	total count: 1---
header:
  stamp:
    sec: 1791165066
    nanosec: 340715054
  frame_id: base_link
name:
- joint_x
- joint_y
position:
- 0.0
- 0.0
velocity:
- 0.0
- 0.0
effort:
- .nan
- .nan
---
header:
  stamp:
    sec: 1791165066
    nanosec: 360706971
  frame_id: base_link
name:
- joint_x
- joint_y
position:
- 0.0
- 0.0
velocity:
- 0.0
- 0.0
effort:
- .nan
- .nan
---
header:
  stamp:
    sec: 1791165066
    nanosec: 380709102
  frame_id: base_link
name:
- joint_x
- joint_y
position:
- 0.0
- 0.0
velocity:
- 0.0
- 0.0
effort:
- .nan
- .nan
---
header:
  stamp:
    sec: 1791165066
    nanosec: 400703046
  frame_id: base_link
name:
- joint_x
- joint_y
position:
- 0.0
- 0.0
velocity:
- 0.0
- 0.0
effort:
- .nan
- .nan
---
header:
  stamp:
    sec: 1791165066
    nanosec: 420702453
  frame_id: base_link
name:
- joint_x
- joint_y
position:
- 0.0
- 0.0
velocity:
- 0.0
- 0.0
effort:
- .nan
- .nan
---
header:
  stamp:
    sec: 1791165066
    nanosec: 440714350
  frame_id: base_link
name:
- joint_x
- joint_y
position:
- 0.0
- 0.0
velocity:
- 0.0
- 0.0
effort:
- .nan
- .nan
---
header:
  stamp:
    sec: 1791165066
    nanosec: 460710947
  frame_id: base_link
name:
- joint_x
- joint_y
position:
- 0.0
- 0.0
velocity:
- 0.0
- 0.0
effort:
- .nan
- .nan
---
header:
  stamp:
    sec: 1791165066
    nanosec: 480703991
  frame_id: base_link
name:
- joint_x
- joint_y
position:
- 0.0
- 0.0
velocity:
- 0.0
- 0.0
effort:
- .nan
- .nan
---
header:
  stamp:
    sec: 1791165066
    nanosec: 500707200
  frame_id: base_link
name:
- joint_x
- joint_y
position:
- 0.0
- 0.0
velocity:
- 0.0
- 0.0
effort:
- .nan
- .nan
---
header:
  stamp:
    sec: 1791165066
    nanosec: 520704539
  frame_id: base_link
name:
- joint_x
- joint_y
position:
- 0.0
- 0.0
velocity:
- 0.0
- 0.0
effort:
- .nan
- .nan
---
header:
  stamp:
    sec: 1791165066
    nanosec: 540709394
  frame_id: base_link
name:
- joint_x
- joint_y
position:
- 0.0
- 0.0
velocity:
- 0.0
- 0.0
effort:
- .nan
- .nan
---
header:
  stamp:
    sec: 1791165066
    nanosec: 560716192
  frame_id: base_link
name:
- joint_x
- joint_y
position:
- 0.0
- 0.0
velocity:
- 0.0
- 0.0
effort:
- .nan
- .nan
---
header:
  stamp:
    sec: 1791165066
    nanosec: 580704449
  frame_id: base_link
name:
- joint_x
- joint_y
position:
- 0.0
- 0.0
velocity:
- 0.0
- 0.0
effort:
- .nan
- .nan
---
header:
  stamp:
    sec: 1791165066
    nanosec: 600701821
  frame_id: base_link
name:
- joint_x
- joint_y
position:
- 0.0
- 0.0
velocity:
- 0.0
- 0.0
effort:
- .nan
- .nan
---
header:
  stamp:
    sec: 1791165066
    nanosec: 620704125
  frame_id: base_link
name:
- joint_x
- joint_y
position:
- 0.0
- 0.0
velocity:
- 0.0
- 0.0
effort:
- .nan
- .nan
---
header:
  stamp:
    sec: 1791165066
    nanosec: 640703333
  frame_id: base_link
name:
- joint_x
- joint_y
position:
- 0.0
- 0.0
velocity:
- 0.0
- 0.0
effort:
- .nan
- .nan
---
header:
  stamp:
    sec: 1791165066
    nanosec: 660700694
  frame_id: base_link
name:
- joint_x
- joint_y
position:
- 0.0
- 0.0
velocity:
- 0.0
- 0.0
effort:
- .nan
- .nan
---
header:
  stamp:
    sec: 1791165066
    nanosec: 680703713
  frame_id: base_link
name:
- joint_x
- joint_y
position:
- 0.0
- 0.0
velocity:
- 0.0
- 0.0
effort:
- .nan
- .nan
---
header:
  stamp:
    sec: 1791165066
    nanosec: 700710023
  frame_id: base_link
name:
- joint_x
- joint_y
position:
- 0.0
- 0.0
velocity:
- 0.0
- 0.0
effort:
- .nan
- .nan
---
header:
  stamp:
    sec: 1791165066
    nanosec: 720702027
  frame_id: base_link
name:
- joint_x
- joint_y
position:
- 0.0
- 0.0
velocity:
- 0.0
- 0.0
effort:
- .nan
- .nan
---
header:
  stamp:
    sec: 1791165066
    nanosec: 740703679
  frame_id: base_link
name:
- joint_x
- joint_y
position:
- 0.0
- 0.0
velocity:
- 0.0
- 0.0
effort:
- .nan
- .nan
---
header:
  stamp:
    sec: 1791165066
    nanosec: 760700691
  frame_id: base_link
name:
- joint_x
- joint_y
position:
- 0.0
- 0.0
velocity:
- 0.0
- 0.0
effort:
- .nan
- .nan
---
header:
  stamp:
    sec: 1791165066
    nanosec: 780713147
  frame_id: base_link
name:
- joint_x
- joint_y
position:
- 0.0
- 0.0
velocity:
- 0.0
- 0.0
effort:
- .nan
- .nan
---
header:
  stamp:
    sec: 1791165066
    nanosec: 800675085
  frame_id: base_link
name:
- joint_x
- joint_y
position:
- 0.0
- 0.0
velocity:
- 0.0
- 0.0
effort:
- .nan
- .nan
---
header:
  stamp:
    sec: 1791165066
    nanosec: 820670984
  frame_id: base_link
name:
- joint_x
- joint_y
position:
- 0.0
- 0.0
velocity:
- 0.0
- 0.0
effort:
- .nan
- .nan
---
header:
  stamp:
    sec: 1791165066
    nanosec: 840707015
  frame_id: base_link
name:
- joint_x
- joint_y
position:
- 0.0
- 0.0
velocity:
- 0.0
- 0.0
effort:
- .nan
- .nan
---
header:
  stamp:
    sec: 1791165066
    nanosec: 860700027
  frame_id: base_link
name:
- joint_x
- joint_y
position:
- 0.0
- 0.0
velocity:
- 0.0
- 0.0
effort:
- .nan
- .nan
---
header:
  stamp:
    sec: 1791165066
    nanosec: 880700200
  frame_id: base_link
name:
- joint_x
- joint_y
position:
- 0.0
- 0.0
velocity:
- 0.0
- 0.0
effort:
- .nan
- .nan
---
header:
  stamp:
    sec: 1791165066
    nanosec: 900702574
  frame_id: base_link
name:
- joint_x
- joint_y
position:
- 0.0
- 0.0
velocity:
- 0.0
- 0.0
effort:
- .nan
- .nan
---
header:
  stamp:
    sec: 1791165067
    nanosec: 60740084
  frame_id: base_link
name:
- joint_x
- joint_y
position:
- 0.0
- 0.0
velocity:
- 0.0
- 0.0
effort:
- .nan
- .nan
---
header:
  stamp:
    sec: 1791165067
    nanosec: 80710053
  frame_id: base_link
name:
- joint_x
- joint_y
position:
- 0.0
- 0.0
velocity:
- 0.0
- 0.0
effort:
- .nan
- .nan
---
header:
  stamp:
    sec: 1791165067
    nanosec: 100712058
  frame_id: base_link
name:
- joint_x
- joint_y
position:
- 0.0
- 0.0
velocity:
- 0.0
- 0.0
effort:
- .nan
- .nan
---
header:
  stamp:
    sec: 1791165067
    nanosec: 120703150
  frame_id: base_link
name:
- joint_x
- joint_y
position:
- 0.0
- 0.0
velocity:
- 0.0
- 0.0
effort:
- .nan
- .nan
---
header:
  stamp:
    sec: 1791165067
    nanosec: 140702073
  frame_id: base_link
name:
- joint_x
- joint_y
position:
- 0.0
- 0.0
velocity:
- 0.0
- 0.0
effort:
- .nan
- .nan
---
header:
  stamp:
    sec: 1791165067
    nanosec: 160704138
  frame_id: base_link
name:
- joint_x
- joint_y
position:
- 0.0
- 0.0
velocity:
- 0.0
- 0.0
effort:
- .nan
- .nan
---
header:
  stamp:
    sec: 1791165067
    nanosec: 180706132
  frame_id: base_link
name:
- joint_x
- joint_y
position:
- 0.0
- 0.0
velocity:
- 0.0
- 0.0
effort:
- .nan
- .nan
---
header:
  stamp:
    sec: 1791165067
    nanosec: 200703302
  frame_id: base_link
name:
- joint_x
- joint_y
position:
- 0.0
- 0.0
velocity:
- 0.0
- 0.0
effort:
- .nan
- .nan
---
header:
  stamp:
    sec: 1791165067
    nanosec: 220705510
  frame_id: base_link
name:
- joint_x
- joint_y
position:
- 0.0
- 0.0
velocity:
- 0.0
- 0.0
effort:
- .nan
- .nan
---
header:
  stamp:
    sec: 1791165067
    nanosec: 240708904
  frame_id: base_link
name:
- joint_x
- joint_y
position:
- 0.0
- 0.0
velocity:
- 0.0
- 0.0
effort:
- .nan
- .nan
---
header:
  stamp:
    sec: 1791165067
    nanosec: 260706130
  frame_id: base_link
name:
- joint_x
- joint_y
position:
- 0.0
- 0.0
velocity:
- 0.0
- 0.0
effort:
- .nan
- .nan
---
header:
  stamp:
    sec: 1791165067
    nanosec: 280711200
  frame_id: base_link
name:
- joint_x
- joint_y
position:
- 0.0
- 0.0
velocity:
- 0.0
- 0.0
effort:
- .nan
- .nan
---
header:
  stamp:
    sec: 1791165067
    nanosec: 300723027
  frame_id: base_link
name:
- joint_x
- joint_y
position:
- 0.0
- 0.0
velocity:
- 0.0
- 0.0
effort:
- .nan
- .nan
---
header:
  stamp:
    sec: 1791165067
    nanosec: 320708127
  frame_id: base_link
name:
- joint_x
- joint_y
position:
- 0.0
- 0.0
velocity:
- 0.0
- 0.0
effort:
- .nan
- .nan
---
header:
  stamp:
    sec: 1791165067
    nanosec: 340711983
  frame_id: base_link
name:
- joint_x
- joint_y
position:
- 0.0
- 0.0
velocity:
- 0.0
- 0.0
effort:
- .nan
- .nan
---
header:
  stamp:
    sec: 1791165067
    nanosec: 360717285
  frame_id: base_link
name:
- joint_x
- joint_y
position:
- 0.0
- 0.0
velocity:
- 0.0
- 0.0
effort:
- .nan
- .nan
---
header:
  stamp:
    sec: 1791165067
    nanosec: 380687697
  frame_id: base_link
name:
- joint_x
- joint_y
position:
- 0.0
- 0.0
velocity:
- 0.0
- 0.0
effort:
- .nan
- .nan
---
header:
  stamp:
    sec: 1791165067
    nanosec: 400691666
  frame_id: base_link
name:
- joint_x
- joint_y
position:
- 0.0
- 0.0
velocity:
- 0.0
- 0.0
effort:
- .nan
- .nan
---
header:
  stamp:
    sec: 1791165067
    nanosec: 420692267
  frame_id: base_link
name:
- joint_x
- joint_y
position:
- 0.0
- 0.0
velocity:
- 0.0
- 0.0
effort:
- .nan
- .nan
---
header:
  stamp:
    sec: 1791165067
    nanosec: 440694046
  frame_id: base_link
name:
- joint_x
- joint_y
position:
- 0.0
- 0.0
velocity:
- 0.0
- 0.0
effort:
- .nan
- .nan
---
header:
  stamp:
    sec: 1791165067
    nanosec: 460716116
  frame_id: base_link
name:
- joint_x
- joint_y
position:
- 0.0
- 0.0
velocity:
- 0.0
- 0.0
effort:
- .nan
- .nan
---
header:
  stamp:
    sec: 1791165067
    nanosec: 480701539
  frame_id: base_link
name:
- joint_x
- joint_y
position:
- 0.0
- 0.0
velocity:
- 0.0
- 0.0
effort:
- .nan
- .nan
---
header:
  stamp:
    sec: 1791165067
    nanosec: 500689152
  frame_id: base_link
name:
- joint_x
- joint_y
position:
- 0.0
- 0.0
velocity:
- 0.0
- 0.0
effort:
- .nan
- .nan
---
header:
  stamp:
    sec: 1791165067
    nanosec: 520694441
  frame_id: base_link
name:
- joint_x
- joint_y
position:
- 0.0
- 0.0
velocity:
- 0.0
- 0.0
effort:
- .nan
- .nan
---
header:
  stamp:
    sec: 1791165067
    nanosec: 540688548
  frame_id: base_link
name:
- joint_x
- joint_y
position:
- 0.0
- 0.0
velocity:
- 0.0
- 0.0
effort:
- .nan
- .nan
---
header:
  stamp:
    sec: 1791165067
    nanosec: 560689110
  frame_id: base_link
name:
- joint_x
- joint_y
position:
- 0.0
- 0.0
velocity:
- 0.0
- 0.0
effort:
- .nan
- .nan
---
header:
  stamp:
    sec: 1791165067
    nanosec: 580690572
  frame_id: base_link
name:
- joint_x
- joint_y
position:
- 0.0
- 0.0
velocity:
- 0.0
- 0.0
effort:
- .nan
- .nan
---
header:
  stamp:
    sec: 1791165067
    nanosec: 600687476
  frame_id: base_link
name:
- joint_x
- joint_y
position:
- 0.0
- 0.0
velocity:
- 0.0
- 0.0
effort:
- .nan
- .nan
---
header:
  stamp:
    sec: 1791165067
    nanosec: 620695764
  frame_id: base_link
name:
- joint_x
- joint_y
position:
- 0.0
- 0.0
velocity:
- 0.0
- 0.0
effort:
- .nan
- .nan
---
header:
  stamp:
    sec: 1791165067
    nanosec: 640693745
  frame_id: base_link
name:
- joint_x
- joint_y
position:
- 0.0
- 0.0
velocity:
- 0.0
- 0.0
effort:
- .nan
- .nan
---
header:
  stamp:
    sec: 1791165067
    nanosec: 660694810
  frame_id: base_link
name:
- joint_x
- joint_y
position:
- 0.0
- 0.0
velocity:
- 0.0
- 0.0
effort:
- .nan
- .nan
---
header:
  stamp:
    sec: 1791165067
    nanosec: 680695284
  frame_id: base_link
name:
- joint_x
- joint_y
position:
- 0.0
- 0.0
velocity:
- 0.0
- 0.0
effort:
- .nan
- .nan
---
header:
  stamp:
    sec: 1791165067
    nanosec: 700692483
  frame_id: base_link
name:
- joint_x
- joint_y
position:
- 0.0
- 0.0
velocity:
- 0.0
- 0.0
effort:
- .nan
- .nan
---
header:
  stamp:
    sec: 1791165067
    nanosec: 720694590
  frame_id: base_link
name:
- joint_x
- joint_y
position:
- 0.0
- 0.0
velocity:
- 0.0
- 0.0
effort:
- .nan
- .nan
---
header:
  stamp:
    sec: 1791165067
    nanosec: 740699246
  frame_id: base_link
name:
- joint_x
- joint_y
position:
- 0.0
- 0.0
velocity:
- 0.0
- 0.0
effort:
- .nan
- .nan
---
header:
  stamp:
    sec: 1791165067
    nanosec: 760692330
  frame_id: base_link
name:
- joint_x
- joint_y
position:
- 0.0
- 0.0
velocity:
- 0.0
- 0.0
effort:
- .nan
- .nan
---
header:
  stamp:
    sec: 1791165067
    nanosec: 780695589
  frame_id: base_link
name:
- joint_x
- joint_y
position:
- 0.0
- 0.0
velocity:
- 0.0
- 0.0
effort:
- .nan
- .nan
---
header:
  stamp:
    sec: 1791165067
    nanosec: 800693574
  frame_id: base_link
name:
- joint_x
- joint_y
position:
- 0.0
- 0.0
velocity:
- 0.0
- 0.0
effort:
- .nan
- .nan
---
header:
  stamp:
    sec: 1791165067
    nanosec: 820711459
  frame_id: base_link
name:
- joint_x
- joint_y
position:
- 0.0
- 0.0
velocity:
- 0.0
- 0.0
effort:
- .nan
- .nan
---
header:
  stamp:
    sec: 1791165067
    nanosec: 840705412
  frame_id: base_link
name:
- joint_x
- joint_y
position:
- 0.0
- 0.0
velocity:
- 0.0
- 0.0
effort:
- .nan
- .nan
---
header:
  stamp:
    sec: 1791165067
    nanosec: 860721247
  frame_id: base_link
name:
- joint_x
- joint_y
position:
- 0.0
- 0.0
velocity:
- 0.0
- 0.0
effort:
- .nan
- .nan
---
header:
  stamp:
    sec: 1791165067
    nanosec: 880710034
  frame_id: base_link
name:
- joint_x
- joint_y
position:
- 0.0
- 0.0
velocity:
- 0.0
- 0.0
effort:
- .nan
- .nan
---
header:
  stamp:
    sec: 1791165067
    nanosec: 904565440
  frame_id: base_link
name:
- joint_x
- joint_y
position:
- 0.0
- 0.0
velocity:
- 0.0
- 0.0
effort:
- .nan
- .nan
---
header:
  stamp:
    sec: 1791165067
    nanosec: 920678282
  frame_id: base_link
name:
- joint_x
- joint_y
position:
- 0.0
- 0.0
velocity:
- 0.0
- 0.0
effort:
- .nan
- .nan
---
header:
  stamp:
    sec: 1791165067
    nanosec: 940683598
  frame_id: base_link
name:
- joint_x
- joint_y
position:
- 0.0
- 0.0
velocity:
- 0.0
- 0.0
effort:
- .nan
- .nan
---
header:
  stamp:
    sec: 1791165067
    nanosec: 960686203
  frame_id: base_link
name:
- joint_x
- joint_y
position:
- 0.0
- 0.0
velocity:
- 0.0
- 0.0
effort:
- .nan
- .nan
---
header:
  stamp:
    sec: 1791165067
    nanosec: 980675074
  frame_id: base_link
name:
- joint_x
- joint_y
position:
- 0.0
- 0.0
velocity:
- 0.0
- 0.0
effort:
- .nan
- .nan
---
header:
  stamp:
    sec: 1791165068
    nanosec: 685341
  frame_id: base_link
name:
- joint_x
- joint_y
position:
- 0.0
- 0.0
velocity:
- 0.0
- 0.0
effort:
- .nan
- .nan
---
header:
  stamp:
    sec: 1791165068
    nanosec: 20670121
  frame_id: base_link
name:
- joint_x
- joint_y
position:
- 0.0
- 0.0
velocity:
- 0.0
- 0.0
effort:
- .nan
- .nan
---
header:
  stamp:
    sec: 1791165068
    nanosec: 40731982
  frame_id: base_link
name:
- joint_x
- joint_y
position:
- 0.0
- 0.0
velocity:
- 0.0
- 0.0
effort:
- .nan
- .nan
---
header:
  stamp:
    sec: 1791165068
    nanosec: 60709445
  frame_id: base_link
name:
- joint_x
- joint_y
position:
- 0.0
- 0.0
velocity:
- 0.0
- 0.0
effort:
- .nan
- .nan
---
header:
  stamp:
    sec: 1791165068
    nanosec: 80670124
  frame_id: base_link
name:
- joint_x
- joint_y
position:
- 0.0
- 0.0
velocity:
- 0.0
- 0.0
effort:
- .nan
- .nan
---
header:
  stamp:
    sec: 1791165068
    nanosec: 100708982
  frame_id: base_link
name:
- joint_x
- joint_y
position:
- 0.0
- 0.0
velocity:
- 0.0
- 0.0
effort:
- .nan
- .nan
---
header:
  stamp:
    sec: 1791165068
    nanosec: 120719786
  frame_id: base_link
name:
- joint_x
- joint_y
position:
- 0.0
- 0.0
velocity:
- 0.0
- 0.0
effort:
- .nan
- .nan
---
header:
  stamp:
    sec: 1791165068
    nanosec: 140706192
  frame_id: base_link
name:
- joint_x
- joint_y
position:
- 0.0
- 0.0
velocity:
- 0.0
- 0.0
effort:
- .nan
- .nan
---
header:
  stamp:
    sec: 1791165068
    nanosec: 160693409
  frame_id: base_link
name:
- joint_x
- joint_y
position:
- 0.0
- 0.0
velocity:
- 0.0
- 0.0
effort:
- .nan
- .nan
---
header:
  stamp:
    sec: 1791165068
    nanosec: 180677826
  frame_id: base_link
name:
- joint_x
- joint_y
position:
- 0.0
- 0.0
velocity:
- 0.0
- 0.0
effort:
- .nan
- .nan
---
header:
  stamp:
    sec: 1791165068
    nanosec: 200720358
  frame_id: base_link
name:
- joint_x
- joint_y
position:
- 6.24999984211172e-06
- 6.24999984211172e-06
velocity:
- 0.0
- 0.0
effort:
- .nan
- .nan
---
header:
  stamp:
    sec: 1791165068
    nanosec: 220674032
  frame_id: base_link
name:
- joint_x
- joint_y
position:
- 2.499999936844688e-05
- 2.499999936844688e-05
velocity:
- 0.0011904762359336019
- 0.0011904762359336019
effort:
- .nan
- .nan
---
header:
  stamp:
    sec: 1791165068
    nanosec: 240661469
  frame_id: base_link
name:
- joint_x
- joint_y
position:
- 6.874999962747097e-05
- 6.874999962747097e-05
velocity:
- 0.0021875000093132257
- 0.0021875000093132257
effort:
- .nan
- .nan
---
header:
  stamp:
    sec: 1791165068
    nanosec: 260714740
  frame_id: base_link
name:
- joint_x
- joint_y
position:
- 0.0001250000059371814
- 0.0001250000059371814
velocity:
- 0.002812500111758709
- 0.002812500111758709
effort:
- .nan
- .nan
---
header:
  stamp:
    sec: 1791165068
    nanosec: 280713715
  frame_id: base_link
name:
- joint_x
- joint_y
position:
- 0.00019999999494757503
- 0.00019999999494757503
velocity:
- 0.0037499999161809683
- 0.0037499999161809683
effort:
- .nan
- .nan
---
header:
  stamp:
    sec: 1791165068
    nanosec: 300709742
  frame_id: base_link
name:
- joint_x
- joint_y
position:
- 0.00028750000637955964
- 0.00028750000637955964
velocity:
- 0.0043750000186264515
- 0.0043750000186264515
effort:
- .nan
- .nan
---
header:
  stamp:
    sec: 1791165068
    nanosec: 320709055
  frame_id: base_link
name:
- joint_x
- joint_y
position:
- 0.00038750001112930477
- 0.00038750001112930477
velocity:
- 0.004999999888241291
- 0.004999999888241291
effort:
- .nan
- .nan
---
header:
  stamp:
    sec: 1791165068
    nanosec: 340714526
  frame_id: base_link
name:
- joint_x
- joint_y
position:
- 0.000512500002514571
- 0.000512500002514571
velocity:
- 0.0062500000931322575
- 0.0062500000931322575
effort:
- .nan
- .nan
---
header:
  stamp:
    sec: 1791165068
    nanosec: 360710898
  frame_id: base_link
name:
- joint_x
- joint_y
position:
- 0.0007875000010244548
- 0.0007875000010244548
velocity:
- 0.0071875001303851604
- 0.0071875001303851604
effort:
- .nan
- .nan
---
header:
  stamp:
    sec: 1791165068
    nanosec: 380711384
  frame_id: base_link
name:
- joint_x
- joint_y
position:
- 0.0009437500266358256
- 0.0009437500266358256
velocity:
- 0.0078125
- 0.0078125
effort:
- .nan
- .nan
---
header:
  stamp:
    sec: 1791165068
    nanosec: 400709484
  frame_id: base_link
name:
- joint_x
- joint_y
position:
- 0.0011187499621883035
- 0.0011187499621883035
velocity:
- 0.008333333767950535
- 0.008333333767950535
effort:
- .nan
- .nan
---
header:
  stamp:
    sec: 1791165068
    nanosec: 420732940
  frame_id: base_link
name:
- joint_x
- joint_y
position:
- 0.001312499982304871
- 0.001312499982304871
velocity:
- 0.009687500074505806
- 0.009687500074505806
effort:
- .nan
- .nan
---
header:
  stamp:
    sec: 1791165068
    nanosec: 440710954
  frame_id: base_link
name:
- joint_x
- joint_y
position:
- 0.0015062500024214387
- 0.0015062500024214387
velocity:
- 0.009687500074505806
- 0.009687500074505806
effort:
- .nan
- .nan
---
header:
  stamp:
    sec: 1791165068
    nanosec: 460712308
  frame_id: base_link
name:
- joint_x
- joint_y
position:
- 0.001706250011920929
- 0.001706250011920929
velocity:
- 0.009999999776482582
- 0.009999999776482582
effort:
- .nan
- .nan
---
header:
  stamp:
    sec: 1791165068
    nanosec: 480708074
  frame_id: base_link
name:
- joint_x
- joint_y
position:
- 0.0019249999895691872
- 0.0019249999895691872
velocity:
- 0.010937499813735485
- 0.010937499813735485
effort:
- .nan
- .nan
---
header:
  stamp:
    sec: 1791165068
    nanosec: 500703782
  frame_id: base_link
name:
- joint_x
- joint_y
position:
- 0.00215000007301569
- 0.00215000007301569
velocity:
- 0.011250000447034836
- 0.011250000447034836
effort:
- .nan
- .nan
---
header:
  stamp:
    sec: 1791165068
    nanosec: 520710486
  frame_id: base_link
name:
- joint_x
- joint_y
position:
- 0.002400000113993883
- 0.002400000113993883
velocity:
- 0.012500000186264515
- 0.012500000186264515
effort:
- .nan
- .nan
---
header:
  stamp:
    sec: 1791165068
    nanosec: 540716159
  frame_id: base_link
name:
- joint_x
- joint_y
position:
- 0.002643750049173832
- 0.002643750049173832
velocity:
- 0.012187499552965164
- 0.012187499552965164
effort:
- .nan
- .nan
---
header:
  stamp:
    sec: 1791165068
    nanosec: 560724796
  frame_id: base_link
name:
- joint_x
- joint_y
position:
- 0.002899999963119626
- 0.002899999963119626
velocity:
- 0.012812499888241291
- 0.012812499888241291
effort:
- .nan
- .nan
---
header:
  stamp:
    sec: 1791165068
    nanosec: 580725704
  frame_id: base_link
name:
- joint_x
- joint_y
position:
- 0.0031624999828636646
- 0.0031624999828636646
velocity:
- 0.013124999590218067
- 0.013124999590218067
effort:
- .nan
- .nan
---
header:
  stamp:
    sec: 1791165068
    nanosec: 600745808
  frame_id: base_link
name:
- joint_x
- joint_y
position:
- 0.003731250064447522
- 0.0037249999586492777
velocity:
- 0.014375000260770321
- 0.013749999925494194
effort:
- .nan
- .nan
---
header:
  stamp:
    sec: 1791165068
    nanosec: 620721341
  frame_id: base_link
name:
- joint_x
- joint_y
position:
- 0.004018750041723251
- 0.004018750041723251
velocity:
- 0.014375000260770321
- 0.014687499962747097
effort:
- .nan
- .nan
---
header:
  stamp:
    sec: 1791165068
    nanosec: 640723036
  frame_id: base_link
name:
- joint_x
- joint_y
position:
- 0.004318749997764826
- 0.004318749997764826
velocity:
- 0.014999999664723873
- 0.014999999664723873
effort:
- .nan
- .nan
---
header:
  stamp:
    sec: 1791165068
    nanosec: 660722033
  frame_id: base_link
name:
- joint_x
- joint_y
position:
- 0.004625000059604645
- 0.004625000059604645
velocity:
- 0.015312500298023224
- 0.015312500298023224
effort:
- .nan
- .nan
---
header:
  stamp:
    sec: 1791165068
    nanosec: 680713439
  frame_id: base_link
name:
- joint_x
- joint_y
position:
- 0.004937500227242708
- 0.004937500227242708
velocity:
- 0.015625
- 0.015625
effort:
- .nan
- .nan
---
header:
  stamp:
    sec: 1791165068
    nanosec: 700708337
  frame_id: base_link
name:
- joint_x
- joint_y
position:
- 0.005281249992549419
- 0.005281249992549419
velocity:
- 0.016875000670552254
- 0.016875000670552254
effort:
- .nan
- .nan
---
header:
  stamp:
    sec: 1791165068
    nanosec: 720713278
  frame_id: base_link
name:
- joint_x
- joint_y
position:
- 0.0056062499061226845
- 0.0056062499061226845
velocity:
- 0.01656249910593033
- 0.016249999403953552
effort:
- .nan
- .nan
---
header:
  stamp:
    sec: 1791165068
    nanosec: 740704211
  frame_id: base_link
name:
- joint_x
- joint_y
position:
- 0.0059437500312924385
- 0.005937499925494194
velocity:
- 0.01656249910593033
- 0.016875000670552254
effort:
- .nan
- .nan
---
header:
  stamp:
    sec: 1791165068
    nanosec: 760712023
  frame_id: base_link
name:
- joint_x
- joint_y
position:
- 0.0062812501564621925
- 0.0062812501564621925
velocity:
- 0.01718750037252903
- 0.016875000670552254
effort:
- .nan
- .nan
---
header:
  stamp:
    sec: 1791165068
    nanosec: 780710823
  frame_id: base_link
name:
- joint_x
- joint_y
position:
- 0.006631250027567148
- 0.006624999921768904
velocity:
- 0.01718750037252903
- 0.017500000074505806
effort:
- .nan
- .nan
---
header:
  stamp:
    sec: 1791165068
    nanosec: 800708413
  frame_id: base_link
name:
- joint_x
- joint_y
position:
- 0.007000000216066837
- 0.007000000216066837
velocity:
- 0.01785714365541935
- 0.01785714365541935
effort:
- .nan
- .nan
---
header:
  stamp:
    sec: 1791165068
    nanosec: 820712124
  frame_id: base_link
name:
- joint_x
- joint_y
position:
- 0.007737500127404928
- 0.007737500127404928
velocity:
- 0.018124999478459358
- 0.018124999478459358
effort:
- .nan
- .nan
---
header:
  stamp:
    sec: 1791165068
    nanosec: 840710996
  frame_id: base_link
name:
- joint_x
- joint_y
position:
- 0.008106250315904617
- 0.008106250315904617
velocity:
- 0.018437499180436134
- 0.018437499180436134
effort:
- .nan
- .nan
---
header:
  stamp:
    sec: 1791165068
    nanosec: 860709350
  frame_id: base_link
name:
- joint_x
- joint_y
position:
- 0.008481250144541264
- 0.008475000038743019
velocity:
- 0.01875000074505806
- 0.018437499180436134
effort:
- .nan
- .nan
---
header:
  stamp:
    sec: 1791165068
    nanosec: 880706962
  frame_id: base_link
name:
- joint_x
- joint_y
position:
- 0.008875000290572643
- 0.008875000290572643
velocity:
- 0.019687499850988388
- 0.019687499850988388
effort:
- .nan
- .nan
---
header:
  stamp:
    sec: 1791165068
    nanosec: 900705956
  frame_id: base_link
name:
- joint_x
- joint_y
position:
- 0.009256250225007534
- 0.009256250225007534
velocity:
- 0.019062500447034836
- 0.019375000149011612
effort:
- .nan
- .nan
---
header:
  stamp:
    sec: 1791165068
    nanosec: 920715272
  frame_id: base_link
name:
- joint_x
- joint_y
position:
- 0.009650000371038914
- 0.00964375026524067
velocity:
- 0.019375000149011612
- 0.019375000149011612
effort:
- .nan
- .nan
---
header:
  stamp:
    sec: 1791165068
    nanosec: 940714910
  frame_id: base_link
name:
- joint_x
- joint_y
position:
- 0.010037500411272049
- 0.010037500411272049
velocity:
- 0.019687499850988388
- 0.019375000149011612
effort:
- .nan
- .nan
---
header:
  stamp:
    sec: 1791165068
    nanosec: 960673241
  frame_id: base_link
name:
- joint_x
- joint_y
position:
- 0.010431249625980854
- 0.010431249625980854
velocity:
- 0.019687499850988388
- 0.019687499850988388
effort:
- .nan
- .nan
---
header:
  stamp:
    sec: 1791165068
    nanosec: 980671750
  frame_id: base_link
name:
- joint_x
- joint_y
position:
- 0.010850000195205212
- 0.010843750089406967
velocity:
- 0.01994047686457634
- 0.01994047686457634
effort:
- .nan
- .nan
---
header:
  stamp:
    sec: 1791165069
    nanosec: 671405
  frame_id: base_link
name:
- joint_x
- joint_y
position:
- 0.011268749833106995
- 0.011268749833106995
velocity:
- 0.020937500521540642
- 0.020937500521540642
effort:
- .nan
- .nan
---
header:
  stamp:
    sec: 1791165069
    nanosec: 20710152
  frame_id: base_link
name:
- joint_x
- joint_y
position:
- 0.011675000190734863
- 0.011668750084936619
velocity:
- 0.019999999552965164
- 0.019999999552965164
effort:
- .nan
- .nan
---
header:
  stamp:
    sec: 1791165069
    nanosec: 40718780
  frame_id: base_link
name:
- joint_x
- joint_y
position:
- 0.012468749657273293
- 0.012462499551475048
velocity:
- 0.019999999552965164
- 0.019999999552965164
effort:
- .nan
- .nan
---
header:
  stamp:
    sec: 1791165069
    nanosec: 60712124
  frame_id: base_link
name:
- joint_x
- joint_y
position:
- 0.012900000438094139
- 0.012900000438094139
velocity:
- 0.021562499925494194
- 0.021562499925494194
effort:
- .nan
- .nan
---
header:
  stamp:
    sec: 1791165069
    nanosec: 80713752
  frame_id: base_link
name:
- joint_x
- joint_y
position:
- 0.013312499970197678
- 0.013306249864399433
velocity:
- 0.02031249925494194
- 0.02031249925494194
effort:
- .nan
- .nan
---
header:
  stamp:
    sec: 1791165069
    nanosec: 100707249
  frame_id: base_link
name:
- joint_x
- joint_y
position:
- 0.013718750327825546
- 0.013718750327825546
velocity:
- 0.020625000819563866
- 0.020625000819563866
effort:
- .nan
- .nan
---
header:
  stamp:
    sec: 1791165069
    nanosec: 120705811
  frame_id: base_link
name:
- joint_x
- joint_y
position:
- 0.014131249859929085
- 0.014131249859929085
velocity:
- 0.02031249925494194
- 0.020625000819563866
effort:
- .nan
- .nan
---
header:
  stamp:
    sec: 1791165069
    nanosec: 140709904
  frame_id: base_link
name:
- joint_x
- joint_y
position:
- 0.014537500217556953
- 0.014537500217556953
velocity:
- 0.020625000819563866
- 0.020625000819563866
effort:
- .nan
- .nan
---
header:
  stamp:
    sec: 1791165069
    nanosec: 160706793
  frame_id: base_link
name:
- joint_x
- joint_y
position:
- 0.014968750067055225
- 0.014968750067055225
velocity:
- 0.02053571492433548
- 0.02053571492433548
effort:
- .nan
- .nan
---
header:
  stamp:
    sec: 1791165069
    nanosec: 180711138
  frame_id: base_link
name:
- joint_x
- joint_y
position:
- 0.015406250022351742
- 0.015406250022351742
velocity:
- 0.02187499962747097
- 0.02187499962747097
effort:
- .nan
- .nan
---
header:
  stamp:
    sec: 1791165069
    nanosec: 200711182
  frame_id: base_link
name:
- joint_x
- joint_y
position:
- 0.015818750485777855
- 0.015818750485777855
velocity:
- 0.020625000819563866
- 0.020625000819563866
effort:
- .nan
- .nan
---
header:
  stamp:
    sec: 1791165069
    nanosec: 220713257
  frame_id: base_link
name:
- joint_x
- joint_y
position:
- 0.016231250017881393
- 0.016231250017881393
velocity:
- 0.020625000819563866
- 0.02031249925494194
effort:
- .nan
- .nan
---
header:
  stamp:
    sec: 1791165069
    nanosec: 240705074
  frame_id: base_link
name:
- joint_x
- joint_y
position:
- 0.016643749549984932
- 0.016643749549984932
velocity:
- 0.020625000819563866
- 0.020937500521540642
effort:
- .nan
- .nan
---
header:
  stamp:
    sec: 1791165069
    nanosec: 260720621
  frame_id: base_link
name:
- joint_x
- joint_y
position:
- 0.0170499999076128
- 0.0170499999076128
velocity:
- 0.02031249925494194
- 0.02031249925494194
effort:
- .nan
- .nan
---
header:
  stamp:
    sec: 1791165069
    nanosec: 280713928
  frame_id: base_link
name:
- joint_x
- joint_y
position:
- 0.017881250008940697
- 0.017881250008940697
velocity:
- 0.019999999552965164
- 0.02031249925494194
effort:
- .nan
- .nan
---
header:
  stamp:
    sec: 1791165069
    nanosec: 300709226
  frame_id: base_link
name:
- joint_x
- joint_y
position:
- 0.018287500366568565
- 0.018281249329447746
velocity:
- 0.020625000819563866
- 0.019999999552965164
effort:
- .nan
- .nan
---
header:
  stamp:
    sec: 1791165069
    nanosec: 320714709
  frame_id: base_link
name:
- joint_x
- joint_y
position:
- 0.018687499687075615
- 0.018687499687075615
velocity:
- 0.019999999552965164
- 0.02031249925494194
effort:
- .nan
- .nan
---
header:
  stamp:
    sec: 1791165069
    nanosec: 340715077
  frame_id: base_link
name:
- joint_x
- joint_y
position:
- 0.019087500870227814
- 0.019087500870227814
velocity:
- 0.019999999552965164
- 0.019999999552965164
effort:
- .nan
- .nan
---
header:
  stamp:
    sec: 1791165069
    nanosec: 360706031
  frame_id: base_link
name:
- joint_x
- joint_y
position:
- 0.019500000402331352
- 0.019500000402331352
velocity:
- 0.020625000819563866
- 0.020625000819563866
effort:
- .nan
- .nan
---
header:
  stamp:
    sec: 1791165069
    nanosec: 380707288
  frame_id: base_link
name:
- joint_x
- joint_y
position:
- 0.019893750548362732
- 0.019893750548362732
velocity:
- 0.019687499850988388
- 0.019687499850988388
effort:
- .nan
- .nan
---
header:
  stamp:
    sec: 1791165069
    nanosec: 400710973
  frame_id: base_link
name:
- joint_x
- joint_y
position:
- 0.020281249657273293
- 0.02028750069439411
velocity:
- 0.019375000149011612
- 0.019375000149011612
effort:
- .nan
- .nan
---
header:
  stamp:
    sec: 1791165069
    nanosec: 420712541
  frame_id: base_link
name:
- joint_x
- joint_y
position:
- 0.020668750628829002
- 0.020674999803304672
velocity:
- 0.019375000149011612
- 0.019375000149011612
effort:
- .nan
- .nan
---
header:
  stamp:
    sec: 1791165069
    nanosec: 440714125
  frame_id: base_link
name:
- joint_x
- joint_y
position:
- 0.021050000563263893
- 0.021056249737739563
velocity:
- 0.019062500447034836
- 0.019062500447034836
effort:
- .nan
- .nan
---
header:
  stamp:
    sec: 1791165069
    nanosec: 460723237
  frame_id: base_link
name:
- joint_x
- joint_y
position:
- 0.021449999883770943
- 0.021449999883770943
velocity:
- 0.019999999552965164
- 0.019999999552965164
effort:
- .nan
- .nan
---
header:
  stamp:
    sec: 1791165069
    nanosec: 480706129
  frame_id: base_link
name:
- joint_x
- joint_y
position:
- 0.021825000643730164
- 0.021825000643730164
velocity:
- 0.01875000074505806
- 0.01875000074505806
effort:
- .nan
- .nan
---
header:
  stamp:
    sec: 1791165069
    nanosec: 500712109
  frame_id: base_link
name:
- joint_x
- joint_y
position:
- 0.022556250914931297
- 0.022556250914931297
velocity:
- 0.017812499776482582
- 0.017812499776482582
effort:
- .nan
- .nan
---
header:
  stamp:
    sec: 1791165069
    nanosec: 520732534
  frame_id: base_link
name:
- joint_x
- joint_y
position:
- 0.02293124981224537
- 0.02293124981224537
velocity:
- 0.01815476268529892
- 0.01815476268529892
effort:
- .nan
- .nan
---
header:
  stamp:
    sec: 1791165069
    nanosec: 540710115
  frame_id: base_link
name:
- joint_x
- joint_y
position:
- 0.02330625057220459
- 0.02329999953508377
velocity:
- 0.01875000074505806
- 0.018437499180436134
effort:
- .nan
- .nan
---
header:
  stamp:
    sec: 1791165069
    nanosec: 560732854
  frame_id: base_link
name:
- joint_x
- joint_y
position:
- 0.023649999871850014
- 0.023649999871850014
velocity:
- 0.01718750037252903
- 0.017500000074505806
effort:
- .nan
- .nan
---
header:
  stamp:
    sec: 1791165069
    nanosec: 580710231
  frame_id: base_link
name:
- joint_x
- joint_y
position:
- 0.023993749171495438
- 0.023993749171495438
velocity:
- 0.01718750037252903
- 0.016875000670552254
effort:
- .nan
- .nan
---
header:
  stamp:
    sec: 1791165069
    nanosec: 600708512
  frame_id: base_link
name:
- joint_x
- joint_y
position:
- 0.024325000122189522
- 0.02433124929666519
velocity:
- 0.01656249910593033
- 0.016875000670552254
effort:
- .nan
- .nan
---
header:
  stamp:
    sec: 1791165069
    nanosec: 620713835
  frame_id: base_link
name:
- joint_x
- joint_y
position:
- 0.024662500247359276
- 0.024656249210238457
velocity:
- 0.01656249910593033
- 0.01656249910593033
effort:
- .nan
- .nan
---
header:
  stamp:
    sec: 1791165069
    nanosec: 640707246
  frame_id: base_link
name:
- joint_x
- joint_y
position:
- 0.02500000037252903
- 0.02500000037252903
velocity:
- 0.0163690485060215
- 0.0163690485060215
effort:
- .nan
- .nan
---
header:
  stamp:
    sec: 1791165069
    nanosec: 660705986
  frame_id: base_link
name:
- joint_x
- joint_y
position:
- 0.025331249460577965
- 0.025325000286102295
velocity:
- 0.01656249910593033
- 0.016249999403953552
effort:
- .nan
- .nan
---
header:
  stamp:
    sec: 1791165069
    nanosec: 680687451
  frame_id: base_link
name:
- joint_x
- joint_y
position:
- 0.02563749998807907
- 0.0256312508136034
velocity:
- 0.015312500298023224
- 0.015312500298023224
effort:
- .nan
- .nan
---
header:
  stamp:
    sec: 1791165069
    nanosec: 700708683
  frame_id: base_link
name:
- joint_x
- joint_y
position:
- 0.02593125030398369
- 0.02593125030398369
velocity:
- 0.014687499962747097
- 0.014999999664723873
effort:
- .nan
- .nan
---
header:
  stamp:
    sec: 1791165069
    nanosec: 720714573
  frame_id: base_link
name:
- joint_x
- joint_y
position:
- 0.026225000619888306
- 0.026225000619888306
velocity:
- 0.014687499962747097
- 0.014687499962747097
effort:
- .nan
- .nan
---
header:
  stamp:
    sec: 1791165069
    nanosec: 740708451
  frame_id: base_link
name:
- joint_x
- joint_y
position:
- 0.026518749073147774
- 0.026518749073147774
velocity:
- 0.013988095335662365
- 0.013988095335662365
effort:
- .nan
- .nan
---
header:
  stamp:
    sec: 1791165069
    nanosec: 760747355
  frame_id: base_link
name:
- joint_x
- joint_y
position:
- 0.02707500010728836
- 0.02706874907016754
velocity:
- 0.013124999590218067
- 0.013124999590218067
effort:
- .nan
- .nan
---
header:
  stamp:
    sec: 1791165069
    nanosec: 780716133
  frame_id: base_link
name:
- joint_x
- joint_y
position:
- 0.02733124978840351
- 0.02732500061392784
velocity:
- 0.013124999590218067
- 0.012812499888241291
effort:
- .nan
- .nan
---
header:
  stamp:
    sec: 1791165069
    nanosec: 800705531
  frame_id: base_link
name:
- joint_x
- joint_y
position:
- 0.027574999257922173
- 0.027574999257922173
velocity:
- 0.012187499552965164
- 0.012500000186264515
effort:
- .nan
- .nan
---
header:
  stamp:
    sec: 1791165069
    nanosec: 820708116
  frame_id: base_link
name:
- joint_x
- joint_y
position:
- 0.027812499552965164
- 0.027812499552965164
velocity:
- 0.011874999850988388
- 0.011874999850988388
effort:
- .nan
- .nan
---
header:
  stamp:
    sec: 1791165069
    nanosec: 840707790
  frame_id: base_link
name:
- joint_x
- joint_y
position:
- 0.028049999848008156
- 0.028049999848008156
velocity:
- 0.011874999850988388
- 0.011874999850988388
effort:
- .nan
- .nan
---
header:
  stamp:
    sec: 1791165069
    nanosec: 860718911
  frame_id: base_link
name:
- joint_x
- joint_y
position:
- 0.02826875075697899
- 0.02826875075697899
velocity:
- 0.010937499813735485
- 0.010937499813735485
effort:
- .nan
- .nan
---
header:
  stamp:
    sec: 1791165069
    nanosec: 880715644
  frame_id: base_link
name:
- joint_x
- joint_y
position:
- 0.028474999591708183
- 0.028468750417232513
velocity:
- 0.010312500409781933
- 0.009999999776482582
effort:
- .nan
- .nan
---
header:
  stamp:
    sec: 1791165069
    nanosec: 900711215
  frame_id: base_link
name:
- joint_x
- joint_y
position:
- 0.028668750077486038
- 0.028668750077486038
velocity:
- 0.009687500074505806
- 0.009999999776482582
effort:
- .nan
- .nan
---
header:
  stamp:
    sec: 1791165069
    nanosec: 920715736
  frame_id: base_link
name:
- joint_x
- joint_y
position:
- 0.028856249526143074
- 0.028856249526143074
velocity:
- 0.00937500037252903
- 0.00937500037252903
effort:
- .nan
- .nan
---
header:
  stamp:
    sec: 1791165069
    nanosec: 940711986
  frame_id: base_link
name:
- joint_x
- joint_y
position:
- 0.02903749980032444
- 0.02903749980032444
velocity:
- 0.009062499739229679
- 0.009062499739229679
effort:
- .nan
- .nan
---
header:
  stamp:
    sec: 1791165069
    nanosec: 960708587
  frame_id: base_link
name:
- joint_x
- joint_y
position:
- 0.029200000688433647
- 0.029200000688433647
velocity:
- 0.008124999701976776
- 0.008124999701976776
effort:
- .nan
- .nan
---
header:
  stamp:
    sec: 1791165069
    nanosec: 980715024
  frame_id: base_link
name:
- joint_x
- joint_y
position:
- 0.029487499967217445
- 0.029487499967217445
velocity:
- 0.006874999962747097
- 0.0071875001303851604
effort:
- .nan
- .nan
---
header:
  stamp:
    sec: 1791165070
    nanosec: 706653
  frame_id: base_link
name:
- joint_x
- joint_y
position:
- 0.029618749395012856
- 0.029618749395012856
velocity:
- 0.006562499795109034
- 0.006562499795109034
effort:
- .nan
- .nan
---
header:
  stamp:
    sec: 1791165070
    nanosec: 20708052
  frame_id: base_link
name:
- joint_x
- joint_y
position:
- 0.029731249436736107
- 0.029731249436736107
velocity:
- 0.0053125000558793545
- 0.005625000223517418
effort:
- .nan
- .nan
---
header:
  stamp:
    sec: 1791165070
    nanosec: 40712251
  frame_id: base_link
name:
- joint_x
- joint_y
position:
- 0.0298250000923872
- 0.02983124926686287
velocity:
- 0.004999999888241291
- 0.004999999888241291
effort:
- .nan
- .nan
---
header:
  stamp:
    sec: 1791165070
    nanosec: 60714025
  frame_id: base_link
name:
- joint_x
- joint_y
position:
- 0.029912499710917473
- 0.029912499710917473
velocity:
- 0.0043750000186264515
- 0.004062499850988388
effort:
- .nan
- .nan
---
header:
  stamp:
    sec: 1791165070
    nanosec: 80707860
  frame_id: base_link
name:
- joint_x
- joint_y
position:
- 0.029987499117851257
- 0.029987499117851257
velocity:
- 0.0037499999161809683
- 0.0037499999161809683
effort:
- .nan
- .nan
---
header:
  stamp:
    sec: 1791165070
    nanosec: 100705294
  frame_id: base_link
name:
- joint_x
- joint_y
position:
- 0.030050000175833702
- 0.030050000175833702
velocity:
- 0.0029761905316263437
- 0.0029761905316263437
effort:
- .nan
- .nan
---
header:
  stamp:
    sec: 1791165070
    nanosec: 120712180
  frame_id: base_link
name:
- joint_x
- joint_y
position:
- 0.03009999915957451
- 0.03009374998509884
velocity:
- 0.0021875000093132257
- 0.0021875000093132257
effort:
- .nan
- .nan
---
header:
  stamp:
    sec: 1791165070
    nanosec: 140707620
  frame_id: base_link
name:
- joint_x
- joint_y
position:
- 0.030124999582767487
- 0.030124999582767487
velocity:
- 0.0015625000232830644
- 0.0015625000232830644
effort:
- .nan
- .nan
---
header:
  stamp:
    sec: 1791165070
    nanosec: 160706178
  frame_id: base_link
name:
- joint_x
- joint_y
position:
- 0.030143750831484795
- 0.030143750831484795
velocity:
- 0.0009374999790452421
- 0.0009374999790452421
effort:
- .nan
- .nan
---
header:
  stamp:
    sec: 1791165070
    nanosec: 180714085
  frame_id: base_link
name:
- joint_x
- joint_y
position:
- 0.030143750831484795
- 0.030143750831484795
velocity:
- 0.0
- 0.0
effort:
- .nan
- .nan
---
header:
  stamp:
    sec: 1791165070
    nanosec: 200721079
  frame_id: base_link
name:
- joint_x
- joint_y
position:
- 0.03009374998509884
- 0.03009374998509884
velocity:
- -0.0015625000232830644
- -0.0012499999720603228
effort:
- .nan
- .nan
---
header:
  stamp:
    sec: 1791165070
    nanosec: 220708116
  frame_id: base_link
name:
- joint_x
- joint_y
position:
- 0.030050000175833702
- 0.030050000175833702
velocity:
- -0.0021875000093132257
- -0.0024999999441206455
effort:
- .nan
- .nan
---
header:
  stamp:
    sec: 1791165070
    nanosec: 240707305
  frame_id: base_link
name:
- joint_x
- joint_y
position:
- 0.029987499117851257
- 0.029993750154972076
velocity:
- -0.002812500111758709
- -0.002812500111758709
effort:
- .nan
- .nan
---
header:
  stamp:
    sec: 1791165070
    nanosec: 260715466
  frame_id: base_link
name:
- joint_x
- joint_y
position:
- 0.029918750748038292
- 0.029918750748038292
velocity:
- -0.0037499999161809683
- -0.0037499999161809683
effort:
- .nan
- .nan
---
header:
  stamp:
    sec: 1791165070
    nanosec: 280706651
  frame_id: base_link
name:
- joint_x
- joint_y
position:
- 0.0298250000923872
- 0.0298250000923872
velocity:
- -0.004464285913854837
- -0.004464285913854837
effort:
- .nan
- .nan
---
header:
  stamp:
    sec: 1791165070
    nanosec: 300669000
  frame_id: base_link
name:
- joint_x
- joint_y
position:
- 0.029718749225139618
- 0.029718749225139618
velocity:
- -0.0053125000558793545
- -0.0053125000558793545
effort:
- .nan
- .nan
---
header:
  stamp:
    sec: 1791165070
    nanosec: 320679670
  frame_id: base_link
name:
- joint_x
- joint_y
position:
- 0.029600000008940697
- 0.029600000008940697
velocity:
- -0.005937499925494194
- -0.005625000223517418
effort:
- .nan
- .nan
---
header:
  stamp:
    sec: 1791165070
    nanosec: 340712032
  frame_id: base_link
name:
- joint_x
- joint_y
position:
- 0.029474999755620956
- 0.029474999755620956
velocity:
- -0.0062500000931322575
- -0.006562499795109034
effort:
- .nan
- .nan
---
header:
  stamp:
    sec: 1791165070
    nanosec: 360717732
  frame_id: base_link
name:
- joint_x
- joint_y
position:
- 0.029337499290704727
- 0.029331250116229057
velocity:
- -0.006874999962747097
- -0.006874999962747097
effort:
- .nan
- .nan
---
header:
  stamp:
    sec: 1791165070
    nanosec: 380715435
  frame_id: base_link
name:
- joint_x
- joint_y
position:
- 0.02918124943971634
- 0.02918124943971634
velocity:
- -0.0078125
- -0.0078125
effort:
- .nan
- .nan
---
header:
  stamp:
    sec: 1791165070
    nanosec: 400712200
  frame_id: base_link
name:
- joint_x
- joint_y
position:
- 0.029006250202655792
- 0.029012499377131462
velocity:
- -0.008437500335276127
- -0.008437500335276127
effort:
- .nan
- .nan
---
header:
  stamp:
    sec: 1791165070
    nanosec: 420706575
  frame_id: base_link
name:
- joint_x
- joint_y
position:
- 0.028831249102950096
- 0.028831249102950096
velocity:
- -0.008750000037252903
- -0.008750000037252903
effort:
- .nan
- .nan
---
header:
  stamp:
    sec: 1791165070
    nanosec: 440720442
  frame_id: base_link
name:
- joint_x
- joint_y
position:
- 0.028449999168515205
- 0.028449999168515205
velocity:
- -0.009999999776482582
- -0.009999999776482582
effort:
- .nan
- .nan
---
header:
  stamp:
    sec: 1791165070
    nanosec: 460735085
  frame_id: base_link
name:
- joint_x
- joint_y
position:
- 0.028231250122189522
- 0.028231250122189522
velocity:
- -0.010937499813735485
- -0.010937499813735485
effort:
- .nan
- .nan
---
header:
  stamp:
    sec: 1791165070
    nanosec: 480713135
  frame_id: base_link
name:
- joint_x
- joint_y
position:
- 0.02800625003874302
- 0.02800625003874302
velocity:
- -0.010937499813735485
- -0.010937499813735485
effort:
- .nan
- .nan
---
header:
  stamp:
    sec: 1791165070
    nanosec: 500706616
  frame_id: base_link
name:
- joint_x
- joint_y
position:
- 0.027775000780820847
- 0.027775000780820847
velocity:
- -0.011562500149011612
- -0.011874999850988388
effort:
- .nan
- .nan
---
header:
  stamp:
    sec: 1791165070
    nanosec: 520705338
  frame_id: base_link
name:
- joint_x
- joint_y
position:
- 0.027537500485777855
- 0.027537500485777855
velocity:
- -0.012187499552965164
- -0.011562500149011612
effort:
- .nan
- .nan
---
header:
  stamp:
    sec: 1791165070
    nanosec: 540710734
  frame_id: base_link
name:
- joint_x
- joint_y
position:
- 0.027287499979138374
- 0.027287499979138374
velocity:
- -0.012187499552965164
- -0.012500000186264515
effort:
- .nan
- .nan
---
header:
  stamp:
    sec: 1791165070
    nanosec: 560708763
  frame_id: base_link
name:
- joint_x
- joint_y
position:
- 0.027018750086426735
- 0.027018750086426735
velocity:
- -0.013095238246023655
- -0.013095238246023655
effort:
- .nan
- .nan
---
header:
  stamp:
    sec: 1791165070
    nanosec: 580735827
  frame_id: base_link
name:
- joint_x
- joint_y
position:
- 0.026737499982118607
- 0.026737499982118607
velocity:
- -0.01406249962747097
- -0.01406249962747097
effort:
- .nan
- .nan
---
header:
  stamp:
    sec: 1791165070
    nanosec: 600750826
  frame_id: base_link
name:
- joint_x
- joint_y
position:
- 0.026462500914931297
- 0.026462500914931297
velocity:
- -0.013749999925494194
- -0.013749999925494194
effort:
- .nan
- .nan
---
header:
  stamp:
    sec: 1791165070
    nanosec: 620726720
  frame_id: base_link
name:
- joint_x
- joint_y
position:
- 0.02617499977350235
- 0.02618125081062317
velocity:
- -0.014375000260770321
- -0.01406249962747097
effort:
- .nan
- .nan
---
header:
  stamp:
    sec: 1791165070
    nanosec: 640742715
  frame_id: base_link
name:
- joint_x
- joint_y
position:
- 0.025881249457597733
- 0.02588750049471855
velocity:
- -0.014687499962747097
- -0.014687499962747097
effort:
- .nan
- .nan
---
header:
  stamp:
    sec: 1791165070
    nanosec: 660723369
  frame_id: base_link
name:
- joint_x
- joint_y
position:
- 0.025562500581145287
- 0.025562500581145287
velocity:
- -0.015178571455180645
- -0.015178571455180645
effort:
- .nan
- .nan
---
header:
  stamp:
    sec: 1791165070
    nanosec: 680740329
  frame_id: base_link
name:
- joint_x
- joint_y
position:
- 0.024918749928474426
- 0.024924999102950096
velocity:
- -0.015625
- -0.015937499701976776
effort:
- .nan
- .nan
---
header:
  stamp:
    sec: 1791165070
    nanosec: 700737152
  frame_id: base_link
name:
- joint_x
- joint_y
position:
- 0.02459375001490116
- 0.02459999918937683
velocity:
- -0.016249999403953552
- -0.016249999403953552
effort:
- .nan
- .nan
---
header:
  stamp:
    sec: 1791165070
    nanosec: 720727568
  frame_id: base_link
name:
- joint_x
- joint_y
position:
- 0.024268750101327896
- 0.024268750101327896
velocity:
- -0.01656249910593033
- -0.01656249910593033
effort:
- .nan
- .nan
---
header:
  stamp:
    sec: 1791165070
    nanosec: 740729980
  frame_id: base_link
name:
- joint_x
- joint_y
position:
- 0.023912500590085983
- 0.023918749764561653
velocity:
- -0.01696428656578064
- -0.01666666753590107
effort:
- .nan
- .nan
---
header:
  stamp:
    sec: 1791165070
    nanosec: 760722231
  frame_id: base_link
name:
- joint_x
- joint_y
position:
- 0.02355000004172325
- 0.02355000004172325
velocity:
- -0.018124999478459358
- -0.018124999478459358
effort:
- .nan
- .nan
---
header:
  stamp:
    sec: 1791165070
    nanosec: 780721379
  frame_id: base_link
name:
- joint_x
- joint_y
position:
- 0.02319999970495701
- 0.02319999970495701
velocity:
- -0.017500000074505806
- -0.017812499776482582
effort:
- .nan
- .nan
---
header:
  stamp:
    sec: 1791165070
    nanosec: 800715194
  frame_id: base_link
name:
- joint_x
- joint_y
position:
- 0.022843750193715096
- 0.022843750193715096
velocity:
- -0.017812499776482582
- -0.017500000074505806
effort:
- .nan
- .nan
---
header:
  stamp:
    sec: 1791165070
    nanosec: 820721417
  frame_id: base_link
name:
- joint_x
- joint_y
position:
- 0.022481249645352364
- 0.022481249645352364
velocity:
- -0.018124999478459358
- -0.018124999478459358
effort:
- .nan
- .nan
---
header:
  stamp:
    sec: 1791165070
    nanosec: 840721298
  frame_id: base_link
name:
- joint_x
- joint_y
position:
- 0.022112499922513962
- 0.02211874909698963
velocity:
- -0.018124999478459358
- -0.018437499180436134
effort:
- .nan
- .nan
---
header:
  stamp:
    sec: 1791165070
    nanosec: 860725414
  frame_id: base_link
name:
- joint_x
- joint_y
position:
- 0.0217250008136034
- 0.0217250008136034
velocity:
- -0.01875000074505806
- -0.01875000074505806
effort:
- .nan
- .nan
---
header:
  stamp:
    sec: 1791165070
    nanosec: 880722331
  frame_id: base_link
name:
- joint_x
- joint_y
position:
- 0.02133125066757202
- 0.02133125066757202
velocity:
- -0.019687499850988388
- -0.019687499850988388
effort:
- .nan
- .nan
---
header:
  stamp:
    sec: 1791165070
    nanosec: 900711574
  frame_id: base_link
name:
- joint_x
- joint_y
position:
- 0.02095000073313713
- 0.02095000073313713
velocity:
- -0.019062500447034836
- -0.01875000074505806
effort:
- .nan
- .nan
---
header:
  stamp:
    sec: 1791165070
    nanosec: 920725504
  frame_id: base_link
name:
- joint_x
- joint_y
position:
- 0.02018750086426735
- 0.02018750086426735
velocity:
- -0.019375000149011612
- -0.019375000149011612
effort:
- .nan
- .nan
---
header:
  stamp:
    sec: 1791165070
    nanosec: 940712434
  frame_id: base_link
name:
- joint_x
- joint_y
position:
- 0.01976875029504299
- 0.01976875029504299
velocity:
- -0.020625000819563866
- -0.020625000819563866
effort:
- .nan
- .nan
---
header:
  stamp:
    sec: 1791165070
    nanosec: 960728710
  frame_id: base_link
name:
- joint_x
- joint_y
position:
- 0.019375000149011612
- 0.019375000149011612
velocity:
- -0.019687499850988388
- -0.019687499850988388
effort:
- .nan
- .nan
---
header:
  stamp:
    sec: 1791165070
    nanosec: 980676580
  frame_id: base_link
name:
- joint_x
- joint_y
position:
- 0.018975000828504562
- 0.018981250002980232
velocity:
- -0.019999999552965164
- -0.019999999552965164
effort:
- .nan
- .nan
---
header:
  stamp:
    sec: 1791165071
    nanosec: 683012
  frame_id: base_link
name:
- joint_x
- joint_y
position:
- 0.018581250682473183
- 0.018581250682473183
velocity:
- -0.019999999552965164
- -0.019999999552965164
effort:
- .nan
- .nan
---
header:
  stamp:
    sec: 1791165071
    nanosec: 20713359
  frame_id: base_link
name:
- joint_x
- joint_y
position:
- 0.018175000324845314
- 0.018181249499320984
velocity:
- -0.019999999552965164
- -0.019999999552965164
effort:
- .nan
- .nan
---
header:
  stamp:
    sec: 1791165071
    nanosec: 40710263
  frame_id: base_link
name:
- joint_x
- joint_y
position:
- 0.017750000581145287
- 0.017756249755620956
velocity:
- -0.02053571492433548
- -0.02023809589445591
effort:
- .nan
- .nan
---
header:
  stamp:
    sec: 1791165071
    nanosec: 60710128
  frame_id: base_link
name:
- joint_x
- joint_y
position:
- 0.01732500083744526
- 0.01732500083744526
velocity:
- -0.021250000223517418
- -0.021562499925494194
effort:
- .nan
- .nan
---
header:
  stamp:
    sec: 1791165071
    nanosec: 80713211
  frame_id: base_link
name:
- joint_x
- joint_y
position:
- 0.01691875047981739
- 0.01691249944269657
velocity:
- -0.02031249925494194
- -0.02031249925494194
effort:
- .nan
- .nan
---
header:
  stamp:
    sec: 1791165071
    nanosec: 100705691
  frame_id: base_link
name:
- joint_x
- joint_y
position:
- 0.016506249085068703
- 0.016506249085068703
velocity:
- -0.020625000819563866
- -0.020625000819563866
effort:
- .nan
- .nan
---
header:
  stamp:
    sec: 1791165071
    nanosec: 120712208
  frame_id: base_link
name:
- joint_x
- joint_y
position:
- 0.016093749552965164
- 0.016093749552965164
velocity:
- -0.020625000819563866
- -0.02031249925494194
effort:
- .nan
- .nan
---
header:
  stamp:
    sec: 1791165071
    nanosec: 140712174
  frame_id: base_link
name:
- joint_x
- joint_y
position:
- 0.015662500634789467
- 0.015662500634789467
velocity:
- -0.02053571492433548
- -0.02083333395421505
effort:
- .nan
- .nan
---
header:
  stamp:
    sec: 1791165071
    nanosec: 160717242
  frame_id: base_link
name:
- joint_x
- joint_y
position:
- 0.014825000427663326
- 0.014825000427663326
velocity:
- -0.02031249925494194
- -0.02031249925494194
effort:
- .nan
- .nan
---
header:
  stamp:
    sec: 1791165071
    nanosec: 180712549
  frame_id: base_link
name:
- joint_x
- joint_y
position:
- 0.014412499964237213
- 0.014412499964237213
velocity:
- -0.020625000819563866
- -0.020625000819563866
effort:
- .nan
- .nan
---
header:
  stamp:
    sec: 1791165071
    nanosec: 200707107
  frame_id: base_link
name:
- joint_x
- joint_y
position:
- 0.014000000432133675
- 0.014000000432133675
velocity:
- -0.020625000819563866
- -0.020625000819563866
effort:
- .nan
- .nan
---
header:
  stamp:
    sec: 1791165071
    nanosec: 220672218
  frame_id: base_link
name:
- joint_x
- joint_y
position:
- 0.013587499968707561
- 0.013587499968707561
velocity:
- -0.020625000819563866
- -0.020625000819563866
effort:
- .nan
- .nan
---
header:
  stamp:
    sec: 1791165071
    nanosec: 240709231
  frame_id: base_link
name:
- joint_x
- joint_y
position:
- 0.01315625011920929
- 0.01315625011920929
velocity:
- -0.021562499925494194
- -0.021250000223517418
effort:
- .nan
- .nan
---
header:
  stamp:
    sec: 1791165071
    nanosec: 260717038
  frame_id: base_link
name:
- joint_x
- joint_y
position:
- 0.012749999761581421
- 0.012749999761581421
velocity:
- -0.02031249925494194
- -0.020625000819563866
effort:
- .nan
- .nan
---
header:
  stamp:
    sec: 1791165071
    nanosec: 280706032
  frame_id: base_link
name:
- joint_x
- joint_y
position:
- 0.012343750335276127
- 0.012350000441074371
velocity:
- -0.02031249925494194
- -0.019999999552965164
effort:
- .nan
- .nan
---
header:
  stamp:
    sec: 1791165071
    nanosec: 300726247
  frame_id: base_link
name:
- joint_x
- joint_y
position:
- 0.011943750083446503
- 0.011943750083446503
velocity:
- -0.019999999552965164
- -0.02031249925494194
effort:
- .nan
- .nan
---
header:
  stamp:
    sec: 1791165071
    nanosec: 320714604
  frame_id: base_link
name:
- joint_x
- joint_y
position:
- 0.011543749831616879
- 0.011543749831616879
velocity:
- -0.019999999552965164
- -0.019999999552965164
effort:
- .nan
- .nan
---
header:
  stamp:
    sec: 1791165071
    nanosec: 340711916
  frame_id: base_link
name:
- joint_x
- joint_y
position:
- 0.011118750087916851
- 0.011118750087916851
velocity:
- -0.021250000223517418
- -0.021250000223517418
effort:
- .nan
- .nan
---
header:
  stamp:
    sec: 1791165071
    nanosec: 360716789
  frame_id: base_link
name:
- joint_x
- joint_y
position:
- 0.010718749836087227
- 0.010718749836087227
velocity:
- -0.019999999552965164
- -0.019999999552965164
effort:
- .nan
- .nan
---
header:
  stamp:
    sec: 1791165071
    nanosec: 380722889
  frame_id: base_link
name:
- joint_x
- joint_y
position:
- 0.009937499649822712
- 0.009931249544024467
velocity:
- -0.019375000149011612
- -0.019375000149011612
effort:
- .nan
- .nan
---
header:
  stamp:
    sec: 1791165071
    nanosec: 400735074
  frame_id: base_link
name:
- joint_x
- joint_y
position:
- 0.009525000117719173
- 0.009525000117719173
velocity:
- -0.01964285783469677
- -0.01964285783469677
effort:
- .nan
- .nan
---
header:
  stamp:
    sec: 1791165071
    nanosec: 420729057
  frame_id: base_link
name:
- joint_x
- joint_y
position:
- 0.009118749760091305
- 0.00912499986588955
velocity:
- -0.02031249925494194
- -0.019999999552965164
effort:
- .nan
- .nan
---
header:
  stamp:
    sec: 1791165071
    nanosec: 440726733
  frame_id: base_link
name:
- joint_x
- joint_y
position:
- 0.008743749931454659
- 0.008743749931454659
velocity:
- -0.01875000074505806
- -0.019062500447034836
effort:
- .nan
- .nan
---
header:
  stamp:
    sec: 1791165071
    nanosec: 460723109
  frame_id: base_link
name:
- joint_x
- joint_y
position:
- 0.008368750102818012
- 0.008368750102818012
velocity:
- -0.01875000074505806
- -0.01875000074505806
effort:
- .nan
- .nan
---
header:
  stamp:
    sec: 1791165071
    nanosec: 480718950
  frame_id: base_link
name:
- joint_x
- joint_y
position:
- 0.007993750274181366
- 0.007993750274181366
velocity:
- -0.01875000074505806
- -0.018437499180436134
effort:
- .nan
- .nan
---
header:
  stamp:
    sec: 1791165071
    nanosec: 500712479
  frame_id: base_link
name:
- joint_x
- joint_y
position:
- 0.007625000085681677
- 0.007625000085681677
velocity:
- -0.018437499180436134
- -0.018437499180436134
effort:
- .nan
- .nan
---
header:
  stamp:
    sec: 1791165071
    nanosec: 520711347
  frame_id: base_link
name:
- joint_x
- joint_y
position:
- 0.007243750151246786
- 0.007243750151246786
velocity:
- -0.019062500447034836
- -0.019375000149011612
effort:
- .nan
- .nan
---
header:
  stamp:
    sec: 1791165071
    nanosec: 540709360
  frame_id: base_link
name:
- joint_x
- joint_y
position:
- 0.006887500174343586
- 0.006887500174343586
velocity:
- -0.017812499776482582
- -0.017500000074505806
effort:
- .nan
- .nan
---
header:
  stamp:
    sec: 1791165074
    nanosec: 493870824
  frame_id: base_link
name:
- joint_x
- joint_y
position:
- 0.006537499837577343
- 0.006537499837577343
velocity:
- -0.017500000074505806
- -0.017500000074505806
effort:
- .nan
- .nan
---
header:
  stamp:
    sec: 1791165074
    nanosec: 513874833
  frame_id: base_link
name:
- joint_x
- joint_y
position:
- 0.006193750072270632
- 0.006193750072270632
velocity:
- -0.01718750037252903
- -0.01718750037252903
effort:
- .nan
- .nan
---
header:
  stamp:
    sec: 1791165074
    nanosec: 533867632
  frame_id: base_link
name:
- joint_x
- joint_y
position:
- 0.005856249947100878
- 0.005856249947100878
velocity:
- -0.016875000670552254
- -0.01718750037252903
effort:
- .nan
- .nan
---
header:
  stamp:
    sec: 1791165074
    nanosec: 553871163
  frame_id: base_link
name:
- joint_x
- joint_y
position:
- 0.005187499802559614
- 0.005187499802559614
velocity:
- -0.016249999403953552
- -0.015937499701976776
effort:
- .nan
- .nan
---
header:
  stamp:
    sec: 1791165074
    nanosec: 573869928
  frame_id: base_link
name:
- joint_x
- joint_y
position:
- 0.004868749994784594
- 0.004868749994784594
velocity:
- -0.015937499701976776
- -0.016249999403953552
effort:
- .nan
- .nan
---
header:
  stamp:
    sec: 1791165074
    nanosec: 593879509
  frame_id: base_link
name:
- joint_x
- joint_y
position:
- 0.00455624982714653
- 0.00455624982714653
velocity:
- -0.015625
- -0.015312500298023224
effort:
- .nan
- .nan
---
header:
  stamp:
    sec: 1791165074
    nanosec: 613862754
  frame_id: base_link
name:
- joint_x
- joint_y
position:
- 0.0042500002309679985
- 0.004256249871104956
velocity:
- -0.015312500298023224
- -0.015312500298023224
effort:
- .nan
- .nan
---
header:
  stamp:
    sec: 1791165074
    nanosec: 633863890
  frame_id: base_link
name:
- joint_x
- joint_y
position:
- 0.0039437501691281796
- 0.0039437501691281796
velocity:
- -0.015312500298023224
- -0.015625
effort:
- .nan
- .nan
---
header:
  stamp:
    sec: 1791165074
    nanosec: 653882479
  frame_id: base_link
name:
- joint_x
- joint_y
position:
- 0.0036562499590218067
- 0.0036562499590218067
velocity:
- -0.014375000260770321
- -0.014375000260770321
effort:
- .nan
- .nan
---
header:
  stamp:
    sec: 1791165074
    nanosec: 673864167
  frame_id: base_link
name:
- joint_x
- joint_y
position:
- 0.003375000087544322
- 0.003375000087544322
velocity:
- -0.01406249962747097
- -0.01406249962747097
effort:
- .nan
- .nan
---
header:
  stamp:
    sec: 1791165074
    nanosec: 693874512
  frame_id: base_link
name:
- joint_x
- joint_y
position:
- 0.003106249962002039
- 0.003106249962002039
velocity:
- -0.013437500223517418
- -0.013437500223517418
effort:
- .nan
- .nan
---
header:
  stamp:
    sec: 1791165074
    nanosec: 713867361
  frame_id: base_link
name:
- joint_x
- joint_y
position:
- 0.0028437499422580004
- 0.0028437499422580004
velocity:
- -0.013124999590218067
- -0.013124999590218067
effort:
- .nan
- .nan
---
header:
  stamp:
    sec: 1791165074
    nanosec: 733870006
  frame_id: base_link
name:
- joint_x
- joint_y
position:
- 0.0025687499437481165
- 0.002575000049546361
velocity:
- -0.013437500223517418
- -0.013437500223517418
effort:
- .nan
- .nan
---
header:
  stamp:
    sec: 1791165074
    nanosec: 753871175
  frame_id: base_link
name:
- joint_x
- joint_y
position:
- 0.002331250114366412
- 0.002331250114366412
velocity:
- -0.012187499552965164
- -0.012187499552965164
effort:
- .nan
- .nan
---
header:
  stamp:
    sec: 1791165074
    nanosec: 773875255
  frame_id: base_link
name:
- joint_x
- joint_y
position:
- 0.0018749999580904841
- 0.0018749999580904841
velocity:
- -0.011250000447034836
- -0.011250000447034836
effort:
- .nan
- .nan
---
header:
  stamp:
    sec: 1791165074
    nanosec: 793871690
  frame_id: base_link
name:
- joint_x
- joint_y
position:
- 0.0016499999910593033
- 0.0016499999910593033
velocity:
- -0.011250000447034836
- -0.010937499813735485
effort:
- .nan
- .nan
---
header:
  stamp:
    sec: 1791165074
    nanosec: 813897186
  frame_id: base_link
name:
- joint_x
- joint_y
position:
- 0.001449999981559813
- 0.001449999981559813
velocity:
- -0.009999999776482582
- -0.010312500409781933
effort:
- .nan
- .nan
---
header:
  stamp:
    sec: 1791165074
    nanosec: 833863689
  frame_id: base_link
name:
- joint_x
- joint_y
position:
- 0.0012562499614432454
- 0.001262499950826168
velocity:
- -0.00937500037252903
- -0.00937500037252903
effort:
- .nan
- .nan
---
header:
  stamp:
    sec: 1791165074
    nanosec: 853868205
  frame_id: base_link
name:
- joint_x
- joint_y
position:
- 0.001075000036507845
- 0.0010812500258907676
velocity:
- -0.009062499739229679
- -0.009062499739229679
effort:
- .nan
- .nan
---
header:
  stamp:
    sec: 1791165074
    nanosec: 873869895
  frame_id: base_link
name:
- joint_x
- joint_y
position:
- 0.0009062499739229679
- 0.0009125000215135515
velocity:
- -0.008437500335276127
- -0.008437500335276127
effort:
- .nan
- .nan
---
header:
  stamp:
    sec: 1791165074
    nanosec: 893863132
  frame_id: base_link
name:
- joint_x
- joint_y
position:
- 0.0007437500171363354
- 0.0007437500171363354
velocity:
- -0.008035714738070965
- -0.008035714738070965
effort:
- .nan
- .nan
---
header:
  stamp:
    sec: 1791165074
    nanosec: 913870788
  frame_id: base_link
name:
- joint_x
- joint_y
position:
- 0.0005937499809078872
- 0.0005874999915249646
velocity:
- -0.007499999832361937
- -0.007499999832361937
effort:
- .nan
- .nan
---
header:
  stamp:
    sec: 1791165074
    nanosec: 933866535
  frame_id: base_link
name:
- joint_x
- joint_y
position:
- 0.00045625001075677574
- 0.00045625001075677574
velocity:
- -0.006874999962747097
- -0.006874999962747097
effort:
- .nan
- .nan
---
header:
  stamp:
    sec: 1791165074
    nanosec: 953865964
  frame_id: base_link
name:
- joint_x
- joint_y
position:
- 0.0003375000087544322
- 0.0003375000087544322
velocity:
- -0.005937499925494194
- -0.005937499925494194
effort:
- .nan
- .nan
---
header:
  stamp:
    sec: 1791165074
    nanosec: 973865508
  frame_id: base_link
name:
- joint_x
- joint_y
position:
- 0.0002312500000698492
- 0.0002312500000698492
velocity:
- -0.0053125000558793545
- -0.0053125000558793545
effort:
- .nan
- .nan
---
header:
  stamp:
    sec: 1791165074
    nanosec: 993870473
  frame_id: base_link
name:
- joint_x
- joint_y
position:
- 0.00013124999532010406
- 0.00013124999532010406
velocity:
- -0.004761904943734407
- -0.004761904943734407
effort:
- .nan
- .nan
---
header:
  stamp:
    sec: 1791165075
    nanosec: 13869118
  frame_id: base_link
name:
- joint_x
- joint_y
position:
- -1.8750000890577212e-05
- -1.8750000890577212e-05
velocity:
- -0.0031250000465661287
- -0.0031250000465661287
effort:
- .nan
- .nan
---
header:
  stamp:
    sec: 1791165075
    nanosec: 33864185
  frame_id: base_link
name:
- joint_x
- joint_y
position:
- -6.874999962747097e-05
- -6.874999962747097e-05
velocity:
- -0.0024999999441206455
- -0.0024999999441206455
effort:
- .nan
- .nan
---
header:
  stamp:
    sec: 1791165075
    nanosec: 53862106
  frame_id: base_link
name:
- joint_x
- joint_y
position:
- -0.00011249999806750566
- -0.00011249999806750566
velocity:
- -0.0021875000093132257
- -0.0021875000093132257
effort:
- .nan
- .nan
---
header:
  stamp:
    sec: 1791165075
    nanosec: 73864040
  frame_id: base_link
name:
- joint_x
- joint_y
position:
- -0.00013124999532010406
- -0.00013124999532010406
velocity:
- -0.0009374999790452421
- -0.0009374999790452421
effort:
- .nan
- .nan
---
header:
  stamp:
    sec: 1791165075
    nanosec: 93867039
  frame_id: base_link
name:
- joint_x
- joint_y
position:
- -0.00014375000318977982
- -0.00014375000318977982
velocity:
- -0.0006249999860301614
- -0.0006249999860301614
effort:
- .nan
- .nan
---
header:
  stamp:
    sec: 1791165075
    nanosec: 113864803
  frame_id: base_link
name:
- joint_x
- joint_y
position:
- -0.00013749999925494194
- -0.00013749999925494194
velocity:
- 0.0003124999930150807
- 0.0003124999930150807
effort:
- .nan
- .nan
---
header:
  stamp:
    sec: 1791165075
    nanosec: 133879847
  frame_id: base_link
name:
- joint_x
- joint_y
position:
- -0.00011249999806750566
- -0.0001062500014086254
velocity:
- 0.0012499999720603228
- 0.0015625000232830644
effort:
- .nan
- .nan
---
header:
  stamp:
    sec: 1791165075
    nanosec: 153878516
  frame_id: base_link
name:
- joint_x
- joint_y
position:
- -7.500000356230885e-05
- -7.500000356230885e-05
velocity:
- 0.0017857142956927419
- 0.0014880952658131719
effort:
- .nan
- .nan
---
header:
  stamp:
    sec: 1791165075
    nanosec: 173875608
  frame_id: base_link
name:
- joint_x
- joint_y
position:
- 0.0
- 0.0
velocity:
- 0.0037499999161809683
- 0.0037499999161809683
effort:
- .nan
- .nan
---
header:
  stamp:
    sec: 1791165075
    nanosec: 193881384
  frame_id: base_link
name:
- joint_x
- joint_y
position:
- 0.0
- 0.0
velocity:
- 0.0
- 0.0
effort:
- .nan
- .nan
---
header:
  stamp:
    sec: 1791165075
    nanosec: 213868500
  frame_id: base_link
name:
- joint_x
- joint_y
position:
- 0.0
- 0.0
velocity:
- 0.0
- 0.0
effort:
- .nan
- .nan
---
header:
  stamp:
    sec: 1791165075
    nanosec: 233837727
  frame_id: base_link
name:
- joint_x
- joint_y
position:
- 0.0
- 0.0
velocity:
- 0.0
- 0.0
effort:
- .nan
- .nan
---
header:
  stamp:
    sec: 1791165075
    nanosec: 253839917
  frame_id: base_link
name:
- joint_x
- joint_y
position:
- 0.0
- 0.0
velocity:
- 0.0
- 0.0
effort:
- .nan
- .nan
---
header:
  stamp:
    sec: 1791165075
    nanosec: 273879551
  frame_id: base_link
name:
- joint_x
- joint_y
position:
- 0.0
- 0.0
velocity:
- 0.0
- 0.0
effort:
- .nan
- .nan
---
