header:
  stamp:
    sec: 1791159596
    nanosec: 730149937
  frame_id: ''
name:
- joint_x
- joint_y
position:
- 0.0013874999713152647
- 0.0013874999713152647
velocity:
- 0.010937499813735485
- 0.010937499813735485
effort: []
---
header:
  stamp:
    sec: 1791159596
    nanosec: 765485345
  frame_id: ''
name:
- joint_x
- joint_y
position:
- 0.0017999999690800905
- 0.0017999999690800905
velocity:
- 0.010312500409781933
- 0.010312500409781933
effort: []
---
header:
  stamp:
    sec: 1791159596
    nanosec: 820893838
  frame_id: ''
name:
- joint_x
- joint_y
position:
- 0.0024625000078231096
- 0.0024625000078231096
velocity:
- 0.010625000111758709
- 0.010625000111758709
effort: []
---
header:
  stamp:
    sec: 1791159596
    nanosec: 874437684
  frame_id: ''
name:
- joint_x
- joint_y
position:
- 0.0031187499407678843
- 0.0031187499407678843
velocity:
- 0.011250000447034836
- 0.011250000447034836
effort: []
---
header:
  stamp:
    sec: 1791159596
    nanosec: 928669287
  frame_id: ''
name:
- joint_x
- joint_y
position:
- 0.0037937499582767487
- 0.0037937499582767487
velocity:
- 0.010937499813735485
- 0.010937499813735485
effort: []
---
header:
  stamp:
    sec: 1791159596
    nanosec: 964334638
  frame_id: ''
name:
- joint_x
- joint_y
position:
- 0.0042500002309679985
- 0.004243750125169754
velocity:
- 0.011250000447034836
- 0.011250000447034836
effort: []
---
header:
  stamp:
    sec: 1791159597
    nanosec: 18733225
  frame_id: ''
name:
- joint_x
- joint_y
position:
- 0.00494999997317791
- 0.00494999997317791
velocity:
- 0.011562500149011612
- 0.011562500149011612
effort: []
---
header:
  stamp:
    sec: 1791159597
    nanosec: 73158647
  frame_id: ''
name:
- joint_x
- joint_y
position:
- 0.005656249821186066
- 0.005656249821186066
velocity:
- 0.012187499552965164
- 0.012187499552965164
effort: []
---
header:
  stamp:
    sec: 1791159597
    nanosec: 126415965
  frame_id: ''
name:
- joint_x
- joint_y
position:
- 0.006356250029057264
- 0.006356250029057264
velocity:
- 0.011874999850988388
- 0.011874999850988388
effort: []
---
header:
  stamp:
    sec: 1791159597
    nanosec: 181753305
  frame_id: ''
name:
- joint_x
- joint_y
position:
- 0.007093749940395355
- 0.007093749940395355
velocity:
- 0.011874999850988388
- 0.011874999850988388
effort: []
---
header:
  stamp:
    sec: 1791159597
    nanosec: 217363786
  frame_id: ''
name:
- joint_x
- joint_y
position:
- 0.007568750064820051
- 0.007568750064820051
velocity:
- 0.011874999850988388
- 0.011874999850988388
effort: []
---
header:
  stamp:
    sec: 1791159597
    nanosec: 271556555
  frame_id: ''
name:
- joint_x
- joint_y
position:
- 0.008293749764561653
- 0.008293749764561653
velocity:
- 0.011562500149011612
- 0.011874999850988388
effort: []
---
header:
  stamp:
    sec: 1791159597
    nanosec: 326054612
  frame_id: ''
name:
- joint_x
- joint_y
position:
- 0.009025000035762787
- 0.009025000035762787
velocity:
- 0.012500000186264515
- 0.012500000186264515
effort: []
---
header:
  stamp:
    sec: 1791159597
    nanosec: 379484327
  frame_id: ''
name:
- joint_x
- joint_y
position:
- 0.009737499989569187
- 0.009737499989569187
velocity:
- 0.011874999850988388
- 0.011874999850988388
effort: []
---
header:
  stamp:
    sec: 1791159597
    nanosec: 416045312
  frame_id: ''
name:
- joint_x
- joint_y
position:
- 0.01021874975413084
- 0.01021874975413084
velocity:
- 0.011904762126505375
- 0.011904762126505375
effort: []
---
header:
  stamp:
    sec: 1791159597
    nanosec: 470269711
  frame_id: ''
name:
- joint_x
- joint_y
position:
- 0.01093124970793724
- 0.01093124970793724
velocity:
- 0.011562500149011612
- 0.011874999850988388
effort: []
---
header:
  stamp:
    sec: 1791159597
    nanosec: 524753984
  frame_id: ''
name:
- joint_x
- joint_y
position:
- 0.011637499555945396
- 0.011637499555945396
velocity:
- 0.011562500149011612
- 0.011250000447034836
effort: []
---
header:
  stamp:
    sec: 1791159597
    nanosec: 578157638
  frame_id: ''
name:
- joint_x
- joint_y
position:
- 0.012318749912083149
- 0.012312499806284904
velocity:
- 0.011250000447034836
- 0.011250000447034836
effort: []
---
header:
  stamp:
    sec: 1791159597
    nanosec: 614539101
  frame_id: ''
name:
- joint_x
- joint_y
position:
- 0.012775000184774399
- 0.012768750078976154
velocity:
- 0.010937499813735485
- 0.010937499813735485
effort: []
---
header:
  stamp:
    sec: 1791159597
    nanosec: 668948470
  frame_id: ''
name:
- joint_x
- joint_y
position:
- 0.013437500223517418
- 0.013437500223517418
velocity:
- 0.010714286006987095
- 0.011011905036866665
effort: []
---
header:
  stamp:
    sec: 1791159597
    nanosec: 723355929
  frame_id: ''
name:
- joint_x
- joint_y
position:
- 0.014087500050663948
- 0.014087500050663948
velocity:
- 0.010625000111758709
- 0.010625000111758709
effort: []
---
header:
  stamp:
    sec: 1791159597
    nanosec: 777521864
  frame_id: ''
name:
- joint_x
- joint_y
position:
- 0.014718749560415745
- 0.014718749560415745
velocity:
- 0.010937499813735485
- 0.010625000111758709
effort: []
---
header:
  stamp:
    sec: 1791159597
    nanosec: 831022670
  frame_id: ''
name:
- joint_x
- joint_y
position:
- 0.015312500298023224
- 0.015312500298023224
velocity:
- 0.009999999776482582
- 0.009687500074505806
effort: []
---
header:
  stamp:
    sec: 1791159597
    nanosec: 868629758
  frame_id: ''
name:
- joint_x
- joint_y
position:
- 0.015712499618530273
- 0.015712499618530273
velocity:
- 0.009999999776482582
- 0.009999999776482582
effort: []
---
header:
  stamp:
    sec: 1791159597
    nanosec: 922098214
  frame_id: ''
name:
- joint_x
- joint_y
position:
- 0.01626875065267086
- 0.01626875065267086
velocity:
- 0.009062499739229679
- 0.009062499739229679
effort: []
---
header:
  stamp:
    sec: 1791159597
    nanosec: 977225755
  frame_id: ''
name:
- joint_x
- joint_y
position:
- 0.01681249961256981
- 0.01680625043809414
velocity:
- 0.008437500335276127
- 0.008437500335276127
effort: []
---
header:
  stamp:
    sec: 1791159598
    nanosec: 31687000
  frame_id: ''
name:
- joint_x
- joint_y
position:
- 0.01731250062584877
- 0.01731250062584877
velocity:
- 0.008035714738070965
- 0.008035714738070965
effort: []
---
header:
  stamp:
    sec: 1791159598
    nanosec: 68252379
  frame_id: ''
name:
- joint_x
- joint_y
position:
- 0.017631249502301216
- 0.017631249502301216
velocity:
- 0.0078125
- 0.007499999832361937
effort: []
---
header:
  stamp:
    sec: 1791159598
    nanosec: 122651595
  frame_id: ''
name:
- joint_x
- joint_y
position:
- 0.01807500049471855
- 0.01807500049471855
velocity:
- 0.0071428571827709675
- 0.0071428571827709675
effort: []
---
header:
  stamp:
    sec: 1791159598
    nanosec: 176912316
  frame_id: ''
name:
- joint_x
- joint_y
position:
- 0.0184749998152256
- 0.0184749998152256
velocity:
- 0.0062500000931322575
- 0.0062500000931322575
effort: []
---
header:
  stamp:
    sec: 1791159598
    nanosec: 231353616
  frame_id: ''
name:
- joint_x
- joint_y
position:
- 0.018837500363588333
- 0.018837500363588333
velocity:
- 0.005937499925494194
- 0.005937499925494194
effort: []
---
header:
  stamp:
    sec: 1791159598
    nanosec: 267209058
  frame_id: ''
name:
- joint_x
- joint_y
position:
- 0.019056249409914017
- 0.019056249409914017
velocity:
- 0.0053125000558793545
- 0.0053125000558793545
effort: []
---
header:
  stamp:
    sec: 1791159598
    nanosec: 322194106
  frame_id: ''
name:
- joint_x
- joint_y
position:
- 0.019349999725818634
- 0.019349999725818634
velocity:
- 0.004687500186264515
- 0.004687500186264515
effort: []
---
header:
  stamp:
    sec: 1791159598
    nanosec: 375588343
  frame_id: ''
name:
- joint_x
- joint_y
position:
- 0.019593749195337296
- 0.019587500020861626
velocity:
- 0.0037499999161809683
- 0.0037499999161809683
effort: []
---
header:
  stamp:
    sec: 1791159598
    nanosec: 431006639
  frame_id: ''
name:
- joint_x
- joint_y
position:
- 0.01978749968111515
- 0.01978749968111515
velocity:
- 0.002812500111758709
- 0.002812500111758709
effort: []
---
header:
  stamp:
    sec: 1791159598
    nanosec: 466599537
  frame_id: ''
name:
- joint_x
- joint_y
position:
- 0.019887499511241913
- 0.019887499511241913
velocity:
- 0.0021875000093132257
- 0.0024999999441206455
effort: []
---
header:
  stamp:
    sec: 1791159598
    nanosec: 520746028
  frame_id: ''
name:
- joint_x
- joint_y
position:
- 0.019993750378489494
- 0.019993750378489494
velocity:
- 0.0015625000232830644
- 0.0015625000232830644
effort: []
---
header:
  stamp:
    sec: 1791159598
    nanosec: 575131418
  frame_id: ''
name:
- joint_x
- joint_y
position:
- 0.0200437493622303
- 0.0200437493622303
velocity:
- 0.0006249999860301614
- 0.0006249999860301614
effort: []
---
header:
  stamp:
    sec: 1791159598
    nanosec: 628562517
  frame_id: ''
name:
- joint_x
- joint_y
position:
- 0.02003750018775463
- 0.02003750018775463
velocity:
- -0.0006249999860301614
- -0.0006249999860301614
effort: []
---
header:
  stamp:
    sec: 1791159598
    nanosec: 665872413
  frame_id: ''
name:
- joint_x
- joint_y
position:
- 0.019987499341368675
- 0.019987499341368675
velocity:
- -0.0015625000232830644
- -0.0015625000232830644
effort: []
---
header:
  stamp:
    sec: 1791159598
    nanosec: 719325589
  frame_id: ''
name:
- joint_x
- joint_y
position:
- 0.019837500527501106
- 0.019837500527501106
velocity:
- -0.002812500111758709
- -0.002812500111758709
effort: []
---
header:
  stamp:
    sec: 1791159598
    nanosec: 774707071
  frame_id: ''
name:
- joint_x
- joint_y
position:
- 0.019606249406933784
- 0.019606249406933784
velocity:
- -0.004062499850988388
- -0.004062499850988388
effort: []
---
header:
  stamp:
    sec: 1791159598
    nanosec: 829016438
  frame_id: ''
name:
- joint_x
- joint_y
position:
- 0.019300000742077827
- 0.019300000742077827
velocity:
- -0.0053571430034935474
- -0.0053571430034935474
effort: []
---
header:
  stamp:
    sec: 1791159598
    nanosec: 865538506
  frame_id: ''
name:
- joint_x
- joint_y
position:
- 0.019050000235438347
- 0.019056249409914017
velocity:
- -0.0062500000931322575
- -0.0062500000931322575
effort: []
---
header:
  stamp:
    sec: 1791159598
    nanosec: 919987541
  frame_id: ''
name:
- joint_x
- joint_y
position:
- 0.01863750070333481
- 0.01863750070333481
velocity:
- -0.0071428571827709675
- -0.0071428571827709675
effort: []
---
header:
  stamp:
    sec: 1791159598
    nanosec: 974423151
  frame_id: ''
name:
- joint_x
- joint_y
position:
- 0.018156249076128006
- 0.018156249076128006
velocity:
- -0.008124999701976776
- -0.008124999701976776
effort: []
---
header:
  stamp:
    sec: 1791159599
    nanosec: 28571552
  frame_id: ''
name:
- joint_x
- joint_y
position:
- 0.017625000327825546
- 0.017631249502301216
velocity:
- -0.009062499739229679
- -0.008750000037252903
effort: []
---
header:
  stamp:
    sec: 1791159599
    nanosec: 82169542
  frame_id: ''
name:
- joint_x
- joint_y
position:
- 0.0170499999076128
- 0.0170499999076128
velocity:
- -0.009999999776482582
- -0.009687500074505806
effort: []
---
header:
  stamp:
    sec: 1791159599
    nanosec: 119671257
  frame_id: ''
name:
- joint_x
- joint_y
position:
- 0.016618749126791954
- 0.016625000163912773
velocity:
- -0.010937499813735485
- -0.010625000111758709
effort: []
---
header:
  stamp:
    sec: 1791159599
    nanosec: 172875595
  frame_id: ''
name:
- joint_x
- joint_y
position:
- 0.015975000336766243
- 0.015981249511241913
velocity:
- -0.010937499813735485
- -0.010625000111758709
effort: []
---
header:
  stamp:
    sec: 1791159599
    nanosec: 227293728
  frame_id: ''
name:
- joint_x
- joint_y
position:
- 0.015281249769032001
- 0.015281249769032001
velocity:
- -0.011562500149011612
- -0.011562500149011612
effort: []
---
header:
  stamp:
    sec: 1791159599
    nanosec: 281655461
  frame_id: ''
name:
- joint_x
- joint_y
position:
- 0.014556249603629112
- 0.014556249603629112
velocity:
- -0.012812499888241291
- -0.012812499888241291
effort: []
---
header:
  stamp:
    sec: 1791159599
    nanosec: 317340053
  frame_id: ''
name:
- joint_x
- joint_y
position:
- 0.01406249962747097
- 0.01406249962747097
velocity:
- -0.012500000186264515
- -0.012500000186264515
effort: []
---
header:
  stamp:
    sec: 1791159599
    nanosec: 372512552
  frame_id: ''
name:
- joint_x
- joint_y
position:
- 0.0132874995470047
- 0.0132874995470047
velocity:
- -0.013124999590218067
- -0.013124999590218067
effort: []
---
header:
  stamp:
    sec: 1791159599
    nanosec: 425988918
  frame_id: ''
name:
- joint_x
- joint_y
position:
- 0.012512500397861004
- 0.01250625029206276
velocity:
- -0.012812499888241291
- -0.012812499888241291
effort: []
---
header:
  stamp:
    sec: 1791159599
    nanosec: 480401784
  frame_id: ''
name:
- joint_x
- joint_y
position:
- 0.011706249788403511
- 0.011706249788403511
velocity:
- -0.013124999590218067
- -0.013124999590218067
effort: []
---
header:
  stamp:
    sec: 1791159599
    nanosec: 515821511
  frame_id: ''
name:
- joint_x
- joint_y
position:
- 0.011175000108778477
- 0.011181250214576721
velocity:
- -0.013124999590218067
- -0.013124999590218067
effort: []
---
header:
  stamp:
    sec: 1791159599
    nanosec: 571342572
  frame_id: ''
name:
- joint_x
- joint_y
position:
- 0.01034375000745058
- 0.01034375000745058
velocity:
- -0.013437500223517418
- -0.013437500223517418
effort: []
---
header:
  stamp:
    sec: 1791159599
    nanosec: 624719865
  frame_id: ''
name:
- joint_x
- joint_y
position:
- 0.009537500329315662
- 0.009537500329315662
velocity:
- -0.013437500223517418
- -0.013437500223517418
effort: []
---
header:
  stamp:
    sec: 1791159599
    nanosec: 680001638
  frame_id: ''
name:
- joint_x
- joint_y
position:
- 0.008706250227987766
- 0.008706250227987766
velocity:
- -0.013124999590218067
- -0.013124999590218067
effort: []
---
header:
  stamp:
    sec: 1791159599
    nanosec: 715591856
  frame_id: ''
name:
- joint_x
- joint_y
position:
- 0.008181249722838402
- 0.008181249722838402
velocity:
- -0.013124999590218067
- -0.013124999590218067
effort: []
---
header:
  stamp:
    sec: 1791159599
    nanosec: 769997721
  frame_id: ''
name:
- joint_x
- joint_y
position:
- 0.007375000044703484
- 0.007375000044703484
velocity:
- -0.012812499888241291
- -0.013124999590218067
effort: []
---
header:
  stamp:
    sec: 1791159599
    nanosec: 824471064
  frame_id: ''
name:
- joint_x
- joint_y
position:
- 0.0065875002183020115
- 0.0065875002183020115
velocity:
- -0.013095238246023655
- -0.013095238246023655
effort: []
---
header:
  stamp:
    sec: 1791159599
    nanosec: 878616982
  frame_id: ''
name:
- joint_x
- joint_y
position:
- 0.005831249989569187
- 0.005831249989569187
velocity:
- -0.012187499552965164
- -0.012187499552965164
effort: []
---
header:
  stamp:
    sec: 1791159599
    nanosec: 915234852
  frame_id: ''
name:
- joint_x
- joint_y
position:
- 0.005324999801814556
- 0.005324999801814556
velocity:
- -0.012500000186264515
- -0.012500000186264515
effort: []
---
header:
  stamp:
    sec: 1791159599
    nanosec: 968735287
  frame_id: ''
name:
- joint_x
- joint_y
position:
- 0.0046187499538064
- 0.0046187499538064
velocity:
- -0.011562500149011612
- -0.011562500149011612
effort: []
---
header:
  stamp:
    sec: 1791159600
    nanosec: 24041958
  frame_id: ''
name:
- joint_x
- joint_y
position:
- 0.003918750211596489
- 0.0039125001057982445
velocity:
- -0.011562500149011612
- -0.011562500149011612
effort: []
---
header:
  stamp:
    sec: 1791159600
    nanosec: 77277394
  frame_id: ''
name:
- joint_x
- joint_y
position:
- 0.003281249897554517
- 0.003281249897554517
velocity:
- -0.010312500409781933
- -0.010312500409781933
effort: []
---
header:
  stamp:
    sec: 1791159600
    nanosec: 131744412
  frame_id: ''
name:
- joint_x
- joint_y
position:
- 0.002675000112503767
- 0.002675000112503767
velocity:
- -0.009687500074505806
- -0.009687500074505806
effort: []
---
header:
  stamp:
    sec: 1791159600
    nanosec: 167402046
  frame_id: ''
name:
- joint_x
- joint_y
position:
- 0.002300000051036477
- 0.002300000051036477
velocity:
- -0.009062499739229679
- -0.009062499739229679
effort: []
---
header:
  stamp:
    sec: 1791159600
    nanosec: 221632719
  frame_id: ''
name:
- joint_x
- joint_y
position:
- 0.0017812500009313226
- 0.0017750000115484
velocity:
- -0.008124999701976776
- -0.008124999701976776
effort: []
---
header:
  stamp:
    sec: 1791159600
    nanosec: 276963484
  frame_id: ''
name:
- joint_x
- joint_y
position:
- 0.0013000000035390258
- 0.0013000000035390258
velocity:
- -0.0078125
- -0.0078125
effort: []
---
header:
  stamp:
    sec: 1791159600
    nanosec: 330460822
  frame_id: ''
name:
- joint_x
- joint_y
position:
- 0.0008999999845400453
- 0.0008999999845400453
velocity:
- -0.0062500000931322575
- -0.0062500000931322575
effort: []
---
header:
  stamp:
    sec: 1791159600
    nanosec: 367176609
  frame_id: ''
name:
- joint_x
- joint_y
position:
- 0.0006562499911524355
- 0.0006562499911524355
velocity:
- -0.005937499925494194
- -0.005937499925494194
effort: []
---
header:
  stamp:
    sec: 1791159600
    nanosec: 420349108
  frame_id: ''
name:
- joint_x
- joint_y
position:
- 0.00036875001387670636
- 0.00036875001387670636
velocity:
- -0.0043750000186264515
- -0.004687500186264515
effort: []
---
header:
  stamp:
    sec: 1791159600
    nanosec: 474725277
  frame_id: ''
name:
- joint_x
- joint_y
position:
- 0.00014375000318977982
- 0.00014375000318977982
velocity:
- -0.0031250000465661287
- -0.0031250000465661287
effort: []
---
header:
  stamp:
    sec: 1791159600
    nanosec: 529131904
  frame_id: ''
name:
- joint_x
- joint_y
position:
- -6.24999984211172e-06
- -6.24999984211172e-06
velocity:
- -0.0020833334419876337
- -0.0020833334419876337
effort: []
---
header:
  stamp:
    sec: 1791159600
    nanosec: 565411759
  frame_id: ''
name:
- joint_x
- joint_y
position:
- -5.624999903375283e-05
- -5.624999903375283e-05
velocity:
- -0.0009374999790452421
- -0.0009374999790452421
effort: []
---
header:
  stamp:
    sec: 1791159600
    nanosec: 620254718
  frame_id: ''
name:
- joint_x
- joint_y
position:
- -4.999999873689376e-05
- -4.999999873689376e-05
velocity:
- 0.0009374999790452421
- 0.0009374999790452421
effort: []
---
header:
  stamp:
    sec: 1791159600
    nanosec: 674743122
  frame_id: ''
name:
- joint_x
- joint_y
position:
- 0.0
- 0.0
velocity:
- 0.0
- 0.0
effort: []
---
header:
  stamp:
    sec: 1791159600
    nanosec: 728732771
  frame_id: ''
name:
- joint_x
- joint_y
position:
- 0.0
- 0.0
velocity:
- 0.0
- 0.0
effort: []
---
header:
  stamp:
    sec: 1791159600
    nanosec: 764446011
  frame_id: ''
name:
- joint_x
- joint_y
position:
- 0.0
- 0.0
velocity:
- 0.0
- 0.0
effort: []
---
header:
  stamp:
    sec: 1791159600
    nanosec: 819560244
  frame_id: ''
name:
- joint_x
- joint_y
position:
- 0.0
- 0.0
velocity:
- 0.0
- 0.0
effort: []
---
header:
  stamp:
    sec: 1791159600
    nanosec: 873657988
  frame_id: ''
name:
- joint_x
- joint_y
position:
- 0.0
- 0.0
velocity:
- 0.0
- 0.0
effort: []
---
header:
  stamp:
    sec: 1791159600
    nanosec: 926862224
  frame_id: ''
name:
- joint_x
- joint_y
position:
- 0.0
- 0.0
velocity:
- 0.0
- 0.0
effort: []
---
header:
  stamp:
    sec: 1791159600
    nanosec: 980985226
  frame_id: ''
name:
- joint_x
- joint_y
position:
- 0.0
- 0.0
velocity:
- 0.0
- 0.0
effort: []
---
header:
  stamp:
    sec: 1791159601
    nanosec: 26991476
  frame_id: ''
name:
- joint_x
- joint_y
position:
- 0.0
- 0.0
velocity:
- 0.0
- 0.0
effort: []
---
header:
  stamp:
    sec: 1791159601
    nanosec: 89308096
  frame_id: ''
name:
- joint_x
- joint_y
position:
- 0.0
- 0.0
velocity:
- 0.0
- 0.0
effort: []
---
header:
  stamp:
    sec: 1791159601
    nanosec: 125064708
  frame_id: ''
name:
- joint_x
- joint_y
position:
- 0.0
- 0.0
velocity:
- 0.0
- 0.0
effort: []
---
header:
  stamp:
    sec: 1791159601
    nanosec: 179200109
  frame_id: ''
name:
- joint_x
- joint_y
position:
- 0.0
- 0.0
velocity:
- 0.0
- 0.0
effort: []
---
header:
  stamp:
    sec: 1791159601
    nanosec: 214966898
  frame_id: ''
name:
- joint_x
- joint_y
position:
- 0.0
- 0.0
velocity:
- 0.0
- 0.0
effort: []
---
header:
  stamp:
    sec: 1791159601
    nanosec: 268934686
  frame_id: ''
name:
- joint_x
- joint_y
position:
- 0.0
- 0.0
velocity:
- 0.0
- 0.0
effort: []
---
header:
  stamp:
    sec: 1791159604
    nanosec: 905022475
  frame_id: ''
name:
- joint_x
- joint_y
position:
- 0.0
- 0.0
velocity:
- 0.0
- 0.0
effort: []
---
header:
  stamp:
    sec: 1791159604
    nanosec: 923384377
  frame_id: ''
name:
- joint_x
- joint_y
position:
- 0.0
- 0.0
velocity:
- 0.0
- 0.0
effort: []
---
header:
  stamp:
    sec: 1791159604
    nanosec: 977712925
  frame_id: ''
name:
- joint_x
- joint_y
position:
- 0.0
- 0.0
velocity:
- 0.0
- 0.0
effort: []
---
header:
  stamp:
    sec: 1791159605
    nanosec: 31596765
  frame_id: ''
name:
- joint_x
- joint_y
position:
- 0.0
- 0.0
velocity:
- 0.0
- 0.0
effort: []
---
header:
  stamp:
    sec: 1791159605
    nanosec: 67399150
  frame_id: ''
name:
- joint_x
- joint_y
position:
- 0.0
- 0.0
velocity:
- 0.0
- 0.0
effort: []
---
header:
  stamp:
    sec: 1791159605
    nanosec: 121545064
  frame_id: ''
name:
- joint_x
- joint_y
position:
- 0.0
- 0.0
velocity:
- 0.0
- 0.0
effort: []
---
header:
  stamp:
    sec: 1791159605
    nanosec: 175648514
  frame_id: ''
name:
- joint_x
- joint_y
position:
- 0.0
- 0.0
velocity:
- 0.0
- 0.0
effort: []
---
header:
  stamp:
    sec: 1791159605
    nanosec: 228980573
  frame_id: ''
name:
- joint_x
- joint_y
position:
- 0.0003124999930150807
- 0.0003124999930150807
velocity:
- 0.005937499925494194
- 0.005937499925494194
effort: []
---
header:
  stamp:
    sec: 1791159605
    nanosec: 266514126
  frame_id: ''
name:
- joint_x
- joint_y
position:
- 0.0005687500233761966
- 0.0005687500233761966
velocity:
- 0.0062500000931322575
- 0.0062500000931322575
effort: []
---
header:
  stamp:
    sec: 1791159605
    nanosec: 319784692
  frame_id: ''
name:
- joint_x
- joint_y
position:
- 0.0009250000002793968
- 0.0009250000002793968
velocity:
- 0.005937499925494194
- 0.005937499925494194
effort: []
---
header:
  stamp:
    sec: 1791159605
    nanosec: 374175938
  frame_id: ''
name:
- joint_x
- joint_y
position:
- 0.0013000000035390258
- 0.0013000000035390258
velocity:
- 0.0062500000931322575
- 0.0062500000931322575
effort: []
---
header:
  stamp:
    sec: 1791159605
    nanosec: 428732610
  frame_id: ''
name:
- joint_x
- joint_y
position:
- 0.0016749999485909939
- 0.0016749999485909939
velocity:
- 0.0062500000931322575
- 0.0062500000931322575
effort: []
---
header:
  stamp:
    sec: 1791159605
    nanosec: 465216739
  frame_id: ''
name:
- joint_x
- joint_y
position:
- 0.0019312499789521098
- 0.0019312499789521098
velocity:
- 0.0062500000931322575
- 0.0062500000931322575
effort: []
---
header:
  stamp:
    sec: 1791159605
    nanosec: 520368559
  frame_id: ''
name:
- joint_x
- joint_y
position:
- 0.0023250000085681677
- 0.0023250000085681677
velocity:
- 0.006562499795109034
- 0.006562499795109034
effort: []
---
header:
  stamp:
    sec: 1791159605
    nanosec: 573757502
  frame_id: ''
name:
- joint_x
- joint_y
position:
- 0.0027187499217689037
- 0.0027187499217689037
velocity:
- 0.0062500000931322575
- 0.0062500000931322575
effort: []
---
header:
  stamp:
    sec: 1791159605
    nanosec: 628196867
  frame_id: ''
name:
- joint_x
- joint_y
position:
- 0.0031187499407678843
- 0.0031187499407678843
velocity:
- 0.006562499795109034
- 0.006562499795109034
effort: []
---
header:
  stamp:
    sec: 1791159605
    nanosec: 663609687
  frame_id: ''
name:
- joint_x
- joint_y
position:
- 0.003381249960511923
- 0.003381249960511923
velocity:
- 0.006562499795109034
- 0.006562499795109034
effort: []
---
header:
  stamp:
    sec: 1791159605
    nanosec: 718051899
  frame_id: ''
name:
- joint_x
- joint_y
position:
- 0.0037937499582767487
- 0.0037937499582767487
velocity:
- 0.006874999962747097
- 0.006874999962747097
effort: []
---
header:
  stamp:
    sec: 1791159605
    nanosec: 772423226
  frame_id: ''
name:
- joint_x
- joint_y
position:
- 0.004212500061839819
- 0.0042062499560415745
velocity:
- 0.007499999832361937
- 0.0071875001303851604
effort: []
---
header:
  stamp:
    sec: 1791159605
    nanosec: 825646591
  frame_id: ''
name:
- joint_x
- joint_y
position:
- 0.0046187499538064
- 0.0046187499538064
velocity:
- 0.006874999962747097
- 0.006562499795109034
effort: []
---
header:
  stamp:
    sec: 1791159605
    nanosec: 880121830
  frame_id: ''
name:
- joint_x
- joint_y
position:
- 0.005049999803304672
- 0.005049999803304672
velocity:
- 0.0071875001303851604
- 0.0071875001303851604
effort: []
---
header:
  stamp:
    sec: 1791159605
    nanosec: 915573088
  frame_id: ''
name:
- joint_x
- joint_y
position:
- 0.005118750035762787
- 0.005118750035762787
velocity:
- 0.0
- 0.0
effort: []
---
header:
  stamp:
    sec: 1791159605
    nanosec: 970146745
  frame_id: ''
name:
- joint_x
- joint_y
position:
- 0.005118750035762787
- 0.005118750035762787
velocity:
- 0.0
- 0.0
effort: []
---
header:
  stamp:
    sec: 1791159606
    nanosec: 23764013
  frame_id: ''
name:
- joint_x
- joint_y
position:
- 0.005118750035762787
- 0.005118750035762787
velocity:
- 0.0
- 0.0
effort: []
---
