A message was lost!!!
	total count change:1
	total count: 1---
header:
  stamp:
    sec: 1791161493
    nanosec: 74347360
  frame_id: base_link
name:
- joint_x
- joint_y
position:
- 0.0
- 0.0
velocity:
- 0.0
- 0.0
effort:
- .nan
- .nan
---
header:
  stamp:
    sec: 1791161493
    nanosec: 94362007
  frame_id: base_link
name:
- joint_x
- joint_y
position:
- 0.0
- 0.0
velocity:
- 0.0
- 0.0
effort:
- .nan
- .nan
---
header:
  stamp:
    sec: 1791161493
    nanosec: 114355104
  frame_id: base_link
name:
- joint_x
- joint_y
position:
- 0.0
- 0.0
velocity:
- 0.0
- 0.0
effort:
- .nan
- .nan
---
header:
  stamp:
    sec: 1791161493
    nanosec: 134348342
  frame_id: base_link
name:
- joint_x
- joint_y
position:
- 0.0
- 0.0
velocity:
- 0.0
- 0.0
effort:
- .nan
- .nan
---
header:
  stamp:
    sec: 1791161493
    nanosec: 154312903
  frame_id: base_link
name:
- joint_x
- joint_y
position:
- 0.0
- 0.0
velocity:
- 0.0
- 0.0
effort:
- .nan
- .nan
---
header:
  stamp:
    sec: 1791161493
    nanosec: 174294108
  frame_id: base_link
name:
- joint_x
- joint_y
position:
- 0.0
- 0.0
velocity:
- 0.0
- 0.0
effort:
- .nan
- .nan
---
header:
  stamp:
    sec: 1791161493
    nanosec: 194314693
  frame_id: base_link
name:
- joint_x
- joint_y
position:
- 0.0
- 0.0
velocity:
- 0.0
- 0.0
effort:
- .nan
- .nan
---
header:
  stamp:
    sec: 1791161493
    nanosec: 214311723
  frame_id: base_link
name:
- joint_x
- joint_y
position:
- 0.0
- 0.0
velocity:
- 0.0
- 0.0
effort:
- .nan
- .nan
---
header:
  stamp:
    sec: 1791161493
    nanosec: 234319157
  frame_id: base_link
name:
- joint_x
- joint_y
position:
- 0.0
- 0.0
velocity:
- 0.0
- 0.0
effort:
- .nan
- .nan
---
header:
  stamp:
    sec: 1791161493
    nanosec: 254321150
  frame_id: base_link
name:
- joint_x
- joint_y
position:
- 0.0
- 0.0
velocity:
- 0.0
- 0.0
effort:
- .nan
- .nan
---
header:
  stamp:
    sec: 1791161493
    nanosec: 274320734
  frame_id: base_link
name:
- joint_x
- joint_y
position:
- 0.0
- 0.0
velocity:
- 0.0
- 0.0
effort:
- .nan
- .nan
---
header:
  stamp:
    sec: 1791161493
    nanosec: 294326190
  frame_id: base_link
name:
- joint_x
- joint_y
position:
- 0.0
- 0.0
velocity:
- 0.0
- 0.0
effort:
- .nan
- .nan
---
header:
  stamp:
    sec: 1791161493
    nanosec: 314309812
  frame_id: base_link
name:
- joint_x
- joint_y
position:
- 0.0
- 0.0
velocity:
- 0.0
- 0.0
effort:
- .nan
- .nan
---
header:
  stamp:
    sec: 1791161493
    nanosec: 334304986
  frame_id: base_link
name:
- joint_x
- joint_y
position:
- 0.0
- 0.0
velocity:
- 0.0
- 0.0
effort:
- .nan
- .nan
---
header:
  stamp:
    sec: 1791161493
    nanosec: 354312205
  frame_id: base_link
name:
- joint_x
- joint_y
position:
- 0.0
- 0.0
velocity:
- 0.0
- 0.0
effort:
- .nan
- .nan
---
header:
  stamp:
    sec: 1791161493
    nanosec: 374313082
  frame_id: base_link
name:
- joint_x
- joint_y
position:
- 0.0
- 0.0
velocity:
- 0.0
- 0.0
effort:
- .nan
- .nan
---
header:
  stamp:
    sec: 1791161493
    nanosec: 394308418
  frame_id: base_link
name:
- joint_x
- joint_y
position:
- 0.0
- 0.0
velocity:
- 0.0
- 0.0
effort:
- .nan
- .nan
---
header:
  stamp:
    sec: 1791161493
    nanosec: 414309944
  frame_id: base_link
name:
- joint_x
- joint_y
position:
- 0.0
- 0.0
velocity:
- 0.0
- 0.0
effort:
- .nan
- .nan
---
header:
  stamp:
    sec: 1791161493
    nanosec: 434300583
  frame_id: base_link
name:
- joint_x
- joint_y
position:
- 0.0
- 0.0
velocity:
- 0.0
- 0.0
effort:
- .nan
- .nan
---
header:
  stamp:
    sec: 1791161493
    nanosec: 454333916
  frame_id: base_link
name:
- joint_x
- joint_y
position:
- 0.0
- 0.0
velocity:
- 0.0
- 0.0
effort:
- .nan
- .nan
---
header:
  stamp:
    sec: 1791161493
    nanosec: 474310863
  frame_id: base_link
name:
- joint_x
- joint_y
position:
- 0.0
- 0.0
velocity:
- 0.0
- 0.0
effort:
- .nan
- .nan
---
header:
  stamp:
    sec: 1791161493
    nanosec: 494304633
  frame_id: base_link
name:
- joint_x
- joint_y
position:
- 0.0
- 0.0
velocity:
- 0.0
- 0.0
effort:
- .nan
- .nan
---
header:
  stamp:
    sec: 1791161493
    nanosec: 514328037
  frame_id: base_link
name:
- joint_x
- joint_y
position:
- 0.0
- 0.0
velocity:
- 0.0
- 0.0
effort:
- .nan
- .nan
---
header:
  stamp:
    sec: 1791161493
    nanosec: 534314437
  frame_id: base_link
name:
- joint_x
- joint_y
position:
- 0.0
- 0.0
velocity:
- 0.0
- 0.0
effort:
- .nan
- .nan
---
header:
  stamp:
    sec: 1791161493
    nanosec: 554304490
  frame_id: base_link
name:
- joint_x
- joint_y
position:
- 0.0
- 0.0
velocity:
- 0.0
- 0.0
effort:
- .nan
- .nan
---
header:
  stamp:
    sec: 1791161493
    nanosec: 574317591
  frame_id: base_link
name:
- joint_x
- joint_y
position:
- 0.0
- 0.0
velocity:
- 0.0
- 0.0
effort:
- .nan
- .nan
---
header:
  stamp:
    sec: 1791161493
    nanosec: 594303540
  frame_id: base_link
name:
- joint_x
- joint_y
position:
- 0.0
- 0.0
velocity:
- 0.0
- 0.0
effort:
- .nan
- .nan
---
header:
  stamp:
    sec: 1791161493
    nanosec: 614308214
  frame_id: base_link
name:
- joint_x
- joint_y
position:
- 0.0
- 0.0
velocity:
- 0.0
- 0.0
effort:
- .nan
- .nan
---
header:
  stamp:
    sec: 1791161493
    nanosec: 634308384
  frame_id: base_link
name:
- joint_x
- joint_y
position:
- 0.0
- 0.0
velocity:
- 0.0
- 0.0
effort:
- .nan
- .nan
---
header:
  stamp:
    sec: 1791161493
    nanosec: 654301202
  frame_id: base_link
name:
- joint_x
- joint_y
position:
- 0.0
- 0.0
velocity:
- 0.0
- 0.0
effort:
- .nan
- .nan
---
header:
  stamp:
    sec: 1791161493
    nanosec: 674312819
  frame_id: base_link
name:
- joint_x
- joint_y
position:
- 0.0
- 0.0
velocity:
- 0.0
- 0.0
effort:
- .nan
- .nan
---
header:
  stamp:
    sec: 1791161493
    nanosec: 694304415
  frame_id: base_link
name:
- joint_x
- joint_y
position:
- 0.0
- 0.0
velocity:
- 0.0
- 0.0
effort:
- .nan
- .nan
---
header:
  stamp:
    sec: 1791161493
    nanosec: 714311490
  frame_id: base_link
name:
- joint_x
- joint_y
position:
- 0.0
- 0.0
velocity:
- 0.0
- 0.0
effort:
- .nan
- .nan
---
header:
  stamp:
    sec: 1791161493
    nanosec: 734296124
  frame_id: base_link
name:
- joint_x
- joint_y
position:
- 0.0
- 0.0
velocity:
- 0.0
- 0.0
effort:
- .nan
- .nan
---
header:
  stamp:
    sec: 1791161493
    nanosec: 754303766
  frame_id: base_link
name:
- joint_x
- joint_y
position:
- 0.0
- 0.0
velocity:
- 0.0
- 0.0
effort:
- .nan
- .nan
---
header:
  stamp:
    sec: 1791161493
    nanosec: 774306953
  frame_id: base_link
name:
- joint_x
- joint_y
position:
- 0.0
- 0.0
velocity:
- 0.0
- 0.0
effort:
- .nan
- .nan
---
header:
  stamp:
    sec: 1791161493
    nanosec: 794314740
  frame_id: base_link
name:
- joint_x
- joint_y
position:
- 0.0
- 0.0
velocity:
- 0.0
- 0.0
effort:
- .nan
- .nan
---
header:
  stamp:
    sec: 1791161493
    nanosec: 814307049
  frame_id: base_link
name:
- joint_x
- joint_y
position:
- 0.0
- 0.0
velocity:
- 0.0
- 0.0
effort:
- .nan
- .nan
---
header:
  stamp:
    sec: 1791161493
    nanosec: 834303958
  frame_id: base_link
name:
- joint_x
- joint_y
position:
- 0.0
- 0.0
velocity:
- 0.0
- 0.0
effort:
- .nan
- .nan
---
header:
  stamp:
    sec: 1791161493
    nanosec: 854319598
  frame_id: base_link
name:
- joint_x
- joint_y
position:
- 0.0
- 0.0
velocity:
- 0.0
- 0.0
effort:
- .nan
- .nan
---
header:
  stamp:
    sec: 1791161493
    nanosec: 874304304
  frame_id: base_link
name:
- joint_x
- joint_y
position:
- 0.0
- 0.0
velocity:
- 0.0
- 0.0
effort:
- .nan
- .nan
---
header:
  stamp:
    sec: 1791161493
    nanosec: 894306416
  frame_id: base_link
name:
- joint_x
- joint_y
position:
- 0.0
- 0.0
velocity:
- 0.0
- 0.0
effort:
- .nan
- .nan
---
header:
  stamp:
    sec: 1791161493
    nanosec: 914313914
  frame_id: base_link
name:
- joint_x
- joint_y
position:
- 0.0
- 0.0
velocity:
- 0.0
- 0.0
effort:
- .nan
- .nan
---
header:
  stamp:
    sec: 1791161493
    nanosec: 934314341
  frame_id: base_link
name:
- joint_x
- joint_y
position:
- 0.0
- 0.0
velocity:
- 0.0
- 0.0
effort:
- .nan
- .nan
---
header:
  stamp:
    sec: 1791161493
    nanosec: 954313953
  frame_id: base_link
name:
- joint_x
- joint_y
position:
- 0.0
- 0.0
velocity:
- 0.0
- 0.0
effort:
- .nan
- .nan
---
header:
  stamp:
    sec: 1791161493
    nanosec: 974314129
  frame_id: base_link
name:
- joint_x
- joint_y
position:
- 0.0
- 0.0
velocity:
- 0.0
- 0.0
effort:
- .nan
- .nan
---
header:
  stamp:
    sec: 1791161493
    nanosec: 994307096
  frame_id: base_link
name:
- joint_x
- joint_y
position:
- 0.0
- 0.0
velocity:
- 0.0
- 0.0
effort:
- .nan
- .nan
---
header:
  stamp:
    sec: 1791161494
    nanosec: 14309574
  frame_id: base_link
name:
- joint_x
- joint_y
position:
- 0.0
- 0.0
velocity:
- 0.0
- 0.0
effort:
- .nan
- .nan
---
header:
  stamp:
    sec: 1791161494
    nanosec: 34312058
  frame_id: base_link
name:
- joint_x
- joint_y
position:
- 0.0
- 0.0
velocity:
- 0.0
- 0.0
effort:
- .nan
- .nan
---
header:
  stamp:
    sec: 1791161494
    nanosec: 54312111
  frame_id: base_link
name:
- joint_x
- joint_y
position:
- 0.0
- 0.0
velocity:
- 0.0
- 0.0
effort:
- .nan
- .nan
---
header:
  stamp:
    sec: 1791161494
    nanosec: 74329267
  frame_id: base_link
name:
- joint_x
- joint_y
position:
- 0.0
- 0.0
velocity:
- 0.0
- 0.0
effort:
- .nan
- .nan
---
header:
  stamp:
    sec: 1791161494
    nanosec: 94313328
  frame_id: base_link
name:
- joint_x
- joint_y
position:
- 0.0
- 0.0
velocity:
- 0.0
- 0.0
effort:
- .nan
- .nan
---
header:
  stamp:
    sec: 1791161494
    nanosec: 114329104
  frame_id: base_link
name:
- joint_x
- joint_y
position:
- 0.0
- 0.0
velocity:
- 0.0
- 0.0
effort:
- .nan
- .nan
---
header:
  stamp:
    sec: 1791161494
    nanosec: 134319572
  frame_id: base_link
name:
- joint_x
- joint_y
position:
- 0.0
- 0.0
velocity:
- 0.0
- 0.0
effort:
- .nan
- .nan
---
header:
  stamp:
    sec: 1791161494
    nanosec: 154311473
  frame_id: base_link
name:
- joint_x
- joint_y
position:
- 0.0
- 0.0
velocity:
- 0.0
- 0.0
effort:
- .nan
- .nan
---
header:
  stamp:
    sec: 1791161494
    nanosec: 174328942
  frame_id: base_link
name:
- joint_x
- joint_y
position:
- 0.0
- 0.0
velocity:
- 0.0
- 0.0
effort:
- .nan
- .nan
---
header:
  stamp:
    sec: 1791161494
    nanosec: 194324203
  frame_id: base_link
name:
- joint_x
- joint_y
position:
- 0.0
- 0.0
velocity:
- 0.0
- 0.0
effort:
- .nan
- .nan
---
header:
  stamp:
    sec: 1791161494
    nanosec: 214320414
  frame_id: base_link
name:
- joint_x
- joint_y
position:
- 0.0
- 0.0
velocity:
- 0.0
- 0.0
effort:
- .nan
- .nan
---
header:
  stamp:
    sec: 1791161494
    nanosec: 234318996
  frame_id: base_link
name:
- joint_x
- joint_y
position:
- 0.0
- 0.0
velocity:
- 0.0
- 0.0
effort:
- .nan
- .nan
---
header:
  stamp:
    sec: 1791161494
    nanosec: 254321875
  frame_id: base_link
name:
- joint_x
- joint_y
position:
- 0.0
- 0.0
velocity:
- 0.0
- 0.0
effort:
- .nan
- .nan
---
header:
  stamp:
    sec: 1791161494
    nanosec: 274313995
  frame_id: base_link
name:
- joint_x
- joint_y
position:
- 0.0
- 0.0
velocity:
- 0.0
- 0.0
effort:
- .nan
- .nan
---
header:
  stamp:
    sec: 1791161494
    nanosec: 294314788
  frame_id: base_link
name:
- joint_x
- joint_y
position:
- 0.0
- 0.0
velocity:
- 0.0
- 0.0
effort:
- .nan
- .nan
---
header:
  stamp:
    sec: 1791161494
    nanosec: 314316519
  frame_id: base_link
name:
- joint_x
- joint_y
position:
- 0.0
- 0.0
velocity:
- 0.0
- 0.0
effort:
- .nan
- .nan
---
header:
  stamp:
    sec: 1791161494
    nanosec: 334305299
  frame_id: base_link
name:
- joint_x
- joint_y
position:
- 0.0
- 0.0
velocity:
- 0.0
- 0.0
effort:
- .nan
- .nan
---
header:
  stamp:
    sec: 1791161494
    nanosec: 354316238
  frame_id: base_link
name:
- joint_x
- joint_y
position:
- 0.0
- 0.0
velocity:
- 0.0
- 0.0
effort:
- .nan
- .nan
---
header:
  stamp:
    sec: 1791161494
    nanosec: 374309888
  frame_id: base_link
name:
- joint_x
- joint_y
position:
- 0.0
- 0.0
velocity:
- 0.0
- 0.0
effort:
- .nan
- .nan
---
header:
  stamp:
    sec: 1791161494
    nanosec: 394367902
  frame_id: base_link
name:
- joint_x
- joint_y
position:
- 0.0
- 0.0
velocity:
- 0.0
- 0.0
effort:
- .nan
- .nan
---
header:
  stamp:
    sec: 1791161494
    nanosec: 414323309
  frame_id: base_link
name:
- joint_x
- joint_y
position:
- 0.0
- 0.0
velocity:
- 0.0
- 0.0
effort:
- .nan
- .nan
---
header:
  stamp:
    sec: 1791161494
    nanosec: 434313191
  frame_id: base_link
name:
- joint_x
- joint_y
position:
- 0.0
- 0.0
velocity:
- 0.0
- 0.0
effort:
- .nan
- .nan
---
header:
  stamp:
    sec: 1791161494
    nanosec: 454347142
  frame_id: base_link
name:
- joint_x
- joint_y
position:
- 0.0
- 0.0
velocity:
- 0.0
- 0.0
effort:
- .nan
- .nan
---
header:
  stamp:
    sec: 1791161494
    nanosec: 474321766
  frame_id: base_link
name:
- joint_x
- joint_y
position:
- 0.0
- 0.0
velocity:
- 0.0
- 0.0
effort:
- .nan
- .nan
---
header:
  stamp:
    sec: 1791161494
    nanosec: 494311159
  frame_id: base_link
name:
- joint_x
- joint_y
position:
- 0.0
- 0.0
velocity:
- 0.0
- 0.0
effort:
- .nan
- .nan
---
header:
  stamp:
    sec: 1791161494
    nanosec: 514330044
  frame_id: base_link
name:
- joint_x
- joint_y
position:
- 0.0
- 0.0
velocity:
- 0.0
- 0.0
effort:
- .nan
- .nan
---
header:
  stamp:
    sec: 1791161494
    nanosec: 534343303
  frame_id: base_link
name:
- joint_x
- joint_y
position:
- 0.0
- 0.0
velocity:
- 0.0
- 0.0
effort:
- .nan
- .nan
---
header:
  stamp:
    sec: 1791161494
    nanosec: 554315348
  frame_id: base_link
name:
- joint_x
- joint_y
position:
- 0.0
- 0.0
velocity:
- 0.0
- 0.0
effort:
- .nan
- .nan
---
header:
  stamp:
    sec: 1791161494
    nanosec: 574326262
  frame_id: base_link
name:
- joint_x
- joint_y
position:
- 0.0
- 0.0
velocity:
- 0.0
- 0.0
effort:
- .nan
- .nan
---
header:
  stamp:
    sec: 1791161494
    nanosec: 598832238
  frame_id: base_link
name:
- joint_x
- joint_y
position:
- 0.0
- 0.0
velocity:
- 0.0
- 0.0
effort:
- .nan
- .nan
---
header:
  stamp:
    sec: 1791161494
    nanosec: 616772562
  frame_id: base_link
name:
- joint_x
- joint_y
position:
- 0.0
- 0.0
velocity:
- 0.0
- 0.0
effort:
- .nan
- .nan
---
header:
  stamp:
    sec: 1791161494
    nanosec: 634314125
  frame_id: base_link
name:
- joint_x
- joint_y
position:
- 0.0
- 0.0
velocity:
- 0.0
- 0.0
effort:
- .nan
- .nan
---
header:
  stamp:
    sec: 1791161494
    nanosec: 654318694
  frame_id: base_link
name:
- joint_x
- joint_y
position:
- 0.0
- 0.0
velocity:
- 0.0
- 0.0
effort:
- .nan
- .nan
---
header:
  stamp:
    sec: 1791161494
    nanosec: 674288532
  frame_id: base_link
name:
- joint_x
- joint_y
position:
- 0.0
- 0.0
velocity:
- 0.0
- 0.0
effort:
- .nan
- .nan
---
header:
  stamp:
    sec: 1791161494
    nanosec: 694292311
  frame_id: base_link
name:
- joint_x
- joint_y
position:
- 0.0
- 0.0
velocity:
- 0.0
- 0.0
effort:
- .nan
- .nan
---
header:
  stamp:
    sec: 1791161494
    nanosec: 714462288
  frame_id: base_link
name:
- joint_x
- joint_y
position:
- 0.0
- 0.0
velocity:
- 0.0
- 0.0
effort:
- .nan
- .nan
---
header:
  stamp:
    sec: 1791161494
    nanosec: 734372712
  frame_id: base_link
name:
- joint_x
- joint_y
position:
- 0.0
- 0.0
velocity:
- 0.0
- 0.0
effort:
- .nan
- .nan
---
header:
  stamp:
    sec: 1791161494
    nanosec: 754686683
  frame_id: base_link
name:
- joint_x
- joint_y
position:
- 0.0
- 0.0
velocity:
- 0.0
- 0.0
effort:
- .nan
- .nan
---
header:
  stamp:
    sec: 1791161494
    nanosec: 774322883
  frame_id: base_link
name:
- joint_x
- joint_y
position:
- 0.0
- 0.0
velocity:
- 0.0
- 0.0
effort:
- .nan
- .nan
---
header:
  stamp:
    sec: 1791161494
    nanosec: 794325884
  frame_id: base_link
name:
- joint_x
- joint_y
position:
- 0.0
- 0.0
velocity:
- 0.0
- 0.0
effort:
- .nan
- .nan
---
header:
  stamp:
    sec: 1791161494
    nanosec: 814312888
  frame_id: base_link
name:
- joint_x
- joint_y
position:
- 0.0
- 0.0
velocity:
- 0.0
- 0.0
effort:
- .nan
- .nan
---
header:
  stamp:
    sec: 1791161494
    nanosec: 834325436
  frame_id: base_link
name:
- joint_x
- joint_y
position:
- 0.0
- 0.0
velocity:
- 0.0
- 0.0
effort:
- .nan
- .nan
---
header:
  stamp:
    sec: 1791161494
    nanosec: 854322019
  frame_id: base_link
name:
- joint_x
- joint_y
position:
- 0.0
- 0.0
velocity:
- 0.0
- 0.0
effort:
- .nan
- .nan
---
header:
  stamp:
    sec: 1791161494
    nanosec: 874331334
  frame_id: base_link
name:
- joint_x
- joint_y
position:
- 0.0
- 0.0
velocity:
- 0.0
- 0.0
effort:
- .nan
- .nan
---
header:
  stamp:
    sec: 1791161494
    nanosec: 894328554
  frame_id: base_link
name:
- joint_x
- joint_y
position:
- 0.0
- 0.0
velocity:
- 0.0
- 0.0
effort:
- .nan
- .nan
---
header:
  stamp:
    sec: 1791161494
    nanosec: 914315541
  frame_id: base_link
name:
- joint_x
- joint_y
position:
- 0.0
- 0.0
velocity:
- 0.0
- 0.0
effort:
- .nan
- .nan
---
header:
  stamp:
    sec: 1791161494
    nanosec: 934321902
  frame_id: base_link
name:
- joint_x
- joint_y
position:
- 0.0
- 0.0
velocity:
- 0.0
- 0.0
effort:
- .nan
- .nan
---
header:
  stamp:
    sec: 1791161494
    nanosec: 954316628
  frame_id: base_link
name:
- joint_x
- joint_y
position:
- 0.0
- 0.0
velocity:
- 0.0
- 0.0
effort:
- .nan
- .nan
---
header:
  stamp:
    sec: 1791161494
    nanosec: 974296005
  frame_id: base_link
name:
- joint_x
- joint_y
position:
- 6.24999984211172e-06
- 6.24999984211172e-06
velocity:
- 0.0003124999930150807
- 0.0003124999930150807
effort:
- .nan
- .nan
---
header:
  stamp:
    sec: 1791161494
    nanosec: 994326081
  frame_id: base_link
name:
- joint_x
- joint_y
position:
- 3.125000148429535e-05
- 3.125000148429535e-05
velocity:
- 0.0012499999720603228
- 0.0012499999720603228
effort:
- .nan
- .nan
---
header:
  stamp:
    sec: 1791161495
    nanosec: 14348167
  frame_id: base_link
name:
- joint_x
- joint_y
position:
- 6.874999962747097e-05
- 6.874999962747097e-05
velocity:
- 0.0018749999580904841
- 0.0018749999580904841
effort:
- .nan
- .nan
---
header:
  stamp:
    sec: 1791161495
    nanosec: 34341764
  frame_id: base_link
name:
- joint_x
- joint_y
position:
- 0.00013124999532010406
- 0.00013124999532010406
velocity:
- 0.0031250000465661287
- 0.0031250000465661287
effort:
- .nan
- .nan
---
header:
  stamp:
    sec: 1791161495
    nanosec: 54333122
  frame_id: base_link
name:
- joint_x
- joint_y
position:
- 0.00019999999494757503
- 0.0002062499988824129
velocity:
- 0.0034374999813735485
- 0.0034374999813735485
effort:
- .nan
- .nan
---
header:
  stamp:
    sec: 1791161495
    nanosec: 74350519
  frame_id: base_link
name:
- joint_x
- joint_y
position:
- 0.0002937499957624823
- 0.0002937499957624823
velocity:
- 0.004687500186264515
- 0.0043750000186264515
effort:
- .nan
- .nan
---
header:
  stamp:
    sec: 1791161495
    nanosec: 94334286
  frame_id: base_link
name:
- joint_x
- joint_y
position:
- 0.0003937500005122274
- 0.0003937500005122274
velocity:
- 0.004999999888241291
- 0.0053125000558793545
effort:
- .nan
- .nan
---
header:
  stamp:
    sec: 1791161495
    nanosec: 114330226
  frame_id: base_link
name:
- joint_x
- joint_y
position:
- 0.000512500002514571
- 0.000512500002514571
velocity:
- 0.0056547620333731174
- 0.0056547620333731174
effort:
- .nan
- .nan
---
header:
  stamp:
    sec: 1791161495
    nanosec: 134360820
  frame_id: base_link
name:
- joint_x
- joint_y
position:
- 0.0007937499904073775
- 0.0007937499904073775
velocity:
- 0.0071875001303851604
- 0.0071875001303851604
effort:
- .nan
- .nan
---
header:
  stamp:
    sec: 1791161495
    nanosec: 154330163
  frame_id: base_link
name:
- joint_x
- joint_y
position:
- 0.0009500000160187483
- 0.0009500000160187483
velocity:
- 0.0078125
- 0.0078125
effort:
- .nan
- .nan
---
header:
  stamp:
    sec: 1791161495
    nanosec: 174333470
  frame_id: base_link
name:
- joint_x
- joint_y
position:
- 0.0011124999728053808
- 0.0011124999728053808
velocity:
- 0.008124999701976776
- 0.008124999701976776
effort:
- .nan
- .nan
---
header:
  stamp:
    sec: 1791161495
    nanosec: 194336076
  frame_id: base_link
name:
- joint_x
- joint_y
position:
- 0.0013000000035390258
- 0.0013000000035390258
velocity:
- 0.008928571827709675
- 0.008928571827709675
effort:
- .nan
- .nan
---
header:
  stamp:
    sec: 1791161495
    nanosec: 214323484
  frame_id: base_link
name:
- joint_x
- joint_y
position:
- 0.001500000013038516
- 0.001500000013038516
velocity:
- 0.009999999776482582
- 0.009999999776482582
effort:
- .nan
- .nan
---
header:
  stamp:
    sec: 1791161495
    nanosec: 234343677
  frame_id: base_link
name:
- joint_x
- joint_y
position:
- 0.001706250011920929
- 0.001706250011920929
velocity:
- 0.009999999776482582
- 0.009999999776482582
effort:
- .nan
- .nan
---
header:
  stamp:
    sec: 1791161495
    nanosec: 254353449
  frame_id: base_link
name:
- joint_x
- joint_y
position:
- 0.0019125000108033419
- 0.0019125000108033419
velocity:
- 0.010625000111758709
- 0.010625000111758709
effort:
- .nan
- .nan
---
header:
  stamp:
    sec: 1791161495
    nanosec: 274288782
  frame_id: base_link
name:
- joint_x
- joint_y
position:
- 0.0021375000942498446
- 0.0021375000942498446
velocity:
- 0.010937499813735485
- 0.010937499813735485
effort:
- .nan
- .nan
---
header:
  stamp:
    sec: 1791161495
    nanosec: 294342093
  frame_id: base_link
name:
- joint_x
- joint_y
position:
- 0.0023624999448657036
- 0.0023624999448657036
velocity:
- 0.011562500149011612
- 0.011562500149011612
effort:
- .nan
- .nan
---
header:
  stamp:
    sec: 1791161495
    nanosec: 314347749
  frame_id: base_link
name:
- joint_x
- joint_y
position:
- 0.0026187500916421413
- 0.0026187500916421413
velocity:
- 0.012202381156384945
- 0.012202381156384945
effort:
- .nan
- .nan
---
header:
  stamp:
    sec: 1791161495
    nanosec: 334312164
  frame_id: base_link
name:
- joint_x
- joint_y
position:
- 0.003137500025331974
- 0.003137500025331974
velocity:
- 0.012812499888241291
- 0.012812499888241291
effort:
- .nan
- .nan
---
header:
  stamp:
    sec: 1791161495
    nanosec: 354333860
  frame_id: base_link
name:
- joint_x
- joint_y
position:
- 0.0034062499180436134
- 0.0034062499180436134
velocity:
- 0.013437500223517418
- 0.013437500223517418
effort:
- .nan
- .nan
---
header:
  stamp:
    sec: 1791161495
    nanosec: 374327077
  frame_id: base_link
name:
- joint_x
- joint_y
position:
- 0.0036812499165534973
- 0.0036812499165534973
velocity:
- 0.013749999925494194
- 0.013749999925494194
effort:
- .nan
- .nan
---
header:
  stamp:
    sec: 1791161495
    nanosec: 394302001
  frame_id: base_link
name:
- joint_x
- joint_y
position:
- 0.003981249872595072
- 0.003981249872595072
velocity:
- 0.014999999664723873
- 0.014999999664723873
effort:
- .nan
- .nan
---
header:
  stamp:
    sec: 1791161495
    nanosec: 414304220
  frame_id: base_link
name:
- joint_x
- joint_y
position:
- 0.004275000188499689
- 0.004275000188499689
velocity:
- 0.014687499962747097
- 0.014687499962747097
effort:
- .nan
- .nan
---
header:
  stamp:
    sec: 1791161495
    nanosec: 434337740
  frame_id: base_link
name:
- joint_x
- joint_y
position:
- 0.004575000144541264
- 0.004575000144541264
velocity:
- 0.014999999664723873
- 0.014999999664723873
effort:
- .nan
- .nan
---
header:
  stamp:
    sec: 1791161495
    nanosec: 454307460
  frame_id: base_link
name:
- joint_x
- joint_y
position:
- 0.00488749984651804
- 0.0048812502063810825
velocity:
- 0.015312500298023224
- 0.015312500298023224
effort:
- .nan
- .nan
---
header:
  stamp:
    sec: 1791161495
    nanosec: 474306533
  frame_id: base_link
name:
- joint_x
- joint_y
position:
- 0.005200000014156103
- 0.005193749908357859
velocity:
- 0.015625
- 0.015625
effort:
- .nan
- .nan
---
header:
  stamp:
    sec: 1791161495
    nanosec: 494319726
  frame_id: base_link
name:
- joint_x
- joint_y
position:
- 0.005537500139325857
- 0.005531250033527613
velocity:
- 0.0163690485060215
- 0.01607142947614193
effort:
- .nan
- .nan
---
header:
  stamp:
    sec: 1791161495
    nanosec: 514329623
  frame_id: base_link
name:
- joint_x
- joint_y
position:
- 0.006212499924004078
- 0.0062062498182058334
velocity:
- 0.01656249910593033
- 0.01656249910593033
effort:
- .nan
- .nan
---
header:
  stamp:
    sec: 1791161495
    nanosec: 534302229
  frame_id: base_link
name:
- joint_x
- joint_y
position:
- 0.006550000049173832
- 0.006550000049173832
velocity:
- 0.01718750037252903
- 0.01718750037252903
effort:
- .nan
- .nan
---
header:
  stamp:
    sec: 1791161495
    nanosec: 554351693
  frame_id: base_link
name:
- joint_x
- joint_y
position:
- 0.006893749814480543
- 0.006893749814480543
velocity:
- 0.01718750037252903
- 0.01718750037252903
effort:
- .nan
- .nan
---
header:
  stamp:
    sec: 1791161495
    nanosec: 574324565
  frame_id: base_link
name:
- joint_x
- joint_y
position:
- 0.007262500002980232
- 0.007262500002980232
velocity:
- 0.018437499180436134
- 0.018437499180436134
effort:
- .nan
- .nan
---
header:
  stamp:
    sec: 1791161495
    nanosec: 594322270
  frame_id: base_link
name:
- joint_x
- joint_y
position:
- 0.007618749979883432
- 0.007618749979883432
velocity:
- 0.017812499776482582
- 0.017812499776482582
effort:
- .nan
- .nan
---
header:
  stamp:
    sec: 1791161495
    nanosec: 614305037
  frame_id: base_link
name:
- joint_x
- joint_y
position:
- 0.007981250062584877
- 0.007974999956786633
velocity:
- 0.018124999478459358
- 0.017812499776482582
effort:
- .nan
- .nan
---
header:
  stamp:
    sec: 1791161495
    nanosec: 634300429
  frame_id: base_link
name:
- joint_x
- joint_y
position:
- 0.008343749679625034
- 0.008343749679625034
velocity:
- 0.018124999478459358
- 0.018437499180436134
effort:
- .nan
- .nan
---
header:
  stamp:
    sec: 1791161495
    nanosec: 654310332
  frame_id: base_link
name:
- joint_x
- joint_y
position:
- 0.00871250033378601
- 0.00871250033378601
velocity:
- 0.018437499180436134
- 0.018437499180436134
effort:
- .nan
- .nan
---
header:
  stamp:
    sec: 1791161495
    nanosec: 674327893
  frame_id: base_link
name:
- joint_x
- joint_y
position:
- 0.00911249965429306
- 0.009106249548494816
velocity:
- 0.019687499850988388
- 0.019687499850988388
effort:
- .nan
- .nan
---
header:
  stamp:
    sec: 1791161495
    nanosec: 694318427
  frame_id: base_link
name:
- joint_x
- joint_y
position:
- 0.009862500242888927
- 0.009862500242888927
velocity:
- 0.01875000074505806
- 0.01875000074505806
effort:
- .nan
- .nan
---
header:
  stamp:
    sec: 1791161495
    nanosec: 714311634
  frame_id: base_link
name:
- joint_x
- joint_y
position:
- 0.010250000283122063
- 0.010243750177323818
velocity:
- 0.019375000149011612
- 0.019062500447034836
effort:
- .nan
- .nan
---
header:
  stamp:
    sec: 1791161495
    nanosec: 734328674
  frame_id: base_link
name:
- joint_x
- joint_y
position:
- 0.010656249709427357
- 0.010649999603629112
velocity:
- 0.01964285783469677
- 0.01964285783469677
effort:
- .nan
- .nan
---
header:
  stamp:
    sec: 1791161495
    nanosec: 754317008
  frame_id: base_link
name:
- joint_x
- joint_y
position:
- 0.01106875017285347
- 0.011062500067055225
velocity:
- 0.020625000819563866
- 0.020625000819563866
effort:
- .nan
- .nan
---
header:
  stamp:
    sec: 1791161495
    nanosec: 774304675
  frame_id: base_link
name:
- joint_x
- joint_y
position:
- 0.01146250031888485
- 0.01146250031888485
velocity:
- 0.019687499850988388
- 0.019687499850988388
effort:
- .nan
- .nan
---
header:
  stamp:
    sec: 1791161495
    nanosec: 794321997
  frame_id: base_link
name:
- joint_x
- joint_y
position:
- 0.01185625046491623
- 0.011850000359117985
velocity:
- 0.019687499850988388
- 0.019687499850988388
effort:
- .nan
- .nan
---
header:
  stamp:
    sec: 1791161495
    nanosec: 814328995
  frame_id: base_link
name:
- joint_x
- joint_y
position:
- 0.012256249785423279
- 0.012256249785423279
velocity:
- 0.019687499850988388
- 0.019999999552965164
effort:
- .nan
- .nan
---
header:
  stamp:
    sec: 1791161495
    nanosec: 834334398
  frame_id: base_link
name:
- joint_x
- joint_y
position:
- 0.012656250037252903
- 0.012649999931454659
velocity:
- 0.019999999552965164
- 0.019999999552965164
effort:
- .nan
- .nan
---
header:
  stamp:
    sec: 1791161495
    nanosec: 854337992
  frame_id: base_link
name:
- joint_x
- joint_y
position:
- 0.013074999675154686
- 0.013074999675154686
velocity:
- 0.02023809589445591
- 0.02023809589445591
effort:
- .nan
- .nan
---
header:
  stamp:
    sec: 1791161495
    nanosec: 874343303
  frame_id: base_link
name:
- joint_x
- joint_y
position:
- 0.013500000350177288
- 0.013493750244379044
velocity:
- 0.021250000223517418
- 0.020937500521540642
effort:
- .nan
- .nan
---
header:
  stamp:
    sec: 1791161495
    nanosec: 894345369
  frame_id: base_link
name:
- joint_x
- joint_y
position:
- 0.014299999922513962
- 0.014299999922513962
velocity:
- 0.019999999552965164
- 0.019999999552965164
effort:
- .nan
- .nan
---
header:
  stamp:
    sec: 1791161495
    nanosec: 914336206
  frame_id: base_link
name:
- joint_x
- joint_y
position:
- 0.01470625028014183
- 0.014700000174343586
velocity:
- 0.02031249925494194
- 0.019999999552965164
effort:
- .nan
- .nan
---
header:
  stamp:
    sec: 1791161495
    nanosec: 934313481
  frame_id: base_link
name:
- joint_x
- joint_y
position:
- 0.015137500129640102
- 0.015131250023841858
velocity:
- 0.021250000223517418
- 0.021250000223517418
effort:
- .nan
- .nan
---
header:
  stamp:
    sec: 1791161495
    nanosec: 954301584
  frame_id: base_link
name:
- joint_x
- joint_y
position:
- 0.015537500381469727
- 0.015537500381469727
velocity:
- 0.019999999552965164
- 0.020625000819563866
effort:
- .nan
- .nan
---
header:
  stamp:
    sec: 1791161495
    nanosec: 974329904
  frame_id: base_link
name:
- joint_x
- joint_y
position:
- 0.015937499701976776
- 0.015937499701976776
velocity:
- 0.02031249925494194
- 0.019999999552965164
effort:
- .nan
- .nan
---
header:
  stamp:
    sec: 1791161495
    nanosec: 994310932
  frame_id: base_link
name:
- joint_x
- joint_y
position:
- 0.016343750059604645
- 0.016343750059604645
velocity:
- 0.02031249925494194
- 0.02031249925494194
effort:
- .nan
- .nan
---
header:
  stamp:
    sec: 1791161496
    nanosec: 14315419
  frame_id: base_link
name:
- joint_x
- joint_y
position:
- 0.016743749380111694
- 0.016743749380111694
velocity:
- 0.019999999552965164
- 0.019999999552965164
effort:
- .nan
- .nan
---
header:
  stamp:
    sec: 1791161496
    nanosec: 34320510
  frame_id: base_link
name:
- joint_x
- joint_y
position:
- 0.017168749123811722
- 0.017168749123811722
velocity:
- 0.02023809589445591
- 0.02023809589445591
effort:
- .nan
- .nan
---
header:
  stamp:
    sec: 1791161496
    nanosec: 54324998
  frame_id: base_link
name:
- joint_x
- joint_y
position:
- 0.01758749969303608
- 0.01758749969303608
velocity:
- 0.020937500521540642
- 0.020625000819563866
effort:
- .nan
- .nan
---
header:
  stamp:
    sec: 1791161496
    nanosec: 74327912
  frame_id: base_link
name:
- joint_x
- joint_y
position:
- 0.01837499998509884
- 0.01837499998509884
velocity:
- 0.019687499850988388
- 0.019687499850988388
effort:
- .nan
- .nan
---
header:
  stamp:
    sec: 1791161496
    nanosec: 94328818
  frame_id: base_link
name:
- joint_x
- joint_y
position:
- 0.01876875013113022
- 0.01877499930560589
velocity:
- 0.019687499850988388
- 0.019687499850988388
effort:
- .nan
- .nan
---
header:
  stamp:
    sec: 1791161496
    nanosec: 114339243
  frame_id: base_link
name:
- joint_x
- joint_y
position:
- 0.019187500700354576
- 0.019187500700354576
velocity:
- 0.01994047686457634
- 0.01994047686457634
effort:
- .nan
- .nan
---
header:
  stamp:
    sec: 1791161496
    nanosec: 134318405
  frame_id: base_link
name:
- joint_x
- joint_y
position:
- 0.019593749195337296
- 0.019593749195337296
velocity:
- 0.02031249925494194
- 0.02031249925494194
effort:
- .nan
- .nan
---
header:
  stamp:
    sec: 1791161496
    nanosec: 154305864
  frame_id: base_link
name:
- joint_x
- joint_y
position:
- 0.019981250166893005
- 0.019974999129772186
velocity:
- 0.019375000149011612
- 0.019062500447034836
effort:
- .nan
- .nan
---
header:
  stamp:
    sec: 1791161496
    nanosec: 174342241
  frame_id: base_link
name:
- joint_x
- joint_y
position:
- 0.020362500101327896
- 0.020356250926852226
velocity:
- 0.019062500447034836
- 0.019062500447034836
effort:
- .nan
- .nan
---
header:
  stamp:
    sec: 1791161496
    nanosec: 194325094
  frame_id: base_link
name:
- joint_x
- joint_y
position:
- 0.020737500861287117
- 0.020743750035762787
velocity:
- 0.01875000074505806
- 0.019062500447034836
effort:
- .nan
- .nan
---
header:
  stamp:
    sec: 1791161496
    nanosec: 214326258
  frame_id: base_link
name:
- joint_x
- joint_y
position:
- 0.021118750795722008
- 0.021118750795722008
velocity:
- 0.019062500447034836
- 0.01875000074505806
effort:
- .nan
- .nan
---
header:
  stamp:
    sec: 1791161496
    nanosec: 234319761
  frame_id: base_link
name:
- joint_x
- joint_y
position:
- 0.02150624990463257
- 0.02150624990463257
velocity:
- 0.019375000149011612
- 0.019687499850988388
effort:
- .nan
- .nan
---
header:
  stamp:
    sec: 1791161496
    nanosec: 254315473
  frame_id: base_link
name:
- joint_x
- joint_y
position:
- 0.02187499962747097
- 0.02187499962747097
velocity:
- 0.018437499180436134
- 0.018437499180436134
effort:
- .nan
- .nan
---
header:
  stamp:
    sec: 1791161496
    nanosec: 274321318
  frame_id: base_link
name:
- joint_x
- joint_y
position:
- 0.022593749687075615
- 0.022593749687075615
velocity:
- 0.017500000074505806
- 0.017812499776482582
effort:
- .nan
- .nan
---
header:
  stamp:
    sec: 1791161496
    nanosec: 294319055
  frame_id: base_link
name:
- joint_x
- joint_y
position:
- 0.022962499409914017
- 0.022962499409914017
velocity:
- 0.01785714365541935
- 0.01785714365541935
effort:
- .nan
- .nan
---
header:
  stamp:
    sec: 1791161496
    nanosec: 314342194
  frame_id: base_link
name:
- joint_x
- joint_y
position:
- 0.02333124913275242
- 0.02332499995827675
velocity:
- 0.018124999478459358
- 0.018124999478459358
effort:
- .nan
- .nan
---
header:
  stamp:
    sec: 1791161496
    nanosec: 334325738
  frame_id: base_link
name:
- joint_x
- joint_y
position:
- 0.023668749257922173
- 0.023668749257922173
velocity:
- 0.01718750037252903
- 0.01718750037252903
effort:
- .nan
- .nan
---
header:
  stamp:
    sec: 1791161496
    nanosec: 354314103
  frame_id: base_link
name:
- joint_x
- joint_y
position:
- 0.024006249383091927
- 0.024000000208616257
velocity:
- 0.01656249910593033
- 0.01656249910593033
effort:
- .nan
- .nan
---
header:
  stamp:
    sec: 1791161496
    nanosec: 374316029
  frame_id: base_link
name:
- joint_x
- joint_y
position:
- 0.02433750033378601
- 0.02433124929666519
velocity:
- 0.01656249910593033
- 0.01656249910593033
effort:
- .nan
- .nan
---
header:
  stamp:
    sec: 1791161496
    nanosec: 394316767
  frame_id: base_link
name:
- joint_x
- joint_y
position:
- 0.024656249210238457
- 0.024656249210238457
velocity:
- 0.016249999403953552
- 0.016249999403953552
effort:
- .nan
- .nan
---
header:
  stamp:
    sec: 1791161496
    nanosec: 414326805
  frame_id: base_link
name:
- joint_x
- joint_y
position:
- 0.02498750016093254
- 0.02498750016093254
velocity:
- 0.01577381044626236
- 0.01577381044626236
effort:
- .nan
- .nan
---
header:
  stamp:
    sec: 1791161496
    nanosec: 434318266
  frame_id: base_link
name:
- joint_x
- joint_y
position:
- 0.025318749248981476
- 0.025312500074505806
velocity:
- 0.016249999403953552
- 0.016249999403953552
effort:
- .nan
- .nan
---
header:
  stamp:
    sec: 1791161496
    nanosec: 454312573
  frame_id: base_link
name:
- joint_x
- joint_y
position:
- 0.025618750602006912
- 0.025618750602006912
velocity:
- 0.014999999664723873
- 0.014999999664723873
effort:
- .nan
- .nan
---
header:
  stamp:
    sec: 1791161496
    nanosec: 474327342
  frame_id: base_link
name:
- joint_x
- joint_y
position:
- 0.02619374915957451
- 0.02619374915957451
velocity:
- 0.014375000260770321
- 0.014375000260770321
effort:
- .nan
- .nan
---
header:
  stamp:
    sec: 1791161496
    nanosec: 494322247
  frame_id: base_link
name:
- joint_x
- joint_y
position:
- 0.026487499475479126
- 0.026487499475479126
velocity:
- 0.013988095335662365
- 0.013988095335662365
effort:
- .nan
- .nan
---
header:
  stamp:
    sec: 1791161496
    nanosec: 514332782
  frame_id: base_link
name:
- joint_x
- joint_y
position:
- 0.026768749579787254
- 0.026775000616908073
velocity:
- 0.01406249962747097
- 0.01406249962747097
effort:
- .nan
- .nan
---
header:
  stamp:
    sec: 1791161496
    nanosec: 534312609
  frame_id: base_link
name:
- joint_x
- joint_y
position:
- 0.027037499472498894
- 0.027037499472498894
velocity:
- 0.013124999590218067
- 0.013124999590218067
effort:
- .nan
- .nan
---
header:
  stamp:
    sec: 1791161496
    nanosec: 554316924
  frame_id: base_link
name:
- joint_x
- joint_y
position:
- 0.027287499979138374
- 0.027287499979138374
velocity:
- 0.012812499888241291
- 0.012812499888241291
effort:
- .nan
- .nan
---
header:
  stamp:
    sec: 1791161496
    nanosec: 574327582
  frame_id: base_link
name:
- joint_x
- joint_y
position:
- 0.027531249448657036
- 0.027531249448657036
velocity:
- 0.012187499552965164
- 0.012187499552965164
effort:
- .nan
- .nan
---
header:
  stamp:
    sec: 1791161496
    nanosec: 594314603
  frame_id: base_link
name:
- joint_x
- joint_y
position:
- 0.027768749743700027
- 0.027768749743700027
velocity:
- 0.011874999850988388
- 0.011562500149011612
effort:
- .nan
- .nan
---
header:
  stamp:
    sec: 1791161496
    nanosec: 614340984
  frame_id: base_link
name:
- joint_x
- joint_y
position:
- 0.02800625003874302
- 0.02800625003874302
velocity:
- 0.011309524066746235
- 0.011607143096625805
effort:
- .nan
- .nan
---
header:
  stamp:
    sec: 1791161496
    nanosec: 634288173
  frame_id: base_link
name:
- joint_x
- joint_y
position:
- 0.028231250122189522
- 0.028231250122189522
velocity:
- 0.011250000447034836
- 0.011250000447034836
effort:
- .nan
- .nan
---
header:
  stamp:
    sec: 1791161496
    nanosec: 654315486
  frame_id: base_link
name:
- joint_x
- joint_y
position:
- 0.028437500819563866
- 0.028437500819563866
velocity:
- 0.010312500409781933
- 0.010312500409781933
effort:
- .nan
- .nan
---
header:
  stamp:
    sec: 1791161496
    nanosec: 674329549
  frame_id: base_link
name:
- joint_x
- joint_y
position:
- 0.028812499716877937
- 0.028812499716877937
velocity:
- 0.009062499739229679
- 0.009062499739229679
effort:
- .nan
- .nan
---
header:
  stamp:
    sec: 1791161496
    nanosec: 694339413
  frame_id: base_link
name:
- joint_x
- joint_y
position:
- 0.028993749991059303
- 0.028993749991059303
velocity:
- 0.009062499739229679
- 0.009062499739229679
effort:
- .nan
- .nan
---
header:
  stamp:
    sec: 1791161496
    nanosec: 714347063
  frame_id: base_link
name:
- joint_x
- joint_y
position:
- 0.02915625087916851
- 0.02915625087916851
velocity:
- 0.008124999701976776
- 0.008124999701976776
effort:
- .nan
- .nan
---
header:
  stamp:
    sec: 1791161496
    nanosec: 734326171
  frame_id: base_link
name:
- joint_x
- joint_y
position:
- 0.02930624969303608
- 0.02930624969303608
velocity:
- 0.007499999832361937
- 0.007499999832361937
effort:
- .nan
- .nan
---
header:
  stamp:
    sec: 1791161496
    nanosec: 754320382
  frame_id: base_link
name:
- joint_x
- joint_y
position:
- 0.02944999933242798
- 0.02944999933242798
velocity:
- 0.0071875001303851604
- 0.0071875001303851604
effort:
- .nan
- .nan
---
header:
  stamp:
    sec: 1791161496
    nanosec: 774282163
  frame_id: base_link
name:
- joint_x
- joint_y
position:
- 0.02957499958574772
- 0.02957499958574772
velocity:
- 0.0062500000931322575
- 0.0062500000931322575
effort:
- .nan
- .nan
---
header:
  stamp:
    sec: 1791161496
    nanosec: 794332265
  frame_id: base_link
name:
- joint_x
- joint_y
position:
- 0.02969375066459179
- 0.02969375066459179
velocity:
- 0.0056547620333731174
- 0.0056547620333731174
effort:
- .nan
- .nan
---
header:
  stamp:
    sec: 1791161496
    nanosec: 814320958
  frame_id: base_link
name:
- joint_x
- joint_y
position:
- 0.02980625070631504
- 0.02980625070631504
velocity:
- 0.005625000223517418
- 0.005625000223517418
effort:
- .nan
- .nan
---
header:
  stamp:
    sec: 1791161496
    nanosec: 834316667
  frame_id: base_link
name:
- joint_x
- joint_y
position:
- 0.029893750324845314
- 0.029893750324845314
velocity:
- 0.0043750000186264515
- 0.0043750000186264515
effort:
- .nan
- .nan
---
header:
  stamp:
    sec: 1791161496
    nanosec: 854326917
  frame_id: base_link
name:
- joint_x
- joint_y
position:
- 0.030031250789761543
- 0.030031250789761543
velocity:
- 0.0031250000465661287
- 0.0031250000465661287
effort:
- .nan
- .nan
---
header:
  stamp:
    sec: 1791161496
    nanosec: 874316770
  frame_id: base_link
name:
- joint_x
- joint_y
position:
- 0.03008750081062317
- 0.03008750081062317
velocity:
- 0.002812500111758709
- 0.002812500111758709
effort:
- .nan
- .nan
---
header:
  stamp:
    sec: 1791161496
    nanosec: 894315039
  frame_id: base_link
name:
- joint_x
- joint_y
position:
- 0.030118750408291817
- 0.030118750408291817
velocity:
- 0.0015625000232830644
- 0.0015625000232830644
effort:
- .nan
- .nan
---
header:
  stamp:
    sec: 1791161496
    nanosec: 914335693
  frame_id: base_link
name:
- joint_x
- joint_y
position:
- 0.030143750831484795
- 0.030143750831484795
velocity:
- 0.0012499999720603228
- 0.0012499999720603228
effort:
- .nan
- .nan
---
header:
  stamp:
    sec: 1791161496
    nanosec: 934336768
  frame_id: base_link
name:
- joint_x
- joint_y
position:
- 0.030150000005960464
- 0.030150000005960464
velocity:
- 0.0003124999930150807
- 0.0003124999930150807
effort:
- .nan
- .nan
---
header:
  stamp:
    sec: 1791161496
    nanosec: 954331154
  frame_id: base_link
name:
- joint_x
- joint_y
position:
- 0.030143750831484795
- 0.030143750831484795
velocity:
- -0.0003124999930150807
- -0.0003124999930150807
effort:
- .nan
- .nan
---
header:
  stamp:
    sec: 1791161496
    nanosec: 974332615
  frame_id: base_link
name:
- joint_x
- joint_y
position:
- 0.030118750408291817
- 0.030118750408291817
velocity:
- -0.0011904762359336019
- -0.0011904762359336019
effort:
- .nan
- .nan
---
header:
  stamp:
    sec: 1791161496
    nanosec: 994327323
  frame_id: base_link
name:
- joint_x
- joint_y
position:
- 0.03008124977350235
- 0.03008124977350235
velocity:
- -0.0018749999580904841
- -0.0018749999580904841
effort:
- .nan
- .nan
---
header:
  stamp:
    sec: 1791161497
    nanosec: 14323635
  frame_id: base_link
name:
- joint_x
- joint_y
position:
- 0.030031250789761543
- 0.030031250789761543
velocity:
- -0.0024999999441206455
- -0.0024999999441206455
effort:
- .nan
- .nan
---
header:
  stamp:
    sec: 1791161497
    nanosec: 34332681
  frame_id: base_link
name:
- joint_x
- joint_y
position:
- 0.029893750324845314
- 0.029893750324845314
velocity:
- -0.0037499999161809683
- -0.0037499999161809683
effort:
- .nan
- .nan
---
header:
  stamp:
    sec: 1791161497
    nanosec: 54308059
  frame_id: base_link
name:
- joint_x
- joint_y
position:
- 0.02979375049471855
- 0.02979375049471855
velocity:
- -0.004999999888241291
- -0.004999999888241291
effort:
- .nan
- .nan
---
header:
  stamp:
    sec: 1791161497
    nanosec: 74331966
  frame_id: base_link
name:
- joint_x
- joint_y
position:
- 0.02968749962747097
- 0.02968749962747097
velocity:
- -0.0053125000558793545
- -0.0053125000558793545
effort:
- .nan
- .nan
---
header:
  stamp:
    sec: 1791161497
    nanosec: 94332008
  frame_id: base_link
name:
- joint_x
- joint_y
position:
- 0.02957499958574772
- 0.02957499958574772
velocity:
- -0.005625000223517418
- -0.005625000223517418
effort:
- .nan
- .nan
---
header:
  stamp:
    sec: 1791161497
    nanosec: 114325496
  frame_id: base_link
name:
- joint_x
- joint_y
position:
- 0.02944375015795231
- 0.02944375015795231
velocity:
- -0.006562499795109034
- -0.006562499795109034
effort:
- .nan
- .nan
---
header:
  stamp:
    sec: 1791161497
    nanosec: 134304390
  frame_id: base_link
name:
- joint_x
- joint_y
position:
- 0.02930000051856041
- 0.02930000051856041
velocity:
- -0.006874999962747097
- -0.006874999962747097
effort:
- .nan
- .nan
---
header:
  stamp:
    sec: 1791161497
    nanosec: 154325397
  frame_id: base_link
name:
- joint_x
- joint_y
position:
- 0.02914375066757202
- 0.02914375066757202
velocity:
- -0.0077380952425301075
- -0.0077380952425301075
effort:
- .nan
- .nan
---
header:
  stamp:
    sec: 1791161497
    nanosec: 174326441
  frame_id: base_link
name:
- joint_x
- joint_y
position:
- 0.028968749567866325
- 0.028968749567866325
velocity:
- -0.008750000037252903
- -0.008750000037252903
effort:
- .nan
- .nan
---
header:
  stamp:
    sec: 1791161497
    nanosec: 194330977
  frame_id: base_link
name:
- joint_x
- joint_y
position:
- 0.02879375033080578
- 0.02879375033080578
velocity:
- -0.008750000037252903
- -0.008750000037252903
effort:
- .nan
- .nan
---
header:
  stamp:
    sec: 1791161497
    nanosec: 214335389
  frame_id: base_link
name:
- joint_x
- joint_y
position:
- 0.028606250882148743
- 0.028606250882148743
velocity:
- -0.00937500037252903
- -0.00937500037252903
effort:
- .nan
- .nan
---
header:
  stamp:
    sec: 1791161497
    nanosec: 234334025
  frame_id: base_link
name:
- joint_x
- joint_y
position:
- 0.028187500312924385
- 0.028187500312924385
velocity:
- -0.010625000111758709
- -0.011250000447034836
effort:
- .nan
- .nan
---
header:
  stamp:
    sec: 1791161497
    nanosec: 254325663
  frame_id: base_link
name:
- joint_x
- joint_y
position:
- 0.027968749403953552
- 0.027968749403953552
velocity:
- -0.011250000447034836
- -0.010937499813735485
effort:
- .nan
- .nan
---
header:
  stamp:
    sec: 1791161497
    nanosec: 274328658
  frame_id: base_link
name:
- joint_x
- joint_y
position:
- 0.02774374932050705
- 0.02774374932050705
velocity:
- -0.011250000447034836
- -0.011250000447034836
effort:
- .nan
- .nan
---
header:
  stamp:
    sec: 1791161497
    nanosec: 294325303
  frame_id: base_link
name:
- joint_x
- joint_y
position:
- 0.027506250888109207
- 0.027506250888109207
velocity:
- -0.011874999850988388
- -0.011874999850988388
effort:
- .nan
- .nan
---
header:
  stamp:
    sec: 1791161497
    nanosec: 314344948
  frame_id: base_link
name:
- joint_x
- joint_y
position:
- 0.027256250381469727
- 0.027262499555945396
velocity:
- -0.012187499552965164
- -0.012187499552965164
effort:
- .nan
- .nan
---
header:
  stamp:
    sec: 1791161497
    nanosec: 334320276
  frame_id: base_link
name:
- joint_x
- joint_y
position:
- 0.026987500488758087
- 0.026987500488758087
velocity:
- -0.013095238246023655
- -0.013095238246023655
effort:
- .nan
- .nan
---
header:
  stamp:
    sec: 1791161497
    nanosec: 354321208
  frame_id: base_link
name:
- joint_x
- joint_y
position:
- 0.02671249955892563
- 0.02671249955892563
velocity:
- -0.013749999925494194
- -0.013749999925494194
effort:
- .nan
- .nan
---
header:
  stamp:
    sec: 1791161497
    nanosec: 374330322
  frame_id: base_link
name:
- joint_x
- joint_y
position:
- 0.02643750049173832
- 0.02643750049173832
velocity:
- -0.013749999925494194
- -0.013437500223517418
effort:
- .nan
- .nan
---
header:
  stamp:
    sec: 1791161497
    nanosec: 394328242
  frame_id: base_link
name:
- joint_x
- joint_y
position:
- 0.02615625038743019
- 0.02615625038743019
velocity:
- -0.013749999925494194
- -0.01406249962747097
effort:
- .nan
- .nan
---
header:
  stamp:
    sec: 1791161497
    nanosec: 414336689
  frame_id: base_link
name:
- joint_x
- joint_y
position:
- 0.025868749246001244
- 0.025868749246001244
velocity:
- -0.014687499962747097
- -0.014375000260770321
effort:
- .nan
- .nan
---
header:
  stamp:
    sec: 1791161497
    nanosec: 434328685
  frame_id: base_link
name:
- joint_x
- joint_y
position:
- 0.02525625005364418
- 0.02525625005364418
velocity:
- -0.015312500298023224
- -0.015312500298023224
effort:
- .nan
- .nan
---
header:
  stamp:
    sec: 1791161497
    nanosec: 454328338
  frame_id: base_link
name:
- joint_x
- joint_y
position:
- 0.024943750351667404
- 0.024943750351667404
velocity:
- -0.015625
- -0.015625
effort:
- .nan
- .nan
---
header:
  stamp:
    sec: 1791161497
    nanosec: 474333667
  frame_id: base_link
name:
- joint_x
- joint_y
position:
- 0.02462499961256981
- 0.02462499961256981
velocity:
- -0.015937499701976776
- -0.015937499701976776
effort:
- .nan
- .nan
---
header:
  stamp:
    sec: 1791161497
    nanosec: 494327822
  frame_id: base_link
name:
- joint_x
- joint_y
position:
- 0.024299999698996544
- 0.024299999698996544
velocity:
- -0.016249999403953552
- -0.016249999403953552
effort:
- .nan
- .nan
---
header:
  stamp:
    sec: 1791161497
    nanosec: 514336296
  frame_id: base_link
name:
- joint_x
- joint_y
position:
- 0.02396875061094761
- 0.02396875061094761
velocity:
- -0.01656249910593033
- -0.01656249910593033
effort:
- .nan
- .nan
---
header:
  stamp:
    sec: 1791161497
    nanosec: 534280641
  frame_id: base_link
name:
- joint_x
- joint_y
position:
- 0.023612499237060547
- 0.023618750274181366
velocity:
- -0.017812499776482582
- -0.017500000074505806
effort:
- .nan
- .nan
---
header:
  stamp:
    sec: 1791161497
    nanosec: 554333926
  frame_id: base_link
name:
- joint_x
- joint_y
position:
- 0.023274999111890793
- 0.023274999111890793
velocity:
- -0.016875000670552254
- -0.01718750037252903
effort:
- .nan
- .nan
---
header:
  stamp:
    sec: 1791161497
    nanosec: 574330879
  frame_id: base_link
name:
- joint_x
- joint_y
position:
- 0.0229250006377697
- 0.0229250006377697
velocity:
- -0.017500000074505806
- -0.017500000074505806
effort:
- .nan
- .nan
---
header:
  stamp:
    sec: 1791161497
    nanosec: 594341586
  frame_id: base_link
name:
- joint_x
- joint_y
position:
- 0.022575000301003456
- 0.022575000301003456
velocity:
- -0.017500000074505806
- -0.017500000074505806
effort:
- .nan
- .nan
---
header:
  stamp:
    sec: 1791161497
    nanosec: 614315410
  frame_id: base_link
name:
- joint_x
- joint_y
position:
- 0.021837500855326653
- 0.021837500855326653
velocity:
- -0.017812499776482582
- -0.018124999478459358
effort:
- .nan
- .nan
---
header:
  stamp:
    sec: 1791161497
    nanosec: 634310241
  frame_id: base_link
name:
- joint_x
- joint_y
position:
- 0.0214687492698431
- 0.0214687492698431
velocity:
- -0.018437499180436134
- -0.018437499180436134
effort:
- .nan
- .nan
---
header:
  stamp:
    sec: 1791161497
    nanosec: 654311246
  frame_id: base_link
name:
- joint_x
- joint_y
position:
- 0.0210999995470047
- 0.0210999995470047
velocity:
- -0.01875000074505806
- -0.01875000074505806
effort:
- .nan
- .nan
---
header:
  stamp:
    sec: 1791161497
    nanosec: 674326318
  frame_id: base_link
name:
- joint_x
- joint_y
position:
- 0.020725000649690628
- 0.020725000649690628
velocity:
- -0.01875000074505806
- -0.01875000074505806
effort:
- .nan
- .nan
---
header:
  stamp:
    sec: 1791161497
    nanosec: 694331847
  frame_id: base_link
name:
- joint_x
- joint_y
position:
- 0.02032499946653843
- 0.02032499946653843
velocity:
- -0.01904761977493763
- -0.01904761977493763
effort:
- .nan
- .nan
---
header:
  stamp:
    sec: 1791161497
    nanosec: 714327170
  frame_id: base_link
name:
- joint_x
- joint_y
position:
- 0.01991249993443489
- 0.01991874910891056
velocity:
- -0.02031249925494194
- -0.02031249925494194
effort:
- .nan
- .nan
---
header:
  stamp:
    sec: 1791161497
    nanosec: 734330400
  frame_id: base_link
name:
- joint_x
- joint_y
position:
- 0.01953125
- 0.01953125
velocity:
- -0.019375000149011612
- -0.019062500447034836
effort:
- .nan
- .nan
---
header:
  stamp:
    sec: 1791161497
    nanosec: 754306545
  frame_id: base_link
name:
- joint_x
- joint_y
position:
- 0.01913749985396862
- 0.01914375089108944
velocity:
- -0.019375000149011612
- -0.019687499850988388
effort:
- .nan
- .nan
---
header:
  stamp:
    sec: 1791161497
    nanosec: 774288987
  frame_id: base_link
name:
- joint_x
- joint_y
position:
- 0.01874374970793724
- 0.01875000074505806
velocity:
- -0.019687499850988388
- -0.019687499850988388
effort:
- .nan
- .nan
---
header:
  stamp:
    sec: 1791161497
    nanosec: 794299784
  frame_id: base_link
name:
- joint_x
- joint_y
position:
- 0.018337499350309372
- 0.018331250175833702
velocity:
- -0.01964285783469677
- -0.01964285783469677
effort:
- .nan
- .nan
---
header:
  stamp:
    sec: 1791161497
    nanosec: 814322626
  frame_id: base_link
name:
- joint_x
- joint_y
position:
- 0.017525000497698784
- 0.017525000497698784
velocity:
- -0.019687499850988388
- -0.019999999552965164
effort:
- .nan
- .nan
---
header:
  stamp:
    sec: 1791161497
    nanosec: 834288009
  frame_id: base_link
name:
- joint_x
- joint_y
position:
- 0.017118750140070915
- 0.017118750140070915
velocity:
- -0.019999999552965164
- -0.019999999552965164
effort:
- .nan
- .nan
---
header:
  stamp:
    sec: 1791161497
    nanosec: 854278409
  frame_id: base_link
name:
- joint_x
- joint_y
position:
- 0.016718750819563866
- 0.016718750819563866
velocity:
- -0.02031249925494194
- -0.02031249925494194
effort:
- .nan
- .nan
---
header:
  stamp:
    sec: 1791161497
    nanosec: 874307587
  frame_id: base_link
name:
- joint_x
- joint_y
position:
- 0.016312500461935997
- 0.016318749636411667
velocity:
- -0.019999999552965164
- -0.019999999552965164
effort:
- .nan
- .nan
---
header:
  stamp:
    sec: 1791161497
    nanosec: 894307234
  frame_id: base_link
name:
- joint_x
- joint_y
position:
- 0.01589374989271164
- 0.01589374989271164
velocity:
- -0.02023809589445591
- -0.02023809589445591
effort:
- .nan
- .nan
---
header:
  stamp:
    sec: 1791161497
    nanosec: 914290713
  frame_id: base_link
name:
- joint_x
- joint_y
position:
- 0.015462500043213367
- 0.015468750149011612
velocity:
- -0.021250000223517418
- -0.021250000223517418
effort:
- .nan
- .nan
---
header:
  stamp:
    sec: 1791161497
    nanosec: 934290197
  frame_id: base_link
name:
- joint_x
- joint_y
position:
- 0.015062499791383743
- 0.015062499791383743
velocity:
- -0.02031249925494194
- -0.019999999552965164
effort:
- .nan
- .nan
---
header:
  stamp:
    sec: 1791161497
    nanosec: 954286395
  frame_id: base_link
name:
- joint_x
- joint_y
position:
- 0.01465625036507845
- 0.01465625036507845
velocity:
- -0.019999999552965164
- -0.02031249925494194
effort:
- .nan
- .nan
---
header:
  stamp:
    sec: 1791161497
    nanosec: 974284518
  frame_id: base_link
name:
- joint_x
- joint_y
position:
- 0.01425000000745058
- 0.01425000000745058
velocity:
- -0.02031249925494194
- -0.020625000819563866
effort:
- .nan
- .nan
---
header:
  stamp:
    sec: 1791161497
    nanosec: 994294729
  frame_id: base_link
name:
- joint_x
- joint_y
position:
- 0.01341249980032444
- 0.01341249980032444
velocity:
- -0.020937500521540642
- -0.020937500521540642
effort:
- .nan
- .nan
---
header:
  stamp:
    sec: 1791161498
    nanosec: 14305839
  frame_id: base_link
name:
- joint_x
- joint_y
position:
- 0.013012499548494816
- 0.013006250374019146
velocity:
- -0.019999999552965164
- -0.019999999552965164
effort:
- .nan
- .nan
---
header:
  stamp:
    sec: 1791161498
    nanosec: 34295488
  frame_id: base_link
name:
- joint_x
- joint_y
position:
- 0.012606250122189522
- 0.012606250122189522
velocity:
- -0.02031249925494194
- -0.02031249925494194
effort:
- .nan
- .nan
---
header:
  stamp:
    sec: 1791161498
    nanosec: 54288695
  frame_id: base_link
name:
- joint_x
- joint_y
position:
- 0.012206249870359898
- 0.012206249870359898
velocity:
- -0.019999999552965164
- -0.019999999552965164
effort:
- .nan
- .nan
---
header:
  stamp:
    sec: 1791161498
    nanosec: 74293727
  frame_id: base_link
name:
- joint_x
- joint_y
position:
- 0.011806249618530273
- 0.011806249618530273
velocity:
- -0.019687499850988388
- -0.019999999552965164
effort:
- .nan
- .nan
---
header:
  stamp:
    sec: 1791161498
    nanosec: 94283058
  frame_id: base_link
name:
- joint_x
- joint_y
position:
- 0.011393750086426735
- 0.011393750086426735
velocity:
- -0.01994047686457634
- -0.01964285783469677
effort:
- .nan
- .nan
---
header:
  stamp:
    sec: 1791161498
    nanosec: 114309060
  frame_id: base_link
name:
- joint_x
- joint_y
position:
- 0.010975000448524952
- 0.010981249623000622
velocity:
- -0.020625000819563866
- -0.020625000819563866
effort:
- .nan
- .nan
---
header:
  stamp:
    sec: 1791161498
    nanosec: 134301992
  frame_id: base_link
name:
- joint_x
- joint_y
position:
- 0.010587500408291817
- 0.010587500408291817
velocity:
- -0.019375000149011612
- -0.019375000149011612
effort:
- .nan
- .nan
---
header:
  stamp:
    sec: 1791161498
    nanosec: 154301463
  frame_id: base_link
name:
- joint_x
- joint_y
position:
- 0.010200000368058681
- 0.010200000368058681
velocity:
- -0.019687499850988388
- -0.019375000149011612
effort:
- .nan
- .nan
---
header:
  stamp:
    sec: 1791161498
    nanosec: 174302525
  frame_id: base_link
name:
- joint_x
- joint_y
position:
- 0.00981875043362379
- 0.00981875043362379
velocity:
- -0.019062500447034836
- -0.019062500447034836
effort:
- .nan
- .nan
---
header:
  stamp:
    sec: 1791161498
    nanosec: 194304262
  frame_id: base_link
name:
- joint_x
- joint_y
position:
- 0.009025000035762787
- 0.009025000035762787
velocity:
- -0.019999999552965164
- -0.019999999552965164
effort:
- .nan
- .nan
---
header:
  stamp:
    sec: 1791161498
    nanosec: 214292457
  frame_id: base_link
name:
- joint_x
- joint_y
position:
- 0.008656250312924385
- 0.008656250312924385
velocity:
- -0.018437499180436134
- -0.018437499180436134
effort:
- .nan
- .nan
---
header:
  stamp:
    sec: 1791161498
    nanosec: 234301764
  frame_id: base_link
name:
- joint_x
- joint_y
position:
- 0.008287499658763409
- 0.008281249552965164
velocity:
- -0.018437499180436134
- -0.018437499180436134
effort:
- .nan
- .nan
---
header:
  stamp:
    sec: 1791161498
    nanosec: 254310094
  frame_id: base_link
name:
- joint_x
- joint_y
position:
- 0.007918749935925007
- 0.007918749935925007
velocity:
- -0.018437499180436134
- -0.018437499180436134
effort:
- .nan
- .nan
---
header:
  stamp:
    sec: 1791161498
    nanosec: 274292347
  frame_id: base_link
name:
- joint_x
- joint_y
position:
- 0.007562499959021807
- 0.007556249853223562
velocity:
- -0.017812499776482582
- -0.017812499776482582
effort:
- .nan
- .nan
---
header:
  stamp:
    sec: 1791161498
    nanosec: 294307184
  frame_id: base_link
name:
- joint_x
- joint_y
position:
- 0.0071875001303851604
- 0.0071875001303851604
velocity:
- -0.01875000074505806
- -0.01875000074505806
effort:
- .nan
- .nan
---
header:
  stamp:
    sec: 1791161498
    nanosec: 314300088
  frame_id: base_link
name:
- joint_x
- joint_y
position:
- 0.0068374997936189175
- 0.0068374997936189175
velocity:
- -0.017500000074505806
- -0.017500000074505806
effort:
- .nan
- .nan
---
header:
  stamp:
    sec: 1791161498
    nanosec: 334307802
  frame_id: base_link
name:
- joint_x
- joint_y
position:
- 0.006487499922513962
- 0.006493750028312206
velocity:
- -0.017500000074505806
- -0.01718750037252903
effort:
- .nan
- .nan
---
header:
  stamp:
    sec: 1791161498
    nanosec: 354309617
  frame_id: base_link
name:
- joint_x
- joint_y
position:
- 0.006156249903142452
- 0.006156249903142452
velocity:
- -0.01656249910593033
- -0.016875000670552254
effort:
- .nan
- .nan
---
header:
  stamp:
    sec: 1791161498
    nanosec: 374314433
  frame_id: base_link
name:
- joint_x
- joint_y
position:
- 0.0054812501184642315
- 0.0054812501184642315
velocity:
- -0.01718750037252903
- -0.01718750037252903
effort:
- .nan
- .nan
---
header:
  stamp:
    sec: 1791161498
    nanosec: 394308871
  frame_id: base_link
name:
- joint_x
- joint_y
position:
- 0.005162499845027924
- 0.005162499845027924
velocity:
- -0.015937499701976776
- -0.015937499701976776
effort:
- .nan
- .nan
---
header:
  stamp:
    sec: 1791161498
    nanosec: 414316770
  frame_id: base_link
name:
- joint_x
- joint_y
position:
- 0.0048500001430511475
- 0.0048500001430511475
velocity:
- -0.015625
- -0.015625
effort:
- .nan
- .nan
---
header:
  stamp:
    sec: 1791161498
    nanosec: 434343887
  frame_id: base_link
name:
- joint_x
- joint_y
position:
- 0.0045437500812113285
- 0.004550000187009573
velocity:
- -0.015312500298023224
- -0.014999999664723873
effort:
- .nan
- .nan
---
header:
  stamp:
    sec: 1791161498
    nanosec: 454332449
  frame_id: base_link
name:
- joint_x
- joint_y
position:
- 0.0042500002309679985
- 0.0042500002309679985
velocity:
- -0.014687499962747097
- -0.014999999664723873
effort:
- .nan
- .nan
---
header:
  stamp:
    sec: 1791161498
    nanosec: 474320461
  frame_id: base_link
name:
- joint_x
- joint_y
position:
- 0.0039437501691281796
- 0.0039437501691281796
velocity:
- -0.015312500298023224
- -0.015312500298023224
effort:
- .nan
- .nan
---
header:
  stamp:
    sec: 1791161498
    nanosec: 494317688
  frame_id: base_link
name:
- joint_x
- joint_y
position:
- 0.003662500064820051
- 0.003662500064820051
velocity:
- -0.01406249962747097
- -0.01406249962747097
effort:
- .nan
- .nan
---
header:
  stamp:
    sec: 1791161498
    nanosec: 514325117
  frame_id: base_link
name:
- joint_x
- joint_y
position:
- 0.003381249960511923
- 0.003381249960511923
velocity:
- -0.013749999925494194
- -0.013749999925494194
effort:
- .nan
- .nan
---
header:
  stamp:
    sec: 1791161498
    nanosec: 534316438
  frame_id: base_link
name:
- joint_x
- joint_y
position:
- 0.0031187499407678843
- 0.0031187499407678843
velocity:
- -0.013437500223517418
- -0.013437500223517418
effort:
- .nan
- .nan
---
header:
  stamp:
    sec: 1791161498
    nanosec: 554318306
  frame_id: base_link
name:
- joint_x
- joint_y
position:
- 0.0026000000070780516
- 0.0026000000070780516
velocity:
- -0.013124999590218067
- -0.013124999590218067
effort:
- .nan
- .nan
---
header:
  stamp:
    sec: 1791161498
    nanosec: 574321228
  frame_id: base_link
name:
- joint_x
- joint_y
position:
- 0.0023562500718981028
- 0.0023624999448657036
velocity:
- -0.011874999850988388
- -0.011874999850988388
effort:
- .nan
- .nan
---
header:
  stamp:
    sec: 1791161498
    nanosec: 594328739
  frame_id: base_link
name:
- joint_x
- joint_y
position:
- 0.0021312499884516
- 0.0021312499884516
velocity:
- -0.011562500149011612
- -0.011562500149011612
effort:
- .nan
- .nan
---
header:
  stamp:
    sec: 1791161498
    nanosec: 614374792
  frame_id: base_link
name:
- joint_x
- joint_y
position:
- 0.0019062500214204192
- 0.0019062500214204192
velocity:
- -0.010937499813735485
- -0.010937499813735485
effort:
- .nan
- .nan
---
header:
  stamp:
    sec: 1791161498
    nanosec: 634347354
  frame_id: base_link
name:
- joint_x
- joint_y
position:
- 0.001687500043772161
- 0.001687500043772161
velocity:
- -0.010714286006987095
- -0.010714286006987095
effort:
- .nan
- .nan
---
header:
  stamp:
    sec: 1791161498
    nanosec: 654342401
  frame_id: base_link
name:
- joint_x
- joint_y
position:
- 0.0014750000555068254
- 0.0014750000555068254
velocity:
- -0.010625000111758709
- -0.010625000111758709
effort:
- .nan
- .nan
---
header:
  stamp:
    sec: 1791161498
    nanosec: 674393120
  frame_id: base_link
name:
- joint_x
- joint_y
position:
- 0.0012812500353902578
- 0.0012875000247731805
velocity:
- -0.00937500037252903
- -0.00937500037252903
effort:
- .nan
- .nan
---
header:
  stamp:
    sec: 1791161498
    nanosec: 694344738
  frame_id: base_link
name:
- joint_x
- joint_y
position:
- 0.0011062499834224582
- 0.0011062499834224582
velocity:
- -0.009062499739229679
- -0.009062499739229679
effort:
- .nan
- .nan
---
header:
  stamp:
    sec: 1791161498
    nanosec: 714287161
  frame_id: base_link
name:
- joint_x
- joint_y
position:
- 0.0009374999790452421
- 0.0009374999790452421
velocity:
- -0.008437500335276127
- -0.008437500335276127
effort:
- .nan
- .nan
---
header:
  stamp:
    sec: 1791161498
    nanosec: 734340965
  frame_id: base_link
name:
- joint_x
- joint_y
position:
- 0.0007750000222586095
- 0.0007812500116415322
velocity:
- -0.0078125
- -0.0078125
effort:
- .nan
- .nan
---
header:
  stamp:
    sec: 1791161498
    nanosec: 754336332
  frame_id: base_link
name:
- joint_x
- joint_y
position:
- 0.0004937499761581421
- 0.0004937499761581421
velocity:
- -0.006562499795109034
- -0.006562499795109034
effort:
- .nan
- .nan
---
header:
  stamp:
    sec: 1791161498
    nanosec: 774297888
  frame_id: base_link
name:
- joint_x
- joint_y
position:
- 0.00036875001387670636
- 0.000375000003259629
velocity:
- -0.005937499925494194
- -0.005937499925494194
effort:
- .nan
- .nan
---
header:
  stamp:
    sec: 1791161498
    nanosec: 794330705
  frame_id: base_link
name:
- joint_x
- joint_y
position:
- 0.0002624999906402081
- 0.0002624999906402081
velocity:
- -0.005625000223517418
- -0.005625000223517418
effort:
- .nan
- .nan
---
header:
  stamp:
    sec: 1791161498
    nanosec: 814318528
  frame_id: base_link
name:
- joint_x
- joint_y
position:
- 0.00016250000044237822
- 0.00016250000044237822
velocity:
- -0.004761904943734407
- -0.004761904943734407
effort:
- .nan
- .nan
---
header:
  stamp:
    sec: 1791161498
    nanosec: 834304099
  frame_id: base_link
name:
- joint_x
- joint_y
position:
- 6.874999962747097e-05
- 6.874999962747097e-05
velocity:
- -0.004687500186264515
- -0.0043750000186264515
effort:
- .nan
- .nan
---
header:
  stamp:
    sec: 1791161498
    nanosec: 854324170
  frame_id: base_link
name:
- joint_x
- joint_y
position:
- 0.0
- 0.0
velocity:
- -0.0034374999813735485
- -0.0037499999161809683
effort:
- .nan
- .nan
---
header:
  stamp:
    sec: 1791161498
    nanosec: 874317766
  frame_id: base_link
name:
- joint_x
- joint_y
position:
- -5.624999903375283e-05
- -5.624999903375283e-05
velocity:
- -0.002812500111758709
- -0.002812500111758709
effort:
- .nan
- .nan
---
header:
  stamp:
    sec: 1791161498
    nanosec: 894310677
  frame_id: base_link
name:
- joint_x
- joint_y
position:
- -9.999999747378752e-05
- -9.999999747378752e-05
velocity:
- -0.0021875000093132257
- -0.0021875000093132257
effort:
- .nan
- .nan
---
header:
  stamp:
    sec: 1791161498
    nanosec: 914309690
  frame_id: base_link
name:
- joint_x
- joint_y
position:
- -0.00013124999532010406
- -0.00013124999532010406
velocity:
- -0.0015625000232830644
- -0.0015625000232830644
effort:
- .nan
- .nan
---
header:
  stamp:
    sec: 1791161498
    nanosec: 934359679
  frame_id: base_link
name:
- joint_x
- joint_y
position:
- -0.0001500000071246177
- -0.0001500000071246177
velocity:
- 0.0
- 0.0
effort:
- .nan
- .nan
---
header:
  stamp:
    sec: 1791161498
    nanosec: 954324896
  frame_id: base_link
name:
- joint_x
- joint_y
position:
- -0.00013749999925494194
- -0.00013749999925494194
velocity:
- 0.0006249999860301614
- 0.0006249999860301614
effort:
- .nan
- .nan
---
header:
  stamp:
    sec: 1791161498
    nanosec: 974324098
  frame_id: base_link
name:
- joint_x
- joint_y
position:
- -9.999999747378752e-05
- -9.999999747378752e-05
velocity:
- 0.0018749999580904841
- 0.0018749999580904841
effort:
- .nan
- .nan
---
header:
  stamp:
    sec: 1791161498
    nanosec: 994314939
  frame_id: base_link
name:
- joint_x
- joint_y
position:
- -6.874999962747097e-05
- -6.874999962747097e-05
velocity:
- 0.0015625000232830644
- 0.0015625000232830644
effort:
- .nan
- .nan
---
header:
  stamp:
    sec: 1791161499
    nanosec: 14325016
  frame_id: base_link
name:
- joint_x
- joint_y
position:
- 0.0
- 0.0
velocity:
- 0.0034374999813735485
- 0.0034374999813735485
effort:
- .nan
- .nan
---
header:
  stamp:
    sec: 1791161499
    nanosec: 34310840
  frame_id: base_link
name:
- joint_x
- joint_y
position:
- 0.0
- 0.0
velocity:
- 0.0
- 0.0
effort:
- .nan
- .nan
---
header:
  stamp:
    sec: 1791161499
    nanosec: 54311698
  frame_id: base_link
name:
- joint_x
- joint_y
position:
- 0.0
- 0.0
velocity:
- 0.0
- 0.0
effort:
- .nan
- .nan
---
header:
  stamp:
    sec: 1791161499
    nanosec: 74304865
  frame_id: base_link
name:
- joint_x
- joint_y
position:
- 0.0
- 0.0
velocity:
- 0.0
- 0.0
effort:
- .nan
- .nan
---
header:
  stamp:
    sec: 1791161499
    nanosec: 94335902
  frame_id: base_link
name:
- joint_x
- joint_y
position:
- 0.0
- 0.0
velocity:
- 0.0
- 0.0
effort:
- .nan
- .nan
---
header:
  stamp:
    sec: 1791161499
    nanosec: 114325818
  frame_id: base_link
name:
- joint_x
- joint_y
position:
- 0.0
- 0.0
velocity:
- 0.0
- 0.0
effort:
- .nan
- .nan
---
