A message was lost!!!
	total count change:1
	total count: 1---
header:
  stamp:
    sec: 1791159399
    nanosec: 755093321
  frame_id: base_link
name:
- joint_x
- joint_y
position:
- 0.0
- 0.0
velocity:
- 0.0
- 0.0
effort:
- .nan
- .nan
---
header:
  stamp:
    sec: 1791159399
    nanosec: 775111395
  frame_id: base_link
name:
- joint_x
- joint_y
position:
- 0.0
- 0.0
velocity:
- 0.0
- 0.0
effort:
- .nan
- .nan
---
header:
  stamp:
    sec: 1791159399
    nanosec: 795101367
  frame_id: base_link
name:
- joint_x
- joint_y
position:
- 0.0
- 0.0
velocity:
- 0.0
- 0.0
effort:
- .nan
- .nan
---
header:
  stamp:
    sec: 1791159399
    nanosec: 815109412
  frame_id: base_link
name:
- joint_x
- joint_y
position:
- 0.0
- 0.0
velocity:
- 0.0
- 0.0
effort:
- .nan
- .nan
---
header:
  stamp:
    sec: 1791159399
    nanosec: 835120153
  frame_id: base_link
name:
- joint_x
- joint_y
position:
- 0.0
- 0.0
velocity:
- 0.0
- 0.0
effort:
- .nan
- .nan
---
header:
  stamp:
    sec: 1791159399
    nanosec: 855127099
  frame_id: base_link
name:
- joint_x
- joint_y
position:
- 0.0
- 0.0
velocity:
- 0.0
- 0.0
effort:
- .nan
- .nan
---
header:
  stamp:
    sec: 1791159399
    nanosec: 875120611
  frame_id: base_link
name:
- joint_x
- joint_y
position:
- 0.0
- 0.0
velocity:
- 0.0
- 0.0
effort:
- .nan
- .nan
---
header:
  stamp:
    sec: 1791159399
    nanosec: 895114035
  frame_id: base_link
name:
- joint_x
- joint_y
position:
- 0.0
- 0.0
velocity:
- 0.0
- 0.0
effort:
- .nan
- .nan
---
header:
  stamp:
    sec: 1791159399
    nanosec: 915125576
  frame_id: base_link
name:
- joint_x
- joint_y
position:
- 0.0
- 0.0
velocity:
- 0.0
- 0.0
effort:
- .nan
- .nan
---
header:
  stamp:
    sec: 1791159399
    nanosec: 935102825
  frame_id: base_link
name:
- joint_x
- joint_y
position:
- 0.0
- 0.0
velocity:
- 0.0
- 0.0
effort:
- .nan
- .nan
---
header:
  stamp:
    sec: 1791159399
    nanosec: 955097427
  frame_id: base_link
name:
- joint_x
- joint_y
position:
- 0.0
- 0.0
velocity:
- 0.0
- 0.0
effort:
- .nan
- .nan
---
header:
  stamp:
    sec: 1791159399
    nanosec: 975105346
  frame_id: base_link
name:
- joint_x
- joint_y
position:
- 0.0
- 0.0
velocity:
- 0.0
- 0.0
effort:
- .nan
- .nan
---
header:
  stamp:
    sec: 1791159399
    nanosec: 995096486
  frame_id: base_link
name:
- joint_x
- joint_y
position:
- 0.0
- 0.0
velocity:
- 0.0
- 0.0
effort:
- .nan
- .nan
---
header:
  stamp:
    sec: 1791159400
    nanosec: 15098274
  frame_id: base_link
name:
- joint_x
- joint_y
position:
- 0.0
- 0.0
velocity:
- 0.0
- 0.0
effort:
- .nan
- .nan
---
header:
  stamp:
    sec: 1791159400
    nanosec: 35184763
  frame_id: base_link
name:
- joint_x
- joint_y
position:
- 0.0
- 0.0
velocity:
- 0.0
- 0.0
effort:
- .nan
- .nan
---
header:
  stamp:
    sec: 1791159400
    nanosec: 55094418
  frame_id: base_link
name:
- joint_x
- joint_y
position:
- 0.0
- 0.0
velocity:
- 0.0
- 0.0
effort:
- .nan
- .nan
---
header:
  stamp:
    sec: 1791159400
    nanosec: 75101857
  frame_id: base_link
name:
- joint_x
- joint_y
position:
- 0.0
- 0.0
velocity:
- 0.0
- 0.0
effort:
- .nan
- .nan
---
header:
  stamp:
    sec: 1791159400
    nanosec: 95099562
  frame_id: base_link
name:
- joint_x
- joint_y
position:
- 0.0
- 0.0
velocity:
- 0.0
- 0.0
effort:
- .nan
- .nan
---
header:
  stamp:
    sec: 1791159400
    nanosec: 115100936
  frame_id: base_link
name:
- joint_x
- joint_y
position:
- 0.0
- 0.0
velocity:
- 0.0
- 0.0
effort:
- .nan
- .nan
---
header:
  stamp:
    sec: 1791159400
    nanosec: 135095961
  frame_id: base_link
name:
- joint_x
- joint_y
position:
- 0.0
- 0.0
velocity:
- 0.0
- 0.0
effort:
- .nan
- .nan
---
header:
  stamp:
    sec: 1791159400
    nanosec: 155098064
  frame_id: base_link
name:
- joint_x
- joint_y
position:
- 0.0
- 0.0
velocity:
- 0.0
- 0.0
effort:
- .nan
- .nan
---
header:
  stamp:
    sec: 1791159400
    nanosec: 175095378
  frame_id: base_link
name:
- joint_x
- joint_y
position:
- 0.0
- 0.0
velocity:
- 0.0
- 0.0
effort:
- .nan
- .nan
---
header:
  stamp:
    sec: 1791159400
    nanosec: 195096588
  frame_id: base_link
name:
- joint_x
- joint_y
position:
- 0.0
- 0.0
velocity:
- 0.0
- 0.0
effort:
- .nan
- .nan
---
header:
  stamp:
    sec: 1791159400
    nanosec: 215102874
  frame_id: base_link
name:
- joint_x
- joint_y
position:
- 0.0
- 0.0
velocity:
- 0.0
- 0.0
effort:
- .nan
- .nan
---
header:
  stamp:
    sec: 1791159400
    nanosec: 235099399
  frame_id: base_link
name:
- joint_x
- joint_y
position:
- 0.0
- 0.0
velocity:
- 0.0
- 0.0
effort:
- .nan
- .nan
---
header:
  stamp:
    sec: 1791159400
    nanosec: 255096130
  frame_id: base_link
name:
- joint_x
- joint_y
position:
- 0.0
- 0.0
velocity:
- 0.0
- 0.0
effort:
- .nan
- .nan
---
header:
  stamp:
    sec: 1791159400
    nanosec: 275100112
  frame_id: base_link
name:
- joint_x
- joint_y
position:
- 0.0
- 0.0
velocity:
- 0.0
- 0.0
effort:
- .nan
- .nan
---
header:
  stamp:
    sec: 1791159400
    nanosec: 295097052
  frame_id: base_link
name:
- joint_x
- joint_y
position:
- 0.0
- 0.0
velocity:
- 0.0
- 0.0
effort:
- .nan
- .nan
---
header:
  stamp:
    sec: 1791159400
    nanosec: 315094677
  frame_id: base_link
name:
- joint_x
- joint_y
position:
- 0.0
- 0.0
velocity:
- 0.0
- 0.0
effort:
- .nan
- .nan
---
header:
  stamp:
    sec: 1791159400
    nanosec: 335093559
  frame_id: base_link
name:
- joint_x
- joint_y
position:
- 0.0
- 0.0
velocity:
- 0.0
- 0.0
effort:
- .nan
- .nan
---
header:
  stamp:
    sec: 1791159400
    nanosec: 355093051
  frame_id: base_link
name:
- joint_x
- joint_y
position:
- 0.0
- 0.0
velocity:
- 0.0
- 0.0
effort:
- .nan
- .nan
---
header:
  stamp:
    sec: 1791159400
    nanosec: 375091786
  frame_id: base_link
name:
- joint_x
- joint_y
position:
- 0.0
- 0.0
velocity:
- 0.0
- 0.0
effort:
- .nan
- .nan
---
header:
  stamp:
    sec: 1791159400
    nanosec: 395091110
  frame_id: base_link
name:
- joint_x
- joint_y
position:
- 0.0
- 0.0
velocity:
- 0.0
- 0.0
effort:
- .nan
- .nan
---
header:
  stamp:
    sec: 1791159400
    nanosec: 415093607
  frame_id: base_link
name:
- joint_x
- joint_y
position:
- 0.0
- 0.0
velocity:
- 0.0
- 0.0
effort:
- .nan
- .nan
---
header:
  stamp:
    sec: 1791159400
    nanosec: 435102100
  frame_id: base_link
name:
- joint_x
- joint_y
position:
- 0.0
- 0.0
velocity:
- 0.0
- 0.0
effort:
- .nan
- .nan
---
header:
  stamp:
    sec: 1791159400
    nanosec: 455098333
  frame_id: base_link
name:
- joint_x
- joint_y
position:
- 0.0
- 0.0
velocity:
- 0.0
- 0.0
effort:
- .nan
- .nan
---
header:
  stamp:
    sec: 1791159400
    nanosec: 475092788
  frame_id: base_link
name:
- joint_x
- joint_y
position:
- 0.0
- 0.0
velocity:
- 0.0
- 0.0
effort:
- .nan
- .nan
---
header:
  stamp:
    sec: 1791159400
    nanosec: 495097010
  frame_id: base_link
name:
- joint_x
- joint_y
position:
- 0.0
- 0.0
velocity:
- 0.0
- 0.0
effort:
- .nan
- .nan
---
header:
  stamp:
    sec: 1791159400
    nanosec: 515095294
  frame_id: base_link
name:
- joint_x
- joint_y
position:
- 0.0
- 0.0
velocity:
- 0.0
- 0.0
effort:
- .nan
- .nan
---
header:
  stamp:
    sec: 1791159400
    nanosec: 535095316
  frame_id: base_link
name:
- joint_x
- joint_y
position:
- 0.0
- 0.0
velocity:
- 0.0
- 0.0
effort:
- .nan
- .nan
---
header:
  stamp:
    sec: 1791159400
    nanosec: 555117178
  frame_id: base_link
name:
- joint_x
- joint_y
position:
- 0.0
- 0.0
velocity:
- 0.0
- 0.0
effort:
- .nan
- .nan
---
header:
  stamp:
    sec: 1791159400
    nanosec: 575097523
  frame_id: base_link
name:
- joint_x
- joint_y
position:
- 0.0
- 0.0
velocity:
- 0.0
- 0.0
effort:
- .nan
- .nan
---
header:
  stamp:
    sec: 1791159400
    nanosec: 595096566
  frame_id: base_link
name:
- joint_x
- joint_y
position:
- 0.0
- 0.0
velocity:
- 0.0
- 0.0
effort:
- .nan
- .nan
---
header:
  stamp:
    sec: 1791159400
    nanosec: 615099324
  frame_id: base_link
name:
- joint_x
- joint_y
position:
- 0.0
- 0.0
velocity:
- 0.0
- 0.0
effort:
- .nan
- .nan
---
header:
  stamp:
    sec: 1791159400
    nanosec: 635114521
  frame_id: base_link
name:
- joint_x
- joint_y
position:
- 0.0
- 0.0
velocity:
- 0.0
- 0.0
effort:
- .nan
- .nan
---
header:
  stamp:
    sec: 1791159400
    nanosec: 655098563
  frame_id: base_link
name:
- joint_x
- joint_y
position:
- 0.0
- 0.0
velocity:
- 0.0
- 0.0
effort:
- .nan
- .nan
---
header:
  stamp:
    sec: 1791159400
    nanosec: 675112141
  frame_id: base_link
name:
- joint_x
- joint_y
position:
- 0.0
- 0.0
velocity:
- 0.0
- 0.0
effort:
- .nan
- .nan
---
header:
  stamp:
    sec: 1791159400
    nanosec: 695104329
  frame_id: base_link
name:
- joint_x
- joint_y
position:
- 0.0
- 0.0
velocity:
- 0.0
- 0.0
effort:
- .nan
- .nan
---
header:
  stamp:
    sec: 1791159400
    nanosec: 715097138
  frame_id: base_link
name:
- joint_x
- joint_y
position:
- 0.0
- 0.0
velocity:
- 0.0
- 0.0
effort:
- .nan
- .nan
---
header:
  stamp:
    sec: 1791159400
    nanosec: 735104711
  frame_id: base_link
name:
- joint_x
- joint_y
position:
- 0.0
- 0.0
velocity:
- 0.0
- 0.0
effort:
- .nan
- .nan
---
header:
  stamp:
    sec: 1791159400
    nanosec: 755112505
  frame_id: base_link
name:
- joint_x
- joint_y
position:
- 0.0
- 0.0
velocity:
- 0.0
- 0.0
effort:
- .nan
- .nan
---
header:
  stamp:
    sec: 1791159400
    nanosec: 775124840
  frame_id: base_link
name:
- joint_x
- joint_y
position:
- 0.0
- 0.0
velocity:
- 0.0
- 0.0
effort:
- .nan
- .nan
---
header:
  stamp:
    sec: 1791159400
    nanosec: 795113641
  frame_id: base_link
name:
- joint_x
- joint_y
position:
- 0.0
- 0.0
velocity:
- 0.0
- 0.0
effort:
- .nan
- .nan
---
header:
  stamp:
    sec: 1791159400
    nanosec: 815112303
  frame_id: base_link
name:
- joint_x
- joint_y
position:
- 0.0
- 0.0
velocity:
- 0.0
- 0.0
effort:
- .nan
- .nan
---
header:
  stamp:
    sec: 1791159400
    nanosec: 835129992
  frame_id: base_link
name:
- joint_x
- joint_y
position:
- 0.0
- 0.0
velocity:
- 0.0
- 0.0
effort:
- .nan
- .nan
---
header:
  stamp:
    sec: 1791159400
    nanosec: 855103419
  frame_id: base_link
name:
- joint_x
- joint_y
position:
- 0.0
- 0.0
velocity:
- 0.0
- 0.0
effort:
- .nan
- .nan
---
header:
  stamp:
    sec: 1791159400
    nanosec: 875118356
  frame_id: base_link
name:
- joint_x
- joint_y
position:
- 0.0
- 0.0
velocity:
- 0.0
- 0.0
effort:
- .nan
- .nan
---
header:
  stamp:
    sec: 1791159400
    nanosec: 895107276
  frame_id: base_link
name:
- joint_x
- joint_y
position:
- 0.0
- 0.0
velocity:
- 0.0
- 0.0
effort:
- .nan
- .nan
---
header:
  stamp:
    sec: 1791159400
    nanosec: 915106060
  frame_id: base_link
name:
- joint_x
- joint_y
position:
- 0.0
- 0.0
velocity:
- 0.0
- 0.0
effort:
- .nan
- .nan
---
header:
  stamp:
    sec: 1791159400
    nanosec: 935107413
  frame_id: base_link
name:
- joint_x
- joint_y
position:
- 0.0
- 0.0
velocity:
- 0.0
- 0.0
effort:
- .nan
- .nan
---
header:
  stamp:
    sec: 1791159400
    nanosec: 955108827
  frame_id: base_link
name:
- joint_x
- joint_y
position:
- 0.0
- 0.0
velocity:
- 0.0
- 0.0
effort:
- .nan
- .nan
---
header:
  stamp:
    sec: 1791159400
    nanosec: 975105644
  frame_id: base_link
name:
- joint_x
- joint_y
position:
- 0.0
- 0.0
velocity:
- 0.0
- 0.0
effort:
- .nan
- .nan
---
header:
  stamp:
    sec: 1791159400
    nanosec: 995107946
  frame_id: base_link
name:
- joint_x
- joint_y
position:
- 0.0
- 0.0
velocity:
- 0.0
- 0.0
effort:
- .nan
- .nan
---
header:
  stamp:
    sec: 1791159401
    nanosec: 15110325
  frame_id: base_link
name:
- joint_x
- joint_y
position:
- 0.0
- 0.0
velocity:
- 0.0
- 0.0
effort:
- .nan
- .nan
---
header:
  stamp:
    sec: 1791159401
    nanosec: 35115830
  frame_id: base_link
name:
- joint_x
- joint_y
position:
- 0.0
- 0.0
velocity:
- 0.0
- 0.0
effort:
- .nan
- .nan
---
header:
  stamp:
    sec: 1791159401
    nanosec: 55099335
  frame_id: base_link
name:
- joint_x
- joint_y
position:
- 0.0
- 0.0
velocity:
- 0.0
- 0.0
effort:
- .nan
- .nan
---
header:
  stamp:
    sec: 1791159401
    nanosec: 75105402
  frame_id: base_link
name:
- joint_x
- joint_y
position:
- 0.0
- 0.0
velocity:
- 0.0
- 0.0
effort:
- .nan
- .nan
---
header:
  stamp:
    sec: 1791159401
    nanosec: 95106147
  frame_id: base_link
name:
- joint_x
- joint_y
position:
- 0.0
- 0.0
velocity:
- 0.0
- 0.0
effort:
- .nan
- .nan
---
header:
  stamp:
    sec: 1791159401
    nanosec: 115107858
  frame_id: base_link
name:
- joint_x
- joint_y
position:
- 0.0
- 0.0
velocity:
- 0.0
- 0.0
effort:
- .nan
- .nan
---
header:
  stamp:
    sec: 1791159401
    nanosec: 135106465
  frame_id: base_link
name:
- joint_x
- joint_y
position:
- 0.0
- 0.0
velocity:
- 0.0
- 0.0
effort:
- .nan
- .nan
---
header:
  stamp:
    sec: 1791159401
    nanosec: 155121147
  frame_id: base_link
name:
- joint_x
- joint_y
position:
- 0.0
- 0.0
velocity:
- 0.0
- 0.0
effort:
- .nan
- .nan
---
header:
  stamp:
    sec: 1791159401
    nanosec: 175109476
  frame_id: base_link
name:
- joint_x
- joint_y
position:
- 0.0
- 0.0
velocity:
- 0.0
- 0.0
effort:
- .nan
- .nan
---
header:
  stamp:
    sec: 1791159401
    nanosec: 195101847
  frame_id: base_link
name:
- joint_x
- joint_y
position:
- 0.0
- 0.0
velocity:
- 0.0
- 0.0
effort:
- .nan
- .nan
---
header:
  stamp:
    sec: 1791159401
    nanosec: 215108867
  frame_id: base_link
name:
- joint_x
- joint_y
position:
- 0.0
- 0.0
velocity:
- 0.0
- 0.0
effort:
- .nan
- .nan
---
header:
  stamp:
    sec: 1791159401
    nanosec: 235105909
  frame_id: base_link
name:
- joint_x
- joint_y
position:
- 0.0
- 0.0
velocity:
- 0.0
- 0.0
effort:
- .nan
- .nan
---
header:
  stamp:
    sec: 1791159401
    nanosec: 255099193
  frame_id: base_link
name:
- joint_x
- joint_y
position:
- 0.0
- 0.0
velocity:
- 0.0
- 0.0
effort:
- .nan
- .nan
---
header:
  stamp:
    sec: 1791159401
    nanosec: 278989323
  frame_id: base_link
name:
- joint_x
- joint_y
position:
- 0.0
- 0.0
velocity:
- 0.0
- 0.0
effort:
- .nan
- .nan
---
header:
  stamp:
    sec: 1791159401
    nanosec: 295114359
  frame_id: base_link
name:
- joint_x
- joint_y
position:
- 0.0
- 0.0
velocity:
- 0.0
- 0.0
effort:
- .nan
- .nan
---
header:
  stamp:
    sec: 1791159401
    nanosec: 315116214
  frame_id: base_link
name:
- joint_x
- joint_y
position:
- 0.0
- 0.0
velocity:
- 0.0
- 0.0
effort:
- .nan
- .nan
---
header:
  stamp:
    sec: 1791159401
    nanosec: 335169602
  frame_id: base_link
name:
- joint_x
- joint_y
position:
- 0.0
- 0.0
velocity:
- 0.0
- 0.0
effort:
- .nan
- .nan
---
header:
  stamp:
    sec: 1791159401
    nanosec: 355116237
  frame_id: base_link
name:
- joint_x
- joint_y
position:
- 0.0
- 0.0
velocity:
- 0.0
- 0.0
effort:
- .nan
- .nan
---
header:
  stamp:
    sec: 1791159401
    nanosec: 375522830
  frame_id: base_link
name:
- joint_x
- joint_y
position:
- 0.0
- 0.0
velocity:
- 0.0
- 0.0
effort:
- .nan
- .nan
---
header:
  stamp:
    sec: 1791159401
    nanosec: 396851251
  frame_id: base_link
name:
- joint_x
- joint_y
position:
- 0.0
- 0.0
velocity:
- 0.0
- 0.0
effort:
- .nan
- .nan
---
header:
  stamp:
    sec: 1791159401
    nanosec: 419777955
  frame_id: base_link
name:
- joint_x
- joint_y
position:
- 0.0
- 0.0
velocity:
- 0.0
- 0.0
effort:
- .nan
- .nan
---
header:
  stamp:
    sec: 1791159401
    nanosec: 435115437
  frame_id: base_link
name:
- joint_x
- joint_y
position:
- 0.0
- 0.0
velocity:
- 0.0
- 0.0
effort:
- .nan
- .nan
---
header:
  stamp:
    sec: 1791159401
    nanosec: 455468096
  frame_id: base_link
name:
- joint_x
- joint_y
position:
- 0.0
- 0.0
velocity:
- 0.0
- 0.0
effort:
- .nan
- .nan
---
header:
  stamp:
    sec: 1791159401
    nanosec: 475121189
  frame_id: base_link
name:
- joint_x
- joint_y
position:
- 0.0
- 0.0
velocity:
- 0.0
- 0.0
effort:
- .nan
- .nan
---
header:
  stamp:
    sec: 1791159401
    nanosec: 495104104
  frame_id: base_link
name:
- joint_x
- joint_y
position:
- 0.0
- 0.0
velocity:
- 0.0
- 0.0
effort:
- .nan
- .nan
---
header:
  stamp:
    sec: 1791159401
    nanosec: 515112966
  frame_id: base_link
name:
- joint_x
- joint_y
position:
- 0.0
- 0.0
velocity:
- 0.0
- 0.0
effort:
- .nan
- .nan
---
header:
  stamp:
    sec: 1791159401
    nanosec: 535127736
  frame_id: base_link
name:
- joint_x
- joint_y
position:
- 0.0
- 0.0
velocity:
- 0.0
- 0.0
effort:
- .nan
- .nan
---
header:
  stamp:
    sec: 1791159401
    nanosec: 555132857
  frame_id: base_link
name:
- joint_x
- joint_y
position:
- 0.0
- 0.0
velocity:
- 0.0
- 0.0
effort:
- .nan
- .nan
---
header:
  stamp:
    sec: 1791159401
    nanosec: 575119375
  frame_id: base_link
name:
- joint_x
- joint_y
position:
- 0.0
- 0.0
velocity:
- 0.0
- 0.0
effort:
- .nan
- .nan
---
header:
  stamp:
    sec: 1791159401
    nanosec: 595114933
  frame_id: base_link
name:
- joint_x
- joint_y
position:
- 0.0
- 0.0
velocity:
- 0.0
- 0.0
effort:
- .nan
- .nan
---
header:
  stamp:
    sec: 1791159401
    nanosec: 615108756
  frame_id: base_link
name:
- joint_x
- joint_y
position:
- 0.0
- 0.0
velocity:
- 0.0
- 0.0
effort:
- .nan
- .nan
---
header:
  stamp:
    sec: 1791159401
    nanosec: 635110284
  frame_id: base_link
name:
- joint_x
- joint_y
position:
- 0.0
- 0.0
velocity:
- 0.0
- 0.0
effort:
- .nan
- .nan
---
header:
  stamp:
    sec: 1791159401
    nanosec: 655108713
  frame_id: base_link
name:
- joint_x
- joint_y
position:
- 6.24999984211172e-06
- 6.24999984211172e-06
velocity:
- 0.0003124999930150807
- 0.0003124999930150807
effort:
- .nan
- .nan
---
header:
  stamp:
    sec: 1791159401
    nanosec: 675116562
  frame_id: base_link
name:
- joint_x
- joint_y
position:
- 2.499999936844688e-05
- 2.499999936844688e-05
velocity:
- 0.0009374999790452421
- 0.0009374999790452421
effort:
- .nan
- .nan
---
header:
  stamp:
    sec: 1791159401
    nanosec: 695086657
  frame_id: base_link
name:
- joint_x
- joint_y
position:
- 6.874999962747097e-05
- 6.874999962747097e-05
velocity:
- 0.0021875000093132257
- 0.0021875000093132257
effort:
- .nan
- .nan
---
header:
  stamp:
    sec: 1791159401
    nanosec: 715093180
  frame_id: base_link
name:
- joint_x
- joint_y
position:
- 0.0001250000059371814
- 0.0001250000059371814
velocity:
- 0.0024999999441206455
- 0.0024999999441206455
effort:
- .nan
- .nan
---
header:
  stamp:
    sec: 1791159401
    nanosec: 735092076
  frame_id: base_link
name:
- joint_x
- joint_y
position:
- 0.00019375000556465238
- 0.00019375000556465238
velocity:
- 0.0037499999161809683
- 0.0037499999161809683
effort:
- .nan
- .nan
---
header:
  stamp:
    sec: 1791159401
    nanosec: 755112098
  frame_id: base_link
name:
- joint_x
- joint_y
position:
- 0.00028124998789280653
- 0.00028124998789280653
velocity:
- 0.0043750000186264515
- 0.004062499850988388
effort:
- .nan
- .nan
---
header:
  stamp:
    sec: 1791159401
    nanosec: 775106356
  frame_id: base_link
name:
- joint_x
- joint_y
position:
- 0.00038750001112930477
- 0.00038124999264255166
velocity:
- 0.005059523973613977
- 0.005059523973613977
effort:
- .nan
- .nan
---
header:
  stamp:
    sec: 1791159401
    nanosec: 795121443
  frame_id: base_link
name:
- joint_x
- joint_y
position:
- 0.000631249975413084
- 0.000631249975413084
velocity:
- 0.0062500000931322575
- 0.0062500000931322575
effort:
- .nan
- .nan
---
header:
  stamp:
    sec: 1791159401
    nanosec: 815109309
  frame_id: base_link
name:
- joint_x
- joint_y
position:
- 0.0007750000222586095
- 0.0007750000222586095
velocity:
- 0.0071875001303851604
- 0.0071875001303851604
effort:
- .nan
- .nan
---
header:
  stamp:
    sec: 1791159401
    nanosec: 835110993
  frame_id: base_link
name:
- joint_x
- joint_y
position:
- 0.0009374999790452421
- 0.0009374999790452421
velocity:
- 0.0077380952425301075
- 0.0077380952425301075
effort:
- .nan
- .nan
---
header:
  stamp:
    sec: 1791159401
    nanosec: 855111939
  frame_id: base_link
name:
- joint_x
- joint_y
position:
- 0.0011124999728053808
- 0.0011124999728053808
velocity:
- 0.008750000037252903
- 0.008437500335276127
effort:
- .nan
- .nan
---
header:
  stamp:
    sec: 1791159401
    nanosec: 875149823
  frame_id: base_link
name:
- joint_x
- joint_y
position:
- 0.0012875000247731805
- 0.0012875000247731805
velocity:
- 0.008750000037252903
- 0.009062499739229679
effort:
- .nan
- .nan
---
header:
  stamp:
    sec: 1791159401
    nanosec: 895147982
  frame_id: base_link
name:
- joint_x
- joint_y
position:
- 0.001481250044889748
- 0.0014750000555068254
velocity:
- 0.00937500037252903
- 0.00937500037252903
effort:
- .nan
- .nan
---
header:
  stamp:
    sec: 1791159401
    nanosec: 915281828
  frame_id: base_link
name:
- joint_x
- joint_y
position:
- 0.0016749999485909939
- 0.0016749999485909939
velocity:
- 0.009999999776482582
- 0.009999999776482582
effort:
- .nan
- .nan
---
header:
  stamp:
    sec: 1791159401
    nanosec: 935114594
  frame_id: base_link
name:
- joint_x
- joint_y
position:
- 0.0018875000532716513
- 0.0018875000532716513
velocity:
- 0.010625000111758709
- 0.010312500409781933
effort:
- .nan
- .nan
---
header:
  stamp:
    sec: 1791159401
    nanosec: 955115537
  frame_id: base_link
name:
- joint_x
- joint_y
position:
- 0.0021187500096857548
- 0.0021187500096857548
velocity:
- 0.011562500149011612
- 0.011562500149011612
effort:
- .nan
- .nan
---
header:
  stamp:
    sec: 1791159401
    nanosec: 975124365
  frame_id: base_link
name:
- joint_x
- joint_y
position:
- 0.0025875000283122063
- 0.002581249922513962
velocity:
- 0.012187499552965164
- 0.011874999850988388
effort:
- .nan
- .nan
---
header:
  stamp:
    sec: 1791159401
    nanosec: 995107454
  frame_id: base_link
name:
- joint_x
- joint_y
position:
- 0.002831249963492155
- 0.002831249963492155
velocity:
- 0.012187499552965164
- 0.012500000186264515
effort:
- .nan
- .nan
---
header:
  stamp:
    sec: 1791159402
    nanosec: 15104472
  frame_id: base_link
name:
- joint_x
- joint_y
position:
- 0.003106249962002039
- 0.003106249962002039
velocity:
- 0.013437500223517418
- 0.013749999925494194
effort:
- .nan
- .nan
---
header:
  stamp:
    sec: 1791159402
    nanosec: 35103727
  frame_id: base_link
name:
- joint_x
- joint_y
position:
- 0.003375000087544322
- 0.003375000087544322
velocity:
- 0.013437500223517418
- 0.013124999590218067
effort:
- .nan
- .nan
---
header:
  stamp:
    sec: 1791159402
    nanosec: 55114947
  frame_id: base_link
name:
- joint_x
- joint_y
position:
- 0.003650000086054206
- 0.003650000086054206
velocity:
- 0.013749999925494194
- 0.013749999925494194
effort:
- .nan
- .nan
---
header:
  stamp:
    sec: 1791159402
    nanosec: 75102146
  frame_id: base_link
name:
- joint_x
- joint_y
position:
- 0.003931249957531691
- 0.003931249957531691
velocity:
- 0.01406249962747097
- 0.01406249962747097
effort:
- .nan
- .nan
---
header:
  stamp:
    sec: 1791159402
    nanosec: 95103148
  frame_id: base_link
name:
- joint_x
- joint_y
position:
- 0.004218750167638063
- 0.004218750167638063
velocity:
- 0.014687499962747097
- 0.014687499962747097
effort:
- .nan
- .nan
---
header:
  stamp:
    sec: 1791159402
    nanosec: 115107578
  frame_id: base_link
name:
- joint_x
- joint_y
position:
- 0.0045312498696148396
- 0.0045312498696148396
velocity:
- 0.014880952425301075
- 0.014880952425301075
effort:
- .nan
- .nan
---
header:
  stamp:
    sec: 1791159402
    nanosec: 135105887
  frame_id: base_link
name:
- joint_x
- joint_y
position:
- 0.004856249783188105
- 0.004856249783188105
velocity:
- 0.016249999403953552
- 0.016249999403953552
effort:
- .nan
- .nan
---
header:
  stamp:
    sec: 1791159402
    nanosec: 155105172
  frame_id: base_link
name:
- joint_x
- joint_y
position:
- 0.005168749950826168
- 0.005168749950826168
velocity:
- 0.015625
- 0.015625
effort:
- .nan
- .nan
---
header:
  stamp:
    sec: 1791159402
    nanosec: 175112175
  frame_id: base_link
name:
- joint_x
- joint_y
position:
- 0.005831249989569187
- 0.005831249989569187
velocity:
- 0.0163690485060215
- 0.0163690485060215
effort:
- .nan
- .nan
---
header:
  stamp:
    sec: 1791159402
    nanosec: 195106795
  frame_id: base_link
name:
- joint_x
- joint_y
position:
- 0.006181249860674143
- 0.006181249860674143
velocity:
- 0.017500000074505806
- 0.017500000074505806
effort:
- .nan
- .nan
---
header:
  stamp:
    sec: 1791159402
    nanosec: 215110221
  frame_id: base_link
name:
- joint_x
- joint_y
position:
- 0.006518749985843897
- 0.006525000091642141
velocity:
- 0.016875000670552254
- 0.016875000670552254
effort:
- .nan
- .nan
---
header:
  stamp:
    sec: 1791159402
    nanosec: 235115015
  frame_id: base_link
name:
- joint_x
- joint_y
position:
- 0.0068687498569488525
- 0.0068687498569488525
velocity:
- 0.01718750037252903
- 0.017500000074505806
effort:
- .nan
- .nan
---
header:
  stamp:
    sec: 1791159402
    nanosec: 255108868
  frame_id: base_link
name:
- joint_x
- joint_y
position:
- 0.0072187501937150955
- 0.0072187501937150955
velocity:
- 0.017500000074505806
- 0.01718750037252903
effort:
- .nan
- .nan
---
header:
  stamp:
    sec: 1791159402
    nanosec: 275110293
  frame_id: base_link
name:
- joint_x
- joint_y
position:
- 0.007575000170618296
- 0.007575000170618296
velocity:
- 0.017812499776482582
- 0.017812499776482582
effort:
- .nan
- .nan
---
header:
  stamp:
    sec: 1791159402
    nanosec: 295110399
  frame_id: base_link
name:
- joint_x
- joint_y
position:
- 0.00795000046491623
- 0.00795000046491623
velocity:
- 0.01815476268529892
- 0.01815476268529892
effort:
- .nan
- .nan
---
header:
  stamp:
    sec: 1791159402
    nanosec: 315120453
  frame_id: base_link
name:
- joint_x
- joint_y
position:
- 0.00833749957382679
- 0.00833749957382679
velocity:
- 0.019375000149011612
- 0.019375000149011612
effort:
- .nan
- .nan
---
header:
  stamp:
    sec: 1791159402
    nanosec: 335130916
  frame_id: base_link
name:
- joint_x
- joint_y
position:
- 0.008700000122189522
- 0.008706250227987766
velocity:
- 0.018124999478459358
- 0.018124999478459358
effort:
- .nan
- .nan
---
header:
  stamp:
    sec: 1791159402
    nanosec: 355124302
  frame_id: base_link
name:
- joint_x
- joint_y
position:
- 0.009449999779462814
- 0.009449999779462814
velocity:
- 0.01875000074505806
- 0.01875000074505806
effort:
- .nan
- .nan
---
header:
  stamp:
    sec: 1791159402
    nanosec: 375072744
  frame_id: base_link
name:
- joint_x
- joint_y
position:
- 0.009850000031292439
- 0.009850000031292439
velocity:
- 0.019999999552965164
- 0.019999999552965164
effort:
- .nan
- .nan
---
header:
  stamp:
    sec: 1791159402
    nanosec: 395082460
  frame_id: base_link
name:
- joint_x
- joint_y
position:
- 0.010237500071525574
- 0.01023124996572733
velocity:
- 0.019375000149011612
- 0.019062500447034836
effort:
- .nan
- .nan
---
header:
  stamp:
    sec: 1791159402
    nanosec: 415095738
  frame_id: base_link
name:
- joint_x
- joint_y
position:
- 0.010625000111758709
- 0.010618750005960464
velocity:
- 0.019375000149011612
- 0.019375000149011612
effort:
- .nan
- .nan
---
header:
  stamp:
    sec: 1791159402
    nanosec: 435104286
  frame_id: base_link
name:
- joint_x
- joint_y
position:
- 0.011012500151991844
- 0.011012500151991844
velocity:
- 0.019375000149011612
- 0.019687499850988388
effort:
- .nan
- .nan
---
header:
  stamp:
    sec: 1791159402
    nanosec: 455109450
  frame_id: base_link
name:
- joint_x
- joint_y
position:
- 0.011406250298023224
- 0.011406250298023224
velocity:
- 0.019687499850988388
- 0.019687499850988388
effort:
- .nan
- .nan
---
header:
  stamp:
    sec: 1791159402
    nanosec: 475100049
  frame_id: base_link
name:
- joint_x
- joint_y
position:
- 0.011824999935925007
- 0.011824999935925007
velocity:
- 0.020937500521540642
- 0.020625000819563866
effort:
- .nan
- .nan
---
header:
  stamp:
    sec: 1791159402
    nanosec: 495101259
  frame_id: base_link
name:
- joint_x
- joint_y
position:
- 0.012225000187754631
- 0.012225000187754631
velocity:
- 0.019687499850988388
- 0.02031249925494194
effort:
- .nan
- .nan
---
header:
  stamp:
    sec: 1791159402
    nanosec: 515102351
  frame_id: base_link
name:
- joint_x
- joint_y
position:
- 0.01261875033378601
- 0.01261875033378601
velocity:
- 0.019999999552965164
- 0.019687499850988388
effort:
- .nan
- .nan
---
header:
  stamp:
    sec: 1791159402
    nanosec: 535102240
  frame_id: base_link
name:
- joint_x
- joint_y
position:
- 0.01301874965429306
- 0.01301874965429306
velocity:
- 0.019999999552965164
- 0.019999999552965164
effort:
- .nan
- .nan
---
header:
  stamp:
    sec: 1791159402
    nanosec: 555106921
  frame_id: base_link
name:
- joint_x
- joint_y
position:
- 0.013862499967217445
- 0.013862499967217445
velocity:
- 0.021250000223517418
- 0.021250000223517418
effort:
- .nan
- .nan
---
header:
  stamp:
    sec: 1791159402
    nanosec: 575103746
  frame_id: base_link
name:
- joint_x
- joint_y
position:
- 0.014268750324845314
- 0.014268750324845314
velocity:
- 0.02031249925494194
- 0.02031249925494194
effort:
- .nan
- .nan
---
header:
  stamp:
    sec: 1791159402
    nanosec: 595127578
  frame_id: base_link
name:
- joint_x
- joint_y
position:
- 0.014668749645352364
- 0.014668749645352364
velocity:
- 0.019999999552965164
- 0.019999999552965164
effort:
- .nan
- .nan
---
header:
  stamp:
    sec: 1791159402
    nanosec: 615130084
  frame_id: base_link
name:
- joint_x
- joint_y
position:
- 0.015075000002980232
- 0.015075000002980232
velocity:
- 0.02031249925494194
- 0.02031249925494194
effort:
- .nan
- .nan
---
header:
  stamp:
    sec: 1791159402
    nanosec: 635134928
  frame_id: base_link
name:
- joint_x
- joint_y
position:
- 0.015481250360608101
- 0.015475000254809856
velocity:
- 0.02031249925494194
- 0.019999999552965164
effort:
- .nan
- .nan
---
header:
  stamp:
    sec: 1791159402
    nanosec: 655139590
  frame_id: base_link
name:
- joint_x
- joint_y
position:
- 0.01590625010430813
- 0.01590625010430813
velocity:
- 0.021250000223517418
- 0.021250000223517418
effort:
- .nan
- .nan
---
header:
  stamp:
    sec: 1791159402
    nanosec: 675122382
  frame_id: base_link
name:
- joint_x
- joint_y
position:
- 0.016306249424815178
- 0.016306249424815178
velocity:
- 0.019999999552965164
- 0.019999999552965164
effort:
- .nan
- .nan
---
header:
  stamp:
    sec: 1791159402
    nanosec: 695119856
  frame_id: base_link
name:
- joint_x
- joint_y
position:
- 0.016712499782443047
- 0.016706250607967377
velocity:
- 0.019999999552965164
- 0.02031249925494194
effort:
- .nan
- .nan
---
header:
  stamp:
    sec: 1791159402
    nanosec: 715115566
  frame_id: base_link
name:
- joint_x
- joint_y
position:
- 0.017112499102950096
- 0.017112499102950096
velocity:
- 0.019999999552965164
- 0.019999999552965164
effort:
- .nan
- .nan
---
header:
  stamp:
    sec: 1791159402
    nanosec: 735117273
  frame_id: base_link
name:
- joint_x
- joint_y
position:
- 0.017924999818205833
- 0.017924999818205833
velocity:
- 0.020937500521540642
- 0.020625000819563866
effort:
- .nan
- .nan
---
header:
  stamp:
    sec: 1791159402
    nanosec: 755121842
  frame_id: base_link
name:
- joint_x
- joint_y
position:
- 0.018324999138712883
- 0.018318749964237213
velocity:
- 0.019687499850988388
- 0.019999999552965164
effort:
- .nan
- .nan
---
header:
  stamp:
    sec: 1791159402
    nanosec: 775114418
  frame_id: base_link
name:
- joint_x
- joint_y
position:
- 0.018718749284744263
- 0.018712500110268593
velocity:
- 0.019999999552965164
- 0.019687499850988388
effort:
- .nan
- .nan
---
header:
  stamp:
    sec: 1791159402
    nanosec: 795113650
  frame_id: base_link
name:
- joint_x
- joint_y
position:
- 0.019106250256299973
- 0.019106250256299973
velocity:
- 0.019375000149011612
- 0.019687499850988388
effort:
- .nan
- .nan
---
header:
  stamp:
    sec: 1791159402
    nanosec: 815118160
  frame_id: base_link
name:
- joint_x
- joint_y
position:
- 0.01951874978840351
- 0.01951250061392784
velocity:
- 0.01964285783469677
- 0.0193452388048172
effort:
- .nan
- .nan
---
header:
  stamp:
    sec: 1791159402
    nanosec: 835119447
  frame_id: base_link
name:
- joint_x
- joint_y
position:
- 0.01992500014603138
- 0.01992500014603138
velocity:
- 0.019999999552965164
- 0.02031249925494194
effort:
- .nan
- .nan
---
header:
  stamp:
    sec: 1791159402
    nanosec: 855113765
  frame_id: base_link
name:
- joint_x
- joint_y
position:
- 0.02030625008046627
- 0.02030625008046627
velocity:
- 0.019062500447034836
- 0.019062500447034836
effort:
- .nan
- .nan
---
header:
  stamp:
    sec: 1791159402
    nanosec: 875119793
  frame_id: base_link
name:
- joint_x
- joint_y
position:
- 0.02068750001490116
- 0.02068750001490116
velocity:
- 0.019062500447034836
- 0.019062500447034836
effort:
- .nan
- .nan
---
header:
  stamp:
    sec: 1791159402
    nanosec: 895115510
  frame_id: base_link
name:
- joint_x
- joint_y
position:
- 0.021062500774860382
- 0.021062500774860382
velocity:
- 0.01875000074505806
- 0.01875000074505806
effort:
- .nan
- .nan
---
header:
  stamp:
    sec: 1791159402
    nanosec: 915114330
  frame_id: base_link
name:
- joint_x
- joint_y
position:
- 0.021431250497698784
- 0.021431250497698784
velocity:
- 0.01875000074505806
- 0.01875000074505806
effort:
- .nan
- .nan
---
header:
  stamp:
    sec: 1791159402
    nanosec: 935117332
  frame_id: base_link
name:
- joint_x
- joint_y
position:
- 0.022174999117851257
- 0.022174999117851257
velocity:
- 0.018124999478459358
- 0.018124999478459358
effort:
- .nan
- .nan
---
header:
  stamp:
    sec: 1791159402
    nanosec: 955118576
  frame_id: base_link
name:
- joint_x
- joint_y
position:
- 0.02253749966621399
- 0.02253749966621399
velocity:
- 0.017812499776482582
- 0.017812499776482582
effort:
- .nan
- .nan
---
header:
  stamp:
    sec: 1791159402
    nanosec: 975115296
  frame_id: base_link
name:
- joint_x
- joint_y
position:
- 0.022887500002980232
- 0.022887500002980232
velocity:
- 0.017812499776482582
- 0.017812499776482582
effort:
- .nan
- .nan
---
header:
  stamp:
    sec: 1791159402
    nanosec: 995115891
  frame_id: base_link
name:
- joint_x
- joint_y
position:
- 0.023256249725818634
- 0.023256249725818634
velocity:
- 0.01755952462553978
- 0.01755952462553978
effort:
- .nan
- .nan
---
header:
  stamp:
    sec: 1791159403
    nanosec: 15121603
  frame_id: base_link
name:
- joint_x
- joint_y
position:
- 0.023612499237060547
- 0.023612499237060547
velocity:
- 0.017812499776482582
- 0.017812499776482582
effort:
- .nan
- .nan
---
header:
  stamp:
    sec: 1791159403
    nanosec: 35118751
  frame_id: base_link
name:
- joint_x
- joint_y
position:
- 0.0239499993622303
- 0.0239499993622303
velocity:
- 0.016875000670552254
- 0.016875000670552254
effort:
- .nan
- .nan
---
header:
  stamp:
    sec: 1791159403
    nanosec: 55114259
  frame_id: base_link
name:
- joint_x
- joint_y
position:
- 0.024281250312924385
- 0.024281250312924385
velocity:
- 0.01656249910593033
- 0.01656249910593033
effort:
- .nan
- .nan
---
header:
  stamp:
    sec: 1791159403
    nanosec: 75116648
  frame_id: base_link
name:
- joint_x
- joint_y
position:
- 0.02460625022649765
- 0.02460625022649765
velocity:
- 0.016249999403953552
- 0.016249999403953552
effort:
- .nan
- .nan
---
header:
  stamp:
    sec: 1791159403
    nanosec: 95115311
  frame_id: base_link
name:
- joint_x
- joint_y
position:
- 0.024924999102950096
- 0.024924999102950096
velocity:
- 0.015937499701976776
- 0.015937499701976776
effort:
- .nan
- .nan
---
header:
  stamp:
    sec: 1791159403
    nanosec: 115117776
  frame_id: base_link
name:
- joint_x
- joint_y
position:
- 0.025550000369548798
- 0.025550000369548798
velocity:
- 0.014999999664723873
- 0.014999999664723873
effort:
- .nan
- .nan
---
header:
  stamp:
    sec: 1791159403
    nanosec: 135114124
  frame_id: base_link
name:
- joint_x
- joint_y
position:
- 0.025843750685453415
- 0.025843750685453415
velocity:
- 0.014687499962747097
- 0.014687499962747097
effort:
- .nan
- .nan
---
header:
  stamp:
    sec: 1791159403
    nanosec: 155112844
  frame_id: base_link
name:
- joint_x
- joint_y
position:
- 0.026131249964237213
- 0.026131249964237213
velocity:
- 0.014375000260770321
- 0.014375000260770321
effort:
- .nan
- .nan
---
header:
  stamp:
    sec: 1791159403
    nanosec: 175111939
  frame_id: base_link
name:
- joint_x
- joint_y
position:
- 0.0264312494546175
- 0.0264312494546175
velocity:
- 0.014687499962747097
- 0.014999999664723873
effort:
- .nan
- .nan
---
header:
  stamp:
    sec: 1791159403
    nanosec: 195121261
  frame_id: base_link
name:
- joint_x
- joint_y
position:
- 0.02669999934732914
- 0.02669999934732914
velocity:
- 0.013749999925494194
- 0.013437500223517418
effort:
- .nan
- .nan
---
header:
  stamp:
    sec: 1791159403
    nanosec: 215121221
  frame_id: base_link
name:
- joint_x
- joint_y
position:
- 0.02696250006556511
- 0.02696250006556511
velocity:
- 0.013124999590218067
- 0.013124999590218067
effort:
- .nan
- .nan
---
header:
  stamp:
    sec: 1791159403
    nanosec: 235101845
  frame_id: base_link
name:
- joint_x
- joint_y
position:
- 0.02721874974668026
- 0.02721874974668026
velocity:
- 0.012812499888241291
- 0.012812499888241291
effort:
- .nan
- .nan
---
header:
  stamp:
    sec: 1791159403
    nanosec: 255126423
  frame_id: base_link
name:
- joint_x
- joint_y
position:
- 0.02746875025331974
- 0.02746875025331974
velocity:
- 0.012500000186264515
- 0.012500000186264515
effort:
- .nan
- .nan
---
header:
  stamp:
    sec: 1791159403
    nanosec: 275121540
  frame_id: base_link
name:
- joint_x
- joint_y
position:
- 0.02771875075995922
- 0.02771875075995922
velocity:
- 0.011904762126505375
- 0.011904762126505375
effort:
- .nan
- .nan
---
header:
  stamp:
    sec: 1791159403
    nanosec: 295128627
  frame_id: base_link
name:
- joint_x
- joint_y
position:
- 0.028168750926852226
- 0.028168750926852226
velocity:
- 0.010625000111758709
- 0.010625000111758709
effort:
- .nan
- .nan
---
header:
  stamp:
    sec: 1791159403
    nanosec: 315099066
  frame_id: base_link
name:
- joint_x
- joint_y
position:
- 0.02838125079870224
- 0.02838125079870224
velocity:
- 0.010625000111758709
- 0.010625000111758709
effort:
- .nan
- .nan
---
header:
  stamp:
    sec: 1791159403
    nanosec: 335100146
  frame_id: base_link
name:
- joint_x
- joint_y
position:
- 0.028574999421834946
- 0.028574999421834946
velocity:
- 0.009687500074505806
- 0.009687500074505806
effort:
- .nan
- .nan
---
header:
  stamp:
    sec: 1791159403
    nanosec: 355117008
  frame_id: base_link
name:
- joint_x
- joint_y
position:
- 0.0287687499076128
- 0.02877499908208847
velocity:
- 0.009687500074505806
- 0.009999999776482582
effort:
- .nan
- .nan
---
header:
  stamp:
    sec: 1791159403
    nanosec: 375117571
  frame_id: base_link
name:
- joint_x
- joint_y
position:
- 0.028950000181794167
- 0.028950000181794167
velocity:
- 0.009062499739229679
- 0.008750000037252903
effort:
- .nan
- .nan
---
header:
  stamp:
    sec: 1791159403
    nanosec: 395066357
  frame_id: base_link
name:
- joint_x
- joint_y
position:
- 0.029112499207258224
- 0.029112499207258224
velocity:
- 0.008124999701976776
- 0.008124999701976776
effort:
- .nan
- .nan
---
header:
  stamp:
    sec: 1791159403
    nanosec: 415071079
  frame_id: base_link
name:
- joint_x
- joint_y
position:
- 0.029268750920891762
- 0.029268750920891762
velocity:
- 0.0078125
- 0.0078125
effort:
- .nan
- .nan
---
header:
  stamp:
    sec: 1791159403
    nanosec: 435071000
  frame_id: base_link
name:
- joint_x
- joint_y
position:
- 0.02941250056028366
- 0.02941250056028366
velocity:
- 0.0071875001303851604
- 0.0071875001303851604
effort:
- .nan
- .nan
---
header:
  stamp:
    sec: 1791159403
    nanosec: 455070622
  frame_id: base_link
name:
- joint_x
- joint_y
position:
- 0.02954999916255474
- 0.02954999916255474
velocity:
- 0.006874999962747097
- 0.006874999962747097
effort:
- .nan
- .nan
---
header:
  stamp:
    sec: 1791159403
    nanosec: 475084373
  frame_id: base_link
name:
- joint_x
- joint_y
position:
- 0.029768750071525574
- 0.029768750071525574
velocity:
- 0.004999999888241291
- 0.004999999888241291
effort:
- .nan
- .nan
---
header:
  stamp:
    sec: 1791159403
    nanosec: 495070580
  frame_id: base_link
name:
- joint_x
- joint_y
position:
- 0.029862500727176666
- 0.029862500727176666
velocity:
- 0.004687500186264515
- 0.004687500186264515
effort:
- .nan
- .nan
---
header:
  stamp:
    sec: 1791159403
    nanosec: 515073937
  frame_id: base_link
name:
- joint_x
- joint_y
position:
- 0.02995000034570694
- 0.02995000034570694
velocity:
- 0.0043750000186264515
- 0.0043750000186264515
effort:
- .nan
- .nan
---
header:
  stamp:
    sec: 1791159403
    nanosec: 535071176
  frame_id: base_link
name:
- joint_x
- joint_y
position:
- 0.030018750578165054
- 0.030018750578165054
velocity:
- 0.0034374999813735485
- 0.0031250000465661287
effort:
- .nan
- .nan
---
header:
  stamp:
    sec: 1791159403
    nanosec: 555077248
  frame_id: base_link
name:
- joint_x
- joint_y
position:
- 0.03006874956190586
- 0.03006874956190586
velocity:
- 0.0024999999441206455
- 0.002812500111758709
effort:
- .nan
- .nan
---
header:
  stamp:
    sec: 1791159403
    nanosec: 575080057
  frame_id: base_link
name:
- joint_x
- joint_y
position:
- 0.030112499371170998
- 0.030112499371170998
velocity:
- 0.0021875000093132257
- 0.0021875000093132257
effort:
- .nan
- .nan
---
header:
  stamp:
    sec: 1791159403
    nanosec: 595077174
  frame_id: base_link
name:
- joint_x
- joint_y
position:
- 0.030137499794363976
- 0.030137499794363976
velocity:
- 0.0012499999720603228
- 0.0012499999720603228
effort:
- .nan
- .nan
---
header:
  stamp:
    sec: 1791159403
    nanosec: 615077151
  frame_id: base_link
name:
- joint_x
- joint_y
position:
- 0.030150000005960464
- 0.030150000005960464
velocity:
- 0.0006249999860301614
- 0.0006249999860301614
effort:
- .nan
- .nan
---
header:
  stamp:
    sec: 1791159403
    nanosec: 635073455
  frame_id: base_link
name:
- joint_x
- joint_y
position:
- 0.030156249180436134
- 0.030156249180436134
velocity:
- 0.0003124999930150807
- 0.0003124999930150807
effort:
- .nan
- .nan
---
header:
  stamp:
    sec: 1791159403
    nanosec: 655081432
  frame_id: base_link
name:
- joint_x
- joint_y
position:
- 0.030106250196695328
- 0.030106250196695328
velocity:
- -0.0015625000232830644
- -0.0015625000232830644
effort:
- .nan
- .nan
---
header:
  stamp:
    sec: 1791159403
    nanosec: 675075366
  frame_id: base_link
name:
- joint_x
- joint_y
position:
- 0.030056249350309372
- 0.030056249350309372
velocity:
- -0.0023809524718672037
- -0.0023809524718672037
effort:
- .nan
- .nan
---
header:
  stamp:
    sec: 1791159403
    nanosec: 695079231
  frame_id: base_link
name:
- joint_x
- joint_y
position:
- 0.029993750154972076
- 0.029993750154972076
velocity:
- -0.0031250000465661287
- -0.0031250000465661287
effort:
- .nan
- .nan
---
header:
  stamp:
    sec: 1791159403
    nanosec: 715078803
  frame_id: base_link
name:
- joint_x
- joint_y
position:
- 0.029918750748038292
- 0.029918750748038292
velocity:
- -0.0037499999161809683
- -0.0037499999161809683
effort:
- .nan
- .nan
---
header:
  stamp:
    sec: 1791159403
    nanosec: 735080864
  frame_id: base_link
name:
- joint_x
- joint_y
position:
- 0.02983124926686287
- 0.02983124926686287
velocity:
- -0.0043750000186264515
- -0.0043750000186264515
effort:
- .nan
- .nan
---
header:
  stamp:
    sec: 1791159403
    nanosec: 755087746
  frame_id: base_link
name:
- joint_x
- joint_y
position:
- 0.029731249436736107
- 0.029725000262260437
velocity:
- -0.004999999888241291
- -0.004999999888241291
effort:
- .nan
- .nan
---
header:
  stamp:
    sec: 1791159403
    nanosec: 775078765
  frame_id: base_link
name:
- joint_x
- joint_y
position:
- 0.029612500220537186
- 0.029612500220537186
velocity:
- -0.005937499925494194
- -0.005625000223517418
effort:
- .nan
- .nan
---
header:
  stamp:
    sec: 1791159403
    nanosec: 795090492
  frame_id: base_link
name:
- joint_x
- joint_y
position:
- 0.029481250792741776
- 0.029481250792741776
velocity:
- -0.006562499795109034
- -0.006562499795109034
effort:
- .nan
- .nan
---
header:
  stamp:
    sec: 1791159403
    nanosec: 815089268
  frame_id: base_link
name:
- joint_x
- joint_y
position:
- 0.029343750327825546
- 0.029343750327825546
velocity:
- -0.006874999962747097
- -0.006874999962747097
effort:
- .nan
- .nan
---
header:
  stamp:
    sec: 1791159403
    nanosec: 835089447
  frame_id: base_link
name:
- joint_x
- joint_y
position:
- 0.029193749651312828
- 0.029193749651312828
velocity:
- -0.007499999832361937
- -0.007499999832361937
effort:
- .nan
- .nan
---
header:
  stamp:
    sec: 1791159403
    nanosec: 855090485
  frame_id: base_link
name:
- joint_x
- joint_y
position:
- 0.028856249526143074
- 0.028856249526143074
velocity:
- -0.009062499739229679
- -0.009062499739229679
effort:
- .nan
- .nan
---
header:
  stamp:
    sec: 1791159403
    nanosec: 875087442
  frame_id: base_link
name:
- joint_x
- joint_y
position:
- 0.028674999251961708
- 0.028674999251961708
velocity:
- -0.009062499739229679
- -0.009062499739229679
effort:
- .nan
- .nan
---
header:
  stamp:
    sec: 1791159403
    nanosec: 895095028
  frame_id: base_link
name:
- joint_x
- joint_y
position:
- 0.028474999591708183
- 0.028481250628829002
velocity:
- -0.009999999776482582
- -0.009687500074505806
effort:
- .nan
- .nan
---
header:
  stamp:
    sec: 1791159403
    nanosec: 915090542
  frame_id: base_link
name:
- joint_x
- joint_y
position:
- 0.02827499993145466
- 0.02827499993145466
velocity:
- -0.009999999776482582
- -0.010312500409781933
effort:
- .nan
- .nan
---
header:
  stamp:
    sec: 1791159403
    nanosec: 935087750
  frame_id: base_link
name:
- joint_x
- joint_y
position:
- 0.028056250885128975
- 0.028056250885128975
velocity:
- -0.010625000111758709
- -0.010937499813735485
effort:
- .nan
- .nan
---
header:
  stamp:
    sec: 1791159403
    nanosec: 955090844
  frame_id: base_link
name:
- joint_x
- joint_y
position:
- 0.027824999764561653
- 0.027824999764561653
velocity:
- -0.011309524066746235
- -0.011011905036866665
effort:
- .nan
- .nan
---
header:
  stamp:
    sec: 1791159403
    nanosec: 975090608
  frame_id: base_link
name:
- joint_x
- joint_y
position:
- 0.027574999257922173
- 0.027574999257922173
velocity:
- -0.012500000186264515
- -0.012500000186264515
effort:
- .nan
- .nan
---
header:
  stamp:
    sec: 1791159403
    nanosec: 995090619
  frame_id: base_link
name:
- joint_x
- joint_y
position:
- 0.02733124978840351
- 0.02733124978840351
velocity:
- -0.012187499552965164
- -0.012187499552965164
effort:
- .nan
- .nan
---
header:
  stamp:
    sec: 1791159404
    nanosec: 15095101
  frame_id: base_link
name:
- joint_x
- joint_y
position:
- 0.02707500010728836
- 0.02707500010728836
velocity:
- -0.012500000186264515
- -0.012500000186264515
effort:
- .nan
- .nan
---
header:
  stamp:
    sec: 1791159404
    nanosec: 35105005
  frame_id: base_link
name:
- joint_x
- joint_y
position:
- 0.026537500321865082
- 0.026537500321865082
velocity:
- -0.01406249962747097
- -0.01406249962747097
effort:
- .nan
- .nan
---
header:
  stamp:
    sec: 1791159404
    nanosec: 55095957
  frame_id: base_link
name:
- joint_x
- joint_y
position:
- 0.026256250217556953
- 0.026256250217556953
velocity:
- -0.013749999925494194
- -0.013749999925494194
effort:
- .nan
- .nan
---
header:
  stamp:
    sec: 1791159404
    nanosec: 75100105
  frame_id: base_link
name:
- joint_x
- joint_y
position:
- 0.025968749076128006
- 0.025968749076128006
velocity:
- -0.014375000260770321
- -0.014375000260770321
effort:
- .nan
- .nan
---
header:
  stamp:
    sec: 1791159404
    nanosec: 95162251
  frame_id: base_link
name:
- joint_x
- joint_y
position:
- 0.025675000622868538
- 0.025675000622868538
velocity:
- -0.014999999664723873
- -0.014687499962747097
effort:
- .nan
- .nan
---
header:
  stamp:
    sec: 1791159404
    nanosec: 115110672
  frame_id: base_link
name:
- joint_x
- joint_y
position:
- 0.0253749992698431
- 0.0253749992698431
velocity:
- -0.014999999664723873
- -0.015312500298023224
effort:
- .nan
- .nan
---
header:
  stamp:
    sec: 1791159404
    nanosec: 135102274
  frame_id: base_link
name:
- joint_x
- joint_y
position:
- 0.025049999356269836
- 0.025049999356269836
velocity:
- -0.015476190485060215
- -0.015476190485060215
effort:
- .nan
- .nan
---
header:
  stamp:
    sec: 1791159404
    nanosec: 155106960
  frame_id: base_link
name:
- joint_x
- joint_y
position:
- 0.024712499231100082
- 0.0247187502682209
velocity:
- -0.01656249910593033
- -0.01656249910593033
effort:
- .nan
- .nan
---
header:
  stamp:
    sec: 1791159404
    nanosec: 175120218
  frame_id: base_link
name:
- joint_x
- joint_y
position:
- 0.024393750354647636
- 0.024393750354647636
velocity:
- -0.016249999403953552
- -0.015937499701976776
effort:
- .nan
- .nan
---
header:
  stamp:
    sec: 1791159404
    nanosec: 195112749
  frame_id: base_link
name:
- joint_x
- joint_y
position:
- 0.024062499403953552
- 0.024062499403953552
velocity:
- -0.01656249910593033
- -0.01656249910593033
effort:
- .nan
- .nan
---
header:
  stamp:
    sec: 1791159404
    nanosec: 215108603
  frame_id: base_link
name:
- joint_x
- joint_y
position:
- 0.023731250315904617
- 0.023731250315904617
velocity:
- -0.01656249910593033
- -0.016875000670552254
effort:
- .nan
- .nan
---
header:
  stamp:
    sec: 1791159404
    nanosec: 235118922
  frame_id: base_link
name:
- joint_x
- joint_y
position:
- 0.023012500256299973
- 0.023012500256299973
velocity:
- -0.018124999478459358
- -0.018124999478459358
effort:
- .nan
- .nan
---
header:
  stamp:
    sec: 1791159404
    nanosec: 255107647
  frame_id: base_link
name:
- joint_x
- joint_y
position:
- 0.02265625074505806
- 0.02266249991953373
velocity:
- -0.017812499776482582
- -0.017500000074505806
effort:
- .nan
- .nan
---
header:
  stamp:
    sec: 1791159404
    nanosec: 275108074
  frame_id: base_link
name:
- joint_x
- joint_y
position:
- 0.022299999371170998
- 0.022299999371170998
velocity:
- -0.017812499776482582
- -0.018124999478459358
effort:
- .nan
- .nan
---
header:
  stamp:
    sec: 1791159404
    nanosec: 295111721
  frame_id: base_link
name:
- joint_x
- joint_y
position:
- 0.021937500685453415
- 0.021937500685453415
velocity:
- -0.018124999478459358
- -0.018124999478459358
effort:
- .nan
- .nan
---
header:
  stamp:
    sec: 1791159404
    nanosec: 315132742
  frame_id: base_link
name:
- joint_x
- joint_y
position:
- 0.021568749099969864
- 0.021575000137090683
velocity:
- -0.018437499180436134
- -0.018124999478459358
effort:
- .nan
- .nan
---
header:
  stamp:
    sec: 1791159404
    nanosec: 335122835
  frame_id: base_link
name:
- joint_x
- joint_y
position:
- 0.021181249991059303
- 0.021181249991059303
velocity:
- -0.019375000149011612
- -0.019687499850988388
effort:
- .nan
- .nan
---
header:
  stamp:
    sec: 1791159404
    nanosec: 355119518
  frame_id: base_link
name:
- joint_x
- joint_y
position:
- 0.020806249231100082
- 0.020806249231100082
velocity:
- -0.01875000074505806
- -0.01875000074505806
effort:
- .nan
- .nan
---
header:
  stamp:
    sec: 1791159404
    nanosec: 375116685
  frame_id: base_link
name:
- joint_x
- joint_y
position:
- 0.02042499929666519
- 0.02042499929666519
velocity:
- -0.019062500447034836
- -0.01875000074505806
effort:
- .nan
- .nan
---
header:
  stamp:
    sec: 1791159404
    nanosec: 395119478
  frame_id: base_link
name:
- joint_x
- joint_y
position:
- 0.0200437493622303
- 0.0200437493622303
velocity:
- -0.01875000074505806
- -0.019062500447034836
effort:
- .nan
- .nan
---
header:
  stamp:
    sec: 1791159404
    nanosec: 415121230
  frame_id: base_link
name:
- joint_x
- joint_y
position:
- 0.01925624907016754
- 0.01925624907016754
velocity:
- -0.02031249925494194
- -0.02031249925494194
effort:
- .nan
- .nan
---
header:
  stamp:
    sec: 1791159404
    nanosec: 435075897
  frame_id: base_link
name:
- joint_x
- joint_y
position:
- 0.01886250078678131
- 0.01886250078678131
velocity:
- -0.019375000149011612
- -0.019375000149011612
effort:
- .nan
- .nan
---
header:
  stamp:
    sec: 1791159404
    nanosec: 455083499
  frame_id: base_link
name:
- joint_x
- joint_y
position:
- 0.01846875064074993
- 0.01846875064074993
velocity:
- -0.019687499850988388
- -0.019687499850988388
effort:
- .nan
- .nan
---
header:
  stamp:
    sec: 1791159404
    nanosec: 475093678
  frame_id: base_link
name:
- joint_x
- joint_y
position:
- 0.01807500049471855
- 0.01807500049471855
velocity:
- -0.019687499850988388
- -0.019687499850988388
effort:
- .nan
- .nan
---
header:
  stamp:
    sec: 1791159404
    nanosec: 495109311
  frame_id: base_link
name:
- joint_x
- joint_y
position:
- 0.017656249925494194
- 0.017656249925494194
velocity:
- -0.02023809589445591
- -0.02023809589445591
effort:
- .nan
- .nan
---
header:
  stamp:
    sec: 1791159404
    nanosec: 515133575
  frame_id: base_link
name:
- joint_x
- joint_y
position:
- 0.017237499356269836
- 0.017237499356269836
velocity:
- -0.020937500521540642
- -0.020937500521540642
effort:
- .nan
- .nan
---
header:
  stamp:
    sec: 1791159404
    nanosec: 535126831
  frame_id: base_link
name:
- joint_x
- joint_y
position:
- 0.016837500035762787
- 0.016831250861287117
velocity:
- -0.019999999552965164
- -0.019999999552965164
effort:
- .nan
- .nan
---
header:
  stamp:
    sec: 1791159404
    nanosec: 555107495
  frame_id: base_link
name:
- joint_x
- joint_y
position:
- 0.016431249678134918
- 0.016431249678134918
velocity:
- -0.019999999552965164
- -0.019999999552965164
effort:
- .nan
- .nan
---
header:
  stamp:
    sec: 1791159404
    nanosec: 575107261
  frame_id: base_link
name:
- joint_x
- joint_y
position:
- 0.01603125035762787
- 0.01603125035762787
velocity:
- -0.02031249925494194
- -0.019999999552965164
effort:
- .nan
- .nan
---
header:
  stamp:
    sec: 1791159404
    nanosec: 595101081
  frame_id: base_link
name:
- joint_x
- joint_y
position:
- 0.015625
- 0.015625
velocity:
- -0.019999999552965164
- -0.02031249925494194
effort:
- .nan
- .nan
---
header:
  stamp:
    sec: 1791159404
    nanosec: 615164639
  frame_id: base_link
name:
- joint_x
- joint_y
position:
- 0.014806250110268593
- 0.014806250110268593
velocity:
- -0.019999999552965164
- -0.02031249925494194
effort:
- .nan
- .nan
---
header:
  stamp:
    sec: 1791159404
    nanosec: 635104331
  frame_id: base_link
name:
- joint_x
- joint_y
position:
- 0.014399999752640724
- 0.014399999752640724
velocity:
- -0.019999999552965164
- -0.019999999552965164
effort:
- .nan
- .nan
---
header:
  stamp:
    sec: 1791159404
    nanosec: 655098197
  frame_id: base_link
name:
- joint_x
- joint_y
position:
- 0.014000000432133675
- 0.014000000432133675
velocity:
- -0.02031249925494194
- -0.02031249925494194
effort:
- .nan
- .nan
---
header:
  stamp:
    sec: 1791159404
    nanosec: 675104439
  frame_id: base_link
name:
- joint_x
- joint_y
position:
- 0.013574999757111073
- 0.013574999757111073
velocity:
- -0.02023809589445591
- -0.02023809589445591
effort:
- .nan
- .nan
---
header:
  stamp:
    sec: 1791159404
    nanosec: 695102685
  frame_id: base_link
name:
- joint_x
- joint_y
position:
- 0.013150000013411045
- 0.013150000013411045
velocity:
- -0.021250000223517418
- -0.021250000223517418
effort:
- .nan
- .nan
---
header:
  stamp:
    sec: 1791159404
    nanosec: 715103615
  frame_id: base_link
name:
- joint_x
- joint_y
position:
- 0.012749999761581421
- 0.012749999761581421
velocity:
- -0.019999999552965164
- -0.019999999552965164
effort:
- .nan
- .nan
---
header:
  stamp:
    sec: 1791159404
    nanosec: 735103973
  frame_id: base_link
name:
- joint_x
- joint_y
position:
- 0.012350000441074371
- 0.012350000441074371
velocity:
- -0.019999999552965164
- -0.019999999552965164
effort:
- .nan
- .nan
---
header:
  stamp:
    sec: 1791159404
    nanosec: 755102312
  frame_id: base_link
name:
- joint_x
- joint_y
position:
- 0.011950000189244747
- 0.011950000189244747
velocity:
- -0.019999999552965164
- -0.019999999552965164
effort:
- .nan
- .nan
---
header:
  stamp:
    sec: 1791159404
    nanosec: 775103187
  frame_id: base_link
name:
- joint_x
- joint_y
position:
- 0.011556250043213367
- 0.011549999937415123
velocity:
- -0.019687499850988388
- -0.019687499850988388
effort:
- .nan
- .nan
---
header:
  stamp:
    sec: 1791159404
    nanosec: 795108423
  frame_id: base_link
name:
- joint_x
- joint_y
position:
- 0.010756249539554119
- 0.01075000036507845
velocity:
- -0.019062500447034836
- -0.019375000149011612
effort:
- .nan
- .nan
---
header:
  stamp:
    sec: 1791159404
    nanosec: 815101456
  frame_id: base_link
name:
- joint_x
- joint_y
position:
- 0.010362500324845314
- 0.010368750430643559
velocity:
- -0.019375000149011612
- -0.019375000149011612
effort:
- .nan
- .nan
---
header:
  stamp:
    sec: 1791159404
    nanosec: 835099903
  frame_id: base_link
name:
- joint_x
- joint_y
position:
- 0.009981250390410423
- 0.009981250390410423
velocity:
- -0.019375000149011612
- -0.019062500447034836
effort:
- .nan
- .nan
---
header:
  stamp:
    sec: 1791159404
    nanosec: 855101783
  frame_id: base_link
name:
- joint_x
- joint_y
position:
- 0.009581250138580799
- 0.009581250138580799
velocity:
- -0.01904761977493763
- -0.0193452388048172
effort:
- .nan
- .nan
---
header:
  stamp:
    sec: 1791159404
    nanosec: 875106533
  frame_id: base_link
name:
- joint_x
- joint_y
position:
- 0.009181249886751175
- 0.009181249886751175
velocity:
- -0.019999999552965164
- -0.019999999552965164
effort:
- .nan
- .nan
---
header:
  stamp:
    sec: 1791159404
    nanosec: 895099325
  frame_id: base_link
name:
- joint_x
- joint_y
position:
- 0.008806250058114529
- 0.008806250058114529
velocity:
- -0.01875000074505806
- -0.01875000074505806
effort:
- .nan
- .nan
---
header:
  stamp:
    sec: 1791159404
    nanosec: 915098272
  frame_id: base_link
name:
- joint_x
- joint_y
position:
- 0.008437500335276127
- 0.008437500335276127
velocity:
- -0.018437499180436134
- -0.018437499180436134
effort:
- .nan
- .nan
---
header:
  stamp:
    sec: 1791159404
    nanosec: 935102303
  frame_id: base_link
name:
- joint_x
- joint_y
position:
- 0.00806874968111515
- 0.00806874968111515
velocity:
- -0.018437499180436134
- -0.018124999478459358
effort:
- .nan
- .nan
---
header:
  stamp:
    sec: 1791159404
    nanosec: 955100157
  frame_id: base_link
name:
- joint_x
- joint_y
position:
- 0.007706250064074993
- 0.007712500169873238
velocity:
- -0.018124999478459358
- -0.018124999478459358
effort:
- .nan
- .nan
---
header:
  stamp:
    sec: 1791159404
    nanosec: 975200543
  frame_id: base_link
name:
- joint_x
- joint_y
position:
- 0.006987500004470348
- 0.006987500004470348
velocity:
- -0.017500000074505806
- -0.017500000074505806
effort:
- .nan
- .nan
---
header:
  stamp:
    sec: 1791159404
    nanosec: 995106100
  frame_id: base_link
name:
- joint_x
- joint_y
position:
- 0.00664374977350235
- 0.006637500133365393
velocity:
- -0.01718750037252903
- -0.01718750037252903
effort:
- .nan
- .nan
---
header:
  stamp:
    sec: 1791159405
    nanosec: 15110375
  frame_id: base_link
name:
- joint_x
- joint_y
position:
- 0.006300000008195639
- 0.006300000008195639
velocity:
- -0.01718750037252903
- -0.01718750037252903
effort:
- .nan
- .nan
---
header:
  stamp:
    sec: 1791159405
    nanosec: 35146330
  frame_id: base_link
name:
- joint_x
- joint_y
position:
- 0.0059437500312924385
- 0.005950000137090683
velocity:
- -0.01696428656578064
- -0.01666666753590107
effort:
- .nan
- .nan
---
header:
  stamp:
    sec: 1791159405
    nanosec: 55117421
  frame_id: base_link
name:
- joint_x
- joint_y
position:
- 0.00559999980032444
- 0.00559999980032444
velocity:
- -0.01718750037252903
- -0.017500000074505806
effort:
- .nan
- .nan
---
header:
  stamp:
    sec: 1791159405
    nanosec: 75148793
  frame_id: base_link
name:
- joint_x
- joint_y
position:
- 0.005281249992549419
- 0.005281249992549419
velocity:
- -0.015937499701976776
- -0.015937499701976776
effort:
- .nan
- .nan
---
header:
  stamp:
    sec: 1791159405
    nanosec: 95117861
  frame_id: base_link
name:
- joint_x
- joint_y
position:
- 0.004962500184774399
- 0.004968749824911356
velocity:
- -0.015937499701976776
- -0.015625
effort:
- .nan
- .nan
---
header:
  stamp:
    sec: 1791159405
    nanosec: 115113584
  frame_id: base_link
name:
- joint_x
- joint_y
position:
- 0.00465625012293458
- 0.00465625012293458
velocity:
- -0.015312500298023224
- -0.015625
effort:
- .nan
- .nan
---
header:
  stamp:
    sec: 1791159405
    nanosec: 135115322
  frame_id: base_link
name:
- joint_x
- joint_y
position:
- 0.004356250166893005
- 0.004356250166893005
velocity:
- -0.014999999664723873
- -0.014999999664723873
effort:
- .nan
- .nan
---
header:
  stamp:
    sec: 1791159405
    nanosec: 155117355
  frame_id: base_link
name:
- joint_x
- joint_y
position:
- 0.004043749999254942
- 0.004043749999254942
velocity:
- -0.015312500298023224
- -0.015312500298023224
effort:
- .nan
- .nan
---
header:
  stamp:
    sec: 1791159405
    nanosec: 175133946
  frame_id: base_link
name:
- joint_x
- joint_y
position:
- 0.0034874998964369297
- 0.0034874998964369297
velocity:
- -0.013749999925494194
- -0.013749999925494194
effort:
- .nan
- .nan
---
header:
  stamp:
    sec: 1791159405
    nanosec: 195117713
  frame_id: base_link
name:
- joint_x
- joint_y
position:
- 0.0032187500037252903
- 0.0032187500037252903
velocity:
- -0.013437500223517418
- -0.013437500223517418
effort:
- .nan
- .nan
---
header:
  stamp:
    sec: 1791159405
    nanosec: 215117196
  frame_id: base_link
name:
- joint_x
- joint_y
position:
- 0.0029437500052154064
- 0.0029437500052154064
velocity:
- -0.013749999925494194
- -0.013749999925494194
effort:
- .nan
- .nan
---
header:
  stamp:
    sec: 1791159405
    nanosec: 235105222
  frame_id: base_link
name:
- joint_x
- joint_y
position:
- 0.0026875000912696123
- 0.0026875000912696123
velocity:
- -0.012500000186264515
- -0.012500000186264515
effort:
- .nan
- .nan
---
header:
  stamp:
    sec: 1791159405
    nanosec: 255104977
  frame_id: base_link
name:
- joint_x
- joint_y
position:
- 0.00244374992325902
- 0.00244374992325902
velocity:
- -0.012500000186264515
- -0.012500000186264515
effort:
- .nan
- .nan
---
header:
  stamp:
    sec: 1791159405
    nanosec: 275106671
  frame_id: base_link
name:
- joint_x
- joint_y
position:
- 0.0022124999668449163
- 0.0022124999668449163
velocity:
- -0.011562500149011612
- -0.011562500149011612
effort:
- .nan
- .nan
---
header:
  stamp:
    sec: 1791159405
    nanosec: 295109680
  frame_id: base_link
name:
- joint_x
- joint_y
position:
- 0.0019875001162290573
- 0.0019875001162290573
velocity:
- -0.011250000447034836
- -0.011250000447034836
effort:
- .nan
- .nan
---
header:
  stamp:
    sec: 1791159405
    nanosec: 315118802
  frame_id: base_link
name:
- joint_x
- joint_y
position:
- 0.0017687500221654773
- 0.0017687500221654773
velocity:
- -0.010937499813735485
- -0.010937499813735485
effort:
- .nan
- .nan
---
header:
  stamp:
    sec: 1791159405
    nanosec: 335123600
  frame_id: base_link
name:
- joint_x
- joint_y
position:
- 0.0015562500339001417
- 0.0015562500339001417
velocity:
- -0.010625000111758709
- -0.010625000111758709
effort:
- .nan
- .nan
---
header:
  stamp:
    sec: 1791159405
    nanosec: 355120377
  frame_id: base_link
name:
- joint_x
- joint_y
position:
- 0.0011812499724328518
- 0.0011812499724328518
velocity:
- -0.009062499739229679
- -0.009062499739229679
effort:
- .nan
- .nan
---
header:
  stamp:
    sec: 1791159405
    nanosec: 375118889
  frame_id: base_link
name:
- joint_x
- joint_y
position:
- 0.001006250036880374
- 0.001006250036880374
velocity:
- -0.008750000037252903
- -0.008750000037252903
effort:
- .nan
- .nan
---
header:
  stamp:
    sec: 1791159405
    nanosec: 395127479
  frame_id: base_link
name:
- joint_x
- joint_y
position:
- 0.0008374999742954969
- 0.0008374999742954969
velocity:
- -0.008437500335276127
- -0.008437500335276127
effort:
- .nan
- .nan
---
header:
  stamp:
    sec: 1791159405
    nanosec: 415122863
  frame_id: base_link
name:
- joint_x
- joint_y
position:
- 0.0006874999962747097
- 0.0006874999962747097
velocity:
- -0.007499999832361937
- -0.007499999832361937
effort:
- .nan
- .nan
---
header:
  stamp:
    sec: 1791159405
    nanosec: 435126094
  frame_id: base_link
name:
- joint_x
- joint_y
position:
- 0.0005499999970197678
- 0.0005437500076368451
velocity:
- -0.006874999962747097
- -0.006874999962747097
effort:
- .nan
- .nan
---
header:
  stamp:
    sec: 1791159405
    nanosec: 455131211
  frame_id: base_link
name:
- joint_x
- joint_y
position:
- 0.00041874998714774847
- 0.00041874998714774847
velocity:
- -0.006562499795109034
- -0.006562499795109034
effort:
- .nan
- .nan
---
header:
  stamp:
    sec: 1791159405
    nanosec: 475122011
  frame_id: base_link
name:
- joint_x
- joint_y
position:
- 0.00030625000363215804
- 0.00030625000363215804
velocity:
- -0.005625000223517418
- -0.005625000223517418
effort:
- .nan
- .nan
---
header:
  stamp:
    sec: 1791159405
    nanosec: 495117492
  frame_id: base_link
name:
- joint_x
- joint_y
position:
- 0.00019375000556465238
- 0.00019999999494757503
velocity:
- -0.0053125000558793545
- -0.0053125000558793545
effort:
- .nan
- .nan
---
header:
  stamp:
    sec: 1791159405
    nanosec: 515105657
  frame_id: base_link
name:
- joint_x
- joint_y
position:
- 0.0001062500014086254
- 0.0001062500014086254
velocity:
- -0.004687500186264515
- -0.004687500186264515
effort:
- .nan
- .nan
---
header:
  stamp:
    sec: 1791159405
    nanosec: 535119740
  frame_id: base_link
name:
- joint_x
- joint_y
position:
- -3.125000148429535e-05
- -3.125000148429535e-05
velocity:
- -0.0031250000465661287
- -0.0031250000465661287
effort:
- .nan
- .nan
---
header:
  stamp:
    sec: 1791159405
    nanosec: 555118161
  frame_id: base_link
name:
- joint_x
- joint_y
position:
- -8.749999688006938e-05
- -8.749999688006938e-05
velocity:
- -0.002812500111758709
- -0.002812500111758709
effort:
- .nan
- .nan
---
header:
  stamp:
    sec: 1791159405
    nanosec: 575123398
  frame_id: base_link
name:
- joint_x
- joint_y
position:
- -0.0001250000059371814
- -0.00011875000200234354
velocity:
- -0.0015625000232830644
- -0.0015625000232830644
effort:
- .nan
- .nan
---
header:
  stamp:
    sec: 1791159405
    nanosec: 595110364
  frame_id: base_link
name:
- joint_x
- joint_y
position:
- -0.00014375000318977982
- -0.00014375000318977982
velocity:
- -0.0012499999720603228
- -0.0012499999720603228
effort:
- .nan
- .nan
---
header:
  stamp:
    sec: 1791159405
    nanosec: 615118473
  frame_id: base_link
name:
- joint_x
- joint_y
position:
- -0.0001500000071246177
- -0.0001500000071246177
velocity:
- -0.0003124999930150807
- -0.0003124999930150807
effort:
- .nan
- .nan
---
header:
  stamp:
    sec: 1791159405
    nanosec: 635106762
  frame_id: base_link
name:
- joint_x
- joint_y
position:
- -0.0001500000071246177
- -0.00014375000318977982
velocity:
- 0.0
- 0.0003124999930150807
effort:
- .nan
- .nan
---
header:
  stamp:
    sec: 1791159405
    nanosec: 655114908
  frame_id: base_link
name:
- joint_x
- joint_y
position:
- -0.00013124999532010406
- -0.00011875000200234354
velocity:
- 0.0009374999790452421
- 0.0012499999720603228
effort:
- .nan
- .nan
---
header:
  stamp:
    sec: 1791159405
    nanosec: 675132521
  frame_id: base_link
name:
- joint_x
- joint_y
position:
- -8.749999688006938e-05
- -8.125000022118911e-05
velocity:
- 0.0021875000093132257
- 0.0018749999580904841
effort:
- .nan
- .nan
---
header:
  stamp:
    sec: 1791159405
    nanosec: 695122987
  frame_id: base_link
name:
- joint_x
- joint_y
position:
- -3.7500001781154424e-05
- -3.125000148429535e-05
velocity:
- 0.0024999999441206455
- 0.0024999999441206455
effort:
- .nan
- .nan
---
header:
  stamp:
    sec: 1791159405
    nanosec: 715120181
  frame_id: base_link
name:
- joint_x
- joint_y
position:
- 0.0
- 0.0
velocity:
- 0.0
- 0.0
effort:
- .nan
- .nan
---
header:
  stamp:
    sec: 1791159405
    nanosec: 735110565
  frame_id: base_link
name:
- joint_x
- joint_y
position:
- 0.0
- 0.0
velocity:
- 0.0
- 0.0
effort:
- .nan
- .nan
---
header:
  stamp:
    sec: 1791159405
    nanosec: 755096276
  frame_id: base_link
name:
- joint_x
- joint_y
position:
- 0.0
- 0.0
velocity:
- 0.0
- 0.0
effort:
- .nan
- .nan
---
header:
  stamp:
    sec: 1791159405
    nanosec: 775091330
  frame_id: base_link
name:
- joint_x
- joint_y
position:
- 0.0
- 0.0
velocity:
- 0.0
- 0.0
effort:
- .nan
- .nan
---
header:
  stamp:
    sec: 1791159405
    nanosec: 795127194
  frame_id: base_link
name:
- joint_x
- joint_y
position:
- 0.0
- 0.0
velocity:
- 0.0
- 0.0
effort:
- .nan
- .nan
---
