header:
  stamp:
    sec: 1791163710
    nanosec: 580095001
  frame_id: base_link
name:
- joint_x
- joint_y
position:
- 0.0
- 0.0
velocity:
- 0.0
- 0.0
effort:
- .nan
- .nan
---
header:
  stamp:
    sec: 1791163710
    nanosec: 600086498
  frame_id: base_link
name:
- joint_x
- joint_y
position:
- 0.0
- 0.0
velocity:
- 0.0
- 0.0
effort:
- .nan
- .nan
---
header:
  stamp:
    sec: 1791163710
    nanosec: 620083503
  frame_id: base_link
name:
- joint_x
- joint_y
position:
- 0.0
- 0.0
velocity:
- 0.0
- 0.0
effort:
- .nan
- .nan
---
header:
  stamp:
    sec: 1791163710
    nanosec: 640082712
  frame_id: base_link
name:
- joint_x
- joint_y
position:
- 0.0
- 0.0
velocity:
- 0.0
- 0.0
effort:
- .nan
- .nan
---
header:
  stamp:
    sec: 1791163710
    nanosec: 660092464
  frame_id: base_link
name:
- joint_x
- joint_y
position:
- 0.0
- 0.0
velocity:
- 0.0
- 0.0
effort:
- .nan
- .nan
---
header:
  stamp:
    sec: 1791163710
    nanosec: 680094983
  frame_id: base_link
name:
- joint_x
- joint_y
position:
- 0.0
- 0.0
velocity:
- 0.0
- 0.0
effort:
- .nan
- .nan
---
header:
  stamp:
    sec: 1791163710
    nanosec: 700108452
  frame_id: base_link
name:
- joint_x
- joint_y
position:
- 0.0
- 0.0
velocity:
- 0.0
- 0.0
effort:
- .nan
- .nan
---
header:
  stamp:
    sec: 1791163710
    nanosec: 720106883
  frame_id: base_link
name:
- joint_x
- joint_y
position:
- 0.0
- 0.0
velocity:
- 0.0
- 0.0
effort:
- .nan
- .nan
---
header:
  stamp:
    sec: 1791163710
    nanosec: 740103021
  frame_id: base_link
name:
- joint_x
- joint_y
position:
- 0.0
- 0.0
velocity:
- 0.0
- 0.0
effort:
- .nan
- .nan
---
header:
  stamp:
    sec: 1791163710
    nanosec: 760092111
  frame_id: base_link
name:
- joint_x
- joint_y
position:
- 0.0
- 0.0
velocity:
- 0.0
- 0.0
effort:
- .nan
- .nan
---
header:
  stamp:
    sec: 1791163710
    nanosec: 780099483
  frame_id: base_link
name:
- joint_x
- joint_y
position:
- 0.0
- 0.0
velocity:
- 0.0
- 0.0
effort:
- .nan
- .nan
---
header:
  stamp:
    sec: 1791163710
    nanosec: 800096201
  frame_id: base_link
name:
- joint_x
- joint_y
position:
- 0.0
- 0.0
velocity:
- 0.0
- 0.0
effort:
- .nan
- .nan
---
header:
  stamp:
    sec: 1791163710
    nanosec: 820120657
  frame_id: base_link
name:
- joint_x
- joint_y
position:
- 0.0
- 0.0
velocity:
- 0.0
- 0.0
effort:
- .nan
- .nan
---
header:
  stamp:
    sec: 1791163710
    nanosec: 840069526
  frame_id: base_link
name:
- joint_x
- joint_y
position:
- 0.0
- 0.0
velocity:
- 0.0
- 0.0
effort:
- .nan
- .nan
---
header:
  stamp:
    sec: 1791163710
    nanosec: 860080560
  frame_id: base_link
name:
- joint_x
- joint_y
position:
- 0.0
- 0.0
velocity:
- 0.0
- 0.0
effort:
- .nan
- .nan
---
header:
  stamp:
    sec: 1791163710
    nanosec: 880092301
  frame_id: base_link
name:
- joint_x
- joint_y
position:
- 0.0
- 0.0
velocity:
- 0.0
- 0.0
effort:
- .nan
- .nan
---
header:
  stamp:
    sec: 1791163710
    nanosec: 900092130
  frame_id: base_link
name:
- joint_x
- joint_y
position:
- 0.0
- 0.0
velocity:
- 0.0
- 0.0
effort:
- .nan
- .nan
---
header:
  stamp:
    sec: 1791163710
    nanosec: 920101896
  frame_id: base_link
name:
- joint_x
- joint_y
position:
- 0.0
- 0.0
velocity:
- 0.0
- 0.0
effort:
- .nan
- .nan
---
header:
  stamp:
    sec: 1791163710
    nanosec: 940089206
  frame_id: base_link
name:
- joint_x
- joint_y
position:
- 0.0
- 0.0
velocity:
- 0.0
- 0.0
effort:
- .nan
- .nan
---
header:
  stamp:
    sec: 1791163710
    nanosec: 960094425
  frame_id: base_link
name:
- joint_x
- joint_y
position:
- 0.0
- 0.0
velocity:
- 0.0
- 0.0
effort:
- .nan
- .nan
---
header:
  stamp:
    sec: 1791163710
    nanosec: 980120064
  frame_id: base_link
name:
- joint_x
- joint_y
position:
- 0.0
- 0.0
velocity:
- 0.0
- 0.0
effort:
- .nan
- .nan
---
header:
  stamp:
    sec: 1791163711
    nanosec: 90996
  frame_id: base_link
name:
- joint_x
- joint_y
position:
- 0.0
- 0.0
velocity:
- 0.0
- 0.0
effort:
- .nan
- .nan
---
header:
  stamp:
    sec: 1791163711
    nanosec: 20095301
  frame_id: base_link
name:
- joint_x
- joint_y
position:
- 0.0
- 0.0
velocity:
- 0.0
- 0.0
effort:
- .nan
- .nan
---
header:
  stamp:
    sec: 1791163711
    nanosec: 40073681
  frame_id: base_link
name:
- joint_x
- joint_y
position:
- 0.0
- 0.0
velocity:
- 0.0
- 0.0
effort:
- .nan
- .nan
---
header:
  stamp:
    sec: 1791163711
    nanosec: 60094127
  frame_id: base_link
name:
- joint_x
- joint_y
position:
- 0.0
- 0.0
velocity:
- 0.0
- 0.0
effort:
- .nan
- .nan
---
header:
  stamp:
    sec: 1791163711
    nanosec: 80127699
  frame_id: base_link
name:
- joint_x
- joint_y
position:
- 0.0
- 0.0
velocity:
- 0.0
- 0.0
effort:
- .nan
- .nan
---
header:
  stamp:
    sec: 1791163711
    nanosec: 100099703
  frame_id: base_link
name:
- joint_x
- joint_y
position:
- 0.0
- 0.0
velocity:
- 0.0
- 0.0
effort:
- .nan
- .nan
---
header:
  stamp:
    sec: 1791163711
    nanosec: 120114287
  frame_id: base_link
name:
- joint_x
- joint_y
position:
- 0.0
- 0.0
velocity:
- 0.0
- 0.0
effort:
- .nan
- .nan
---
header:
  stamp:
    sec: 1791163711
    nanosec: 140107627
  frame_id: base_link
name:
- joint_x
- joint_y
position:
- 0.0
- 0.0
velocity:
- 0.0
- 0.0
effort:
- .nan
- .nan
---
header:
  stamp:
    sec: 1791163711
    nanosec: 160136993
  frame_id: base_link
name:
- joint_x
- joint_y
position:
- 0.0
- 0.0
velocity:
- 0.0
- 0.0
effort:
- .nan
- .nan
---
header:
  stamp:
    sec: 1791163711
    nanosec: 180115945
  frame_id: base_link
name:
- joint_x
- joint_y
position:
- 0.0
- 0.0
velocity:
- 0.0
- 0.0
effort:
- .nan
- .nan
---
header:
  stamp:
    sec: 1791163711
    nanosec: 200101203
  frame_id: base_link
name:
- joint_x
- joint_y
position:
- 0.0
- 0.0
velocity:
- 0.0
- 0.0
effort:
- .nan
- .nan
---
header:
  stamp:
    sec: 1791163711
    nanosec: 220096950
  frame_id: base_link
name:
- joint_x
- joint_y
position:
- 0.0
- 0.0
velocity:
- 0.0
- 0.0
effort:
- .nan
- .nan
---
header:
  stamp:
    sec: 1791163711
    nanosec: 240129576
  frame_id: base_link
name:
- joint_x
- joint_y
position:
- 0.0
- 0.0
velocity:
- 0.0
- 0.0
effort:
- .nan
- .nan
---
header:
  stamp:
    sec: 1791163711
    nanosec: 260084413
  frame_id: base_link
name:
- joint_x
- joint_y
position:
- 0.0
- 0.0
velocity:
- 0.0
- 0.0
effort:
- .nan
- .nan
---
header:
  stamp:
    sec: 1791163711
    nanosec: 280079684
  frame_id: base_link
name:
- joint_x
- joint_y
position:
- 0.0
- 0.0
velocity:
- 0.0
- 0.0
effort:
- .nan
- .nan
---
header:
  stamp:
    sec: 1791163711
    nanosec: 300092915
  frame_id: base_link
name:
- joint_x
- joint_y
position:
- 0.0
- 0.0
velocity:
- 0.0
- 0.0
effort:
- .nan
- .nan
---
header:
  stamp:
    sec: 1791163711
    nanosec: 320089408
  frame_id: base_link
name:
- joint_x
- joint_y
position:
- 0.0
- 0.0
velocity:
- 0.0
- 0.0
effort:
- .nan
- .nan
---
header:
  stamp:
    sec: 1791163711
    nanosec: 340102202
  frame_id: base_link
name:
- joint_x
- joint_y
position:
- 0.0
- 0.0
velocity:
- 0.0
- 0.0
effort:
- .nan
- .nan
---
header:
  stamp:
    sec: 1791163711
    nanosec: 360099199
  frame_id: base_link
name:
- joint_x
- joint_y
position:
- 0.0
- 0.0
velocity:
- 0.0
- 0.0
effort:
- .nan
- .nan
---
header:
  stamp:
    sec: 1791163711
    nanosec: 380085479
  frame_id: base_link
name:
- joint_x
- joint_y
position:
- 0.0
- 0.0
velocity:
- 0.0
- 0.0
effort:
- .nan
- .nan
---
header:
  stamp:
    sec: 1791163711
    nanosec: 400103745
  frame_id: base_link
name:
- joint_x
- joint_y
position:
- 0.0
- 0.0
velocity:
- 0.0
- 0.0
effort:
- .nan
- .nan
---
header:
  stamp:
    sec: 1791163711
    nanosec: 420083362
  frame_id: base_link
name:
- joint_x
- joint_y
position:
- 0.0
- 0.0
velocity:
- 0.0
- 0.0
effort:
- .nan
- .nan
---
header:
  stamp:
    sec: 1791163711
    nanosec: 440084393
  frame_id: base_link
name:
- joint_x
- joint_y
position:
- 0.0
- 0.0
velocity:
- 0.0
- 0.0
effort:
- .nan
- .nan
---
header:
  stamp:
    sec: 1791163711
    nanosec: 460091017
  frame_id: base_link
name:
- joint_x
- joint_y
position:
- 0.0
- 0.0
velocity:
- 0.0
- 0.0
effort:
- .nan
- .nan
---
header:
  stamp:
    sec: 1791163711
    nanosec: 480098899
  frame_id: base_link
name:
- joint_x
- joint_y
position:
- 0.0
- 0.0
velocity:
- 0.0
- 0.0
effort:
- .nan
- .nan
---
header:
  stamp:
    sec: 1791163711
    nanosec: 500104732
  frame_id: base_link
name:
- joint_x
- joint_y
position:
- 0.0
- 0.0
velocity:
- 0.0
- 0.0
effort:
- .nan
- .nan
---
header:
  stamp:
    sec: 1791163711
    nanosec: 520094550
  frame_id: base_link
name:
- joint_x
- joint_y
position:
- 0.0
- 0.0
velocity:
- 0.0
- 0.0
effort:
- .nan
- .nan
---
header:
  stamp:
    sec: 1791163711
    nanosec: 540098146
  frame_id: base_link
name:
- joint_x
- joint_y
position:
- 0.0
- 0.0
velocity:
- 0.0
- 0.0
effort:
- .nan
- .nan
---
header:
  stamp:
    sec: 1791163711
    nanosec: 560089519
  frame_id: base_link
name:
- joint_x
- joint_y
position:
- 0.0
- 0.0
velocity:
- 0.0
- 0.0
effort:
- .nan
- .nan
---
header:
  stamp:
    sec: 1791163711
    nanosec: 580103606
  frame_id: base_link
name:
- joint_x
- joint_y
position:
- 0.0
- 0.0
velocity:
- 0.0
- 0.0
effort:
- .nan
- .nan
---
header:
  stamp:
    sec: 1791163711
    nanosec: 600114267
  frame_id: base_link
name:
- joint_x
- joint_y
position:
- 0.0
- 0.0
velocity:
- 0.0
- 0.0
effort:
- .nan
- .nan
---
header:
  stamp:
    sec: 1791163711
    nanosec: 620086649
  frame_id: base_link
name:
- joint_x
- joint_y
position:
- 0.0
- 0.0
velocity:
- 0.0
- 0.0
effort:
- .nan
- .nan
---
header:
  stamp:
    sec: 1791163711
    nanosec: 640087616
  frame_id: base_link
name:
- joint_x
- joint_y
position:
- 0.0
- 0.0
velocity:
- 0.0
- 0.0
effort:
- .nan
- .nan
---
header:
  stamp:
    sec: 1791163711
    nanosec: 660115589
  frame_id: base_link
name:
- joint_x
- joint_y
position:
- 0.0
- 0.0
velocity:
- 0.0
- 0.0
effort:
- .nan
- .nan
---
header:
  stamp:
    sec: 1791163711
    nanosec: 680093105
  frame_id: base_link
name:
- joint_x
- joint_y
position:
- 0.0
- 0.0
velocity:
- 0.0
- 0.0
effort:
- .nan
- .nan
---
header:
  stamp:
    sec: 1791163711
    nanosec: 700089128
  frame_id: base_link
name:
- joint_x
- joint_y
position:
- 0.0
- 0.0
velocity:
- 0.0
- 0.0
effort:
- .nan
- .nan
---
header:
  stamp:
    sec: 1791163711
    nanosec: 720076721
  frame_id: base_link
name:
- joint_x
- joint_y
position:
- 0.0
- 0.0
velocity:
- 0.0
- 0.0
effort:
- .nan
- .nan
---
header:
  stamp:
    sec: 1791163711
    nanosec: 740075657
  frame_id: base_link
name:
- joint_x
- joint_y
position:
- 0.0
- 0.0
velocity:
- 0.0
- 0.0
effort:
- .nan
- .nan
---
header:
  stamp:
    sec: 1791163711
    nanosec: 760084857
  frame_id: base_link
name:
- joint_x
- joint_y
position:
- 0.0
- 0.0
velocity:
- 0.0
- 0.0
effort:
- .nan
- .nan
---
header:
  stamp:
    sec: 1791163711
    nanosec: 780079104
  frame_id: base_link
name:
- joint_x
- joint_y
position:
- 0.0
- 0.0
velocity:
- 0.0
- 0.0
effort:
- .nan
- .nan
---
header:
  stamp:
    sec: 1791163711
    nanosec: 800079887
  frame_id: base_link
name:
- joint_x
- joint_y
position:
- 0.0
- 0.0
velocity:
- 0.0
- 0.0
effort:
- .nan
- .nan
---
header:
  stamp:
    sec: 1791163711
    nanosec: 820105355
  frame_id: base_link
name:
- joint_x
- joint_y
position:
- 0.0
- 0.0
velocity:
- 0.0
- 0.0
effort:
- .nan
- .nan
---
header:
  stamp:
    sec: 1791163711
    nanosec: 840102080
  frame_id: base_link
name:
- joint_x
- joint_y
position:
- 0.0
- 0.0
velocity:
- 0.0
- 0.0
effort:
- .nan
- .nan
---
header:
  stamp:
    sec: 1791163711
    nanosec: 860098473
  frame_id: base_link
name:
- joint_x
- joint_y
position:
- 0.0
- 0.0
velocity:
- 0.0
- 0.0
effort:
- .nan
- .nan
---
header:
  stamp:
    sec: 1791163711
    nanosec: 880089948
  frame_id: base_link
name:
- joint_x
- joint_y
position:
- 0.0
- 0.0
velocity:
- 0.0
- 0.0
effort:
- .nan
- .nan
---
header:
  stamp:
    sec: 1791163711
    nanosec: 900103253
  frame_id: base_link
name:
- joint_x
- joint_y
position:
- 0.0
- 0.0
velocity:
- 0.0
- 0.0
effort:
- .nan
- .nan
---
header:
  stamp:
    sec: 1791163711
    nanosec: 920099781
  frame_id: base_link
name:
- joint_x
- joint_y
position:
- 0.0
- 0.0
velocity:
- 0.0
- 0.0
effort:
- .nan
- .nan
---
header:
  stamp:
    sec: 1791163711
    nanosec: 940092862
  frame_id: base_link
name:
- joint_x
- joint_y
position:
- 0.0
- 0.0
velocity:
- 0.0
- 0.0
effort:
- .nan
- .nan
---
header:
  stamp:
    sec: 1791163711
    nanosec: 960108025
  frame_id: base_link
name:
- joint_x
- joint_y
position:
- 0.0
- 0.0
velocity:
- 0.0
- 0.0
effort:
- .nan
- .nan
---
header:
  stamp:
    sec: 1791163711
    nanosec: 980095733
  frame_id: base_link
name:
- joint_x
- joint_y
position:
- 0.0
- 0.0
velocity:
- 0.0
- 0.0
effort:
- .nan
- .nan
---
header:
  stamp:
    sec: 1791163712
    nanosec: 122347
  frame_id: base_link
name:
- joint_x
- joint_y
position:
- 0.0
- 0.0
velocity:
- 0.0
- 0.0
effort:
- .nan
- .nan
---
header:
  stamp:
    sec: 1791163712
    nanosec: 20088883
  frame_id: base_link
name:
- joint_x
- joint_y
position:
- 0.0
- 0.0
velocity:
- 0.0
- 0.0
effort:
- .nan
- .nan
---
header:
  stamp:
    sec: 1791163712
    nanosec: 40091524
  frame_id: base_link
name:
- joint_x
- joint_y
position:
- 0.0
- 0.0
velocity:
- 0.0
- 0.0
effort:
- .nan
- .nan
---
header:
  stamp:
    sec: 1791163712
    nanosec: 60131667
  frame_id: base_link
name:
- joint_x
- joint_y
position:
- 0.0
- 0.0
velocity:
- 0.0
- 0.0
effort:
- .nan
- .nan
---
header:
  stamp:
    sec: 1791163712
    nanosec: 80335519
  frame_id: base_link
name:
- joint_x
- joint_y
position:
- 0.0
- 0.0
velocity:
- 0.0
- 0.0
effort:
- .nan
- .nan
---
header:
  stamp:
    sec: 1791163712
    nanosec: 100067634
  frame_id: base_link
name:
- joint_x
- joint_y
position:
- 0.0
- 0.0
velocity:
- 0.0
- 0.0
effort:
- .nan
- .nan
---
header:
  stamp:
    sec: 1791163712
    nanosec: 120192996
  frame_id: base_link
name:
- joint_x
- joint_y
position:
- 0.0
- 0.0
velocity:
- 0.0
- 0.0
effort:
- .nan
- .nan
---
header:
  stamp:
    sec: 1791163712
    nanosec: 140524494
  frame_id: base_link
name:
- joint_x
- joint_y
position:
- 0.0
- 0.0
velocity:
- 0.0
- 0.0
effort:
- .nan
- .nan
---
header:
  stamp:
    sec: 1791163712
    nanosec: 160089637
  frame_id: base_link
name:
- joint_x
- joint_y
position:
- 0.0
- 0.0
velocity:
- 0.0
- 0.0
effort:
- .nan
- .nan
---
header:
  stamp:
    sec: 1791163712
    nanosec: 180595380
  frame_id: base_link
name:
- joint_x
- joint_y
position:
- 0.0
- 0.0
velocity:
- 0.0
- 0.0
effort:
- .nan
- .nan
---
header:
  stamp:
    sec: 1791163712
    nanosec: 200525764
  frame_id: base_link
name:
- joint_x
- joint_y
position:
- 0.0
- 0.0
velocity:
- 0.0
- 0.0
effort:
- .nan
- .nan
---
header:
  stamp:
    sec: 1791163712
    nanosec: 220073212
  frame_id: base_link
name:
- joint_x
- joint_y
position:
- 0.0
- 0.0
velocity:
- 0.0
- 0.0
effort:
- .nan
- .nan
---
header:
  stamp:
    sec: 1791163712
    nanosec: 241317273
  frame_id: base_link
name:
- joint_x
- joint_y
position:
- 0.0
- 0.0
velocity:
- 0.0
- 0.0
effort:
- .nan
- .nan
---
header:
  stamp:
    sec: 1791163712
    nanosec: 260108736
  frame_id: base_link
name:
- joint_x
- joint_y
position:
- 0.0
- 0.0
velocity:
- 0.0
- 0.0
effort:
- .nan
- .nan
---
header:
  stamp:
    sec: 1791163712
    nanosec: 280088951
  frame_id: base_link
name:
- joint_x
- joint_y
position:
- 0.0
- 0.0
velocity:
- 0.0
- 0.0
effort:
- .nan
- .nan
---
header:
  stamp:
    sec: 1791163712
    nanosec: 300095436
  frame_id: base_link
name:
- joint_x
- joint_y
position:
- 0.0
- 0.0
velocity:
- 0.0
- 0.0
effort:
- .nan
- .nan
---
header:
  stamp:
    sec: 1791163712
    nanosec: 320090781
  frame_id: base_link
name:
- joint_x
- joint_y
position:
- 0.0
- 0.0
velocity:
- 0.0
- 0.0
effort:
- .nan
- .nan
---
header:
  stamp:
    sec: 1791163712
    nanosec: 340096421
  frame_id: base_link
name:
- joint_x
- joint_y
position:
- 0.0
- 0.0
velocity:
- 0.0
- 0.0
effort:
- .nan
- .nan
---
header:
  stamp:
    sec: 1791163712
    nanosec: 360085644
  frame_id: base_link
name:
- joint_x
- joint_y
position:
- 0.0
- 0.0
velocity:
- 0.0
- 0.0
effort:
- .nan
- .nan
---
header:
  stamp:
    sec: 1791163712
    nanosec: 380081996
  frame_id: base_link
name:
- joint_x
- joint_y
position:
- 0.0
- 0.0
velocity:
- 0.0
- 0.0
effort:
- .nan
- .nan
---
header:
  stamp:
    sec: 1791163712
    nanosec: 400078962
  frame_id: base_link
name:
- joint_x
- joint_y
position:
- 0.0
- 0.0
velocity:
- 0.0
- 0.0
effort:
- .nan
- .nan
---
header:
  stamp:
    sec: 1791163712
    nanosec: 420086935
  frame_id: base_link
name:
- joint_x
- joint_y
position:
- 0.0
- 0.0
velocity:
- 0.0
- 0.0
effort:
- .nan
- .nan
---
header:
  stamp:
    sec: 1791163712
    nanosec: 440092875
  frame_id: base_link
name:
- joint_x
- joint_y
position:
- 0.0
- 0.0
velocity:
- 0.0
- 0.0
effort:
- .nan
- .nan
---
header:
  stamp:
    sec: 1791163712
    nanosec: 460083691
  frame_id: base_link
name:
- joint_x
- joint_y
position:
- 0.0
- 0.0
velocity:
- 0.0
- 0.0
effort:
- .nan
- .nan
---
header:
  stamp:
    sec: 1791163712
    nanosec: 480092057
  frame_id: base_link
name:
- joint_x
- joint_y
position:
- 0.0
- 0.0
velocity:
- 0.0
- 0.0
effort:
- .nan
- .nan
---
header:
  stamp:
    sec: 1791163712
    nanosec: 500115288
  frame_id: base_link
name:
- joint_x
- joint_y
position:
- 0.0
- 0.0
velocity:
- 0.0
- 0.0
effort:
- .nan
- .nan
---
header:
  stamp:
    sec: 1791163712
    nanosec: 520088939
  frame_id: base_link
name:
- joint_x
- joint_y
position:
- 0.0
- 0.0
velocity:
- 0.0
- 0.0
effort:
- .nan
- .nan
---
header:
  stamp:
    sec: 1791163712
    nanosec: 540096429
  frame_id: base_link
name:
- joint_x
- joint_y
position:
- 0.0
- 0.0
velocity:
- 0.0
- 0.0
effort:
- .nan
- .nan
---
header:
  stamp:
    sec: 1791163712
    nanosec: 560096796
  frame_id: base_link
name:
- joint_x
- joint_y
position:
- 0.0
- 0.0
velocity:
- 0.0
- 0.0
effort:
- .nan
- .nan
---
header:
  stamp:
    sec: 1791163712
    nanosec: 580102994
  frame_id: base_link
name:
- joint_x
- joint_y
position:
- 0.0
- 0.0
velocity:
- 0.0
- 0.0
effort:
- .nan
- .nan
---
header:
  stamp:
    sec: 1791163712
    nanosec: 600096894
  frame_id: base_link
name:
- joint_x
- joint_y
position:
- 0.0
- 0.0
velocity:
- 0.0
- 0.0
effort:
- .nan
- .nan
---
header:
  stamp:
    sec: 1791163712
    nanosec: 620083913
  frame_id: base_link
name:
- joint_x
- joint_y
position:
- 0.0
- 0.0
velocity:
- 0.0
- 0.0
effort:
- .nan
- .nan
---
header:
  stamp:
    sec: 1791163712
    nanosec: 640106170
  frame_id: base_link
name:
- joint_x
- joint_y
position:
- 0.0
- 0.0
velocity:
- 0.0
- 0.0
effort:
- .nan
- .nan
---
header:
  stamp:
    sec: 1791163712
    nanosec: 660095286
  frame_id: base_link
name:
- joint_x
- joint_y
position:
- 0.0
- 0.0
velocity:
- 0.0
- 0.0
effort:
- .nan
- .nan
---
header:
  stamp:
    sec: 1791163712
    nanosec: 680102862
  frame_id: base_link
name:
- joint_x
- joint_y
position:
- 0.0
- 0.0
velocity:
- 0.0
- 0.0
effort:
- .nan
- .nan
---
header:
  stamp:
    sec: 1791163712
    nanosec: 700071039
  frame_id: base_link
name:
- joint_x
- joint_y
position:
- 0.0
- 0.0
velocity:
- 0.0
- 0.0
effort:
- .nan
- .nan
---
header:
  stamp:
    sec: 1791163712
    nanosec: 720146711
  frame_id: base_link
name:
- joint_x
- joint_y
position:
- 0.0
- 0.0
velocity:
- 0.0
- 0.0
effort:
- .nan
- .nan
---
header:
  stamp:
    sec: 1791163712
    nanosec: 740098595
  frame_id: base_link
name:
- joint_x
- joint_y
position:
- 0.0
- 0.0
velocity:
- 0.0
- 0.0
effort:
- .nan
- .nan
---
header:
  stamp:
    sec: 1791163712
    nanosec: 760103605
  frame_id: base_link
name:
- joint_x
- joint_y
position:
- 0.0
- 0.0
velocity:
- 0.0
- 0.0
effort:
- .nan
- .nan
---
header:
  stamp:
    sec: 1791163712
    nanosec: 780085924
  frame_id: base_link
name:
- joint_x
- joint_y
position:
- 0.0
- 0.0
velocity:
- 0.0
- 0.0
effort:
- .nan
- .nan
---
header:
  stamp:
    sec: 1791163712
    nanosec: 800044529
  frame_id: base_link
name:
- joint_x
- joint_y
position:
- 0.0
- 0.0
velocity:
- 0.0
- 0.0
effort:
- .nan
- .nan
---
header:
  stamp:
    sec: 1791163712
    nanosec: 820084051
  frame_id: base_link
name:
- joint_x
- joint_y
position:
- 0.0
- 0.0
velocity:
- 0.0
- 0.0
effort:
- .nan
- .nan
---
header:
  stamp:
    sec: 1791163712
    nanosec: 840088280
  frame_id: base_link
name:
- joint_x
- joint_y
position:
- 0.0
- 0.0
velocity:
- 0.0
- 0.0
effort:
- .nan
- .nan
---
header:
  stamp:
    sec: 1791163712
    nanosec: 860091244
  frame_id: base_link
name:
- joint_x
- joint_y
position:
- 0.0
- 0.0
velocity:
- 0.0
- 0.0
effort:
- .nan
- .nan
---
header:
  stamp:
    sec: 1791163712
    nanosec: 880091354
  frame_id: base_link
name:
- joint_x
- joint_y
position:
- 0.0
- 0.0
velocity:
- 0.0
- 0.0
effort:
- .nan
- .nan
---
header:
  stamp:
    sec: 1791163712
    nanosec: 900094561
  frame_id: base_link
name:
- joint_x
- joint_y
position:
- 0.0
- 0.0
velocity:
- 0.0
- 0.0
effort:
- .nan
- .nan
---
header:
  stamp:
    sec: 1791163712
    nanosec: 920145081
  frame_id: base_link
name:
- joint_x
- joint_y
position:
- 0.0
- 0.0
velocity:
- 0.0
- 0.0
effort:
- .nan
- .nan
---
header:
  stamp:
    sec: 1791163712
    nanosec: 940085259
  frame_id: base_link
name:
- joint_x
- joint_y
position:
- 0.0
- 0.0
velocity:
- 0.0
- 0.0
effort:
- .nan
- .nan
---
header:
  stamp:
    sec: 1791163712
    nanosec: 960084823
  frame_id: base_link
name:
- joint_x
- joint_y
position:
- 0.0
- 0.0
velocity:
- 0.0
- 0.0
effort:
- .nan
- .nan
---
header:
  stamp:
    sec: 1791163712
    nanosec: 980095268
  frame_id: base_link
name:
- joint_x
- joint_y
position:
- 0.0
- 0.0
velocity:
- 0.0
- 0.0
effort:
- .nan
- .nan
---
header:
  stamp:
    sec: 1791163713
    nanosec: 84005
  frame_id: base_link
name:
- joint_x
- joint_y
position:
- 0.0
- 0.0
velocity:
- 0.0
- 0.0
effort:
- .nan
- .nan
---
header:
  stamp:
    sec: 1791163713
    nanosec: 20146059
  frame_id: base_link
name:
- joint_x
- joint_y
position:
- 0.0
- 0.0
velocity:
- 0.0
- 0.0
effort:
- .nan
- .nan
---
header:
  stamp:
    sec: 1791163713
    nanosec: 40079035
  frame_id: base_link
name:
- joint_x
- joint_y
position:
- 0.0
- 0.0
velocity:
- 0.0
- 0.0
effort:
- .nan
- .nan
---
header:
  stamp:
    sec: 1791163713
    nanosec: 60084276
  frame_id: base_link
name:
- joint_x
- joint_y
position:
- 0.0
- 0.0
velocity:
- 0.0
- 0.0
effort:
- .nan
- .nan
---
header:
  stamp:
    sec: 1791163713
    nanosec: 80086237
  frame_id: base_link
name:
- joint_x
- joint_y
position:
- 0.0
- 0.0
velocity:
- 0.0
- 0.0
effort:
- .nan
- .nan
---
header:
  stamp:
    sec: 1791163713
    nanosec: 100080809
  frame_id: base_link
name:
- joint_x
- joint_y
position:
- 0.0
- 0.0
velocity:
- 0.0
- 0.0
effort:
- .nan
- .nan
---
header:
  stamp:
    sec: 1791163713
    nanosec: 120103223
  frame_id: base_link
name:
- joint_x
- joint_y
position:
- 0.0
- 0.0
velocity:
- 0.0
- 0.0
effort:
- .nan
- .nan
---
header:
  stamp:
    sec: 1791163713
    nanosec: 140078142
  frame_id: base_link
name:
- joint_x
- joint_y
position:
- 0.0
- 0.0
velocity:
- 0.0
- 0.0
effort:
- .nan
- .nan
---
header:
  stamp:
    sec: 1791163713
    nanosec: 160077049
  frame_id: base_link
name:
- joint_x
- joint_y
position:
- 0.0
- 0.0
velocity:
- 0.0
- 0.0
effort:
- .nan
- .nan
---
header:
  stamp:
    sec: 1791163713
    nanosec: 180098889
  frame_id: base_link
name:
- joint_x
- joint_y
position:
- 0.0
- 0.0
velocity:
- 0.0
- 0.0
effort:
- .nan
- .nan
---
header:
  stamp:
    sec: 1791163713
    nanosec: 200080220
  frame_id: base_link
name:
- joint_x
- joint_y
position:
- 0.0
- 0.0
velocity:
- 0.0
- 0.0
effort:
- .nan
- .nan
---
header:
  stamp:
    sec: 1791163713
    nanosec: 220087293
  frame_id: base_link
name:
- joint_x
- joint_y
position:
- 0.0
- 0.0
velocity:
- 0.0
- 0.0
effort:
- .nan
- .nan
---
header:
  stamp:
    sec: 1791163713
    nanosec: 240055107
  frame_id: base_link
name:
- joint_x
- joint_y
position:
- 0.0
- 0.0
velocity:
- 0.0
- 0.0
effort:
- .nan
- .nan
---
header:
  stamp:
    sec: 1791163713
    nanosec: 260085105
  frame_id: base_link
name:
- joint_x
- joint_y
position:
- 0.0
- 0.0
velocity:
- 0.0
- 0.0
effort:
- .nan
- .nan
---
header:
  stamp:
    sec: 1791163713
    nanosec: 280091323
  frame_id: base_link
name:
- joint_x
- joint_y
position:
- 0.0
- 0.0
velocity:
- 0.0
- 0.0
effort:
- .nan
- .nan
---
header:
  stamp:
    sec: 1791163713
    nanosec: 300078501
  frame_id: base_link
name:
- joint_x
- joint_y
position:
- 0.0
- 0.0
velocity:
- 0.0
- 0.0
effort:
- .nan
- .nan
---
header:
  stamp:
    sec: 1791163713
    nanosec: 320076355
  frame_id: base_link
name:
- joint_x
- joint_y
position:
- 0.0
- 0.0
velocity:
- 0.0
- 0.0
effort:
- .nan
- .nan
---
header:
  stamp:
    sec: 1791163713
    nanosec: 340095637
  frame_id: base_link
name:
- joint_x
- joint_y
position:
- 0.0
- 0.0
velocity:
- 0.0
- 0.0
effort:
- .nan
- .nan
---
header:
  stamp:
    sec: 1791163713
    nanosec: 360087950
  frame_id: base_link
name:
- joint_x
- joint_y
position:
- 0.0
- 0.0
velocity:
- 0.0
- 0.0
effort:
- .nan
- .nan
---
header:
  stamp:
    sec: 1791163713
    nanosec: 380102980
  frame_id: base_link
name:
- joint_x
- joint_y
position:
- 0.0
- 0.0
velocity:
- 0.0
- 0.0
effort:
- .nan
- .nan
---
header:
  stamp:
    sec: 1791163713
    nanosec: 400079228
  frame_id: base_link
name:
- joint_x
- joint_y
position:
- 0.0
- 0.0
velocity:
- 0.0
- 0.0
effort:
- .nan
- .nan
---
header:
  stamp:
    sec: 1791163713
    nanosec: 420092302
  frame_id: base_link
name:
- joint_x
- joint_y
position:
- 0.0
- 0.0
velocity:
- 0.0
- 0.0
effort:
- .nan
- .nan
---
header:
  stamp:
    sec: 1791163713
    nanosec: 440117887
  frame_id: base_link
name:
- joint_x
- joint_y
position:
- 0.0
- 0.0
velocity:
- 0.0
- 0.0
effort:
- .nan
- .nan
---
header:
  stamp:
    sec: 1791163713
    nanosec: 460081981
  frame_id: base_link
name:
- joint_x
- joint_y
position:
- 0.0
- 0.0
velocity:
- 0.0
- 0.0
effort:
- .nan
- .nan
---
header:
  stamp:
    sec: 1791163713
    nanosec: 480089026
  frame_id: base_link
name:
- joint_x
- joint_y
position:
- 0.0
- 0.0
velocity:
- 0.0
- 0.0
effort:
- .nan
- .nan
---
header:
  stamp:
    sec: 1791163713
    nanosec: 500084721
  frame_id: base_link
name:
- joint_x
- joint_y
position:
- 0.0
- 0.0
velocity:
- 0.0
- 0.0
effort:
- .nan
- .nan
---
header:
  stamp:
    sec: 1791163713
    nanosec: 520084951
  frame_id: base_link
name:
- joint_x
- joint_y
position:
- 0.0
- 0.0
velocity:
- 0.0
- 0.0
effort:
- .nan
- .nan
---
header:
  stamp:
    sec: 1791163713
    nanosec: 540092122
  frame_id: base_link
name:
- joint_x
- joint_y
position:
- 0.0
- 0.0
velocity:
- 0.0
- 0.0
effort:
- .nan
- .nan
---
header:
  stamp:
    sec: 1791163713
    nanosec: 560080262
  frame_id: base_link
name:
- joint_x
- joint_y
position:
- 0.0
- 0.0
velocity:
- 0.0
- 0.0
effort:
- .nan
- .nan
---
header:
  stamp:
    sec: 1791163713
    nanosec: 580080787
  frame_id: base_link
name:
- joint_x
- joint_y
position:
- 0.0
- 0.0
velocity:
- 0.0
- 0.0
effort:
- .nan
- .nan
---
header:
  stamp:
    sec: 1791163713
    nanosec: 600096662
  frame_id: base_link
name:
- joint_x
- joint_y
position:
- 0.0
- 0.0
velocity:
- 0.0
- 0.0
effort:
- .nan
- .nan
---
header:
  stamp:
    sec: 1791163713
    nanosec: 620081711
  frame_id: base_link
name:
- joint_x
- joint_y
position:
- 0.0
- 0.0
velocity:
- 0.0
- 0.0
effort:
- .nan
- .nan
---
header:
  stamp:
    sec: 1791163713
    nanosec: 640097833
  frame_id: base_link
name:
- joint_x
- joint_y
position:
- 0.0
- 0.0
velocity:
- 0.0
- 0.0
effort:
- .nan
- .nan
---
header:
  stamp:
    sec: 1791163713
    nanosec: 660101582
  frame_id: base_link
name:
- joint_x
- joint_y
position:
- 0.0
- 0.0
velocity:
- 0.0
- 0.0
effort:
- .nan
- .nan
---
header:
  stamp:
    sec: 1791163713
    nanosec: 680082868
  frame_id: base_link
name:
- joint_x
- joint_y
position:
- 0.0
- 0.0
velocity:
- 0.0
- 0.0
effort:
- .nan
- .nan
---
header:
  stamp:
    sec: 1791163713
    nanosec: 700072146
  frame_id: base_link
name:
- joint_x
- joint_y
position:
- 0.0
- 0.0
velocity:
- 0.0
- 0.0
effort:
- .nan
- .nan
---
header:
  stamp:
    sec: 1791163713
    nanosec: 720097913
  frame_id: base_link
name:
- joint_x
- joint_y
position:
- 0.0
- 0.0
velocity:
- 0.0
- 0.0
effort:
- .nan
- .nan
---
header:
  stamp:
    sec: 1791163713
    nanosec: 740100936
  frame_id: base_link
name:
- joint_x
- joint_y
position:
- 0.0
- 0.0
velocity:
- 0.0
- 0.0
effort:
- .nan
- .nan
---
header:
  stamp:
    sec: 1791163713
    nanosec: 760094365
  frame_id: base_link
name:
- joint_x
- joint_y
position:
- 6.24999984211172e-06
- 6.24999984211172e-06
velocity:
- 0.00029761905898340046
- 0.00029761905898340046
effort:
- .nan
- .nan
---
header:
  stamp:
    sec: 1791163713
    nanosec: 780099142
  frame_id: base_link
name:
- joint_x
- joint_y
position:
- 2.499999936844688e-05
- 2.499999936844688e-05
velocity:
- 0.0009374999790452421
- 0.0009374999790452421
effort:
- .nan
- .nan
---
header:
  stamp:
    sec: 1791163713
    nanosec: 800097399
  frame_id: base_link
name:
- joint_x
- joint_y
position:
- 6.874999962747097e-05
- 6.874999962747097e-05
velocity:
- 0.0021875000093132257
- 0.0021875000093132257
effort:
- .nan
- .nan
---
header:
  stamp:
    sec: 1791163713
    nanosec: 820093295
  frame_id: base_link
name:
- joint_x
- joint_y
position:
- 0.00011875000200234354
- 0.00011875000200234354
velocity:
- 0.0024999999441206455
- 0.0024999999441206455
effort:
- .nan
- .nan
---
header:
  stamp:
    sec: 1791163713
    nanosec: 840116570
  frame_id: base_link
name:
- joint_x
- joint_y
position:
- 0.00019375000556465238
- 0.00019375000556465238
velocity:
- 0.0037499999161809683
- 0.0037499999161809683
effort:
- .nan
- .nan
---
header:
  stamp:
    sec: 1791163713
    nanosec: 860116779
  frame_id: base_link
name:
- joint_x
- joint_y
position:
- 0.00028124998789280653
- 0.00028124998789280653
velocity:
- 0.0043750000186264515
- 0.0043750000186264515
effort:
- .nan
- .nan
---
header:
  stamp:
    sec: 1791163713
    nanosec: 880084638
  frame_id: base_link
name:
- joint_x
- joint_y
position:
- 0.00038750001112930477
- 0.00038750001112930477
velocity:
- 0.0053125000558793545
- 0.0053125000558793545
effort:
- .nan
- .nan
---
header:
  stamp:
    sec: 1791163713
    nanosec: 900134355
  frame_id: base_link
name:
- joint_x
- joint_y
position:
- 0.000631249975413084
- 0.000631249975413084
velocity:
- 0.006562499795109034
- 0.006562499795109034
effort:
- .nan
- .nan
---
header:
  stamp:
    sec: 1791163713
    nanosec: 920098504
  frame_id: base_link
name:
- joint_x
- joint_y
position:
- 0.0007750000222586095
- 0.0007750000222586095
velocity:
- 0.0071875001303851604
- 0.0071875001303851604
effort:
- .nan
- .nan
---
header:
  stamp:
    sec: 1791163713
    nanosec: 940093099
  frame_id: base_link
name:
- joint_x
- joint_y
position:
- 0.0009374999790452421
- 0.0009437500266358256
velocity:
- 0.008124999701976776
- 0.008437500335276127
effort:
- .nan
- .nan
---
header:
  stamp:
    sec: 1791163713
    nanosec: 960102165
  frame_id: base_link
name:
- joint_x
- joint_y
position:
- 0.0011124999728053808
- 0.0011062499834224582
velocity:
- 0.008750000037252903
- 0.008124999701976776
effort:
- .nan
- .nan
---
header:
  stamp:
    sec: 1791163713
    nanosec: 980094892
  frame_id: base_link
name:
- joint_x
- joint_y
position:
- 0.0012875000247731805
- 0.0012875000247731805
velocity:
- 0.008750000037252903
- 0.009062499739229679
effort:
- .nan
- .nan
---
header:
  stamp:
    sec: 1791163714
    nanosec: 98369
  frame_id: base_link
name:
- joint_x
- joint_y
position:
- 0.001481250044889748
- 0.001481250044889748
velocity:
- 0.009687500074505806
- 0.009687500074505806
effort:
- .nan
- .nan
---
header:
  stamp:
    sec: 1791163714
    nanosec: 20097634
  frame_id: base_link
name:
- joint_x
- joint_y
position:
- 0.0016812500543892384
- 0.0016812500543892384
velocity:
- 0.009999999776482582
- 0.009999999776482582
effort:
- .nan
- .nan
---
header:
  stamp:
    sec: 1791163714
    nanosec: 40097958
  frame_id: base_link
name:
- joint_x
- joint_y
position:
- 0.0019062500214204192
- 0.0019062500214204192
velocity:
- 0.010714286006987095
- 0.010714286006987095
effort:
- .nan
- .nan
---
header:
  stamp:
    sec: 1791163714
    nanosec: 60098625
  frame_id: base_link
name:
- joint_x
- joint_y
position:
- 0.00215000007301569
- 0.0021437499672174454
velocity:
- 0.011874999850988388
- 0.011874999850988388
effort:
- .nan
- .nan
---
header:
  stamp:
    sec: 1791163714
    nanosec: 80086104
  frame_id: base_link
name:
- joint_x
- joint_y
position:
- 0.0023812500294297934
- 0.0023812500294297934
velocity:
- 0.011874999850988388
- 0.011874999850988388
effort:
- .nan
- .nan
---
header:
  stamp:
    sec: 1791163714
    nanosec: 100113111
  frame_id: base_link
name:
- joint_x
- joint_y
position:
- 0.0026312500704079866
- 0.002624999964609742
velocity:
- 0.012187499552965164
- 0.012187499552965164
effort:
- .nan
- .nan
---
header:
  stamp:
    sec: 1791163714
    nanosec: 120107297
  frame_id: base_link
name:
- joint_x
- joint_y
position:
- 0.0028874999843537807
- 0.00288125011138618
velocity:
- 0.012812499888241291
- 0.012812499888241291
effort:
- .nan
- .nan
---
header:
  stamp:
    sec: 1791163714
    nanosec: 140114545
  frame_id: base_link
name:
- joint_x
- joint_y
position:
- 0.0031624999828636646
- 0.0031624999828636646
velocity:
- 0.013095238246023655
- 0.013095238246023655
effort:
- .nan
- .nan
---
header:
  stamp:
    sec: 1791163714
    nanosec: 160118090
  frame_id: base_link
name:
- joint_x
- joint_y
position:
- 0.0037249999586492777
- 0.0037249999586492777
velocity:
- 0.01406249962747097
- 0.01406249962747097
effort:
- .nan
- .nan
---
header:
  stamp:
    sec: 1791163714
    nanosec: 180096951
  frame_id: base_link
name:
- joint_x
- joint_y
position:
- 0.004018750041723251
- 0.004018750041723251
velocity:
- 0.014687499962747097
- 0.014687499962747097
effort:
- .nan
- .nan
---
header:
  stamp:
    sec: 1791163714
    nanosec: 200109635
  frame_id: base_link
name:
- joint_x
- joint_y
position:
- 0.004318749997764826
- 0.004318749997764826
velocity:
- 0.014999999664723873
- 0.014999999664723873
effort:
- .nan
- .nan
---
header:
  stamp:
    sec: 1791163714
    nanosec: 220045736
  frame_id: base_link
name:
- joint_x
- joint_y
position:
- 0.004625000059604645
- 0.004625000059604645
velocity:
- 0.015312500298023224
- 0.015312500298023224
effort:
- .nan
- .nan
---
header:
  stamp:
    sec: 1791163714
    nanosec: 240093362
  frame_id: base_link
name:
- joint_x
- joint_y
position:
- 0.004956250078976154
- 0.004956250078976154
velocity:
- 0.01656249910593033
- 0.01656249910593033
effort:
- .nan
- .nan
---
header:
  stamp:
    sec: 1791163714
    nanosec: 260103761
  frame_id: base_link
name:
- joint_x
- joint_y
position:
- 0.005281249992549419
- 0.005274999886751175
velocity:
- 0.015937499701976776
- 0.015937499701976776
effort:
- .nan
- .nan
---
header:
  stamp:
    sec: 1791163714
    nanosec: 280113574
  frame_id: base_link
name:
- joint_x
- joint_y
position:
- 0.0056062499061226845
- 0.0056062499061226845
velocity:
- 0.016249999403953552
- 0.01656249910593033
effort:
- .nan
- .nan
---
header:
  stamp:
    sec: 1791163714
    nanosec: 300098142
  frame_id: base_link
name:
- joint_x
- joint_y
position:
- 0.005937499925494194
- 0.005937499925494194
velocity:
- 0.016875000670552254
- 0.01656249910593033
effort:
- .nan
- .nan
---
header:
  stamp:
    sec: 1791163714
    nanosec: 320101548
  frame_id: base_link
name:
- joint_x
- joint_y
position:
- 0.0062812501564621925
- 0.006275000050663948
velocity:
- 0.016875000670552254
- 0.016875000670552254
effort:
- .nan
- .nan
---
header:
  stamp:
    sec: 1791163714
    nanosec: 340102663
  frame_id: base_link
name:
- joint_x
- joint_y
position:
- 0.00664374977350235
- 0.00664374977350235
velocity:
- 0.01755952462553978
- 0.01755952462553978
effort:
- .nan
- .nan
---
header:
  stamp:
    sec: 1791163714
    nanosec: 360096873
  frame_id: base_link
name:
- joint_x
- joint_y
position:
- 0.007012499962002039
- 0.007012499962002039
velocity:
- 0.018437499180436134
- 0.018437499180436134
effort:
- .nan
- .nan
---
header:
  stamp:
    sec: 1791163714
    nanosec: 380110922
  frame_id: base_link
name:
- joint_x
- joint_y
position:
- 0.007731250021606684
- 0.007731250021606684
velocity:
- 0.017812499776482582
- 0.018124999478459358
effort:
- .nan
- .nan
---
header:
  stamp:
    sec: 1791163714
    nanosec: 400097290
  frame_id: base_link
name:
- joint_x
- joint_y
position:
- 0.008100000210106373
- 0.008100000210106373
velocity:
- 0.018437499180436134
- 0.018437499180436134
effort:
- .nan
- .nan
---
header:
  stamp:
    sec: 1791163714
    nanosec: 420067522
  frame_id: base_link
name:
- joint_x
- joint_y
position:
- 0.008500000461935997
- 0.008493750356137753
velocity:
- 0.019687499850988388
- 0.019687499850988388
effort:
- .nan
- .nan
---
header:
  stamp:
    sec: 1791163714
    nanosec: 440090418
  frame_id: base_link
name:
- joint_x
- joint_y
position:
- 0.008875000290572643
- 0.008875000290572643
velocity:
- 0.01875000074505806
- 0.01875000074505806
effort:
- .nan
- .nan
---
header:
  stamp:
    sec: 1791163714
    nanosec: 460099653
  frame_id: base_link
name:
- joint_x
- joint_y
position:
- 0.009256250225007534
- 0.009256250225007534
velocity:
- 0.019062500447034836
- 0.019375000149011612
effort:
- .nan
- .nan
---
header:
  stamp:
    sec: 1791163714
    nanosec: 480095912
  frame_id: base_link
name:
- joint_x
- joint_y
position:
- 0.00964375026524067
- 0.009637500159442425
velocity:
- 0.019375000149011612
- 0.019062500447034836
effort:
- .nan
- .nan
---
header:
  stamp:
    sec: 1791163714
    nanosec: 500102618
  frame_id: base_link
name:
- joint_x
- joint_y
position:
- 0.010031250305473804
- 0.010031250305473804
velocity:
- 0.019687499850988388
- 0.019375000149011612
effort:
- .nan
- .nan
---
header:
  stamp:
    sec: 1791163714
    nanosec: 520093479
  frame_id: base_link
name:
- joint_x
- joint_y
position:
- 0.010449999943375587
- 0.010443749837577343
velocity:
- 0.01994047686457634
- 0.01994047686457634
effort:
- .nan
- .nan
---
header:
  stamp:
    sec: 1791163714
    nanosec: 540105116
  frame_id: base_link
name:
- joint_x
- joint_y
position:
- 0.0108625004068017
- 0.01086874958127737
velocity:
- 0.020625000819563866
- 0.020937500521540642
effort:
- .nan
- .nan
---
header:
  stamp:
    sec: 1791163714
    nanosec: 560098590
  frame_id: base_link
name:
- joint_x
- joint_y
position:
- 0.01126249972730875
- 0.011268749833106995
velocity:
- 0.019999999552965164
- 0.019999999552965164
effort:
- .nan
- .nan
---
header:
  stamp:
    sec: 1791163714
    nanosec: 580097143
  frame_id: base_link
name:
- joint_x
- joint_y
position:
- 0.011668750084936619
- 0.011668750084936619
velocity:
- 0.019999999552965164
- 0.019999999552965164
effort:
- .nan
- .nan
---
header:
  stamp:
    sec: 1791163714
    nanosec: 600094459
  frame_id: base_link
name:
- joint_x
- joint_y
position:
- 0.012068750336766243
- 0.012062500230967999
velocity:
- 0.02031249925494194
- 0.019999999552965164
effort:
- .nan
- .nan
---
header:
  stamp:
    sec: 1791163714
    nanosec: 620094186
  frame_id: base_link
name:
- joint_x
- joint_y
position:
- 0.012893750332295895
- 0.012893750332295895
velocity:
- 0.02031249925494194
- 0.019999999552965164
effort:
- .nan
- .nan
---
header:
  stamp:
    sec: 1791163714
    nanosec: 640101596
  frame_id: base_link
name:
- joint_x
- joint_y
position:
- 0.013306249864399433
- 0.013306249864399433
velocity:
- 0.02031249925494194
- 0.020937500521540642
effort:
- .nan
- .nan
---
header:
  stamp:
    sec: 1791163714
    nanosec: 660078905
  frame_id: base_link
name:
- joint_x
- joint_y
position:
- 0.013718750327825546
- 0.013712500222027302
velocity:
- 0.020625000819563866
- 0.02031249925494194
effort:
- .nan
- .nan
---
header:
  stamp:
    sec: 1791163714
    nanosec: 680045308
  frame_id: base_link
name:
- joint_x
- joint_y
position:
- 0.01412499975413084
- 0.01412499975413084
velocity:
- 0.020625000819563866
- 0.02031249925494194
effort:
- .nan
- .nan
---
header:
  stamp:
    sec: 1791163714
    nanosec: 700109372
  frame_id: base_link
name:
- joint_x
- joint_y
position:
- 0.014556249603629112
- 0.014556249603629112
velocity:
- 0.02053571492433548
- 0.02083333395421505
effort:
- .nan
- .nan
---
header:
  stamp:
    sec: 1791163714
    nanosec: 720097230
  frame_id: base_link
name:
- joint_x
- joint_y
position:
- 0.014987500384449959
- 0.014993749558925629
velocity:
- 0.021562499925494194
- 0.021562499925494194
effort:
- .nan
- .nan
---
header:
  stamp:
    sec: 1791163714
    nanosec: 740103092
  frame_id: base_link
name:
- joint_x
- joint_y
position:
- 0.015399999916553497
- 0.015399999916553497
velocity:
- 0.020625000819563866
- 0.020625000819563866
effort:
- .nan
- .nan
---
header:
  stamp:
    sec: 1791163714
    nanosec: 760101315
  frame_id: base_link
name:
- joint_x
- joint_y
position:
- 0.015812499448657036
- 0.015806250274181366
velocity:
- 0.020625000819563866
- 0.02031249925494194
effort:
- .nan
- .nan
---
header:
  stamp:
    sec: 1791163714
    nanosec: 780103417
  frame_id: base_link
name:
- joint_x
- joint_y
position:
- 0.016218749806284904
- 0.016218749806284904
velocity:
- 0.02031249925494194
- 0.020625000819563866
effort:
- .nan
- .nan
---
header:
  stamp:
    sec: 1791163714
    nanosec: 800100886
  frame_id: base_link
name:
- joint_x
- joint_y
position:
- 0.016631249338388443
- 0.016637500375509262
velocity:
- 0.020625000819563866
- 0.020625000819563866
effort:
- .nan
- .nan
---
header:
  stamp:
    sec: 1791163714
    nanosec: 820101906
  frame_id: base_link
name:
- joint_x
- joint_y
position:
- 0.01706874929368496
- 0.01706874929368496
velocity:
- 0.02187499962747097
- 0.02187499962747097
effort:
- .nan
- .nan
---
header:
  stamp:
    sec: 1791163714
    nanosec: 840106909
  frame_id: base_link
name:
- joint_x
- joint_y
position:
- 0.017875000834465027
- 0.017875000834465027
velocity:
- 0.019999999552965164
- 0.019999999552965164
effort:
- .nan
- .nan
---
header:
  stamp:
    sec: 1791163714
    nanosec: 860090806
  frame_id: base_link
name:
- joint_x
- joint_y
position:
- 0.018275000154972076
- 0.018275000154972076
velocity:
- 0.02031249925494194
- 0.02031249925494194
effort:
- .nan
- .nan
---
header:
  stamp:
    sec: 1791163714
    nanosec: 880093330
  frame_id: base_link
name:
- joint_x
- joint_y
position:
- 0.018699999898672104
- 0.018699999898672104
velocity:
- 0.02023809589445591
- 0.02023809589445591
effort:
- .nan
- .nan
---
header:
  stamp:
    sec: 1791163714
    nanosec: 900102887
  frame_id: base_link
name:
- joint_x
- joint_y
position:
- 0.01911875046789646
- 0.01911875046789646
velocity:
- 0.020937500521540642
- 0.020937500521540642
effort:
- .nan
- .nan
---
header:
  stamp:
    sec: 1791163714
    nanosec: 920089780
  frame_id: base_link
name:
- joint_x
- joint_y
position:
- 0.01951874978840351
- 0.01951874978840351
velocity:
- 0.019999999552965164
- 0.019687499850988388
effort:
- .nan
- .nan
---
header:
  stamp:
    sec: 1791163714
    nanosec: 940089400
  frame_id: base_link
name:
- joint_x
- joint_y
position:
- 0.01991249993443489
- 0.01991249993443489
velocity:
- 0.019687499850988388
- 0.019999999552965164
effort:
- .nan
- .nan
---
header:
  stamp:
    sec: 1791163714
    nanosec: 960112273
  frame_id: base_link
name:
- joint_x
- joint_y
position:
- 0.0203000009059906
- 0.0203000009059906
velocity:
- 0.019375000149011612
- 0.019375000149011612
effort:
- .nan
- .nan
---
header:
  stamp:
    sec: 1791163714
    nanosec: 980095280
  frame_id: base_link
name:
- joint_x
- joint_y
position:
- 0.02068750001490116
- 0.02068750001490116
velocity:
- 0.019375000149011612
- 0.019375000149011612
effort:
- .nan
- .nan
---
header:
  stamp:
    sec: 1791163715
    nanosec: 96602
  frame_id: base_link
name:
- joint_x
- joint_y
position:
- 0.02108749933540821
- 0.02108749933540821
velocity:
- 0.01904761977493763
- 0.01904761977493763
effort:
- .nan
- .nan
---
header:
  stamp:
    sec: 1791163715
    nanosec: 20115474
  frame_id: base_link
name:
- joint_x
- joint_y
position:
- 0.02148750051856041
- 0.02148750051856041
velocity:
- 0.019999999552965164
- 0.019687499850988388
effort:
- .nan
- .nan
---
header:
  stamp:
    sec: 1791163715
    nanosec: 40098534
  frame_id: base_link
name:
- joint_x
- joint_y
position:
- 0.02186249941587448
- 0.02186249941587448
velocity:
- 0.018437499180436134
- 0.01875000074505806
effort:
- .nan
- .nan
---
header:
  stamp:
    sec: 1791163715
    nanosec: 60146054
  frame_id: base_link
name:
- joint_x
- joint_y
position:
- 0.022231249138712883
- 0.022231249138712883
velocity:
- 0.018437499180436134
- 0.01875000074505806
effort:
- .nan
- .nan
---
header:
  stamp:
    sec: 1791163715
    nanosec: 80109557
  frame_id: base_link
name:
- joint_x
- joint_y
position:
- 0.022968750447034836
- 0.022968750447034836
velocity:
- 0.01875000074505806
- 0.01875000074505806
effort:
- .nan
- .nan
---
header:
  stamp:
    sec: 1791163715
    nanosec: 100111686
  frame_id: base_link
name:
- joint_x
- joint_y
position:
- 0.02332499995827675
- 0.02331875078380108
velocity:
- 0.017812499776482582
- 0.017500000074505806
effort:
- .nan
- .nan
---
header:
  stamp:
    sec: 1791163715
    nanosec: 120133921
  frame_id: base_link
name:
- joint_x
- joint_y
position:
- 0.023668749257922173
- 0.023668749257922173
velocity:
- 0.01718750037252903
- 0.017500000074505806
effort:
- .nan
- .nan
---
header:
  stamp:
    sec: 1791163715
    nanosec: 140106704
  frame_id: base_link
name:
- joint_x
- joint_y
position:
- 0.024012500420212746
- 0.024006249383091927
velocity:
- 0.016875000670552254
- 0.016875000670552254
effort:
- .nan
- .nan
---
header:
  stamp:
    sec: 1791163715
    nanosec: 160109284
  frame_id: base_link
name:
- joint_x
- joint_y
position:
- 0.02434374950826168
- 0.02434374950826168
velocity:
- 0.01656249910593033
- 0.016875000670552254
effort:
- .nan
- .nan
---
header:
  stamp:
    sec: 1791163715
    nanosec: 180106771
  frame_id: base_link
name:
- joint_x
- joint_y
position:
- 0.024687500670552254
- 0.024687500670552254
velocity:
- 0.01666666753590107
- 0.0163690485060215
effort:
- .nan
- .nan
---
header:
  stamp:
    sec: 1791163715
    nanosec: 200104992
  frame_id: base_link
name:
- joint_x
- joint_y
position:
- 0.025025000795722008
- 0.025025000795722008
velocity:
- 0.016875000670552254
- 0.016875000670552254
effort:
- .nan
- .nan
---
header:
  stamp:
    sec: 1791163715
    nanosec: 220120914
  frame_id: base_link
name:
- joint_x
- joint_y
position:
- 0.025343749672174454
- 0.025343749672174454
velocity:
- 0.015625
- 0.015625
effort:
- .nan
- .nan
---
header:
  stamp:
    sec: 1791163715
    nanosec: 240097676
  frame_id: base_link
name:
- joint_x
- joint_y
position:
- 0.02565000019967556
- 0.02565000019967556
velocity:
- 0.015312500298023224
- 0.015312500298023224
effort:
- .nan
- .nan
---
header:
  stamp:
    sec: 1791163715
    nanosec: 260095652
  frame_id: base_link
name:
- joint_x
- joint_y
position:
- 0.025949999690055847
- 0.025943750515580177
velocity:
- 0.014999999664723873
- 0.014999999664723873
effort:
- .nan
- .nan
---
header:
  stamp:
    sec: 1791163715
    nanosec: 280100951
  frame_id: base_link
name:
- joint_x
- joint_y
position:
- 0.026237500831484795
- 0.026237500831484795
velocity:
- 0.014687499962747097
- 0.014687499962747097
effort:
- .nan
- .nan
---
header:
  stamp:
    sec: 1791163715
    nanosec: 300100661
  frame_id: base_link
name:
- joint_x
- joint_y
position:
- 0.026537500321865082
- 0.026531249284744263
velocity:
- 0.014285714365541935
- 0.013988095335662365
effort:
- .nan
- .nan
---
header:
  stamp:
    sec: 1791163715
    nanosec: 320138409
  frame_id: base_link
name:
- joint_x
- joint_y
position:
- 0.02708124928176403
- 0.02708124928176403
velocity:
- 0.013124999590218067
- 0.013124999590218067
effort:
- .nan
- .nan
---
header:
  stamp:
    sec: 1791163715
    nanosec: 340091946
  frame_id: base_link
name:
- joint_x
- joint_y
position:
- 0.02733750082552433
- 0.02733750082552433
velocity:
- 0.012812499888241291
- 0.012812499888241291
effort:
- .nan
- .nan
---
header:
  stamp:
    sec: 1791163715
    nanosec: 360100858
  frame_id: base_link
name:
- joint_x
- joint_y
position:
- 0.02758749946951866
- 0.02758125029504299
velocity:
- 0.012500000186264515
- 0.012187499552965164
effort:
- .nan
- .nan
---
header:
  stamp:
    sec: 1791163715
    nanosec: 380103980
  frame_id: base_link
name:
- joint_x
- joint_y
position:
- 0.027831250801682472
- 0.027837499976158142
velocity:
- 0.012187499552965164
- 0.012500000186264515
effort:
- .nan
- .nan
---
header:
  stamp:
    sec: 1791163715
    nanosec: 400090708
  frame_id: base_link
name:
- joint_x
- joint_y
position:
- 0.028062500059604645
- 0.028062500059604645
velocity:
- 0.011562500149011612
- 0.011250000447034836
effort:
- .nan
- .nan
---
header:
  stamp:
    sec: 1791163715
    nanosec: 420151472
  frame_id: base_link
name:
- joint_x
- joint_y
position:
- 0.02827499993145466
- 0.02827499993145466
velocity:
- 0.010625000111758709
- 0.010937499813735485
effort:
- .nan
- .nan
---
header:
  stamp:
    sec: 1791163715
    nanosec: 440103478
  frame_id: base_link
name:
- joint_x
- joint_y
position:
- 0.028481250628829002
- 0.028481250628829002
velocity:
- 0.010312500409781933
- 0.010312500409781933
effort:
- .nan
- .nan
---
header:
  stamp:
    sec: 1791163715
    nanosec: 460096924
  frame_id: base_link
name:
- joint_x
- joint_y
position:
- 0.028681250289082527
- 0.028674999251961708
velocity:
- 0.009687500074505806
- 0.009687500074505806
effort:
- .nan
- .nan
---
header:
  stamp:
    sec: 1791163715
    nanosec: 480077924
  frame_id: base_link
name:
- joint_x
- joint_y
position:
- 0.028868749737739563
- 0.028868749737739563
velocity:
- 0.009226190857589245
- 0.009226190857589245
effort:
- .nan
- .nan
---
header:
  stamp:
    sec: 1791163715
    nanosec: 500104318
  frame_id: base_link
name:
- joint_x
- joint_y
position:
- 0.02905000001192093
- 0.02905000001192093
velocity:
- 0.009062499739229679
- 0.009062499739229679
effort:
- .nan
- .nan
---
header:
  stamp:
    sec: 1791163715
    nanosec: 520102835
  frame_id: base_link
name:
- joint_x
- joint_y
position:
- 0.029212500900030136
- 0.029212500900030136
velocity:
- 0.008124999701976776
- 0.008124999701976776
effort:
- .nan
- .nan
---
header:
  stamp:
    sec: 1791163715
    nanosec: 540109447
  frame_id: base_link
name:
- joint_x
- joint_y
position:
- 0.029362499713897705
- 0.029362499713897705
velocity:
- 0.007499999832361937
- 0.007499999832361937
effort:
- .nan
- .nan
---
header:
  stamp:
    sec: 1791163715
    nanosec: 560105474
  frame_id: base_link
name:
- joint_x
- joint_y
position:
- 0.029631249606609344
- 0.029631249606609344
velocity:
- 0.006562499795109034
- 0.006562499795109034
effort:
- .nan
- .nan
---
header:
  stamp:
    sec: 1791163715
    nanosec: 580095665
  frame_id: base_link
name:
- joint_x
- joint_y
position:
- 0.029737500473856926
- 0.029737500473856926
velocity:
- 0.0053125000558793545
- 0.0053125000558793545
effort:
- .nan
- .nan
---
header:
  stamp:
    sec: 1791163715
    nanosec: 600092957
  frame_id: base_link
name:
- joint_x
- joint_y
position:
- 0.02983750030398369
- 0.02983750030398369
velocity:
- 0.004999999888241291
- 0.004999999888241291
effort:
- .nan
- .nan
---
header:
  stamp:
    sec: 1791163715
    nanosec: 620104093
  frame_id: base_link
name:
- joint_x
- joint_y
position:
- 0.029924999922513962
- 0.029924999922513962
velocity:
- 0.0043750000186264515
- 0.004062499850988388
effort:
- .nan
- .nan
---
header:
  stamp:
    sec: 1791163715
    nanosec: 640103146
  frame_id: base_link
name:
- joint_x
- joint_y
position:
- 0.029993750154972076
- 0.029993750154972076
velocity:
- 0.0034374999813735485
- 0.0037499999161809683
effort:
- .nan
- .nan
---
header:
  stamp:
    sec: 1791163715
    nanosec: 660101092
  frame_id: base_link
name:
- joint_x
- joint_y
position:
- 0.030056249350309372
- 0.030056249350309372
velocity:
- 0.0031250000465661287
- 0.0031250000465661287
effort:
- .nan
- .nan
---
header:
  stamp:
    sec: 1791163715
    nanosec: 680104241
  frame_id: base_link
name:
- joint_x
- joint_y
position:
- 0.03009999915957451
- 0.03009999915957451
velocity:
- 0.0021875000093132257
- 0.0021875000093132257
effort:
- .nan
- .nan
---
header:
  stamp:
    sec: 1791163715
    nanosec: 700089592
  frame_id: base_link
name:
- joint_x
- joint_y
position:
- 0.030124999582767487
- 0.030124999582767487
velocity:
- 0.0012499999720603228
- 0.0012499999720603228
effort:
- .nan
- .nan
---
header:
  stamp:
    sec: 1791163715
    nanosec: 720103887
  frame_id: base_link
name:
- joint_x
- joint_y
position:
- 0.030143750831484795
- 0.030143750831484795
velocity:
- 0.0009374999790452421
- 0.0009374999790452421
effort:
- .nan
- .nan
---
header:
  stamp:
    sec: 1791163715
    nanosec: 740103307
  frame_id: base_link
name:
- joint_x
- joint_y
position:
- 0.030137499794363976
- 0.030143750831484795
velocity:
- 0.0
- 0.0
effort:
- .nan
- .nan
---
header:
  stamp:
    sec: 1791163715
    nanosec: 760094503
  frame_id: base_link
name:
- joint_x
- joint_y
position:
- 0.030124999582767487
- 0.030124999582767487
velocity:
- -0.0008928571478463709
- -0.0008928571478463709
effort:
- .nan
- .nan
---
header:
  stamp:
    sec: 1791163715
    nanosec: 780103010
  frame_id: base_link
name:
- joint_x
- joint_y
position:
- 0.030043749138712883
- 0.030050000175833702
velocity:
- -0.0024999999441206455
- -0.0021875000093132257
effort:
- .nan
- .nan
---
header:
  stamp:
    sec: 1791163715
    nanosec: 800189766
  frame_id: base_link
name:
- joint_x
- joint_y
position:
- 0.029987499117851257
- 0.029987499117851257
velocity:
- -0.002812500111758709
- -0.0031250000465661287
effort:
- .nan
- .nan
---
header:
  stamp:
    sec: 1791163715
    nanosec: 820109653
  frame_id: base_link
name:
- joint_x
- joint_y
position:
- 0.029906250536441803
- 0.029906250536441803
velocity:
- -0.0038690476212650537
- -0.0038690476212650537
effort:
- .nan
- .nan
---
header:
  stamp:
    sec: 1791163715
    nanosec: 840115207
  frame_id: base_link
name:
- joint_x
- joint_y
position:
- 0.02981249988079071
- 0.02981249988079071
velocity:
- -0.004687500186264515
- -0.004687500186264515
effort:
- .nan
- .nan
---
header:
  stamp:
    sec: 1791163715
    nanosec: 860102635
  frame_id: base_link
name:
- joint_x
- joint_y
position:
- 0.029706250876188278
- 0.029706250876188278
velocity:
- -0.0053125000558793545
- -0.0053125000558793545
effort:
- .nan
- .nan
---
header:
  stamp:
    sec: 1791163715
    nanosec: 880126310
  frame_id: base_link
name:
- joint_x
- joint_y
position:
- 0.029593750834465027
- 0.029593750834465027
velocity:
- -0.005625000223517418
- -0.005625000223517418
effort:
- .nan
- .nan
---
header:
  stamp:
    sec: 1791163715
    nanosec: 900127843
  frame_id: base_link
name:
- joint_x
- joint_y
position:
- 0.029462499544024467
- 0.029462499544024467
velocity:
- -0.006562499795109034
- -0.006562499795109034
effort:
- .nan
- .nan
---
header:
  stamp:
    sec: 1791163715
    nanosec: 920121955
  frame_id: base_link
name:
- joint_x
- joint_y
position:
- 0.029324999079108238
- 0.029324999079108238
velocity:
- -0.006874999962747097
- -0.006874999962747097
effort:
- .nan
- .nan
---
header:
  stamp:
    sec: 1791163715
    nanosec: 940120267
  frame_id: base_link
name:
- joint_x
- joint_y
position:
- 0.02916250005364418
- 0.02916250005364418
velocity:
- -0.0077380952425301075
- -0.0077380952425301075
effort:
- .nan
- .nan
---
header:
  stamp:
    sec: 1791163715
    nanosec: 960103728
  frame_id: base_link
name:
- joint_x
- joint_y
position:
- 0.028987500816583633
- 0.028987500816583633
velocity:
- -0.008750000037252903
- -0.008750000037252903
effort:
- .nan
- .nan
---
header:
  stamp:
    sec: 1791163715
    nanosec: 980095000
  frame_id: base_link
name:
- joint_x
- joint_y
position:
- 0.028806250542402267
- 0.028806250542402267
velocity:
- -0.009062499739229679
- -0.009062499739229679
effort:
- .nan
- .nan
---
header:
  stamp:
    sec: 1791163716
    nanosec: 112740
  frame_id: base_link
name:
- joint_x
- joint_y
position:
- 0.028618749231100082
- 0.028618749231100082
velocity:
- -0.00937500037252903
- -0.00937500037252903
effort:
- .nan
- .nan
---
header:
  stamp:
    sec: 1791163716
    nanosec: 20106096
  frame_id: base_link
name:
- joint_x
- joint_y
position:
- 0.028418749570846558
- 0.028418749570846558
velocity:
- -0.009999999776482582
- -0.009687500074505806
effort:
- .nan
- .nan
---
header:
  stamp:
    sec: 1791163716
    nanosec: 40120299
  frame_id: base_link
name:
- joint_x
- joint_y
position:
- 0.02798124961555004
- 0.02797500044107437
velocity:
- -0.010937499813735485
- -0.010937499813735485
effort:
- .nan
- .nan
---
header:
  stamp:
    sec: 1791163716
    nanosec: 60104124
  frame_id: base_link
name:
- joint_x
- joint_y
position:
- 0.02774374932050705
- 0.02774374932050705
velocity:
- -0.011874999850988388
- -0.011562500149011612
effort:
- .nan
- .nan
---
header:
  stamp:
    sec: 1791163716
    nanosec: 80090361
  frame_id: base_link
name:
- joint_x
- joint_y
position:
- 0.027499999850988388
- 0.027499999850988388
velocity:
- -0.011874999850988388
- -0.012187499552965164
effort:
- .nan
- .nan
---
header:
  stamp:
    sec: 1791163716
    nanosec: 100104403
  frame_id: base_link
name:
- joint_x
- joint_y
position:
- 0.027249999344348907
- 0.027249999344348907
velocity:
- -0.012500000186264515
- -0.012500000186264515
effort:
- .nan
- .nan
---
header:
  stamp:
    sec: 1791163716
    nanosec: 120103074
  frame_id: base_link
name:
- joint_x
- joint_y
position:
- 0.026975000277161598
- 0.026975000277161598
velocity:
- -0.013392857275903225
- -0.013392857275903225
effort:
- .nan
- .nan
---
header:
  stamp:
    sec: 1791163716
    nanosec: 140102284
  frame_id: base_link
name:
- joint_x
- joint_y
position:
- 0.02669375017285347
- 0.02669375017285347
velocity:
- -0.01406249962747097
- -0.01406249962747097
effort:
- .nan
- .nan
---
header:
  stamp:
    sec: 1791163716
    nanosec: 160107510
  frame_id: base_link
name:
- joint_x
- joint_y
position:
- 0.02641250006854534
- 0.02641250006854534
velocity:
- -0.013749999925494194
- -0.013749999925494194
effort:
- .nan
- .nan
---
header:
  stamp:
    sec: 1791163716
    nanosec: 180043548
  frame_id: base_link
name:
- joint_x
- joint_y
position:
- 0.026125000789761543
- 0.026131249964237213
velocity:
- -0.014375000260770321
- -0.014375000260770321
effort:
- .nan
- .nan
---
header:
  stamp:
    sec: 1791163716
    nanosec: 200106728
  frame_id: base_link
name:
- joint_x
- joint_y
position:
- 0.025831250473856926
- 0.025831250473856926
velocity:
- -0.014687499962747097
- -0.014687499962747097
effort:
- .nan
- .nan
---
header:
  stamp:
    sec: 1791163716
    nanosec: 220107711
  frame_id: base_link
name:
- joint_x
- joint_y
position:
- 0.02553124912083149
- 0.02553124912083149
velocity:
- -0.015312500298023224
- -0.015312500298023224
effort:
- .nan
- .nan
---
header:
  stamp:
    sec: 1791163716
    nanosec: 240085768
  frame_id: base_link
name:
- joint_x
- joint_y
position:
- 0.025200000032782555
- 0.025200000032782555
velocity:
- -0.01656249910593033
- -0.01656249910593033
effort:
- .nan
- .nan
---
header:
  stamp:
    sec: 1791163716
    nanosec: 260114752
  frame_id: base_link
name:
- joint_x
- joint_y
position:
- 0.024562500417232513
- 0.024562500417232513
velocity:
- -0.015937499701976776
- -0.015937499701976776
effort:
- .nan
- .nan
---
header:
  stamp:
    sec: 1791163716
    nanosec: 280091511
  frame_id: base_link
name:
- joint_x
- joint_y
position:
- 0.02423124946653843
- 0.02423124946653843
velocity:
- -0.016875000670552254
- -0.01656249910593033
effort:
- .nan
- .nan
---
header:
  stamp:
    sec: 1791163716
    nanosec: 300089123
  frame_id: base_link
name:
- joint_x
- joint_y
position:
- 0.023874999955296516
- 0.023881249129772186
velocity:
- -0.01696428656578064
- -0.01696428656578064
effort:
- .nan
- .nan
---
header:
  stamp:
    sec: 1791163716
    nanosec: 320120078
  frame_id: base_link
name:
- joint_x
- joint_y
position:
- 0.023518750444054604
- 0.023518750444054604
velocity:
- -0.017812499776482582
- -0.018124999478459358
effort:
- .nan
- .nan
---
header:
  stamp:
    sec: 1791163716
    nanosec: 340100539
  frame_id: base_link
name:
- joint_x
- joint_y
position:
- 0.02316875010728836
- 0.02316875010728836
velocity:
- -0.017500000074505806
- -0.017500000074505806
effort:
- .nan
- .nan
---
header:
  stamp:
    sec: 1791163716
    nanosec: 360065130
  frame_id: base_link
name:
- joint_x
- joint_y
position:
- 0.022812500596046448
- 0.022812500596046448
velocity:
- -0.017812499776482582
- -0.017812499776482582
effort:
- .nan
- .nan
---
header:
  stamp:
    sec: 1791163716
    nanosec: 380119617
  frame_id: base_link
name:
- joint_x
- joint_y
position:
- 0.022450000047683716
- 0.022450000047683716
velocity:
- -0.018124999478459358
- -0.018124999478459358
effort:
- .nan
- .nan
---
header:
  stamp:
    sec: 1791163716
    nanosec: 400106278
  frame_id: base_link
name:
- joint_x
- joint_y
position:
- 0.022081250324845314
- 0.022081250324845314
velocity:
- -0.018437499180436134
- -0.018437499180436134
effort:
- .nan
- .nan
---
header:
  stamp:
    sec: 1791163716
    nanosec: 420112475
  frame_id: base_link
name:
- joint_x
- joint_y
position:
- 0.021687500178813934
- 0.021687500178813934
velocity:
- -0.019687499850988388
- -0.019687499850988388
effort:
- .nan
- .nan
---
header:
  stamp:
    sec: 1791163716
    nanosec: 440098128
  frame_id: base_link
name:
- joint_x
- joint_y
position:
- 0.021312499418854713
- 0.021312499418854713
velocity:
- -0.018437499180436134
- -0.01875000074505806
effort:
- .nan
- .nan
---
header:
  stamp:
    sec: 1791163716
    nanosec: 460101847
  frame_id: base_link
name:
- joint_x
- joint_y
position:
- 0.020931249484419823
- 0.020937500521540642
velocity:
- -0.019062500447034836
- -0.01875000074505806
effort:
- .nan
- .nan
---
header:
  stamp:
    sec: 1791163716
    nanosec: 480110710
  frame_id: base_link
name:
- joint_x
- joint_y
position:
- 0.02055625058710575
- 0.02055625058710575
velocity:
- -0.019062500447034836
- -0.019062500447034836
effort:
- .nan
- .nan
---
header:
  stamp:
    sec: 1791163716
    nanosec: 500104851
  frame_id: base_link
name:
- joint_x
- joint_y
position:
- 0.019756250083446503
- 0.019762499257922173
velocity:
- -0.019687499850988388
- -0.019375000149011612
effort:
- .nan
- .nan
---
header:
  stamp:
    sec: 1791163716
    nanosec: 520103475
  frame_id: base_link
name:
- joint_x
- joint_y
position:
- 0.019362499937415123
- 0.019362499937415123
velocity:
- -0.019687499850988388
- -0.019999999552965164
effort:
- .nan
- .nan
---
header:
  stamp:
    sec: 1791163716
    nanosec: 540094209
  frame_id: base_link
name:
- joint_x
- joint_y
position:
- 0.018962500616908073
- 0.018968749791383743
velocity:
- -0.019999999552965164
- -0.019687499850988388
effort:
- .nan
- .nan
---
header:
  stamp:
    sec: 1791163716
    nanosec: 560100083
  frame_id: base_link
name:
- joint_x
- joint_y
position:
- 0.018562499433755875
- 0.018568750470876694
velocity:
- -0.019999999552965164
- -0.019999999552965164
effort:
- .nan
- .nan
---
header:
  stamp:
    sec: 1791163716
    nanosec: 580105171
  frame_id: base_link
name:
- joint_x
- joint_y
position:
- 0.018162500113248825
- 0.018162500113248825
velocity:
- -0.019999999552965164
- -0.02031249925494194
effort:
- .nan
- .nan
---
header:
  stamp:
    sec: 1791163716
    nanosec: 600107785
  frame_id: base_link
name:
- joint_x
- joint_y
position:
- 0.01773124933242798
- 0.017737500369548798
velocity:
- -0.021250000223517418
- -0.021250000223517418
effort:
- .nan
- .nan
---
header:
  stamp:
    sec: 1791163716
    nanosec: 620095188
  frame_id: base_link
name:
- joint_x
- joint_y
position:
- 0.01733125001192093
- 0.01733125001192093
velocity:
- -0.02031249925494194
- -0.02031249925494194
effort:
- .nan
- .nan
---
header:
  stamp:
    sec: 1791163716
    nanosec: 640106267
  frame_id: base_link
name:
- joint_x
- joint_y
position:
- 0.01691875047981739
- 0.01692499965429306
velocity:
- -0.02031249925494194
- -0.02031249925494194
effort:
- .nan
- .nan
---
header:
  stamp:
    sec: 1791163716
    nanosec: 660099282
  frame_id: base_link
name:
- joint_x
- joint_y
position:
- 0.016512500122189522
- 0.016512500122189522
velocity:
- -0.020625000819563866
- -0.02031249925494194
effort:
- .nan
- .nan
---
header:
  stamp:
    sec: 1791163716
    nanosec: 680109469
  frame_id: base_link
name:
- joint_x
- joint_y
position:
- 0.016100000590085983
- 0.016100000590085983
velocity:
- -0.02031249925494194
- -0.020937500521540642
effort:
- .nan
- .nan
---
header:
  stamp:
    sec: 1791163716
    nanosec: 700098687
  frame_id: base_link
name:
- joint_x
- joint_y
position:
- 0.015668749809265137
- 0.015668749809265137
velocity:
- -0.02083333395421505
- -0.02053571492433548
effort:
- .nan
- .nan
---
header:
  stamp:
    sec: 1791163716
    nanosec: 720116567
  frame_id: base_link
name:
- joint_x
- joint_y
position:
- 0.014825000427663326
- 0.014831249602138996
velocity:
- -0.020625000819563866
- -0.020625000819563866
effort:
- .nan
- .nan
---
header:
  stamp:
    sec: 1791163716
    nanosec: 740100963
  frame_id: base_link
name:
- joint_x
- joint_y
position:
- 0.014418750070035458
- 0.014418750070035458
velocity:
- -0.02031249925494194
- -0.020625000819563866
effort:
- .nan
- .nan
---
header:
  stamp:
    sec: 1791163716
    nanosec: 760086519
  frame_id: base_link
name:
- joint_x
- joint_y
position:
- 0.014006249606609344
- 0.014006249606609344
velocity:
- -0.020625000819563866
- -0.020625000819563866
effort:
- .nan
- .nan
---
header:
  stamp:
    sec: 1791163716
    nanosec: 780102351
  frame_id: base_link
name:
- joint_x
- joint_y
position:
- 0.013568749651312828
- 0.013568749651312828
velocity:
- -0.021562499925494194
- -0.021562499925494194
effort:
- .nan
- .nan
---
header:
  stamp:
    sec: 1791163716
    nanosec: 800101135
  frame_id: base_link
name:
- joint_x
- joint_y
position:
- 0.013162500225007534
- 0.013162500225007534
velocity:
- -0.020625000819563866
- -0.020625000819563866
effort:
- .nan
- .nan
---
header:
  stamp:
    sec: 1791163716
    nanosec: 820089372
  frame_id: base_link
name:
- joint_x
- joint_y
position:
- 0.012749999761581421
- 0.012749999761581421
velocity:
- -0.02031249925494194
- -0.02031249925494194
effort:
- .nan
- .nan
---
header:
  stamp:
    sec: 1791163716
    nanosec: 840101217
  frame_id: base_link
name:
- joint_x
- joint_y
position:
- 0.012343750335276127
- 0.012350000441074371
velocity:
- -0.02031249925494194
- -0.02031249925494194
effort:
- .nan
- .nan
---
header:
  stamp:
    sec: 1791163716
    nanosec: 860097160
  frame_id: base_link
name:
- joint_x
- joint_y
position:
- 0.011943750083446503
- 0.011943750083446503
velocity:
- -0.02031249925494194
- -0.02031249925494194
effort:
- .nan
- .nan
---
header:
  stamp:
    sec: 1791163716
    nanosec: 880091299
  frame_id: base_link
name:
- joint_x
- joint_y
position:
- 0.011518750339746475
- 0.011518750339746475
velocity:
- -0.02023809589445591
- -0.02023809589445591
effort:
- .nan
- .nan
---
header:
  stamp:
    sec: 1791163716
    nanosec: 900098511
  frame_id: base_link
name:
- joint_x
- joint_y
position:
- 0.011099999770522118
- 0.011099999770522118
velocity:
- -0.020937500521540642
- -0.020937500521540642
effort:
- .nan
- .nan
---
header:
  stamp:
    sec: 1791163716
    nanosec: 920094929
  frame_id: base_link
name:
- joint_x
- joint_y
position:
- 0.010706249624490738
- 0.010706249624490738
velocity:
- -0.019687499850988388
- -0.019687499850988388
effort:
- .nan
- .nan
---
header:
  stamp:
    sec: 1791163716
    nanosec: 940107428
  frame_id: base_link
name:
- joint_x
- joint_y
position:
- 0.009918750263750553
- 0.009918750263750553
velocity:
- -0.019375000149011612
- -0.019687499850988388
effort:
- .nan
- .nan
---
header:
  stamp:
    sec: 1791163716
    nanosec: 960100925
  frame_id: base_link
name:
- joint_x
- joint_y
position:
- 0.00950624980032444
- 0.009512499906122684
velocity:
- -0.02031249925494194
- -0.02031249925494194
effort:
- .nan
- .nan
---
header:
  stamp:
    sec: 1791163716
    nanosec: 980093728
  frame_id: base_link
name:
- joint_x
- joint_y
position:
- 0.00912499986588955
- 0.00912499986588955
velocity:
- -0.019062500447034836
- -0.019375000149011612
effort:
- .nan
- .nan
---
header:
  stamp:
    sec: 1791163717
    nanosec: 111867
  frame_id: base_link
name:
- joint_x
- joint_y
position:
- 0.008743749931454659
- 0.008750000037252903
velocity:
- -0.019062500447034836
- -0.01875000074505806
effort:
- .nan
- .nan
---
header:
  stamp:
    sec: 1791163717
    nanosec: 20104509
  frame_id: base_link
name:
- joint_x
- joint_y
position:
- 0.008368750102818012
- 0.008368750102818012
velocity:
- -0.01875000074505806
- -0.01875000074505806
effort:
- .nan
- .nan
---
header:
  stamp:
    sec: 1791163717
    nanosec: 40104994
  frame_id: base_link
name:
- joint_x
- joint_y
position:
- 0.00800000037997961
- 0.00800000037997961
velocity:
- -0.01875000074505806
- -0.018437499180436134
effort:
- .nan
- .nan
---
header:
  stamp:
    sec: 1791163717
    nanosec: 60096169
  frame_id: base_link
name:
- joint_x
- joint_y
position:
- 0.007612499874085188
- 0.007612499874085188
velocity:
- -0.01845238171517849
- -0.01875000074505806
effort:
- .nan
- .nan
---
header:
  stamp:
    sec: 1791163717
    nanosec: 80092909
  frame_id: base_link
name:
- joint_x
- joint_y
position:
- 0.007224999833852053
- 0.007231249939650297
velocity:
- -0.019062500447034836
- -0.019062500447034836
effort:
- .nan
- .nan
---
header:
  stamp:
    sec: 1791163717
    nanosec: 100100126
  frame_id: base_link
name:
- joint_x
- joint_y
position:
- 0.0068687498569488525
- 0.006874999962747097
velocity:
- -0.017812499776482582
- -0.017812499776482582
effort:
- .nan
- .nan
---
header:
  stamp:
    sec: 1791163717
    nanosec: 120099649
  frame_id: base_link
name:
- joint_x
- joint_y
position:
- 0.006518749985843897
- 0.006525000091642141
velocity:
- -0.017500000074505806
- -0.017500000074505806
effort:
- .nan
- .nan
---
header:
  stamp:
    sec: 1791163717
    nanosec: 140096642
  frame_id: base_link
name:
- joint_x
- joint_y
position:
- 0.006175000220537186
- 0.006175000220537186
velocity:
- -0.01718750037252903
- -0.01718750037252903
effort:
- .nan
- .nan
---
header:
  stamp:
    sec: 1791163717
    nanosec: 160114123
  frame_id: base_link
name:
- joint_x
- joint_y
position:
- 0.005837500095367432
- 0.005837500095367432
velocity:
- -0.01718750037252903
- -0.016875000670552254
effort:
- .nan
- .nan
---
header:
  stamp:
    sec: 1791163717
    nanosec: 180100656
  frame_id: base_link
name:
- joint_x
- joint_y
position:
- 0.005168749950826168
- 0.005168749950826168
velocity:
- -0.015937499701976776
- -0.015937499701976776
effort:
- .nan
- .nan
---
header:
  stamp:
    sec: 1791163717
    nanosec: 200109647
  frame_id: base_link
name:
- joint_x
- joint_y
position:
- 0.0048500001430511475
- 0.0048500001430511475
velocity:
- -0.015937499701976776
- -0.016249999403953552
effort:
- .nan
- .nan
---
header:
  stamp:
    sec: 1791163717
    nanosec: 220087956
  frame_id: base_link
name:
- joint_x
- joint_y
position:
- 0.004537499975413084
- 0.0045437500812113285
velocity:
- -0.015937499701976776
- -0.015312500298023224
effort:
- .nan
- .nan
---
header:
  stamp:
    sec: 1791163717
    nanosec: 240099886
  frame_id: base_link
name:
- joint_x
- joint_y
position:
- 0.004218750167638063
- 0.004224999807775021
velocity:
- -0.015178571455180645
- -0.015178571455180645
effort:
- .nan
- .nan
---
header:
  stamp:
    sec: 1791163717
    nanosec: 260106611
  frame_id: base_link
name:
- joint_x
- joint_y
position:
- 0.0039125001057982445
- 0.00390625
velocity:
- -0.015312500298023224
- -0.015625
effort:
- .nan
- .nan
---
header:
  stamp:
    sec: 1791163717
    nanosec: 280095082
  frame_id: base_link
name:
- joint_x
- joint_y
position:
- 0.0036249998956918716
- 0.0036249998956918716
velocity:
- -0.014375000260770321
- -0.014375000260770321
effort:
- .nan
- .nan
---
header:
  stamp:
    sec: 1791163717
    nanosec: 300097586
  frame_id: base_link
name:
- joint_x
- joint_y
position:
- 0.0033499998971819878
- 0.003343750024214387
velocity:
- -0.013749999925494194
- -0.013749999925494194
effort:
- .nan
- .nan
---
header:
  stamp:
    sec: 1791163717
    nanosec: 320119135
  frame_id: base_link
name:
- joint_x
- joint_y
position:
- 0.003074999898672104
- 0.003074999898672104
velocity:
- -0.013749999925494194
- -0.013749999925494194
effort:
- .nan
- .nan
---
header:
  stamp:
    sec: 1791163717
    nanosec: 340103244
  frame_id: base_link
name:
- joint_x
- joint_y
position:
- 0.0028187499847263098
- 0.0028187499847263098
velocity:
- -0.012812499888241291
- -0.012812499888241291
effort:
- .nan
- .nan
---
header:
  stamp:
    sec: 1791163717
    nanosec: 360062969
  frame_id: base_link
name:
- joint_x
- joint_y
position:
- 0.0025500000920146704
- 0.0025500000920146704
velocity:
- -0.013437500223517418
- -0.013437500223517418
effort:
- .nan
- .nan
---
header:
  stamp:
    sec: 1791163717
    nanosec: 380095038
  frame_id: base_link
name:
- joint_x
- joint_y
position:
- 0.002306249924004078
- 0.002306249924004078
velocity:
- -0.012187499552965164
- -0.011874999850988388
effort:
- .nan
- .nan
---
header:
  stamp:
    sec: 1791163717
    nanosec: 400112320
  frame_id: base_link
name:
- joint_x
- joint_y
position:
- 0.0018562499899417162
- 0.0018562499899417162
velocity:
- -0.010937499813735485
- -0.010937499813735485
effort:
- .nan
- .nan
---
header:
  stamp:
    sec: 1791163717
    nanosec: 420114310
  frame_id: base_link
name:
- joint_x
- joint_y
position:
- 0.0016312500229105353
- 0.0016312500229105353
velocity:
- -0.011250000447034836
- -0.011250000447034836
effort:
- .nan
- .nan
---
header:
  stamp:
    sec: 1791163717
    nanosec: 440093496
  frame_id: base_link
name:
- joint_x
- joint_y
position:
- 0.001431250013411045
- 0.001431250013411045
velocity:
- -0.009999999776482582
- -0.009999999776482582
effort:
- .nan
- .nan
---
header:
  stamp:
    sec: 1791163717
    nanosec: 460117989
  frame_id: base_link
name:
- joint_x
- joint_y
position:
- 0.0012437499826774001
- 0.0012374999932944775
velocity:
- -0.00937500037252903
- -0.00937500037252903
effort:
- .nan
- .nan
---
header:
  stamp:
    sec: 1791163717
    nanosec: 480093388
  frame_id: base_link
name:
- joint_x
- joint_y
position:
- 0.0010625000577419996
- 0.0010625000577419996
velocity:
- -0.009062499739229679
- -0.009062499739229679
effort:
- .nan
- .nan
---
header:
  stamp:
    sec: 1791163717
    nanosec: 500092158
  frame_id: base_link
name:
- joint_x
- joint_y
position:
- 0.0008937499951571226
- 0.0008937499951571226
velocity:
- -0.008437500335276127
- -0.008437500335276127
effort:
- .nan
- .nan
---
header:
  stamp:
    sec: 1791163717
    nanosec: 520107934
  frame_id: base_link
name:
- joint_x
- joint_y
position:
- 0.0007312499801628292
- 0.0007312499801628292
velocity:
- -0.0077380952425301075
- -0.0077380952425301075
effort:
- .nan
- .nan
---
header:
  stamp:
    sec: 1791163717
    nanosec: 540091585
  frame_id: base_link
name:
- joint_x
- joint_y
position:
- 0.0005812500021420419
- 0.0005750000127591193
velocity:
- -0.007499999832361937
- -0.0078125
effort:
- .nan
- .nan
---
header:
  stamp:
    sec: 1791163717
    nanosec: 560094934
  frame_id: base_link
name:
- joint_x
- joint_y
position:
- 0.00044999999227002263
- 0.0004437500028871
velocity:
- -0.006562499795109034
- -0.006562499795109034
effort:
- .nan
- .nan
---
header:
  stamp:
    sec: 1791163717
    nanosec: 580114692
  frame_id: base_link
name:
- joint_x
- joint_y
position:
- 0.00032500000088475645
- 0.00032500000088475645
velocity:
- -0.0062500000931322575
- -0.005937499925494194
effort:
- .nan
- .nan
---
header:
  stamp:
    sec: 1791163717
    nanosec: 600092301
  frame_id: base_link
name:
- joint_x
- joint_y
position:
- 0.00021875000675208867
- 0.00021875000675208867
velocity:
- -0.0053125000558793545
- -0.0053125000558793545
effort:
- .nan
- .nan
---
header:
  stamp:
    sec: 1791163717
    nanosec: 620091965
  frame_id: base_link
name:
- joint_x
- joint_y
position:
- 0.0001250000059371814
- 0.0001250000059371814
velocity:
- -0.004687500186264515
- -0.004687500186264515
effort:
- .nan
- .nan
---
header:
  stamp:
    sec: 1791163717
    nanosec: 640106828
  frame_id: base_link
name:
- joint_x
- joint_y
position:
- -1.8750000890577212e-05
- -2.499999936844688e-05
velocity:
- -0.0031250000465661287
- -0.0034374999813735485
effort:
- .nan
- .nan
---
header:
  stamp:
    sec: 1791163717
    nanosec: 660100690
  frame_id: base_link
name:
- joint_x
- joint_y
position:
- -7.500000356230885e-05
- -7.500000356230885e-05
velocity:
- -0.002812500111758709
- -0.0024999999441206455
effort:
- .nan
- .nan
---
header:
  stamp:
    sec: 1791163717
    nanosec: 680041629
  frame_id: base_link
name:
- joint_x
- joint_y
position:
- -0.00011249999806750566
- -0.00011249999806750566
velocity:
- -0.0018749999580904841
- -0.0018749999580904841
effort:
- .nan
- .nan
---
header:
  stamp:
    sec: 1791163717
    nanosec: 700093294
  frame_id: base_link
name:
- joint_x
- joint_y
position:
- -0.00013749999925494194
- -0.00013749999925494194
velocity:
- -0.0011904762359336019
- -0.0011904762359336019
effort:
- .nan
- .nan
---
header:
  stamp:
    sec: 1791163717
    nanosec: 720101790
  frame_id: base_link
name:
- joint_x
- joint_y
position:
- -0.00014375000318977982
- -0.00014375000318977982
velocity:
- -0.0003124999930150807
- -0.0003124999930150807
effort:
- .nan
- .nan
---
header:
  stamp:
    sec: 1791163717
    nanosec: 740139136
  frame_id: base_link
name:
- joint_x
- joint_y
position:
- -0.00013749999925494194
- -0.00013124999532010406
velocity:
- 0.0003124999930150807
- 0.0006249999860301614
effort:
- .nan
- .nan
---
header:
  stamp:
    sec: 1791163717
    nanosec: 760096971
  frame_id: base_link
name:
- joint_x
- joint_y
position:
- -0.0001062500014086254
- -0.0001062500014086254
velocity:
- 0.0015625000232830644
- 0.0012499999720603228
effort:
- .nan
- .nan
---
header:
  stamp:
    sec: 1791163717
    nanosec: 780077513
  frame_id: base_link
name:
- joint_x
- joint_y
position:
- -7.500000356230885e-05
- -7.500000356230885e-05
velocity:
- 0.0014880952658131719
- 0.0014880952658131719
effort:
- .nan
- .nan
---
header:
  stamp:
    sec: 1791163717
    nanosec: 800097861
  frame_id: base_link
name:
- joint_x
- joint_y
position:
- 0.0
- 0.0
velocity:
- 0.0037499999161809683
- 0.0037499999161809683
effort:
- .nan
- .nan
---
header:
  stamp:
    sec: 1791163717
    nanosec: 820084780
  frame_id: base_link
name:
- joint_x
- joint_y
position:
- 0.0
- 0.0
velocity:
- 0.0
- 0.0
effort:
- .nan
- .nan
---
header:
  stamp:
    sec: 1791163717
    nanosec: 840096217
  frame_id: base_link
name:
- joint_x
- joint_y
position:
- 0.0
- 0.0
velocity:
- 0.0
- 0.0
effort:
- .nan
- .nan
---
header:
  stamp:
    sec: 1791163717
    nanosec: 860095997
  frame_id: base_link
name:
- joint_x
- joint_y
position:
- 0.0
- 0.0
velocity:
- 0.0
- 0.0
effort:
- .nan
- .nan
---
header:
  stamp:
    sec: 1791163717
    nanosec: 880102880
  frame_id: base_link
name:
- joint_x
- joint_y
position:
- 0.0
- 0.0
velocity:
- 0.0
- 0.0
effort:
- .nan
- .nan
---
header:
  stamp:
    sec: 1791163717
    nanosec: 900097601
  frame_id: base_link
name:
- joint_x
- joint_y
position:
- 0.0
- 0.0
velocity:
- 0.0
- 0.0
effort:
- .nan
- .nan
---
header:
  stamp:
    sec: 1791163717
    nanosec: 920104135
  frame_id: base_link
name:
- joint_x
- joint_y
position:
- 0.0
- 0.0
velocity:
- 0.0
- 0.0
effort:
- .nan
- .nan
---
header:
  stamp:
    sec: 1791163717
    nanosec: 940107110
  frame_id: base_link
name:
- joint_x
- joint_y
position:
- 0.0
- 0.0
velocity:
- 0.0
- 0.0
effort:
- .nan
- .nan
---
