[INFO] [launch]: All log files can be found below /home/adam/.ros/log/2026-10-04-20-28-23-838194-DESKTOP-HF5K4CO-64079
[INFO] [launch]: Default logging verbosity is set to INFO
[INFO] [robot_state_publisher-1]: process started with pid [64118]
[INFO] [ros2_control_node-2]: process started with pid [64120]
[INFO] [spawner-3]: process started with pid [64122]
[INFO] [spawner-4]: process started with pid [64124]
[robot_state_publisher-1] [INFO] [1791163704.332951549] [robot_state_publisher]: Robot initialized
[ros2_control_node-2] [INFO] [1791163704.360743200] [controller_manager]: Using Steady (Monotonic) clock for triggering controller manager cycles.
[ros2_control_node-2] [INFO] [1791163704.496808141] [controller_manager]: Subscribing to '/robot_description' topic for robot description.
[ros2_control_node-2] [INFO] [1791163704.496874359] [controller_manager]: update rate is 50 Hz
[ros2_control_node-2] [INFO] [1791163704.496886239] [controller_manager]: Overruns handling is : enabled
[ros2_control_node-2] [INFO] [1791163704.496892874] [controller_manager]: Spawning controller_manager RT thread with scheduler priority: 50
[ros2_control_node-2] [WARN] [1791163704.499839107] [controller_manager]: Could not enable FIFO RT scheduling policy: with error number <1>(Operation not permitted). See [https://control.ros.org/master/doc/ros2_control/controller_manager/doc/userdoc.html] for details on how to enable realtime scheduling.
[ros2_control_node-2] [INFO] [1791163704.679240845] [controller_manager]: Received robot description from topic.
[ros2_control_node-2] [INFO] [1791163704.679285019] [controller_manager]: Enforcing command limits is disabled. Command limits from URDF will be ignored.
[ros2_control_node-2] [INFO] [1791163704.724076495] [controller_manager]: Loading hardware 'ClearCore' 
[ros2_control_node-2] [INFO] [1791163704.860239772] [controller_manager]: Loaded hardware 'ClearCore' from plugin 'clearcore_hardware/ClearCoreSystemHardware'
[ros2_control_node-2] [INFO] [1791163704.860322741] [controller_manager]: Initialize hardware 'ClearCore' 
[ros2_control_node-2] [INFO] [1791163704.896052387] [controller_manager]: Successful initialization of hardware 'ClearCore'
[ros2_control_node-2] [INFO] [1791163704.896381819] [controller_manager]: Activating component 'ClearCore'.
[ros2_control_node-2] [INFO] [1791163704.896396600] [resource_manager]: 'configure' hardware 'ClearCore' 
[ros2_control_node-2] [INFO] [1791163704.896401380] [resource_manager]: Successful 'configure' of hardware 'ClearCore'
[ros2_control_node-2] [INFO] [1791163704.896405320] [resource_manager]: 'activate' hardware 'ClearCore' 
[spawner-3] [INFO] [1791163704.908417865] [spawner_joint_state_broadcaster]: waiting for service /controller_manager/list_controllers to become available...
[ros2_control_node-2] [INFO] [1791163704.932639363] [resource_manager]: Successful 'activate' of hardware 'ClearCore'
[ros2_control_node-2] [INFO] [1791163704.932684122] [controller_manager]: Registering statistics for : ClearCore
[ros2_control_node-2] [INFO] [1791163704.932747042] [controller_manager]: Resource Manager has been successfully initialized. Starting Controller Manager services...
[ros2_control_node-2] [INFO] [1791163705.160347100] [controller_manager]: Loading controller : 'joint_state_broadcaster' of type 'joint_state_broadcaster/JointStateBroadcaster'
[ros2_control_node-2] [INFO] [1791163705.160387959] [controller_manager]: Loading controller 'joint_state_broadcaster'
[ros2_control_node-2] [INFO] [1791163705.182455905] [controller_manager]: Controller 'joint_state_broadcaster' node arguments: --ros-args --params-file /mnt/d/CCDev/EnhancedClearCoreLibrary/ClearCoreROS/ros2_ws/install/clearcore_hardware/share/clearcore_hardware/config/controllers.yaml --params-file /tmp/launch_params_u3bvg0_i 
[spawner-3] [INFO] [1791163705.200855777] [spawner_joint_state_broadcaster]: Loaded joint_state_broadcaster
[ros2_control_node-2] [INFO] [1791163705.201543423] [controller_manager]: Configuring controller: 'joint_state_broadcaster'
[ros2_control_node-2] [INFO] [1791163705.201589889] [joint_state_broadcaster]: 'joints' or 'interfaces' parameter is empty. All available state interfaces will be published
[ros2_control_node-2] [INFO] [1791163705.221164445] [controller_manager]: Activating controllers: [ joint_state_broadcaster ]
[ros2_control_node-2] [INFO] [1791163705.240074240] [controller_manager]: Successfully switched controllers!
[spawner-3] [INFO] [1791163705.260807217] [spawner_joint_state_broadcaster]: Configured and activated joint_state_broadcaster
[spawner-4] [INFO] [1791163705.353628331] [spawner_joint_trajectory_controller]: waiting for service /controller_manager/list_controllers to become available...
[INFO] [spawner-3]: process has finished cleanly [pid 64122]
[ros2_control_node-2] [INFO] [1791163706.162523481] [controller_manager]: Loading controller : 'joint_trajectory_controller' of type 'joint_trajectory_controller/JointTrajectoryController'
[ros2_control_node-2] [INFO] [1791163706.162562486] [controller_manager]: Loading controller 'joint_trajectory_controller'
[ros2_control_node-2] [INFO] [1791163706.168913587] [controller_manager]: Controller 'joint_trajectory_controller' node arguments: --ros-args --params-file /mnt/d/CCDev/EnhancedClearCoreLibrary/ClearCoreROS/ros2_ws/install/clearcore_hardware/share/clearcore_hardware/config/controllers.yaml --params-file /tmp/launch_params_u3bvg0_i 
[spawner-4] [INFO] [1791163706.220818241] [spawner_joint_trajectory_controller]: Loaded joint_trajectory_controller
[ros2_control_node-2] [INFO] [1791163706.221631047] [controller_manager]: Configuring controller: 'joint_trajectory_controller'
[ros2_control_node-2] [INFO] [1791163706.221730209] [joint_trajectory_controller]: No specific joint names are used for command interfaces. Using 'joints' parameter.
[ros2_control_node-2] [INFO] [1791163706.221749748] [joint_trajectory_controller]: Command interfaces are [position] and state interfaces are [position velocity].
[ros2_control_node-2] [INFO] [1791163706.221758987] [joint_trajectory_controller]: Using 'splines' interpolation method.
[ros2_control_node-2] [INFO] [1791163706.223083445] [joint_trajectory_controller]: Action status changes will be monitored at 20.00 Hz.
[ros2_control_node-2] [INFO] [1791163706.225779639] [joint_trajectory_controller]: Setting initial scaling factor to 1.000000
[ros2_control_node-2] [INFO] [1791163706.225799675] [joint_trajectory_controller]: No scaling interface set. This controller will not read speed scaling from the hardware.
[ros2_control_node-2] [INFO] [1791163706.241196461] [controller_manager]: Activating controllers: [ joint_trajectory_controller ]
[ros2_control_node-2] [INFO] [1791163706.260164528] [controller_manager]: Successfully switched controllers!
[spawner-4] [INFO] [1791163706.280864067] [spawner_joint_trajectory_controller]: Configured and activated joint_trajectory_controller
[INFO] [spawner-4]: process has finished cleanly [pid 64124]
[ros2_control_node-2] [INFO] [1791163713.720771327] [joint_trajectory_controller]: Received new action goal
[ros2_control_node-2] [INFO] [1791163713.720809892] [joint_trajectory_controller]: Accepted new action goal
[ros2_control_node-2] [INFO] [1791163717.740086032] [joint_trajectory_controller]: Goal reached, success!
[WARNING] [launch]: user interrupted with ctrl-c (SIGINT)
[INFO] [ros2_control_node-2]: sending signal 'SIGINT' to process[ros2_control_node-2]
[INFO] [robot_state_publisher-1]: sending signal 'SIGINT' to process[robot_state_publisher-1]
[ros2_control_node-2] [INFO] [1791163718.123945435] [rclcpp]: signal_handler(SIGINT/SIGTERM)
[ros2_control_node-2] [INFO] [1791163718.123987918] [controller_manager]: Shutdown request received....
[ros2_control_node-2] [INFO] [1791163718.124022868] [controller_manager]: Shutting down all controllers in the controller manager.
[ros2_control_node-2] [INFO] [1791163718.124033133] [controller_manager]: Deactivating controller 'joint_trajectory_controller'
[ros2_control_node-2] [INFO] [1791163718.124054682] [controller_manager]: Shutting down controller 'joint_trajectory_controller'
[ros2_control_node-2] [INFO] [1791163718.124112574] [controller_manager]: Deactivating controller 'joint_state_broadcaster'
[ros2_control_node-2] [INFO] [1791163718.124119860] [controller_manager]: Shutting down controller 'joint_state_broadcaster'
[ros2_control_node-2] [INFO] [1791163718.124135524] [resource_manager]: 'deactivate' hardware 'ClearCore' 
[robot_state_publisher-1] [INFO] [1791163718.124350655] [rclcpp]: signal_handler(SIGINT/SIGTERM)
[ros2_control_node-2] [INFO] [1791163718.125466534] [resource_manager]: Successful 'deactivate' of hardware 'ClearCore'
[ros2_control_node-2] [INFO] [1791163718.125475844] [resource_manager]: 'shutdown' hardware 'ClearCore' 
[ros2_control_node-2] [INFO] [1791163718.125477843] [resource_manager]: Successful 'shutdown' of hardware 'ClearCore'
[ros2_control_node-2] [INFO] [1791163718.125498611] [controller_manager]: Shutting down the controller manager.
[ros2_control_node-2] [ERROR] [1791163718.125572921] [controller_manager.pal_statistics]: Exception in publisher thread: context cannot be slept with because it's invalid!. Aborting!
[ros2_control_node-2] [ERROR] [1791163718.125576174] [controller_manager.pal_statistics]: Exception in publisher thread: context cannot be slept with because it's invalid!. Aborting!
[ros2_control_node-2] [INFO] [1791163718.140165902] [controller_manager.pal_statistics]: Async messages lost 0
[ros2_control_node-2] [INFO] [1791163718.140182614] [controller_manager.pal_statistics]: publish_async_failures_ 0
[ros2_control_node-2] [INFO] [1791163718.140909128] [controller_manager.pal_statistics]: Async messages lost 0
[ros2_control_node-2] [INFO] [1791163718.140925079] [controller_manager.pal_statistics]: publish_async_failures_ 0
[INFO] [robot_state_publisher-1]: process has finished cleanly [pid 64118]
[INFO] [ros2_control_node-2]: process has finished cleanly [pid 64120]
