[INFO] [launch]: All log files can be found below /home/adam/.ros/log/2026-10-04-18-59-45-853928-DESKTOP-HF5K4CO-4732
[INFO] [launch]: Default logging verbosity is set to INFO
[INFO] [robot_state_publisher-1]: process started with pid [4771]
[INFO] [ros2_control_node-2]: process started with pid [4773]
[INFO] [spawner-3]: process started with pid [4775]
[INFO] [spawner-4]: process started with pid [4777]
[robot_state_publisher-1] [INFO] [1791158386.319558924] [robot_state_publisher]: Robot initialized
[ros2_control_node-2] [INFO] [1791158386.342416235] [controller_manager]: Using Steady (Monotonic) clock for triggering controller manager cycles.
[ros2_control_node-2] [INFO] [1791158386.465651270] [controller_manager]: Subscribing to '/robot_description' topic for robot description.
[ros2_control_node-2] [INFO] [1791158386.465714675] [controller_manager]: update rate is 50 Hz
[ros2_control_node-2] [INFO] [1791158386.465725531] [controller_manager]: Overruns handling is : enabled
[ros2_control_node-2] [INFO] [1791158386.465731997] [controller_manager]: Spawning controller_manager RT thread with scheduler priority: 50
[ros2_control_node-2] [WARN] [1791158386.465822775] [controller_manager]: Could not enable FIFO RT scheduling policy: with error number <1>(Operation not permitted). See [https://control.ros.org/master/doc/ros2_control/controller_manager/doc/userdoc.html] for details on how to enable realtime scheduling.
[ros2_control_node-2] [INFO] [1791158386.487231767] [controller_manager]: Received robot description from topic.
[ros2_control_node-2] [INFO] [1791158386.487264427] [controller_manager]: Enforcing command limits is disabled. Command limits from URDF will be ignored.
[ros2_control_node-2] [INFO] [1791158386.542903783] [controller_manager]: Loading hardware 'ClearCore' 
[ros2_control_node-2] [INFO] [1791158386.628221140] [controller_manager]: Loaded hardware 'ClearCore' from plugin 'clearcore_hardware/ClearCoreSystemHardware'
[ros2_control_node-2] [INFO] [1791158386.629775770] [controller_manager]: Initialize hardware 'ClearCore' 
[ros2_control_node-2] [INFO] [1791158386.641493897] [controller_manager]: Successful initialization of hardware 'ClearCore'
[ros2_control_node-2] [INFO] [1791158386.645084392] [controller_manager]: Activating component 'ClearCore'.
[ros2_control_node-2] [INFO] [1791158386.645101008] [resource_manager]: 'configure' hardware 'ClearCore' 
[ros2_control_node-2] [INFO] [1791158386.645104363] [resource_manager]: Successful 'configure' of hardware 'ClearCore'
[ros2_control_node-2] [INFO] [1791158386.645107412] [resource_manager]: 'activate' hardware 'ClearCore' 
[ros2_control_node-2] [INFO] [1791158386.681360367] [resource_manager]: Successful 'activate' of hardware 'ClearCore'
[ros2_control_node-2] [INFO] [1791158386.681422257] [controller_manager]: Registering statistics for : ClearCore
[ros2_control_node-2] [INFO] [1791158386.681484937] [controller_manager]: Resource Manager has been successfully initialized. Starting Controller Manager services...
[spawner-3] [INFO] [1791158386.827727653] [spawner_joint_state_broadcaster]: waiting for service /controller_manager/list_controllers to become available...
[ros2_control_node-2] [INFO] [1791158387.079493165] [controller_manager]: Loading controller : 'joint_state_broadcaster' of type 'joint_state_broadcaster/JointStateBroadcaster'
[ros2_control_node-2] [INFO] [1791158387.079537456] [controller_manager]: Loading controller 'joint_state_broadcaster'
[ros2_control_node-2] [INFO] [1791158387.101277897] [controller_manager]: Controller 'joint_state_broadcaster' node arguments: --ros-args --params-file /mnt/d/CCDev/EnhancedClearCoreLibrary/ClearCoreROS/ros2_ws/install/clearcore_hardware/share/clearcore_hardware/config/controllers.yaml --params-file /tmp/launch_params_q5cm7zp8 
[spawner-3] [INFO] [1791158387.126933002] [spawner_joint_state_broadcaster]: Loaded joint_state_broadcaster
[ros2_control_node-2] [INFO] [1791158387.127667740] [controller_manager]: Configuring controller: 'joint_state_broadcaster'
[ros2_control_node-2] [INFO] [1791158387.127729867] [joint_state_broadcaster]: 'joints' or 'interfaces' parameter is empty. All available state interfaces will be published
[ros2_control_node-2] [INFO] [1791158387.147287905] [controller_manager]: Activating controllers: [ joint_state_broadcaster ]
[ros2_control_node-2] [INFO] [1791158387.166142935] [controller_manager]: Successfully switched controllers!
[spawner-3] [INFO] [1791158387.186762198] [spawner_joint_state_broadcaster]: Configured and activated joint_state_broadcaster
[spawner-4] [INFO] [1791158387.289782510] [spawner_joint_trajectory_controller]: waiting for service /controller_manager/list_controllers to become available...
[INFO] [spawner-3]: process has finished cleanly [pid 4775]
[ros2_control_node-2] [INFO] [1791158388.086116842] [controller_manager]: Loading controller : 'joint_trajectory_controller' of type 'joint_trajectory_controller/JointTrajectoryController'
[ros2_control_node-2] [INFO] [1791158388.086157899] [controller_manager]: Loading controller 'joint_trajectory_controller'
[ros2_control_node-2] [INFO] [1791158388.092914871] [controller_manager]: Controller 'joint_trajectory_controller' node arguments: --ros-args --params-file /mnt/d/CCDev/EnhancedClearCoreLibrary/ClearCoreROS/ros2_ws/install/clearcore_hardware/share/clearcore_hardware/config/controllers.yaml --params-file /tmp/launch_params_q5cm7zp8 
[spawner-4] [INFO] [1791158388.146944182] [spawner_joint_trajectory_controller]: Loaded joint_trajectory_controller
[ros2_control_node-2] [INFO] [1791158388.147754313] [controller_manager]: Configuring controller: 'joint_trajectory_controller'
[ros2_control_node-2] [INFO] [1791158388.147861003] [joint_trajectory_controller]: No specific joint names are used for command interfaces. Using 'joints' parameter.
[ros2_control_node-2] [INFO] [1791158388.147881398] [joint_trajectory_controller]: Command interfaces are [position] and state interfaces are [position velocity].
[ros2_control_node-2] [INFO] [1791158388.147891310] [joint_trajectory_controller]: Using 'splines' interpolation method.
[ros2_control_node-2] [INFO] [1791158388.149181309] [joint_trajectory_controller]: Action status changes will be monitored at 20.00 Hz.
[ros2_control_node-2] [INFO] [1791158388.151923654] [joint_trajectory_controller]: Setting initial scaling factor to 1.000000
[ros2_control_node-2] [INFO] [1791158388.151945439] [joint_trajectory_controller]: No scaling interface set. This controller will not read speed scaling from the hardware.
[ros2_control_node-2] [INFO] [1791158388.167219195] [controller_manager]: Activating controllers: [ joint_trajectory_controller ]
[ros2_control_node-2] [INFO] [1791158388.186185716] [controller_manager]: Successfully switched controllers!
[spawner-4] [INFO] [1791158388.206929206] [spawner_joint_trajectory_controller]: Configured and activated joint_trajectory_controller
[INFO] [spawner-4]: process has finished cleanly [pid 4777]
[ros2_control_node-2] [INFO] [1791158394.315204630] [joint_trajectory_controller]: Received new action goal
[ros2_control_node-2] [INFO] [1791158394.315240290] [joint_trajectory_controller]: Accepted new action goal
[ros2_control_node-2] [INFO] [1791158398.306125061] [joint_trajectory_controller]: Goal reached, success!
[WARNING] [launch]: user interrupted with ctrl-c (SIGINT)
[INFO] [ros2_control_node-2]: sending signal 'SIGINT' to process[ros2_control_node-2]
[INFO] [robot_state_publisher-1]: sending signal 'SIGINT' to process[robot_state_publisher-1]
[ros2_control_node-2] [INFO] [1791158398.668089528] [rclcpp]: signal_handler(SIGINT/SIGTERM)
[ros2_control_node-2] [INFO] [1791158398.668135505] [controller_manager]: Shutdown request received....
[ros2_control_node-2] [INFO] [1791158398.668168188] [controller_manager]: Shutting down all controllers in the controller manager.
[ros2_control_node-2] [INFO] [1791158398.668176667] [controller_manager]: Deactivating controller 'joint_trajectory_controller'
[ros2_control_node-2] [INFO] [1791158398.668194517] [controller_manager]: Shutting down controller 'joint_trajectory_controller'
[ros2_control_node-2] [INFO] [1791158398.668263072] [controller_manager]: Deactivating controller 'joint_state_broadcaster'
[ros2_control_node-2] [INFO] [1791158398.668275074] [controller_manager]: Shutting down controller 'joint_state_broadcaster'
[ros2_control_node-2] [INFO] [1791158398.668290362] [resource_manager]: 'deactivate' hardware 'ClearCore' 
[robot_state_publisher-1] [INFO] [1791158398.668492176] [rclcpp]: signal_handler(SIGINT/SIGTERM)
[ros2_control_node-2] [INFO] [1791158398.669454650] [resource_manager]: Successful 'deactivate' of hardware 'ClearCore'
[ros2_control_node-2] [INFO] [1791158398.669462959] [resource_manager]: 'shutdown' hardware 'ClearCore' 
[ros2_control_node-2] [INFO] [1791158398.669464952] [resource_manager]: Successful 'shutdown' of hardware 'ClearCore'
[ros2_control_node-2] [INFO] [1791158398.669483823] [controller_manager]: Shutting down the controller manager.
[ros2_control_node-2] [ERROR] [1791158398.669567588] [controller_manager.pal_statistics]: Exception in publisher thread: context cannot be slept with because it's invalid!. Aborting!
[ros2_control_node-2] [ERROR] [1791158398.669567066] [controller_manager.pal_statistics]: Exception in publisher thread: context cannot be slept with because it's invalid!. Aborting!
[ros2_control_node-2] [INFO] [1791158398.686256778] [controller_manager.pal_statistics]: Async messages lost 0
[ros2_control_node-2] [INFO] [1791158398.686274037] [controller_manager.pal_statistics]: publish_async_failures_ 0
[ros2_control_node-2] [INFO] [1791158398.687030677] [controller_manager.pal_statistics]: Async messages lost 0
[ros2_control_node-2] [INFO] [1791158398.687047557] [controller_manager.pal_statistics]: publish_async_failures_ 1
[INFO] [robot_state_publisher-1]: process has finished cleanly [pid 4771]
[INFO] [ros2_control_node-2]: process has finished cleanly [pid 4773]
