[INFO] [launch]: All log files can be found below /home/adam/.ros/log/2026-10-04-19-55-49-818289-DESKTOP-HF5K4CO-52248
[INFO] [launch]: Default logging verbosity is set to INFO
[INFO] [robot_state_publisher-1]: process started with pid [52287]
[INFO] [ros2_control_node-2]: process started with pid [52289]
[INFO] [spawner-3]: process started with pid [52291]
[INFO] [spawner-4]: process started with pid [52293]
[robot_state_publisher-1] [INFO] [1791161750.280596557] [robot_state_publisher]: Robot initialized
[ros2_control_node-2] [INFO] [1791161750.305046779] [controller_manager]: Using Steady (Monotonic) clock for triggering controller manager cycles.
[ros2_control_node-2] [INFO] [1791161750.396624999] [controller_manager]: Subscribing to '/robot_description' topic for robot description.
[ros2_control_node-2] [INFO] [1791161750.396695529] [controller_manager]: update rate is 50 Hz
[ros2_control_node-2] [INFO] [1791161750.396699399] [controller_manager]: Overruns handling is : enabled
[ros2_control_node-2] [INFO] [1791161750.396701862] [controller_manager]: Spawning controller_manager RT thread with scheduler priority: 50
[ros2_control_node-2] [WARN] [1791161750.396782900] [controller_manager]: Could not enable FIFO RT scheduling policy: with error number <1>(Operation not permitted). See [https://control.ros.org/master/doc/ros2_control/controller_manager/doc/userdoc.html] for details on how to enable realtime scheduling.
[ros2_control_node-2] [INFO] [1791161750.460172106] [controller_manager]: Received robot description from topic.
[ros2_control_node-2] [INFO] [1791161750.460206142] [controller_manager]: Enforcing command limits is disabled. Command limits from URDF will be ignored.
[ros2_control_node-2] [INFO] [1791161750.520918617] [controller_manager]: Loading hardware 'ClearCore' 
[ros2_control_node-2] [INFO] [1791161750.629353779] [controller_manager]: Loaded hardware 'ClearCore' from plugin 'clearcore_hardware/ClearCoreSystemHardware'
[ros2_control_node-2] [INFO] [1791161750.629447089] [controller_manager]: Initialize hardware 'ClearCore' 
[ros2_control_node-2] [INFO] [1791161750.634343261] [controller_manager]: Successful initialization of hardware 'ClearCore'
[ros2_control_node-2] [INFO] [1791161750.634526296] [controller_manager]: Activating component 'ClearCore'.
[ros2_control_node-2] [INFO] [1791161750.634534568] [resource_manager]: 'configure' hardware 'ClearCore' 
[ros2_control_node-2] [INFO] [1791161750.634537234] [resource_manager]: Successful 'configure' of hardware 'ClearCore'
[ros2_control_node-2] [INFO] [1791161750.634539627] [resource_manager]: 'activate' hardware 'ClearCore' 
[ros2_control_node-2] [INFO] [1791161750.670312331] [resource_manager]: Successful 'activate' of hardware 'ClearCore'
[ros2_control_node-2] [INFO] [1791161750.670359986] [controller_manager]: Registering statistics for : ClearCore
[ros2_control_node-2] [INFO] [1791161750.670451193] [controller_manager]: Resource Manager has been successfully initialized. Starting Controller Manager services...
[spawner-4] [INFO] [1791161750.724080698] [spawner_joint_trajectory_controller]: waiting for service /controller_manager/list_controllers to become available...
[ros2_control_node-2] [INFO] [1791161750.975414524] [controller_manager]: Loading controller : 'joint_trajectory_controller' of type 'joint_trajectory_controller/JointTrajectoryController'
[ros2_control_node-2] [INFO] [1791161750.975448883] [controller_manager]: Loading controller 'joint_trajectory_controller'
[ros2_control_node-2] [INFO] [1791161750.982258523] [controller_manager]: Controller 'joint_trajectory_controller' node arguments: --ros-args --params-file /mnt/d/CCDev/EnhancedClearCoreLibrary/ClearCoreROS/ros2_ws/install/clearcore_hardware/share/clearcore_hardware/config/controllers.yaml --params-file /tmp/launch_params_mzm22oui 
[spawner-4] [INFO] [1791161751.021040904] [spawner_joint_trajectory_controller]: Loaded joint_trajectory_controller
[ros2_control_node-2] [INFO] [1791161751.021737350] [controller_manager]: Configuring controller: 'joint_trajectory_controller'
[ros2_control_node-2] [INFO] [1791161751.021815655] [joint_trajectory_controller]: No specific joint names are used for command interfaces. Using 'joints' parameter.
[ros2_control_node-2] [INFO] [1791161751.021833665] [joint_trajectory_controller]: Command interfaces are [position] and state interfaces are [position velocity].
[ros2_control_node-2] [INFO] [1791161751.021843416] [joint_trajectory_controller]: Using 'splines' interpolation method.
[ros2_control_node-2] [INFO] [1791161751.023391198] [joint_trajectory_controller]: Action status changes will be monitored at 20.00 Hz.
[ros2_control_node-2] [INFO] [1791161751.025878637] [joint_trajectory_controller]: Setting initial scaling factor to 1.000000
[ros2_control_node-2] [INFO] [1791161751.025898891] [joint_trajectory_controller]: No scaling interface set. This controller will not read speed scaling from the hardware.
[ros2_control_node-2] [INFO] [1791161751.041276170] [controller_manager]: Activating controllers: [ joint_trajectory_controller ]
[ros2_control_node-2] [INFO] [1791161751.060365466] [controller_manager]: Successfully switched controllers!
[spawner-4] [INFO] [1791161751.081013849] [spawner_joint_trajectory_controller]: Configured and activated joint_trajectory_controller
[spawner-3] [INFO] [1791161751.175797533] [spawner_joint_state_broadcaster]: waiting for service /controller_manager/list_controllers to become available...
[INFO] [spawner-4]: process has finished cleanly [pid 52293]
[ros2_control_node-2] [INFO] [1791161755.370423514] [controller_manager]: Loading controller : 'joint_state_broadcaster' of type 'joint_state_broadcaster/JointStateBroadcaster'
[ros2_control_node-2] [INFO] [1791161755.370469098] [controller_manager]: Loading controller 'joint_state_broadcaster'
[ros2_control_node-2] [INFO] [1791161755.430165492] [controller_manager]: Controller 'joint_state_broadcaster' node arguments: --ros-args --params-file /mnt/d/CCDev/EnhancedClearCoreLibrary/ClearCoreROS/ros2_ws/install/clearcore_hardware/share/clearcore_hardware/config/controllers.yaml --params-file /tmp/launch_params_mzm22oui 
[spawner-3] [INFO] [1791161755.466807211] [spawner_joint_state_broadcaster]: Loaded joint_state_broadcaster
[ros2_control_node-2] [INFO] [1791161755.467886352] [controller_manager]: Configuring controller: 'joint_state_broadcaster'
[ros2_control_node-2] [INFO] [1791161755.467958955] [joint_state_broadcaster]: 'joints' or 'interfaces' parameter is empty. All available state interfaces will be published
[ros2_control_node-2] [INFO] [1791161755.487281108] [controller_manager]: Activating controllers: [ joint_state_broadcaster ]
[ros2_control_node-2] [INFO] [1791161755.505894172] [controller_manager]: Successfully switched controllers!
[spawner-3] [INFO] [1791161755.526593480] [spawner_joint_state_broadcaster]: Configured and activated joint_state_broadcaster
[INFO] [spawner-3]: process has finished cleanly [pid 52291]
[ros2_control_node-2] [INFO] [1791161761.924255604] [joint_trajectory_controller]: Received new action goal
[ros2_control_node-2] [INFO] [1791161761.924285751] [joint_trajectory_controller]: Accepted new action goal
[ros2_control_node-2] [INFO] [1791161765.905781225] [joint_trajectory_controller]: Goal reached, success!
[WARNING] [launch]: user interrupted with ctrl-c (SIGINT)
[INFO] [ros2_control_node-2]: sending signal 'SIGINT' to process[ros2_control_node-2]
[INFO] [robot_state_publisher-1]: sending signal 'SIGINT' to process[robot_state_publisher-1]
[ros2_control_node-2] [INFO] [1791161766.271369430] [rclcpp]: signal_handler(SIGINT/SIGTERM)
[ros2_control_node-2] [INFO] [1791161766.271410604] [controller_manager]: Shutdown request received....
[ros2_control_node-2] [INFO] [1791161766.271439951] [controller_manager]: Shutting down all controllers in the controller manager.
[ros2_control_node-2] [INFO] [1791161766.271448782] [controller_manager]: Deactivating controller 'joint_state_broadcaster'
[ros2_control_node-2] [INFO] [1791161766.271462601] [controller_manager]: Shutting down controller 'joint_state_broadcaster'
[ros2_control_node-2] [INFO] [1791161766.271512049] [controller_manager]: Deactivating controller 'joint_trajectory_controller'
[ros2_control_node-2] [INFO] [1791161766.271527707] [controller_manager]: Shutting down controller 'joint_trajectory_controller'
[ros2_control_node-2] [INFO] [1791161766.271545747] [resource_manager]: 'deactivate' hardware 'ClearCore' 
[robot_state_publisher-1] [INFO] [1791161766.271720568] [rclcpp]: signal_handler(SIGINT/SIGTERM)
[ros2_control_node-2] [INFO] [1791161766.272776648] [resource_manager]: Successful 'deactivate' of hardware 'ClearCore'
[ros2_control_node-2] [INFO] [1791161766.272785084] [resource_manager]: 'shutdown' hardware 'ClearCore' 
[ros2_control_node-2] [INFO] [1791161766.272787145] [resource_manager]: Successful 'shutdown' of hardware 'ClearCore'
[ros2_control_node-2] [INFO] [1791161766.272809022] [controller_manager]: Shutting down the controller manager.
[ros2_control_node-2] [ERROR] [1791161766.272871518] [controller_manager.pal_statistics]: Exception in publisher thread: context cannot be slept with because it's invalid!. Aborting!
[ros2_control_node-2] [ERROR] [1791161766.272894777] [controller_manager.pal_statistics]: Exception in publisher thread: context cannot be slept with because it's invalid!. Aborting!
[ros2_control_node-2] [INFO] [1791161766.286071148] [controller_manager.pal_statistics]: Async messages lost 0
[ros2_control_node-2] [INFO] [1791161766.286093253] [controller_manager.pal_statistics]: publish_async_failures_ 0
[ros2_control_node-2] [INFO] [1791161766.286795748] [controller_manager.pal_statistics]: Async messages lost 0
[ros2_control_node-2] [INFO] [1791161766.286809965] [controller_manager.pal_statistics]: publish_async_failures_ 0
[INFO] [robot_state_publisher-1]: process has finished cleanly [pid 52287]
[INFO] [ros2_control_node-2]: process has finished cleanly [pid 52289]
