[INFO] [launch]: All log files can be found below /home/adam/.ros/log/2026-10-04-19-17-25-023974-DESKTOP-HF5K4CO-21242
[INFO] [launch]: Default logging verbosity is set to INFO
[INFO] [robot_state_publisher-1]: process started with pid [21281]
[INFO] [ros2_control_node-2]: process started with pid [21283]
[INFO] [spawner-3]: process started with pid [21285]
[INFO] [spawner-4]: process started with pid [21287]
[robot_state_publisher-1] [INFO] [1791159445.495680289] [robot_state_publisher]: Robot initialized
[ros2_control_node-2] [INFO] [1791159445.519244734] [controller_manager]: Using Steady (Monotonic) clock for triggering controller manager cycles.
[ros2_control_node-2] [INFO] [1791159445.641130448] [controller_manager]: Subscribing to '/robot_description' topic for robot description.
[ros2_control_node-2] [INFO] [1791159445.641173667] [controller_manager]: update rate is 50 Hz
[ros2_control_node-2] [INFO] [1791159445.641187490] [controller_manager]: Overruns handling is : enabled
[ros2_control_node-2] [INFO] [1791159445.641192671] [controller_manager]: Spawning controller_manager RT thread with scheduler priority: 50
[ros2_control_node-2] [WARN] [1791159445.644627378] [controller_manager]: Could not enable FIFO RT scheduling policy: with error number <1>(Operation not permitted). See [https://control.ros.org/master/doc/ros2_control/controller_manager/doc/userdoc.html] for details on how to enable realtime scheduling.
[ros2_control_node-2] [INFO] [1791159445.679649419] [controller_manager]: Received robot description from topic.
[ros2_control_node-2] [INFO] [1791159445.679681744] [controller_manager]: Enforcing command limits is disabled. Command limits from URDF will be ignored.
[ros2_control_node-2] [INFO] [1791159445.745357641] [controller_manager]: Loading hardware 'ClearCore' 
[ros2_control_node-2] [INFO] [1791159445.799702135] [controller_manager]: Loaded hardware 'ClearCore' from plugin 'clearcore_hardware/ClearCoreSystemHardware'
[ros2_control_node-2] [INFO] [1791159445.799769226] [controller_manager]: Initialize hardware 'ClearCore' 
[ros2_control_node-2] [INFO] [1791159445.810628321] [controller_manager]: Successful initialization of hardware 'ClearCore'
[ros2_control_node-2] [INFO] [1791159445.810855022] [controller_manager]: Activating component 'ClearCore'.
[ros2_control_node-2] [INFO] [1791159445.810865852] [resource_manager]: 'configure' hardware 'ClearCore' 
[ros2_control_node-2] [INFO] [1791159445.810869029] [resource_manager]: Successful 'configure' of hardware 'ClearCore'
[ros2_control_node-2] [INFO] [1791159445.810871904] [resource_manager]: 'activate' hardware 'ClearCore' 
[ros2_control_node-2] [INFO] [1791159445.860575800] [resource_manager]: Successful 'activate' of hardware 'ClearCore'
[ros2_control_node-2] [INFO] [1791159445.860631942] [controller_manager]: Registering statistics for : ClearCore
[ros2_control_node-2] [INFO] [1791159445.860719853] [controller_manager]: Resource Manager has been successfully initialized. Starting Controller Manager services...
[spawner-3] [INFO] [1791159446.089814454] [spawner_joint_state_broadcaster]: waiting for service /controller_manager/list_controllers to become available...
[ros2_control_node-2] [INFO] [1791159449.592620366] [controller_manager]: Loading controller : 'joint_state_broadcaster' of type 'joint_state_broadcaster/JointStateBroadcaster'
[ros2_control_node-2] [INFO] [1791159449.592655564] [controller_manager]: Loading controller 'joint_state_broadcaster'
[ros2_control_node-2] [INFO] [1791159449.612290686] [controller_manager]: Controller 'joint_state_broadcaster' node arguments: --ros-args --params-file /mnt/d/CCDev/EnhancedClearCoreLibrary/ClearCoreROS/ros2_ws/install/clearcore_hardware/share/clearcore_hardware/config/controllers.yaml --params-file /tmp/launch_params_6555t8xn 
[spawner-3] [INFO] [1791159449.625764976] [spawner_joint_state_broadcaster]: Loaded joint_state_broadcaster
[ros2_control_node-2] [INFO] [1791159449.626631148] [controller_manager]: Configuring controller: 'joint_state_broadcaster'
[ros2_control_node-2] [INFO] [1791159449.626680118] [joint_state_broadcaster]: 'joints' or 'interfaces' parameter is empty. All available state interfaces will be published
[ros2_control_node-2] [INFO] [1791159449.646173214] [controller_manager]: Activating controllers: [ joint_state_broadcaster ]
[ros2_control_node-2] [INFO] [1791159449.665008180] [controller_manager]: Successfully switched controllers!
[spawner-3] [INFO] [1791159449.685791791] [spawner_joint_state_broadcaster]: Configured and activated joint_state_broadcaster
[spawner-4] [INFO] [1791159449.757401430] [spawner_joint_trajectory_controller]: waiting for service /controller_manager/list_controllers to become available...
[INFO] [spawner-3]: process has finished cleanly [pid 21285]
[ros2_control_node-2] [INFO] [1791159450.014051895] [controller_manager]: Loading controller : 'joint_trajectory_controller' of type 'joint_trajectory_controller/JointTrajectoryController'
[ros2_control_node-2] [INFO] [1791159450.014095182] [controller_manager]: Loading controller 'joint_trajectory_controller'
[ros2_control_node-2] [INFO] [1791159450.022112689] [controller_manager]: Controller 'joint_trajectory_controller' node arguments: --ros-args --params-file /mnt/d/CCDev/EnhancedClearCoreLibrary/ClearCoreROS/ros2_ws/install/clearcore_hardware/share/clearcore_hardware/config/controllers.yaml --params-file /tmp/launch_params_6555t8xn 
[spawner-4] [INFO] [1791159450.105774447] [spawner_joint_trajectory_controller]: Loaded joint_trajectory_controller
[ros2_control_node-2] [INFO] [1791159450.106723824] [controller_manager]: Configuring controller: 'joint_trajectory_controller'
[ros2_control_node-2] [INFO] [1791159450.106887922] [joint_trajectory_controller]: No specific joint names are used for command interfaces. Using 'joints' parameter.
[ros2_control_node-2] [INFO] [1791159450.106908110] [joint_trajectory_controller]: Command interfaces are [position] and state interfaces are [position velocity].
[ros2_control_node-2] [INFO] [1791159450.106918876] [joint_trajectory_controller]: Using 'splines' interpolation method.
[ros2_control_node-2] [INFO] [1791159450.108153425] [joint_trajectory_controller]: Action status changes will be monitored at 20.00 Hz.
[ros2_control_node-2] [INFO] [1791159450.111086666] [joint_trajectory_controller]: Setting initial scaling factor to 1.000000
[ros2_control_node-2] [INFO] [1791159450.111107714] [joint_trajectory_controller]: No scaling interface set. This controller will not read speed scaling from the hardware.
[ros2_control_node-2] [INFO] [1791159450.126061068] [controller_manager]: Activating controllers: [ joint_trajectory_controller ]
[ros2_control_node-2] [INFO] [1791159450.145037147] [controller_manager]: Successfully switched controllers!
[spawner-4] [INFO] [1791159450.165825080] [spawner_joint_trajectory_controller]: Configured and activated joint_trajectory_controller
[INFO] [spawner-4]: process has finished cleanly [pid 21287]
[ros2_control_node-2] [INFO] [1791159457.488902211] [joint_trajectory_controller]: Received new action goal
[ros2_control_node-2] [INFO] [1791159457.488935918] [joint_trajectory_controller]: Accepted new action goal
[ros2_control_node-2] [INFO] [1791159465.089401893] [joint_trajectory_controller]: Goal reached, success!
[WARNING] [launch]: user interrupted with ctrl-c (SIGINT)
[INFO] [ros2_control_node-2]: sending signal 'SIGINT' to process[ros2_control_node-2]
[INFO] [robot_state_publisher-1]: sending signal 'SIGINT' to process[robot_state_publisher-1]
[ros2_control_node-2] [INFO] [1791159465.464616338] [rclcpp]: signal_handler(SIGINT/SIGTERM)
[ros2_control_node-2] [INFO] [1791159465.464650592] [controller_manager]: Shutdown request received....
[ros2_control_node-2] [INFO] [1791159465.464681111] [controller_manager]: Shutting down all controllers in the controller manager.
[ros2_control_node-2] [INFO] [1791159465.464689591] [controller_manager]: Deactivating controller 'joint_trajectory_controller'
[ros2_control_node-2] [INFO] [1791159465.464707175] [controller_manager]: Shutting down controller 'joint_trajectory_controller'
[ros2_control_node-2] [INFO] [1791159465.464761805] [controller_manager]: Deactivating controller 'joint_state_broadcaster'
[ros2_control_node-2] [INFO] [1791159465.464776136] [controller_manager]: Shutting down controller 'joint_state_broadcaster'
[ros2_control_node-2] [INFO] [1791159465.464803691] [resource_manager]: 'deactivate' hardware 'ClearCore' 
[robot_state_publisher-1] [INFO] [1791159465.464961615] [rclcpp]: signal_handler(SIGINT/SIGTERM)
[ros2_control_node-2] [INFO] [1791159465.465568670] [resource_manager]: Successful 'deactivate' of hardware 'ClearCore'
[ros2_control_node-2] [INFO] [1791159465.465577195] [resource_manager]: 'shutdown' hardware 'ClearCore' 
[ros2_control_node-2] [INFO] [1791159465.465579104] [resource_manager]: Successful 'shutdown' of hardware 'ClearCore'
[ros2_control_node-2] [INFO] [1791159465.465598401] [controller_manager]: Shutting down the controller manager.
[ros2_control_node-2] [ERROR] [1791159465.465661788] [controller_manager.pal_statistics]: Exception in publisher thread: context cannot be slept with because it's invalid!. Aborting!
[ros2_control_node-2] [ERROR] [1791159465.465679261] [controller_manager.pal_statistics]: Exception in publisher thread: context cannot be slept with because it's invalid!. Aborting!
[ros2_control_node-2] [INFO] [1791159465.469474580] [controller_manager.pal_statistics]: Async messages lost 0
[ros2_control_node-2] [INFO] [1791159465.469488444] [controller_manager.pal_statistics]: publish_async_failures_ 0
[ros2_control_node-2] [INFO] [1791159465.470105859] [controller_manager.pal_statistics]: Async messages lost 0
[ros2_control_node-2] [INFO] [1791159465.470121273] [controller_manager.pal_statistics]: publish_async_failures_ 0
[INFO] [robot_state_publisher-1]: process has finished cleanly [pid 21281]
[INFO] [ros2_control_node-2]: process has finished cleanly [pid 21283]
