[INFO] [launch]: All log files can be found below /home/adam/.ros/log/2026-10-04-18-05-24-959399-DESKTOP-HF5K4CO-1777
[INFO] [launch]: Default logging verbosity is set to INFO
[INFO] [robot_state_publisher-1]: process started with pid [1817]
[INFO] [ros2_control_node-2]: process started with pid [1819]
[INFO] [spawner-3]: process started with pid [1821]
[INFO] [spawner-4]: process started with pid [1823]
[robot_state_publisher-1] [INFO] [1791155125.534045751] [robot_state_publisher]: Robot initialized
[ros2_control_node-2] [INFO] [1791155125.562135786] [controller_manager]: Using Steady (Monotonic) clock for triggering controller manager cycles.
[ros2_control_node-2] [INFO] [1791155125.685670584] [controller_manager]: Subscribing to '/robot_description' topic for robot description.
[ros2_control_node-2] [INFO] [1791155125.685737321] [controller_manager]: update rate is 50 Hz
[ros2_control_node-2] [INFO] [1791155125.685749540] [controller_manager]: Overruns handling is : enabled
[ros2_control_node-2] [INFO] [1791155125.685756721] [controller_manager]: Spawning controller_manager RT thread with scheduler priority: 50
[ros2_control_node-2] [WARN] [1791155125.689539804] [controller_manager]: Could not enable FIFO RT scheduling policy: with error number <1>(Operation not permitted). See [https://control.ros.org/master/doc/ros2_control/controller_manager/doc/userdoc.html] for details on how to enable realtime scheduling.
[ros2_control_node-2] [INFO] [1791155125.716910612] [controller_manager]: Received robot description from topic.
[ros2_control_node-2] [INFO] [1791155125.717310630] [controller_manager]: Enforcing command limits is disabled. Command limits from URDF will be ignored.
[ros2_control_node-2] [INFO] [1791155125.755229176] [controller_manager]: Loading hardware 'ClearCore' 
[ros2_control_node-2] [INFO] [1791155125.883121220] [controller_manager]: Loaded hardware 'ClearCore' from plugin 'clearcore_hardware/ClearCoreSystemHardware'
[ros2_control_node-2] [INFO] [1791155125.883227168] [controller_manager]: Initialize hardware 'ClearCore' 
[ros2_control_node-2] [INFO] [1791155125.888184351] [controller_manager]: Successful initialization of hardware 'ClearCore'
[ros2_control_node-2] [INFO] [1791155125.888400237] [controller_manager]: Activating component 'ClearCore'.
[ros2_control_node-2] [INFO] [1791155125.888408028] [resource_manager]: 'configure' hardware 'ClearCore' 
[ros2_control_node-2] [INFO] [1791155125.888411266] [resource_manager]: Successful 'configure' of hardware 'ClearCore'
[ros2_control_node-2] [INFO] [1791155125.888414719] [resource_manager]: 'activate' hardware 'ClearCore' 
[ros2_control_node-2] [INFO] [1791155125.942572159] [resource_manager]: Successful 'activate' of hardware 'ClearCore'
[ros2_control_node-2] [INFO] [1791155125.942631218] [controller_manager]: Registering statistics for : ClearCore
[ros2_control_node-2] [INFO] [1791155125.942769434] [controller_manager]: Resource Manager has been successfully initialized. Starting Controller Manager services...
[spawner-3] [INFO] [1791155126.075790233] [spawner_joint_state_broadcaster]: waiting for service /controller_manager/list_controllers to become available...
[ros2_control_node-2] [INFO] [1791155126.327388722] [controller_manager]: Loading controller : 'joint_state_broadcaster' of type 'joint_state_broadcaster/JointStateBroadcaster'
[ros2_control_node-2] [INFO] [1791155126.327428739] [controller_manager]: Loading controller 'joint_state_broadcaster'
[ros2_control_node-2] [INFO] [1791155126.352254602] [controller_manager]: Controller 'joint_state_broadcaster' node arguments: --ros-args --params-file /mnt/d/CCDev/EnhancedClearCoreLibrary/ClearCoreROS/ros2_ws/install/clearcore_hardware/share/clearcore_hardware/config/controllers.yaml --params-file /tmp/launch_params_qifx3r9l 
[spawner-3] [INFO] [1791155126.372822968] [spawner_joint_state_broadcaster]: Loaded joint_state_broadcaster
[ros2_control_node-2] [INFO] [1791155126.373583859] [controller_manager]: Configuring controller: 'joint_state_broadcaster'
[ros2_control_node-2] [INFO] [1791155126.373632300] [joint_state_broadcaster]: 'joints' or 'interfaces' parameter is empty. All available state interfaces will be published
[ros2_control_node-2] [INFO] [1791155126.392992106] [controller_manager]: Activating controllers: [ joint_state_broadcaster ]
[ros2_control_node-2] [INFO] [1791155126.411798636] [controller_manager]: Successfully switched controllers!
[spawner-3] [INFO] [1791155126.432805561] [spawner_joint_state_broadcaster]: Configured and activated joint_state_broadcaster
[spawner-4] [INFO] [1791155126.521984866] [spawner_joint_trajectory_controller]: waiting for service /controller_manager/list_controllers to become available...
[INFO] [spawner-3]: process has finished cleanly [pid 1821]
[ros2_control_node-2] [INFO] [1791155127.038453529] [controller_manager]: Loading controller : 'joint_trajectory_controller' of type 'joint_trajectory_controller/JointTrajectoryController'
[ros2_control_node-2] [INFO] [1791155127.038489379] [controller_manager]: Loading controller 'joint_trajectory_controller'
[ros2_control_node-2] [INFO] [1791155127.051018550] [controller_manager]: Controller 'joint_trajectory_controller' node arguments: --ros-args --params-file /mnt/d/CCDev/EnhancedClearCoreLibrary/ClearCoreROS/ros2_ws/install/clearcore_hardware/share/clearcore_hardware/config/controllers.yaml --params-file /tmp/launch_params_qifx3r9l 
[spawner-4] [INFO] [1791155127.153703529] [spawner_joint_trajectory_controller]: Loaded joint_trajectory_controller
[ros2_control_node-2] [INFO] [1791155127.155987870] [controller_manager]: Configuring controller: 'joint_trajectory_controller'
[ros2_control_node-2] [INFO] [1791155127.156125878] [joint_trajectory_controller]: No specific joint names are used for command interfaces. Using 'joints' parameter.
[ros2_control_node-2] [INFO] [1791155127.156140065] [joint_trajectory_controller]: Command interfaces are [position] and state interfaces are [position velocity].
[ros2_control_node-2] [INFO] [1791155127.156151436] [joint_trajectory_controller]: Using 'splines' interpolation method.
[ros2_control_node-2] [INFO] [1791155127.158447797] [joint_trajectory_controller]: Action status changes will be monitored at 20.00 Hz.
[ros2_control_node-2] [INFO] [1791155127.164843257] [joint_trajectory_controller]: Setting initial scaling factor to 1.000000
[ros2_control_node-2] [INFO] [1791155127.165009533] [joint_trajectory_controller]: No scaling interface set. This controller will not read speed scaling from the hardware.
[ros2_control_node-2] [INFO] [1791155127.256221169] [controller_manager]: Activating controllers: [ joint_trajectory_controller ]
[ros2_control_node-2] [INFO] [1791155127.271867571] [controller_manager]: Successfully switched controllers!
[spawner-4] [INFO] [1791155127.292768936] [spawner_joint_trajectory_controller]: Configured and activated joint_trajectory_controller
[INFO] [spawner-4]: process has finished cleanly [pid 1823]
[robot_state_publisher-1] [WARN] [1791154970.244640765] [robot_state_publisher]: Moved backwards in time, re-publishing joint transforms!
[ros2_control_node-2] [INFO] [1791155130.315390991] [joint_trajectory_controller]: Received new action goal
[ros2_control_node-2] [INFO] [1791155130.315427576] [joint_trajectory_controller]: Accepted new action goal
[ros2_control_node-2] [INFO] [1791155134.311361645] [joint_trajectory_controller]: Goal reached, success!
[WARNING] [launch]: user interrupted with ctrl-c (SIGINT)
[INFO] [ros2_control_node-2]: sending signal 'SIGINT' to process[ros2_control_node-2]
[INFO] [robot_state_publisher-1]: sending signal 'SIGINT' to process[robot_state_publisher-1]
[ros2_control_node-2] [INFO] [1791155134.711543202] [rclcpp]: signal_handler(SIGINT/SIGTERM)
[ros2_control_node-2] [INFO] [1791155134.711600393] [controller_manager]: Shutdown request received....
[ros2_control_node-2] [INFO] [1791155134.711630290] [controller_manager]: Shutting down all controllers in the controller manager.
[ros2_control_node-2] [INFO] [1791155134.711642452] [controller_manager]: Deactivating controller 'joint_trajectory_controller'
[ros2_control_node-2] [INFO] [1791155134.711669908] [controller_manager]: Shutting down controller 'joint_trajectory_controller'
[ros2_control_node-2] [INFO] [1791155134.711737837] [controller_manager]: Deactivating controller 'joint_state_broadcaster'
[ros2_control_node-2] [INFO] [1791155134.711754867] [controller_manager]: Shutting down controller 'joint_state_broadcaster'
[ros2_control_node-2] [INFO] [1791155134.711776002] [resource_manager]: 'deactivate' hardware 'ClearCore' 
[robot_state_publisher-1] [INFO] [1791155134.712022167] [rclcpp]: signal_handler(SIGINT/SIGTERM)
[ros2_control_node-2] [INFO] [1791155134.713330401] [resource_manager]: Successful 'deactivate' of hardware 'ClearCore'
[ros2_control_node-2] [INFO] [1791155134.713340193] [resource_manager]: 'shutdown' hardware 'ClearCore' 
[ros2_control_node-2] [INFO] [1791155134.713343074] [resource_manager]: Successful 'shutdown' of hardware 'ClearCore'
[ros2_control_node-2] [INFO] [1791155134.713364283] [controller_manager]: Shutting down the controller manager.
[ros2_control_node-2] [ERROR] [1791155134.713456312] [controller_manager.pal_statistics]: Exception in publisher thread: context cannot be slept with because it's invalid!. Aborting!
[ros2_control_node-2] [ERROR] [1791155134.713456530] [controller_manager.pal_statistics]: Exception in publisher thread: context cannot be slept with because it's invalid!. Aborting!
[ros2_control_node-2] [INFO] [1791155134.731475052] [controller_manager.pal_statistics]: Async messages lost 0
[ros2_control_node-2] [INFO] [1791155134.731495277] [controller_manager.pal_statistics]: publish_async_failures_ 0
[ros2_control_node-2] [INFO] [1791155134.732374016] [controller_manager.pal_statistics]: Async messages lost 0
[ros2_control_node-2] [INFO] [1791155134.732390925] [controller_manager.pal_statistics]: publish_async_failures_ 0
[INFO] [robot_state_publisher-1]: process has finished cleanly [pid 1817]
[INFO] [ros2_control_node-2]: process has finished cleanly [pid 1819]
