A message was lost!!!
	total count change:1
	total count: 1---
header:
  stamp:
    sec: 1791161547
    nanosec: 516691268
  frame_id: base_link
name:
- joint_x
- joint_y
position:
- 0.0
- 0.0
velocity:
- 0.0
- 0.0
effort:
- .nan
- .nan
---
header:
  stamp:
    sec: 1791161547
    nanosec: 536698837
  frame_id: base_link
name:
- joint_x
- joint_y
position:
- 0.0
- 0.0
velocity:
- 0.0
- 0.0
effort:
- .nan
- .nan
---
header:
  stamp:
    sec: 1791161547
    nanosec: 556684685
  frame_id: base_link
name:
- joint_x
- joint_y
position:
- 0.0
- 0.0
velocity:
- 0.0
- 0.0
effort:
- .nan
- .nan
---
header:
  stamp:
    sec: 1791161547
    nanosec: 576714756
  frame_id: base_link
name:
- joint_x
- joint_y
position:
- 0.0
- 0.0
velocity:
- 0.0
- 0.0
effort:
- .nan
- .nan
---
header:
  stamp:
    sec: 1791161547
    nanosec: 596690093
  frame_id: base_link
name:
- joint_x
- joint_y
position:
- 0.0
- 0.0
velocity:
- 0.0
- 0.0
effort:
- .nan
- .nan
---
header:
  stamp:
    sec: 1791161547
    nanosec: 616699225
  frame_id: base_link
name:
- joint_x
- joint_y
position:
- 0.0
- 0.0
velocity:
- 0.0
- 0.0
effort:
- .nan
- .nan
---
header:
  stamp:
    sec: 1791161547
    nanosec: 636687272
  frame_id: base_link
name:
- joint_x
- joint_y
position:
- 0.0
- 0.0
velocity:
- 0.0
- 0.0
effort:
- .nan
- .nan
---
header:
  stamp:
    sec: 1791161547
    nanosec: 656686445
  frame_id: base_link
name:
- joint_x
- joint_y
position:
- 0.0
- 0.0
velocity:
- 0.0
- 0.0
effort:
- .nan
- .nan
---
header:
  stamp:
    sec: 1791161547
    nanosec: 676691633
  frame_id: base_link
name:
- joint_x
- joint_y
position:
- 0.0
- 0.0
velocity:
- 0.0
- 0.0
effort:
- .nan
- .nan
---
header:
  stamp:
    sec: 1791161547
    nanosec: 696684921
  frame_id: base_link
name:
- joint_x
- joint_y
position:
- 0.0
- 0.0
velocity:
- 0.0
- 0.0
effort:
- .nan
- .nan
---
header:
  stamp:
    sec: 1791161547
    nanosec: 716766027
  frame_id: base_link
name:
- joint_x
- joint_y
position:
- 0.0
- 0.0
velocity:
- 0.0
- 0.0
effort:
- .nan
- .nan
---
header:
  stamp:
    sec: 1791161547
    nanosec: 736684272
  frame_id: base_link
name:
- joint_x
- joint_y
position:
- 0.0
- 0.0
velocity:
- 0.0
- 0.0
effort:
- .nan
- .nan
---
header:
  stamp:
    sec: 1791161547
    nanosec: 756712068
  frame_id: base_link
name:
- joint_x
- joint_y
position:
- 0.0
- 0.0
velocity:
- 0.0
- 0.0
effort:
- .nan
- .nan
---
header:
  stamp:
    sec: 1791161547
    nanosec: 776686168
  frame_id: base_link
name:
- joint_x
- joint_y
position:
- 0.0
- 0.0
velocity:
- 0.0
- 0.0
effort:
- .nan
- .nan
---
header:
  stamp:
    sec: 1791161547
    nanosec: 796688077
  frame_id: base_link
name:
- joint_x
- joint_y
position:
- 0.0
- 0.0
velocity:
- 0.0
- 0.0
effort:
- .nan
- .nan
---
header:
  stamp:
    sec: 1791161547
    nanosec: 816692886
  frame_id: base_link
name:
- joint_x
- joint_y
position:
- 0.0
- 0.0
velocity:
- 0.0
- 0.0
effort:
- .nan
- .nan
---
header:
  stamp:
    sec: 1791161547
    nanosec: 836690233
  frame_id: base_link
name:
- joint_x
- joint_y
position:
- 0.0
- 0.0
velocity:
- 0.0
- 0.0
effort:
- .nan
- .nan
---
header:
  stamp:
    sec: 1791161547
    nanosec: 856687773
  frame_id: base_link
name:
- joint_x
- joint_y
position:
- 0.0
- 0.0
velocity:
- 0.0
- 0.0
effort:
- .nan
- .nan
---
header:
  stamp:
    sec: 1791161547
    nanosec: 876687748
  frame_id: base_link
name:
- joint_x
- joint_y
position:
- 0.0
- 0.0
velocity:
- 0.0
- 0.0
effort:
- .nan
- .nan
---
header:
  stamp:
    sec: 1791161547
    nanosec: 896693263
  frame_id: base_link
name:
- joint_x
- joint_y
position:
- 0.0
- 0.0
velocity:
- 0.0
- 0.0
effort:
- .nan
- .nan
---
header:
  stamp:
    sec: 1791161547
    nanosec: 916685029
  frame_id: base_link
name:
- joint_x
- joint_y
position:
- 0.0
- 0.0
velocity:
- 0.0
- 0.0
effort:
- .nan
- .nan
---
header:
  stamp:
    sec: 1791161547
    nanosec: 936685743
  frame_id: base_link
name:
- joint_x
- joint_y
position:
- 0.0
- 0.0
velocity:
- 0.0
- 0.0
effort:
- .nan
- .nan
---
header:
  stamp:
    sec: 1791161547
    nanosec: 956683567
  frame_id: base_link
name:
- joint_x
- joint_y
position:
- 0.0
- 0.0
velocity:
- 0.0
- 0.0
effort:
- .nan
- .nan
---
header:
  stamp:
    sec: 1791161547
    nanosec: 976683141
  frame_id: base_link
name:
- joint_x
- joint_y
position:
- 0.0
- 0.0
velocity:
- 0.0
- 0.0
effort:
- .nan
- .nan
---
header:
  stamp:
    sec: 1791161547
    nanosec: 996696786
  frame_id: base_link
name:
- joint_x
- joint_y
position:
- 0.0
- 0.0
velocity:
- 0.0
- 0.0
effort:
- .nan
- .nan
---
header:
  stamp:
    sec: 1791161548
    nanosec: 16684808
  frame_id: base_link
name:
- joint_x
- joint_y
position:
- 0.0
- 0.0
velocity:
- 0.0
- 0.0
effort:
- .nan
- .nan
---
header:
  stamp:
    sec: 1791161548
    nanosec: 36683217
  frame_id: base_link
name:
- joint_x
- joint_y
position:
- 0.0
- 0.0
velocity:
- 0.0
- 0.0
effort:
- .nan
- .nan
---
header:
  stamp:
    sec: 1791161548
    nanosec: 56691287
  frame_id: base_link
name:
- joint_x
- joint_y
position:
- 0.0
- 0.0
velocity:
- 0.0
- 0.0
effort:
- .nan
- .nan
---
header:
  stamp:
    sec: 1791161548
    nanosec: 76685348
  frame_id: base_link
name:
- joint_x
- joint_y
position:
- 0.0
- 0.0
velocity:
- 0.0
- 0.0
effort:
- .nan
- .nan
---
header:
  stamp:
    sec: 1791161548
    nanosec: 96685460
  frame_id: base_link
name:
- joint_x
- joint_y
position:
- 0.0
- 0.0
velocity:
- 0.0
- 0.0
effort:
- .nan
- .nan
---
header:
  stamp:
    sec: 1791161548
    nanosec: 116684493
  frame_id: base_link
name:
- joint_x
- joint_y
position:
- 0.0
- 0.0
velocity:
- 0.0
- 0.0
effort:
- .nan
- .nan
---
header:
  stamp:
    sec: 1791161548
    nanosec: 136690957
  frame_id: base_link
name:
- joint_x
- joint_y
position:
- 0.0
- 0.0
velocity:
- 0.0
- 0.0
effort:
- .nan
- .nan
---
header:
  stamp:
    sec: 1791161548
    nanosec: 156689420
  frame_id: base_link
name:
- joint_x
- joint_y
position:
- 0.0
- 0.0
velocity:
- 0.0
- 0.0
effort:
- .nan
- .nan
---
header:
  stamp:
    sec: 1791161548
    nanosec: 176692581
  frame_id: base_link
name:
- joint_x
- joint_y
position:
- 0.0
- 0.0
velocity:
- 0.0
- 0.0
effort:
- .nan
- .nan
---
header:
  stamp:
    sec: 1791161548
    nanosec: 196683814
  frame_id: base_link
name:
- joint_x
- joint_y
position:
- 0.0
- 0.0
velocity:
- 0.0
- 0.0
effort:
- .nan
- .nan
---
header:
  stamp:
    sec: 1791161548
    nanosec: 216685298
  frame_id: base_link
name:
- joint_x
- joint_y
position:
- 0.0
- 0.0
velocity:
- 0.0
- 0.0
effort:
- .nan
- .nan
---
header:
  stamp:
    sec: 1791161548
    nanosec: 236687596
  frame_id: base_link
name:
- joint_x
- joint_y
position:
- 0.0
- 0.0
velocity:
- 0.0
- 0.0
effort:
- .nan
- .nan
---
header:
  stamp:
    sec: 1791161548
    nanosec: 256689775
  frame_id: base_link
name:
- joint_x
- joint_y
position:
- 0.0
- 0.0
velocity:
- 0.0
- 0.0
effort:
- .nan
- .nan
---
header:
  stamp:
    sec: 1791161548
    nanosec: 276687936
  frame_id: base_link
name:
- joint_x
- joint_y
position:
- 0.0
- 0.0
velocity:
- 0.0
- 0.0
effort:
- .nan
- .nan
---
header:
  stamp:
    sec: 1791161548
    nanosec: 296689904
  frame_id: base_link
name:
- joint_x
- joint_y
position:
- 0.0
- 0.0
velocity:
- 0.0
- 0.0
effort:
- .nan
- .nan
---
header:
  stamp:
    sec: 1791161548
    nanosec: 316697921
  frame_id: base_link
name:
- joint_x
- joint_y
position:
- 0.0
- 0.0
velocity:
- 0.0
- 0.0
effort:
- .nan
- .nan
---
header:
  stamp:
    sec: 1791161548
    nanosec: 336686230
  frame_id: base_link
name:
- joint_x
- joint_y
position:
- 0.0
- 0.0
velocity:
- 0.0
- 0.0
effort:
- .nan
- .nan
---
header:
  stamp:
    sec: 1791161548
    nanosec: 356688280
  frame_id: base_link
name:
- joint_x
- joint_y
position:
- 0.0
- 0.0
velocity:
- 0.0
- 0.0
effort:
- .nan
- .nan
---
header:
  stamp:
    sec: 1791161548
    nanosec: 376686247
  frame_id: base_link
name:
- joint_x
- joint_y
position:
- 0.0
- 0.0
velocity:
- 0.0
- 0.0
effort:
- .nan
- .nan
---
header:
  stamp:
    sec: 1791161548
    nanosec: 396694829
  frame_id: base_link
name:
- joint_x
- joint_y
position:
- 0.0
- 0.0
velocity:
- 0.0
- 0.0
effort:
- .nan
- .nan
---
header:
  stamp:
    sec: 1791161548
    nanosec: 416702012
  frame_id: base_link
name:
- joint_x
- joint_y
position:
- 0.0
- 0.0
velocity:
- 0.0
- 0.0
effort:
- .nan
- .nan
---
header:
  stamp:
    sec: 1791161548
    nanosec: 436689221
  frame_id: base_link
name:
- joint_x
- joint_y
position:
- 0.0
- 0.0
velocity:
- 0.0
- 0.0
effort:
- .nan
- .nan
---
header:
  stamp:
    sec: 1791161548
    nanosec: 456685348
  frame_id: base_link
name:
- joint_x
- joint_y
position:
- 0.0
- 0.0
velocity:
- 0.0
- 0.0
effort:
- .nan
- .nan
---
header:
  stamp:
    sec: 1791161548
    nanosec: 476690778
  frame_id: base_link
name:
- joint_x
- joint_y
position:
- 0.0
- 0.0
velocity:
- 0.0
- 0.0
effort:
- .nan
- .nan
---
header:
  stamp:
    sec: 1791161548
    nanosec: 496691399
  frame_id: base_link
name:
- joint_x
- joint_y
position:
- 0.0
- 0.0
velocity:
- 0.0
- 0.0
effort:
- .nan
- .nan
---
header:
  stamp:
    sec: 1791161548
    nanosec: 516692897
  frame_id: base_link
name:
- joint_x
- joint_y
position:
- 0.0
- 0.0
velocity:
- 0.0
- 0.0
effort:
- .nan
- .nan
---
header:
  stamp:
    sec: 1791161548
    nanosec: 536691572
  frame_id: base_link
name:
- joint_x
- joint_y
position:
- 0.0
- 0.0
velocity:
- 0.0
- 0.0
effort:
- .nan
- .nan
---
header:
  stamp:
    sec: 1791161548
    nanosec: 556703042
  frame_id: base_link
name:
- joint_x
- joint_y
position:
- 0.0
- 0.0
velocity:
- 0.0
- 0.0
effort:
- .nan
- .nan
---
header:
  stamp:
    sec: 1791161548
    nanosec: 576705819
  frame_id: base_link
name:
- joint_x
- joint_y
position:
- 0.0
- 0.0
velocity:
- 0.0
- 0.0
effort:
- .nan
- .nan
---
header:
  stamp:
    sec: 1791161548
    nanosec: 596700104
  frame_id: base_link
name:
- joint_x
- joint_y
position:
- 0.0
- 0.0
velocity:
- 0.0
- 0.0
effort:
- .nan
- .nan
---
header:
  stamp:
    sec: 1791161548
    nanosec: 616697899
  frame_id: base_link
name:
- joint_x
- joint_y
position:
- 0.0
- 0.0
velocity:
- 0.0
- 0.0
effort:
- .nan
- .nan
---
header:
  stamp:
    sec: 1791161548
    nanosec: 636694183
  frame_id: base_link
name:
- joint_x
- joint_y
position:
- 0.0
- 0.0
velocity:
- 0.0
- 0.0
effort:
- .nan
- .nan
---
header:
  stamp:
    sec: 1791161548
    nanosec: 656700566
  frame_id: base_link
name:
- joint_x
- joint_y
position:
- 0.0
- 0.0
velocity:
- 0.0
- 0.0
effort:
- .nan
- .nan
---
header:
  stamp:
    sec: 1791161548
    nanosec: 676689313
  frame_id: base_link
name:
- joint_x
- joint_y
position:
- 0.0
- 0.0
velocity:
- 0.0
- 0.0
effort:
- .nan
- .nan
---
header:
  stamp:
    sec: 1791161548
    nanosec: 696691028
  frame_id: base_link
name:
- joint_x
- joint_y
position:
- 0.0
- 0.0
velocity:
- 0.0
- 0.0
effort:
- .nan
- .nan
---
header:
  stamp:
    sec: 1791161548
    nanosec: 716691520
  frame_id: base_link
name:
- joint_x
- joint_y
position:
- 0.0
- 0.0
velocity:
- 0.0
- 0.0
effort:
- .nan
- .nan
---
header:
  stamp:
    sec: 1791161548
    nanosec: 736703092
  frame_id: base_link
name:
- joint_x
- joint_y
position:
- 0.0
- 0.0
velocity:
- 0.0
- 0.0
effort:
- .nan
- .nan
---
header:
  stamp:
    sec: 1791161548
    nanosec: 756692882
  frame_id: base_link
name:
- joint_x
- joint_y
position:
- 0.0
- 0.0
velocity:
- 0.0
- 0.0
effort:
- .nan
- .nan
---
header:
  stamp:
    sec: 1791161548
    nanosec: 776728769
  frame_id: base_link
name:
- joint_x
- joint_y
position:
- 0.0
- 0.0
velocity:
- 0.0
- 0.0
effort:
- .nan
- .nan
---
header:
  stamp:
    sec: 1791161548
    nanosec: 796710859
  frame_id: base_link
name:
- joint_x
- joint_y
position:
- 0.0
- 0.0
velocity:
- 0.0
- 0.0
effort:
- .nan
- .nan
---
header:
  stamp:
    sec: 1791161548
    nanosec: 816711701
  frame_id: base_link
name:
- joint_x
- joint_y
position:
- 0.0
- 0.0
velocity:
- 0.0
- 0.0
effort:
- .nan
- .nan
---
header:
  stamp:
    sec: 1791161548
    nanosec: 836716653
  frame_id: base_link
name:
- joint_x
- joint_y
position:
- 0.0
- 0.0
velocity:
- 0.0
- 0.0
effort:
- .nan
- .nan
---
header:
  stamp:
    sec: 1791161548
    nanosec: 856715072
  frame_id: base_link
name:
- joint_x
- joint_y
position:
- 0.0
- 0.0
velocity:
- 0.0
- 0.0
effort:
- .nan
- .nan
---
header:
  stamp:
    sec: 1791161548
    nanosec: 876708757
  frame_id: base_link
name:
- joint_x
- joint_y
position:
- 0.0
- 0.0
velocity:
- 0.0
- 0.0
effort:
- .nan
- .nan
---
header:
  stamp:
    sec: 1791161548
    nanosec: 896715457
  frame_id: base_link
name:
- joint_x
- joint_y
position:
- 0.0
- 0.0
velocity:
- 0.0
- 0.0
effort:
- .nan
- .nan
---
header:
  stamp:
    sec: 1791161548
    nanosec: 916712860
  frame_id: base_link
name:
- joint_x
- joint_y
position:
- 0.0
- 0.0
velocity:
- 0.0
- 0.0
effort:
- .nan
- .nan
---
header:
  stamp:
    sec: 1791161548
    nanosec: 936723498
  frame_id: base_link
name:
- joint_x
- joint_y
position:
- 0.0
- 0.0
velocity:
- 0.0
- 0.0
effort:
- .nan
- .nan
---
header:
  stamp:
    sec: 1791161548
    nanosec: 956736899
  frame_id: base_link
name:
- joint_x
- joint_y
position:
- 0.0
- 0.0
velocity:
- 0.0
- 0.0
effort:
- .nan
- .nan
---
header:
  stamp:
    sec: 1791161548
    nanosec: 976703257
  frame_id: base_link
name:
- joint_x
- joint_y
position:
- 0.0
- 0.0
velocity:
- 0.0
- 0.0
effort:
- .nan
- .nan
---
header:
  stamp:
    sec: 1791161548
    nanosec: 996700899
  frame_id: base_link
name:
- joint_x
- joint_y
position:
- 0.0
- 0.0
velocity:
- 0.0
- 0.0
effort:
- .nan
- .nan
---
header:
  stamp:
    sec: 1791161549
    nanosec: 16700034
  frame_id: base_link
name:
- joint_x
- joint_y
position:
- 0.0
- 0.0
velocity:
- 0.0
- 0.0
effort:
- .nan
- .nan
---
header:
  stamp:
    sec: 1791161549
    nanosec: 36713145
  frame_id: base_link
name:
- joint_x
- joint_y
position:
- 0.0
- 0.0
velocity:
- 0.0
- 0.0
effort:
- .nan
- .nan
---
header:
  stamp:
    sec: 1791161549
    nanosec: 56707690
  frame_id: base_link
name:
- joint_x
- joint_y
position:
- 0.0
- 0.0
velocity:
- 0.0
- 0.0
effort:
- .nan
- .nan
---
header:
  stamp:
    sec: 1791161549
    nanosec: 76838172
  frame_id: base_link
name:
- joint_x
- joint_y
position:
- 0.0
- 0.0
velocity:
- 0.0
- 0.0
effort:
- .nan
- .nan
---
header:
  stamp:
    sec: 1791161549
    nanosec: 101281109
  frame_id: base_link
name:
- joint_x
- joint_y
position:
- 0.0
- 0.0
velocity:
- 0.0
- 0.0
effort:
- .nan
- .nan
---
header:
  stamp:
    sec: 1791161549
    nanosec: 116729440
  frame_id: base_link
name:
- joint_x
- joint_y
position:
- 0.0
- 0.0
velocity:
- 0.0
- 0.0
effort:
- .nan
- .nan
---
header:
  stamp:
    sec: 1791161549
    nanosec: 136726353
  frame_id: base_link
name:
- joint_x
- joint_y
position:
- 0.0
- 0.0
velocity:
- 0.0
- 0.0
effort:
- .nan
- .nan
---
header:
  stamp:
    sec: 1791161549
    nanosec: 156708632
  frame_id: base_link
name:
- joint_x
- joint_y
position:
- 0.0
- 0.0
velocity:
- 0.0
- 0.0
effort:
- .nan
- .nan
---
header:
  stamp:
    sec: 1791161549
    nanosec: 176692866
  frame_id: base_link
name:
- joint_x
- joint_y
position:
- 0.0
- 0.0
velocity:
- 0.0
- 0.0
effort:
- .nan
- .nan
---
header:
  stamp:
    sec: 1791161549
    nanosec: 199090939
  frame_id: base_link
name:
- joint_x
- joint_y
position:
- 0.0
- 0.0
velocity:
- 0.0
- 0.0
effort:
- .nan
- .nan
---
header:
  stamp:
    sec: 1791161549
    nanosec: 216700897
  frame_id: base_link
name:
- joint_x
- joint_y
position:
- 0.0
- 0.0
velocity:
- 0.0
- 0.0
effort:
- .nan
- .nan
---
header:
  stamp:
    sec: 1791161549
    nanosec: 236684047
  frame_id: base_link
name:
- joint_x
- joint_y
position:
- 0.0
- 0.0
velocity:
- 0.0
- 0.0
effort:
- .nan
- .nan
---
header:
  stamp:
    sec: 1791161549
    nanosec: 256678583
  frame_id: base_link
name:
- joint_x
- joint_y
position:
- 0.0
- 0.0
velocity:
- 0.0
- 0.0
effort:
- .nan
- .nan
---
header:
  stamp:
    sec: 1791161549
    nanosec: 276684483
  frame_id: base_link
name:
- joint_x
- joint_y
position:
- 0.0
- 0.0
velocity:
- 0.0
- 0.0
effort:
- .nan
- .nan
---
header:
  stamp:
    sec: 1791161549
    nanosec: 296690092
  frame_id: base_link
name:
- joint_x
- joint_y
position:
- 0.0
- 0.0
velocity:
- 0.0
- 0.0
effort:
- .nan
- .nan
---
header:
  stamp:
    sec: 1791161549
    nanosec: 316689490
  frame_id: base_link
name:
- joint_x
- joint_y
position:
- 0.0
- 0.0
velocity:
- 0.0
- 0.0
effort:
- .nan
- .nan
---
header:
  stamp:
    sec: 1791161549
    nanosec: 336718717
  frame_id: base_link
name:
- joint_x
- joint_y
position:
- 0.0
- 0.0
velocity:
- 0.0
- 0.0
effort:
- .nan
- .nan
---
header:
  stamp:
    sec: 1791161549
    nanosec: 356731761
  frame_id: base_link
name:
- joint_x
- joint_y
position:
- 0.0
- 0.0
velocity:
- 0.0
- 0.0
effort:
- .nan
- .nan
---
header:
  stamp:
    sec: 1791161549
    nanosec: 376707915
  frame_id: base_link
name:
- joint_x
- joint_y
position:
- 0.0
- 0.0
velocity:
- 0.0
- 0.0
effort:
- .nan
- .nan
---
header:
  stamp:
    sec: 1791161549
    nanosec: 396713085
  frame_id: base_link
name:
- joint_x
- joint_y
position:
- 0.0
- 0.0
velocity:
- 0.0
- 0.0
effort:
- .nan
- .nan
---
header:
  stamp:
    sec: 1791161549
    nanosec: 416715676
  frame_id: base_link
name:
- joint_x
- joint_y
position:
- 0.0
- 0.0
velocity:
- 0.0
- 0.0
effort:
- .nan
- .nan
---
header:
  stamp:
    sec: 1791161549
    nanosec: 436710971
  frame_id: base_link
name:
- joint_x
- joint_y
position:
- 1.8750000890577212e-05
- 1.8750000890577212e-05
velocity:
- 0.0009374999790452421
- 0.0009374999790452421
effort:
- .nan
- .nan
---
header:
  stamp:
    sec: 1791161549
    nanosec: 456720463
  frame_id: base_link
name:
- joint_x
- joint_y
position:
- 4.999999873689376e-05
- 5.624999903375283e-05
velocity:
- 0.0015625000232830644
- 0.0015625000232830644
effort:
- .nan
- .nan
---
header:
  stamp:
    sec: 1791161549
    nanosec: 476718496
  frame_id: base_link
name:
- joint_x
- joint_y
position:
- 0.0001062500014086254
- 0.0001062500014086254
velocity:
- 0.002812500111758709
- 0.002812500111758709
effort:
- .nan
- .nan
---
header:
  stamp:
    sec: 1791161549
    nanosec: 496722785
  frame_id: base_link
name:
- joint_x
- joint_y
position:
- 0.0002562500012572855
- 0.0002562500012572855
velocity:
- 0.0043750000186264515
- 0.0043750000186264515
effort:
- .nan
- .nan
---
header:
  stamp:
    sec: 1791161549
    nanosec: 516717757
  frame_id: base_link
name:
- joint_x
- joint_y
position:
- 0.0003562500060070306
- 0.0003499999875202775
velocity:
- 0.004999999888241291
- 0.004687500186264515
effort:
- .nan
- .nan
---
header:
  stamp:
    sec: 1791161549
    nanosec: 536716569
  frame_id: base_link
name:
- joint_x
- joint_y
position:
- 0.00046874998952262104
- 0.0004625000001396984
velocity:
- 0.0053125000558793545
- 0.005625000223517418
effort:
- .nan
- .nan
---
header:
  stamp:
    sec: 1791161549
    nanosec: 556710198
  frame_id: base_link
name:
- joint_x
- joint_y
position:
- 0.0005937499809078872
- 0.0005874999915249646
velocity:
- 0.0062500000931322575
- 0.0062500000931322575
effort:
- .nan
- .nan
---
header:
  stamp:
    sec: 1791161549
    nanosec: 576711774
  frame_id: base_link
name:
- joint_x
- joint_y
position:
- 0.0007312499801628292
- 0.0007249999907799065
velocity:
- 0.006874999962747097
- 0.006874999962747097
effort:
- .nan
- .nan
---
header:
  stamp:
    sec: 1791161549
    nanosec: 596728263
  frame_id: base_link
name:
- joint_x
- joint_y
position:
- 0.0008875000057742
- 0.0008812500163912773
velocity:
- 0.0077380952425301075
- 0.0074404762126505375
effort:
- .nan
- .nan
---
header:
  stamp:
    sec: 1791161549
    nanosec: 616723146
  frame_id: base_link
name:
- joint_x
- joint_y
position:
- 0.0010562499519437551
- 0.0010562499519437551
velocity:
- 0.008437500335276127
- 0.008750000037252903
effort:
- .nan
- .nan
---
header:
  stamp:
    sec: 1791161549
    nanosec: 636718451
  frame_id: base_link
name:
- joint_x
- joint_y
position:
- 0.0012250000145286322
- 0.0012250000145286322
velocity:
- 0.008437500335276127
- 0.008437500335276127
effort:
- .nan
- .nan
---
header:
  stamp:
    sec: 1791161549
    nanosec: 656718066
  frame_id: base_link
name:
- joint_x
- joint_y
position:
- 0.0014125000452622771
- 0.0014125000452622771
velocity:
- 0.00937500037252903
- 0.00937500037252903
effort:
- .nan
- .nan
---
header:
  stamp:
    sec: 1791161549
    nanosec: 676720954
  frame_id: base_link
name:
- joint_x
- joint_y
position:
- 0.0018187500536441803
- 0.0018187500536441803
velocity:
- 0.010625000111758709
- 0.010625000111758709
effort:
- .nan
- .nan
---
header:
  stamp:
    sec: 1791161549
    nanosec: 696730601
  frame_id: base_link
name:
- joint_x
- joint_y
position:
- 0.0020375000312924385
- 0.0020375000312924385
velocity:
- 0.010937499813735485
- 0.010937499813735485
effort:
- .nan
- .nan
---
header:
  stamp:
    sec: 1791161549
    nanosec: 716715269
  frame_id: base_link
name:
- joint_x
- joint_y
position:
- 0.002268749987706542
- 0.002268749987706542
velocity:
- 0.011562500149011612
- 0.011562500149011612
effort:
- .nan
- .nan
---
header:
  stamp:
    sec: 1791161549
    nanosec: 736714335
  frame_id: base_link
name:
- joint_x
- joint_y
position:
- 0.00250625004991889
- 0.00250625004991889
velocity:
- 0.011874999850988388
- 0.011874999850988388
effort:
- .nan
- .nan
---
header:
  stamp:
    sec: 1791161549
    nanosec: 756720482
  frame_id: base_link
name:
- joint_x
- joint_y
position:
- 0.0027562500908970833
- 0.002749999985098839
velocity:
- 0.012187499552965164
- 0.012187499552965164
effort:
- .nan
- .nan
---
header:
  stamp:
    sec: 1791161549
    nanosec: 776717196
  frame_id: base_link
name:
- joint_x
- joint_y
position:
- 0.003018750110641122
- 0.003018750110641122
velocity:
- 0.012797619216144085
- 0.012797619216144085
effort:
- .nan
- .nan
---
header:
  stamp:
    sec: 1791161549
    nanosec: 796724967
  frame_id: base_link
name:
- joint_x
- joint_y
position:
- 0.0032999999821186066
- 0.0032937501091510057
velocity:
- 0.01406249962747097
- 0.013749999925494194
effort:
- .nan
- .nan
---
header:
  stamp:
    sec: 1791161549
    nanosec: 816711024
  frame_id: base_link
name:
- joint_x
- joint_y
position:
- 0.0035749999806284904
- 0.0035687501076608896
velocity:
- 0.013437500223517418
- 0.013749999925494194
effort:
- .nan
- .nan
---
header:
  stamp:
    sec: 1791161549
    nanosec: 836772788
  frame_id: base_link
name:
- joint_x
- joint_y
position:
- 0.003856250084936619
- 0.0038499999791383743
velocity:
- 0.01406249962747097
- 0.01406249962747097
effort:
- .nan
- .nan
---
header:
  stamp:
    sec: 1791161549
    nanosec: 856714262
  frame_id: base_link
name:
- joint_x
- joint_y
position:
- 0.004143749829381704
- 0.004137500189244747
velocity:
- 0.014375000260770321
- 0.014375000260770321
effort:
- .nan
- .nan
---
header:
  stamp:
    sec: 1791161549
    nanosec: 876720131
  frame_id: base_link
name:
- joint_x
- joint_y
position:
- 0.004768750164657831
- 0.004768750164657831
velocity:
- 0.015937499701976776
- 0.015937499701976776
effort:
- .nan
- .nan
---
header:
  stamp:
    sec: 1791161549
    nanosec: 896719319
  frame_id: base_link
name:
- joint_x
- joint_y
position:
- 0.005081249866634607
- 0.005081249866634607
velocity:
- 0.015625
- 0.015625
effort:
- .nan
- .nan
---
header:
  stamp:
    sec: 1791161549
    nanosec: 916707643
  frame_id: base_link
name:
- joint_x
- joint_y
position:
- 0.005400000140070915
- 0.005400000140070915
velocity:
- 0.015937499701976776
- 0.015937499701976776
effort:
- .nan
- .nan
---
header:
  stamp:
    sec: 1791161549
    nanosec: 936714740
  frame_id: base_link
name:
- joint_x
- joint_y
position:
- 0.00572500005364418
- 0.00572500005364418
velocity:
- 0.016249999403953552
- 0.016249999403953552
effort:
- .nan
- .nan
---
header:
  stamp:
    sec: 1791161549
    nanosec: 956718975
  frame_id: base_link
name:
- joint_x
- joint_y
position:
- 0.006074999924749136
- 0.0060687498189508915
velocity:
- 0.01666666753590107
- 0.0163690485060215
effort:
- .nan
- .nan
---
header:
  stamp:
    sec: 1791161549
    nanosec: 976708353
  frame_id: base_link
name:
- joint_x
- joint_y
position:
- 0.006431249901652336
- 0.006431249901652336
velocity:
- 0.017812499776482582
- 0.018124999478459358
effort:
- .nan
- .nan
---
header:
  stamp:
    sec: 1791161549
    nanosec: 996719904
  frame_id: base_link
name:
- joint_x
- joint_y
position:
- 0.006775000132620335
- 0.006775000132620335
velocity:
- 0.01718750037252903
- 0.01718750037252903
effort:
- .nan
- .nan
---
header:
  stamp:
    sec: 1791161550
    nanosec: 16715717
  frame_id: base_link
name:
- joint_x
- joint_y
position:
- 0.00712500000372529
- 0.00712500000372529
velocity:
- 0.017500000074505806
- 0.017500000074505806
effort:
- .nan
- .nan
---
header:
  stamp:
    sec: 1791161550
    nanosec: 36715605
  frame_id: base_link
name:
- joint_x
- joint_y
position:
- 0.007474999874830246
- 0.007474999874830246
velocity:
- 0.017500000074505806
- 0.017500000074505806
effort:
- .nan
- .nan
---
header:
  stamp:
    sec: 1791161550
    nanosec: 56720171
  frame_id: base_link
name:
- joint_x
- joint_y
position:
- 0.007837500423192978
- 0.007831250317394733
velocity:
- 0.018124999478459358
- 0.017812499776482582
effort:
- .nan
- .nan
---
header:
  stamp:
    sec: 1791161550
    nanosec: 76726632
  frame_id: base_link
name:
- joint_x
- joint_y
position:
- 0.008581249974668026
- 0.008581249974668026
velocity:
- 0.018437499180436134
- 0.018437499180436134
effort:
- .nan
- .nan
---
header:
  stamp:
    sec: 1791161550
    nanosec: 96724610
  frame_id: base_link
name:
- joint_x
- joint_y
position:
- 0.008956249803304672
- 0.008956249803304672
velocity:
- 0.01875000074505806
- 0.01875000074505806
effort:
- .nan
- .nan
---
header:
  stamp:
    sec: 1791161550
    nanosec: 116715823
  frame_id: base_link
name:
- joint_x
- joint_y
position:
- 0.009331249631941319
- 0.009331249631941319
velocity:
- 0.01875000074505806
- 0.01875000074505806
effort:
- .nan
- .nan
---
header:
  stamp:
    sec: 1791161550
    nanosec: 136719944
  frame_id: base_link
name:
- joint_x
- joint_y
position:
- 0.00971249956637621
- 0.00971249956637621
velocity:
- 0.019062500447034836
- 0.019062500447034836
effort:
- .nan
- .nan
---
header:
  stamp:
    sec: 1791161550
    nanosec: 156713337
  frame_id: base_link
name:
- joint_x
- joint_y
position:
- 0.010112499818205833
- 0.010118749924004078
velocity:
- 0.019999999552965164
- 0.019999999552965164
effort:
- .nan
- .nan
---
header:
  stamp:
    sec: 1791161550
    nanosec: 176720510
  frame_id: base_link
name:
- joint_x
- joint_y
position:
- 0.010499999858438969
- 0.010499999858438969
velocity:
- 0.019375000149011612
- 0.019375000149011612
effort:
- .nan
- .nan
---
header:
  stamp:
    sec: 1791161550
    nanosec: 196738482
  frame_id: base_link
name:
- joint_x
- joint_y
position:
- 0.010893750004470348
- 0.010893750004470348
velocity:
- 0.019687499850988388
- 0.019687499850988388
effort:
- .nan
- .nan
---
header:
  stamp:
    sec: 1791161550
    nanosec: 216736712
  frame_id: base_link
name:
- joint_x
- joint_y
position:
- 0.011281250044703484
- 0.011287500150501728
velocity:
- 0.019375000149011612
- 0.019375000149011612
effort:
- .nan
- .nan
---
header:
  stamp:
    sec: 1791161550
    nanosec: 236740312
  frame_id: base_link
name:
- joint_x
- joint_y
position:
- 0.011675000190734863
- 0.011681250296533108
velocity:
- 0.019687499850988388
- 0.019687499850988388
effort:
- .nan
- .nan
---
header:
  stamp:
    sec: 1791161550
    nanosec: 256737656
  frame_id: base_link
name:
- joint_x
- joint_y
position:
- 0.012487499974668026
- 0.012487499974668026
velocity:
- 0.019687499850988388
- 0.019999999552965164
effort:
- .nan
- .nan
---
header:
  stamp:
    sec: 1791161550
    nanosec: 276722344
  frame_id: base_link
name:
- joint_x
- joint_y
position:
- 0.01288750022649765
- 0.01288750022649765
velocity:
- 0.019687499850988388
- 0.019687499850988388
effort:
- .nan
- .nan
---
header:
  stamp:
    sec: 1791161550
    nanosec: 296723809
  frame_id: base_link
name:
- joint_x
- joint_y
position:
- 0.0132874995470047
- 0.0132874995470047
velocity:
- 0.02031249925494194
- 0.019999999552965164
effort:
- .nan
- .nan
---
header:
  stamp:
    sec: 1791161550
    nanosec: 316721389
  frame_id: base_link
name:
- joint_x
- joint_y
position:
- 0.013712500222027302
- 0.013712500222027302
velocity:
- 0.02023809589445591
- 0.02053571492433548
effort:
- .nan
- .nan
---
header:
  stamp:
    sec: 1791161550
    nanosec: 336724897
  frame_id: base_link
name:
- joint_x
- joint_y
position:
- 0.01413749996572733
- 0.01413749996572733
velocity:
- 0.021250000223517418
- 0.021250000223517418
effort:
- .nan
- .nan
---
header:
  stamp:
    sec: 1791161550
    nanosec: 356708888
  frame_id: base_link
name:
- joint_x
- joint_y
position:
- 0.014537500217556953
- 0.014537500217556953
velocity:
- 0.019999999552965164
- 0.019999999552965164
effort:
- .nan
- .nan
---
header:
  stamp:
    sec: 1791161550
    nanosec: 376710316
  frame_id: base_link
name:
- joint_x
- joint_y
position:
- 0.014943749643862247
- 0.014943749643862247
velocity:
- 0.02031249925494194
- 0.02031249925494194
effort:
- .nan
- .nan
---
header:
  stamp:
    sec: 1791161550
    nanosec: 396744149
  frame_id: base_link
name:
- joint_x
- joint_y
position:
- 0.015350000001490116
- 0.015343749895691872
velocity:
- 0.02031249925494194
- 0.019999999552965164
effort:
- .nan
- .nan
---
header:
  stamp:
    sec: 1791161550
    nanosec: 416712359
  frame_id: base_link
name:
- joint_x
- joint_y
position:
- 0.01575000025331974
- 0.01575000025331974
velocity:
- 0.019999999552965164
- 0.02031249925494194
effort:
- .nan
- .nan
---
header:
  stamp:
    sec: 1791161550
    nanosec: 436725871
  frame_id: base_link
name:
- joint_x
- joint_y
position:
- 0.016574999317526817
- 0.016568750143051147
velocity:
- 0.019687499850988388
- 0.019687499850988388
effort:
- .nan
- .nan
---
header:
  stamp:
    sec: 1791161550
    nanosec: 456716774
  frame_id: base_link
name:
- joint_x
- joint_y
position:
- 0.016975000500679016
- 0.016975000500679016
velocity:
- 0.019999999552965164
- 0.02031249925494194
effort:
- .nan
- .nan
---
header:
  stamp:
    sec: 1791161550
    nanosec: 476714095
  frame_id: base_link
name:
- joint_x
- joint_y
position:
- 0.017374999821186066
- 0.017374999821186066
velocity:
- 0.019999999552965164
- 0.019999999552965164
effort:
- .nan
- .nan
---
header:
  stamp:
    sec: 1791161550
    nanosec: 496726862
  frame_id: base_link
name:
- joint_x
- joint_y
position:
- 0.017799999564886093
- 0.017793750390410423
velocity:
- 0.02023809589445591
- 0.01994047686457634
effort:
- .nan
- .nan
---
header:
  stamp:
    sec: 1791161550
    nanosec: 516711313
  frame_id: base_link
name:
- joint_x
- joint_y
position:
- 0.01821875013411045
- 0.01821249909698963
velocity:
- 0.020937500521540642
- 0.020937500521540642
effort:
- .nan
- .nan
---
header:
  stamp:
    sec: 1791161550
    nanosec: 536729503
  frame_id: base_link
name:
- joint_x
- joint_y
position:
- 0.01861250028014183
- 0.01860624924302101
velocity:
- 0.019687499850988388
- 0.019687499850988388
effort:
- .nan
- .nan
---
header:
  stamp:
    sec: 1791161550
    nanosec: 556713794
  frame_id: base_link
name:
- joint_x
- joint_y
position:
- 0.01899999938905239
- 0.01899999938905239
velocity:
- 0.019375000149011612
- 0.019687499850988388
effort:
- .nan
- .nan
---
header:
  stamp:
    sec: 1791161550
    nanosec: 576713760
  frame_id: base_link
name:
- joint_x
- joint_y
position:
- 0.01939374953508377
- 0.0193875003606081
velocity:
- 0.019687499850988388
- 0.019375000149011612
effort:
- .nan
- .nan
---
header:
  stamp:
    sec: 1791161550
    nanosec: 596727902
  frame_id: base_link
name:
- joint_x
- joint_y
position:
- 0.01978125050663948
- 0.01977499946951866
velocity:
- 0.019375000149011612
- 0.019375000149011612
effort:
- .nan
- .nan
---
header:
  stamp:
    sec: 1791161550
    nanosec: 616710077
  frame_id: base_link
name:
- joint_x
- joint_y
position:
- 0.02018750086426735
- 0.02018750086426735
velocity:
- 0.019999999552965164
- 0.02031249925494194
effort:
- .nan
- .nan
---
header:
  stamp:
    sec: 1791161550
    nanosec: 636733176
  frame_id: base_link
name:
- joint_x
- joint_y
position:
- 0.020937500521540642
- 0.020931249484419823
velocity:
- 0.019062500447034836
- 0.01875000074505806
effort:
- .nan
- .nan
---
header:
  stamp:
    sec: 1791161550
    nanosec: 656722774
  frame_id: base_link
name:
- joint_x
- joint_y
position:
- 0.021312499418854713
- 0.021312499418854713
velocity:
- 0.018437499180436134
- 0.01875000074505806
effort:
- .nan
- .nan
---
header:
  stamp:
    sec: 1791161550
    nanosec: 676718413
  frame_id: base_link
name:
- joint_x
- joint_y
position:
- 0.021700000390410423
- 0.021700000390410423
velocity:
- 0.01875000074505806
- 0.01875000074505806
effort:
- .nan
- .nan
---
header:
  stamp:
    sec: 1791161550
    nanosec: 696723756
  frame_id: base_link
name:
- joint_x
- joint_y
position:
- 0.022081250324845314
- 0.022081250324845314
velocity:
- 0.019062500447034836
- 0.019062500447034836
effort:
- .nan
- .nan
---
header:
  stamp:
    sec: 1791161550
    nanosec: 716711211
  frame_id: base_link
name:
- joint_x
- joint_y
position:
- 0.022443750873208046
- 0.022443750873208046
velocity:
- 0.018124999478459358
- 0.018124999478459358
effort:
- .nan
- .nan
---
header:
  stamp:
    sec: 1791161550
    nanosec: 736677250
  frame_id: base_link
name:
- joint_x
- joint_y
position:
- 0.02280000038444996
- 0.02280000038444996
velocity:
- 0.017812499776482582
- 0.017812499776482582
effort:
- .nan
- .nan
---
header:
  stamp:
    sec: 1791161550
    nanosec: 756720194
  frame_id: base_link
name:
- joint_x
- joint_y
position:
- 0.023150000721216202
- 0.023150000721216202
velocity:
- 0.017500000074505806
- 0.01718750037252903
effort:
- .nan
- .nan
---
header:
  stamp:
    sec: 1791161550
    nanosec: 776709195
  frame_id: base_link
name:
- joint_x
- joint_y
position:
- 0.023493750020861626
- 0.023493750020861626
velocity:
- 0.01718750037252903
- 0.017500000074505806
effort:
- .nan
- .nan
---
header:
  stamp:
    sec: 1791161550
    nanosec: 796726739
  frame_id: base_link
name:
- joint_x
- joint_y
position:
- 0.02384999953210354
- 0.02384999953210354
velocity:
- 0.017812499776482582
- 0.017812499776482582
effort:
- .nan
- .nan
---
header:
  stamp:
    sec: 1791161550
    nanosec: 816720160
  frame_id: base_link
name:
- joint_x
- joint_y
position:
- 0.02449999935925007
- 0.02449999935925007
velocity:
- 0.015937499701976776
- 0.015937499701976776
effort:
- .nan
- .nan
---
header:
  stamp:
    sec: 1791161550
    nanosec: 836691548
  frame_id: base_link
name:
- joint_x
- joint_y
position:
- 0.024824999272823334
- 0.024824999272823334
velocity:
- 0.015937499701976776
- 0.015937499701976776
effort:
- .nan
- .nan
---
header:
  stamp:
    sec: 1791161550
    nanosec: 856722274
  frame_id: base_link
name:
- joint_x
- joint_y
position:
- 0.0251499991863966
- 0.0251499991863966
velocity:
- 0.01656249910593033
- 0.01656249910593033
effort:
- .nan
- .nan
---
header:
  stamp:
    sec: 1791161550
    nanosec: 876713735
  frame_id: base_link
name:
- joint_x
- joint_y
position:
- 0.025456249713897705
- 0.025456249713897705
velocity:
- 0.015312500298023224
- 0.015312500298023224
effort:
- .nan
- .nan
---
header:
  stamp:
    sec: 1791161550
    nanosec: 896724090
  frame_id: base_link
name:
- joint_x
- joint_y
position:
- 0.025756249204277992
- 0.025756249204277992
velocity:
- 0.014999999664723873
- 0.014999999664723873
effort:
- .nan
- .nan
---
header:
  stamp:
    sec: 1791161550
    nanosec: 916715406
  frame_id: base_link
name:
- joint_x
- joint_y
position:
- 0.02604375034570694
- 0.02604375034570694
velocity:
- 0.014375000260770321
- 0.014375000260770321
effort:
- .nan
- .nan
---
header:
  stamp:
    sec: 1791161550
    nanosec: 936704367
  frame_id: base_link
name:
- joint_x
- joint_y
position:
- 0.026325000450015068
- 0.026325000450015068
velocity:
- 0.01406249962747097
- 0.01406249962747097
effort:
- .nan
- .nan
---
header:
  stamp:
    sec: 1791161550
    nanosec: 956719875
  frame_id: base_link
name:
- joint_x
- joint_y
position:
- 0.026606250554323196
- 0.026606250554323196
velocity:
- 0.01406249962747097
- 0.01406249962747097
effort:
- .nan
- .nan
---
header:
  stamp:
    sec: 1791161550
    nanosec: 976714170
  frame_id: base_link
name:
- joint_x
- joint_y
position:
- 0.026887500658631325
- 0.026887500658631325
velocity:
- 0.01406249962747097
- 0.01406249962747097
effort:
- .nan
- .nan
---
header:
  stamp:
    sec: 1791161550
    nanosec: 996731888
  frame_id: base_link
name:
- joint_x
- joint_y
position:
- 0.027387499809265137
- 0.027387499809265137
velocity:
- 0.012187499552965164
- 0.012500000186264515
effort:
- .nan
- .nan
---
header:
  stamp:
    sec: 1791161551
    nanosec: 16717377
  frame_id: base_link
name:
- joint_x
- joint_y
position:
- 0.027631249278783798
- 0.027631249278783798
velocity:
- 0.012187499552965164
- 0.012187499552965164
effort:
- .nan
- .nan
---
header:
  stamp:
    sec: 1791161551
    nanosec: 36722133
  frame_id: base_link
name:
- joint_x
- joint_y
position:
- 0.02786874957382679
- 0.02786874957382679
velocity:
- 0.011874999850988388
- 0.011874999850988388
effort:
- .nan
- .nan
---
header:
  stamp:
    sec: 1791161551
    nanosec: 56715074
  frame_id: base_link
name:
- joint_x
- joint_y
position:
- 0.028093749657273293
- 0.028093749657273293
velocity:
- 0.011250000447034836
- 0.011250000447034836
effort:
- .nan
- .nan
---
header:
  stamp:
    sec: 1791161551
    nanosec: 76714799
  frame_id: base_link
name:
- joint_x
- joint_y
position:
- 0.028306249529123306
- 0.028306249529123306
velocity:
- 0.010625000111758709
- 0.010625000111758709
effort:
- .nan
- .nan
---
header:
  stamp:
    sec: 1791161551
    nanosec: 96724037
  frame_id: base_link
name:
- joint_x
- joint_y
position:
- 0.02850624918937683
- 0.02850624918937683
velocity:
- 0.009999999776482582
- 0.009999999776482582
effort:
- .nan
- .nan
---
header:
  stamp:
    sec: 1791161551
    nanosec: 116708765
  frame_id: base_link
name:
- joint_x
- joint_y
position:
- 0.028693750500679016
- 0.028699999675154686
velocity:
- 0.00937500037252903
- 0.00937500037252903
effort:
- .nan
- .nan
---
header:
  stamp:
    sec: 1791161551
    nanosec: 136719992
  frame_id: base_link
name:
- joint_x
- joint_y
position:
- 0.028887499123811722
- 0.028887499123811722
velocity:
- 0.009687500074505806
- 0.009687500074505806
effort:
- .nan
- .nan
---
header:
  stamp:
    sec: 1791161551
    nanosec: 156726271
  frame_id: base_link
name:
- joint_x
- joint_y
position:
- 0.0290562491863966
- 0.0290562491863966
velocity:
- 0.008437500335276127
- 0.008437500335276127
effort:
- .nan
- .nan
---
header:
  stamp:
    sec: 1791161551
    nanosec: 176732968
  frame_id: base_link
name:
- joint_x
- joint_y
position:
- 0.029356250539422035
- 0.029356250539422035
velocity:
- 0.0071875001303851604
- 0.0071875001303851604
effort:
- .nan
- .nan
---
header:
  stamp:
    sec: 1791161551
    nanosec: 196688585
  frame_id: base_link
name:
- joint_x
- joint_y
position:
- 0.029500000178813934
- 0.029500000178813934
velocity:
- 0.0071875001303851604
- 0.0071875001303851604
effort:
- .nan
- .nan
---
header:
  stamp:
    sec: 1791161551
    nanosec: 216727202
  frame_id: base_link
name:
- joint_x
- joint_y
position:
- 0.029625000432133675
- 0.029625000432133675
velocity:
- 0.0062500000931322575
- 0.0062500000931322575
effort:
- .nan
- .nan
---
header:
  stamp:
    sec: 1791161551
    nanosec: 236730324
  frame_id: base_link
name:
- joint_x
- joint_y
position:
- 0.029737500473856926
- 0.029731249436736107
velocity:
- 0.0053125000558793545
- 0.0053125000558793545
effort:
- .nan
- .nan
---
header:
  stamp:
    sec: 1791161551
    nanosec: 256729495
  frame_id: base_link
name:
- joint_x
- joint_y
position:
- 0.02983124926686287
- 0.02983124926686287
velocity:
- 0.004999999888241291
- 0.004999999888241291
effort:
- .nan
- .nan
---
header:
  stamp:
    sec: 1791161551
    nanosec: 276711119
  frame_id: base_link
name:
- joint_x
- joint_y
position:
- 0.029918750748038292
- 0.029918750748038292
velocity:
- 0.0043750000186264515
- 0.0043750000186264515
effort:
- .nan
- .nan
---
header:
  stamp:
    sec: 1791161551
    nanosec: 296737873
  frame_id: base_link
name:
- joint_x
- joint_y
position:
- 0.029993750154972076
- 0.029993750154972076
velocity:
- 0.0035714285913854837
- 0.0035714285913854837
effort:
- .nan
- .nan
---
header:
  stamp:
    sec: 1791161551
    nanosec: 316729074
  frame_id: base_link
name:
- joint_x
- joint_y
position:
- 0.030056249350309372
- 0.030056249350309372
velocity:
- 0.0031250000465661287
- 0.0031250000465661287
effort:
- .nan
- .nan
---
header:
  stamp:
    sec: 1791161551
    nanosec: 336687211
  frame_id: base_link
name:
- joint_x
- joint_y
position:
- 0.03009999915957451
- 0.03009999915957451
velocity:
- 0.0021875000093132257
- 0.0021875000093132257
effort:
- .nan
- .nan
---
header:
  stamp:
    sec: 1791161551
    nanosec: 356694718
  frame_id: base_link
name:
- joint_x
- joint_y
position:
- 0.030150000005960464
- 0.030150000005960464
velocity:
- 0.0009374999790452421
- 0.0009374999790452421
effort:
- .nan
- .nan
---
header:
  stamp:
    sec: 1791161551
    nanosec: 376686526
  frame_id: base_link
name:
- joint_x
- joint_y
position:
- 0.030150000005960464
- 0.030150000005960464
velocity:
- 0.0
- 0.0
effort:
- .nan
- .nan
---
header:
  stamp:
    sec: 1791161551
    nanosec: 396720735
  frame_id: base_link
name:
- joint_x
- joint_y
position:
- 0.030143750831484795
- 0.030137499794363976
velocity:
- -0.0003124999930150807
- -0.0006249999860301614
effort:
- .nan
- .nan
---
header:
  stamp:
    sec: 1791161551
    nanosec: 416734792
  frame_id: base_link
name:
- joint_x
- joint_y
position:
- 0.030118750408291817
- 0.030112499371170998
velocity:
- -0.0012499999720603228
- -0.0012499999720603228
effort:
- .nan
- .nan
---
header:
  stamp:
    sec: 1791161551
    nanosec: 436683693
  frame_id: base_link
name:
- joint_x
- joint_y
position:
- 0.03007500059902668
- 0.03006874956190586
velocity:
- -0.0021875000093132257
- -0.0021875000093132257
effort:
- .nan
- .nan
---
header:
  stamp:
    sec: 1791161551
    nanosec: 456723226
  frame_id: base_link
name:
- joint_x
- joint_y
position:
- 0.030018750578165054
- 0.030012499541044235
velocity:
- -0.002812500111758709
- -0.002812500111758709
effort:
- .nan
- .nan
---
header:
  stamp:
    sec: 1791161551
    nanosec: 476715243
  frame_id: base_link
name:
- joint_x
- joint_y
position:
- 0.02995000034570694
- 0.02994374930858612
velocity:
- -0.0034374999813735485
- -0.0034374999813735485
effort:
- .nan
- .nan
---
header:
  stamp:
    sec: 1791161551
    nanosec: 496717726
  frame_id: base_link
name:
- joint_x
- joint_y
position:
- 0.029862500727176666
- 0.029862500727176666
velocity:
- -0.004062499850988388
- -0.004062499850988388
effort:
- .nan
- .nan
---
header:
  stamp:
    sec: 1791161551
    nanosec: 516734470
  frame_id: base_link
name:
- joint_x
- joint_y
position:
- 0.029768750071525574
- 0.029762500897049904
velocity:
- -0.004999999888241291
- -0.004687500186264515
effort:
- .nan
- .nan
---
header:
  stamp:
    sec: 1791161551
    nanosec: 536714293
  frame_id: base_link
name:
- joint_x
- joint_y
position:
- 0.029662499204277992
- 0.029656250029802322
velocity:
- -0.0053125000558793545
- -0.005625000223517418
effort:
- .nan
- .nan
---
header:
  stamp:
    sec: 1791161551
    nanosec: 556741206
  frame_id: base_link
name:
- joint_x
- joint_y
position:
- 0.029400000348687172
- 0.029400000348687172
velocity:
- -0.006562499795109034
- -0.006562499795109034
effort:
- .nan
- .nan
---
header:
  stamp:
    sec: 1791161551
    nanosec: 576715248
  frame_id: base_link
name:
- joint_x
- joint_y
position:
- 0.029249999672174454
- 0.029249999672174454
velocity:
- -0.007499999832361937
- -0.007499999832361937
effort:
- .nan
- .nan
---
header:
  stamp:
    sec: 1791161551
    nanosec: 596707306
  frame_id: base_link
name:
- joint_x
- joint_y
position:
- 0.029093749821186066
- 0.029093749821186066
velocity:
- -0.007499999832361937
- -0.0078125
effort:
- .nan
- .nan
---
header:
  stamp:
    sec: 1791161551
    nanosec: 616728226
  frame_id: base_link
name:
- joint_x
- joint_y
position:
- 0.02892499975860119
- 0.02892499975860119
velocity:
- -0.008750000037252903
- -0.008437500335276127
effort:
- .nan
- .nan
---
header:
  stamp:
    sec: 1791161551
    nanosec: 636681005
  frame_id: base_link
name:
- joint_x
- joint_y
position:
- 0.028750000521540642
- 0.028750000521540642
velocity:
- -0.008750000037252903
- -0.008750000037252903
effort:
- .nan
- .nan
---
header:
  stamp:
    sec: 1791161551
    nanosec: 656716229
  frame_id: base_link
name:
- joint_x
- joint_y
position:
- 0.028550000861287117
- 0.028543749824166298
velocity:
- -0.009999999776482582
- -0.009999999776482582
effort:
- .nan
- .nan
---
header:
  stamp:
    sec: 1791161551
    nanosec: 676726247
  frame_id: base_link
name:
- joint_x
- joint_y
position:
- 0.028349999338388443
- 0.028343750163912773
velocity:
- -0.009999999776482582
- -0.009999999776482582
effort:
- .nan
- .nan
---
header:
  stamp:
    sec: 1791161551
    nanosec: 696711553
  frame_id: base_link
name:
- joint_x
- joint_y
position:
- 0.02813749946653843
- 0.02813749946653843
velocity:
- -0.010625000111758709
- -0.010625000111758709
effort:
- .nan
- .nan
---
header:
  stamp:
    sec: 1791161551
    nanosec: 716728514
  frame_id: base_link
name:
- joint_x
- joint_y
position:
- 0.027918750420212746
- 0.027912499383091927
velocity:
- -0.010937499813735485
- -0.010937499813735485
effort:
- .nan
- .nan
---
header:
  stamp:
    sec: 1791161551
    nanosec: 736689949
  frame_id: base_link
name:
- joint_x
- joint_y
position:
- 0.027437500655651093
- 0.027437500655651093
velocity:
- -0.011874999850988388
- -0.011874999850988388
effort:
- .nan
- .nan
---
header:
  stamp:
    sec: 1791161551
    nanosec: 756683924
  frame_id: base_link
name:
- joint_x
- joint_y
position:
- 0.027187500149011612
- 0.027187500149011612
velocity:
- -0.012500000186264515
- -0.012500000186264515
effort:
- .nan
- .nan
---
header:
  stamp:
    sec: 1791161551
    nanosec: 776679180
  frame_id: base_link
name:
- joint_x
- joint_y
position:
- 0.026924999430775642
- 0.026924999430775642
velocity:
- -0.013124999590218067
- -0.013124999590218067
effort:
- .nan
- .nan
---
header:
  stamp:
    sec: 1791161551
    nanosec: 796678558
  frame_id: base_link
name:
- joint_x
- joint_y
position:
- 0.026662500575184822
- 0.026662500575184822
velocity:
- -0.013124999590218067
- -0.013124999590218067
effort:
- .nan
- .nan
---
header:
  stamp:
    sec: 1791161551
    nanosec: 816732311
  frame_id: base_link
name:
- joint_x
- joint_y
position:
- 0.026387499645352364
- 0.026387499645352364
velocity:
- -0.013749999925494194
- -0.013749999925494194
effort:
- .nan
- .nan
---
header:
  stamp:
    sec: 1791161551
    nanosec: 836685996
  frame_id: base_link
name:
- joint_x
- joint_y
position:
- 0.026087500154972076
- 0.026087500154972076
velocity:
- -0.014999999664723873
- -0.014999999664723873
effort:
- .nan
- .nan
---
header:
  stamp:
    sec: 1791161551
    nanosec: 856728479
  frame_id: base_link
name:
- joint_x
- joint_y
position:
- 0.02579374983906746
- 0.02579374983906746
velocity:
- -0.014375000260770321
- -0.014375000260770321
effort:
- .nan
- .nan
---
header:
  stamp:
    sec: 1791161551
    nanosec: 876677342
  frame_id: base_link
name:
- joint_x
- joint_y
position:
- 0.025493750348687172
- 0.025499999523162842
velocity:
- -0.014999999664723873
- -0.014999999664723873
effort:
- .nan
- .nan
---
header:
  stamp:
    sec: 1791161551
    nanosec: 896680765
  frame_id: base_link
name:
- joint_x
- joint_y
position:
- 0.025193750858306885
- 0.025193750858306885
velocity:
- -0.015312500298023224
- -0.015312500298023224
effort:
- .nan
- .nan
---
header:
  stamp:
    sec: 1791161551
    nanosec: 916734347
  frame_id: base_link
name:
- joint_x
- joint_y
position:
- 0.024543749168515205
- 0.024550000205636024
velocity:
- -0.015937499701976776
- -0.015937499701976776
effort:
- .nan
- .nan
---
header:
  stamp:
    sec: 1791161551
    nanosec: 936712525
  frame_id: base_link
name:
- joint_x
- joint_y
position:
- 0.02421874925494194
- 0.02422500029206276
velocity:
- -0.016249999403953552
- -0.016249999403953552
effort:
- .nan
- .nan
---
header:
  stamp:
    sec: 1791161551
    nanosec: 956724150
  frame_id: base_link
name:
- joint_x
- joint_y
position:
- 0.023887500166893005
- 0.023893749341368675
velocity:
- -0.01656249910593033
- -0.01656249910593033
effort:
- .nan
- .nan
---
header:
  stamp:
    sec: 1791161551
    nanosec: 976716606
  frame_id: base_link
name:
- joint_x
- joint_y
position:
- 0.02355000004172325
- 0.02355624921619892
velocity:
- -0.01718750037252903
- -0.016875000670552254
effort:
- .nan
- .nan
---
header:
  stamp:
    sec: 1791161551
    nanosec: 996737434
  frame_id: base_link
name:
- joint_x
- joint_y
position:
- 0.023206250742077827
- 0.023206250742077827
velocity:
- -0.01718750037252903
- -0.017500000074505806
effort:
- .nan
- .nan
---
header:
  stamp:
    sec: 1791161552
    nanosec: 16723071
  frame_id: base_link
name:
- joint_x
- joint_y
position:
- 0.022837499156594276
- 0.022837499156594276
velocity:
- -0.018437499180436134
- -0.018124999478459358
effort:
- .nan
- .nan
---
header:
  stamp:
    sec: 1791161552
    nanosec: 36720447
  frame_id: base_link
name:
- joint_x
- joint_y
position:
- 0.022481249645352364
- 0.022487500682473183
velocity:
- -0.017500000074505806
- -0.017812499776482582
effort:
- .nan
- .nan
---
header:
  stamp:
    sec: 1791161552
    nanosec: 56735205
  frame_id: base_link
name:
- joint_x
- joint_y
position:
- 0.02212500013411045
- 0.02212500013411045
velocity:
- -0.018124999478459358
- -0.017812499776482582
effort:
- .nan
- .nan
---
header:
  stamp:
    sec: 1791161552
    nanosec: 76723179
  frame_id: base_link
name:
- joint_x
- joint_y
position:
- 0.02176249958574772
- 0.02176249958574772
velocity:
- -0.018124999478459358
- -0.018437499180436134
effort:
- .nan
- .nan
---
header:
  stamp:
    sec: 1791161552
    nanosec: 96722727
  frame_id: base_link
name:
- joint_x
- joint_y
position:
- 0.021006250753998756
- 0.021006250753998756
velocity:
- -0.018437499180436134
- -0.018437499180436134
effort:
- .nan
- .nan
---
header:
  stamp:
    sec: 1791161552
    nanosec: 116744257
  frame_id: base_link
name:
- joint_x
- joint_y
position:
- 0.020631249994039536
- 0.020631249994039536
velocity:
- -0.019062500447034836
- -0.019062500447034836
effort:
- .nan
- .nan
---
header:
  stamp:
    sec: 1791161552
    nanosec: 136714644
  frame_id: base_link
name:
- joint_x
- joint_y
position:
- 0.020250000059604645
- 0.020250000059604645
velocity:
- -0.01875000074505806
- -0.019062500447034836
effort:
- .nan
- .nan
---
header:
  stamp:
    sec: 1791161552
    nanosec: 156729860
  frame_id: base_link
name:
- joint_x
- joint_y
position:
- 0.019868750125169754
- 0.019868750125169754
velocity:
- -0.019375000149011612
- -0.019062500447034836
effort:
- .nan
- .nan
---
header:
  stamp:
    sec: 1791161552
    nanosec: 176729728
  frame_id: base_link
name:
- joint_x
- joint_y
position:
- 0.019456250593066216
- 0.019456250593066216
velocity:
- -0.01964285783469677
- -0.01964285783469677
effort:
- .nan
- .nan
---
header:
  stamp:
    sec: 1791161552
    nanosec: 196723409
  frame_id: base_link
name:
- joint_x
- joint_y
position:
- 0.019050000235438347
- 0.019043749198317528
velocity:
- -0.02031249925494194
- -0.02031249925494194
effort:
- .nan
- .nan
---
header:
  stamp:
    sec: 1791161552
    nanosec: 216732028
  frame_id: base_link
name:
- joint_x
- joint_y
position:
- 0.018650000914931297
- 0.018650000914931297
velocity:
- -0.019687499850988388
- -0.019687499850988388
effort:
- .nan
- .nan
---
header:
  stamp:
    sec: 1791161552
    nanosec: 236712132
  frame_id: base_link
name:
- joint_x
- joint_y
position:
- 0.018256250768899918
- 0.018256250768899918
velocity:
- -0.019687499850988388
- -0.019687499850988388
effort:
- .nan
- .nan
---
header:
  stamp:
    sec: 1791161552
    nanosec: 256741640
  frame_id: base_link
name:
- joint_x
- joint_y
position:
- 0.017862500622868538
- 0.017862500622868538
velocity:
- -0.019999999552965164
- -0.019999999552965164
effort:
- .nan
- .nan
---
header:
  stamp:
    sec: 1791161552
    nanosec: 276719009
  frame_id: base_link
name:
- joint_x
- joint_y
position:
- 0.017024999484419823
- 0.017024999484419823
velocity:
- -0.020937500521540642
- -0.020937500521540642
effort:
- .nan
- .nan
---
header:
  stamp:
    sec: 1791161552
    nanosec: 296739729
  frame_id: base_link
name:
- joint_x
- joint_y
position:
- 0.016625000163912773
- 0.016625000163912773
velocity:
- -0.019999999552965164
- -0.019999999552965164
effort:
- .nan
- .nan
---
header:
  stamp:
    sec: 1791161552
    nanosec: 316719228
  frame_id: base_link
name:
- joint_x
- joint_y
position:
- 0.016218749806284904
- 0.016225000843405724
velocity:
- -0.02031249925494194
- -0.019999999552965164
effort:
- .nan
- .nan
---
header:
  stamp:
    sec: 1791161552
    nanosec: 336711013
  frame_id: base_link
name:
- joint_x
- joint_y
position:
- 0.015818750485777855
- 0.015818750485777855
velocity:
- -0.019999999552965164
- -0.02031249925494194
effort:
- .nan
- .nan
---
header:
  stamp:
    sec: 1791161552
    nanosec: 356716573
  frame_id: base_link
name:
- joint_x
- joint_y
position:
- 0.015412500128149986
- 0.015412500128149986
velocity:
- -0.02031249925494194
- -0.02031249925494194
effort:
- .nan
- .nan
---
header:
  stamp:
    sec: 1791161552
    nanosec: 376710132
  frame_id: base_link
name:
- joint_x
- joint_y
position:
- 0.014987500384449959
- 0.014987500384449959
velocity:
- -0.020937500521540642
- -0.021250000223517418
effort:
- .nan
- .nan
---
header:
  stamp:
    sec: 1791161552
    nanosec: 396725341
  frame_id: base_link
name:
- joint_x
- joint_y
position:
- 0.01458125002682209
- 0.014587500132620335
velocity:
- -0.02031249925494194
- -0.019999999552965164
effort:
- .nan
- .nan
---
header:
  stamp:
    sec: 1791161552
    nanosec: 416724178
  frame_id: base_link
name:
- joint_x
- joint_y
position:
- 0.014181249774992466
- 0.014181249774992466
velocity:
- -0.02031249925494194
- -0.02031249925494194
effort:
- .nan
- .nan
---
header:
  stamp:
    sec: 1791161552
    nanosec: 436717012
  frame_id: base_link
name:
- joint_x
- joint_y
position:
- 0.013775000348687172
- 0.013775000348687172
velocity:
- -0.019999999552965164
- -0.02031249925494194
effort:
- .nan
- .nan
---
header:
  stamp:
    sec: 1791161552
    nanosec: 456734553
  frame_id: base_link
name:
- joint_x
- joint_y
position:
- 0.012956250458955765
- 0.012956250458955765
velocity:
- -0.021250000223517418
- -0.021250000223517418
effort:
- .nan
- .nan
---
header:
  stamp:
    sec: 1791161552
    nanosec: 476710095
  frame_id: base_link
name:
- joint_x
- joint_y
position:
- 0.01255625020712614
- 0.012562500312924385
velocity:
- -0.019999999552965164
- -0.019687499850988388
effort:
- .nan
- .nan
---
header:
  stamp:
    sec: 1791161552
    nanosec: 496725466
  frame_id: base_link
name:
- joint_x
- joint_y
position:
- 0.012156249955296516
- 0.012162500061094761
velocity:
- -0.019999999552965164
- -0.019999999552965164
effort:
- .nan
- .nan
---
header:
  stamp:
    sec: 1791161552
    nanosec: 516710074
  frame_id: base_link
name:
- joint_x
- joint_y
position:
- 0.011762499809265137
- 0.011762499809265137
velocity:
- -0.019687499850988388
- -0.019999999552965164
effort:
- .nan
- .nan
---
header:
  stamp:
    sec: 1791161552
    nanosec: 536707225
  frame_id: base_link
name:
- joint_x
- joint_y
position:
- 0.011368749663233757
- 0.011368749663233757
velocity:
- -0.019687499850988388
- -0.019687499850988388
effort:
- .nan
- .nan
---
header:
  stamp:
    sec: 1791161552
    nanosec: 556713798
  frame_id: base_link
name:
- joint_x
- joint_y
position:
- 0.010956250131130219
- 0.010956250131130219
velocity:
- -0.020625000819563866
- -0.020625000819563866
effort:
- .nan
- .nan
---
header:
  stamp:
    sec: 1791161552
    nanosec: 576716621
  frame_id: base_link
name:
- joint_x
- joint_y
position:
- 0.010568750090897083
- 0.010562499985098839
velocity:
- -0.019375000149011612
- -0.019375000149011612
effort:
- .nan
- .nan
---
header:
  stamp:
    sec: 1791161552
    nanosec: 596723523
  frame_id: base_link
name:
- joint_x
- joint_y
position:
- 0.010174999944865704
- 0.010174999944865704
velocity:
- -0.019375000149011612
- -0.019375000149011612
effort:
- .nan
- .nan
---
header:
  stamp:
    sec: 1791161552
    nanosec: 616720929
  frame_id: base_link
name:
- joint_x
- joint_y
position:
- 0.009793750010430813
- 0.009793750010430813
velocity:
- -0.019375000149011612
- -0.019375000149011612
effort:
- .nan
- .nan
---
header:
  stamp:
    sec: 1791161552
    nanosec: 636715720
  frame_id: base_link
name:
- joint_x
- joint_y
position:
- 0.009018749929964542
- 0.009025000035762787
velocity:
- -0.019375000149011612
- -0.019687499850988388
effort:
- .nan
- .nan
---
header:
  stamp:
    sec: 1791161552
    nanosec: 656715433
  frame_id: base_link
name:
- joint_x
- joint_y
position:
- 0.00865000020712614
- 0.00865000020712614
velocity:
- -0.01875000074505806
- -0.018437499180436134
effort:
- .nan
- .nan
---
header:
  stamp:
    sec: 1791161552
    nanosec: 676719740
  frame_id: base_link
name:
- joint_x
- joint_y
position:
- 0.008281249552965164
- 0.008281249552965164
velocity:
- -0.018437499180436134
- -0.01875000074505806
effort:
- .nan
- .nan
---
header:
  stamp:
    sec: 1791161552
    nanosec: 696724626
  frame_id: base_link
name:
- joint_x
- joint_y
position:
- 0.007912499830126762
- 0.007918749935925007
velocity:
- -0.018437499180436134
- -0.018124999478459358
effort:
- .nan
- .nan
---
header:
  stamp:
    sec: 1791161552
    nanosec: 716712430
  frame_id: base_link
name:
- joint_x
- joint_y
position:
- 0.007556249853223562
- 0.007556249853223562
velocity:
- -0.017812499776482582
- -0.018124999478459358
effort:
- .nan
- .nan
---
header:
  stamp:
    sec: 1791161552
    nanosec: 736710930
  frame_id: base_link
name:
- joint_x
- joint_y
position:
- 0.007181250024586916
- 0.007181250024586916
velocity:
- -0.01875000074505806
- -0.018437499180436134
effort:
- .nan
- .nan
---
header:
  stamp:
    sec: 1791161552
    nanosec: 756712100
  frame_id: base_link
name:
- joint_x
- joint_y
position:
- 0.00683125015348196
- 0.00683125015348196
velocity:
- -0.017500000074505806
- -0.017500000074505806
effort:
- .nan
- .nan
---
header:
  stamp:
    sec: 1791161552
    nanosec: 776716929
  frame_id: base_link
name:
- joint_x
- joint_y
position:
- 0.006487499922513962
- 0.006487499922513962
velocity:
- -0.01718750037252903
- -0.01718750037252903
effort:
- .nan
- .nan
---
header:
  stamp:
    sec: 1791161552
    nanosec: 796721937
  frame_id: base_link
name:
- joint_x
- joint_y
position:
- 0.006143750157207251
- 0.006149999797344208
velocity:
- -0.016875000670552254
- -0.01718750037252903
effort:
- .nan
- .nan
---
header:
  stamp:
    sec: 1791161552
    nanosec: 816716304
  frame_id: base_link
name:
- joint_x
- joint_y
position:
- 0.005818749777972698
- 0.005818749777972698
velocity:
- -0.01656249910593033
- -0.01656249910593033
effort:
- .nan
- .nan
---
header:
  stamp:
    sec: 1791161552
    nanosec: 836706842
  frame_id: base_link
name:
- joint_x
- joint_y
position:
- 0.005156250204890966
- 0.005162499845027924
velocity:
- -0.015937499701976776
- -0.015937499701976776
effort:
- .nan
- .nan
---
header:
  stamp:
    sec: 1791161552
    nanosec: 856716369
  frame_id: base_link
name:
- joint_x
- joint_y
position:
- 0.004843750037252903
- 0.0048500001430511475
velocity:
- -0.015625
- -0.015625
effort:
- .nan
- .nan
---
header:
  stamp:
    sec: 1791161552
    nanosec: 876711099
  frame_id: base_link
name:
- joint_x
- joint_y
position:
- 0.004537499975413084
- 0.0045437500812113285
velocity:
- -0.014999999664723873
- -0.015312500298023224
effort:
- .nan
- .nan
---
header:
  stamp:
    sec: 1791161552
    nanosec: 896727296
  frame_id: base_link
name:
- joint_x
- joint_y
position:
- 0.004224999807775021
- 0.004231249913573265
velocity:
- -0.015178571455180645
- -0.014880952425301075
effort:
- .nan
- .nan
---
header:
  stamp:
    sec: 1791161552
    nanosec: 916713026
  frame_id: base_link
name:
- joint_x
- joint_y
position:
- 0.003918750211596489
- 0.003924999851733446
velocity:
- -0.014999999664723873
- -0.015312500298023224
effort:
- .nan
- .nan
---
header:
  stamp:
    sec: 1791161552
    nanosec: 936714838
  frame_id: base_link
name:
- joint_x
- joint_y
position:
- 0.0036375001072883606
- 0.0036375001072883606
velocity:
- -0.01406249962747097
- -0.01406249962747097
effort:
- .nan
- .nan
---
header:
  stamp:
    sec: 1791161552
    nanosec: 956734595
  frame_id: base_link
name:
- joint_x
- joint_y
position:
- 0.0033625001087784767
- 0.0033625001087784767
velocity:
- -0.013749999925494194
- -0.013749999925494194
effort:
- .nan
- .nan
---
header:
  stamp:
    sec: 1791161552
    nanosec: 976728365
  frame_id: base_link
name:
- joint_x
- joint_y
position:
- 0.0030937499832361937
- 0.003100000089034438
velocity:
- -0.013437500223517418
- -0.013437500223517418
effort:
- .nan
- .nan
---
header:
  stamp:
    sec: 1791161552
    nanosec: 996693943
  frame_id: base_link
name:
- joint_x
- joint_y
position:
- 0.0028375000692903996
- 0.0028375000692903996
velocity:
- -0.012812499888241291
- -0.012812499888241291
effort:
- .nan
- .nan
---
header:
  stamp:
    sec: 1791161553
    nanosec: 16733426
  frame_id: base_link
name:
- joint_x
- joint_y
position:
- 0.0023437500931322575
- 0.0023437500931322575
velocity:
- -0.011874999850988388
- -0.011874999850988388
effort:
- .nan
- .nan
---
header:
  stamp:
    sec: 1791161553
    nanosec: 36726056
  frame_id: base_link
name:
- joint_x
- joint_y
position:
- 0.0021124999038875103
- 0.0021124999038875103
velocity:
- -0.011562500149011612
- -0.011562500149011612
effort:
- .nan
- .nan
---
header:
  stamp:
    sec: 1791161553
    nanosec: 56732130
  frame_id: base_link
name:
- joint_x
- joint_y
position:
- 0.001893750042654574
- 0.001893750042654574
velocity:
- -0.010937499813735485
- -0.010937499813735485
effort:
- .nan
- .nan
---
header:
  stamp:
    sec: 1791161553
    nanosec: 76715964
  frame_id: base_link
name:
- joint_x
- joint_y
position:
- 0.0016812500543892384
- 0.0016812500543892384
velocity:
- -0.010625000111758709
- -0.010625000111758709
effort:
- .nan
- .nan
---
header:
  stamp:
    sec: 1791161553
    nanosec: 96688779
  frame_id: base_link
name:
- joint_x
- joint_y
position:
- 0.001468749949708581
- 0.001468749949708581
velocity:
- -0.010625000111758709
- -0.010312500409781933
effort:
- .nan
- .nan
---
header:
  stamp:
    sec: 1791161553
    nanosec: 116716049
  frame_id: base_link
name:
- joint_x
- joint_y
position:
- 0.0012812500353902578
- 0.0012812500353902578
velocity:
- -0.00937500037252903
- -0.009687500074505806
effort:
- .nan
- .nan
---
header:
  stamp:
    sec: 1791161553
    nanosec: 136720363
  frame_id: base_link
name:
- joint_x
- joint_y
position:
- 0.0010999999940395355
- 0.0010999999940395355
velocity:
- -0.009062499739229679
- -0.008750000037252903
effort:
- .nan
- .nan
---
header:
  stamp:
    sec: 1791161553
    nanosec: 156714883
  frame_id: base_link
name:
- joint_x
- joint_y
position:
- 0.0009312499896623194
- 0.0009312499896623194
velocity:
- -0.008437500335276127
- -0.008750000037252903
effort:
- .nan
- .nan
---
header:
  stamp:
    sec: 1791161553
    nanosec: 176715995
  frame_id: base_link
name:
- joint_x
- joint_y
position:
- 0.0007750000222586095
- 0.0007750000222586095
velocity:
- -0.0078125
- -0.0078125
effort:
- .nan
- .nan
---
header:
  stamp:
    sec: 1791161553
    nanosec: 196732237
  frame_id: base_link
name:
- joint_x
- joint_y
position:
- 0.0004937499761581421
- 0.00048749998677521944
velocity:
- -0.006562499795109034
- -0.006562499795109034
effort:
- .nan
- .nan
---
header:
  stamp:
    sec: 1791161553
    nanosec: 216708545
  frame_id: base_link
name:
- joint_x
- joint_y
position:
- 0.00036875001387670636
- 0.00036875001387670636
velocity:
- -0.0062500000931322575
- -0.0062500000931322575
effort:
- .nan
- .nan
---
header:
  stamp:
    sec: 1791161553
    nanosec: 236709080
  frame_id: base_link
name:
- joint_x
- joint_y
position:
- 0.0002562500012572855
- 0.0002562500012572855
velocity:
- -0.0053125000558793545
- -0.0053125000558793545
effort:
- .nan
- .nan
---
header:
  stamp:
    sec: 1791161553
    nanosec: 256728308
  frame_id: base_link
name:
- joint_x
- joint_y
position:
- 0.00015624999650754035
- 0.00015624999650754035
velocity:
- -0.005059523973613977
- -0.005059523973613977
effort:
- .nan
- .nan
---
header:
  stamp:
    sec: 1791161553
    nanosec: 276717227
  frame_id: base_link
name:
- joint_x
- joint_y
position:
- 6.874999962747097e-05
- 6.874999962747097e-05
velocity:
- -0.0043750000186264515
- -0.0043750000186264515
effort:
- .nan
- .nan
---
header:
  stamp:
    sec: 1791161553
    nanosec: 296726731
  frame_id: base_link
name:
- joint_x
- joint_y
position:
- 0.0
- 0.0
velocity:
- -0.0034374999813735485
- -0.0034374999813735485
effort:
- .nan
- .nan
---
header:
  stamp:
    sec: 1791161553
    nanosec: 316723203
  frame_id: base_link
name:
- joint_x
- joint_y
position:
- -6.25000029685907e-05
- -6.25000029685907e-05
velocity:
- -0.0031250000465661287
- -0.0031250000465661287
effort:
- .nan
- .nan
---
header:
  stamp:
    sec: 1791161553
    nanosec: 336714093
  frame_id: base_link
name:
- joint_x
- joint_y
position:
- -0.0001062500014086254
- -0.0001062500014086254
velocity:
- -0.0021875000093132257
- -0.0021875000093132257
effort:
- .nan
- .nan
---
header:
  stamp:
    sec: 1791161553
    nanosec: 356719810
  frame_id: base_link
name:
- joint_x
- joint_y
position:
- -0.00013749999925494194
- -0.00013749999925494194
velocity:
- -0.0015625000232830644
- -0.0015625000232830644
effort:
- .nan
- .nan
---
header:
  stamp:
    sec: 1791161553
    nanosec: 376714328
  frame_id: base_link
name:
- joint_x
- joint_y
position:
- -0.00015624999650754035
- -0.00015624999650754035
velocity:
- -0.0003124999930150807
- -0.0003124999930150807
effort:
- .nan
- .nan
---
header:
  stamp:
    sec: 1791161553
    nanosec: 396735522
  frame_id: base_link
name:
- joint_x
- joint_y
position:
- -0.00014375000318977982
- -0.00014375000318977982
velocity:
- 0.0006249999860301614
- 0.0006249999860301614
effort:
- .nan
- .nan
---
header:
  stamp:
    sec: 1791161553
    nanosec: 416736417
  frame_id: base_link
name:
- joint_x
- joint_y
position:
- -0.0001062500014086254
- -0.0001062500014086254
velocity:
- 0.0018749999580904841
- 0.0018749999580904841
effort:
- .nan
- .nan
---
header:
  stamp:
    sec: 1791161553
    nanosec: 436737652
  frame_id: base_link
name:
- joint_x
- joint_y
position:
- -7.500000356230885e-05
- -7.500000356230885e-05
velocity:
- 0.0015625000232830644
- 0.0015625000232830644
effort:
- .nan
- .nan
---
header:
  stamp:
    sec: 1791161553
    nanosec: 456738215
  frame_id: base_link
name:
- joint_x
- joint_y
position:
- 0.0
- 0.0
velocity:
- 0.0037499999161809683
- 0.0037499999161809683
effort:
- .nan
- .nan
---
header:
  stamp:
    sec: 1791161553
    nanosec: 476725178
  frame_id: base_link
name:
- joint_x
- joint_y
position:
- 0.0
- 0.0
velocity:
- 0.0
- 0.0
effort:
- .nan
- .nan
---
header:
  stamp:
    sec: 1791161553
    nanosec: 496747165
  frame_id: base_link
name:
- joint_x
- joint_y
position:
- 0.0
- 0.0
velocity:
- 0.0
- 0.0
effort:
- .nan
- .nan
---
header:
  stamp:
    sec: 1791161553
    nanosec: 516745445
  frame_id: base_link
name:
- joint_x
- joint_y
position:
- 0.0
- 0.0
velocity:
- 0.0
- 0.0
effort:
- .nan
- .nan
---
header:
  stamp:
    sec: 1791161553
    nanosec: 536722302
  frame_id: base_link
name:
- joint_x
- joint_y
position:
- 0.0
- 0.0
velocity:
- 0.0
- 0.0
effort:
- .nan
- .nan
---
header:
  stamp:
    sec: 1791161553
    nanosec: 556733250
  frame_id: base_link
name:
- joint_x
- joint_y
position:
- 0.0
- 0.0
velocity:
- 0.0
- 0.0
effort:
- .nan
- .nan
---
header:
  stamp:
    sec: 1791161553
    nanosec: 576718381
  frame_id: base_link
name:
- joint_x
- joint_y
position:
- 0.0
- 0.0
velocity:
- 0.0
- 0.0
effort:
- .nan
- .nan
---
header:
  stamp:
    sec: 1791161553
    nanosec: 596721782
  frame_id: base_link
name:
- joint_x
- joint_y
position:
- 0.0
- 0.0
velocity:
- 0.0
- 0.0
effort:
- .nan
- .nan
---
header:
  stamp:
    sec: 1791161553
    nanosec: 616766261
  frame_id: base_link
name:
- joint_x
- joint_y
position:
- 0.0
- 0.0
velocity:
- 0.0
- 0.0
effort:
- .nan
- .nan
---
header:
  stamp:
    sec: 1791161553
    nanosec: 636729455
  frame_id: base_link
name:
- joint_x
- joint_y
position:
- 0.0
- 0.0
velocity:
- 0.0
- 0.0
effort:
- .nan
- .nan
---
