A message was lost!!!
	total count change:1
	total count: 1---
header:
  stamp:
    sec: 1791161809
    nanosec: 551808431
  frame_id: base_link
name:
- joint_x
- joint_y
position:
- 0.0
- 0.0
velocity:
- 0.0
- 0.0
effort:
- .nan
- .nan
---
header:
  stamp:
    sec: 1791161809
    nanosec: 571803747
  frame_id: base_link
name:
- joint_x
- joint_y
position:
- 0.0
- 0.0
velocity:
- 0.0
- 0.0
effort:
- .nan
- .nan
---
header:
  stamp:
    sec: 1791161809
    nanosec: 591824657
  frame_id: base_link
name:
- joint_x
- joint_y
position:
- 0.0
- 0.0
velocity:
- 0.0
- 0.0
effort:
- .nan
- .nan
---
header:
  stamp:
    sec: 1791161809
    nanosec: 611823246
  frame_id: base_link
name:
- joint_x
- joint_y
position:
- 0.0
- 0.0
velocity:
- 0.0
- 0.0
effort:
- .nan
- .nan
---
header:
  stamp:
    sec: 1791161809
    nanosec: 631819358
  frame_id: base_link
name:
- joint_x
- joint_y
position:
- 0.0
- 0.0
velocity:
- 0.0
- 0.0
effort:
- .nan
- .nan
---
header:
  stamp:
    sec: 1791161809
    nanosec: 651811717
  frame_id: base_link
name:
- joint_x
- joint_y
position:
- 0.0
- 0.0
velocity:
- 0.0
- 0.0
effort:
- .nan
- .nan
---
header:
  stamp:
    sec: 1791161809
    nanosec: 671820885
  frame_id: base_link
name:
- joint_x
- joint_y
position:
- 0.0
- 0.0
velocity:
- 0.0
- 0.0
effort:
- .nan
- .nan
---
header:
  stamp:
    sec: 1791161809
    nanosec: 691815237
  frame_id: base_link
name:
- joint_x
- joint_y
position:
- 0.0
- 0.0
velocity:
- 0.0
- 0.0
effort:
- .nan
- .nan
---
header:
  stamp:
    sec: 1791161809
    nanosec: 711821923
  frame_id: base_link
name:
- joint_x
- joint_y
position:
- 0.0
- 0.0
velocity:
- 0.0
- 0.0
effort:
- .nan
- .nan
---
header:
  stamp:
    sec: 1791161809
    nanosec: 731815988
  frame_id: base_link
name:
- joint_x
- joint_y
position:
- 0.0
- 0.0
velocity:
- 0.0
- 0.0
effort:
- .nan
- .nan
---
header:
  stamp:
    sec: 1791161809
    nanosec: 751811850
  frame_id: base_link
name:
- joint_x
- joint_y
position:
- 0.0
- 0.0
velocity:
- 0.0
- 0.0
effort:
- .nan
- .nan
---
header:
  stamp:
    sec: 1791161809
    nanosec: 771810658
  frame_id: base_link
name:
- joint_x
- joint_y
position:
- 0.0
- 0.0
velocity:
- 0.0
- 0.0
effort:
- .nan
- .nan
---
header:
  stamp:
    sec: 1791161809
    nanosec: 791825487
  frame_id: base_link
name:
- joint_x
- joint_y
position:
- 0.0
- 0.0
velocity:
- 0.0
- 0.0
effort:
- .nan
- .nan
---
header:
  stamp:
    sec: 1791161809
    nanosec: 811811693
  frame_id: base_link
name:
- joint_x
- joint_y
position:
- 0.0
- 0.0
velocity:
- 0.0
- 0.0
effort:
- .nan
- .nan
---
header:
  stamp:
    sec: 1791161809
    nanosec: 831836613
  frame_id: base_link
name:
- joint_x
- joint_y
position:
- 0.0
- 0.0
velocity:
- 0.0
- 0.0
effort:
- .nan
- .nan
---
header:
  stamp:
    sec: 1791161809
    nanosec: 851820737
  frame_id: base_link
name:
- joint_x
- joint_y
position:
- 0.0
- 0.0
velocity:
- 0.0
- 0.0
effort:
- .nan
- .nan
---
header:
  stamp:
    sec: 1791161809
    nanosec: 871819204
  frame_id: base_link
name:
- joint_x
- joint_y
position:
- 0.0
- 0.0
velocity:
- 0.0
- 0.0
effort:
- .nan
- .nan
---
header:
  stamp:
    sec: 1791161809
    nanosec: 891810394
  frame_id: base_link
name:
- joint_x
- joint_y
position:
- 0.0
- 0.0
velocity:
- 0.0
- 0.0
effort:
- .nan
- .nan
---
header:
  stamp:
    sec: 1791161809
    nanosec: 911811946
  frame_id: base_link
name:
- joint_x
- joint_y
position:
- 0.0
- 0.0
velocity:
- 0.0
- 0.0
effort:
- .nan
- .nan
---
header:
  stamp:
    sec: 1791161809
    nanosec: 931817525
  frame_id: base_link
name:
- joint_x
- joint_y
position:
- 0.0
- 0.0
velocity:
- 0.0
- 0.0
effort:
- .nan
- .nan
---
header:
  stamp:
    sec: 1791161809
    nanosec: 951815353
  frame_id: base_link
name:
- joint_x
- joint_y
position:
- 0.0
- 0.0
velocity:
- 0.0
- 0.0
effort:
- .nan
- .nan
---
header:
  stamp:
    sec: 1791161809
    nanosec: 971814275
  frame_id: base_link
name:
- joint_x
- joint_y
position:
- 0.0
- 0.0
velocity:
- 0.0
- 0.0
effort:
- .nan
- .nan
---
header:
  stamp:
    sec: 1791161809
    nanosec: 991826378
  frame_id: base_link
name:
- joint_x
- joint_y
position:
- 0.0
- 0.0
velocity:
- 0.0
- 0.0
effort:
- .nan
- .nan
---
header:
  stamp:
    sec: 1791161810
    nanosec: 11814502
  frame_id: base_link
name:
- joint_x
- joint_y
position:
- 0.0
- 0.0
velocity:
- 0.0
- 0.0
effort:
- .nan
- .nan
---
header:
  stamp:
    sec: 1791161810
    nanosec: 31814037
  frame_id: base_link
name:
- joint_x
- joint_y
position:
- 0.0
- 0.0
velocity:
- 0.0
- 0.0
effort:
- .nan
- .nan
---
header:
  stamp:
    sec: 1791161810
    nanosec: 51816728
  frame_id: base_link
name:
- joint_x
- joint_y
position:
- 0.0
- 0.0
velocity:
- 0.0
- 0.0
effort:
- .nan
- .nan
---
header:
  stamp:
    sec: 1791161810
    nanosec: 71813393
  frame_id: base_link
name:
- joint_x
- joint_y
position:
- 0.0
- 0.0
velocity:
- 0.0
- 0.0
effort:
- .nan
- .nan
---
header:
  stamp:
    sec: 1791161810
    nanosec: 91813196
  frame_id: base_link
name:
- joint_x
- joint_y
position:
- 0.0
- 0.0
velocity:
- 0.0
- 0.0
effort:
- .nan
- .nan
---
header:
  stamp:
    sec: 1791161810
    nanosec: 111802282
  frame_id: base_link
name:
- joint_x
- joint_y
position:
- 0.0
- 0.0
velocity:
- 0.0
- 0.0
effort:
- .nan
- .nan
---
header:
  stamp:
    sec: 1791161810
    nanosec: 131813545
  frame_id: base_link
name:
- joint_x
- joint_y
position:
- 0.0
- 0.0
velocity:
- 0.0
- 0.0
effort:
- .nan
- .nan
---
header:
  stamp:
    sec: 1791161810
    nanosec: 151815303
  frame_id: base_link
name:
- joint_x
- joint_y
position:
- 0.0
- 0.0
velocity:
- 0.0
- 0.0
effort:
- .nan
- .nan
---
header:
  stamp:
    sec: 1791161810
    nanosec: 171810891
  frame_id: base_link
name:
- joint_x
- joint_y
position:
- 0.0
- 0.0
velocity:
- 0.0
- 0.0
effort:
- .nan
- .nan
---
header:
  stamp:
    sec: 1791161810
    nanosec: 191822595
  frame_id: base_link
name:
- joint_x
- joint_y
position:
- 0.0
- 0.0
velocity:
- 0.0
- 0.0
effort:
- .nan
- .nan
---
header:
  stamp:
    sec: 1791161810
    nanosec: 211815692
  frame_id: base_link
name:
- joint_x
- joint_y
position:
- 0.0
- 0.0
velocity:
- 0.0
- 0.0
effort:
- .nan
- .nan
---
header:
  stamp:
    sec: 1791161810
    nanosec: 231814080
  frame_id: base_link
name:
- joint_x
- joint_y
position:
- 0.0
- 0.0
velocity:
- 0.0
- 0.0
effort:
- .nan
- .nan
---
header:
  stamp:
    sec: 1791161810
    nanosec: 251817116
  frame_id: base_link
name:
- joint_x
- joint_y
position:
- 0.0
- 0.0
velocity:
- 0.0
- 0.0
effort:
- .nan
- .nan
---
header:
  stamp:
    sec: 1791161810
    nanosec: 271811626
  frame_id: base_link
name:
- joint_x
- joint_y
position:
- 0.0
- 0.0
velocity:
- 0.0
- 0.0
effort:
- .nan
- .nan
---
header:
  stamp:
    sec: 1791161810
    nanosec: 291811656
  frame_id: base_link
name:
- joint_x
- joint_y
position:
- 0.0
- 0.0
velocity:
- 0.0
- 0.0
effort:
- .nan
- .nan
---
header:
  stamp:
    sec: 1791161810
    nanosec: 311802138
  frame_id: base_link
name:
- joint_x
- joint_y
position:
- 0.0
- 0.0
velocity:
- 0.0
- 0.0
effort:
- .nan
- .nan
---
header:
  stamp:
    sec: 1791161810
    nanosec: 331805999
  frame_id: base_link
name:
- joint_x
- joint_y
position:
- 0.0
- 0.0
velocity:
- 0.0
- 0.0
effort:
- .nan
- .nan
---
header:
  stamp:
    sec: 1791161810
    nanosec: 351801383
  frame_id: base_link
name:
- joint_x
- joint_y
position:
- 0.0
- 0.0
velocity:
- 0.0
- 0.0
effort:
- .nan
- .nan
---
header:
  stamp:
    sec: 1791161810
    nanosec: 371817539
  frame_id: base_link
name:
- joint_x
- joint_y
position:
- 0.0
- 0.0
velocity:
- 0.0
- 0.0
effort:
- .nan
- .nan
---
header:
  stamp:
    sec: 1791161810
    nanosec: 391822826
  frame_id: base_link
name:
- joint_x
- joint_y
position:
- 0.0
- 0.0
velocity:
- 0.0
- 0.0
effort:
- .nan
- .nan
---
header:
  stamp:
    sec: 1791161810
    nanosec: 411811884
  frame_id: base_link
name:
- joint_x
- joint_y
position:
- 0.0
- 0.0
velocity:
- 0.0
- 0.0
effort:
- .nan
- .nan
---
header:
  stamp:
    sec: 1791161810
    nanosec: 431819552
  frame_id: base_link
name:
- joint_x
- joint_y
position:
- 0.0
- 0.0
velocity:
- 0.0
- 0.0
effort:
- .nan
- .nan
---
header:
  stamp:
    sec: 1791161810
    nanosec: 451813029
  frame_id: base_link
name:
- joint_x
- joint_y
position:
- 0.0
- 0.0
velocity:
- 0.0
- 0.0
effort:
- .nan
- .nan
---
header:
  stamp:
    sec: 1791161810
    nanosec: 471816870
  frame_id: base_link
name:
- joint_x
- joint_y
position:
- 0.0
- 0.0
velocity:
- 0.0
- 0.0
effort:
- .nan
- .nan
---
header:
  stamp:
    sec: 1791161810
    nanosec: 491812940
  frame_id: base_link
name:
- joint_x
- joint_y
position:
- 0.0
- 0.0
velocity:
- 0.0
- 0.0
effort:
- .nan
- .nan
---
header:
  stamp:
    sec: 1791161810
    nanosec: 511813068
  frame_id: base_link
name:
- joint_x
- joint_y
position:
- 0.0
- 0.0
velocity:
- 0.0
- 0.0
effort:
- .nan
- .nan
---
header:
  stamp:
    sec: 1791161810
    nanosec: 531834430
  frame_id: base_link
name:
- joint_x
- joint_y
position:
- 0.0
- 0.0
velocity:
- 0.0
- 0.0
effort:
- .nan
- .nan
---
header:
  stamp:
    sec: 1791161810
    nanosec: 551806914
  frame_id: base_link
name:
- joint_x
- joint_y
position:
- 0.0
- 0.0
velocity:
- 0.0
- 0.0
effort:
- .nan
- .nan
---
header:
  stamp:
    sec: 1791161810
    nanosec: 571814759
  frame_id: base_link
name:
- joint_x
- joint_y
position:
- 0.0
- 0.0
velocity:
- 0.0
- 0.0
effort:
- .nan
- .nan
---
header:
  stamp:
    sec: 1791161810
    nanosec: 591813286
  frame_id: base_link
name:
- joint_x
- joint_y
position:
- 0.0
- 0.0
velocity:
- 0.0
- 0.0
effort:
- .nan
- .nan
---
header:
  stamp:
    sec: 1791161810
    nanosec: 611812026
  frame_id: base_link
name:
- joint_x
- joint_y
position:
- 0.0
- 0.0
velocity:
- 0.0
- 0.0
effort:
- .nan
- .nan
---
header:
  stamp:
    sec: 1791161810
    nanosec: 631817638
  frame_id: base_link
name:
- joint_x
- joint_y
position:
- 0.0
- 0.0
velocity:
- 0.0
- 0.0
effort:
- .nan
- .nan
---
header:
  stamp:
    sec: 1791161810
    nanosec: 651818958
  frame_id: base_link
name:
- joint_x
- joint_y
position:
- 0.0
- 0.0
velocity:
- 0.0
- 0.0
effort:
- .nan
- .nan
---
header:
  stamp:
    sec: 1791161810
    nanosec: 671809292
  frame_id: base_link
name:
- joint_x
- joint_y
position:
- 0.0
- 0.0
velocity:
- 0.0
- 0.0
effort:
- .nan
- .nan
---
header:
  stamp:
    sec: 1791161810
    nanosec: 691817844
  frame_id: base_link
name:
- joint_x
- joint_y
position:
- 0.0
- 0.0
velocity:
- 0.0
- 0.0
effort:
- .nan
- .nan
---
header:
  stamp:
    sec: 1791161810
    nanosec: 711806775
  frame_id: base_link
name:
- joint_x
- joint_y
position:
- 0.0
- 0.0
velocity:
- 0.0
- 0.0
effort:
- .nan
- .nan
---
header:
  stamp:
    sec: 1791161810
    nanosec: 731805974
  frame_id: base_link
name:
- joint_x
- joint_y
position:
- 0.0
- 0.0
velocity:
- 0.0
- 0.0
effort:
- .nan
- .nan
---
header:
  stamp:
    sec: 1791161810
    nanosec: 751810415
  frame_id: base_link
name:
- joint_x
- joint_y
position:
- 0.0
- 0.0
velocity:
- 0.0
- 0.0
effort:
- .nan
- .nan
---
header:
  stamp:
    sec: 1791161810
    nanosec: 771810146
  frame_id: base_link
name:
- joint_x
- joint_y
position:
- 0.0
- 0.0
velocity:
- 0.0
- 0.0
effort:
- .nan
- .nan
---
header:
  stamp:
    sec: 1791161810
    nanosec: 791812083
  frame_id: base_link
name:
- joint_x
- joint_y
position:
- 0.0
- 0.0
velocity:
- 0.0
- 0.0
effort:
- .nan
- .nan
---
header:
  stamp:
    sec: 1791161810
    nanosec: 811806884
  frame_id: base_link
name:
- joint_x
- joint_y
position:
- 0.0
- 0.0
velocity:
- 0.0
- 0.0
effort:
- .nan
- .nan
---
header:
  stamp:
    sec: 1791161810
    nanosec: 831803051
  frame_id: base_link
name:
- joint_x
- joint_y
position:
- 0.0
- 0.0
velocity:
- 0.0
- 0.0
effort:
- .nan
- .nan
---
header:
  stamp:
    sec: 1791161810
    nanosec: 851803019
  frame_id: base_link
name:
- joint_x
- joint_y
position:
- 0.0
- 0.0
velocity:
- 0.0
- 0.0
effort:
- .nan
- .nan
---
header:
  stamp:
    sec: 1791161810
    nanosec: 871806804
  frame_id: base_link
name:
- joint_x
- joint_y
position:
- 0.0
- 0.0
velocity:
- 0.0
- 0.0
effort:
- .nan
- .nan
---
header:
  stamp:
    sec: 1791161810
    nanosec: 891809287
  frame_id: base_link
name:
- joint_x
- joint_y
position:
- 0.0
- 0.0
velocity:
- 0.0
- 0.0
effort:
- .nan
- .nan
---
header:
  stamp:
    sec: 1791161810
    nanosec: 911827703
  frame_id: base_link
name:
- joint_x
- joint_y
position:
- 0.0
- 0.0
velocity:
- 0.0
- 0.0
effort:
- .nan
- .nan
---
header:
  stamp:
    sec: 1791161810
    nanosec: 931821487
  frame_id: base_link
name:
- joint_x
- joint_y
position:
- 0.0
- 0.0
velocity:
- 0.0
- 0.0
effort:
- .nan
- .nan
---
header:
  stamp:
    sec: 1791161810
    nanosec: 951857471
  frame_id: base_link
name:
- joint_x
- joint_y
position:
- 0.0
- 0.0
velocity:
- 0.0
- 0.0
effort:
- .nan
- .nan
---
header:
  stamp:
    sec: 1791161810
    nanosec: 971820254
  frame_id: base_link
name:
- joint_x
- joint_y
position:
- 0.0
- 0.0
velocity:
- 0.0
- 0.0
effort:
- .nan
- .nan
---
header:
  stamp:
    sec: 1791161810
    nanosec: 991850161
  frame_id: base_link
name:
- joint_x
- joint_y
position:
- 0.0
- 0.0
velocity:
- 0.0
- 0.0
effort:
- .nan
- .nan
---
header:
  stamp:
    sec: 1791161811
    nanosec: 11819280
  frame_id: base_link
name:
- joint_x
- joint_y
position:
- 0.0
- 0.0
velocity:
- 0.0
- 0.0
effort:
- .nan
- .nan
---
header:
  stamp:
    sec: 1791161811
    nanosec: 31817042
  frame_id: base_link
name:
- joint_x
- joint_y
position:
- 0.0
- 0.0
velocity:
- 0.0
- 0.0
effort:
- .nan
- .nan
---
header:
  stamp:
    sec: 1791161811
    nanosec: 51822504
  frame_id: base_link
name:
- joint_x
- joint_y
position:
- 0.0
- 0.0
velocity:
- 0.0
- 0.0
effort:
- .nan
- .nan
---
header:
  stamp:
    sec: 1791161811
    nanosec: 71891396
  frame_id: base_link
name:
- joint_x
- joint_y
position:
- 0.0
- 0.0
velocity:
- 0.0
- 0.0
effort:
- .nan
- .nan
---
header:
  stamp:
    sec: 1791161811
    nanosec: 91881035
  frame_id: base_link
name:
- joint_x
- joint_y
position:
- 0.0
- 0.0
velocity:
- 0.0
- 0.0
effort:
- .nan
- .nan
---
header:
  stamp:
    sec: 1791161811
    nanosec: 111854028
  frame_id: base_link
name:
- joint_x
- joint_y
position:
- 0.0
- 0.0
velocity:
- 0.0
- 0.0
effort:
- .nan
- .nan
---
header:
  stamp:
    sec: 1791161811
    nanosec: 138903901
  frame_id: base_link
name:
- joint_x
- joint_y
position:
- 0.0
- 0.0
velocity:
- 0.0
- 0.0
effort:
- .nan
- .nan
---
header:
  stamp:
    sec: 1791161811
    nanosec: 151817087
  frame_id: base_link
name:
- joint_x
- joint_y
position:
- 0.0
- 0.0
velocity:
- 0.0
- 0.0
effort:
- .nan
- .nan
---
header:
  stamp:
    sec: 1791161811
    nanosec: 171822649
  frame_id: base_link
name:
- joint_x
- joint_y
position:
- 0.0
- 0.0
velocity:
- 0.0
- 0.0
effort:
- .nan
- .nan
---
header:
  stamp:
    sec: 1791161811
    nanosec: 191812983
  frame_id: base_link
name:
- joint_x
- joint_y
position:
- 0.0
- 0.0
velocity:
- 0.0
- 0.0
effort:
- .nan
- .nan
---
header:
  stamp:
    sec: 1791161811
    nanosec: 211806375
  frame_id: base_link
name:
- joint_x
- joint_y
position:
- 0.0
- 0.0
velocity:
- 0.0
- 0.0
effort:
- .nan
- .nan
---
header:
  stamp:
    sec: 1791161811
    nanosec: 231810571
  frame_id: base_link
name:
- joint_x
- joint_y
position:
- 0.0
- 0.0
velocity:
- 0.0
- 0.0
effort:
- .nan
- .nan
---
header:
  stamp:
    sec: 1791161811
    nanosec: 251798728
  frame_id: base_link
name:
- joint_x
- joint_y
position:
- 0.0
- 0.0
velocity:
- 0.0
- 0.0
effort:
- .nan
- .nan
---
header:
  stamp:
    sec: 1791161811
    nanosec: 271808006
  frame_id: base_link
name:
- joint_x
- joint_y
position:
- 0.0
- 0.0
velocity:
- 0.0
- 0.0
effort:
- .nan
- .nan
---
header:
  stamp:
    sec: 1791161811
    nanosec: 291826474
  frame_id: base_link
name:
- joint_x
- joint_y
position:
- 0.0
- 0.0
velocity:
- 0.0
- 0.0
effort:
- .nan
- .nan
---
header:
  stamp:
    sec: 1791161811
    nanosec: 311818291
  frame_id: base_link
name:
- joint_x
- joint_y
position:
- 0.0
- 0.0
velocity:
- 0.0
- 0.0
effort:
- .nan
- .nan
---
header:
  stamp:
    sec: 1791161811
    nanosec: 331813968
  frame_id: base_link
name:
- joint_x
- joint_y
position:
- 0.0
- 0.0
velocity:
- 0.0
- 0.0
effort:
- .nan
- .nan
---
header:
  stamp:
    sec: 1791161811
    nanosec: 351815406
  frame_id: base_link
name:
- joint_x
- joint_y
position:
- 0.0
- 0.0
velocity:
- 0.0
- 0.0
effort:
- .nan
- .nan
---
header:
  stamp:
    sec: 1791161811
    nanosec: 371823035
  frame_id: base_link
name:
- joint_x
- joint_y
position:
- 0.0
- 0.0
velocity:
- 0.0
- 0.0
effort:
- .nan
- .nan
---
header:
  stamp:
    sec: 1791161811
    nanosec: 391826756
  frame_id: base_link
name:
- joint_x
- joint_y
position:
- 0.0
- 0.0
velocity:
- 0.0
- 0.0
effort:
- .nan
- .nan
---
header:
  stamp:
    sec: 1791161811
    nanosec: 411817558
  frame_id: base_link
name:
- joint_x
- joint_y
position:
- 0.0
- 0.0
velocity:
- 0.0
- 0.0
effort:
- .nan
- .nan
---
header:
  stamp:
    sec: 1791161811
    nanosec: 431822537
  frame_id: base_link
name:
- joint_x
- joint_y
position:
- 0.0
- 0.0
velocity:
- 0.0
- 0.0
effort:
- .nan
- .nan
---
header:
  stamp:
    sec: 1791161811
    nanosec: 451822007
  frame_id: base_link
name:
- joint_x
- joint_y
position:
- 0.0
- 0.0
velocity:
- 0.0
- 0.0
effort:
- .nan
- .nan
---
header:
  stamp:
    sec: 1791161811
    nanosec: 471819691
  frame_id: base_link
name:
- joint_x
- joint_y
position:
- 0.0
- 0.0
velocity:
- 0.0
- 0.0
effort:
- .nan
- .nan
---
header:
  stamp:
    sec: 1791161811
    nanosec: 491816692
  frame_id: base_link
name:
- joint_x
- joint_y
position:
- 0.0
- 0.0
velocity:
- 0.0
- 0.0
effort:
- .nan
- .nan
---
header:
  stamp:
    sec: 1791161811
    nanosec: 511843272
  frame_id: base_link
name:
- joint_x
- joint_y
position:
- 0.0
- 0.0
velocity:
- 0.0
- 0.0
effort:
- .nan
- .nan
---
header:
  stamp:
    sec: 1791161811
    nanosec: 531827053
  frame_id: base_link
name:
- joint_x
- joint_y
position:
- 0.0
- 0.0
velocity:
- 0.0
- 0.0
effort:
- .nan
- .nan
---
header:
  stamp:
    sec: 1791161811
    nanosec: 551826406
  frame_id: base_link
name:
- joint_x
- joint_y
position:
- 0.0
- 0.0
velocity:
- 0.0
- 0.0
effort:
- .nan
- .nan
---
header:
  stamp:
    sec: 1791161811
    nanosec: 571822854
  frame_id: base_link
name:
- joint_x
- joint_y
position:
- 0.0
- 0.0
velocity:
- 0.0
- 0.0
effort:
- .nan
- .nan
---
header:
  stamp:
    sec: 1791161811
    nanosec: 591818304
  frame_id: base_link
name:
- joint_x
- joint_y
position:
- 0.0
- 0.0
velocity:
- 0.0
- 0.0
effort:
- .nan
- .nan
---
header:
  stamp:
    sec: 1791161811
    nanosec: 611821590
  frame_id: base_link
name:
- joint_x
- joint_y
position:
- 0.0
- 0.0
velocity:
- 0.0
- 0.0
effort:
- .nan
- .nan
---
header:
  stamp:
    sec: 1791161811
    nanosec: 631824622
  frame_id: base_link
name:
- joint_x
- joint_y
position:
- 0.0
- 0.0
velocity:
- 0.0
- 0.0
effort:
- .nan
- .nan
---
header:
  stamp:
    sec: 1791161811
    nanosec: 651824308
  frame_id: base_link
name:
- joint_x
- joint_y
position:
- 0.0
- 0.0
velocity:
- 0.0
- 0.0
effort:
- .nan
- .nan
---
header:
  stamp:
    sec: 1791161811
    nanosec: 671806327
  frame_id: base_link
name:
- joint_x
- joint_y
position:
- 0.0
- 0.0
velocity:
- 0.0
- 0.0
effort:
- .nan
- .nan
---
header:
  stamp:
    sec: 1791161811
    nanosec: 691788454
  frame_id: base_link
name:
- joint_x
- joint_y
position:
- 0.0
- 0.0
velocity:
- 0.0
- 0.0
effort:
- .nan
- .nan
---
header:
  stamp:
    sec: 1791161811
    nanosec: 711795852
  frame_id: base_link
name:
- joint_x
- joint_y
position:
- 0.0
- 0.0
velocity:
- 0.0
- 0.0
effort:
- .nan
- .nan
---
header:
  stamp:
    sec: 1791161811
    nanosec: 731817379
  frame_id: base_link
name:
- joint_x
- joint_y
position:
- 0.0
- 0.0
velocity:
- 0.0
- 0.0
effort:
- .nan
- .nan
---
header:
  stamp:
    sec: 1791161811
    nanosec: 751833159
  frame_id: base_link
name:
- joint_x
- joint_y
position:
- 0.0
- 0.0
velocity:
- 0.0
- 0.0
effort:
- .nan
- .nan
---
header:
  stamp:
    sec: 1791161811
    nanosec: 771816973
  frame_id: base_link
name:
- joint_x
- joint_y
position:
- 0.0
- 0.0
velocity:
- 0.0
- 0.0
effort:
- .nan
- .nan
---
header:
  stamp:
    sec: 1791161811
    nanosec: 791845377
  frame_id: base_link
name:
- joint_x
- joint_y
position:
- 0.0
- 0.0
velocity:
- 0.0
- 0.0
effort:
- .nan
- .nan
---
header:
  stamp:
    sec: 1791161811
    nanosec: 811814725
  frame_id: base_link
name:
- joint_x
- joint_y
position:
- 1.8750000890577212e-05
- 1.8750000890577212e-05
velocity:
- 0.0009374999790452421
- 0.0009374999790452421
effort:
- .nan
- .nan
---
header:
  stamp:
    sec: 1791161811
    nanosec: 831817997
  frame_id: base_link
name:
- joint_x
- joint_y
position:
- 5.624999903375283e-05
- 5.624999903375283e-05
velocity:
- 0.0018749999580904841
- 0.0018749999580904841
effort:
- .nan
- .nan
---
header:
  stamp:
    sec: 1791161811
    nanosec: 851827837
  frame_id: base_link
name:
- joint_x
- joint_y
position:
- 0.0001062500014086254
- 0.0001062500014086254
velocity:
- 0.0024999999441206455
- 0.0024999999441206455
effort:
- .nan
- .nan
---
header:
  stamp:
    sec: 1791161811
    nanosec: 871826289
  frame_id: base_link
name:
- joint_x
- joint_y
position:
- 0.0002562500012572855
- 0.0002562500012572855
velocity:
- 0.0043750000186264515
- 0.0043750000186264515
effort:
- .nan
- .nan
---
header:
  stamp:
    sec: 1791161811
    nanosec: 891819662
  frame_id: base_link
name:
- joint_x
- joint_y
position:
- 0.0003562500060070306
- 0.0003562500060070306
velocity:
- 0.004999999888241291
- 0.004999999888241291
effort:
- .nan
- .nan
---
header:
  stamp:
    sec: 1791161811
    nanosec: 911818715
  frame_id: base_link
name:
- joint_x
- joint_y
position:
- 0.00046874998952262104
- 0.00046874998952262104
velocity:
- 0.005625000223517418
- 0.005625000223517418
effort:
- .nan
- .nan
---
header:
  stamp:
    sec: 1791161811
    nanosec: 931832594
  frame_id: base_link
name:
- joint_x
- joint_y
position:
- 0.0005937499809078872
- 0.0005937499809078872
velocity:
- 0.0062500000931322575
- 0.0062500000931322575
effort:
- .nan
- .nan
---
header:
  stamp:
    sec: 1791161811
    nanosec: 951822533
  frame_id: base_link
name:
- joint_x
- joint_y
position:
- 0.0007312499801628292
- 0.0007312499801628292
velocity:
- 0.006874999962747097
- 0.006874999962747097
effort:
- .nan
- .nan
---
header:
  stamp:
    sec: 1791161811
    nanosec: 971819798
  frame_id: base_link
name:
- joint_x
- joint_y
position:
- 0.0008937499951571226
- 0.0008875000057742
velocity:
- 0.0078125
- 0.0078125
effort:
- .nan
- .nan
---
header:
  stamp:
    sec: 1791161811
    nanosec: 991818349
  frame_id: base_link
name:
- joint_x
- joint_y
position:
- 0.0010499999625608325
- 0.0010499999625608325
velocity:
- 0.008124999701976776
- 0.008124999701976776
effort:
- .nan
- .nan
---
header:
  stamp:
    sec: 1791161812
    nanosec: 11832160
  frame_id: base_link
name:
- joint_x
- joint_y
position:
- 0.0012250000145286322
- 0.0012250000145286322
velocity:
- 0.008750000037252903
- 0.008437500335276127
effort:
- .nan
- .nan
---
header:
  stamp:
    sec: 1791161812
    nanosec: 31824793
  frame_id: base_link
name:
- joint_x
- joint_y
position:
- 0.0014062500558793545
- 0.0014062500558793545
velocity:
- 0.009062499739229679
- 0.00937500037252903
effort:
- .nan
- .nan
---
header:
  stamp:
    sec: 1791161812
    nanosec: 51825627
  frame_id: base_link
name:
- joint_x
- joint_y
position:
- 0.0018187500536441803
- 0.0018187500536441803
velocity:
- 0.010937499813735485
- 0.010937499813735485
effort:
- .nan
- .nan
---
header:
  stamp:
    sec: 1791161812
    nanosec: 71821493
  frame_id: base_link
name:
- joint_x
- joint_y
position:
- 0.0020375000312924385
- 0.0020375000312924385
velocity:
- 0.010937499813735485
- 0.010937499813735485
effort:
- .nan
- .nan
---
header:
  stamp:
    sec: 1791161812
    nanosec: 91824068
  frame_id: base_link
name:
- joint_x
- joint_y
position:
- 0.002262500114738941
- 0.002262500114738941
velocity:
- 0.011250000447034836
- 0.011250000447034836
effort:
- .nan
- .nan
---
header:
  stamp:
    sec: 1791161812
    nanosec: 111816459
  frame_id: base_link
name:
- joint_x
- joint_y
position:
- 0.0024999999441206455
- 0.0024999999441206455
velocity:
- 0.011874999850988388
- 0.011874999850988388
effort:
- .nan
- .nan
---
header:
  stamp:
    sec: 1791161812
    nanosec: 131813354
  frame_id: base_link
name:
- joint_x
- joint_y
position:
- 0.0027562500908970833
- 0.0027562500908970833
velocity:
- 0.012202381156384945
- 0.012202381156384945
effort:
- .nan
- .nan
---
header:
  stamp:
    sec: 1791161812
    nanosec: 151816841
  frame_id: base_link
name:
- joint_x
- joint_y
position:
- 0.003031250089406967
- 0.003031250089406967
velocity:
- 0.013437500223517418
- 0.013437500223517418
effort:
- .nan
- .nan
---
header:
  stamp:
    sec: 1791161812
    nanosec: 171823675
  frame_id: base_link
name:
- joint_x
- joint_y
position:
- 0.0032937501091510057
- 0.0032937501091510057
velocity:
- 0.013437500223517418
- 0.013124999590218067
effort:
- .nan
- .nan
---
header:
  stamp:
    sec: 1791161812
    nanosec: 191817336
  frame_id: base_link
name:
- joint_x
- joint_y
position:
- 0.0035687501076608896
- 0.003562500001862645
velocity:
- 0.013437500223517418
- 0.013749999925494194
effort:
- .nan
- .nan
---
header:
  stamp:
    sec: 1791161812
    nanosec: 211820050
  frame_id: base_link
name:
- joint_x
- joint_y
position:
- 0.0038437501061707735
- 0.0038437501061707735
velocity:
- 0.01406249962747097
- 0.01406249962747097
effort:
- .nan
- .nan
---
header:
  stamp:
    sec: 1791161812
    nanosec: 231820419
  frame_id: base_link
name:
- joint_x
- joint_y
position:
- 0.004137500189244747
- 0.004131250083446503
velocity:
- 0.014375000260770321
- 0.014375000260770321
effort:
- .nan
- .nan
---
header:
  stamp:
    sec: 1791161812
    nanosec: 251824367
  frame_id: base_link
name:
- joint_x
- joint_y
position:
- 0.004749999847263098
- 0.004743750207126141
velocity:
- 0.014999999664723873
- 0.015312500298023224
effort:
- .nan
- .nan
---
header:
  stamp:
    sec: 1791161812
    nanosec: 271828162
  frame_id: base_link
name:
- joint_x
- joint_y
position:
- 0.005056249909102917
- 0.005056249909102917
velocity:
- 0.015625
- 0.015312500298023224
effort:
- .nan
- .nan
---
header:
  stamp:
    sec: 1791161812
    nanosec: 291839049
  frame_id: base_link
name:
- joint_x
- joint_y
position:
- 0.005375000182539225
- 0.005375000182539225
velocity:
- 0.015937499701976776
- 0.015937499701976776
effort:
- .nan
- .nan
---
header:
  stamp:
    sec: 1791161812
    nanosec: 311833860
  frame_id: base_link
name:
- joint_x
- joint_y
position:
- 0.005718749947845936
- 0.005712499842047691
velocity:
- 0.0163690485060215
- 0.0163690485060215
effort:
- .nan
- .nan
---
header:
  stamp:
    sec: 1791161812
    nanosec: 331856704
  frame_id: base_link
name:
- joint_x
- joint_y
position:
- 0.0060687498189508915
- 0.0060687498189508915
velocity:
- 0.017500000074505806
- 0.017500000074505806
effort:
- .nan
- .nan
---
header:
  stamp:
    sec: 1791161812
    nanosec: 351836715
  frame_id: base_link
name:
- joint_x
- joint_y
position:
- 0.0064062499441206455
- 0.0064062499441206455
velocity:
- 0.01656249910593033
- 0.016875000670552254
effort:
- .nan
- .nan
---
header:
  stamp:
    sec: 1791161812
    nanosec: 371818832
  frame_id: base_link
name:
- joint_x
- joint_y
position:
- 0.006750000175088644
- 0.0067437500692903996
velocity:
- 0.01718750037252903
- 0.01718750037252903
effort:
- .nan
- .nan
---
header:
  stamp:
    sec: 1791161812
    nanosec: 391822952
  frame_id: base_link
name:
- joint_x
- joint_y
position:
- 0.007093749940395355
- 0.007093749940395355
velocity:
- 0.017500000074505806
- 0.017500000074505806
effort:
- .nan
- .nan
---
header:
  stamp:
    sec: 1791161812
    nanosec: 411832878
  frame_id: base_link
name:
- joint_x
- joint_y
position:
- 0.007449999917298555
- 0.007449999917298555
velocity:
- 0.017500000074505806
- 0.017500000074505806
effort:
- .nan
- .nan
---
header:
  stamp:
    sec: 1791161812
    nanosec: 431837085
  frame_id: base_link
name:
- joint_x
- joint_y
position:
- 0.008181249722838402
- 0.008181249722838402
velocity:
- 0.018124999478459358
- 0.018124999478459358
effort:
- .nan
- .nan
---
header:
  stamp:
    sec: 1791161812
    nanosec: 451849073
  frame_id: base_link
name:
- joint_x
- joint_y
position:
- 0.008550000376999378
- 0.008550000376999378
velocity:
- 0.018437499180436134
- 0.018437499180436134
effort:
- .nan
- .nan
---
header:
  stamp:
    sec: 1791161812
    nanosec: 471829865
  frame_id: base_link
name:
- joint_x
- joint_y
position:
- 0.008925000205636024
- 0.00891875009983778
velocity:
- 0.01875000074505806
- 0.018437499180436134
effort:
- .nan
- .nan
---
header:
  stamp:
    sec: 1791161812
    nanosec: 491793268
  frame_id: base_link
name:
- joint_x
- joint_y
position:
- 0.00930000003427267
- 0.009293749928474426
velocity:
- 0.01875000074505806
- 0.01875000074505806
effort:
- .nan
- .nan
---
header:
  stamp:
    sec: 1791161812
    nanosec: 511838648
  frame_id: base_link
name:
- joint_x
- joint_y
position:
- 0.009700000286102295
- 0.009700000286102295
velocity:
- 0.019999999552965164
- 0.019999999552965164
effort:
- .nan
- .nan
---
header:
  stamp:
    sec: 1791161812
    nanosec: 531827412
  frame_id: base_link
name:
- joint_x
- joint_y
position:
- 0.010081250220537186
- 0.010081250220537186
velocity:
- 0.019062500447034836
- 0.019375000149011612
effort:
- .nan
- .nan
---
header:
  stamp:
    sec: 1791161812
    nanosec: 551810695
  frame_id: base_link
name:
- joint_x
- joint_y
position:
- 0.010468750260770321
- 0.010468750260770321
velocity:
- 0.019375000149011612
- 0.019375000149011612
effort:
- .nan
- .nan
---
header:
  stamp:
    sec: 1791161812
    nanosec: 571802572
  frame_id: base_link
name:
- joint_x
- joint_y
position:
- 0.0108625004068017
- 0.0108625004068017
velocity:
- 0.019375000149011612
- 0.019375000149011612
effort:
- .nan
- .nan
---
header:
  stamp:
    sec: 1791161812
    nanosec: 591801750
  frame_id: base_link
name:
- joint_x
- joint_y
position:
- 0.011256249621510506
- 0.011250000447034836
velocity:
- 0.019687499850988388
- 0.019687499850988388
effort:
- .nan
- .nan
---
header:
  stamp:
    sec: 1791161812
    nanosec: 611823943
  frame_id: base_link
name:
- joint_x
- joint_y
position:
- 0.012062500230967999
- 0.012056250125169754
velocity:
- 0.019375000149011612
- 0.019687499850988388
effort:
- .nan
- .nan
---
header:
  stamp:
    sec: 1791161812
    nanosec: 631823530
  frame_id: base_link
name:
- joint_x
- joint_y
position:
- 0.012456250376999378
- 0.012456250376999378
velocity:
- 0.019999999552965164
- 0.019687499850988388
effort:
- .nan
- .nan
---
header:
  stamp:
    sec: 1791161812
    nanosec: 651811848
  frame_id: base_link
name:
- joint_x
- joint_y
position:
- 0.012856249697506428
- 0.012856249697506428
velocity:
- 0.019999999552965164
- 0.019999999552965164
effort:
- .nan
- .nan
---
header:
  stamp:
    sec: 1791161812
    nanosec: 671823354
  frame_id: base_link
name:
- joint_x
- joint_y
position:
- 0.01328125037252903
- 0.013275000266730785
velocity:
- 0.02023809589445591
- 0.02023809589445591
effort:
- .nan
- .nan
---
header:
  stamp:
    sec: 1791161812
    nanosec: 691827902
  frame_id: base_link
name:
- joint_x
- joint_y
position:
- 0.013706250116229057
- 0.013706250116229057
velocity:
- 0.020937500521540642
- 0.021250000223517418
effort:
- .nan
- .nan
---
header:
  stamp:
    sec: 1791161812
    nanosec: 711819288
  frame_id: base_link
name:
- joint_x
- joint_y
position:
- 0.014106250368058681
- 0.014106250368058681
velocity:
- 0.02031249925494194
- 0.019999999552965164
effort:
- .nan
- .nan
---
header:
  stamp:
    sec: 1791161812
    nanosec: 731820953
  frame_id: base_link
name:
- joint_x
- joint_y
position:
- 0.014506249688565731
- 0.014506249688565731
velocity:
- 0.019999999552965164
- 0.02031249925494194
effort:
- .nan
- .nan
---
header:
  stamp:
    sec: 1791161812
    nanosec: 751819552
  frame_id: base_link
name:
- joint_x
- joint_y
position:
- 0.0149125000461936
- 0.014906249940395355
velocity:
- 0.02031249925494194
- 0.019999999552965164
effort:
- .nan
- .nan
---
header:
  stamp:
    sec: 1791161812
    nanosec: 771847172
  frame_id: base_link
name:
- joint_x
- joint_y
position:
- 0.015318750403821468
- 0.015318750403821468
velocity:
- 0.02031249925494194
- 0.02031249925494194
effort:
- .nan
- .nan
---
header:
  stamp:
    sec: 1791161812
    nanosec: 791822173
  frame_id: base_link
name:
- joint_x
- joint_y
position:
- 0.0161374993622303
- 0.0161374993622303
velocity:
- 0.019999999552965164
- 0.019999999552965164
effort:
- .nan
- .nan
---
header:
  stamp:
    sec: 1791161812
    nanosec: 811813270
  frame_id: base_link
name:
- joint_x
- joint_y
position:
- 0.01654374971985817
- 0.01654374971985817
velocity:
- 0.02031249925494194
- 0.019999999552965164
effort:
- .nan
- .nan
---
header:
  stamp:
    sec: 1791161812
    nanosec: 831821180
  frame_id: base_link
name:
- joint_x
- joint_y
position:
- 0.01694375090301037
- 0.01694375090301037
velocity:
- 0.019999999552965164
- 0.02031249925494194
effort:
- .nan
- .nan
---
header:
  stamp:
    sec: 1791161812
    nanosec: 851831953
  frame_id: base_link
name:
- joint_x
- joint_y
position:
- 0.017368750646710396
- 0.017368750646710396
velocity:
- 0.020937500521540642
- 0.021250000223517418
effort:
- .nan
- .nan
---
header:
  stamp:
    sec: 1791161812
    nanosec: 871831855
  frame_id: base_link
name:
- joint_x
- joint_y
position:
- 0.017768749967217445
- 0.017768749967217445
velocity:
- 0.019999999552965164
- 0.019999999552965164
effort:
- .nan
- .nan
---
header:
  stamp:
    sec: 1791161812
    nanosec: 891833049
  frame_id: base_link
name:
- joint_x
- joint_y
position:
- 0.018162500113248825
- 0.018162500113248825
velocity:
- 0.019999999552965164
- 0.019687499850988388
effort:
- .nan
- .nan
---
header:
  stamp:
    sec: 1791161812
    nanosec: 911824889
  frame_id: base_link
name:
- joint_x
- joint_y
position:
- 0.018562499433755875
- 0.018556250259280205
velocity:
- 0.019999999552965164
- 0.019687499850988388
effort:
- .nan
- .nan
---
header:
  stamp:
    sec: 1791161812
    nanosec: 931818281
  frame_id: base_link
name:
- joint_x
- joint_y
position:
- 0.018956249579787254
- 0.018950000405311584
velocity:
- 0.019687499850988388
- 0.019687499850988388
effort:
- .nan
- .nan
---
header:
  stamp:
    sec: 1791161812
    nanosec: 951817376
  frame_id: base_link
name:
- joint_x
- joint_y
position:
- 0.019343750551342964
- 0.019343750551342964
velocity:
- 0.019375000149011612
- 0.019687499850988388
effort:
- .nan
- .nan
---
header:
  stamp:
    sec: 1791161812
    nanosec: 971822179
  frame_id: base_link
name:
- joint_x
- joint_y
position:
- 0.020131250843405724
- 0.020124999806284904
velocity:
- 0.019062500447034836
- 0.01875000074505806
effort:
- .nan
- .nan
---
header:
  stamp:
    sec: 1791161812
    nanosec: 991815096
  frame_id: base_link
name:
- joint_x
- joint_y
position:
- 0.020512500777840614
- 0.020506249740719795
velocity:
- 0.019062500447034836
- 0.019062500447034836
effort:
- .nan
- .nan
---
header:
  stamp:
    sec: 1791161813
    nanosec: 11818170
  frame_id: base_link
name:
- joint_x
- joint_y
position:
- 0.020887499675154686
- 0.020887499675154686
velocity:
- 0.01875000074505806
- 0.019062500447034836
effort:
- .nan
- .nan
---
header:
  stamp:
    sec: 1791161813
    nanosec: 31817906
  frame_id: base_link
name:
- joint_x
- joint_y
position:
- 0.021281249821186066
- 0.021281249821186066
velocity:
- 0.019687499850988388
- 0.019687499850988388
effort:
- .nan
- .nan
---
header:
  stamp:
    sec: 1791161813
    nanosec: 51821026
  frame_id: base_link
name:
- joint_x
- joint_y
position:
- 0.021656250581145287
- 0.021649999544024467
velocity:
- 0.01875000074505806
- 0.018437499180436134
effort:
- .nan
- .nan
---
header:
  stamp:
    sec: 1791161813
    nanosec: 71820070
  frame_id: base_link
name:
- joint_x
- joint_y
position:
- 0.02201874926686287
- 0.02201874926686287
velocity:
- 0.018124999478459358
- 0.018437499180436134
effort:
- .nan
- .nan
---
header:
  stamp:
    sec: 1791161813
    nanosec: 91814889
  frame_id: base_link
name:
- joint_x
- joint_y
position:
- 0.02237500064074993
- 0.02237500064074993
velocity:
- 0.017812499776482582
- 0.017812499776482582
effort:
- .nan
- .nan
---
header:
  stamp:
    sec: 1791161813
    nanosec: 111815099
  frame_id: base_link
name:
- joint_x
- joint_y
position:
- 0.022731250151991844
- 0.022731250151991844
velocity:
- 0.017812499776482582
- 0.017812499776482582
effort:
- .nan
- .nan
---
header:
  stamp:
    sec: 1791161813
    nanosec: 131822843
  frame_id: base_link
name:
- joint_x
- joint_y
position:
- 0.023087499663233757
- 0.023087499663233757
velocity:
- 0.017812499776482582
- 0.017812499776482582
effort:
- .nan
- .nan
---
header:
  stamp:
    sec: 1791161813
    nanosec: 151823809
  frame_id: base_link
name:
- joint_x
- joint_y
position:
- 0.023781249299645424
- 0.023781249299645424
velocity:
- 0.01656249910593033
- 0.016875000670552254
effort:
- .nan
- .nan
---
header:
  stamp:
    sec: 1791161813
    nanosec: 171815876
  frame_id: base_link
name:
- joint_x
- joint_y
position:
- 0.024112500250339508
- 0.024112500250339508
velocity:
- 0.01656249910593033
- 0.01656249910593033
effort:
- .nan
- .nan
---
header:
  stamp:
    sec: 1791161813
    nanosec: 191823281
  frame_id: base_link
name:
- joint_x
- joint_y
position:
- 0.024443749338388443
- 0.024443749338388443
velocity:
- 0.01656249910593033
- 0.01656249910593033
effort:
- .nan
- .nan
---
header:
  stamp:
    sec: 1791161813
    nanosec: 211817458
  frame_id: base_link
name:
- joint_x
- joint_y
position:
- 0.024781249463558197
- 0.024781249463558197
velocity:
- 0.016875000670552254
- 0.016875000670552254
effort:
- .nan
- .nan
---
header:
  stamp:
    sec: 1791161813
    nanosec: 231855102
  frame_id: base_link
name:
- joint_x
- joint_y
position:
- 0.025100000202655792
- 0.025093749165534973
velocity:
- 0.015625
- 0.015625
effort:
- .nan
- .nan
---
header:
  stamp:
    sec: 1791161813
    nanosec: 251824589
  frame_id: base_link
name:
- joint_x
- joint_y
position:
- 0.02539999969303608
- 0.02539999969303608
velocity:
- 0.015312500298023224
- 0.015312500298023224
effort:
- .nan
- .nan
---
header:
  stamp:
    sec: 1791161813
    nanosec: 271829701
  frame_id: base_link
name:
- joint_x
- joint_y
position:
- 0.025699999183416367
- 0.025699999183416367
velocity:
- 0.014999999664723873
- 0.014999999664723873
effort:
- .nan
- .nan
---
header:
  stamp:
    sec: 1791161813
    nanosec: 291815263
  frame_id: base_link
name:
- joint_x
- joint_y
position:
- 0.025993749499320984
- 0.025993749499320984
velocity:
- 0.014687499962747097
- 0.014687499962747097
effort:
- .nan
- .nan
---
header:
  stamp:
    sec: 1791161813
    nanosec: 311937831
  frame_id: base_link
name:
- joint_x
- joint_y
position:
- 0.02629375085234642
- 0.02629375085234642
velocity:
- 0.014285714365541935
- 0.014285714365541935
effort:
- .nan
- .nan
---
header:
  stamp:
    sec: 1791161813
    nanosec: 331929732
  frame_id: base_link
name:
- joint_x
- joint_y
position:
- 0.02658749930560589
- 0.02658749930560589
velocity:
- 0.014375000260770321
- 0.014375000260770321
effort:
- .nan
- .nan
---
header:
  stamp:
    sec: 1791161813
    nanosec: 351847296
  frame_id: base_link
name:
- joint_x
- joint_y
position:
- 0.02710624970495701
- 0.02710624970495701
velocity:
- 0.012500000186264515
- 0.012812499888241291
effort:
- .nan
- .nan
---
header:
  stamp:
    sec: 1791161813
    nanosec: 371822981
  frame_id: base_link
name:
- joint_x
- joint_y
position:
- 0.02735625021159649
- 0.02735625021159649
velocity:
- 0.012500000186264515
- 0.012500000186264515
effort:
- .nan
- .nan
---
header:
  stamp:
    sec: 1791161813
    nanosec: 391820266
  frame_id: base_link
name:
- joint_x
- joint_y
position:
- 0.02761249989271164
- 0.02761249989271164
velocity:
- 0.012812499888241291
- 0.012812499888241291
effort:
- .nan
- .nan
---
header:
  stamp:
    sec: 1791161813
    nanosec: 411816855
  frame_id: base_link
name:
- joint_x
- joint_y
position:
- 0.027843749150633812
- 0.027843749150633812
velocity:
- 0.011562500149011612
- 0.011250000447034836
effort:
- .nan
- .nan
---
header:
  stamp:
    sec: 1791161813
    nanosec: 431823739
  frame_id: base_link
name:
- joint_x
- joint_y
position:
- 0.028062500059604645
- 0.028062500059604645
velocity:
- 0.010937499813735485
- 0.011250000447034836
effort:
- .nan
- .nan
---
header:
  stamp:
    sec: 1791161813
    nanosec: 451818715
  frame_id: base_link
name:
- joint_x
- joint_y
position:
- 0.02828124910593033
- 0.02827499993145466
velocity:
- 0.010625000111758709
- 0.010625000111758709
effort:
- .nan
- .nan
---
header:
  stamp:
    sec: 1791161813
    nanosec: 471826897
  frame_id: base_link
name:
- joint_x
- joint_y
position:
- 0.028481250628829002
- 0.028481250628829002
velocity:
- 0.010312500409781933
- 0.010312500409781933
effort:
- .nan
- .nan
---
header:
  stamp:
    sec: 1791161813
    nanosec: 491814604
  frame_id: base_link
name:
- joint_x
- joint_y
position:
- 0.028681250289082527
- 0.028681250289082527
velocity:
- 0.009523809887468815
- 0.009523809887468815
effort:
- .nan
- .nan
---
header:
  stamp:
    sec: 1791161813
    nanosec: 511828576
  frame_id: base_link
name:
- joint_x
- joint_y
position:
- 0.028875000774860382
- 0.028875000774860382
velocity:
- 0.009687500074505806
- 0.009687500074505806
effort:
- .nan
- .nan
---
header:
  stamp:
    sec: 1791161813
    nanosec: 531816697
  frame_id: base_link
name:
- joint_x
- joint_y
position:
- 0.029200000688433647
- 0.029200000688433647
velocity:
- 0.0078125
- 0.0078125
effort:
- .nan
- .nan
---
header:
  stamp:
    sec: 1791161813
    nanosec: 551806396
  frame_id: base_link
name:
- joint_x
- joint_y
position:
- 0.029349999502301216
- 0.029349999502301216
velocity:
- 0.007499999832361937
- 0.007499999832361937
effort:
- .nan
- .nan
---
header:
  stamp:
    sec: 1791161813
    nanosec: 571811249
  frame_id: base_link
name:
- joint_x
- joint_y
position:
- 0.029493749141693115
- 0.029493749141693115
velocity:
- 0.0071875001303851604
- 0.006874999962747097
effort:
- .nan
- .nan
---
header:
  stamp:
    sec: 1791161813
    nanosec: 591822625
  frame_id: base_link
name:
- joint_x
- joint_y
position:
- 0.029612500220537186
- 0.029612500220537186
velocity:
- 0.005937499925494194
- 0.0062500000931322575
effort:
- .nan
- .nan
---
header:
  stamp:
    sec: 1791161813
    nanosec: 611821363
  frame_id: base_link
name:
- joint_x
- joint_y
position:
- 0.029725000262260437
- 0.029725000262260437
velocity:
- 0.005625000223517418
- 0.005625000223517418
effort:
- .nan
- .nan
---
header:
  stamp:
    sec: 1791161813
    nanosec: 631826403
  frame_id: base_link
name:
- joint_x
- joint_y
position:
- 0.0298250000923872
- 0.0298250000923872
velocity:
- 0.004999999888241291
- 0.004999999888241291
effort:
- .nan
- .nan
---
header:
  stamp:
    sec: 1791161813
    nanosec: 651814014
  frame_id: base_link
name:
- joint_x
- joint_y
position:
- 0.029912499710917473
- 0.029912499710917473
velocity:
- 0.0043750000186264515
- 0.0043750000186264515
effort:
- .nan
- .nan
---
header:
  stamp:
    sec: 1791161813
    nanosec: 671818739
  frame_id: base_link
name:
- joint_x
- joint_y
position:
- 0.029987499117851257
- 0.029987499117851257
velocity:
- 0.0037499999161809683
- 0.0037499999161809683
effort:
- .nan
- .nan
---
header:
  stamp:
    sec: 1791161813
    nanosec: 691815055
  frame_id: base_link
name:
- joint_x
- joint_y
position:
- 0.030050000175833702
- 0.030050000175833702
velocity:
- 0.0031250000465661287
- 0.0031250000465661287
effort:
- .nan
- .nan
---
header:
  stamp:
    sec: 1791161813
    nanosec: 711827331
  frame_id: base_link
name:
- joint_x
- joint_y
position:
- 0.030131250619888306
- 0.030131250619888306
velocity:
- 0.0015625000232830644
- 0.0018749999580904841
effort:
- .nan
- .nan
---
header:
  stamp:
    sec: 1791161813
    nanosec: 731820967
  frame_id: base_link
name:
- joint_x
- joint_y
position:
- 0.030150000005960464
- 0.030150000005960464
velocity:
- 0.0009374999790452421
- 0.0009374999790452421
effort:
- .nan
- .nan
---
header:
  stamp:
    sec: 1791161813
    nanosec: 751826320
  frame_id: base_link
name:
- joint_x
- joint_y
position:
- 0.030156249180436134
- 0.030156249180436134
velocity:
- 0.0003124999930150807
- 0.0003124999930150807
effort:
- .nan
- .nan
---
header:
  stamp:
    sec: 1791161813
    nanosec: 771819764
  frame_id: base_link
name:
- joint_x
- joint_y
position:
- 0.030150000005960464
- 0.030150000005960464
velocity:
- -0.0003124999930150807
- -0.0003124999930150807
effort:
- .nan
- .nan
---
header:
  stamp:
    sec: 1791161813
    nanosec: 791822285
  frame_id: base_link
name:
- joint_x
- joint_y
position:
- 0.030118750408291817
- 0.030124999582767487
velocity:
- -0.0012499999720603228
- -0.0012499999720603228
effort:
- .nan
- .nan
---
header:
  stamp:
    sec: 1791161813
    nanosec: 811818365
  frame_id: base_link
name:
- joint_x
- joint_y
position:
- 0.03008124977350235
- 0.03008124977350235
velocity:
- -0.0021875000093132257
- -0.0021875000093132257
effort:
- .nan
- .nan
---
header:
  stamp:
    sec: 1791161813
    nanosec: 831814841
  frame_id: base_link
name:
- joint_x
- joint_y
position:
- 0.030024999752640724
- 0.030024999752640724
velocity:
- -0.0026785715017467737
- -0.0026785715017467737
effort:
- .nan
- .nan
---
header:
  stamp:
    sec: 1791161813
    nanosec: 851830804
  frame_id: base_link
name:
- joint_x
- joint_y
position:
- 0.02995000034570694
- 0.02995000034570694
velocity:
- -0.0037499999161809683
- -0.0037499999161809683
effort:
- .nan
- .nan
---
header:
  stamp:
    sec: 1791161813
    nanosec: 871836177
  frame_id: base_link
name:
- joint_x
- joint_y
position:
- 0.029868749901652336
- 0.029868749901652336
velocity:
- -0.004062499850988388
- -0.004062499850988388
effort:
- .nan
- .nan
---
header:
  stamp:
    sec: 1791161813
    nanosec: 892031714
  frame_id: base_link
name:
- joint_x
- joint_y
position:
- 0.029774999246001244
- 0.029774999246001244
velocity:
- -0.004687500186264515
- -0.004687500186264515
effort:
- .nan
- .nan
---
header:
  stamp:
    sec: 1791161813
    nanosec: 911960316
  frame_id: base_link
name:
- joint_x
- joint_y
position:
- 0.02954374998807907
- 0.02954374998807907
velocity:
- -0.0062500000931322575
- -0.0062500000931322575
effort:
- .nan
- .nan
---
header:
  stamp:
    sec: 1791161813
    nanosec: 931841049
  frame_id: base_link
name:
- joint_x
- joint_y
position:
- 0.029406249523162842
- 0.02941250056028366
velocity:
- -0.006562499795109034
- -0.006562499795109034
effort:
- .nan
- .nan
---
header:
  stamp:
    sec: 1791161813
    nanosec: 951834207
  frame_id: base_link
name:
- joint_x
- joint_y
position:
- 0.029262499883770943
- 0.029262499883770943
velocity:
- -0.007499999832361937
- -0.007499999832361937
effort:
- .nan
- .nan
---
header:
  stamp:
    sec: 1791161813
    nanosec: 971803873
  frame_id: base_link
name:
- joint_x
- joint_y
position:
- 0.029106250032782555
- 0.029106250032782555
velocity:
- -0.0078125
- -0.0078125
effort:
- .nan
- .nan
---
header:
  stamp:
    sec: 1791161813
    nanosec: 991818691
  frame_id: base_link
name:
- joint_x
- joint_y
position:
- 0.028943749144673347
- 0.028937499970197678
velocity:
- -0.008124999701976776
- -0.008437500335276127
effort:
- .nan
- .nan
---
header:
  stamp:
    sec: 1791161814
    nanosec: 11820795
  frame_id: base_link
name:
- joint_x
- joint_y
position:
- 0.02875624969601631
- 0.02875624969601631
velocity:
- -0.008928571827709675
- -0.008630952797830105
effort:
- .nan
- .nan
---
header:
  stamp:
    sec: 1791161814
    nanosec: 31816418
  frame_id: base_link
name:
- joint_x
- joint_y
position:
- 0.028550000861287117
- 0.028550000861287117
velocity:
- -0.009999999776482582
- -0.009999999776482582
effort:
- .nan
- .nan
---
header:
  stamp:
    sec: 1791161814
    nanosec: 51825576
  frame_id: base_link
name:
- joint_x
- joint_y
position:
- 0.028349999338388443
- 0.028349999338388443
velocity:
- -0.009999999776482582
- -0.010312500409781933
effort:
- .nan
- .nan
---
header:
  stamp:
    sec: 1791161814
    nanosec: 71815894
  frame_id: base_link
name:
- joint_x
- joint_y
position:
- 0.02814375050365925
- 0.02814375050365925
velocity:
- -0.010625000111758709
- -0.010312500409781933
effort:
- .nan
- .nan
---
header:
  stamp:
    sec: 1791161814
    nanosec: 91819025
  frame_id: base_link
name:
- joint_x
- joint_y
position:
- 0.027681250125169754
- 0.027681250125169754
velocity:
- -0.011874999850988388
- -0.012187499552965164
effort:
- .nan
- .nan
---
header:
  stamp:
    sec: 1791161814
    nanosec: 111812819
  frame_id: base_link
name:
- joint_x
- joint_y
position:
- 0.027443749830126762
- 0.027443749830126762
velocity:
- -0.012187499552965164
- -0.011874999850988388
effort:
- .nan
- .nan
---
header:
  stamp:
    sec: 1791161814
    nanosec: 131814030
  frame_id: base_link
name:
- joint_x
- joint_y
position:
- 0.027193749323487282
- 0.027193749323487282
velocity:
- -0.012500000186264515
- -0.012500000186264515
effort:
- .nan
- .nan
---
header:
  stamp:
    sec: 1791161814
    nanosec: 151823691
  frame_id: base_link
name:
- joint_x
- joint_y
position:
- 0.02693125046789646
- 0.02693749964237213
velocity:
- -0.013124999590218067
- -0.012812499888241291
effort:
- .nan
- .nan
---
header:
  stamp:
    sec: 1791161814
    nanosec: 171813452
  frame_id: base_link
name:
- joint_x
- joint_y
position:
- 0.026668749749660492
- 0.026668749749660492
velocity:
- -0.013124999590218067
- -0.013437500223517418
effort:
- .nan
- .nan
---
header:
  stamp:
    sec: 1791161814
    nanosec: 191814238
  frame_id: base_link
name:
- joint_x
- joint_y
position:
- 0.026393750682473183
- 0.026393750682473183
velocity:
- -0.013749999925494194
- -0.013749999925494194
effort:
- .nan
- .nan
---
header:
  stamp:
    sec: 1791161814
    nanosec: 211814709
  frame_id: base_link
name:
- joint_x
- joint_y
position:
- 0.026100000366568565
- 0.026093749329447746
velocity:
- -0.014687499962747097
- -0.014687499962747097
effort:
- .nan
- .nan
---
header:
  stamp:
    sec: 1791161814
    nanosec: 231818367
  frame_id: base_link
name:
- joint_x
- joint_y
position:
- 0.025806250050663948
- 0.025806250050663948
velocity:
- -0.014687499962747097
- -0.014687499962747097
effort:
- .nan
- .nan
---
header:
  stamp:
    sec: 1791161814
    nanosec: 251815002
  frame_id: base_link
name:
- joint_x
- joint_y
position:
- 0.02550625056028366
- 0.02550625056028366
velocity:
- -0.014999999664723873
- -0.014999999664723873
effort:
- .nan
- .nan
---
header:
  stamp:
    sec: 1791161814
    nanosec: 271819333
  frame_id: base_link
name:
- joint_x
- joint_y
position:
- 0.02487500011920929
- 0.02487500011920929
velocity:
- -0.016249999403953552
- -0.016249999403953552
effort:
- .nan
- .nan
---
header:
  stamp:
    sec: 1791161814
    nanosec: 291825292
  frame_id: base_link
name:
- joint_x
- joint_y
position:
- 0.024556249380111694
- 0.024556249380111694
velocity:
- -0.015937499701976776
- -0.016249999403953552
effort:
- .nan
- .nan
---
header:
  stamp:
    sec: 1791161814
    nanosec: 311816739
  frame_id: base_link
name:
- joint_x
- joint_y
position:
- 0.02423124946653843
- 0.02423124946653843
velocity:
- -0.01656249910593033
- -0.016249999403953552
effort:
- .nan
- .nan
---
header:
  stamp:
    sec: 1791161814
    nanosec: 331820384
  frame_id: base_link
name:
- joint_x
- joint_y
position:
- 0.023893749341368675
- 0.023900000378489494
velocity:
- -0.01656249910593033
- -0.01656249910593033
effort:
- .nan
- .nan
---
header:
  stamp:
    sec: 1791161814
    nanosec: 351820005
  frame_id: base_link
name:
- joint_x
- joint_y
position:
- 0.02356250025331974
- 0.02356250025331974
velocity:
- -0.016875000670552254
- -0.016875000670552254
effort:
- .nan
- .nan
---
header:
  stamp:
    sec: 1791161814
    nanosec: 371834860
  frame_id: base_link
name:
- joint_x
- joint_y
position:
- 0.023218749091029167
- 0.023218749091029167
velocity:
- -0.01718750037252903
- -0.01718750037252903
effort:
- .nan
- .nan
---
header:
  stamp:
    sec: 1791161814
    nanosec: 391815142
  frame_id: base_link
name:
- joint_x
- joint_y
position:
- 0.022843750193715096
- 0.022849999368190765
velocity:
- -0.018437499180436134
- -0.018437499180436134
effort:
- .nan
- .nan
---
header:
  stamp:
    sec: 1791161814
    nanosec: 411894309
  frame_id: base_link
name:
- joint_x
- joint_y
position:
- 0.022493749856948853
- 0.022493749856948853
velocity:
- -0.017812499776482582
- -0.017812499776482582
effort:
- .nan
- .nan
---
header:
  stamp:
    sec: 1791161814
    nanosec: 431822804
  frame_id: base_link
name:
- joint_x
- joint_y
position:
- 0.02213124930858612
- 0.02213124930858612
velocity:
- -0.017812499776482582
- -0.017812499776482582
effort:
- .nan
- .nan
---
header:
  stamp:
    sec: 1791161814
    nanosec: 451821454
  frame_id: base_link
name:
- joint_x
- joint_y
position:
- 0.021387500688433647
- 0.021387500688433647
velocity:
- -0.019375000149011612
- -0.019062500447034836
effort:
- .nan
- .nan
---
header:
  stamp:
    sec: 1791161814
    nanosec: 471822029
  frame_id: base_link
name:
- joint_x
- joint_y
position:
- 0.021012499928474426
- 0.021018749102950096
velocity:
- -0.01875000074505806
- -0.01875000074505806
effort:
- .nan
- .nan
---
header:
  stamp:
    sec: 1791161814
    nanosec: 491814779
  frame_id: base_link
name:
- joint_x
- joint_y
position:
- 0.020637499168515205
- 0.020637499168515205
velocity:
- -0.01875000074505806
- -0.019062500447034836
effort:
- .nan
- .nan
---
header:
  stamp:
    sec: 1791161814
    nanosec: 511826798
  frame_id: base_link
name:
- joint_x
- joint_y
position:
- 0.020256249234080315
- 0.020256249234080315
velocity:
- -0.019062500447034836
- -0.019062500447034836
effort:
- .nan
- .nan
---
header:
  stamp:
    sec: 1791161814
    nanosec: 531817214
  frame_id: base_link
name:
- joint_x
- joint_y
position:
- 0.019874999299645424
- 0.019874999299645424
velocity:
- -0.019062500447034836
- -0.019062500447034836
effort:
- .nan
- .nan
---
header:
  stamp:
    sec: 1791161814
    nanosec: 551804026
  frame_id: base_link
name:
- joint_x
- joint_y
position:
- 0.019468750804662704
- 0.019468750804662704
velocity:
- -0.0193452388048172
- -0.0193452388048172
effort:
- .nan
- .nan
---
header:
  stamp:
    sec: 1791161814
    nanosec: 571808177
  frame_id: base_link
name:
- joint_x
- joint_y
position:
- 0.019056249409914017
- 0.019056249409914017
velocity:
- -0.020625000819563866
- -0.020625000819563866
effort:
- .nan
- .nan
---
header:
  stamp:
    sec: 1791161814
    nanosec: 591814771
  frame_id: base_link
name:
- joint_x
- joint_y
position:
- 0.018662499263882637
- 0.018662499263882637
velocity:
- -0.019687499850988388
- -0.019375000149011612
effort:
- .nan
- .nan
---
header:
  stamp:
    sec: 1791161814
    nanosec: 611817397
  frame_id: base_link
name:
- joint_x
- joint_y
position:
- 0.018262499943375587
- 0.018268749117851257
velocity:
- -0.019687499850988388
- -0.019999999552965164
effort:
- .nan
- .nan
---
header:
  stamp:
    sec: 1791161814
    nanosec: 631822025
  frame_id: base_link
name:
- joint_x
- joint_y
position:
- 0.017868749797344208
- 0.017868749797344208
velocity:
- -0.019687499850988388
- -0.019999999552965164
effort:
- .nan
- .nan
---
header:
  stamp:
    sec: 1791161814
    nanosec: 651820311
  frame_id: base_link
name:
- joint_x
- joint_y
position:
- 0.01703749969601631
- 0.01703749969601631
velocity:
- -0.020937500521540642
- -0.020937500521540642
effort:
- .nan
- .nan
---
header:
  stamp:
    sec: 1791161814
    nanosec: 671825913
  frame_id: base_link
name:
- joint_x
- joint_y
position:
- 0.016631249338388443
- 0.016631249338388443
velocity:
- -0.02031249925494194
- -0.019999999552965164
effort:
- .nan
- .nan
---
header:
  stamp:
    sec: 1791161814
    nanosec: 691819699
  frame_id: base_link
name:
- joint_x
- joint_y
position:
- 0.016225000843405724
- 0.016225000843405724
velocity:
- -0.019999999552965164
- -0.02031249925494194
effort:
- .nan
- .nan
---
header:
  stamp:
    sec: 1791161814
    nanosec: 711815571
  frame_id: base_link
name:
- joint_x
- joint_y
position:
- 0.015824999660253525
- 0.015824999660253525
velocity:
- -0.02031249925494194
- -0.019999999552965164
effort:
- .nan
- .nan
---
header:
  stamp:
    sec: 1791161814
    nanosec: 731816228
  frame_id: base_link
name:
- joint_x
- joint_y
position:
- 0.01541875023394823
- 0.01541875023394823
velocity:
- -0.019999999552965164
- -0.02031249925494194
effort:
- .nan
- .nan
---
header:
  stamp:
    sec: 1791161814
    nanosec: 751820308
  frame_id: base_link
name:
- joint_x
- joint_y
position:
- 0.014993749558925629
- 0.014993749558925629
velocity:
- -0.02053571492433548
- -0.02053571492433548
effort:
- .nan
- .nan
---
header:
  stamp:
    sec: 1791161814
    nanosec: 771836950
  frame_id: base_link
name:
- joint_x
- joint_y
position:
- 0.014568749815225601
- 0.014568749815225601
velocity:
- -0.021250000223517418
- -0.021250000223517418
effort:
- .nan
- .nan
---
header:
  stamp:
    sec: 1791161814
    nanosec: 791822451
  frame_id: base_link
name:
- joint_x
- joint_y
position:
- 0.014162500388920307
- 0.014162500388920307
velocity:
- -0.019999999552965164
- -0.019999999552965164
effort:
- .nan
- .nan
---
header:
  stamp:
    sec: 1791161814
    nanosec: 811824063
  frame_id: base_link
name:
- joint_x
- joint_y
position:
- 0.013762500137090683
- 0.013762500137090683
velocity:
- -0.02031249925494194
- -0.02031249925494194
effort:
- .nan
- .nan
---
header:
  stamp:
    sec: 1791161814
    nanosec: 831817858
  frame_id: base_link
name:
- joint_x
- joint_y
position:
- 0.013356249779462814
- 0.013356249779462814
velocity:
- -0.019999999552965164
- -0.019999999552965164
effort:
- .nan
- .nan
---
header:
  stamp:
    sec: 1791161814
    nanosec: 851823322
  frame_id: base_link
name:
- joint_x
- joint_y
position:
- 0.012518749572336674
- 0.012518749572336674
velocity:
- -0.020937500521540642
- -0.020937500521540642
effort:
- .nan
- .nan
---
header:
  stamp:
    sec: 1791161814
    nanosec: 871820366
  frame_id: base_link
name:
- joint_x
- joint_y
position:
- 0.012118750251829624
- 0.012125000357627869
velocity:
- -0.019999999552965164
- -0.019687499850988388
effort:
- .nan
- .nan
---
header:
  stamp:
    sec: 1791161814
    nanosec: 891813139
  frame_id: base_link
name:
- joint_x
- joint_y
position:
- 0.011725000105798244
- 0.011731250211596489
velocity:
- -0.019687499850988388
- -0.019687499850988388
effort:
- .nan
- .nan
---
header:
  stamp:
    sec: 1791161814
    nanosec: 911813548
  frame_id: base_link
name:
- joint_x
- joint_y
position:
- 0.011331249959766865
- 0.01133750006556511
velocity:
- -0.019687499850988388
- -0.019687499850988388
effort:
- .nan
- .nan
---
header:
  stamp:
    sec: 1791161814
    nanosec: 931817093
  frame_id: base_link
name:
- joint_x
- joint_y
position:
- 0.010937499813735485
- 0.01094374991953373
velocity:
- -0.019687499850988388
- -0.019687499850988388
effort:
- .nan
- .nan
---
header:
  stamp:
    sec: 1791161814
    nanosec: 951814108
  frame_id: base_link
name:
- joint_x
- joint_y
position:
- 0.010525000281631947
- 0.010525000281631947
velocity:
- -0.02031249925494194
- -0.020625000819563866
effort:
- .nan
- .nan
---
header:
  stamp:
    sec: 1791161814
    nanosec: 971814324
  frame_id: base_link
name:
- joint_x
- joint_y
position:
- 0.010137500241398811
- 0.010143750347197056
velocity:
- -0.019375000149011612
- -0.019375000149011612
effort:
- .nan
- .nan
---
header:
  stamp:
    sec: 1791161814
    nanosec: 991815409
  frame_id: base_link
name:
- joint_x
- joint_y
position:
- 0.00975625030696392
- 0.00975625030696392
velocity:
- -0.019062500447034836
- -0.019375000149011612
effort:
- .nan
- .nan
---
header:
  stamp:
    sec: 1791161815
    nanosec: 11839821
  frame_id: base_link
name:
- joint_x
- joint_y
position:
- 0.00937500037252903
- 0.0093812495470047
velocity:
- -0.019062500447034836
- -0.01875000074505806
effort:
- .nan
- .nan
---
header:
  stamp:
    sec: 1791161815
    nanosec: 31813443
  frame_id: base_link
name:
- joint_x
- joint_y
position:
- 0.00898125022649765
- 0.00898125022649765
velocity:
- -0.01904761977493763
- -0.01875000074505806
effort:
- .nan
- .nan
---
header:
  stamp:
    sec: 1791161815
    nanosec: 51827132
  frame_id: base_link
name:
- joint_x
- joint_y
position:
- 0.008231249637901783
- 0.008231249637901783
velocity:
- -0.018124999478459358
- -0.018437499180436134
effort:
- .nan
- .nan
---
header:
  stamp:
    sec: 1791161815
    nanosec: 71816959
  frame_id: base_link
name:
- joint_x
- joint_y
position:
- 0.007862499915063381
- 0.007862499915063381
velocity:
- -0.018124999478459358
- -0.018124999478459358
effort:
- .nan
- .nan
---
header:
  stamp:
    sec: 1791161815
    nanosec: 91815153
  frame_id: base_link
name:
- joint_x
- joint_y
position:
- 0.007506249938160181
- 0.007506249938160181
velocity:
- -0.018124999478459358
- -0.018124999478459358
effort:
- .nan
- .nan
---
header:
  stamp:
    sec: 1791161815
    nanosec: 111824169
  frame_id: base_link
name:
- joint_x
- joint_y
position:
- 0.007149999961256981
- 0.007149999961256981
velocity:
- -0.017812499776482582
- -0.017812499776482582
effort:
- .nan
- .nan
---
header:
  stamp:
    sec: 1791161815
    nanosec: 131822466
  frame_id: base_link
name:
- joint_x
- joint_y
position:
- 0.006800000090152025
- 0.006800000090152025
velocity:
- -0.017500000074505806
- -0.017500000074505806
effort:
- .nan
- .nan
---
header:
  stamp:
    sec: 1791161815
    nanosec: 151823358
  frame_id: base_link
name:
- joint_x
- joint_y
position:
- 0.006437500007450581
- 0.006437500007450581
velocity:
- -0.018124999478459358
- -0.018124999478459358
effort:
- .nan
- .nan
---
header:
  stamp:
    sec: 1791161815
    nanosec: 171830253
  frame_id: base_link
name:
- joint_x
- joint_y
position:
- 0.006099999882280827
- 0.006106249988079071
velocity:
- -0.016875000670552254
- -0.01656249910593033
effort:
- .nan
- .nan
---
header:
  stamp:
    sec: 1791161815
    nanosec: 191823919
  frame_id: base_link
name:
- joint_x
- joint_y
position:
- 0.005768749862909317
- 0.005768749862909317
velocity:
- -0.01656249910593033
- -0.01656249910593033
effort:
- .nan
- .nan
---
header:
  stamp:
    sec: 1791161815
    nanosec: 211823057
  frame_id: base_link
name:
- joint_x
- joint_y
position:
- 0.005443749949336052
- 0.005443749949336052
velocity:
- -0.016249999403953552
- -0.01656249910593033
effort:
- .nan
- .nan
---
header:
  stamp:
    sec: 1791161815
    nanosec: 231827097
  frame_id: base_link
name:
- joint_x
- joint_y
position:
- 0.004800000227987766
- 0.004800000227987766
velocity:
- -0.015625
- -0.015312500298023224
effort:
- .nan
- .nan
---
header:
  stamp:
    sec: 1791161815
    nanosec: 251832386
  frame_id: base_link
name:
- joint_x
- joint_y
position:
- 0.0044999998062849045
- 0.0044999998062849045
velocity:
- -0.014999999664723873
- -0.015312500298023224
effort:
- .nan
- .nan
---
header:
  stamp:
    sec: 1791161815
    nanosec: 271833670
  frame_id: base_link
name:
- joint_x
- joint_y
position:
- 0.00419999985024333
- 0.00419999985024333
velocity:
- -0.014999999664723873
- -0.014999999664723873
effort:
- .nan
- .nan
---
header:
  stamp:
    sec: 1791161815
    nanosec: 291828029
  frame_id: base_link
name:
- joint_x
- joint_y
position:
- 0.0039125001057982445
- 0.0039125001057982445
velocity:
- -0.014375000260770321
- -0.014375000260770321
effort:
- .nan
- .nan
---
header:
  stamp:
    sec: 1791161815
    nanosec: 311797843
  frame_id: base_link
name:
- joint_x
- joint_y
position:
- 0.0036124999169260263
- 0.0036124999169260263
velocity:
- -0.014285714365541935
- -0.014285714365541935
effort:
- .nan
- .nan
---
header:
  stamp:
    sec: 1791161815
    nanosec: 331803724
  frame_id: base_link
name:
- joint_x
- joint_y
position:
- 0.003324999939650297
- 0.003324999939650297
velocity:
- -0.014375000260770321
- -0.014375000260770321
effort:
- .nan
- .nan
---
header:
  stamp:
    sec: 1791161815
    nanosec: 351809800
  frame_id: base_link
name:
- joint_x
- joint_y
position:
- 0.0030624999199062586
- 0.0030624999199062586
velocity:
- -0.013124999590218067
- -0.013124999590218067
effort:
- .nan
- .nan
---
header:
  stamp:
    sec: 1791161815
    nanosec: 371819233
  frame_id: base_link
name:
- joint_x
- joint_y
position:
- 0.00279999990016222
- 0.0028062500059604645
velocity:
- -0.012812499888241291
- -0.012812499888241291
effort:
- .nan
- .nan
---
header:
  stamp:
    sec: 1791161815
    nanosec: 391833343
  frame_id: base_link
name:
- joint_x
- joint_y
position:
- 0.002556249964982271
- 0.002556249964982271
velocity:
- -0.012500000186264515
- -0.012500000186264515
effort:
- .nan
- .nan
---
header:
  stamp:
    sec: 1791161815
    nanosec: 411824319
  frame_id: base_link
name:
- joint_x
- joint_y
position:
- 0.002306249924004078
- 0.002306249924004078
velocity:
- -0.011904762126505375
- -0.011904762126505375
effort:
- .nan
- .nan
---
header:
  stamp:
    sec: 1791161815
    nanosec: 431867333
  frame_id: base_link
name:
- joint_x
- joint_y
position:
- 0.0018500000005587935
- 0.0018500000005587935
velocity:
- -0.010937499813735485
- -0.010937499813735485
effort:
- .nan
- .nan
---
header:
  stamp:
    sec: 1791161815
    nanosec: 451822921
  frame_id: base_link
name:
- joint_x
- joint_y
position:
- 0.0016437500016763806
- 0.001637500012293458
velocity:
- -0.010312500409781933
- -0.010312500409781933
effort:
- .nan
- .nan
---
header:
  stamp:
    sec: 1791161815
    nanosec: 471836205
  frame_id: base_link
name:
- joint_x
- joint_y
position:
- 0.0014437499921768904
- 0.0014437499921768904
velocity:
- -0.009999999776482582
- -0.009999999776482582
effort:
- .nan
- .nan
---
header:
  stamp:
    sec: 1791161815
    nanosec: 491829796
  frame_id: base_link
name:
- joint_x
- joint_y
position:
- 0.0012562499614432454
- 0.0012562499614432454
velocity:
- -0.00937500037252903
- -0.00937500037252903
effort:
- .nan
- .nan
---
header:
  stamp:
    sec: 1791161815
    nanosec: 511827164
  frame_id: base_link
name:
- joint_x
- joint_y
position:
- 0.0010687500471249223
- 0.0010687500471249223
velocity:
- -0.008928571827709675
- -0.008928571827709675
effort:
- .nan
- .nan
---
header:
  stamp:
    sec: 1791161815
    nanosec: 531830511
  frame_id: base_link
name:
- joint_x
- joint_y
position:
- 0.0008937499951571226
- 0.0008937499951571226
velocity:
- -0.008750000037252903
- -0.008750000037252903
effort:
- .nan
- .nan
---
header:
  stamp:
    sec: 1791161815
    nanosec: 551806755
  frame_id: base_link
name:
- joint_x
- joint_y
position:
- 0.0007375000277534127
- 0.0007375000277534127
velocity:
- -0.0078125
- -0.0078125
effort:
- .nan
- .nan
---
header:
  stamp:
    sec: 1791161815
    nanosec: 571812059
  frame_id: base_link
name:
- joint_x
- joint_y
position:
- 0.0005937499809078872
- 0.0005937499809078872
velocity:
- -0.0071875001303851604
- -0.0071875001303851604
effort:
- .nan
- .nan
---
header:
  stamp:
    sec: 1791161815
    nanosec: 591834503
  frame_id: base_link
name:
- joint_x
- joint_y
position:
- 0.0004625000001396984
- 0.0004625000001396984
velocity:
- -0.006562499795109034
- -0.006562499795109034
effort:
- .nan
- .nan
---
header:
  stamp:
    sec: 1791161815
    nanosec: 611846428
  frame_id: base_link
name:
- joint_x
- joint_y
position:
- 0.00022499999613501132
- 0.00022499999613501132
velocity:
- -0.005625000223517418
- -0.005625000223517418
effort:
- .nan
- .nan
---
header:
  stamp:
    sec: 1791161815
    nanosec: 631838090
  frame_id: base_link
name:
- joint_x
- joint_y
position:
- 0.00013124999532010406
- 0.00013124999532010406
velocity:
- -0.004687500186264515
- -0.004687500186264515
effort:
- .nan
- .nan
---
header:
  stamp:
    sec: 1791161815
    nanosec: 651831119
  frame_id: base_link
name:
- joint_x
- joint_y
position:
- 4.999999873689376e-05
- 4.999999873689376e-05
velocity:
- -0.0037499999161809683
- -0.004062499850988388
effort:
- .nan
- .nan
---
header:
  stamp:
    sec: 1791161815
    nanosec: 671825162
  frame_id: base_link
name:
- joint_x
- joint_y
position:
- -1.249999968422344e-05
- -1.249999968422344e-05
velocity:
- -0.0034374999813735485
- -0.0031250000465661287
effort:
- .nan
- .nan
---
header:
  stamp:
    sec: 1791161815
    nanosec: 691832701
  frame_id: base_link
name:
- joint_x
- joint_y
position:
- -6.874999962747097e-05
- -7.500000356230885e-05
velocity:
- -0.0026785715017467737
- -0.0029761905316263437
effort:
- .nan
- .nan
---
header:
  stamp:
    sec: 1791161815
    nanosec: 711829139
  frame_id: base_link
name:
- joint_x
- joint_y
position:
- -0.00011249999806750566
- -0.00011249999806750566
velocity:
- -0.0021875000093132257
- -0.0018749999580904841
effort:
- .nan
- .nan
---
header:
  stamp:
    sec: 1791161815
    nanosec: 731828393
  frame_id: base_link
name:
- joint_x
- joint_y
position:
- -0.00013749999925494194
- -0.00013749999925494194
velocity:
- -0.0012499999720603228
- -0.0012499999720603228
effort:
- .nan
- .nan
---
header:
  stamp:
    sec: 1791161815
    nanosec: 751829763
  frame_id: base_link
name:
- joint_x
- joint_y
position:
- -0.0001500000071246177
- -0.0001500000071246177
velocity:
- -0.0006249999860301614
- -0.0006249999860301614
effort:
- .nan
- .nan
---
header:
  stamp:
    sec: 1791161815
    nanosec: 771806514
  frame_id: base_link
name:
- joint_x
- joint_y
position:
- -0.00014375000318977982
- -0.00015624999650754035
velocity:
- 0.0003124999930150807
- -0.0003124999930150807
effort:
- .nan
- .nan
---
header:
  stamp:
    sec: 1791161815
    nanosec: 791803701
  frame_id: base_link
name:
- joint_x
- joint_y
position:
- -0.00013124999532010406
- -0.00013749999925494194
velocity:
- 0.0006249999860301614
- 0.0009374999790452421
effort:
- .nan
- .nan
---
header:
  stamp:
    sec: 1791161815
    nanosec: 811832169
  frame_id: base_link
name:
- joint_x
- joint_y
position:
- -5.624999903375283e-05
- -6.25000029685907e-05
velocity:
- 0.0015625000232830644
- 0.0015625000232830644
effort:
- .nan
- .nan
---
header:
  stamp:
    sec: 1791161815
    nanosec: 831816709
  frame_id: base_link
name:
- joint_x
- joint_y
position:
- 0.0
- 0.0
velocity:
- 0.002812500111758709
- 0.0031250000465661287
effort:
- .nan
- .nan
---
header:
  stamp:
    sec: 1791161815
    nanosec: 851831645
  frame_id: base_link
name:
- joint_x
- joint_y
position:
- 0.0
- 0.0
velocity:
- 0.0
- 0.0
effort:
- .nan
- .nan
---
header:
  stamp:
    sec: 1791161815
    nanosec: 871831014
  frame_id: base_link
name:
- joint_x
- joint_y
position:
- 0.0
- 0.0
velocity:
- 0.0
- 0.0
effort:
- .nan
- .nan
---
header:
  stamp:
    sec: 1791161815
    nanosec: 891830891
  frame_id: base_link
name:
- joint_x
- joint_y
position:
- 0.0
- 0.0
velocity:
- 0.0
- 0.0
effort:
- .nan
- .nan
---
header:
  stamp:
    sec: 1791161815
    nanosec: 911826530
  frame_id: base_link
name:
- joint_x
- joint_y
position:
- 0.0
- 0.0
velocity:
- 0.0
- 0.0
effort:
- .nan
- .nan
---
header:
  stamp:
    sec: 1791161815
    nanosec: 931818848
  frame_id: base_link
name:
- joint_x
- joint_y
position:
- 0.0
- 0.0
velocity:
- 0.0
- 0.0
effort:
- .nan
- .nan
---
