[INFO] [launch]: All log files can be found below /home/adam/.ros/log/2026-10-04-19-56-43-981797-DESKTOP-HF5K4CO-53063
[INFO] [launch]: Default logging verbosity is set to INFO
[INFO] [robot_state_publisher-1]: process started with pid [53103]
[INFO] [ros2_control_node-2]: process started with pid [53105]
[INFO] [spawner-3]: process started with pid [53107]
[INFO] [spawner-4]: process started with pid [53109]
[robot_state_publisher-1] [INFO] [1791161804.493972904] [robot_state_publisher]: Robot initialized
[ros2_control_node-2] [INFO] [1791161804.520383937] [controller_manager]: Using Steady (Monotonic) clock for triggering controller manager cycles.
[ros2_control_node-2] [INFO] [1791161804.690890902] [controller_manager]: Subscribing to '/robot_description' topic for robot description.
[ros2_control_node-2] [INFO] [1791161804.690939098] [controller_manager]: update rate is 50 Hz
[ros2_control_node-2] [INFO] [1791161804.690944731] [controller_manager]: Overruns handling is : enabled
[ros2_control_node-2] [INFO] [1791161804.690948274] [controller_manager]: Spawning controller_manager RT thread with scheduler priority: 50
[ros2_control_node-2] [WARN] [1791161804.691622600] [controller_manager]: Could not enable FIFO RT scheduling policy: with error number <1>(Operation not permitted). See [https://control.ros.org/master/doc/ros2_control/controller_manager/doc/userdoc.html] for details on how to enable realtime scheduling.
[ros2_control_node-2] [INFO] [1791161804.701122940] [controller_manager]: Received robot description from topic.
[ros2_control_node-2] [INFO] [1791161804.701480903] [controller_manager]: Enforcing command limits is disabled. Command limits from URDF will be ignored.
[ros2_control_node-2] [INFO] [1791161804.742778339] [controller_manager]: Loading hardware 'ClearCore' 
[ros2_control_node-2] [INFO] [1791161804.867830456] [controller_manager]: Loaded hardware 'ClearCore' from plugin 'clearcore_hardware/ClearCoreSystemHardware'
[ros2_control_node-2] [INFO] [1791161804.868375246] [controller_manager]: Initialize hardware 'ClearCore' 
[ros2_control_node-2] [INFO] [1791161804.888351903] [controller_manager]: Successful initialization of hardware 'ClearCore'
[ros2_control_node-2] [INFO] [1791161804.888686877] [controller_manager]: Activating component 'ClearCore'.
[ros2_control_node-2] [INFO] [1791161804.888700568] [resource_manager]: 'configure' hardware 'ClearCore' 
[ros2_control_node-2] [INFO] [1791161804.888704747] [resource_manager]: Successful 'configure' of hardware 'ClearCore'
[ros2_control_node-2] [INFO] [1791161804.888708525] [resource_manager]: 'activate' hardware 'ClearCore' 
[ros2_control_node-2] [INFO] [1791161804.924207571] [resource_manager]: Successful 'activate' of hardware 'ClearCore'
[ros2_control_node-2] [INFO] [1791161804.924253052] [controller_manager]: Registering statistics for : ClearCore
[ros2_control_node-2] [INFO] [1791161804.924333156] [controller_manager]: Resource Manager has been successfully initialized. Starting Controller Manager services...
[spawner-4] [INFO] [1791161805.073899240] [spawner_joint_trajectory_controller]: waiting for service /controller_manager/list_controllers to become available...
[ros2_control_node-2] [INFO] [1791161805.325363223] [controller_manager]: Loading controller : 'joint_trajectory_controller' of type 'joint_trajectory_controller/JointTrajectoryController'
[ros2_control_node-2] [INFO] [1791161805.325399170] [controller_manager]: Loading controller 'joint_trajectory_controller'
[ros2_control_node-2] [INFO] [1791161805.332561714] [controller_manager]: Controller 'joint_trajectory_controller' node arguments: --ros-args --params-file /mnt/d/CCDev/EnhancedClearCoreLibrary/ClearCoreROS/ros2_ws/install/clearcore_hardware/share/clearcore_hardware/config/controllers.yaml --params-file /tmp/launch_params_g7p3l8vq 
[spawner-4] [INFO] [1791161805.372892808] [spawner_joint_trajectory_controller]: Loaded joint_trajectory_controller
[ros2_control_node-2] [INFO] [1791161805.373793491] [controller_manager]: Configuring controller: 'joint_trajectory_controller'
[ros2_control_node-2] [INFO] [1791161805.373875482] [joint_trajectory_controller]: No specific joint names are used for command interfaces. Using 'joints' parameter.
[ros2_control_node-2] [INFO] [1791161805.373892149] [joint_trajectory_controller]: Command interfaces are [position] and state interfaces are [position velocity].
[ros2_control_node-2] [INFO] [1791161805.373904278] [joint_trajectory_controller]: Using 'splines' interpolation method.
[ros2_control_node-2] [INFO] [1791161805.375968866] [joint_trajectory_controller]: Action status changes will be monitored at 20.00 Hz.
[ros2_control_node-2] [INFO] [1791161805.378566934] [joint_trajectory_controller]: Setting initial scaling factor to 1.000000
[ros2_control_node-2] [INFO] [1791161805.378587131] [joint_trajectory_controller]: No scaling interface set. This controller will not read speed scaling from the hardware.
[ros2_control_node-2] [INFO] [1791161805.392978420] [controller_manager]: Activating controllers: [ joint_trajectory_controller ]
[ros2_control_node-2] [INFO] [1791161805.411978577] [controller_manager]: Successfully switched controllers!
[spawner-4] [INFO] [1791161805.432539323] [spawner_joint_trajectory_controller]: Configured and activated joint_trajectory_controller
[spawner-3] [INFO] [1791161805.499932386] [spawner_joint_state_broadcaster]: waiting for service /controller_manager/list_controllers to become available...
[INFO] [spawner-4]: process has finished cleanly [pid 53109]
[ros2_control_node-2] [INFO] [1791161806.014998315] [controller_manager]: Loading controller : 'joint_state_broadcaster' of type 'joint_state_broadcaster/JointStateBroadcaster'
[ros2_control_node-2] [INFO] [1791161806.015050227] [controller_manager]: Loading controller 'joint_state_broadcaster'
[ros2_control_node-2] [INFO] [1791161806.062556055] [controller_manager]: Controller 'joint_state_broadcaster' node arguments: --ros-args --params-file /mnt/d/CCDev/EnhancedClearCoreLibrary/ClearCoreROS/ros2_ws/install/clearcore_hardware/share/clearcore_hardware/config/controllers.yaml --params-file /tmp/launch_params_g7p3l8vq 
[spawner-3] [INFO] [1791161806.092579297] [spawner_joint_state_broadcaster]: Loaded joint_state_broadcaster
[ros2_control_node-2] [INFO] [1791161806.093347313] [controller_manager]: Configuring controller: 'joint_state_broadcaster'
[ros2_control_node-2] [INFO] [1791161806.093405918] [joint_state_broadcaster]: 'joints' or 'interfaces' parameter is empty. All available state interfaces will be published
[ros2_control_node-2] [INFO] [1791161806.113091867] [controller_manager]: Activating controllers: [ joint_state_broadcaster ]
[ros2_control_node-2] [INFO] [1791161806.131913445] [controller_manager]: Successfully switched controllers!
[spawner-3] [INFO] [1791161806.152836254] [spawner_joint_state_broadcaster]: Configured and activated joint_state_broadcaster
[INFO] [spawner-3]: process has finished cleanly [pid 53107]
[ros2_control_node-2] [INFO] [1791161811.764186523] [joint_trajectory_controller]: Received new action goal
[ros2_control_node-2] [INFO] [1791161811.764219757] [joint_trajectory_controller]: Accepted new action goal
[ros2_control_node-2] [INFO] [1791161815.751859999] [joint_trajectory_controller]: Goal reached, success!
[WARNING] [launch]: user interrupted with ctrl-c (SIGINT)
[INFO] [ros2_control_node-2]: sending signal 'SIGINT' to process[ros2_control_node-2]
[INFO] [robot_state_publisher-1]: sending signal 'SIGINT' to process[robot_state_publisher-1]
[ros2_control_node-2] [INFO] [1791161816.110616724] [rclcpp]: signal_handler(SIGINT/SIGTERM)
[ros2_control_node-2] [INFO] [1791161816.110666764] [controller_manager]: Shutdown request received....
[ros2_control_node-2] [INFO] [1791161816.110691210] [controller_manager]: Shutting down all controllers in the controller manager.
[ros2_control_node-2] [INFO] [1791161816.110703307] [controller_manager]: Deactivating controller 'joint_state_broadcaster'
[ros2_control_node-2] [INFO] [1791161816.110722398] [controller_manager]: Shutting down controller 'joint_state_broadcaster'
[ros2_control_node-2] [INFO] [1791161816.110775792] [controller_manager]: Deactivating controller 'joint_trajectory_controller'
[ros2_control_node-2] [INFO] [1791161816.110802896] [controller_manager]: Shutting down controller 'joint_trajectory_controller'
[ros2_control_node-2] [INFO] [1791161816.110825313] [resource_manager]: 'deactivate' hardware 'ClearCore' 
[robot_state_publisher-1] [INFO] [1791161816.110938281] [rclcpp]: signal_handler(SIGINT/SIGTERM)
[ros2_control_node-2] [INFO] [1791161816.112047597] [resource_manager]: Successful 'deactivate' of hardware 'ClearCore'
[ros2_control_node-2] [INFO] [1791161816.112055716] [resource_manager]: 'shutdown' hardware 'ClearCore' 
[ros2_control_node-2] [INFO] [1791161816.112057827] [resource_manager]: Successful 'shutdown' of hardware 'ClearCore'
[ros2_control_node-2] [INFO] [1791161816.112078508] [controller_manager]: Shutting down the controller manager.
[ros2_control_node-2] [INFO] [1791161816.132028401] [controller_manager.pal_statistics]: Async messages lost 0
[ros2_control_node-2] [INFO] [1791161816.132044542] [controller_manager.pal_statistics]: publish_async_failures_ 0
[ros2_control_node-2] [INFO] [1791161816.132735089] [controller_manager.pal_statistics]: Async messages lost 0
[ros2_control_node-2] [INFO] [1791161816.132749858] [controller_manager.pal_statistics]: publish_async_failures_ 0
[INFO] [robot_state_publisher-1]: process has finished cleanly [pid 53103]
[INFO] [ros2_control_node-2]: process has finished cleanly [pid 53105]
