Archive member included to satisfy reference by file (symbol)

D:\CCDev\EnhancedClearCoreLibrary\libClearCore\Debug\libClearCore.a(MotorDriver.o)
                              DualAxisSynchronized.o (ClearCore::MotorDriver::EnableRequest(bool))
D:\CCDev\EnhancedClearCoreLibrary\libClearCore\Debug\libClearCore.a(SerialUsb.o)
                              DualAxisSynchronized.o (ClearCore::SerialUsb::operator bool())
D:\CCDev\EnhancedClearCoreLibrary\libClearCore\Debug\libClearCore.a(UsbManager.o)
                              D:\CCDev\EnhancedClearCoreLibrary\libClearCore\Debug\libClearCore.a(SerialUsb.o) (ClearCore::UsbManager::Speed(unsigned long))
D:\CCDev\EnhancedClearCoreLibrary\libClearCore\Debug\libClearCore.a(SysManager.o)
                              D:\CCDev\EnhancedClearCoreLibrary\libClearCore\Debug\libClearCore.a(MotorDriver.o) (ClearCore::SysManager::ConnectorByIndex(ClearCorePins))
D:\CCDev\EnhancedClearCoreLibrary\libClearCore\Debug\libClearCore.a(SysTiming.o)
                              D:\CCDev\EnhancedClearCoreLibrary\libClearCore\Debug\libClearCore.a(SysManager.o) (ClearCore::SysTiming::IsrStart())
D:\CCDev\EnhancedClearCoreLibrary\libClearCore\Debug\libClearCore.a(EthernetManager.o)
                              D:\CCDev\EnhancedClearCoreLibrary\libClearCore\Debug\libClearCore.a(SysManager.o) (ClearCore::EthernetManager::Initialize())
D:\CCDev\EnhancedClearCoreLibrary\libClearCore\Debug\libClearCore.a(ShiftRegister.o)
                              D:\CCDev\EnhancedClearCoreLibrary\libClearCore\Debug\libClearCore.a(SysManager.o) (ClearCore::ShiftRegister::ShiftRegister())
D:\CCDev\EnhancedClearCoreLibrary\libClearCore\Debug\libClearCore.a(MotorManager.o)
                              DualAxisSynchronized.o (ClearCore::MotorManager::MotorInputClocking(ClearCore::MotorManager::MotorClockRates))
D:\CCDev\EnhancedClearCoreLibrary\libClearCore\Debug\libClearCore.a(StepGenerator.o)
                              D:\CCDev\EnhancedClearCoreLibrary\libClearCore\Debug\libClearCore.a(MotorDriver.o) (ClearCore::StepGenerator::Move(long, ClearCore::StepGenerator::MoveTarget))
D:\CCDev\EnhancedClearCoreLibrary\libClearCore\Debug\libClearCore.a(CoordinatedMotionController.o)
                              D:\CCDev\EnhancedClearCoreLibrary\libClearCore\Debug\libClearCore.a(MotorDriver.o) (ClearCore::CoordinatedMotionController::UpdateFast())
D:\CCDev\EnhancedClearCoreLibrary\libClearCore\Debug\libClearCore.a(UnitConverter.o)
                              D:\CCDev\EnhancedClearCoreLibrary\libClearCore\Debug\libClearCore.a(MotorDriver.o) (ClearCore::UnitConverter::DistanceToSteps(double, ClearCore::UnitType, ClearCore::MotorMechanicalConfig const&))
D:\CCDev\EnhancedClearCoreLibrary\libClearCore\Debug\libClearCore.a(LinearInterpolator.o)
                              D:\CCDev\EnhancedClearCoreLibrary\libClearCore\Debug\libClearCore.a(CoordinatedMotionController.o) (ClearCore::LinearInterpolator::LinearInterpolator())
D:\CCDev\EnhancedClearCoreLibrary\libClearCore\Debug\libClearCore.a(ArcInterpolator.o)
                              D:\CCDev\EnhancedClearCoreLibrary\libClearCore\Debug\libClearCore.a(CoordinatedMotionController.o) (ClearCore::ArcInterpolator::ArcInterpolator())
D:\CCDev\EnhancedClearCoreLibrary\libClearCore\Debug\libClearCore.a(TrigLUT.o)
                              D:\CCDev\EnhancedClearCoreLibrary\libClearCore\Debug\libClearCore.a(ArcInterpolator.o) (ClearCore::SinQx(long))
D:\CCDev\EnhancedClearCoreLibrary\libClearCore\Debug\libClearCore.a(SysUtils.o)
                              D:\CCDev\EnhancedClearCoreLibrary\libClearCore\Debug\libClearCore.a(MotorManager.o) (GClkFreqUpdate)
D:\CCDev\EnhancedClearCoreLibrary\libClearCore\Debug\libClearCore.a(EncoderInput.o)
                              D:\CCDev\EnhancedClearCoreLibrary\libClearCore\Debug\libClearCore.a(SysManager.o) (ClearCore::EncoderInput::EncoderInput())
D:\CCDev\EnhancedClearCoreLibrary\libClearCore\Debug\libClearCore.a(cdcdf_acm.o)
                              D:\CCDev\EnhancedClearCoreLibrary\libClearCore\Debug\libClearCore.a(UsbManager.o) (cdcdf_acm_init)
D:\CCDev\EnhancedClearCoreLibrary\libClearCore\Debug\libClearCore.a(usbdc.o)
                              D:\CCDev\EnhancedClearCoreLibrary\libClearCore\Debug\libClearCore.a(cdcdf_acm.o) (usbdc_xfer)
D:\CCDev\EnhancedClearCoreLibrary\libClearCore\Debug\libClearCore.a(usb_protocol.o)
                              D:\CCDev\EnhancedClearCoreLibrary\libClearCore\Debug\libClearCore.a(cdcdf_acm.o) (usb_find_desc)
D:\CCDev\EnhancedClearCoreLibrary\libClearCore\Debug\libClearCore.a(hal_usb_device.o)
                              D:\CCDev\EnhancedClearCoreLibrary\libClearCore\Debug\libClearCore.a(usbdc.o) (usb_d_init)
D:\CCDev\EnhancedClearCoreLibrary\libClearCore\Debug\libClearCore.a(utils_assert.o)
                              D:\CCDev\EnhancedClearCoreLibrary\libClearCore\Debug\libClearCore.a(usbdc.o) (assert)
[...]
Memory Configuration

Name             Origin             Length             Attributes
FLASH            0x00004000         0x0007c000         xr
RAM              0x20000000         0x00030000         xrw
*default*        0x00000000         0xffffffff

Linker script and memory map

LOAD c:/program files (x86)/atmel/studio/7.0/toolchain/arm/arm-gnu-toolchain/bin/../lib/gcc/arm-none-eabi/6.3.1/thumb/v7e-m/fpv4-sp/hard/crti.o
LOAD c:/program files (x86)/atmel/studio/7.0/toolchain/arm/arm-gnu-toolchain/bin/../lib/gcc/arm-none-eabi/6.3.1/thumb/v7e-m/fpv4-sp/hard/crtbegin.o
LOAD c:/program files (x86)/atmel/studio/7.0/toolchain/arm/arm-gnu-toolchain/bin/../lib/gcc/arm-none-eabi/6.3.1/../../../../arm-none-eabi/lib/thumb/v7e-m/fpv4-sp/hard/rdimon-crt0.o
LOAD Device_Startup/startup_same53.o
LOAD DualAxisSynchronized.o
START GROUP
LOAD C:\Program Files (x86)\Atmel\Studio\7.0\Packs\arm\CMSIS\4.5.0\CMSIS\Lib\GCC\libarm_cortexM4lf_math.a
LOAD D:\CCDev\EnhancedClearCoreLibrary\libClearCore\Debug\libClearCore.a
LOAD D:\CCDev\EnhancedClearCoreLibrary\LwIP\Debug\libLwIP.a
END GROUP
LOAD c:/program files (x86)/atmel/studio/7.0/toolchain/arm/arm-gnu-toolchain/bin/../lib/gcc/arm-none-eabi/6.3.1/../../../../arm-none-eabi/lib/thumb/v7e-m/fpv4-sp/hard\libstdc++.a
LOAD c:/program files (x86)/atmel/studio/7.0/toolchain/arm/arm-gnu-toolchain/bin/../lib/gcc/arm-none-eabi/6.3.1/../../../../arm-none-eabi/lib/thumb/v7e-m/fpv4-sp/hard\libm.a
START GROUP
LOAD c:/program files (x86)/atmel/studio/7.0/toolchain/arm/arm-gnu-toolchain/bin/../lib/gcc/arm-none-eabi/6.3.1/thumb/v7e-m/fpv4-sp/hard\libgcc.a
LOAD c:/program files (x86)/atmel/studio/7.0/toolchain/arm/arm-gnu-toolchain/bin/../lib/gcc/arm-none-eabi/6.3.1/../../../../arm-none-eabi/lib/thumb/v7e-m/fpv4-sp/hard\libc.a
END GROUP
START GROUP
LOAD c:/program files (x86)/atmel/studio/7.0/toolchain/arm/arm-gnu-toolchain/bin/../lib/gcc/arm-none-eabi/6.3.1/thumb/v7e-m/fpv4-sp/hard\libgcc.a
LOAD c:/program files (x86)/atmel/studio/7.0/toolchain/arm/arm-gnu-toolchain/bin/../lib/gcc/arm-none-eabi/6.3.1/../../../../arm-none-eabi/lib/thumb/v7e-m/fpv4-sp/hard\libc.a
LOAD c:/program files (x86)/atmel/studio/7.0/toolchain/arm/arm-gnu-toolchain/bin/../lib/gcc/arm-none-eabi/6.3.1/../../../../arm-none-eabi/lib/thumb/v7e-m/fpv4-sp/hard\librdimon.a
END GROUP
LOAD c:/program files (x86)/atmel/studio/7.0/toolchain/arm/arm-gnu-toolchain/bin/../lib/gcc/arm-none-eabi/6.3.1/thumb/v7e-m/fpv4-sp/hard/crtend.o
LOAD c:/program files (x86)/atmel/studio/7.0/toolchain/arm/arm-gnu-toolchain/bin/../lib/gcc/arm-none-eabi/6.3.1/thumb/v7e-m/fpv4-sp/hard/crtn.o

.text           0x00004000    0x234b8
                0x00004000                __text_start__ = .
 *(.sketch_boot)
                0x00004000                . = ALIGN (0x4000)
 *(.vectors)
 .vectors       0x00004000      0x264 Device_Startup/startup_same53.o
                0x00004000                exception_table
 *(.text*)
 .text          0x00004264       0x6c c:/program files (x86)/atmel/studio/7.0/toolchain/arm/arm-gnu-toolchain/bin/../lib/gcc/arm-none-eabi/6.3.1/thumb/v7e-m/fpv4-sp/hard/crtbegin.o
 .text.Dummy_Handler
                0x000042d0        0x4 Device_Startup/startup_same53.o
                0x000042d0                SVCall_Handler
                0x000042d0                EVSYS_0_Handler
                0x000042d0                TCC1_3_Handler
                0x000042d0                DAC_3_Handler
                0x000042d0                TRNG_Handler
                0x000042d0                HardFault_Handler
                0x000042d0                TC2_Handler
                0x000042d0                PDEC_2_Handler
                0x000042d0                AC_Handler
                0x000042d0                SERCOM3_1_Handler
                0x000042d0                TCC2_3_Handler
                0x000042d0                SERCOM3_2_Handler
                0x000042d0                PendSV_Handler
                0x000042d0                TC7_Handler
                0x000042d0                ADC1_1_Handler
                0x000042d0                EVSYS_3_Handler
                0x000042d0                PDEC_0_Handler
                0x000042d0                QSPI_Handler
                0x000042d0                NonMaskableInt_Handler
                0x000042d0                MemManagement_Handler
                0x000042d0                DAC_2_Handler
                0x000042d0                RTC_Handler
                0x000042d0                UsageFault_Handler
                0x000042d0                SERCOM4_0_Handler
                0x000042d0                OSC32KCTRL_Handler
                0x000042d0                TCC2_1_Handler
                0x000042d0                SUPC_1_Handler
                0x000042d0                TCC0_5_Handler
                0x000042d0                TCC0_6_Handler
                0x000042d0                SERCOM6_2_Handler
                0x000042d0                EVSYS_1_Handler
                0x000042d0                TCC1_4_Handler
                0x000042d0                TC6_Handler
                0x000042d0                DMAC_0_Handler
                0x000042d0                WDT_Handler
                0x000042d0                SERCOM6_0_Handler
                0x000042d0                SERCOM5_0_Handler
                0x000042d0                TC4_Handler
                0x000042d0                TC1_Handler
                0x000042d0                OSCCTRL_4_Handler
                0x000042d0                SERCOM4_3_Handler
                0x000042d0                DMAC_4_Handler
                0x000042d0                TCC4_2_Handler
                0x000042d0                PAC_Handler
                0x000042d0                TCC1_0_Handler
                0x000042d0                OSCCTRL_0_Handler
                0x000042d0                OSCCTRL_3_Handler
                0x000042d0                SERCOM4_1_Handler
                0x000042d0                TC3_Handler
                0x000042d0                Dummy_Handler
                0x000042d0                TCC2_2_Handler
                0x000042d0                SERCOM5_1_Handler
                0x000042d0                TCC1_1_Handler
                0x000042d0                DMAC_2_Handler
                0x000042d0                ADC0_0_Handler
                0x000042d0                SERCOM0_1_Handler
                0x000042d0                OSCCTRL_2_Handler
                0x000042d0                ADC1_0_Handler
                0x000042d0                TCC1_2_Handler
                0x000042d0                SERCOM7_1_Handler
                0x000042d0                PM_Handler
                0x000042d0                SERCOM6_3_Handler
                0x000042d0                DAC_4_Handler
                0x000042d0                TCC3_2_Handler
                0x000042d0                TCC0_2_Handler
                0x000042d0                DMAC_1_Handler
                0x000042d0                SDHC1_Handler
                0x000042d0                TCC2_0_Handler
                0x000042d0                PDEC_1_Handler
                0x000042d0                TCC4_1_Handler
                0x000042d0                SERCOM5_3_Handler
                0x000042d0                SERCOM6_1_Handler
                0x000042d0                SDHC0_Handler
                0x000042d0                SERCOM1_1_Handler
                0x000042d0                I2S_Handler
                0x000042d0                PCC_Handler
                0x000042d0                DAC_0_Handler
                0x000042d0                TCC0_1_Handler
                0x000042d0                SERCOM1_3_Handler
                0x000042d0                OSCCTRL_1_Handler
                0x000042d0                SERCOM1_0_Handler
                0x000042d0                PUKCC_Handler
                0x000042d0                SERCOM2_1_Handler
                0x000042d0                SERCOM1_2_Handler
                0x000042d0                SERCOM3_0_Handler
                0x000042d0                SERCOM4_2_Handler
                0x000042d0                EVSYS_4_Handler
                0x000042d0                NVMCTRL_1_Handler
                0x000042d0                SERCOM5_2_Handler
                0x000042d0                SERCOM3_3_Handler
                0x000042d0                ADC0_1_Handler
                0x000042d0                TCC3_1_Handler
                0x000042d0                DAC_1_Handler
                0x000042d0                NVMCTRL_0_Handler
                0x000042d0                MCLK_Handler
                0x000042d0                EVSYS_2_Handler
                0x000042d0                SUPC_0_Handler
                0x000042d0                BusFault_Handler
                0x000042d0                FREQM_Handler
                0x000042d0                TC0_Handler
                0x000042d0                TCC0_3_Handler
                0x000042d0                DMAC_3_Handler
                0x000042d0                DebugMonitor_Handler
                0x000042d0                TCC0_4_Handler
                0x000042d0                RAMECC_Handler
                0x000042d0                TC5_Handler
                0x000042d0                AES_Handler
                0x000042d0                ICM_Handler
 .text._ZN9ClearCore7ISerial8SendLineEPKc.constprop.9
                0x000042d4       0x44 DualAxisSynchronized.o
 .text._Z11PrintAlertsv
                0x00004318      0x374 DualAxisSynchronized.o
                0x00004318                PrintAlerts()
 .text._Z16SynchronizedMovel.part.2
                0x0000468c      0x208 DualAxisSynchronized.o
 .text.startup.main
                0x00004894      0x5cc DualAxisSynchronized.o
                0x00004894                main
 .text._ZN9ClearCore9DigitalIn5StateEs
                0x00004e60        0x4 D:\CCDev\EnhancedClearCoreLibrary\libClearCore\Debug\libClearCore.a(MotorDriver.o)
                0x00004e60                ClearCore::DigitalIn::State(short)
 .text._ZN9ClearCore9DigitalIn17ExternalInterruptEv
                0x00004e64        0x8 D:\CCDev\EnhancedClearCoreLibrary\libClearCore\Debug\libClearCore.a(MotorDriver.o)
                0x00004e64                ClearCore::DigitalIn::ExternalInterrupt()
 .text._ZN9ClearCore11MotorDriver4TypeEv
                0x00004e6c        0x4 D:\CCDev\EnhancedClearCoreLibrary\libClearCore\Debug\libClearCore.a(MotorDriver.o)
                0x00004e6c                ClearCore::MotorDriver::Type()
 .text._ZN9ClearCore11MotorDriver10IsWritableEv
                0x00004e70        0x4 D:\CCDev\EnhancedClearCoreLibrary\libClearCore\Debug\libClearCore.a(MotorDriver.o)
                0x00004e70                ClearCore::MotorDriver::IsWritable()
 .text._ZN9ClearCore11MotorDriver11IsInHwFaultEv
                0x00004e74        0x8 D:\CCDev\EnhancedClearCoreLibrary\libClearCore\Debug\libClearCore.a(MotorDriver.o)
                0x00004e74                ClearCore::MotorDriver::IsInHwFault()
 .text._ZN9ClearCore11MotorDriver4ModeEv
                0x00004e7c        0x4 D:\CCDev\EnhancedClearCoreLibrary\libClearCore\Debug\libClearCore.a(MotorDriver.o)
                0x00004e7c                ClearCore::MotorDriver::Mode()
 .text._ZN9ClearCore11MotorDriver4ModeENS_9Connector14ConnectorModesE
                0x00004e80      0x164 D:\CCDev\EnhancedClearCoreLibrary\libClearCore\Debug\libClearCore.a(MotorDriver.o)
                0x00004e80                ClearCore::MotorDriver::Mode(ClearCore::Connector::ConnectorModes)
 .text._ZN9ClearCore11MotorDriver15OutputDirectionEv
                0x00004fe4       0x58 D:\CCDev\EnhancedClearCoreLibrary\libClearCore\Debug\libClearCore.a(MotorDriver.o)
                0x00004fe4                ClearCore::MotorDriver::OutputDirection()
                0x00005034                non-virtual thunk to ClearCore::MotorDriver::OutputDirection()
 .text._ZN9ClearCore11MotorDriverC2ENS_13ShiftRegister5MasksEPK15PeripheralRouteS5_S5_tt
                0x0000503c      0x1e4 D:\CCDev\EnhancedClearCoreLibrary\libClearCore\Debug\libClearCore.a(MotorDriver.o)
                0x0000503c                ClearCore::MotorDriver::MotorDriver(ClearCore::ShiftRegister::Masks, PeripheralRoute const*, PeripheralRoute const*, PeripheralRoute const*, unsigned short, unsigned short)
                0x0000503c                ClearCore::MotorDriver::MotorDriver(ClearCore::ShiftRegister::Masks, PeripheralRoute const*, PeripheralRoute const*, PeripheralRoute const*, unsigned short, unsigned short)
 .text._ZN9ClearCore11MotorDriver19SetCoordinatedStepsEl
                0x00005220       0x88 D:\CCDev\EnhancedClearCoreLibrary\libClearCore\Debug\libClearCore.a(MotorDriver.o)
                0x00005220                ClearCore::MotorDriver::SetCoordinatedSteps(long)
 .text._ZN9ClearCore11MotorDriver13EnableRequestEb
                0x000052a8      0x124 D:\CCDev\EnhancedClearCoreLibrary\libClearCore\Debug\libClearCore.a(MotorDriver.o)
                0x000052a8                ClearCore::MotorDriver::EnableRequest(bool)
 .text._ZN9ClearCore11MotorDriver11RefreshSlowEv
                0x000053cc       0xe8 D:\CCDev\EnhancedClearCoreLibrary\libClearCore\Debug\libClearCore.a(MotorDriver.o)
                0x000053cc                ClearCore::MotorDriver::RefreshSlow()
 .text._ZN9ClearCore11MotorDriver10FaultStateEb
                0x000054b4       0xf8 D:\CCDev\EnhancedClearCoreLibrary\libClearCore\Debug\libClearCore.a(MotorDriver.o)
                0x000054b4                ClearCore::MotorDriver::FaultState(bool)
 *fill*         0x000055ac        0x4 
 .text._ZN9ClearCore11MotorDriver7RefreshEv
                0x000055b0      0x67c D:\CCDev\EnhancedClearCoreLibrary\libClearCore\Debug\libClearCore.a(MotorDriver.o)
                0x000055b0                ClearCore::MotorDriver::Refresh()
 .text._ZN9ClearCore11MotorDriver4MoveElNS_13StepGenerator10MoveTargetE
                0x00005c2c       0xf0 D:\CCDev\EnhancedClearCoreLibrary\libClearCore\Debug\libClearCore.a(MotorDriver.o)
                0x00005c2c                ClearCore::MotorDriver::Move(long, ClearCore::StepGenerator::MoveTarget)
 .text._ZThn48_N9ClearCore11MotorDriver4MoveElNS_13StepGenerator10MoveTargetE
                0x00005d1c        0x8 D:\CCDev\EnhancedClearCoreLibrary\libClearCore\Debug\libClearCore.a(MotorDriver.o)
                0x00005d1c                non-virtual thunk to ClearCore::MotorDriver::Move(long, ClearCore::StepGenerator::MoveTarget)
 .text._ZN9ClearCore11MotorDriver12MoveVelocityEl
                0x00005d24       0xd8 D:\CCDev\EnhancedClearCoreLibrary\libClearCore\Debug\libClearCore.a(MotorDriver.o)
                0x00005d24                ClearCore::MotorDriver::MoveVelocity(long)
 .text._ZThn48_N9ClearCore11MotorDriver12MoveVelocityEl
                0x00005dfc        0x8 D:\CCDev\EnhancedClearCoreLibrary\libClearCore\Debug\libClearCore.a(MotorDriver.o)
                0x00005dfc                non-virtual thunk to ClearCore::MotorDriver::MoveVelocity(long)
 .text._ZN9ClearCore11MotorDriver10InitializeE13ClearCorePins
                0x00005e04      0x314 D:\CCDev\EnhancedClearCoreLibrary\libClearCore\Debug\libClearCore.a(MotorDriver.o)
                0x00005e04                ClearCore::MotorDriver::Initialize(ClearCorePins)
 .text._ZN9ClearCore9Connector17ExternalInterruptEv
                0x00006118        0x8 D:\CCDev\EnhancedClearCoreLibrary\libClearCore\Debug\libClearCore.a(SerialUsb.o)
                0x00006118                ClearCore::Connector::ExternalInterrupt()
 .text._ZN9ClearCore9SerialUsb6ParityENS_7ISerial9_ParitiesE
                0x00006120        0xc D:\CCDev\EnhancedClearCoreLibrary\libClearCore\Debug\libClearCore.a(SerialUsb.o)
                0x00006120                ClearCore::SerialUsb::Parity(ClearCore::ISerial::_Parities)
 .text._ZN9ClearCore9SerialUsb6ParityEv
                0x0000612c        0x4 D:\CCDev\EnhancedClearCoreLibrary\libClearCore\Debug\libClearCore.a(SerialUsb.o)
                0x0000612c                ClearCore::SerialUsb::Parity()
 .text._ZN9ClearCore9SerialUsb8StopBitsEh
                0x00006130        0xc D:\CCDev\EnhancedClearCoreLibrary\libClearCore\Debug\libClearCore.a(SerialUsb.o)
                0x00006130                ClearCore::SerialUsb::StopBits(unsigned char)
 .text._ZN9ClearCore9SerialUsb8CharSizeEh
                0x0000613c        0xc D:\CCDev\EnhancedClearCoreLibrary\libClearCore\Debug\libClearCore.a(SerialUsb.o)
                0x0000613c                ClearCore::SerialUsb::CharSize(unsigned char)
 .text._ZN9ClearCore9SerialUsb4ModeEv
                0x00006148        0xc D:\CCDev\EnhancedClearCoreLibrary\libClearCore\Debug\libClearCore.a(SerialUsb.o)
                0x00006148                ClearCore::SerialUsb::Mode()
                0x0000614c                non-virtual thunk to ClearCore::SerialUsb::Mode()
 .text._ZN9ClearCore9SerialUsb4ModeENS_9Connector14ConnectorModesE
                0x00006154       0x14 D:\CCDev\EnhancedClearCoreLibrary\libClearCore\Debug\libClearCore.a(SerialUsb.o)
                0x00006154                ClearCore::SerialUsb::Mode(ClearCore::Connector::ConnectorModes)
                0x00006160                non-virtual thunk to ClearCore::SerialUsb::Mode(ClearCore::Connector::ConnectorModes)
 .text._ZN9ClearCore9SerialUsb4TypeEv
                0x00006168        0xc D:\CCDev\EnhancedClearCoreLibrary\libClearCore\Debug\libClearCore.a(SerialUsb.o)
                0x00006168                ClearCore::SerialUsb::Type()
                0x0000616c                non-virtual thunk to ClearCore::SerialUsb::Type()
 .text._ZN9ClearCore9SerialUsb11IsInHwFaultEv
                0x00006174        0xc D:\CCDev\EnhancedClearCoreLibrary\libClearCore\Debug\libClearCore.a(SerialUsb.o)
                0x00006174                ClearCore::SerialUsb::IsInHwFault()
                0x00006178                non-virtual thunk to ClearCore::SerialUsb::IsInHwFault()
 .text._ZN9ClearCore9SerialUsb10InitializeE13ClearCorePins
                0x00006180       0x10 D:\CCDev\EnhancedClearCoreLibrary\libClearCore\Debug\libClearCore.a(SerialUsb.o)
                0x00006180                ClearCore::SerialUsb::Initialize(ClearCorePins)
                0x00006188                non-virtual thunk to ClearCore::SerialUsb::Initialize(ClearCorePins)
 .text._ZN9ClearCore9SerialUsb7RefreshEv
                0x00006190        0xc D:\CCDev\EnhancedClearCoreLibrary\libClearCore\Debug\libClearCore.a(SerialUsb.o)
                0x00006190                ClearCore::SerialUsb::Refresh()
                0x00006194                non-virtual thunk to ClearCore::SerialUsb::Refresh()
 .text._ZN9ClearCore9SerialUsb10FlushInputEv
                0x0000619c        0xc D:\CCDev\EnhancedClearCoreLibrary\libClearCore\Debug\libClearCore.a(SerialUsb.o)
                0x0000619c                ClearCore::SerialUsb::FlushInput()
 .text._ZN9ClearCore9SerialUsb19WaitForTransmitIdleEv
                0x000061a8        0xc D:\CCDev\EnhancedClearCoreLibrary\libClearCore\Debug\libClearCore.a(SerialUsb.o)
                0x000061a8                ClearCore::SerialUsb::WaitForTransmitIdle()
                0x000061a8                ClearCore::SerialUsb::Flush()
 .text._ZN9ClearCore9SerialUsbcvbEv
                0x000061b4        0xc D:\CCDev\EnhancedClearCoreLibrary\libClearCore\Debug\libClearCore.a(SerialUsb.o)
                0x000061b4                ClearCore::SerialUsb::PortIsOpen()
                0x000061b4                ClearCore::SerialUsb::operator bool()
 .text._ZN9ClearCore9SerialUsb8PortOpenEv
                0x000061c0        0xc D:\CCDev\EnhancedClearCoreLibrary\libClearCore\Debug\libClearCore.a(SerialUsb.o)
                0x000061c0                ClearCore::SerialUsb::PortOpen()
 .text._ZN9ClearCore9SerialUsb9PortCloseEv
                0x000061cc        0xc D:\CCDev\EnhancedClearCoreLibrary\libClearCore\Debug\libClearCore.a(SerialUsb.o)
                0x000061cc                ClearCore::SerialUsb::PortClose()
 .text._ZN9ClearCore9SerialUsb5SpeedEm
                0x000061d8        0xc D:\CCDev\EnhancedClearCoreLibrary\libClearCore\Debug\libClearCore.a(SerialUsb.o)
                0x000061d8                ClearCore::SerialUsb::Speed(unsigned long)
 .text._ZN9ClearCore9SerialUsb5SpeedEv
                0x000061e4        0xc D:\CCDev\EnhancedClearCoreLibrary\libClearCore\Debug\libClearCore.a(SerialUsb.o)
                0x000061e4                ClearCore::SerialUsb::Speed()
 .text._ZN9ClearCore9SerialUsb7CharGetEv
                0x000061f0        0xc D:\CCDev\EnhancedClearCoreLibrary\libClearCore\Debug\libClearCore.a(SerialUsb.o)
                0x000061f0                ClearCore::SerialUsb::CharGet()
 .text._ZN9ClearCore9SerialUsb8CharPeekEv
                0x000061fc        0xc D:\CCDev\EnhancedClearCoreLibrary\libClearCore\Debug\libClearCore.a(SerialUsb.o)
                0x000061fc                ClearCore::SerialUsb::CharPeek()
 .text._ZN9ClearCore9SerialUsb8SendCharEh
                0x00006208        0xc D:\CCDev\EnhancedClearCoreLibrary\libClearCore\Debug\libClearCore.a(SerialUsb.o)
                0x00006208                ClearCore::SerialUsb::SendChar(unsigned char)
 .text._ZN9ClearCore9SerialUsb16AvailableForReadEv
                0x00006214        0xc D:\CCDev\EnhancedClearCoreLibrary\libClearCore\Debug\libClearCore.a(SerialUsb.o)
                0x00006214                ClearCore::SerialUsb::AvailableForRead()
 .text._ZN9ClearCore9SerialUsb17AvailableForWriteEv
                0x00006220        0xc D:\CCDev\EnhancedClearCoreLibrary\libClearCore\Debug\libClearCore.a(SerialUsb.o)
                0x00006220                ClearCore::SerialUsb::AvailableForWrite()
 .text._ZN9ClearCore9SerialUsb10IsWritableEv
                0x0000622c       0x24 D:\CCDev\EnhancedClearCoreLibrary\libClearCore\Debug\libClearCore.a(SerialUsb.o)
                0x0000622c                ClearCore::SerialUsb::IsWritable()
                0x00006248                non-virtual thunk to ClearCore::SerialUsb::IsWritable()
 .text._ZN9ClearCore9SerialUsb5StateEv
                0x00006250       0x30 D:\CCDev\EnhancedClearCoreLibrary\libClearCore\Debug\libClearCore.a(SerialUsb.o)
                0x00006250                ClearCore::SerialUsb::State()
                0x00006278                non-virtual thunk to ClearCore::SerialUsb::State()
 .text._ZN9ClearCore9SerialUsb5StateEs
                0x00006280       0x48 D:\CCDev\EnhancedClearCoreLibrary\libClearCore\Debug\libClearCore.a(SerialUsb.o)
                0x00006280                ClearCore::SerialUsb::State(short)
                0x000062c0                non-virtual thunk to ClearCore::SerialUsb::State(short)
 .text._ZN9ClearCore10UsbManager18CBLineStateChangedE22usb_cdc_control_signal
                0x000062c8       0x80 D:\CCDev\EnhancedClearCoreLibrary\libClearCore\Debug\libClearCore.a(UsbManager.o)
                0x000062c8                ClearCore::UsbManager::CBLineStateChanged(usb_cdc_control_signal)
 .text._ZN9ClearCore10UsbManager10RxCompleteEh13usb_xfer_codem
                0x00006348      0x238 D:\CCDev\EnhancedClearCoreLibrary\libClearCore\Debug\libClearCore.a(UsbManager.o)
                0x00006348                ClearCore::UsbManager::RxComplete(unsigned char, usb_xfer_code, unsigned long)
 .text._ZN9ClearCore10UsbManager10TxCompleteEh13usb_xfer_codem
                0x00006580      0x3d0 D:\CCDev\EnhancedClearCoreLibrary\libClearCore\Debug\libClearCore.a(UsbManager.o)
                0x00006580                ClearCore::UsbManager::TxComplete(unsigned char, usb_xfer_code, unsigned long)
 .text._ZN9ClearCore10UsbManager8InstanceEv
                0x00006950       0x68 D:\CCDev\EnhancedClearCoreLibrary\libClearCore\Debug\libClearCore.a(UsbManager.o)
                0x00006950                ClearCore::UsbManager::Instance()
 .text._ZN9ClearCore10UsbManager10InitializeEv
                0x000069b8      0x460 D:\CCDev\EnhancedClearCoreLibrary\libClearCore\Debug\libClearCore.a(UsbManager.o)
                0x000069b8                ClearCore::UsbManager::Initialize()
 .text._ZN9ClearCore10UsbManager5SpeedEm
                0x00006e18        0x4 D:\CCDev\EnhancedClearCoreLibrary\libClearCore\Debug\libClearCore.a(UsbManager.o)
                0x00006e18                ClearCore::UsbManager::Speed(unsigned long)
 .text._ZN9ClearCore10UsbManager5SpeedEv
                0x00006e1c        0xc D:\CCDev\EnhancedClearCoreLibrary\libClearCore\Debug\libClearCore.a(UsbManager.o)
                0x00006e1c                ClearCore::UsbManager::Speed()
 .text._ZN9ClearCore10UsbManager8PortOpenEv
                0x00006e28       0x38 D:\CCDev\EnhancedClearCoreLibrary\libClearCore\Debug\libClearCore.a(UsbManager.o)
                0x00006e28                ClearCore::UsbManager::PortOpen()
 .text._ZN9ClearCore10UsbManager10FlushInputEv
                0x00006e60       0x1c D:\CCDev\EnhancedClearCoreLibrary\libClearCore\Debug\libClearCore.a(UsbManager.o)
                0x00006e60                ClearCore::UsbManager::FlushInput()
 .text._ZN9ClearCore10UsbManager18WaitForWriteFinishEv
                0x00006e7c       0x34 D:\CCDev\EnhancedClearCoreLibrary\libClearCore\Debug\libClearCore.a(UsbManager.o)
                0x00006e7c                ClearCore::UsbManager::WaitForWriteFinish()
 .text._ZN9ClearCore10UsbManagercvbEv
                0x00006eb0       0x3c D:\CCDev\EnhancedClearCoreLibrary\libClearCore\Debug\libClearCore.a(UsbManager.o)
                0x00006eb0                ClearCore::UsbManager::operator bool()
 .text._ZN9ClearCore10UsbManager7CharGetEv
                0x00006eec      0x258 D:\CCDev\EnhancedClearCoreLibrary\libClearCore\Debug\libClearCore.a(UsbManager.o)
                0x00006eec                ClearCore::UsbManager::CharGet()
 .text._ZN9ClearCore10UsbManager8CharPeekEv
                0x00007144       0x18 D:\CCDev\EnhancedClearCoreLibrary\libClearCore\Debug\libClearCore.a(UsbManager.o)
                0x00007144                ClearCore::UsbManager::CharPeek()
 .text._ZN9ClearCore10UsbManager8SendCharEh
                0x0000715c       0x68 D:\CCDev\EnhancedClearCoreLibrary\libClearCore\Debug\libClearCore.a(UsbManager.o)
                0x0000715c                ClearCore::UsbManager::SendChar(unsigned char)
 .text._ZN9ClearCore10UsbManager16AvailableForReadEv
                0x000071c4       0x10 D:\CCDev\EnhancedClearCoreLibrary\libClearCore\Debug\libClearCore.a(UsbManager.o)
                0x000071c4                ClearCore::UsbManager::AvailableForRead()
 .text._ZN9ClearCore10UsbManager17AvailableForWriteEv
                0x000071d4       0x14 D:\CCDev\EnhancedClearCoreLibrary\libClearCore\Debug\libClearCore.a(UsbManager.o)
                0x000071d4                ClearCore::UsbManager::AvailableForWrite()
 .text._ZN9ClearCore10UsbManager6TxPumpEv
                0x000071e8      0x3f4 D:\CCDev\EnhancedClearCoreLibrary\libClearCore\Debug\libClearCore.a(UsbManager.o)
                0x000071e8                ClearCore::UsbManager::TxPump()
 .text._ZN9ClearCore10UsbManager9PortCloseEv
                0x000075dc       0x70 D:\CCDev\EnhancedClearCoreLibrary\libClearCore\Debug\libClearCore.a(UsbManager.o)
                0x000075dc                ClearCore::UsbManager::PortClose()
 .text._ZN9ClearCore10UsbManager7RefreshEv
                0x0000764c      0x3f4 D:\CCDev\EnhancedClearCoreLibrary\libClearCore\Debug\libClearCore.a(UsbManager.o)
                0x0000764c                ClearCore::UsbManager::Refresh()
 .text.startup._GLOBAL__sub_I__ZN9ClearCore6UsbMgrE
                0x00007a40       0x10 D:\CCDev\EnhancedClearCoreLibrary\libClearCore\Debug\libClearCore.a(UsbManager.o)
 .text._ZN9ClearCore10SerialBase5SpeedEv
                0x00007a50        0x4 D:\CCDev\EnhancedClearCoreLibrary\libClearCore\Debug\libClearCore.a(SysManager.o)
                0x00007a50                ClearCore::SerialBase::Speed()
 .text._ZN9ClearCore10SerialBase6ParityEv
                0x00007a54        0x4 D:\CCDev\EnhancedClearCoreLibrary\libClearCore\Debug\libClearCore.a(SysManager.o)
                0x00007a54                ClearCore::SerialBase::Parity()
 .text._ZN9ClearCore10SerialBasecvbEv
                0x00007a58        0x4 D:\CCDev\EnhancedClearCoreLibrary\libClearCore\Debug\libClearCore.a(SysManager.o)
                0x00007a58                ClearCore::SerialBase::operator bool()
 .text._ZN9ClearCore11MotorDriverC2Ev
                0x00007a5c       0x68 D:\CCDev\EnhancedClearCoreLibrary\libClearCore\Debug\libClearCore.a(SysManager.o)
                0x00007a5c                ClearCore::MotorDriver::MotorDriver()
                0x00007a5c                ClearCore::MotorDriver::MotorDriver()
 .text._ZN9ClearCore10SysManagerC2Ev
                0x00007ac4     0x18ec D:\CCDev\EnhancedClearCoreLibrary\libClearCore\Debug\libClearCore.a(SysManager.o)
                0x00007ac4                ClearCore::SysManager::SysManager()
                0x00007ac4                ClearCore::SysManager::SysManager()
 .text._ZN9ClearCore10SysManager16ConnectorByIndexE13ClearCorePins
                0x000093b0       0x1c D:\CCDev\EnhancedClearCoreLibrary\libClearCore\Debug\libClearCore.a(SysManager.o)
                0x000093b0                ClearCore::SysManager::ConnectorByIndex(ClearCorePins)
 .text._ZN9ClearCore10SysManager10InitClocksEv
                0x000093cc      0x2dc D:\CCDev\EnhancedClearCoreLibrary\libClearCore\Debug\libClearCore.a(SysManager.o)
                0x000093cc                ClearCore::SysManager::InitClocks()
 .text._ZN9ClearCore10SysManager10InitializeEv
                0x000096a8      0x280 D:\CCDev\EnhancedClearCoreLibrary\libClearCore\Debug\libClearCore.a(SysManager.o)
                0x000096a8                ClearCore::SysManager::Initialize()
 .text._ZN9ClearCore10SysManager10ResetBoardENS0_10ResetModesE
                0x00009928       0x38 D:\CCDev\EnhancedClearCoreLibrary\libClearCore\Debug\libClearCore.a(SysManager.o)
                0x00009928                ClearCore::SysManager::ResetBoard(ClearCore::SysManager::ResetModes)
 .text.GMAC_Handler
                0x00009960        0xc D:\CCDev\EnhancedClearCoreLibrary\libClearCore\Debug\libClearCore.a(SysManager.o)
                0x00009960                GMAC_Handler
 .text.SERCOM0_0_Handler
                0x0000996c        0xc D:\CCDev\EnhancedClearCoreLibrary\libClearCore\Debug\libClearCore.a(SysManager.o)
                0x0000996c                SERCOM0_0_Handler
 .text.SERCOM0_2_Handler
                0x00009978        0xc D:\CCDev\EnhancedClearCoreLibrary\libClearCore\Debug\libClearCore.a(SysManager.o)
                0x00009978                SERCOM0_2_Handler
 .text.SERCOM0_3_Handler
                0x00009984        0xc D:\CCDev\EnhancedClearCoreLibrary\libClearCore\Debug\libClearCore.a(SysManager.o)
                0x00009984                SERCOM0_3_Handler
 .text.SERCOM2_0_Handler
                0x00009990        0xc D:\CCDev\EnhancedClearCoreLibrary\libClearCore\Debug\libClearCore.a(SysManager.o)
                0x00009990                SERCOM2_0_Handler
 .text.SERCOM2_2_Handler
                0x0000999c        0xc D:\CCDev\EnhancedClearCoreLibrary\libClearCore\Debug\libClearCore.a(SysManager.o)
                0x0000999c                SERCOM2_2_Handler
 .text.SERCOM2_3_Handler
                0x000099a8        0xc D:\CCDev\EnhancedClearCoreLibrary\libClearCore\Debug\libClearCore.a(SysManager.o)
                0x000099a8                SERCOM2_3_Handler
 .text.SERCOM7_0_Handler
                0x000099b4        0xc D:\CCDev\EnhancedClearCoreLibrary\libClearCore\Debug\libClearCore.a(SysManager.o)
                0x000099b4                SERCOM7_0_Handler
 .text.SERCOM7_2_Handler
                0x000099c0        0xc D:\CCDev\EnhancedClearCoreLibrary\libClearCore\Debug\libClearCore.a(SysManager.o)
                0x000099c0                SERCOM7_2_Handler
 .text.SERCOM7_3_Handler
                0x000099cc        0xc D:\CCDev\EnhancedClearCoreLibrary\libClearCore\Debug\libClearCore.a(SysManager.o)
                0x000099cc                SERCOM7_3_Handler
 .text.EIC_0_Handler
                0x000099d8       0x10 D:\CCDev\EnhancedClearCoreLibrary\libClearCore\Debug\libClearCore.a(SysManager.o)
                0x000099d8                EIC_0_Handler
 .text.EIC_1_Handler
                0x000099e8       0x10 D:\CCDev\EnhancedClearCoreLibrary\libClearCore\Debug\libClearCore.a(SysManager.o)
                0x000099e8                EIC_1_Handler
 .text.EIC_2_Handler
                0x000099f8       0x10 D:\CCDev\EnhancedClearCoreLibrary\libClearCore\Debug\libClearCore.a(SysManager.o)
                0x000099f8                EIC_2_Handler
 .text.EIC_3_Handler
                0x00009a08       0x10 D:\CCDev\EnhancedClearCoreLibrary\libClearCore\Debug\libClearCore.a(SysManager.o)
                0x00009a08                EIC_3_Handler
 .text.EIC_4_Handler
                0x00009a18       0x10 D:\CCDev\EnhancedClearCoreLibrary\libClearCore\Debug\libClearCore.a(SysManager.o)
                0x00009a18                EIC_4_Handler
 .text.EIC_5_Handler
                0x00009a28       0x10 D:\CCDev\EnhancedClearCoreLibrary\libClearCore\Debug\libClearCore.a(SysManager.o)
                0x00009a28                EIC_5_Handler
 .text.EIC_6_Handler
                0x00009a38       0x10 D:\CCDev\EnhancedClearCoreLibrary\libClearCore\Debug\libClearCore.a(SysManager.o)
                0x00009a38                EIC_6_Handler
 .text.EIC_7_Handler
                0x00009a48       0x10 D:\CCDev\EnhancedClearCoreLibrary\libClearCore\Debug\libClearCore.a(SysManager.o)
                0x00009a48                EIC_7_Handler
 .text.EIC_8_Handler
                0x00009a58       0x10 D:\CCDev\EnhancedClearCoreLibrary\libClearCore\Debug\libClearCore.a(SysManager.o)
                0x00009a58                EIC_8_Handler
 .text.EIC_9_Handler
                0x00009a68       0x10 D:\CCDev\EnhancedClearCoreLibrary\libClearCore\Debug\libClearCore.a(SysManager.o)
                0x00009a68                EIC_9_Handler
 .text.EIC_10_Handler
                0x00009a78       0x10 D:\CCDev\EnhancedClearCoreLibrary\libClearCore\Debug\libClearCore.a(SysManager.o)
                0x00009a78                EIC_10_Handler
 .text.EIC_11_Handler
                0x00009a88       0x10 D:\CCDev\EnhancedClearCoreLibrary\libClearCore\Debug\libClearCore.a(SysManager.o)
                0x00009a88                EIC_11_Handler
 .text.EIC_12_Handler
                0x00009a98        0xc D:\CCDev\EnhancedClearCoreLibrary\libClearCore\Debug\libClearCore.a(SysManager.o)
                0x00009a98                EIC_12_Handler
 .text.EIC_13_Handler
                0x00009aa4       0x10 D:\CCDev\EnhancedClearCoreLibrary\libClearCore\Debug\libClearCore.a(SysManager.o)
                0x00009aa4                EIC_13_Handler
 .text.EIC_14_Handler
                0x00009ab4       0x10 D:\CCDev\EnhancedClearCoreLibrary\libClearCore\Debug\libClearCore.a(SysManager.o)
                0x00009ab4                EIC_14_Handler
 .text.EIC_15_Handler
                0x00009ac4       0x10 D:\CCDev\EnhancedClearCoreLibrary\libClearCore\Debug\libClearCore.a(SysManager.o)
                0x00009ac4                EIC_15_Handler
 .text.TCC3_0_Handler
                0x00009ad4       0x18 D:\CCDev\EnhancedClearCoreLibrary\libClearCore\Debug\libClearCore.a(SysManager.o)
                0x00009ad4                TCC3_0_Handler
 .text.TCC4_0_Handler
                0x00009aec       0x18 D:\CCDev\EnhancedClearCoreLibrary\libClearCore\Debug\libClearCore.a(SysManager.o)
                0x00009aec                TCC4_0_Handler
 .text.SysTick_Handler
                0x00009b04       0x54 D:\CCDev\EnhancedClearCoreLibrary\libClearCore\Debug\libClearCore.a(SysManager.o)
                0x00009b04                SysTick_Handler
 .text.TCC0_0_Handler
                0x00009b58      0x110 D:\CCDev\EnhancedClearCoreLibrary\libClearCore\Debug\libClearCore.a(SysManager.o)
                0x00009b58                TCC0_0_Handler
 .text.Reset_Handler
                0x00009c68       0x68 D:\CCDev\EnhancedClearCoreLibrary\libClearCore\Debug\libClearCore.a(SysManager.o)
                0x00009c68                Reset_Handler
 .text.startup._GLOBAL__sub_I__ZN9ClearCore11FastSysTickE
                0x00009cd0      0x1e8 D:\CCDev\EnhancedClearCoreLibrary\libClearCore\Debug\libClearCore.a(SysManager.o)
 .text._ZN9ClearCore9SysTiming8InstanceEv
                0x00009eb8       0x48 D:\CCDev\EnhancedClearCoreLibrary\libClearCore\Debug\libClearCore.a(SysTiming.o)
                0x00009eb8                ClearCore::SysTiming::Instance()
 .text._ZN9ClearCore9SysTiming8IsrStartEv
                0x00009f00        0xc D:\CCDev\EnhancedClearCoreLibrary\libClearCore\Debug\libClearCore.a(SysTiming.o)
                0x00009f00                ClearCore::SysTiming::IsrStart()
 .text._ZN9ClearCore9SysTiming6IsrEndEv
                0x00009f0c       0x20 D:\CCDev\EnhancedClearCoreLibrary\libClearCore\Debug\libClearCore.a(SysTiming.o)
                0x00009f0c                ClearCore::SysTiming::IsrEnd()
 .text._ZN9ClearCore9SysTiming6UpdateEv
                0x00009f2c       0x78 D:\CCDev\EnhancedClearCoreLibrary\libClearCore\Debug\libClearCore.a(SysTiming.o)
                0x00009f2c                ClearCore::SysTiming::Update()
 .text._ZN9ClearCore9SysTiming21SysTickPeriodMicroSecEm
                0x00009fa4       0x4c D:\CCDev\EnhancedClearCoreLibrary\libClearCore\Debug\libClearCore.a(SysTiming.o)
                0x00009fa4                ClearCore::SysTiming::SysTickPeriodMicroSec(unsigned long)
 .text.Milliseconds
                0x00009ff0        0xc D:\CCDev\EnhancedClearCoreLibrary\libClearCore\Debug\libClearCore.a(SysTiming.o)
                0x00009ff0                Milliseconds
 .text.Microseconds
                0x00009ffc       0x48 D:\CCDev\EnhancedClearCoreLibrary\libClearCore\Debug\libClearCore.a(SysTiming.o)
                0x00009ffc                Microseconds
 .text.Delay_cycles
                0x0000a044       0x3c D:\CCDev\EnhancedClearCoreLibrary\libClearCore\Debug\libClearCore.a(SysTiming.o)
                0x0000a044                Delay_cycles
 .text.startup._GLOBAL__sub_I__ZN9ClearCore7tickCntE
                0x0000a080       0x10 D:\CCDev\EnhancedClearCoreLibrary\libClearCore\Debug\libClearCore.a(SysTiming.o)
 .text._ZN9ClearCore15EthernetManager8InstanceEv
                0x0000a090       0xe8 D:\CCDev\EnhancedClearCoreLibrary\libClearCore\Debug\libClearCore.a(EthernetManager.o)
                0x0000a090                ClearCore::EthernetManager::Instance()
 .text._ZN9ClearCore15EthernetManager13PhyInitializeEv
                0x0000a178      0x110 D:\CCDev\EnhancedClearCoreLibrary\libClearCore\Debug\libClearCore.a(EthernetManager.o)
                0x0000a178                ClearCore::EthernetManager::PhyInitialize()
 .text._ZN9ClearCore15EthernetManager10InitializeEv
                0x0000a288      0x578 D:\CCDev\EnhancedClearCoreLibrary\libClearCore\Debug\libClearCore.a(EthernetManager.o)
                0x0000a288                ClearCore::EthernetManager::Initialize()
 .text._ZN9ClearCore15EthernetManager13IrqHandlerPhyEv
                0x0000a800      0x378 D:\CCDev\EnhancedClearCoreLibrary\libClearCore\Debug\libClearCore.a(EthernetManager.o)
                0x0000a800                ClearCore::EthernetManager::IrqHandlerPhy()
 .text._ZN9ClearCore15EthernetManager14IrqHandlerGmacEv
                0x0000ab78       0x34 D:\CCDev\EnhancedClearCoreLibrary\libClearCore\Debug\libClearCore.a(EthernetManager.o)
                0x0000ab78                ClearCore::EthernetManager::IrqHandlerGmac()
 .text.startup._GLOBAL__sub_I__Z12PacketLengthP6ethInt
                0x0000abac       0x10 D:\CCDev\EnhancedClearCoreLibrary\libClearCore\Debug\libClearCore.a(EthernetManager.o)
 .text._ZN9ClearCore13ShiftRegisterC2Ev
                0x0000abbc      0x124 D:\CCDev\EnhancedClearCoreLibrary\libClearCore\Debug\libClearCore.a(ShiftRegister.o)
                0x0000abbc                ClearCore::ShiftRegister::ShiftRegister()
                0x0000abbc                ClearCore::ShiftRegister::ShiftRegister()
 .text._ZN9ClearCore13ShiftRegister10InitializeEv
                0x0000ace0      0x1a4 D:\CCDev\EnhancedClearCoreLibrary\libClearCore\Debug\libClearCore.a(ShiftRegister.o)
                0x0000ace0                ClearCore::ShiftRegister::Initialize()
 .text._ZN9ClearCore13ShiftRegister6UpdateEv
                0x0000ae84      0x414 D:\CCDev\EnhancedClearCoreLibrary\libClearCore\Debug\libClearCore.a(ShiftRegister.o)
                0x0000ae84                ClearCore::ShiftRegister::Update()
 .text._ZN9ClearCore13ShiftRegister18DiagnosticLedSweepEv
                0x0000b298      0x148 D:\CCDev\EnhancedClearCoreLibrary\libClearCore\Debug\libClearCore.a(ShiftRegister.o)
                0x0000b298                ClearCore::ShiftRegister::DiagnosticLedSweep()
 .text._ZN9ClearCore12MotorManager8InstanceEv
                0x0000b3e0       0x44 D:\CCDev\EnhancedClearCoreLibrary\libClearCore\Debug\libClearCore.a(MotorManager.o)
                0x0000b3e0                ClearCore::MotorManager::Instance()
 .text._ZN9ClearCore12MotorManager18MotorInputClockingENS0_15MotorClockRatesE
                0x0000b424      0x120 D:\CCDev\EnhancedClearCoreLibrary\libClearCore\Debug\libClearCore.a(MotorManager.o)
                0x0000b424                ClearCore::MotorManager::MotorInputClocking(ClearCore::MotorManager::MotorClockRates)
 .text._ZN9ClearCore12MotorManager12MotorModeSetENS0_9MotorPairENS_9Connector14ConnectorModesE
                0x0000b544       0xec D:\CCDev\EnhancedClearCoreLibrary\libClearCore\Debug\libClearCore.a(MotorManager.o)
                0x0000b544                ClearCore::MotorManager::MotorModeSet(ClearCore::MotorManager::MotorPair, ClearCore::Connector::ConnectorModes)
 .text._ZN9ClearCore12MotorManager10InitializeEv
                0x0000b630      0x10c D:\CCDev\EnhancedClearCoreLibrary\libClearCore\Debug\libClearCore.a(MotorManager.o)
                0x0000b630                ClearCore::MotorManager::Initialize()
 .text.startup._GLOBAL__sub_I__ZN9ClearCore8MotorMgrE
                0x0000b73c       0x10 D:\CCDev\EnhancedClearCoreLibrary\libClearCore\Debug\libClearCore.a(MotorManager.o)
 .text._ZN9ClearCore13StepGenerator4MoveElNS0_10MoveTargetE
                0x0000b74c       0x74 D:\CCDev\EnhancedClearCoreLibrary\libClearCore\Debug\libClearCore.a(StepGenerator.o)
                0x0000b74c                ClearCore::StepGenerator::Move(long, ClearCore::StepGenerator::MoveTarget)
 .text._ZN9ClearCore13StepGenerator12MoveVelocityEl
                0x0000b7c0       0x94 D:\CCDev\EnhancedClearCoreLibrary\libClearCore\Debug\libClearCore.a(StepGenerator.o)
                0x0000b7c0                ClearCore::StepGenerator::MoveVelocity(long)
 .text._ZN9ClearCore13StepGenerator15StepsCalculatedEv
                0x0000b854      0x4ec D:\CCDev\EnhancedClearCoreLibrary\libClearCore\Debug\libClearCore.a(StepGenerator.o)
                0x0000b854                ClearCore::StepGenerator::StepsCalculated()
 .text._ZN9ClearCore13StepGeneratorC2Ev
                0x0000bd40       0x64 D:\CCDev\EnhancedClearCoreLibrary\libClearCore\Debug\libClearCore.a(StepGenerator.o)
                0x0000bd40                ClearCore::StepGenerator::StepGenerator()
                0x0000bd40                ClearCore::StepGenerator::StepGenerator()
 .text._ZN9ClearCore13StepGenerator14MoveStopAbruptEv
                0x0000bda4       0x34 D:\CCDev\EnhancedClearCoreLibrary\libClearCore\Debug\libClearCore.a(StepGenerator.o)
                0x0000bda4                ClearCore::StepGenerator::MoveStopAbrupt()
 .text._ZN9ClearCore13StepGenerator13MoveStopDecelEm
                0x0000bdd8       0x58 D:\CCDev\EnhancedClearCoreLibrary\libClearCore\Debug\libClearCore.a(StepGenerator.o)
                0x0000bdd8                ClearCore::StepGenerator::MoveStopDecel(unsigned long)
 .text._ZN9ClearCore13StepGenerator6VelMaxEm
                0x0000be30       0x4c D:\CCDev\EnhancedClearCoreLibrary\libClearCore\Debug\libClearCore.a(StepGenerator.o)
                0x0000be30                ClearCore::StepGenerator::VelMax(unsigned long)
 *fill*         0x0000be7c        0x4 
 .text._ZN9ClearCore13StepGenerator8AccelMaxEm
                0x0000be80       0x30 D:\CCDev\EnhancedClearCoreLibrary\libClearCore\Debug\libClearCore.a(StepGenerator.o)
                0x0000be80                ClearCore::StepGenerator::AccelMax(unsigned long)
 .text._ZN9ClearCore13StepGenerator20StepsPerSampleMaxSetEm
                0x0000beb0       0x68 D:\CCDev\EnhancedClearCoreLibrary\libClearCore\Debug\libClearCore.a(StepGenerator.o)
                0x0000beb0                ClearCore::StepGenerator::StepsPerSampleMaxSet(unsigned long)
 .text._ZN9ClearCore13StepGenerator17CheckTravelLimitsEv
                0x0000bf18       0x80 D:\CCDev\EnhancedClearCoreLibrary\libClearCore\Debug\libClearCore.a(StepGenerator.o)
                0x0000bf18                ClearCore::StepGenerator::CheckTravelLimits()
 .text._ZN9ClearCore27CoordinatedMotionController17ProcessNextMotionEv.part.8
                0x0000bf98      0x130 D:\CCDev\EnhancedClearCoreLibrary\libClearCore\Debug\libClearCore.a(CoordinatedMotionController.o)
 .text._ZN9ClearCore27CoordinatedMotionController10UpdateFastEv
                0x0000c0c8      0x278 D:\CCDev\EnhancedClearCoreLibrary\libClearCore\Debug\libClearCore.a(CoordinatedMotionController.o)
                0x0000c0c8                ClearCore::CoordinatedMotionController::UpdateFast()
 .text._ZN9ClearCore18LinearInterpolator16InitializeLinearEllllmt
                0x0000c340      0x1b0 D:\CCDev\EnhancedClearCoreLibrary\libClearCore\Debug\libClearCore.a(LinearInterpolator.o)
                0x0000c340                ClearCore::LinearInterpolator::InitializeLinear(long, long, long, long, unsigned long, unsigned short)
 .text._ZN9ClearCore18LinearInterpolator17GenerateNextStepsERlS1_
                0x0000c4f0      0x120 D:\CCDev\EnhancedClearCoreLibrary\libClearCore\Debug\libClearCore.a(LinearInterpolator.o)
                0x0000c4f0                ClearCore::LinearInterpolator::GenerateNextSteps(long&, long&)
 .text._ZN9ClearCore15ArcInterpolator13InitializeArcElllddbmt
                0x0000c610      0x1b8 D:\CCDev\EnhancedClearCoreLibrary\libClearCore\Debug\libClearCore.a(ArcInterpolator.o)
                0x0000c610                ClearCore::ArcInterpolator::InitializeArc(long, long, long, double, double, bool, unsigned long, unsigned short)
 .text._ZN9ClearCore15ArcInterpolator17GenerateNextStepsERlS1_
                0x0000c7c8      0x19c D:\CCDev\EnhancedClearCoreLibrary\libClearCore\Debug\libClearCore.a(ArcInterpolator.o)
                0x0000c7c8                ClearCore::ArcInterpolator::GenerateNextSteps(long&, long&)
 .text._ZNK9ClearCore15ArcInterpolator18GetCurrentPositionERlS1_
                0x0000c964        0xc D:\CCDev\EnhancedClearCoreLibrary\libClearCore\Debug\libClearCore.a(ArcInterpolator.o)
                0x0000c964                ClearCore::ArcInterpolator::GetCurrentPosition(long&, long&) const
 .text._ZN9ClearCore5SinQxEl
                0x0000c970       0x28 D:\CCDev\EnhancedClearCoreLibrary\libClearCore\Debug\libClearCore.a(TrigLUT.o)
                0x0000c970                ClearCore::SinQx(long)
 .text._ZN9ClearCore5CosQxEl
                0x0000c998       0x2c D:\CCDev\EnhancedClearCoreLibrary\libClearCore\Debug\libClearCore.a(TrigLUT.o)
                0x0000c998                ClearCore::CosQx(long)
 .text.GClkFreqUpdate
                0x0000c9c4       0x48 D:\CCDev\EnhancedClearCoreLibrary\libClearCore\Debug\libClearCore.a(SysUtils.o)
                0x0000c9c4                GClkFreqUpdate
 .text._ZN9ClearCore12EncoderInputC2Ev
                0x0000ca0c       0x54 D:\CCDev\EnhancedClearCoreLibrary\libClearCore\Debug\libClearCore.a(EncoderInput.o)
                0x0000ca0c                ClearCore::EncoderInput::EncoderInput()
                0x0000ca0c                ClearCore::EncoderInput::EncoderInput()
 .text._ZN9ClearCore12EncoderInput10InitializeEv
                0x0000ca60       0x5c D:\CCDev\EnhancedClearCoreLibrary\libClearCore\Debug\libClearCore.a(EncoderInput.o)
                0x0000ca60                ClearCore::EncoderInput::Initialize()
 .text._ZN9ClearCore12EncoderInput6UpdateEv
                0x0000cabc       0xbc D:\CCDev\EnhancedClearCoreLibrary\libClearCore\Debug\libClearCore.a(EncoderInput.o)
                0x0000cabc                ClearCore::EncoderInput::Update()
 .text.cdcdf_acm_req
                0x0000cb78       0xe0 D:\CCDev\EnhancedClearCoreLibrary\libClearCore\Debug\libClearCore.a(cdcdf_acm.o)
 .text.cdcdf_acm_ctrl
                0x0000cc58      0x130 D:\CCDev\EnhancedClearCoreLibrary\libClearCore\Debug\libClearCore.a(cdcdf_acm.o)
 .text.cdcdf_acm_init
                0x0000cd88       0x3c D:\CCDev\EnhancedClearCoreLibrary\libClearCore\Debug\libClearCore.a(cdcdf_acm.o)
                0x0000cd88                cdcdf_acm_init
 .text.cdcdf_acm_read
                0x0000cdc4       0x28 D:\CCDev\EnhancedClearCoreLibrary\libClearCore\Debug\libClearCore.a(cdcdf_acm.o)
                0x0000cdc4                cdcdf_acm_read
 .text.cdcdf_acm_write
                0x0000cdec       0x28 D:\CCDev\EnhancedClearCoreLibrary\libClearCore\Debug\libClearCore.a(cdcdf_acm.o)
                0x0000cdec                cdcdf_acm_write
 .text.cdcdf_acm_stop_xfer
                0x0000ce14       0x18 D:\CCDev\EnhancedClearCoreLibrary\libClearCore\Debug\libClearCore.a(cdcdf_acm.o)
                0x0000ce14                cdcdf_acm_stop_xfer
 .text.cdcdf_acm_register_callback
                0x0000ce2c       0x50 D:\CCDev\EnhancedClearCoreLibrary\libClearCore\Debug\libClearCore.a(cdcdf_acm.o)
                0x0000ce2c                cdcdf_acm_register_callback
 .text.cdcdf_acm_is_enabled
                0x0000ce7c        0xc D:\CCDev\EnhancedClearCoreLibrary\libClearCore\Debug\libClearCore.a(cdcdf_acm.o)
                0x0000ce7c                cdcdf_acm_is_enabled
 .text.cdcdf_acm_get_line_coding
                0x0000ce88        0x8 D:\CCDev\EnhancedClearCoreLibrary\libClearCore\Debug\libClearCore.a(cdcdf_acm.o)
                0x0000ce88                cdcdf_acm_get_line_coding
 .text.usbd_sof_cb
                0x0000ce90       0x1c D:\CCDev\EnhancedClearCoreLibrary\libClearCore\Debug\libClearCore.a(usbdc.o)
 .text.usbdc_cb_ctl_done
                0x0000ceac       0x9c D:\CCDev\EnhancedClearCoreLibrary\libClearCore\Debug\libClearCore.a(usbdc.o)
 .text.usbdc_cb_ctl_req
                0x0000cf48      0x408 D:\CCDev\EnhancedClearCoreLibrary\libClearCore\Debug\libClearCore.a(usbdc.o)
 .text.usbd_event_cb
                0x0000d350       0x7c D:\CCDev\EnhancedClearCoreLibrary\libClearCore\Debug\libClearCore.a(usbdc.o)
 .text.usbdc_xfer
                0x0000d3cc       0x1c D:\CCDev\EnhancedClearCoreLibrary\libClearCore\Debug\libClearCore.a(usbdc.o)
                0x0000d3cc                usbdc_xfer
 .text.usbdc_register_handler
                0x0000d3e8       0x2c D:\CCDev\EnhancedClearCoreLibrary\libClearCore\Debug\libClearCore.a(usbdc.o)
                0x0000d3e8                usbdc_register_handler
 .text.usbdc_init
                0x0000d414       0x50 D:\CCDev\EnhancedClearCoreLibrary\libClearCore\Debug\libClearCore.a(usbdc.o)
                0x0000d414                usbdc_init
 .text.usbdc_register_function
                0x0000d464        0xc D:\CCDev\EnhancedClearCoreLibrary\libClearCore\Debug\libClearCore.a(usbdc.o)
                0x0000d464                usbdc_register_function
 .text.usbdc_start
                0x0000d470       0x30 D:\CCDev\EnhancedClearCoreLibrary\libClearCore\Debug\libClearCore.a(usbdc.o)
                0x0000d470                usbdc_start
 .text.usbdc_attach
                0x0000d4a0        0x4 D:\CCDev\EnhancedClearCoreLibrary\libClearCore\Debug\libClearCore.a(usbdc.o)
                0x0000d4a0                usbdc_attach
 .text.usbdc_get_ctrl_buffer
                0x0000d4a4        0xc D:\CCDev\EnhancedClearCoreLibrary\libClearCore\Debug\libClearCore.a(usbdc.o)
                0x0000d4a4                usbdc_get_ctrl_buffer
 .text.usbdc_get_state
                0x0000d4b0       0x14 D:\CCDev\EnhancedClearCoreLibrary\libClearCore\Debug\libClearCore.a(usbdc.o)
                0x0000d4b0                usbdc_get_state
 .text.usb_find_desc
                0x0000d4c4       0x34 D:\CCDev\EnhancedClearCoreLibrary\libClearCore\Debug\libClearCore.a(usb_protocol.o)
                0x0000d4c4                usb_find_desc
 .text.usb_find_ep_desc
                0x0000d4f8       0x34 D:\CCDev\EnhancedClearCoreLibrary\libClearCore\Debug\libClearCore.a(usb_protocol.o)
                0x0000d4f8                usb_find_ep_desc
 .text.usb_find_cfg_desc
                0x0000d52c       0x58 D:\CCDev\EnhancedClearCoreLibrary\libClearCore\Debug\libClearCore.a(usb_protocol.o)
                0x0000d52c                usb_find_cfg_desc
 .text.usb_find_str_desc
                0x0000d584       0x38 D:\CCDev\EnhancedClearCoreLibrary\libClearCore\Debug\libClearCore.a(usb_protocol.o)
                0x0000d584                usb_find_str_desc
 .text.usb_d_dummy_cb_false
                0x0000d5bc        0x4 D:\CCDev\EnhancedClearCoreLibrary\libClearCore\Debug\libClearCore.a(hal_usb_device.o)
 .text.usb_d_cb_trans_more
                0x0000d5c0       0x44 D:\CCDev\EnhancedClearCoreLibrary\libClearCore\Debug\libClearCore.a(hal_usb_device.o)
 .text._usb_d_cb_trans_done
                0x0000d604      0x13c D:\CCDev\EnhancedClearCoreLibrary\libClearCore\Debug\libClearCore.a(hal_usb_device.o)
 .text.usb_d_cb_trans_setup
                0x0000d740       0xa4 D:\CCDev\EnhancedClearCoreLibrary\libClearCore\Debug\libClearCore.a(hal_usb_device.o)
 .text.usb_d_init
                0x0000d7e4      0x104 D:\CCDev\EnhancedClearCoreLibrary\libClearCore\Debug\libClearCore.a(hal_usb_device.o)
                0x0000d7e4                usb_d_init
 .text.usb_d_register_callback
                0x0000d8e8        0x4 D:\CCDev\EnhancedClearCoreLibrary\libClearCore\Debug\libClearCore.a(hal_usb_device.o)
                0x0000d8e8                usb_d_register_callback
 .text.usb_d_enable
                0x0000d8ec        0x4 D:\CCDev\EnhancedClearCoreLibrary\libClearCore\Debug\libClearCore.a(hal_usb_device.o)
                0x0000d8ec                usb_d_enable
 .text.usb_d_attach
                0x0000d8f0        0x4 D:\CCDev\EnhancedClearCoreLibrary\libClearCore\Debug\libClearCore.a(hal_usb_device.o)
                0x0000d8f0                usb_d_attach
 .text.usb_d_set_address
                0x0000d8f4        0x4 D:\CCDev\EnhancedClearCoreLibrary\libClearCore\Debug\libClearCore.a(hal_usb_device.o)
                0x0000d8f4                usb_d_set_address
 .text.usb_d_ep0_init
                0x0000d8f8       0x9c D:\CCDev\EnhancedClearCoreLibrary\libClearCore\Debug\libClearCore.a(hal_usb_device.o)
                0x0000d8f8                usb_d_ep0_init
 .text.usb_d_ep_init
                0x0000d994       0x6c D:\CCDev\EnhancedClearCoreLibrary\libClearCore\Debug\libClearCore.a(hal_usb_device.o)
                0x0000d994                usb_d_ep_init
 .text.usb_d_ep_deinit
                0x0000da00       0x38 D:\CCDev\EnhancedClearCoreLibrary\libClearCore\Debug\libClearCore.a(hal_usb_device.o)
                0x0000da00                usb_d_ep_deinit
 .text.usb_d_ep_enable
                0x0000da38       0x54 D:\CCDev\EnhancedClearCoreLibrary\libClearCore\Debug\libClearCore.a(hal_usb_device.o)
                0x0000da38                usb_d_ep_enable
 .text.usb_d_ep_transfer
                0x0000da8c      0x128 D:\CCDev\EnhancedClearCoreLibrary\libClearCore\Debug\libClearCore.a(hal_usb_device.o)
                0x0000da8c                usb_d_ep_transfer
 .text.usb_d_ep_abort
                0x0000dbb4       0x3c D:\CCDev\EnhancedClearCoreLibrary\libClearCore\Debug\libClearCore.a(hal_usb_device.o)
                0x0000dbb4                usb_d_ep_abort
 .text.usb_d_ep_halt
                0x0000dbf0       0x70 D:\CCDev\EnhancedClearCoreLibrary\libClearCore\Debug\libClearCore.a(hal_usb_device.o)
                0x0000dbf0                usb_d_ep_halt
 .text.usb_d_ep_register_callback
                0x0000dc60       0x5c D:\CCDev\EnhancedClearCoreLibrary\libClearCore\Debug\libClearCore.a(hal_usb_device.o)
                0x0000dc60                usb_d_ep_register_callback
 .text.assert   0x0000dcbc        0x8 D:\CCDev\EnhancedClearCoreLibrary\libClearCore\Debug\libClearCore.a(utils_assert.o)
                0x0000dcbc                assert
 .text.list_insert_at_end
                0x0000dcc4       0x48 D:\CCDev\EnhancedClearCoreLibrary\libClearCore\Debug\libClearCore.a(utils_list.o)
                0x0000dcc4                list_insert_at_end
 .text._ZN9ClearCore10AdcManager8InstanceEv
                0x0000dd0c       0x88 D:\CCDev\EnhancedClearCoreLibrary\libClearCore\Debug\libClearCore.a(AdcManager.o)
                0x0000dd0c                ClearCore::AdcManager::Instance()
 .text._ZN9ClearCore10AdcManager10InitializeEv
                0x0000dd94      0x374 D:\CCDev\EnhancedClearCoreLibrary\libClearCore\Debug\libClearCore.a(AdcManager.o)
                0x0000dd94                ClearCore::AdcManager::Initialize()
 .text._ZN9ClearCore10AdcManager6UpdateEv
                0x0000e108      0x244 D:\CCDev\EnhancedClearCoreLibrary\libClearCore\Debug\libClearCore.a(AdcManager.o)
                0x0000e108                ClearCore::AdcManager::Update()
 .text._ZN9ClearCore10AdcManager8FilterTcENS0_11AdcChannelsEtNS0_11FilterUnitsE
                0x0000e34c       0x9c D:\CCDev\EnhancedClearCoreLibrary\libClearCore\Debug\libClearCore.a(AdcManager.o)
                0x0000e34c                ClearCore::AdcManager::FilterTc(ClearCore::AdcManager::AdcChannels, unsigned short, ClearCore::AdcManager::FilterUnits)
 .text.startup._GLOBAL__sub_I__ZN9ClearCore6AdcMgrE
                0x0000e3e8       0x4c D:\CCDev\EnhancedClearCoreLibrary\libClearCore\Debug\libClearCore.a(AdcManager.o)
 .text._ZN9ClearCore12DigitalInOut11IsInHwFaultEv
                0x0000e434        0x8 D:\CCDev\EnhancedClearCoreLibrary\libClearCore\Debug\libClearCore.a(DigitalInOutAnalogOut.o)
                0x0000e434                ClearCore::DigitalInOut::IsInHwFault()
 .text._ZN9ClearCore21DigitalInOutAnalogOut4ModeEv
                0x0000e43c        0x4 D:\CCDev\EnhancedClearCoreLibrary\libClearCore\Debug\libClearCore.a(DigitalInOutAnalogOut.o)
                0x0000e43c                ClearCore::DigitalInOutAnalogOut::Mode()
 .text._ZN9ClearCore21DigitalInOutAnalogOut4TypeEv
                0x0000e440        0x4 D:\CCDev\EnhancedClearCoreLibrary\libClearCore\Debug\libClearCore.a(DigitalInOutAnalogOut.o)
                0x0000e440                ClearCore::DigitalInOutAnalogOut::Type()
 .text._ZN9ClearCore21DigitalInOutAnalogOut10IsWritableEv
                0x0000e444       0x14 D:\CCDev\EnhancedClearCoreLibrary\libClearCore\Debug\libClearCore.a(DigitalInOutAnalogOut.o)
                0x0000e444                ClearCore::DigitalInOutAnalogOut::IsWritable()
 .text._ZN9ClearCore21DigitalInOutAnalogOutC2ENS_13ShiftRegister5MasksEPK15PeripheralRouteS5_S5_b
                0x0000e458       0x34 D:\CCDev\EnhancedClearCoreLibrary\libClearCore\Debug\libClearCore.a(DigitalInOutAnalogOut.o)
                0x0000e458                ClearCore::DigitalInOutAnalogOut::DigitalInOutAnalogOut(ClearCore::ShiftRegister::Masks, PeripheralRoute const*, PeripheralRoute const*, PeripheralRoute const*, bool)
                0x0000e458                ClearCore::DigitalInOutAnalogOut::DigitalInOutAnalogOut(ClearCore::ShiftRegister::Masks, PeripheralRoute const*, PeripheralRoute const*, PeripheralRoute const*, bool)
 .text._ZN9ClearCore21DigitalInOutAnalogOut13DacInitializeEv
                0x0000e48c      0x100 D:\CCDev\EnhancedClearCoreLibrary\libClearCore\Debug\libClearCore.a(DigitalInOutAnalogOut.o)
                0x0000e48c                ClearCore::DigitalInOutAnalogOut::DacInitialize()
 .text._ZN9ClearCore21DigitalInOutAnalogOut9DacEnableEv
                0x0000e58c       0xc8 D:\CCDev\EnhancedClearCoreLibrary\libClearCore\Debug\libClearCore.a(DigitalInOutAnalogOut.o)
                0x0000e58c                ClearCore::DigitalInOutAnalogOut::DacEnable()
 .text._ZN9ClearCore21DigitalInOutAnalogOut7RefreshEv
                0x0000e654       0x18 D:\CCDev\EnhancedClearCoreLibrary\libClearCore\Debug\libClearCore.a(DigitalInOutAnalogOut.o)
                0x0000e654                ClearCore::DigitalInOutAnalogOut::Refresh()
 .text._ZN9ClearCore21DigitalInOutAnalogOut4ModeENS_9Connector14ConnectorModesE
                0x0000e66c       0xf8 D:\CCDev\EnhancedClearCoreLibrary\libClearCore\Debug\libClearCore.a(DigitalInOutAnalogOut.o)
                0x0000e66c                ClearCore::DigitalInOutAnalogOut::Mode(ClearCore::Connector::ConnectorModes)
 .text._ZN9ClearCore21DigitalInOutAnalogOut5StateEv
                0x0000e764       0x1c D:\CCDev\EnhancedClearCoreLibrary\libClearCore\Debug\libClearCore.a(DigitalInOutAnalogOut.o)
                0x0000e764                ClearCore::DigitalInOutAnalogOut::State()
 .text._ZN9ClearCore21DigitalInOutAnalogOut5StateEs
                0x0000e780       0x9c D:\CCDev\EnhancedClearCoreLibrary\libClearCore\Debug\libClearCore.a(DigitalInOutAnalogOut.o)
                0x0000e780                ClearCore::DigitalInOutAnalogOut::State(short)
 .text._ZN9ClearCore21DigitalInOutAnalogOut10InitializeE13ClearCorePins
                0x0000e81c       0xa0 D:\CCDev\EnhancedClearCoreLibrary\libClearCore\Debug\libClearCore.a(DigitalInOutAnalogOut.o)
                0x0000e81c                ClearCore::DigitalInOutAnalogOut::Initialize(ClearCorePins)
 .text._ZN9ClearCore9DigitalIn11IsInHwFaultEv
                0x0000e8bc        0x4 D:\CCDev\EnhancedClearCoreLibrary\libClearCore\Debug\libClearCore.a(DigitalInAnalogIn.o)
                0x0000e8bc                ClearCore::DigitalIn::IsInHwFault()
 .text._ZN9ClearCore17DigitalInAnalogIn4ModeEv
                0x0000e8c0        0x4 D:\CCDev\EnhancedClearCoreLibrary\libClearCore\Debug\libClearCore.a(DigitalInAnalogIn.o)
                0x0000e8c0                ClearCore::DigitalInAnalogIn::Mode()
 .text._ZN9ClearCore17DigitalInAnalogIn4TypeEv
                0x0000e8c4        0x4 D:\CCDev\EnhancedClearCoreLibrary\libClearCore\Debug\libClearCore.a(DigitalInAnalogIn.o)
                0x0000e8c4                ClearCore::DigitalInAnalogIn::Type()
 .text._ZN9ClearCore17DigitalInAnalogIn10IsWritableEv
                0x0000e8c8        0x4 D:\CCDev\EnhancedClearCoreLibrary\libClearCore\Debug\libClearCore.a(DigitalInAnalogIn.o)
                0x0000e8c8                ClearCore::DigitalInAnalogIn::IsWritable()
 .text._ZN9ClearCore17DigitalInAnalogIn5StateEs
                0x0000e8cc        0x4 D:\CCDev\EnhancedClearCoreLibrary\libClearCore\Debug\libClearCore.a(DigitalInAnalogIn.o)
                0x0000e8cc                ClearCore::DigitalInAnalogIn::State(short)
 .text._ZN9ClearCore17DigitalInAnalogIn4ModeENS_9Connector14ConnectorModesE
                0x0000e8d0       0xfc D:\CCDev\EnhancedClearCoreLibrary\libClearCore\Debug\libClearCore.a(DigitalInAnalogIn.o)
                0x0000e8d0                ClearCore::DigitalInAnalogIn::Mode(ClearCore::Connector::ConnectorModes)
 .text._ZN9ClearCore17DigitalInAnalogInC2ENS_13ShiftRegister5MasksES2_PK15PeripheralRouteNS_10AdcManager11AdcChannelsE
                0x0000e9cc       0x2c D:\CCDev\EnhancedClearCoreLibrary\libClearCore\Debug\libClearCore.a(DigitalInAnalogIn.o)
                0x0000e9cc                ClearCore::DigitalInAnalogIn::DigitalInAnalogIn(ClearCore::ShiftRegister::Masks, ClearCore::ShiftRegister::Masks, PeripheralRoute const*, ClearCore::AdcManager::AdcChannels)
                0x0000e9cc                ClearCore::DigitalInAnalogIn::DigitalInAnalogIn(ClearCore::ShiftRegister::Masks, ClearCore::ShiftRegister::Masks, PeripheralRoute const*, ClearCore::AdcManager::AdcChannels)
 .text._ZN9ClearCore17DigitalInAnalogIn7RefreshEv
                0x0000e9f8       0x78 D:\CCDev\EnhancedClearCoreLibrary\libClearCore\Debug\libClearCore.a(DigitalInAnalogIn.o)
                0x0000e9f8                ClearCore::DigitalInAnalogIn::Refresh()
 .text._ZN9ClearCore17DigitalInAnalogIn10InitializeE13ClearCorePins
                0x0000ea70       0xb4 D:\CCDev\EnhancedClearCoreLibrary\libClearCore\Debug\libClearCore.a(DigitalInAnalogIn.o)
                0x0000ea70                ClearCore::DigitalInAnalogIn::Initialize(ClearCorePins)
 .text._ZN9ClearCore17DigitalInAnalogIn5StateEv
                0x0000eb24       0x48 D:\CCDev\EnhancedClearCoreLibrary\libClearCore\Debug\libClearCore.a(DigitalInAnalogIn.o)
                0x0000eb24                ClearCore::DigitalInAnalogIn::State()
 .text._ZN9ClearCore12DigitalInOut4ModeEv
                0x0000eb6c        0x4 D:\CCDev\EnhancedClearCoreLibrary\libClearCore\Debug\libClearCore.a(DigitalInOut.o)
                0x0000eb6c                ClearCore::DigitalInOut::Mode()
 .text._ZN9ClearCore12DigitalInOut4TypeEv
                0x0000eb70        0x4 D:\CCDev\EnhancedClearCoreLibrary\libClearCore\Debug\libClearCore.a(DigitalInOut.o)
                0x0000eb70                ClearCore::DigitalInOut::Type()
 .text._ZN9ClearCore12DigitalInOut10IsWritableEv
                0x0000eb74       0x14 D:\CCDev\EnhancedClearCoreLibrary\libClearCore\Debug\libClearCore.a(DigitalInOut.o)
                0x0000eb74                ClearCore::DigitalInOut::IsWritable()
 .text._ZN9ClearCore12DigitalInOut5StateEs
                0x0000eb88       0xb8 D:\CCDev\EnhancedClearCoreLibrary\libClearCore\Debug\libClearCore.a(DigitalInOut.o)
                0x0000eb88                ClearCore::DigitalInOut::State(short)
 .text._ZN9ClearCore12DigitalInOut4ModeENS_9Connector14ConnectorModesE
                0x0000ec40      0x224 D:\CCDev\EnhancedClearCoreLibrary\libClearCore\Debug\libClearCore.a(DigitalInOut.o)
                0x0000ec40                ClearCore::DigitalInOut::Mode(ClearCore::Connector::ConnectorModes)
 .text._ZN9ClearCore12DigitalInOutC2ENS_13ShiftRegister5MasksEPK15PeripheralRouteS5_b
                0x0000ee64       0x6c D:\CCDev\EnhancedClearCoreLibrary\libClearCore\Debug\libClearCore.a(DigitalInOut.o)
                0x0000ee64                ClearCore::DigitalInOut::DigitalInOut(ClearCore::ShiftRegister::Masks, PeripheralRoute const*, PeripheralRoute const*, bool)
                0x0000ee64                ClearCore::DigitalInOut::DigitalInOut(ClearCore::ShiftRegister::Masks, PeripheralRoute const*, PeripheralRoute const*, bool)
 .text._ZN9ClearCore12DigitalInOut7RefreshEv
                0x0000eed0      0x20c D:\CCDev\EnhancedClearCoreLibrary\libClearCore\Debug\libClearCore.a(DigitalInOut.o)
                0x0000eed0                ClearCore::DigitalInOut::Refresh()
 .text._ZN9ClearCore12DigitalInOut5StateEv
                0x0000f0dc       0x40 D:\CCDev\EnhancedClearCoreLibrary\libClearCore\Debug\libClearCore.a(DigitalInOut.o)
                0x0000f0dc                ClearCore::DigitalInOut::State()
 .text._ZN9ClearCore12DigitalInOut10InitializeE13ClearCorePins
                0x0000f11c       0x74 D:\CCDev\EnhancedClearCoreLibrary\libClearCore\Debug\libClearCore.a(DigitalInOut.o)
                0x0000f11c                ClearCore::DigitalInOut::Initialize(ClearCorePins)
 .text._ZN9ClearCore9Connector4ModeEv
                0x0000f190        0x4 D:\CCDev\EnhancedClearCoreLibrary\libClearCore\Debug\libClearCore.a(DigitalIn.o)
                0x0000f190                ClearCore::Connector::Mode()
 .text._ZN9ClearCore9DigitalIn4ModeEv
                0x0000f194        0x4 D:\CCDev\EnhancedClearCoreLibrary\libClearCore\Debug\libClearCore.a(DigitalIn.o)
                0x0000f194                ClearCore::DigitalIn::Mode()
 .text._ZN9ClearCore9DigitalIn4ModeENS_9Connector14ConnectorModesE
                0x0000f198        0xc D:\CCDev\EnhancedClearCoreLibrary\libClearCore\Debug\libClearCore.a(DigitalIn.o)
                0x0000f198                ClearCore::DigitalIn::Mode(ClearCore::Connector::ConnectorModes)
 .text._ZN9ClearCore9DigitalIn4TypeEv
                0x0000f1a4        0x4 D:\CCDev\EnhancedClearCoreLibrary\libClearCore\Debug\libClearCore.a(DigitalIn.o)
                0x0000f1a4                ClearCore::DigitalIn::Type()
 .text._ZN9ClearCore9DigitalIn10IsWritableEv
                0x0000f1a8        0x4 D:\CCDev\EnhancedClearCoreLibrary\libClearCore\Debug\libClearCore.a(DigitalIn.o)
                0x0000f1a8                ClearCore::DigitalIn::IsWritable()
 .text._ZN9ClearCore9DigitalIn5StateEv
                0x0000f1ac       0x28 D:\CCDev\EnhancedClearCoreLibrary\libClearCore\Debug\libClearCore.a(DigitalIn.o)
                0x0000f1ac                ClearCore::DigitalIn::State()
 .text._ZN9ClearCore9DigitalIn10InitializeE13ClearCorePins
                0x0000f1d4       0xcc D:\CCDev\EnhancedClearCoreLibrary\libClearCore\Debug\libClearCore.a(DigitalIn.o)
                0x0000f1d4                ClearCore::DigitalIn::Initialize(ClearCorePins)
 .text._ZN9ClearCore9DigitalIn7RefreshEv
                0x0000f2a0      0x14c D:\CCDev\EnhancedClearCoreLibrary\libClearCore\Debug\libClearCore.a(DigitalIn.o)
                0x0000f2a0                ClearCore::DigitalIn::Refresh()
 .text._ZN9ClearCore9ConnectorC2Ev
                0x0000f3ec       0x14 D:\CCDev\EnhancedClearCoreLibrary\libClearCore\Debug\libClearCore.a(DigitalIn.o)
                0x0000f3ec                ClearCore::Connector::Connector()
                0x0000f3ec                ClearCore::Connector::Connector()
 .text._ZN9ClearCore9DigitalInC2ENS_13ShiftRegister5MasksEPK15PeripheralRoute
                0x0000f400       0x48 D:\CCDev\EnhancedClearCoreLibrary\libClearCore\Debug\libClearCore.a(DigitalIn.o)
                0x0000f400                ClearCore::DigitalIn::DigitalIn(ClearCore::ShiftRegister::Masks, PeripheralRoute const*)
                0x0000f400                ClearCore::DigitalIn::DigitalIn(ClearCore::ShiftRegister::Masks, PeripheralRoute const*)
 .text._ZN9ClearCore9DigitalIn7StateRTEv
                0x0000f448       0x1c D:\CCDev\EnhancedClearCoreLibrary\libClearCore\Debug\libClearCore.a(DigitalIn.o)
                0x0000f448                ClearCore::DigitalIn::StateRT()
 .text._ZN9ClearCore9DigitalIn17UpdateFilterStateEv
                0x0000f464       0x9c D:\CCDev\EnhancedClearCoreLibrary\libClearCore\Debug\libClearCore.a(DigitalIn.o)
                0x0000f464                ClearCore::DigitalIn::UpdateFilterState()
 .text._ZN9ClearCore19DigitalInOutHBridge4ModeEv
                0x0000f500        0x4 D:\CCDev\EnhancedClearCoreLibrary\libClearCore\Debug\libClearCore.a(DigitalInOutHBridge.o)
                0x0000f500                ClearCore::DigitalInOutHBridge::Mode()
 .text._ZN9ClearCore19DigitalInOutHBridge4TypeEv
                0x0000f504        0x4 D:\CCDev\EnhancedClearCoreLibrary\libClearCore\Debug\libClearCore.a(DigitalInOutHBridge.o)
                0x0000f504                ClearCore::DigitalInOutHBridge::Type()
 .text._ZN9ClearCore19DigitalInOutHBridge10IsWritableEv
                0x0000f508       0x10 D:\CCDev\EnhancedClearCoreLibrary\libClearCore\Debug\libClearCore.a(DigitalInOutHBridge.o)
                0x0000f508                ClearCore::DigitalInOutHBridge::IsWritable()
 .text._ZN9ClearCore19DigitalInOutHBridgeC2ENS_13ShiftRegister5MasksEPK15PeripheralRouteS5_S5_S5_4IRQnb
                0x0000f518       0x60 D:\CCDev\EnhancedClearCoreLibrary\libClearCore\Debug\libClearCore.a(DigitalInOutHBridge.o)
                0x0000f518                ClearCore::DigitalInOutHBridge::DigitalInOutHBridge(ClearCore::ShiftRegister::Masks, PeripheralRoute const*, PeripheralRoute const*, PeripheralRoute const*, PeripheralRoute const*, IRQn, bool)
                0x0000f518                ClearCore::DigitalInOutHBridge::DigitalInOutHBridge(ClearCore::ShiftRegister::Masks, PeripheralRoute const*, PeripheralRoute const*, PeripheralRoute const*, PeripheralRoute const*, IRQn, bool)
 .text._ZN9ClearCore19DigitalInOutHBridge10FaultStateEb
                0x0000f578       0x54 D:\CCDev\EnhancedClearCoreLibrary\libClearCore\Debug\libClearCore.a(DigitalInOutHBridge.o)
                0x0000f578                ClearCore::DigitalInOutHBridge::FaultState(bool)
 .text._ZN9ClearCore19DigitalInOutHBridge5StateEv
                0x0000f5cc       0x3c D:\CCDev\EnhancedClearCoreLibrary\libClearCore\Debug\libClearCore.a(DigitalInOutHBridge.o)
                0x0000f5cc                ClearCore::DigitalInOutHBridge::State()
 .text._ZN9ClearCore19DigitalInOutHBridge5StateEs
                0x0000f608       0x70 D:\CCDev\EnhancedClearCoreLibrary\libClearCore\Debug\libClearCore.a(DigitalInOutHBridge.o)
                0x0000f608                ClearCore::DigitalInOutHBridge::State(short)
 .text._ZN9ClearCore19DigitalInOutHBridge10ToneUpdateEv
                0x0000f678      0x144 D:\CCDev\EnhancedClearCoreLibrary\libClearCore\Debug\libClearCore.a(DigitalInOutHBridge.o)
                0x0000f678                ClearCore::DigitalInOutHBridge::ToneUpdate()
 .text._ZN9ClearCore19DigitalInOutHBridge7RefreshEv
                0x0000f7bc      0x114 D:\CCDev\EnhancedClearCoreLibrary\libClearCore\Debug\libClearCore.a(DigitalInOutHBridge.o)
                0x0000f7bc                ClearCore::DigitalInOutHBridge::Refresh()
 .text._ZN9ClearCore19DigitalInOutHBridge10InitializeE13ClearCorePins
                0x0000f8d0       0xc8 D:\CCDev\EnhancedClearCoreLibrary\libClearCore\Debug\libClearCore.a(DigitalInOutHBridge.o)
                0x0000f8d0                ClearCore::DigitalInOutHBridge::Initialize(ClearCorePins)
 .text._ZN9ClearCore19DigitalInOutHBridge4ModeENS_9Connector14ConnectorModesE
                0x0000f998      0x1a4 D:\CCDev\EnhancedClearCoreLibrary\libClearCore\Debug\libClearCore.a(DigitalInOutHBridge.o)
                0x0000f998                ClearCore::DigitalInOutHBridge::Mode(ClearCore::Connector::ConnectorModes)
 .text._ZN9ClearCore10DmaManager8InstanceEv
                0x0000fb3c       0x28 D:\CCDev\EnhancedClearCoreLibrary\libClearCore\Debug\libClearCore.a(DmaManager.o)
                0x0000fb3c                ClearCore::DmaManager::Instance()
 .text._ZN9ClearCore10DmaManager10InitializeEv
                0x0000fb64       0x64 D:\CCDev\EnhancedClearCoreLibrary\libClearCore\Debug\libClearCore.a(DmaManager.o)
                0x0000fb64                ClearCore::DmaManager::Initialize()
 .text._ZN9ClearCore10DmaManager7ChannelENS_11DmaChannelsE
                0x0000fbc8       0x14 D:\CCDev\EnhancedClearCoreLibrary\libClearCore\Debug\libClearCore.a(DmaManager.o)
                0x0000fbc8                ClearCore::DmaManager::Channel(ClearCore::DmaChannels)
 .text._ZN9ClearCore10DmaManager14BaseDescriptorENS_11DmaChannelsE
                0x0000fbdc       0x14 D:\CCDev\EnhancedClearCoreLibrary\libClearCore\Debug\libClearCore.a(DmaManager.o)
                0x0000fbdc                ClearCore::DmaManager::BaseDescriptor(ClearCore::DmaChannels)
 .text.startup._GLOBAL__sub_I__ZN9ClearCore10DmaManager19writeBackDescriptorE
                0x0000fbf0       0x10 D:\CCDev\EnhancedClearCoreLibrary\libClearCore\Debug\libClearCore.a(DmaManager.o)
 .text._ZN9ClearCore16CcioBoardManager12CcioDiscoverEPNS_12SerialDriverE.part.1
                0x0000fc00      0x488 D:\CCDev\EnhancedClearCoreLibrary\libClearCore\Debug\libClearCore.a(CcioBoardManager.o)
 .text._ZN9ClearCore16CcioBoardManager8InstanceEv
                0x00010088      0x118 D:\CCDev\EnhancedClearCoreLibrary\libClearCore\Debug\libClearCore.a(CcioBoardManager.o)
                0x00010088                ClearCore::CcioBoardManager::Instance()
 .text._ZN9ClearCore16CcioBoardManager10InitializeEv
                0x000101a0       0xb8 D:\CCDev\EnhancedClearCoreLibrary\libClearCore\Debug\libClearCore.a(CcioBoardManager.o)
                0x000101a0                ClearCore::CcioBoardManager::Initialize()
 .text._ZN9ClearCore16CcioBoardManager8PinStateE13ClearCorePins
                0x00010258       0x30 D:\CCDev\EnhancedClearCoreLibrary\libClearCore\Debug\libClearCore.a(CcioBoardManager.o)
                0x00010258                ClearCore::CcioBoardManager::PinState(ClearCorePins)
 .text._ZN9ClearCore16CcioBoardManager7RefreshEv
                0x00010288      0x5c4 D:\CCDev\EnhancedClearCoreLibrary\libClearCore\Debug\libClearCore.a(CcioBoardManager.o)
                0x00010288                ClearCore::CcioBoardManager::Refresh()
 .text._ZN9ClearCore16CcioBoardManager11RefreshSlowEv
                0x0001084c       0x3c D:\CCDev\EnhancedClearCoreLibrary\libClearCore\Debug\libClearCore.a(CcioBoardManager.o)
                0x0001084c                ClearCore::CcioBoardManager::RefreshSlow()
 .text._ZN9ClearCore16CcioBoardManager9LinkCloseEv
                0x00010888       0x40 D:\CCDev\EnhancedClearCoreLibrary\libClearCore\Debug\libClearCore.a(CcioBoardManager.o)
                0x00010888                ClearCore::CcioBoardManager::LinkClose()
 .text._ZN9ClearCore16CcioBoardManager12CcioDiscoverEPNS_12SerialDriverE
                0x000108c8       0x38 D:\CCDev\EnhancedClearCoreLibrary\libClearCore\Debug\libClearCore.a(CcioBoardManager.o)
                0x000108c8                ClearCore::CcioBoardManager::CcioDiscover(ClearCore::SerialDriver*)
 .text._ZN9ClearCore16CcioBoardManager10PinByIndexE13ClearCorePins
                0x00010900       0x18 D:\CCDev\EnhancedClearCoreLibrary\libClearCore\Debug\libClearCore.a(CcioBoardManager.o)
                0x00010900                ClearCore::CcioBoardManager::PinByIndex(ClearCorePins)
 .text.startup._GLOBAL__sub_I__ZN9ClearCore7CcioMgrE
                0x00010918       0x10 D:\CCDev\EnhancedClearCoreLibrary\libClearCore\Debug\libClearCore.a(CcioBoardManager.o)
 .text._ZN9ClearCore7CcioPin4ModeEv
                0x00010928        0x4 D:\CCDev\EnhancedClearCoreLibrary\libClearCore\Debug\libClearCore.a(CcioPin.o)
                0x00010928                ClearCore::CcioPin::Mode()
 .text._ZN9ClearCore7CcioPin4TypeEv
                0x0001092c        0x4 D:\CCDev\EnhancedClearCoreLibrary\libClearCore\Debug\libClearCore.a(CcioPin.o)
                0x0001092c                ClearCore::CcioPin::Type()
 .text._ZN9ClearCore7CcioPin10IsWritableEv
                0x00010930       0x10 D:\CCDev\EnhancedClearCoreLibrary\libClearCore\Debug\libClearCore.a(CcioPin.o)
                0x00010930                ClearCore::CcioPin::IsWritable()
 .text._ZN9ClearCore7CcioPin7RefreshEv
                0x00010940        0x4 D:\CCDev\EnhancedClearCoreLibrary\libClearCore\Debug\libClearCore.a(CcioPin.o)
                0x00010940                ClearCore::CcioPin::Refresh()
 .text._ZN9ClearCore7CcioPin10InitializeE13ClearCorePins
                0x00010944       0x40 D:\CCDev\EnhancedClearCoreLibrary\libClearCore\Debug\libClearCore.a(CcioPin.o)
                0x00010944                ClearCore::CcioPin::Initialize(ClearCorePins)
 .text._ZN9ClearCore7CcioPin4ModeENS_9Connector14ConnectorModesE
                0x00010984       0x70 D:\CCDev\EnhancedClearCoreLibrary\libClearCore\Debug\libClearCore.a(CcioPin.o)
                0x00010984                ClearCore::CcioPin::Mode(ClearCore::Connector::ConnectorModes)
 .text._ZN9ClearCore7CcioPin5StateEv
                0x000109f4       0x3c D:\CCDev\EnhancedClearCoreLibrary\libClearCore\Debug\libClearCore.a(CcioPin.o)
                0x000109f4                ClearCore::CcioPin::State()
 .text._ZN9ClearCore7CcioPin11IsInHwFaultEv
                0x00010a30       0x20 D:\CCDev\EnhancedClearCoreLibrary\libClearCore\Debug\libClearCore.a(CcioPin.o)
                0x00010a30                ClearCore::CcioPin::IsInHwFault()
 .text._ZN9ClearCore7CcioPin5StateEs
                0x00010a50       0x48 D:\CCDev\EnhancedClearCoreLibrary\libClearCore\Debug\libClearCore.a(CcioPin.o)
                0x00010a50                ClearCore::CcioPin::State(short)
 .text._ZN9ClearCore7CcioPinC2Ev
                0x00010a98       0x34 D:\CCDev\EnhancedClearCoreLibrary\libClearCore\Debug\libClearCore.a(CcioPin.o)
                0x00010a98                ClearCore::CcioPin::CcioPin()
                0x00010a98                ClearCore::CcioPin::CcioPin()
 .text._ZN9ClearCore12InputManager8InstanceEv
                0x00010acc       0x5c D:\CCDev\EnhancedClearCoreLibrary\libClearCore\Debug\libClearCore.a(InputManager.o)
                0x00010acc                ClearCore::InputManager::Instance()
 .text._ZN9ClearCore12InputManager10InitializeEv
                0x00010b28       0x18 D:\CCDev\EnhancedClearCoreLibrary\libClearCore\Debug\libClearCore.a(InputManager.o)
                0x00010b28                ClearCore::InputManager::Initialize()
 .text._ZN9ClearCore12InputManager15InterruptEnableEabb
                0x00010b40       0x78 D:\CCDev\EnhancedClearCoreLibrary\libClearCore\Debug\libClearCore.a(InputManager.o)
                0x00010b40                ClearCore::InputManager::InterruptEnable(signed char, bool, bool)
 .text._ZN9ClearCore12InputManager11EIC_HandlerEh
                0x00010bb8       0x5c D:\CCDev\EnhancedClearCoreLibrary\libClearCore\Debug\libClearCore.a(InputManager.o)
                0x00010bb8                ClearCore::InputManager::EIC_Handler(unsigned char)
 .text._ZN9ClearCore12InputManager11UpdateBeginEv
                0x00010c14       0x28 D:\CCDev\EnhancedClearCoreLibrary\libClearCore\Debug\libClearCore.a(InputManager.o)
                0x00010c14                ClearCore::InputManager::UpdateBegin()
 .text._ZN9ClearCore12InputManager9UpdateEndEv
                0x00010c3c       0x54 D:\CCDev\EnhancedClearCoreLibrary\libClearCore\Debug\libClearCore.a(InputManager.o)
                0x00010c3c                ClearCore::InputManager::UpdateEnd()
 .text.startup._GLOBAL__sub_I__ZN9ClearCore8InputMgrE
                0x00010c90       0x10 D:\CCDev\EnhancedClearCoreLibrary\libClearCore\Debug\libClearCore.a(InputManager.o)
 .text._ZN9ClearCore12SdCardDriverC2EPK15PeripheralRouteS3_S3_S3_h
                0x00010ca0       0x40 D:\CCDev\EnhancedClearCoreLibrary\libClearCore\Debug\libClearCore.a(SdCardDriver.o)
                0x00010ca0                ClearCore::SdCardDriver::SdCardDriver(PeripheralRoute const*, PeripheralRoute const*, PeripheralRoute const*, PeripheralRoute const*, unsigned char)
                0x00010ca0                ClearCore::SdCardDriver::SdCardDriver(PeripheralRoute const*, PeripheralRoute const*, PeripheralRoute const*, PeripheralRoute const*, unsigned char)
 .text._ZN9ClearCore10SerialBase10PortIsOpenEv
                0x00010ce0        0x8 D:\CCDev\EnhancedClearCoreLibrary\libClearCore\Debug\libClearCore.a(SerialBase.o)
                0x00010ce0                ClearCore::SerialBase::PortIsOpen()
 .text._ZN9ClearCore10SerialBase5FlushEv
                0x00010ce8       0x10 D:\CCDev\EnhancedClearCoreLibrary\libClearCore\Debug\libClearCore.a(SerialBase.o)
                0x00010ce8                ClearCore::SerialBase::Flush()
 .text._ZN9ClearCore10SerialBase10FlushInputEv
                0x00010cf8       0x14 D:\CCDev\EnhancedClearCoreLibrary\libClearCore\Debug\libClearCore.a(SerialBase.o)
                0x00010cf8                ClearCore::SerialBase::FlushInput()
 .text._ZN9ClearCore10SerialBase7CharGetEv
                0x00010d0c       0x38 D:\CCDev\EnhancedClearCoreLibrary\libClearCore\Debug\libClearCore.a(SerialBase.o)
                0x00010d0c                ClearCore::SerialBase::CharGet()
 .text._ZN9ClearCore10SerialBase8CharPeekEv
                0x00010d44       0x1c D:\CCDev\EnhancedClearCoreLibrary\libClearCore\Debug\libClearCore.a(SerialBase.o)
                0x00010d44                ClearCore::SerialBase::CharPeek()
 .text._ZN9ClearCore10SerialBase16AvailableForReadEv
                0x00010d60       0x10 D:\CCDev\EnhancedClearCoreLibrary\libClearCore\Debug\libClearCore.a(SerialBase.o)
                0x00010d60                ClearCore::SerialBase::AvailableForRead()
 .text._ZN9ClearCore10SerialBase17AvailableForWriteEv
                0x00010d70       0x14 D:\CCDev\EnhancedClearCoreLibrary\libClearCore\Debug\libClearCore.a(SerialBase.o)
                0x00010d70                ClearCore::SerialBase::AvailableForWrite()
 .text._ZN9ClearCore10SerialBase8SendCharEh
                0x00010d84       0x40 D:\CCDev\EnhancedClearCoreLibrary\libClearCore\Debug\libClearCore.a(SerialBase.o)
                0x00010d84                ClearCore::SerialBase::SendChar(unsigned char)
 .text._ZN9ClearCore10SerialBase19WaitForTransmitIdleEv
                0x00010dc4       0x58 D:\CCDev\EnhancedClearCoreLibrary\libClearCore\Debug\libClearCore.a(SerialBase.o)
                0x00010dc4                ClearCore::SerialBase::WaitForTransmitIdle()
 .text._ZN9ClearCore10SerialBase5SpeedEm
                0x00010e1c      0x154 D:\CCDev\EnhancedClearCoreLibrary\libClearCore\Debug\libClearCore.a(SerialBase.o)
                0x00010e1c                ClearCore::SerialBase::Speed(unsigned long)
 .text._ZN9ClearCore10SerialBase9PortCloseEv
                0x00010f70      0x118 D:\CCDev\EnhancedClearCoreLibrary\libClearCore\Debug\libClearCore.a(SerialBase.o)
                0x00010f70                ClearCore::SerialBase::PortClose()
 .text._ZN9ClearCore10SerialBase6ParityENS_7ISerial9_ParitiesE
                0x00011088       0xf0 D:\CCDev\EnhancedClearCoreLibrary\libClearCore\Debug\libClearCore.a(SerialBase.o)
                0x00011088                ClearCore::SerialBase::Parity(ClearCore::ISerial::_Parities)
 .text._ZN9ClearCore10SerialBase8CharSizeEh
                0x00011178       0xe4 D:\CCDev\EnhancedClearCoreLibrary\libClearCore\Debug\libClearCore.a(SerialBase.o)
                0x00011178                ClearCore::SerialBase::CharSize(unsigned char)
 .text._ZN9ClearCore10SerialBase8StopBitsEh
                0x0001125c       0xdc D:\CCDev\EnhancedClearCoreLibrary\libClearCore\Debug\libClearCore.a(SerialBase.o)
                0x0001125c                ClearCore::SerialBase::StopBits(unsigned char)
 .text._ZN9ClearCore10SerialBase8PortModeENS0_9PortModesE.part.9
                0x00011338      0x8dc D:\CCDev\EnhancedClearCoreLibrary\libClearCore\Debug\libClearCore.a(SerialBase.o)
 .text._ZN9ClearCore10SerialBase8PortOpenEv
                0x00011c14       0x18 D:\CCDev\EnhancedClearCoreLibrary\libClearCore\Debug\libClearCore.a(SerialBase.o)
                0x00011c14                ClearCore::SerialBase::PortOpen()
 .text._ZN9ClearCore10SerialBaseC2EPK15PeripheralRouteS3_S3_S3_h
                0x00011c2c       0x98 D:\CCDev\EnhancedClearCoreLibrary\libClearCore\Debug\libClearCore.a(SerialBase.o)
                0x00011c2c                ClearCore::SerialBase::SerialBase(PeripheralRoute const*, PeripheralRoute const*, PeripheralRoute const*, PeripheralRoute const*, unsigned char)
                0x00011c2c                ClearCore::SerialBase::SerialBase(PeripheralRoute const*, PeripheralRoute const*, PeripheralRoute const*, PeripheralRoute const*, unsigned char)
 .text._ZN9ClearCore10SerialBase15WaitOneCharTimeEv
                0x00011cc4       0x24 D:\CCDev\EnhancedClearCoreLibrary\libClearCore\Debug\libClearCore.a(SerialBase.o)
                0x00011cc4                ClearCore::SerialBase::WaitOneCharTime()
 .text._ZN9ClearCore10SerialBase8PortModeENS0_9PortModesE
                0x00011ce8       0x18 D:\CCDev\EnhancedClearCoreLibrary\libClearCore\Debug\libClearCore.a(SerialBase.o)
                0x00011ce8                ClearCore::SerialBase::PortMode(ClearCore::SerialBase::PortModes)
 .text._ZN9ClearCore10SerialBase9SpiSsModeENS0_13CtrlLineModesE
                0x00011d00       0x74 D:\CCDev\EnhancedClearCoreLibrary\libClearCore\Debug\libClearCore.a(SerialBase.o)
                0x00011d00                ClearCore::SerialBase::SpiSsMode(ClearCore::SerialBase::CtrlLineModes)
 .text._ZN9ClearCore10SerialBase8SpiClockENS0_18SpiClockPolaritiesENS0_14SpiClockPhasesE
                0x00011d74       0xe0 D:\CCDev\EnhancedClearCoreLibrary\libClearCore\Debug\libClearCore.a(SerialBase.o)
                0x00011d74                ClearCore::SerialBase::SpiClock(ClearCore::SerialBase::SpiClockPolarities, ClearCore::SerialBase::SpiClockPhases)
 .text._ZN9ClearCore10SerialBase15SpiTransferDataEPKhPhl
                0x00011e54       0x60 D:\CCDev\EnhancedClearCoreLibrary\libClearCore\Debug\libClearCore.a(SerialBase.o)
                0x00011e54                ClearCore::SerialBase::SpiTransferData(unsigned char const*, unsigned char*, long)
 .text._ZN9ClearCore10SerialBase20SpiTransferDataAsyncEPKhPhl
                0x00011eb4       0xa4 D:\CCDev\EnhancedClearCoreLibrary\libClearCore\Debug\libClearCore.a(SerialBase.o)
                0x00011eb4                ClearCore::SerialBase::SpiTransferDataAsync(unsigned char const*, unsigned char*, long)
 .text._ZN9ClearCore10SerialBase20SpiAsyncWaitCompleteEv
                0x00011f58       0x3c D:\CCDev\EnhancedClearCoreLibrary\libClearCore\Debug\libClearCore.a(SerialBase.o)
                0x00011f58                ClearCore::SerialBase::SpiAsyncWaitComplete()
 .text._ZN9ClearCore10SerialBase12IrqHandlerTxEv
                0x00011f94       0x50 D:\CCDev\EnhancedClearCoreLibrary\libClearCore\Debug\libClearCore.a(SerialBase.o)
                0x00011f94                ClearCore::SerialBase::IrqHandlerTx()
 .text._ZN9ClearCore10SerialBase12IrqHandlerRxEv
                0x00011fe4       0x78 D:\CCDev\EnhancedClearCoreLibrary\libClearCore\Debug\libClearCore.a(SerialBase.o)
                0x00011fe4                ClearCore::SerialBase::IrqHandlerRx()
 .text._ZN9ClearCore10SerialBase19IrqHandlerExceptionEv
                0x0001205c       0x6c D:\CCDev\EnhancedClearCoreLibrary\libClearCore\Debug\libClearCore.a(SerialBase.o)
                0x0001205c                ClearCore::SerialBase::IrqHandlerException()
 .text._ZN9ClearCore12SerialDriver4ModeEv
                0x000120c8       0x10 D:\CCDev\EnhancedClearCoreLibrary\libClearCore\Debug\libClearCore.a(SerialDriver.o)
                0x000120c8                ClearCore::SerialDriver::Mode()
                0x000120d0                non-virtual thunk to ClearCore::SerialDriver::Mode()
 .text._ZN9ClearCore12SerialDriver4TypeEv
                0x000120d8        0xc D:\CCDev\EnhancedClearCoreLibrary\libClearCore\Debug\libClearCore.a(SerialDriver.o)
                0x000120d8                ClearCore::SerialDriver::Type()
                0x000120dc                non-virtual thunk to ClearCore::SerialDriver::Type()
 .text._ZN9ClearCore12SerialDriver10IsWritableEv
                0x000120e4       0x10 D:\CCDev\EnhancedClearCoreLibrary\libClearCore\Debug\libClearCore.a(SerialDriver.o)
                0x000120e4                ClearCore::SerialDriver::IsWritable()
                0x000120ec                non-virtual thunk to ClearCore::SerialDriver::IsWritable()
 .text._ZN9ClearCore12SerialDriver5StateEv
                0x000120f4       0x14 D:\CCDev\EnhancedClearCoreLibrary\libClearCore\Debug\libClearCore.a(SerialDriver.o)
                0x000120f4                ClearCore::SerialDriver::State()
                0x00012100                non-virtual thunk to ClearCore::SerialDriver::State()
 .text._ZN9ClearCore12SerialDriver11IsInHwFaultEv
                0x00012108        0xc D:\CCDev\EnhancedClearCoreLibrary\libClearCore\Debug\libClearCore.a(SerialDriver.o)
                0x00012108                ClearCore::SerialDriver::IsInHwFault()
                0x0001210c                non-virtual thunk to ClearCore::SerialDriver::IsInHwFault()
 .text._ZN9ClearCore12SerialDriver7RefreshEv
                0x00012114        0xc D:\CCDev\EnhancedClearCoreLibrary\libClearCore\Debug\libClearCore.a(SerialDriver.o)
                0x00012114                ClearCore::SerialDriver::Refresh()
                0x00012118                non-virtual thunk to ClearCore::SerialDriver::Refresh()
 .text._ZN9ClearCore12SerialDriverC2EtNS_13ShiftRegister5MasksES2_S2_PK15PeripheralRouteS5_S5_S5_h
                0x00012120       0x54 D:\CCDev\EnhancedClearCoreLibrary\libClearCore\Debug\libClearCore.a(SerialDriver.o)
                0x00012120                ClearCore::SerialDriver::SerialDriver(unsigned short, ClearCore::ShiftRegister::Masks, ClearCore::ShiftRegister::Masks, ClearCore::ShiftRegister::Masks, PeripheralRoute const*, PeripheralRoute const*, PeripheralRoute const*, PeripheralRoute const*, unsigned char)
                0x00012120                ClearCore::SerialDriver::SerialDriver(unsigned short, ClearCore::ShiftRegister::Masks, ClearCore::ShiftRegister::Masks, ClearCore::ShiftRegister::Masks, PeripheralRoute const*, PeripheralRoute const*, PeripheralRoute const*, PeripheralRoute const*, unsigned char)
 .text._ZN9ClearCore12SerialDriver5SpeedEm
                0x00012174       0x1c D:\CCDev\EnhancedClearCoreLibrary\libClearCore\Debug\libClearCore.a(SerialDriver.o)
                0x00012174                ClearCore::SerialDriver::Speed(unsigned long)
 .text._ZN9ClearCore12SerialDriver4ModeENS_9Connector14ConnectorModesE
                0x00012190      0x14c D:\CCDev\EnhancedClearCoreLibrary\libClearCore\Debug\libClearCore.a(SerialDriver.o)
                0x00012190                ClearCore::SerialDriver::Mode(ClearCore::Connector::ConnectorModes)
 .text._ZThn324_N9ClearCore12SerialDriver4ModeENS_9Connector14ConnectorModesE
                0x000122dc        0x8 D:\CCDev\EnhancedClearCoreLibrary\libClearCore\Debug\libClearCore.a(SerialDriver.o)
                0x000122dc                non-virtual thunk to ClearCore::SerialDriver::Mode(ClearCore::Connector::ConnectorModes)
 .text._ZN9ClearCore12SerialDriver8PortOpenEv
                0x000122e4       0x54 D:\CCDev\EnhancedClearCoreLibrary\libClearCore\Debug\libClearCore.a(SerialDriver.o)
                0x000122e4                ClearCore::SerialDriver::PortOpen()
 .text._ZN9ClearCore12SerialDriver9PortCloseEv
                0x00012338       0x4c D:\CCDev\EnhancedClearCoreLibrary\libClearCore\Debug\libClearCore.a(SerialDriver.o)
                0x00012338                ClearCore::SerialDriver::PortClose()
 .text._ZN9ClearCore12SerialDriver10InitializeE13ClearCorePins
                0x00012384       0xf0 D:\CCDev\EnhancedClearCoreLibrary\libClearCore\Debug\libClearCore.a(SerialDriver.o)
                0x00012384                ClearCore::SerialDriver::Initialize(ClearCorePins)