header:
  stamp:
    sec: 1791158607
    nanosec: 159572756
  frame_id: base_link
name:
- joint_x
- joint_y
position:
- 0.0
- 0.0
velocity:
- 0.0
- 0.0
effort:
- .nan
- .nan
---
header:
  stamp:
    sec: 1791158607
    nanosec: 179578414
  frame_id: base_link
name:
- joint_x
- joint_y
position:
- 0.0
- 0.0
velocity:
- 0.0
- 0.0
effort:
- .nan
- .nan
---
header:
  stamp:
    sec: 1791158607
    nanosec: 199574919
  frame_id: base_link
name:
- joint_x
- joint_y
position:
- 0.0
- 0.0
velocity:
- 0.0
- 0.0
effort:
- .nan
- .nan
---
header:
  stamp:
    sec: 1791158607
    nanosec: 219576410
  frame_id: base_link
name:
- joint_x
- joint_y
position:
- 0.0
- 0.0
velocity:
- 0.0
- 0.0
effort:
- .nan
- .nan
---
header:
  stamp:
    sec: 1791158607
    nanosec: 239584769
  frame_id: base_link
name:
- joint_x
- joint_y
position:
- 0.0
- 0.0
velocity:
- 0.0
- 0.0
effort:
- .nan
- .nan
---
header:
  stamp:
    sec: 1791158607
    nanosec: 259576307
  frame_id: base_link
name:
- joint_x
- joint_y
position:
- 0.0
- 0.0
velocity:
- 0.0
- 0.0
effort:
- .nan
- .nan
---
header:
  stamp:
    sec: 1791158607
    nanosec: 279576482
  frame_id: base_link
name:
- joint_x
- joint_y
position:
- 0.0
- 0.0
velocity:
- 0.0
- 0.0
effort:
- .nan
- .nan
---
header:
  stamp:
    sec: 1791158607
    nanosec: 299581808
  frame_id: base_link
name:
- joint_x
- joint_y
position:
- 0.0
- 0.0
velocity:
- 0.0
- 0.0
effort:
- .nan
- .nan
---
header:
  stamp:
    sec: 1791158607
    nanosec: 319580670
  frame_id: base_link
name:
- joint_x
- joint_y
position:
- 0.0
- 0.0
velocity:
- 0.0
- 0.0
effort:
- .nan
- .nan
---
header:
  stamp:
    sec: 1791158607
    nanosec: 339575875
  frame_id: base_link
name:
- joint_x
- joint_y
position:
- 0.0
- 0.0
velocity:
- 0.0
- 0.0
effort:
- .nan
- .nan
---
header:
  stamp:
    sec: 1791158607
    nanosec: 359575597
  frame_id: base_link
name:
- joint_x
- joint_y
position:
- 0.0
- 0.0
velocity:
- 0.0
- 0.0
effort:
- .nan
- .nan
---
header:
  stamp:
    sec: 1791158607
    nanosec: 379586101
  frame_id: base_link
name:
- joint_x
- joint_y
position:
- 0.0
- 0.0
velocity:
- 0.0
- 0.0
effort:
- .nan
- .nan
---
header:
  stamp:
    sec: 1791158607
    nanosec: 399575467
  frame_id: base_link
name:
- joint_x
- joint_y
position:
- 0.0
- 0.0
velocity:
- 0.0
- 0.0
effort:
- .nan
- .nan
---
header:
  stamp:
    sec: 1791158607
    nanosec: 419576170
  frame_id: base_link
name:
- joint_x
- joint_y
position:
- 0.0
- 0.0
velocity:
- 0.0
- 0.0
effort:
- .nan
- .nan
---
header:
  stamp:
    sec: 1791158607
    nanosec: 439582306
  frame_id: base_link
name:
- joint_x
- joint_y
position:
- 0.0
- 0.0
velocity:
- 0.0
- 0.0
effort:
- .nan
- .nan
---
header:
  stamp:
    sec: 1791158607
    nanosec: 459580971
  frame_id: base_link
name:
- joint_x
- joint_y
position:
- 0.0
- 0.0
velocity:
- 0.0
- 0.0
effort:
- .nan
- .nan
---
header:
  stamp:
    sec: 1791158607
    nanosec: 479585427
  frame_id: base_link
name:
- joint_x
- joint_y
position:
- 0.0
- 0.0
velocity:
- 0.0
- 0.0
effort:
- .nan
- .nan
---
header:
  stamp:
    sec: 1791158607
    nanosec: 499575771
  frame_id: base_link
name:
- joint_x
- joint_y
position:
- 0.0
- 0.0
velocity:
- 0.0
- 0.0
effort:
- .nan
- .nan
---
header:
  stamp:
    sec: 1791158607
    nanosec: 519576081
  frame_id: base_link
name:
- joint_x
- joint_y
position:
- 0.0
- 0.0
velocity:
- 0.0
- 0.0
effort:
- .nan
- .nan
---
header:
  stamp:
    sec: 1791158607
    nanosec: 539583131
  frame_id: base_link
name:
- joint_x
- joint_y
position:
- 0.0
- 0.0
velocity:
- 0.0
- 0.0
effort:
- .nan
- .nan
---
header:
  stamp:
    sec: 1791158607
    nanosec: 559579529
  frame_id: base_link
name:
- joint_x
- joint_y
position:
- 0.0
- 0.0
velocity:
- 0.0
- 0.0
effort:
- .nan
- .nan
---
header:
  stamp:
    sec: 1791158607
    nanosec: 579575862
  frame_id: base_link
name:
- joint_x
- joint_y
position:
- 0.0
- 0.0
velocity:
- 0.0
- 0.0
effort:
- .nan
- .nan
---
header:
  stamp:
    sec: 1791158607
    nanosec: 599586236
  frame_id: base_link
name:
- joint_x
- joint_y
position:
- 0.0
- 0.0
velocity:
- 0.0
- 0.0
effort:
- .nan
- .nan
---
header:
  stamp:
    sec: 1791158607
    nanosec: 619576151
  frame_id: base_link
name:
- joint_x
- joint_y
position:
- 0.0
- 0.0
velocity:
- 0.0
- 0.0
effort:
- .nan
- .nan
---
header:
  stamp:
    sec: 1791158607
    nanosec: 639577657
  frame_id: base_link
name:
- joint_x
- joint_y
position:
- 0.0
- 0.0
velocity:
- 0.0
- 0.0
effort:
- .nan
- .nan
---
header:
  stamp:
    sec: 1791158607
    nanosec: 659574961
  frame_id: base_link
name:
- joint_x
- joint_y
position:
- 0.0
- 0.0
velocity:
- 0.0
- 0.0
effort:
- .nan
- .nan
---
header:
  stamp:
    sec: 1791158607
    nanosec: 679574812
  frame_id: base_link
name:
- joint_x
- joint_y
position:
- 0.0
- 0.0
velocity:
- 0.0
- 0.0
effort:
- .nan
- .nan
---
header:
  stamp:
    sec: 1791158607
    nanosec: 699589090
  frame_id: base_link
name:
- joint_x
- joint_y
position:
- 0.0
- 0.0
velocity:
- 0.0
- 0.0
effort:
- .nan
- .nan
---
header:
  stamp:
    sec: 1791158607
    nanosec: 719574290
  frame_id: base_link
name:
- joint_x
- joint_y
position:
- 0.0
- 0.0
velocity:
- 0.0
- 0.0
effort:
- .nan
- .nan
---
header:
  stamp:
    sec: 1791158607
    nanosec: 739580489
  frame_id: base_link
name:
- joint_x
- joint_y
position:
- 0.0
- 0.0
velocity:
- 0.0
- 0.0
effort:
- .nan
- .nan
---
header:
  stamp:
    sec: 1791158607
    nanosec: 759587447
  frame_id: base_link
name:
- joint_x
- joint_y
position:
- 0.0
- 0.0
velocity:
- 0.0
- 0.0
effort:
- .nan
- .nan
---
header:
  stamp:
    sec: 1791158607
    nanosec: 779574441
  frame_id: base_link
name:
- joint_x
- joint_y
position:
- 0.0
- 0.0
velocity:
- 0.0
- 0.0
effort:
- .nan
- .nan
---
header:
  stamp:
    sec: 1791158607
    nanosec: 799576469
  frame_id: base_link
name:
- joint_x
- joint_y
position:
- 0.0
- 0.0
velocity:
- 0.0
- 0.0
effort:
- .nan
- .nan
---
header:
  stamp:
    sec: 1791158607
    nanosec: 819576626
  frame_id: base_link
name:
- joint_x
- joint_y
position:
- 0.0
- 0.0
velocity:
- 0.0
- 0.0
effort:
- .nan
- .nan
---
header:
  stamp:
    sec: 1791158607
    nanosec: 839580573
  frame_id: base_link
name:
- joint_x
- joint_y
position:
- 0.0
- 0.0
velocity:
- 0.0
- 0.0
effort:
- .nan
- .nan
---
header:
  stamp:
    sec: 1791158607
    nanosec: 859577571
  frame_id: base_link
name:
- joint_x
- joint_y
position:
- 0.0
- 0.0
velocity:
- 0.0
- 0.0
effort:
- .nan
- .nan
---
header:
  stamp:
    sec: 1791158607
    nanosec: 879576205
  frame_id: base_link
name:
- joint_x
- joint_y
position:
- 0.0
- 0.0
velocity:
- 0.0
- 0.0
effort:
- .nan
- .nan
---
header:
  stamp:
    sec: 1791158607
    nanosec: 899574669
  frame_id: base_link
name:
- joint_x
- joint_y
position:
- 0.0
- 0.0
velocity:
- 0.0
- 0.0
effort:
- .nan
- .nan
---
header:
  stamp:
    sec: 1791158607
    nanosec: 919600857
  frame_id: base_link
name:
- joint_x
- joint_y
position:
- 0.0
- 0.0
velocity:
- 0.0
- 0.0
effort:
- .nan
- .nan
---
header:
  stamp:
    sec: 1791158607
    nanosec: 939588798
  frame_id: base_link
name:
- joint_x
- joint_y
position:
- 0.0
- 0.0
velocity:
- 0.0
- 0.0
effort:
- .nan
- .nan
---
header:
  stamp:
    sec: 1791158607
    nanosec: 959595767
  frame_id: base_link
name:
- joint_x
- joint_y
position:
- 0.0
- 0.0
velocity:
- 0.0
- 0.0
effort:
- .nan
- .nan
---
header:
  stamp:
    sec: 1791158607
    nanosec: 979593236
  frame_id: base_link
name:
- joint_x
- joint_y
position:
- 0.0
- 0.0
velocity:
- 0.0
- 0.0
effort:
- .nan
- .nan
---
header:
  stamp:
    sec: 1791158607
    nanosec: 999600101
  frame_id: base_link
name:
- joint_x
- joint_y
position:
- 0.0
- 0.0
velocity:
- 0.0
- 0.0
effort:
- .nan
- .nan
---
header:
  stamp:
    sec: 1791158608
    nanosec: 19594772
  frame_id: base_link
name:
- joint_x
- joint_y
position:
- 0.0
- 0.0
velocity:
- 0.0
- 0.0
effort:
- .nan
- .nan
---
header:
  stamp:
    sec: 1791158608
    nanosec: 39590289
  frame_id: base_link
name:
- joint_x
- joint_y
position:
- 0.0
- 0.0
velocity:
- 0.0
- 0.0
effort:
- .nan
- .nan
---
header:
  stamp:
    sec: 1791158608
    nanosec: 59582749
  frame_id: base_link
name:
- joint_x
- joint_y
position:
- 0.0
- 0.0
velocity:
- 0.0
- 0.0
effort:
- .nan
- .nan
---
header:
  stamp:
    sec: 1791158608
    nanosec: 79583129
  frame_id: base_link
name:
- joint_x
- joint_y
position:
- 0.0
- 0.0
velocity:
- 0.0
- 0.0
effort:
- .nan
- .nan
---
header:
  stamp:
    sec: 1791158608
    nanosec: 99571023
  frame_id: base_link
name:
- joint_x
- joint_y
position:
- 0.0
- 0.0
velocity:
- 0.0
- 0.0
effort:
- .nan
- .nan
---
header:
  stamp:
    sec: 1791158608
    nanosec: 119572840
  frame_id: base_link
name:
- joint_x
- joint_y
position:
- 0.0
- 0.0
velocity:
- 0.0
- 0.0
effort:
- .nan
- .nan
---
header:
  stamp:
    sec: 1791158608
    nanosec: 139576499
  frame_id: base_link
name:
- joint_x
- joint_y
position:
- 0.0
- 0.0
velocity:
- 0.0
- 0.0
effort:
- .nan
- .nan
---
header:
  stamp:
    sec: 1791158608
    nanosec: 159581208
  frame_id: base_link
name:
- joint_x
- joint_y
position:
- 0.0
- 0.0
velocity:
- 0.0
- 0.0
effort:
- .nan
- .nan
---
header:
  stamp:
    sec: 1791158608
    nanosec: 179587934
  frame_id: base_link
name:
- joint_x
- joint_y
position:
- 0.0
- 0.0
velocity:
- 0.0
- 0.0
effort:
- .nan
- .nan
---
header:
  stamp:
    sec: 1791158608
    nanosec: 199590155
  frame_id: base_link
name:
- joint_x
- joint_y
position:
- 0.0
- 0.0
velocity:
- 0.0
- 0.0
effort:
- .nan
- .nan
---
header:
  stamp:
    sec: 1791158608
    nanosec: 219597061
  frame_id: base_link
name:
- joint_x
- joint_y
position:
- 0.0
- 0.0
velocity:
- 0.0
- 0.0
effort:
- .nan
- .nan
---
header:
  stamp:
    sec: 1791158608
    nanosec: 239587334
  frame_id: base_link
name:
- joint_x
- joint_y
position:
- 0.0
- 0.0
velocity:
- 0.0
- 0.0
effort:
- .nan
- .nan
---
header:
  stamp:
    sec: 1791158608
    nanosec: 259589611
  frame_id: base_link
name:
- joint_x
- joint_y
position:
- 0.0
- 0.0
velocity:
- 0.0
- 0.0
effort:
- .nan
- .nan
---
header:
  stamp:
    sec: 1791158608
    nanosec: 279587250
  frame_id: base_link
name:
- joint_x
- joint_y
position:
- 0.0
- 0.0
velocity:
- 0.0
- 0.0
effort:
- .nan
- .nan
---
header:
  stamp:
    sec: 1791158608
    nanosec: 299584253
  frame_id: base_link
name:
- joint_x
- joint_y
position:
- 0.0
- 0.0
velocity:
- 0.0
- 0.0
effort:
- .nan
- .nan
---
header:
  stamp:
    sec: 1791158608
    nanosec: 319585822
  frame_id: base_link
name:
- joint_x
- joint_y
position:
- 0.0
- 0.0
velocity:
- 0.0
- 0.0
effort:
- .nan
- .nan
---
header:
  stamp:
    sec: 1791158608
    nanosec: 339584167
  frame_id: base_link
name:
- joint_x
- joint_y
position:
- 0.0
- 0.0
velocity:
- 0.0
- 0.0
effort:
- .nan
- .nan
---
header:
  stamp:
    sec: 1791158608
    nanosec: 359574584
  frame_id: base_link
name:
- joint_x
- joint_y
position:
- 0.0
- 0.0
velocity:
- 0.0
- 0.0
effort:
- .nan
- .nan
---
header:
  stamp:
    sec: 1791158608
    nanosec: 379581829
  frame_id: base_link
name:
- joint_x
- joint_y
position:
- 0.0
- 0.0
velocity:
- 0.0
- 0.0
effort:
- .nan
- .nan
---
header:
  stamp:
    sec: 1791158608
    nanosec: 399575846
  frame_id: base_link
name:
- joint_x
- joint_y
position:
- 0.0
- 0.0
velocity:
- 0.0
- 0.0
effort:
- .nan
- .nan
---
header:
  stamp:
    sec: 1791158608
    nanosec: 419573087
  frame_id: base_link
name:
- joint_x
- joint_y
position:
- 0.0
- 0.0
velocity:
- 0.0
- 0.0
effort:
- .nan
- .nan
---
header:
  stamp:
    sec: 1791158608
    nanosec: 439574066
  frame_id: base_link
name:
- joint_x
- joint_y
position:
- 0.0
- 0.0
velocity:
- 0.0
- 0.0
effort:
- .nan
- .nan
---
header:
  stamp:
    sec: 1791158608
    nanosec: 459588884
  frame_id: base_link
name:
- joint_x
- joint_y
position:
- 0.0
- 0.0
velocity:
- 0.0
- 0.0
effort:
- .nan
- .nan
---
header:
  stamp:
    sec: 1791158608
    nanosec: 479565394
  frame_id: base_link
name:
- joint_x
- joint_y
position:
- 0.0
- 0.0
velocity:
- 0.0
- 0.0
effort:
- .nan
- .nan
---
header:
  stamp:
    sec: 1791158608
    nanosec: 499588824
  frame_id: base_link
name:
- joint_x
- joint_y
position:
- 0.0
- 0.0
velocity:
- 0.0
- 0.0
effort:
- .nan
- .nan
---
header:
  stamp:
    sec: 1791158608
    nanosec: 519589322
  frame_id: base_link
name:
- joint_x
- joint_y
position:
- 0.0
- 0.0
velocity:
- 0.0
- 0.0
effort:
- .nan
- .nan
---
header:
  stamp:
    sec: 1791158608
    nanosec: 539592261
  frame_id: base_link
name:
- joint_x
- joint_y
position:
- 0.0
- 0.0
velocity:
- 0.0
- 0.0
effort:
- .nan
- .nan
---
header:
  stamp:
    sec: 1791158608
    nanosec: 559586286
  frame_id: base_link
name:
- joint_x
- joint_y
position:
- 0.0
- 0.0
velocity:
- 0.0
- 0.0
effort:
- .nan
- .nan
---
header:
  stamp:
    sec: 1791158608
    nanosec: 579581712
  frame_id: base_link
name:
- joint_x
- joint_y
position:
- 0.0
- 0.0
velocity:
- 0.0
- 0.0
effort:
- .nan
- .nan
---
header:
  stamp:
    sec: 1791158608
    nanosec: 599583267
  frame_id: base_link
name:
- joint_x
- joint_y
position:
- 0.0
- 0.0
velocity:
- 0.0
- 0.0
effort:
- .nan
- .nan
---
header:
  stamp:
    sec: 1791158608
    nanosec: 619597614
  frame_id: base_link
name:
- joint_x
- joint_y
position:
- 0.0
- 0.0
velocity:
- 0.0
- 0.0
effort:
- .nan
- .nan
---
header:
  stamp:
    sec: 1791158608
    nanosec: 639770561
  frame_id: base_link
name:
- joint_x
- joint_y
position:
- 0.0
- 0.0
velocity:
- 0.0
- 0.0
effort:
- .nan
- .nan
---
header:
  stamp:
    sec: 1791158608
    nanosec: 659548058
  frame_id: base_link
name:
- joint_x
- joint_y
position:
- 0.0
- 0.0
velocity:
- 0.0
- 0.0
effort:
- .nan
- .nan
---
header:
  stamp:
    sec: 1791158608
    nanosec: 679575379
  frame_id: base_link
name:
- joint_x
- joint_y
position:
- 0.0
- 0.0
velocity:
- 0.0
- 0.0
effort:
- .nan
- .nan
---
header:
  stamp:
    sec: 1791158608
    nanosec: 699608487
  frame_id: base_link
name:
- joint_x
- joint_y
position:
- 0.0
- 0.0
velocity:
- 0.0
- 0.0
effort:
- .nan
- .nan
---
header:
  stamp:
    sec: 1791158608
    nanosec: 720595728
  frame_id: base_link
name:
- joint_x
- joint_y
position:
- 0.0
- 0.0
velocity:
- 0.0
- 0.0
effort:
- .nan
- .nan
---
header:
  stamp:
    sec: 1791158608
    nanosec: 739605774
  frame_id: base_link
name:
- joint_x
- joint_y
position:
- 0.0
- 0.0
velocity:
- 0.0
- 0.0
effort:
- .nan
- .nan
---
header:
  stamp:
    sec: 1791158608
    nanosec: 759562273
  frame_id: base_link
name:
- joint_x
- joint_y
position:
- 0.0
- 0.0
velocity:
- 0.0
- 0.0
effort:
- .nan
- .nan
---
header:
  stamp:
    sec: 1791158608
    nanosec: 780679374
  frame_id: base_link
name:
- joint_x
- joint_y
position:
- 0.0
- 0.0
velocity:
- 0.0
- 0.0
effort:
- .nan
- .nan
---
header:
  stamp:
    sec: 1791158608
    nanosec: 799600886
  frame_id: base_link
name:
- joint_x
- joint_y
position:
- 0.0
- 0.0
velocity:
- 0.0
- 0.0
effort:
- .nan
- .nan
---
header:
  stamp:
    sec: 1791158608
    nanosec: 819578224
  frame_id: base_link
name:
- joint_x
- joint_y
position:
- 0.0
- 0.0
velocity:
- 0.0
- 0.0
effort:
- .nan
- .nan
---
header:
  stamp:
    sec: 1791158608
    nanosec: 840430061
  frame_id: base_link
name:
- joint_x
- joint_y
position:
- 0.0
- 0.0
velocity:
- 0.0
- 0.0
effort:
- .nan
- .nan
---
header:
  stamp:
    sec: 1791158608
    nanosec: 861867597
  frame_id: base_link
name:
- joint_x
- joint_y
position:
- 0.0
- 0.0
velocity:
- 0.0
- 0.0
effort:
- .nan
- .nan
---
header:
  stamp:
    sec: 1791158608
    nanosec: 879953266
  frame_id: base_link
name:
- joint_x
- joint_y
position:
- 0.0
- 0.0
velocity:
- 0.0
- 0.0
effort:
- .nan
- .nan
---
header:
  stamp:
    sec: 1791158608
    nanosec: 899578968
  frame_id: base_link
name:
- joint_x
- joint_y
position:
- 0.0
- 0.0
velocity:
- 0.0
- 0.0
effort:
- .nan
- .nan
---
header:
  stamp:
    sec: 1791158608
    nanosec: 919676692
  frame_id: base_link
name:
- joint_x
- joint_y
position:
- 0.0
- 0.0
velocity:
- 0.0
- 0.0
effort:
- .nan
- .nan
---
header:
  stamp:
    sec: 1791158608
    nanosec: 939601053
  frame_id: base_link
name:
- joint_x
- joint_y
position:
- 0.0
- 0.0
velocity:
- 0.0
- 0.0
effort:
- .nan
- .nan
---
header:
  stamp:
    sec: 1791158608
    nanosec: 959595118
  frame_id: base_link
name:
- joint_x
- joint_y
position:
- 0.0
- 0.0
velocity:
- 0.0
- 0.0
effort:
- .nan
- .nan
---
header:
  stamp:
    sec: 1791158608
    nanosec: 979583709
  frame_id: base_link
name:
- joint_x
- joint_y
position:
- 0.0
- 0.0
velocity:
- 0.0
- 0.0
effort:
- .nan
- .nan
---
header:
  stamp:
    sec: 1791158608
    nanosec: 999576862
  frame_id: base_link
name:
- joint_x
- joint_y
position:
- 0.0
- 0.0
velocity:
- 0.0
- 0.0
effort:
- .nan
- .nan
---
header:
  stamp:
    sec: 1791158609
    nanosec: 19577367
  frame_id: base_link
name:
- joint_x
- joint_y
position:
- 0.0
- 0.0
velocity:
- 0.0
- 0.0
effort:
- .nan
- .nan
---
header:
  stamp:
    sec: 1791158609
    nanosec: 39580539
  frame_id: base_link
name:
- joint_x
- joint_y
position:
- 0.0
- 0.0
velocity:
- 0.0
- 0.0
effort:
- .nan
- .nan
---
header:
  stamp:
    sec: 1791158609
    nanosec: 59586605
  frame_id: base_link
name:
- joint_x
- joint_y
position:
- 0.0
- 0.0
velocity:
- 0.0
- 0.0
effort:
- .nan
- .nan
---
header:
  stamp:
    sec: 1791158609
    nanosec: 79554337
  frame_id: base_link
name:
- joint_x
- joint_y
position:
- 0.0
- 0.0
velocity:
- 0.0
- 0.0
effort:
- .nan
- .nan
---
header:
  stamp:
    sec: 1791158609
    nanosec: 99551153
  frame_id: base_link
name:
- joint_x
- joint_y
position:
- 0.0
- 0.0
velocity:
- 0.0
- 0.0
effort:
- .nan
- .nan
---
header:
  stamp:
    sec: 1791158609
    nanosec: 119568871
  frame_id: base_link
name:
- joint_x
- joint_y
position:
- 0.0
- 0.0
velocity:
- 0.0
- 0.0
effort:
- .nan
- .nan
---
header:
  stamp:
    sec: 1791158609
    nanosec: 139555418
  frame_id: base_link
name:
- joint_x
- joint_y
position:
- 0.0
- 0.0
velocity:
- 0.0
- 0.0
effort:
- .nan
- .nan
---
header:
  stamp:
    sec: 1791158609
    nanosec: 159604475
  frame_id: base_link
name:
- joint_x
- joint_y
position:
- 0.0
- 0.0
velocity:
- 0.0
- 0.0
effort:
- .nan
- .nan
---
header:
  stamp:
    sec: 1791158609
    nanosec: 179555844
  frame_id: base_link
name:
- joint_x
- joint_y
position:
- 0.0
- 0.0
velocity:
- 0.0
- 0.0
effort:
- .nan
- .nan
---
header:
  stamp:
    sec: 1791158609
    nanosec: 199550840
  frame_id: base_link
name:
- joint_x
- joint_y
position:
- 0.0
- 0.0
velocity:
- 0.0
- 0.0
effort:
- .nan
- .nan
---
header:
  stamp:
    sec: 1791158609
    nanosec: 219561496
  frame_id: base_link
name:
- joint_x
- joint_y
position:
- 0.0
- 0.0
velocity:
- 0.0
- 0.0
effort:
- .nan
- .nan
---
header:
  stamp:
    sec: 1791158609
    nanosec: 239551764
  frame_id: base_link
name:
- joint_x
- joint_y
position:
- 0.0
- 0.0
velocity:
- 0.0
- 0.0
effort:
- .nan
- .nan
---
header:
  stamp:
    sec: 1791158609
    nanosec: 259574612
  frame_id: base_link
name:
- joint_x
- joint_y
position:
- 0.0
- 0.0
velocity:
- 0.0
- 0.0
effort:
- .nan
- .nan
---
header:
  stamp:
    sec: 1791158609
    nanosec: 279570073
  frame_id: base_link
name:
- joint_x
- joint_y
position:
- 0.0
- 0.0
velocity:
- 0.0
- 0.0
effort:
- .nan
- .nan
---
header:
  stamp:
    sec: 1791158609
    nanosec: 299555638
  frame_id: base_link
name:
- joint_x
- joint_y
position:
- 0.0
- 0.0
velocity:
- 0.0
- 0.0
effort:
- .nan
- .nan
---
header:
  stamp:
    sec: 1791158609
    nanosec: 319553629
  frame_id: base_link
name:
- joint_x
- joint_y
position:
- 0.0
- 0.0
velocity:
- 0.0
- 0.0
effort:
- .nan
- .nan
---
header:
  stamp:
    sec: 1791158609
    nanosec: 339556255
  frame_id: base_link
name:
- joint_x
- joint_y
position:
- 0.0
- 0.0
velocity:
- 0.0
- 0.0
effort:
- .nan
- .nan
---
header:
  stamp:
    sec: 1791158609
    nanosec: 359578675
  frame_id: base_link
name:
- joint_x
- joint_y
position:
- 0.0
- 0.0
velocity:
- 0.0
- 0.0
effort:
- .nan
- .nan
---
header:
  stamp:
    sec: 1791158609
    nanosec: 379593446
  frame_id: base_link
name:
- joint_x
- joint_y
position:
- 0.0
- 0.0
velocity:
- 0.0
- 0.0
effort:
- .nan
- .nan
---
header:
  stamp:
    sec: 1791158609
    nanosec: 399586011
  frame_id: base_link
name:
- joint_x
- joint_y
position:
- 0.0
- 0.0
velocity:
- 0.0
- 0.0
effort:
- .nan
- .nan
---
header:
  stamp:
    sec: 1791158609
    nanosec: 419580470
  frame_id: base_link
name:
- joint_x
- joint_y
position:
- 0.0
- 0.0
velocity:
- 0.0
- 0.0
effort:
- .nan
- .nan
---
header:
  stamp:
    sec: 1791158609
    nanosec: 439560968
  frame_id: base_link
name:
- joint_x
- joint_y
position:
- 0.0
- 0.0
velocity:
- 0.0
- 0.0
effort:
- .nan
- .nan
---
header:
  stamp:
    sec: 1791158609
    nanosec: 459575949
  frame_id: base_link
name:
- joint_x
- joint_y
position:
- 0.0
- 0.0
velocity:
- 0.0
- 0.0
effort:
- .nan
- .nan
---
header:
  stamp:
    sec: 1791158609
    nanosec: 479572568
  frame_id: base_link
name:
- joint_x
- joint_y
position:
- 0.0
- 0.0
velocity:
- 0.0
- 0.0
effort:
- .nan
- .nan
---
header:
  stamp:
    sec: 1791158609
    nanosec: 499570518
  frame_id: base_link
name:
- joint_x
- joint_y
position:
- 0.0
- 0.0
velocity:
- 0.0
- 0.0
effort:
- .nan
- .nan
---
header:
  stamp:
    sec: 1791158609
    nanosec: 519568456
  frame_id: base_link
name:
- joint_x
- joint_y
position:
- 0.0
- 0.0
velocity:
- 0.0
- 0.0
effort:
- .nan
- .nan
---
header:
  stamp:
    sec: 1791158609
    nanosec: 539575020
  frame_id: base_link
name:
- joint_x
- joint_y
position:
- 0.0
- 0.0
velocity:
- 0.0
- 0.0
effort:
- .nan
- .nan
---
header:
  stamp:
    sec: 1791158609
    nanosec: 559574085
  frame_id: base_link
name:
- joint_x
- joint_y
position:
- 0.0
- 0.0
velocity:
- 0.0
- 0.0
effort:
- .nan
- .nan
---
header:
  stamp:
    sec: 1791158609
    nanosec: 579561491
  frame_id: base_link
name:
- joint_x
- joint_y
position:
- 0.0
- 0.0
velocity:
- 0.0
- 0.0
effort:
- .nan
- .nan
---
header:
  stamp:
    sec: 1791158609
    nanosec: 599567525
  frame_id: base_link
name:
- joint_x
- joint_y
position:
- 0.0
- 0.0
velocity:
- 0.0
- 0.0
effort:
- .nan
- .nan
---
header:
  stamp:
    sec: 1791158609
    nanosec: 619575578
  frame_id: base_link
name:
- joint_x
- joint_y
position:
- 0.0
- 0.0
velocity:
- 0.0
- 0.0
effort:
- .nan
- .nan
---
header:
  stamp:
    sec: 1791158609
    nanosec: 639578412
  frame_id: base_link
name:
- joint_x
- joint_y
position:
- 0.0
- 0.0
velocity:
- 0.0
- 0.0
effort:
- .nan
- .nan
---
header:
  stamp:
    sec: 1791158609
    nanosec: 659576966
  frame_id: base_link
name:
- joint_x
- joint_y
position:
- 0.0
- 0.0
velocity:
- 0.0
- 0.0
effort:
- .nan
- .nan
---
header:
  stamp:
    sec: 1791158609
    nanosec: 679562541
  frame_id: base_link
name:
- joint_x
- joint_y
position:
- 0.0
- 0.0
velocity:
- 0.0
- 0.0
effort:
- .nan
- .nan
---
header:
  stamp:
    sec: 1791158609
    nanosec: 699577756
  frame_id: base_link
name:
- joint_x
- joint_y
position:
- 0.0
- 0.0
velocity:
- 0.0
- 0.0
effort:
- .nan
- .nan
---
header:
  stamp:
    sec: 1791158609
    nanosec: 719562447
  frame_id: base_link
name:
- joint_x
- joint_y
position:
- 0.0
- 0.0
velocity:
- 0.0
- 0.0
effort:
- .nan
- .nan
---
header:
  stamp:
    sec: 1791158609
    nanosec: 739563844
  frame_id: base_link
name:
- joint_x
- joint_y
position:
- 0.0
- 0.0
velocity:
- 0.0
- 0.0
effort:
- .nan
- .nan
---
header:
  stamp:
    sec: 1791158609
    nanosec: 759576523
  frame_id: base_link
name:
- joint_x
- joint_y
position:
- 0.0
- 0.0
velocity:
- 0.0
- 0.0
effort:
- .nan
- .nan
---
header:
  stamp:
    sec: 1791158609
    nanosec: 779567319
  frame_id: base_link
name:
- joint_x
- joint_y
position:
- 0.0
- 0.0
velocity:
- 0.0
- 0.0
effort:
- .nan
- .nan
---
header:
  stamp:
    sec: 1791158609
    nanosec: 799600155
  frame_id: base_link
name:
- joint_x
- joint_y
position:
- 0.0
- 0.0
velocity:
- 0.0
- 0.0
effort:
- .nan
- .nan
---
header:
  stamp:
    sec: 1791158609
    nanosec: 819563134
  frame_id: base_link
name:
- joint_x
- joint_y
position:
- 0.0
- 0.0
velocity:
- 0.0
- 0.0
effort:
- .nan
- .nan
---
header:
  stamp:
    sec: 1791158609
    nanosec: 839563988
  frame_id: base_link
name:
- joint_x
- joint_y
position:
- 0.0
- 0.0
velocity:
- 0.0
- 0.0
effort:
- .nan
- .nan
---
header:
  stamp:
    sec: 1791158609
    nanosec: 859576693
  frame_id: base_link
name:
- joint_x
- joint_y
position:
- 0.0
- 0.0
velocity:
- 0.0
- 0.0
effort:
- .nan
- .nan
---
header:
  stamp:
    sec: 1791158609
    nanosec: 879564348
  frame_id: base_link
name:
- joint_x
- joint_y
position:
- 0.0
- 0.0
velocity:
- 0.0
- 0.0
effort:
- .nan
- .nan
---
header:
  stamp:
    sec: 1791158609
    nanosec: 899583118
  frame_id: base_link
name:
- joint_x
- joint_y
position:
- 0.0
- 0.0
velocity:
- 0.0
- 0.0
effort:
- .nan
- .nan
---
header:
  stamp:
    sec: 1791158609
    nanosec: 919578554
  frame_id: base_link
name:
- joint_x
- joint_y
position:
- 0.0
- 0.0
velocity:
- 0.0
- 0.0
effort:
- .nan
- .nan
---
header:
  stamp:
    sec: 1791158609
    nanosec: 939573130
  frame_id: base_link
name:
- joint_x
- joint_y
position:
- 0.0
- 0.0
velocity:
- 0.0
- 0.0
effort:
- .nan
- .nan
---
header:
  stamp:
    sec: 1791158609
    nanosec: 959581996
  frame_id: base_link
name:
- joint_x
- joint_y
position:
- 0.0
- 0.0
velocity:
- 0.0
- 0.0
effort:
- .nan
- .nan
---
header:
  stamp:
    sec: 1791158609
    nanosec: 979581336
  frame_id: base_link
name:
- joint_x
- joint_y
position:
- 0.0
- 0.0
velocity:
- 0.0
- 0.0
effort:
- .nan
- .nan
---
header:
  stamp:
    sec: 1791158609
    nanosec: 999575455
  frame_id: base_link
name:
- joint_x
- joint_y
position:
- 0.0
- 0.0
velocity:
- 0.0
- 0.0
effort:
- .nan
- .nan
---
header:
  stamp:
    sec: 1791158610
    nanosec: 19572315
  frame_id: base_link
name:
- joint_x
- joint_y
position:
- 0.0
- 0.0
velocity:
- 0.0
- 0.0
effort:
- .nan
- .nan
---
header:
  stamp:
    sec: 1791158610
    nanosec: 39572258
  frame_id: base_link
name:
- joint_x
- joint_y
position:
- 0.0
- 0.0
velocity:
- 0.0
- 0.0
effort:
- .nan
- .nan
---
header:
  stamp:
    sec: 1791158610
    nanosec: 59535547
  frame_id: base_link
name:
- joint_x
- joint_y
position:
- 0.0
- 0.0
velocity:
- 0.0
- 0.0
effort:
- .nan
- .nan
---
header:
  stamp:
    sec: 1791158610
    nanosec: 79579634
  frame_id: base_link
name:
- joint_x
- joint_y
position:
- 0.0
- 0.0
velocity:
- 0.0
- 0.0
effort:
- .nan
- .nan
---
header:
  stamp:
    sec: 1791158610
    nanosec: 99574853
  frame_id: base_link
name:
- joint_x
- joint_y
position:
- 0.0
- 0.0
velocity:
- 0.0
- 0.0
effort:
- .nan
- .nan
---
header:
  stamp:
    sec: 1791158610
    nanosec: 119574851
  frame_id: base_link
name:
- joint_x
- joint_y
position:
- 0.0
- 0.0
velocity:
- 0.0
- 0.0
effort:
- .nan
- .nan
---
header:
  stamp:
    sec: 1791158610
    nanosec: 139572591
  frame_id: base_link
name:
- joint_x
- joint_y
position:
- 0.0
- 0.0
velocity:
- 0.0
- 0.0
effort:
- .nan
- .nan
---
header:
  stamp:
    sec: 1791158610
    nanosec: 159543451
  frame_id: base_link
name:
- joint_x
- joint_y
position:
- 0.0
- 0.0
velocity:
- 0.0
- 0.0
effort:
- .nan
- .nan
---
header:
  stamp:
    sec: 1791158610
    nanosec: 179576642
  frame_id: base_link
name:
- joint_x
- joint_y
position:
- 0.0
- 0.0
velocity:
- 0.0
- 0.0
effort:
- .nan
- .nan
---
header:
  stamp:
    sec: 1791158610
    nanosec: 199575732
  frame_id: base_link
name:
- joint_x
- joint_y
position:
- 0.0
- 0.0
velocity:
- 0.0
- 0.0
effort:
- .nan
- .nan
---
header:
  stamp:
    sec: 1791158610
    nanosec: 219581646
  frame_id: base_link
name:
- joint_x
- joint_y
position:
- 0.0
- 0.0
velocity:
- 0.0
- 0.0
effort:
- .nan
- .nan
---
header:
  stamp:
    sec: 1791158610
    nanosec: 239576733
  frame_id: base_link
name:
- joint_x
- joint_y
position:
- 0.0
- 0.0
velocity:
- 0.0
- 0.0
effort:
- .nan
- .nan
---
header:
  stamp:
    sec: 1791158610
    nanosec: 259546043
  frame_id: base_link
name:
- joint_x
- joint_y
position:
- 0.0
- 0.0
velocity:
- 0.0
- 0.0
effort:
- .nan
- .nan
---
header:
  stamp:
    sec: 1791158610
    nanosec: 279583262
  frame_id: base_link
name:
- joint_x
- joint_y
position:
- 0.0
- 0.0
velocity:
- 0.0
- 0.0
effort:
- .nan
- .nan
---
header:
  stamp:
    sec: 1791158610
    nanosec: 299537269
  frame_id: base_link
name:
- joint_x
- joint_y
position:
- 0.0
- 0.0
velocity:
- 0.0
- 0.0
effort:
- .nan
- .nan
---
header:
  stamp:
    sec: 1791158610
    nanosec: 319544064
  frame_id: base_link
name:
- joint_x
- joint_y
position:
- 0.0
- 0.0
velocity:
- 0.0
- 0.0
effort:
- .nan
- .nan
---
header:
  stamp:
    sec: 1791158610
    nanosec: 339546624
  frame_id: base_link
name:
- joint_x
- joint_y
position:
- 0.0
- 0.0
velocity:
- 0.0
- 0.0
effort:
- .nan
- .nan
---
header:
  stamp:
    sec: 1791158610
    nanosec: 359557796
  frame_id: base_link
name:
- joint_x
- joint_y
position:
- 0.0
- 0.0
velocity:
- 0.0
- 0.0
effort:
- .nan
- .nan
---
header:
  stamp:
    sec: 1791158610
    nanosec: 379577940
  frame_id: base_link
name:
- joint_x
- joint_y
position:
- 0.0
- 0.0
velocity:
- 0.0
- 0.0
effort:
- .nan
- .nan
---
header:
  stamp:
    sec: 1791158610
    nanosec: 399595693
  frame_id: base_link
name:
- joint_x
- joint_y
position:
- 0.0
- 0.0
velocity:
- 0.0
- 0.0
effort:
- .nan
- .nan
---
header:
  stamp:
    sec: 1791158610
    nanosec: 419582199
  frame_id: base_link
name:
- joint_x
- joint_y
position:
- 0.0
- 0.0
velocity:
- 0.0
- 0.0
effort:
- .nan
- .nan
---
header:
  stamp:
    sec: 1791158610
    nanosec: 439589764
  frame_id: base_link
name:
- joint_x
- joint_y
position:
- 1.8750000890577212e-05
- 1.8750000890577212e-05
velocity:
- 0.0009374999790452421
- 0.0009374999790452421
effort:
- .nan
- .nan
---
header:
  stamp:
    sec: 1791158610
    nanosec: 459637406
  frame_id: base_link
name:
- joint_x
- joint_y
position:
- 6.25000029685907e-05
- 6.25000029685907e-05
velocity:
- 0.0021875000093132257
- 0.0021875000093132257
effort:
- .nan
- .nan
---
header:
  stamp:
    sec: 1791158610
    nanosec: 479578811
  frame_id: base_link
name:
- joint_x
- joint_y
position:
- 0.00011249999806750566
- 0.00011249999806750566
velocity:
- 0.0024999999441206455
- 0.0024999999441206455
effort:
- .nan
- .nan
---
header:
  stamp:
    sec: 1791158610
    nanosec: 499602739
  frame_id: base_link
name:
- joint_x
- joint_y
position:
- 0.0001875000016298145
- 0.0001875000016298145
velocity:
- 0.0037499999161809683
- 0.0034374999813735485
effort:
- .nan
- .nan
---
header:
  stamp:
    sec: 1791158610
    nanosec: 519585986
  frame_id: base_link
name:
- joint_x
- joint_y
position:
- 0.00026875000912696123
- 0.00026875000912696123
velocity:
- 0.004062499850988388
- 0.0043750000186264515
effort:
- .nan
- .nan
---
header:
  stamp:
    sec: 1791158610
    nanosec: 539575462
  frame_id: base_link
name:
- joint_x
- joint_y
position:
- 0.000375000003259629
- 0.000375000003259629
velocity:
- 0.005059523973613977
- 0.005059523973613977
effort:
- .nan
- .nan
---
header:
  stamp:
    sec: 1791158610
    nanosec: 559579525
  frame_id: base_link
name:
- joint_x
- joint_y
position:
- 0.000631249975413084
- 0.000631249975413084
velocity:
- 0.0062500000931322575
- 0.0062500000931322575
effort:
- .nan
- .nan
---
header:
  stamp:
    sec: 1791158610
    nanosec: 579576686
  frame_id: base_link
name:
- joint_x
- joint_y
position:
- 0.0007750000222586095
- 0.000768749974668026
velocity:
- 0.007499999832361937
- 0.0071875001303851604
effort:
- .nan
- .nan
---
header:
  stamp:
    sec: 1791158610
    nanosec: 599572081
  frame_id: base_link
name:
- joint_x
- joint_y
position:
- 0.0009250000002793968
- 0.0009250000002793968
velocity:
- 0.007499999832361937
- 0.0078125
effort:
- .nan
- .nan
---
header:
  stamp:
    sec: 1791158610
    nanosec: 619570466
  frame_id: base_link
name:
- joint_x
- joint_y
position:
- 0.0010999999940395355
- 0.0010999999940395355
velocity:
- 0.008333333767950535
- 0.008333333767950535
effort:
- .nan
- .nan
---
header:
  stamp:
    sec: 1791158610
    nanosec: 639567633
  frame_id: base_link
name:
- joint_x
- joint_y
position:
- 0.0012937500141561031
- 0.0012937500141561031
velocity:
- 0.009687500074505806
- 0.009687500074505806
effort:
- .nan
- .nan
---
header:
  stamp:
    sec: 1791158610
    nanosec: 659582081
  frame_id: base_link
name:
- joint_x
- joint_y
position:
- 0.0014875000342726707
- 0.0014875000342726707
velocity:
- 0.009687500074505806
- 0.009687500074505806
effort:
- .nan
- .nan
---
header:
  stamp:
    sec: 1791158610
    nanosec: 679567064
  frame_id: base_link
name:
- joint_x
- joint_y
position:
- 0.0016937500331550837
- 0.0016937500331550837
velocity:
- 0.009999999776482582
- 0.009999999776482582
effort:
- .nan
- .nan
---
header:
  stamp:
    sec: 1791158610
    nanosec: 699571383
  frame_id: base_link
name:
- joint_x
- joint_y
position:
- 0.0019062500214204192
- 0.0019062500214204192
velocity:
- 0.010937499813735485
- 0.010625000111758709
effort:
- .nan
- .nan
---
header:
  stamp:
    sec: 1791158610
    nanosec: 719571661
  frame_id: base_link
name:
- joint_x
- joint_y
position:
- 0.0021312499884516
- 0.0021312499884516
velocity:
- 0.011250000447034836
- 0.011250000447034836
effort:
- .nan
- .nan
---
header:
  stamp:
    sec: 1791158610
    nanosec: 739579826
  frame_id: base_link
name:
- joint_x
- joint_y
position:
- 0.002374999923631549
- 0.002374999923631549
velocity:
- 0.011607143096625805
- 0.011904762126505375
effort:
- .nan
- .nan
---
header:
  stamp:
    sec: 1791158610
    nanosec: 759578511
  frame_id: base_link
name:
- joint_x
- joint_y
position:
- 0.0026312500704079866
- 0.0026312500704079866
velocity:
- 0.012812499888241291
- 0.012812499888241291
effort:
- .nan
- .nan
---
header:
  stamp:
    sec: 1791158610
    nanosec: 779583406
  frame_id: base_link
name:
- joint_x
- joint_y
position:
- 0.0028874999843537807
- 0.0028874999843537807
velocity:
- 0.012812499888241291
- 0.012812499888241291
effort:
- .nan
- .nan
---
header:
  stamp:
    sec: 1791158610
    nanosec: 799593277
  frame_id: base_link
name:
- joint_x
- joint_y
position:
- 0.0034312501084059477
- 0.0034312501084059477
velocity:
- 0.013392857275903225
- 0.013690476305782795
effort:
- .nan
- .nan
---
header:
  stamp:
    sec: 1791158610
    nanosec: 819580416
  frame_id: base_link
name:
- joint_x
- joint_y
position:
- 0.003731250064447522
- 0.003731250064447522
velocity:
- 0.014999999664723873
- 0.014999999664723873
effort:
- .nan
- .nan
---
header:
  stamp:
    sec: 1791158610
    nanosec: 839583681
  frame_id: base_link
name:
- joint_x
- joint_y
position:
- 0.004025000147521496
- 0.004025000147521496
velocity:
- 0.014375000260770321
- 0.014375000260770321
effort:
- .nan
- .nan
---
header:
  stamp:
    sec: 1791158610
    nanosec: 859581318
  frame_id: base_link
name:
- joint_x
- joint_y
position:
- 0.00432500010356307
- 0.00432500010356307
velocity:
- 0.014999999664723873
- 0.014999999664723873
effort:
- .nan
- .nan
---
header:
  stamp:
    sec: 1791158610
    nanosec: 879576795
  frame_id: base_link
name:
- joint_x
- joint_y
position:
- 0.004631250165402889
- 0.004631250165402889
velocity:
- 0.015312500298023224
- 0.015312500298023224
effort:
- .nan
- .nan
---
header:
  stamp:
    sec: 1791158610
    nanosec: 899578058
  frame_id: base_link
name:
- joint_x
- joint_y
position:
- 0.004943749867379665
- 0.004943749867379665
velocity:
- 0.015625
- 0.015625
effort:
- .nan
- .nan
---
header:
  stamp:
    sec: 1791158610
    nanosec: 919575937
  frame_id: base_link
name:
- joint_x
- joint_y
position:
- 0.005281249992549419
- 0.005281249992549419
velocity:
- 0.0163690485060215
- 0.0163690485060215
effort:
- .nan
- .nan
---
header:
  stamp:
    sec: 1791158610
    nanosec: 939581351
  frame_id: base_link
name:
- joint_x
- joint_y
position:
- 0.005625000223517418
- 0.005625000223517418
velocity:
- 0.01718750037252903
- 0.01718750037252903
effort:
- .nan
- .nan
---
header:
  stamp:
    sec: 1791158610
    nanosec: 959571195
  frame_id: base_link
name:
- joint_x
- joint_y
position:
- 0.00595624977722764
- 0.00595624977722764
velocity:
- 0.01656249910593033
- 0.01656249910593033
effort:
- .nan
- .nan
---
header:
  stamp:
    sec: 1791158610
    nanosec: 979579747
  frame_id: base_link
name:
- joint_x
- joint_y
position:
- 0.006300000008195639
- 0.006300000008195639
velocity:
- 0.01718750037252903
- 0.01718750037252903
effort:
- .nan
- .nan
---
header:
  stamp:
    sec: 1791158610
    nanosec: 999580561
  frame_id: base_link
name:
- joint_x
- joint_y
position:
- 0.006649999879300594
- 0.006649999879300594
velocity:
- 0.017500000074505806
- 0.017500000074505806
effort:
- .nan
- .nan
---
header:
  stamp:
    sec: 1791158611
    nanosec: 19570253
  frame_id: base_link
name:
- joint_x
- joint_y
position:
- 0.007000000216066837
- 0.0070062498562037945
velocity:
- 0.017500000074505806
- 0.017500000074505806
effort:
- .nan
- .nan
---
header:
  stamp:
    sec: 1791158611
    nanosec: 39572931
  frame_id: base_link
name:
- joint_x
- joint_y
position:
- 0.007737500127404928
- 0.007737500127404928
velocity:
- 0.017812499776482582
- 0.017812499776482582
effort:
- .nan
- .nan
---
header:
  stamp:
    sec: 1791158611
    nanosec: 59569739
  frame_id: base_link
name:
- joint_x
- joint_y
position:
- 0.008112500421702862
- 0.008106250315904617
velocity:
- 0.018437499180436134
- 0.018437499180436134
effort:
- .nan
- .nan
---
header:
  stamp:
    sec: 1791158611
    nanosec: 79568167
  frame_id: base_link
name:
- joint_x
- joint_y
position:
- 0.008487500250339508
- 0.008481250144541264
velocity:
- 0.01875000074505806
- 0.01875000074505806
effort:
- .nan
- .nan
---
header:
  stamp:
    sec: 1791158611
    nanosec: 99574747
  frame_id: base_link
name:
- joint_x
- joint_y
position:
- 0.008881250396370888
- 0.008881250396370888
velocity:
- 0.01904761977493763
- 0.01904761977493763
effort:
- .nan
- .nan
---
header:
  stamp:
    sec: 1791158611
    nanosec: 119575199
  frame_id: base_link
name:
- joint_x
- joint_y
position:
- 0.009287499822676182
- 0.009287499822676182
velocity:
- 0.02031249925494194
- 0.019999999552965164
effort:
- .nan
- .nan
---
header:
  stamp:
    sec: 1791158611
    nanosec: 139584591
  frame_id: base_link
name:
- joint_x
- joint_y
position:
- 0.009668749757111073
- 0.009668749757111073
velocity:
- 0.019062500447034836
- 0.019375000149011612
effort:
- .nan
- .nan
---
header:
  stamp:
    sec: 1791158611
    nanosec: 159576568
  frame_id: base_link
name:
- joint_x
- joint_y
position:
- 0.010062499903142452
- 0.010062499903142452
velocity:
- 0.019687499850988388
- 0.019687499850988388
effort:
- .nan
- .nan
---
header:
  stamp:
    sec: 1791158611
    nanosec: 179568693
  frame_id: base_link
name:
- joint_x
- joint_y
position:
- 0.010456250049173832
- 0.010449999943375587
velocity:
- 0.019687499850988388
- 0.019375000149011612
effort:
- .nan
- .nan
---
header:
  stamp:
    sec: 1791158611
    nanosec: 199581151
  frame_id: base_link
name:
- joint_x
- joint_y
position:
- 0.010850000195205212
- 0.010850000195205212
velocity:
- 0.019687499850988388
- 0.019999999552965164
effort:
- .nan
- .nan
---
header:
  stamp:
    sec: 1791158611
    nanosec: 219572217
  frame_id: base_link
name:
- joint_x
- joint_y
position:
- 0.011268749833106995
- 0.011268749833106995
velocity:
- 0.020937500521540642
- 0.020625000819563866
effort:
- .nan
- .nan
---
header:
  stamp:
    sec: 1791158611
    nanosec: 239571097
  frame_id: base_link
name:
- joint_x
- joint_y
position:
- 0.011668750084936619
- 0.011668750084936619
velocity:
- 0.019999999552965164
- 0.019999999552965164
effort:
- .nan
- .nan
---
header:
  stamp:
    sec: 1791158611
    nanosec: 259583419
  frame_id: base_link
name:
- joint_x
- joint_y
position:
- 0.012474999763071537
- 0.012468749657273293
velocity:
- 0.02031249925494194
- 0.019999999552965164
effort:
- .nan
- .nan
---
header:
  stamp:
    sec: 1791158611
    nanosec: 279574902
  frame_id: base_link
name:
- joint_x
- joint_y
position:
- 0.012906249612569809
- 0.012906249612569809
velocity:
- 0.021250000223517418
- 0.021562499925494194
effort:
- .nan
- .nan
---
header:
  stamp:
    sec: 1791158611
    nanosec: 299576758
  frame_id: base_link
name:
- joint_x
- joint_y
position:
- 0.013312499970197678
- 0.013312499970197678
velocity:
- 0.020625000819563866
- 0.020625000819563866
effort:
- .nan
- .nan
---
header:
  stamp:
    sec: 1791158611
    nanosec: 319575215
  frame_id: base_link
name:
- joint_x
- joint_y
position:
- 0.01372500043362379
- 0.013718750327825546
velocity:
- 0.020625000819563866
- 0.02031249925494194
effort:
- .nan
- .nan
---
header:
  stamp:
    sec: 1791158611
    nanosec: 339572548
  frame_id: base_link
name:
- joint_x
- joint_y
position:
- 0.014131249859929085
- 0.014131249859929085
velocity:
- 0.019999999552965164
- 0.020625000819563866
effort:
- .nan
- .nan
---
header:
  stamp:
    sec: 1791158611
    nanosec: 359570994
  frame_id: base_link
name:
- joint_x
- joint_y
position:
- 0.014543750323355198
- 0.014537500217556953
velocity:
- 0.020625000819563866
- 0.02031249925494194
effort:
- .nan
- .nan
---
header:
  stamp:
    sec: 1791158611
    nanosec: 379579889
  frame_id: base_link
name:
- joint_x
- joint_y
position:
- 0.01497500017285347
- 0.01497500017285347
velocity:
- 0.02083333395421505
- 0.02083333395421505
effort:
- .nan
- .nan
---
header:
  stamp:
    sec: 1791158611
    nanosec: 399577923
  frame_id: base_link
name:
- joint_x
- joint_y
position:
- 0.015406250022351742
- 0.015406250022351742
velocity:
- 0.021562499925494194
- 0.021562499925494194
effort:
- .nan
- .nan
---
header:
  stamp:
    sec: 1791158611
    nanosec: 419569855
  frame_id: base_link
name:
- joint_x
- joint_y
position:
- 0.015818750485777855
- 0.015818750485777855
velocity:
- 0.020625000819563866
- 0.020625000819563866
effort:
- .nan
- .nan
---
header:
  stamp:
    sec: 1791158611
    nanosec: 439579552
  frame_id: base_link
name:
- joint_x
- joint_y
position:
- 0.016231250017881393
- 0.016231250017881393
velocity:
- 0.020625000819563866
- 0.020625000819563866
effort:
- .nan
- .nan
---
header:
  stamp:
    sec: 1791158611
    nanosec: 459570304
  frame_id: base_link
name:
- joint_x
- joint_y
position:
- 0.016643749549984932
- 0.016637500375509262
velocity:
- 0.020625000819563866
- 0.02031249925494194
effort:
- .nan
- .nan
---
header:
  stamp:
    sec: 1791158611
    nanosec: 479569403
  frame_id: base_link
name:
- joint_x
- joint_y
position:
- 0.0170499999076128
- 0.0170499999076128
velocity:
- 0.02031249925494194
- 0.020625000819563866
effort:
- .nan
- .nan
---
header:
  stamp:
    sec: 1791158611
    nanosec: 499581023
  frame_id: base_link
name:
- joint_x
- joint_y
position:
- 0.017875000834465027
- 0.017875000834465027
velocity:
- 0.019999999552965164
- 0.019999999552965164
effort:
- .nan
- .nan
---
header:
  stamp:
    sec: 1791158611
    nanosec: 519569629
  frame_id: base_link
name:
- joint_x
- joint_y
position:
- 0.018287500366568565
- 0.018287500366568565
velocity:
- 0.02031249925494194
- 0.02031249925494194
effort:
- .nan
- .nan
---
header:
  stamp:
    sec: 1791158611
    nanosec: 539608654
  frame_id: base_link
name:
- joint_x
- joint_y
position:
- 0.018687499687075615
- 0.018687499687075615
velocity:
- 0.02031249925494194
- 0.019999999552965164
effort:
- .nan
- .nan
---
header:
  stamp:
    sec: 1791158611
    nanosec: 559576898
  frame_id: base_link
name:
- joint_x
- joint_y
position:
- 0.019106250256299973
- 0.019106250256299973
velocity:
- 0.020937500521540642
- 0.021250000223517418
effort:
- .nan
- .nan
---
header:
  stamp:
    sec: 1791158611
    nanosec: 579585795
  frame_id: base_link
name:
- joint_x
- joint_y
position:
- 0.019506249576807022
- 0.019506249576807022
velocity:
- 0.019687499850988388
- 0.019999999552965164
effort:
- .nan
- .nan
---
header:
  stamp:
    sec: 1791158611
    nanosec: 599574093
  frame_id: base_link
name:
- joint_x
- joint_y
position:
- 0.019899999722838402
- 0.019893750548362732
velocity:
- 0.019687499850988388
- 0.019375000149011612
effort:
- .nan
- .nan
---
header:
  stamp:
    sec: 1791158611
    nanosec: 619569455
  frame_id: base_link
name:
- joint_x
- joint_y
position:
- 0.02028750069439411
- 0.02028750069439411
velocity:
- 0.019375000149011612
- 0.019687499850988388
effort:
- .nan
- .nan
---
header:
  stamp:
    sec: 1791158611
    nanosec: 639578392
  frame_id: base_link
name:
- joint_x
- joint_y
position:
- 0.020668750628829002
- 0.020668750628829002
velocity:
- 0.019375000149011612
- 0.019062500447034836
effort:
- .nan
- .nan
---
header:
  stamp:
    sec: 1791158611
    nanosec: 659567257
  frame_id: base_link
name:
- joint_x
- joint_y
position:
- 0.021074999123811722
- 0.021068749949336052
velocity:
- 0.0193452388048172
- 0.01904761977493763
effort:
- .nan
- .nan
---
header:
  stamp:
    sec: 1791158611
    nanosec: 679566324
  frame_id: base_link
name:
- joint_x
- joint_y
position:
- 0.02147500030696392
- 0.0214687492698431
velocity:
- 0.019687499850988388
- 0.019999999552965164
effort:
- .nan
- .nan
---
header:
  stamp:
    sec: 1791158611
    nanosec: 699572023
  frame_id: base_link
name:
- joint_x
- joint_y
position:
- 0.021849999204277992
- 0.021843750029802322
velocity:
- 0.01875000074505806
- 0.01875000074505806
effort:
- .nan
- .nan
---
header:
  stamp:
    sec: 1791158611
    nanosec: 719573106
  frame_id: base_link
name:
- joint_x
- joint_y
position:
- 0.022575000301003456
- 0.022575000301003456
velocity:
- 0.018124999478459358
- 0.018124999478459358
effort:
- .nan
- .nan
---
header:
  stamp:
    sec: 1791158611
    nanosec: 739576984
  frame_id: base_link
name:
- joint_x
- joint_y
position:
- 0.022956250235438347
- 0.022956250235438347
velocity:
- 0.01875000074505806
- 0.01875000074505806
effort:
- .nan
- .nan
---
header:
  stamp:
    sec: 1791158611
    nanosec: 759569087
  frame_id: base_link
name:
- joint_x
- joint_y
position:
- 0.02330625057220459
- 0.02330625057220459
velocity:
- 0.017812499776482582
- 0.017812499776482582
effort:
- .nan
- .nan
---
header:
  stamp:
    sec: 1791158611
    nanosec: 779570237
  frame_id: base_link
name:
- joint_x
- joint_y
position:
- 0.023656250908970833
- 0.023649999871850014
velocity:
- 0.01718750037252903
- 0.01718750037252903
effort:
- .nan
- .nan
---
header:
  stamp:
    sec: 1791158611
    nanosec: 799573358
  frame_id: base_link
name:
- joint_x
- joint_y
position:
- 0.023993749171495438
- 0.023993749171495438
velocity:
- 0.01718750037252903
- 0.01718750037252903
effort:
- .nan
- .nan
---
header:
  stamp:
    sec: 1791158611
    nanosec: 819570970
  frame_id: base_link
name:
- joint_x
- joint_y
position:
- 0.02433124929666519
- 0.024325000122189522
velocity:
- 0.016875000670552254
- 0.01656249910593033
effort:
- .nan
- .nan
---
header:
  stamp:
    sec: 1791158611
    nanosec: 839630167
  frame_id: base_link
name:
- joint_x
- joint_y
position:
- 0.024656249210238457
- 0.024656249210238457
velocity:
- 0.016249999403953552
- 0.01656249910593033
effort:
- .nan
- .nan
---
header:
  stamp:
    sec: 1791158611
    nanosec: 859585596
  frame_id: base_link
name:
- joint_x
- joint_y
position:
- 0.02500000037252903
- 0.02500000037252903
velocity:
- 0.01718750037252903
- 0.016875000670552254
effort:
- .nan
- .nan
---
header:
  stamp:
    sec: 1791158611
    nanosec: 879581722
  frame_id: base_link
name:
- joint_x
- joint_y
position:
- 0.025312500074505806
- 0.025312500074505806
velocity:
- 0.015625
- 0.015937499701976776
effort:
- .nan
- .nan
---
header:
  stamp:
    sec: 1791158611
    nanosec: 899574020
  frame_id: base_link
name:
- joint_x
- joint_y
position:
- 0.025618750602006912
- 0.025618750602006912
velocity:
- 0.015312500298023224
- 0.015312500298023224
effort:
- .nan
- .nan
---
header:
  stamp:
    sec: 1791158611
    nanosec: 919580599
  frame_id: base_link
name:
- joint_x
- joint_y
position:
- 0.0259187500923872
- 0.0259187500923872
velocity:
- 0.014999999664723873
- 0.014999999664723873
effort:
- .nan
- .nan
---
header:
  stamp:
    sec: 1791158611
    nanosec: 939576406
  frame_id: base_link
name:
- joint_x
- joint_y
position:
- 0.026225000619888306
- 0.026225000619888306
velocity:
- 0.014583333395421505
- 0.014583333395421505
effort:
- .nan
- .nan
---
header:
  stamp:
    sec: 1791158611
    nanosec: 959580215
  frame_id: base_link
name:
- joint_x
- joint_y
position:
- 0.026793750002980232
- 0.026793750002980232
velocity:
- 0.013437500223517418
- 0.013437500223517418
effort:
- .nan
- .nan
---
header:
  stamp:
    sec: 1791158611
    nanosec: 979571026
  frame_id: base_link
name:
- joint_x
- joint_y
position:
- 0.027056250721216202
- 0.027056250721216202
velocity:
- 0.013437500223517418
- 0.013437500223517418
effort:
- .nan
- .nan
---
header:
  stamp:
    sec: 1791158611
    nanosec: 999578396
  frame_id: base_link
name:
- joint_x
- joint_y
position:
- 0.027312500402331352
- 0.027312500402331352
velocity:
- 0.012812499888241291
- 0.012812499888241291
effort:
- .nan
- .nan
---
header:
  stamp:
    sec: 1791158612
    nanosec: 19571194
  frame_id: base_link
name:
- joint_x
- joint_y
position:
- 0.027574999257922173
- 0.027574999257922173
velocity:
- 0.012500000186264515
- 0.012500000186264515
effort:
- .nan
- .nan
---
header:
  stamp:
    sec: 1791158612
    nanosec: 39548716
  frame_id: base_link
name:
- joint_x
- joint_y
position:
- 0.027824999764561653
- 0.027824999764561653
velocity:
- 0.012500000186264515
- 0.012500000186264515
effort:
- .nan
- .nan
---
header:
  stamp:
    sec: 1791158612
    nanosec: 59569291
  frame_id: base_link
name:
- joint_x
- joint_y
position:
- 0.028049999848008156
- 0.028049999848008156
velocity:
- 0.011250000447034836
- 0.011250000447034836
effort:
- .nan
- .nan
---
header:
  stamp:
    sec: 1791158612
    nanosec: 79568623
  frame_id: base_link
name:
- joint_x
- joint_y
position:
- 0.02826875075697899
- 0.02826875075697899
velocity:
- 0.010937499813735485
- 0.010937499813735485
effort:
- .nan
- .nan
---
header:
  stamp:
    sec: 1791158612
    nanosec: 99576468
  frame_id: base_link
name:
- joint_x
- joint_y
position:
- 0.028474999591708183
- 0.028474999591708183
velocity:
- 0.010312500409781933
- 0.009999999776482582
effort:
- .nan
- .nan
---
header:
  stamp:
    sec: 1791158612
    nanosec: 119569488
  frame_id: base_link
name:
- joint_x
- joint_y
position:
- 0.028668750077486038
- 0.028668750077486038
velocity:
- 0.009687500074505806
- 0.009999999776482582
effort:
- .nan
- .nan
---
header:
  stamp:
    sec: 1791158612
    nanosec: 139568927
  frame_id: base_link
name:
- joint_x
- joint_y
position:
- 0.028862500563263893
- 0.028862500563263893
velocity:
- 0.009687500074505806
- 0.009687500074505806
effort:
- .nan
- .nan
---
header:
  stamp:
    sec: 1791158612
    nanosec: 159570244
  frame_id: base_link
name:
- joint_x
- joint_y
position:
- 0.02903749980032444
- 0.02903749980032444
velocity:
- 0.008750000037252903
- 0.008750000037252903
effort:
- .nan
- .nan
---
header:
  stamp:
    sec: 1791158612
    nanosec: 179597599
  frame_id: base_link
name:
- joint_x
- joint_y
position:
- 0.029343750327825546
- 0.029343750327825546
velocity:
- 0.0071875001303851604
- 0.0071875001303851604
effort:
- .nan
- .nan
---
header:
  stamp:
    sec: 1791158612
    nanosec: 199579924
  frame_id: base_link
name:
- joint_x
- joint_y
position:
- 0.029493749141693115
- 0.029493749141693115
velocity:
- 0.007499999832361937
- 0.007499999832361937
effort:
- .nan
- .nan
---
header:
  stamp:
    sec: 1791158612
    nanosec: 219577321
  frame_id: base_link
name:
- joint_x
- joint_y
position:
- 0.029618749395012856
- 0.029612500220537186
velocity:
- 0.0062500000931322575
- 0.005937499925494194
effort:
- .nan
- .nan
---
header:
  stamp:
    sec: 1791158612
    nanosec: 239578407
  frame_id: base_link
name:
- joint_x
- joint_y
position:
- 0.029731249436736107
- 0.029725000262260437
velocity:
- 0.0053125000558793545
- 0.005625000223517418
effort:
- .nan
- .nan
---
header:
  stamp:
    sec: 1791158612
    nanosec: 259615563
  frame_id: base_link
name:
- joint_x
- joint_y
position:
- 0.0298250000923872
- 0.0298250000923872
velocity:
- 0.004999999888241291
- 0.004999999888241291
effort:
- .nan
- .nan
---
header:
  stamp:
    sec: 1791158612
    nanosec: 279579085
  frame_id: base_link
name:
- joint_x
- joint_y
position:
- 0.029912499710917473
- 0.029912499710917473
velocity:
- 0.0043750000186264515
- 0.0043750000186264515
effort:
- .nan
- .nan
---
header:
  stamp:
    sec: 1791158612
    nanosec: 299587291
  frame_id: base_link
name:
- joint_x
- joint_y
position:
- 0.029987499117851257
- 0.029987499117851257
velocity:
- 0.0035714285913854837
- 0.0035714285913854837
effort:
- .nan
- .nan
---
header:
  stamp:
    sec: 1791158612
    nanosec: 319579463
  frame_id: base_link
name:
- joint_x
- joint_y
position:
- 0.030050000175833702
- 0.030050000175833702
velocity:
- 0.0031250000465661287
- 0.0031250000465661287
effort:
- .nan
- .nan
---
header:
  stamp:
    sec: 1791158612
    nanosec: 339583380
  frame_id: base_link
name:
- joint_x
- joint_y
position:
- 0.03009374998509884
- 0.03009374998509884
velocity:
- 0.0021875000093132257
- 0.0021875000093132257
effort:
- .nan
- .nan
---
header:
  stamp:
    sec: 1791158612
    nanosec: 359567271
  frame_id: base_link
name:
- joint_x
- joint_y
position:
- 0.030124999582767487
- 0.030124999582767487
velocity:
- 0.0015625000232830644
- 0.0015625000232830644
effort:
- .nan
- .nan
---
header:
  stamp:
    sec: 1791158612
    nanosec: 379581144
  frame_id: base_link
name:
- joint_x
- joint_y
position:
- 0.030143750831484795
- 0.030143750831484795
velocity:
- 0.0009374999790452421
- 0.0009374999790452421
effort:
- .nan
- .nan
---
header:
  stamp:
    sec: 1791158612
    nanosec: 399581892
  frame_id: base_link
name:
- joint_x
- joint_y
position:
- 0.030143750831484795
- 0.030143750831484795
velocity:
- 0.0
- 0.0
effort:
- .nan
- .nan
---
header:
  stamp:
    sec: 1791158612
    nanosec: 419587905
  frame_id: base_link
name:
- joint_x
- joint_y
position:
- 0.03009999915957451
- 0.03009999915957451
velocity:
- -0.0012499999720603228
- -0.0012499999720603228
effort:
- .nan
- .nan
---
header:
  stamp:
    sec: 1791158612
    nanosec: 439579060
  frame_id: base_link
name:
- joint_x
- joint_y
position:
- 0.030050000175833702
- 0.030050000175833702
velocity:
- -0.0024999999441206455
- -0.0024999999441206455
effort:
- .nan
- .nan
---
header:
  stamp:
    sec: 1791158612
    nanosec: 459580084
  frame_id: base_link
name:
- joint_x
- joint_y
position:
- 0.029993750154972076
- 0.029993750154972076
velocity:
- -0.002812500111758709
- -0.002812500111758709
effort:
- .nan
- .nan
---
header:
  stamp:
    sec: 1791158612
    nanosec: 479581013
  frame_id: base_link
name:
- joint_x
- joint_y
position:
- 0.029912499710917473
- 0.029912499710917473
velocity:
- -0.004062499850988388
- -0.0037499999161809683
effort:
- .nan
- .nan
---
header:
  stamp:
    sec: 1791158612
    nanosec: 499583979
  frame_id: base_link
name:
- joint_x
- joint_y
position:
- 0.0298250000923872
- 0.0298250000923872
velocity:
- -0.0043750000186264515
- -0.004687500186264515
effort:
- .nan
- .nan
---
header:
  stamp:
    sec: 1791158612
    nanosec: 519578489
  frame_id: base_link
name:
- joint_x
- joint_y
position:
- 0.029725000262260437
- 0.029725000262260437
velocity:
- -0.004999999888241291
- -0.004999999888241291
effort:
- .nan
- .nan
---
header:
  stamp:
    sec: 1791158612
    nanosec: 539580313
  frame_id: base_link
name:
- joint_x
- joint_y
position:
- 0.029612500220537186
- 0.029612500220537186
velocity:
- -0.005625000223517418
- -0.005625000223517418
effort:
- .nan
- .nan
---
header:
  stamp:
    sec: 1791158612
    nanosec: 559576952
  frame_id: base_link
name:
- joint_x
- joint_y
position:
- 0.029481250792741776
- 0.029487499967217445
velocity:
- -0.0062500000931322575
- -0.0062500000931322575
effort:
- .nan
- .nan
---
header:
  stamp:
    sec: 1791158612
    nanosec: 579582437
  frame_id: base_link
name:
- joint_x
- joint_y
position:
- 0.029337499290704727
- 0.029337499290704727
velocity:
- -0.0071428571827709675
- -0.0071428571827709675
effort:
- .nan
- .nan
---
header:
  stamp:
    sec: 1791158612
    nanosec: 599574755
  frame_id: base_link
name:
- joint_x
- joint_y
position:
- 0.02917500026524067
- 0.02917500026524067
velocity:
- -0.008124999701976776
- -0.008124999701976776
effort:
- .nan
- .nan
---
header:
  stamp:
    sec: 1791158612
    nanosec: 619575850
  frame_id: base_link
name:
- joint_x
- joint_y
position:
- 0.029012499377131462
- 0.029012499377131462
velocity:
- -0.008124999701976776
- -0.008124999701976776
effort:
- .nan
- .nan
---
header:
  stamp:
    sec: 1791158612
    nanosec: 639577367
  frame_id: base_link
name:
- joint_x
- joint_y
position:
- 0.028837500140070915
- 0.028837500140070915
velocity:
- -0.008750000037252903
- -0.008750000037252903
effort:
- .nan
- .nan
---
header:
  stamp:
    sec: 1791158612
    nanosec: 659572994
  frame_id: base_link
name:
- joint_x
- joint_y
position:
- 0.028443749994039536
- 0.028443749994039536
velocity:
- -0.010312500409781933
- -0.010312500409781933
effort:
- .nan
- .nan
---
header:
  stamp:
    sec: 1791158612
    nanosec: 679574686
  frame_id: base_link
name:
- joint_x
- joint_y
position:
- 0.028231250122189522
- 0.028231250122189522
velocity:
- -0.010625000111758709
- -0.010625000111758709
effort:
- .nan
- .nan
---
header:
  stamp:
    sec: 1791158612
    nanosec: 699636252
  frame_id: base_link
name:
- joint_x
- joint_y
position:
- 0.02800625003874302
- 0.02801249921321869
velocity:
- -0.010937499813735485
- -0.010937499813735485
effort:
- .nan
- .nan
---
header:
  stamp:
    sec: 1791158612
    nanosec: 719568818
  frame_id: base_link
name:
- joint_x
- joint_y
position:
- 0.027775000780820847
- 0.027781249955296516
velocity:
- -0.011562500149011612
- -0.011562500149011612
effort:
- .nan
- .nan
---
header:
  stamp:
    sec: 1791158612
    nanosec: 739578010
  frame_id: base_link
name:
- joint_x
- joint_y
position:
- 0.027537500485777855
- 0.027537500485777855
velocity:
- -0.012187499552965164
- -0.011874999850988388
effort:
- .nan
- .nan
---
header:
  stamp:
    sec: 1791158612
    nanosec: 759583647
  frame_id: base_link
name:
- joint_x
- joint_y
position:
- 0.027274999767541885
- 0.027274999767541885
velocity:
- -0.012500000186264515
- -0.012797619216144085
effort:
- .nan
- .nan
---
header:
  stamp:
    sec: 1791158612
    nanosec: 779585740
  frame_id: base_link
name:
- joint_x
- joint_y
position:
- 0.027006249874830246
- 0.027006249874830246
velocity:
- -0.013437500223517418
- -0.013437500223517418
effort:
- .nan
- .nan
---
header:
  stamp:
    sec: 1791158612
    nanosec: 799583834
  frame_id: base_link
name:
- joint_x
- joint_y
position:
- 0.026737499982118607
- 0.026737499982118607
velocity:
- -0.013437500223517418
- -0.013437500223517418
effort:
- .nan
- .nan
---
header:
  stamp:
    sec: 1791158612
    nanosec: 819590171
  frame_id: base_link
name:
- joint_x
- joint_y
position:
- 0.026462500914931297
- 0.026462500914931297
velocity:
- -0.013749999925494194
- -0.013749999925494194
effort:
- .nan
- .nan
---
header:
  stamp:
    sec: 1791158612
    nanosec: 839581182
  frame_id: base_link
name:
- joint_x
- joint_y
position:
- 0.02617499977350235
- 0.02618125081062317
velocity:
- -0.014375000260770321
- -0.01406249962747097
effort:
- .nan
- .nan
---
header:
  stamp:
    sec: 1791158612
    nanosec: 859584676
  frame_id: base_link
name:
- joint_x
- joint_y
position:
- 0.025881249457597733
- 0.02588750049471855
velocity:
- -0.014687499962747097
- -0.014687499962747097
effort:
- .nan
- .nan
---
header:
  stamp:
    sec: 1791158612
    nanosec: 879592472
  frame_id: base_link
name:
- joint_x
- joint_y
position:
- 0.02525625005364418
- 0.02526249922811985
velocity:
- -0.015312500298023224
- -0.015312500298023224
effort:
- .nan
- .nan
---
header:
  stamp:
    sec: 1791158612
    nanosec: 899544990
  frame_id: base_link
name:
- joint_x
- joint_y
position:
- 0.024937499314546585
- 0.024937499314546585
velocity:
- -0.015625
- -0.015937499701976776
effort:
- .nan
- .nan
---
header:
  stamp:
    sec: 1791158612
    nanosec: 919576999
  frame_id: base_link
name:
- joint_x
- joint_y
position:
- 0.02461249940097332
- 0.02461875043809414
velocity:
- -0.016249999403953552
- -0.016249999403953552
effort:
- .nan
- .nan
---
header:
  stamp:
    sec: 1791158612
    nanosec: 939578208
  frame_id: base_link
name:
- joint_x
- joint_y
position:
- 0.024268750101327896
- 0.024268750101327896
velocity:
- -0.01666666753590107
- -0.01666666753590107
effort:
- .nan
- .nan
---
header:
  stamp:
    sec: 1791158612
    nanosec: 959577789
  frame_id: base_link
name:
- joint_x
- joint_y
position:
- 0.023912500590085983
- 0.023912500590085983
velocity:
- -0.017812499776482582
- -0.017500000074505806
effort:
- .nan
- .nan
---
header:
  stamp:
    sec: 1791158612
    nanosec: 979576619
  frame_id: base_link
name:
- joint_x
- joint_y
position:
- 0.02356874942779541
- 0.02356874942779541
velocity:
- -0.01718750037252903
- -0.01718750037252903
effort:
- .nan
- .nan
---
header:
  stamp:
    sec: 1791158612
    nanosec: 999579895
  frame_id: base_link
name:
- joint_x
- joint_y
position:
- 0.023218749091029167
- 0.023218749091029167
velocity:
- -0.017500000074505806
- -0.017500000074505806
effort:
- .nan
- .nan
---
header:
  stamp:
    sec: 1791158613
    nanosec: 19578675
  frame_id: base_link
name:
- joint_x
- joint_y
position:
- 0.022862499579787254
- 0.022862499579787254
velocity:
- -0.017812499776482582
- -0.017812499776482582
effort:
- .nan
- .nan
---
header:
  stamp:
    sec: 1791158613
    nanosec: 39571266
  frame_id: base_link
name:
- joint_x
- joint_y
position:
- 0.02250000089406967
- 0.02250000089406967
velocity:
- -0.017812499776482582
- -0.018124999478459358
effort:
- .nan
- .nan
---
header:
  stamp:
    sec: 1791158613
    nanosec: 59571083
  frame_id: base_link
name:
- joint_x
- joint_y
position:
- 0.02211874909698963
- 0.02211874909698963
velocity:
- -0.01845238171517849
- -0.01845238171517849
effort:
- .nan
- .nan
---
header:
  stamp:
    sec: 1791158613
    nanosec: 79568847
  frame_id: base_link
name:
- joint_x
- joint_y
position:
- 0.0217250008136034
- 0.0217250008136034
velocity:
- -0.019687499850988388
- -0.019375000149011612
effort:
- .nan
- .nan
---
header:
  stamp:
    sec: 1791158613
    nanosec: 99574503
  frame_id: base_link
name:
- joint_x
- joint_y
position:
- 0.02135000005364418
- 0.02135000005364418
velocity:
- -0.018437499180436134
- -0.01875000074505806
effort:
- .nan
- .nan
---
header:
  stamp:
    sec: 1791158613
    nanosec: 119573050
  frame_id: base_link
name:
- joint_x
- joint_y
position:
- 0.020600000396370888
- 0.020600000396370888
velocity:
- -0.01875000074505806
- -0.01875000074505806
effort:
- .nan
- .nan
---
header:
  stamp:
    sec: 1791158613
    nanosec: 139569106
  frame_id: base_link
name:
- joint_x
- joint_y
position:
- 0.02018750086426735
- 0.02018750086426735
velocity:
- -0.020625000819563866
- -0.02031249925494194
effort:
- .nan
- .nan
---
header:
  stamp:
    sec: 1791158613
    nanosec: 159568958
  frame_id: base_link
name:
- joint_x
- joint_y
position:
- 0.01979375071823597
- 0.01979375071823597
velocity:
- -0.019375000149011612
- -0.019687499850988388
effort:
- .nan
- .nan
---
header:
  stamp:
    sec: 1791158613
    nanosec: 179570059
  frame_id: base_link
name:
- joint_x
- joint_y
position:
- 0.01940000057220459
- 0.01940000057220459
velocity:
- -0.019687499850988388
- -0.019687499850988388
effort:
- .nan
- .nan
---
header:
  stamp:
    sec: 1791158613
    nanosec: 199569797
  frame_id: base_link
name:
- joint_x
- joint_y
position:
- 0.01899999938905239
- 0.01900625042617321
velocity:
- -0.019999999552965164
- -0.019999999552965164
effort:
- .nan
- .nan
---
header:
  stamp:
    sec: 1791158613
    nanosec: 219580914
  frame_id: base_link
name:
- joint_x
- joint_y
position:
- 0.01860624924302101
- 0.01860624924302101
velocity:
- -0.019999999552965164
- -0.019999999552965164
effort:
- .nan
- .nan
---
header:
  stamp:
    sec: 1791158613
    nanosec: 239568568
  frame_id: base_link
name:
- joint_x
- joint_y
position:
- 0.018181249499320984
- 0.018181249499320984
velocity:
- -0.02023809589445591
- -0.02023809589445591
effort:
- .nan
- .nan
---
header:
  stamp:
    sec: 1791158613
    nanosec: 259578284
  frame_id: base_link
name:
- joint_x
- joint_y
position:
- 0.017756249755620956
- 0.017762500792741776
velocity:
- -0.021250000223517418
- -0.020937500521540642
effort:
- .nan
- .nan
---
header:
  stamp:
    sec: 1791158613
    nanosec: 279569972
  frame_id: base_link
name:
- joint_x
- joint_y
position:
- 0.017349999397993088
- 0.017349999397993088
velocity:
- -0.02031249925494194
- -0.020625000819563866
effort:
- .nan
- .nan
---
header:
  stamp:
    sec: 1791158613
    nanosec: 299575426
  frame_id: base_link
name:
- joint_x
- joint_y
position:
- 0.01694375090301037
- 0.01694375090301037
velocity:
- -0.02031249925494194
- -0.02031249925494194
effort:
- .nan
- .nan
---
header:
  stamp:
    sec: 1791158613
    nanosec: 319572085
  frame_id: base_link
name:
- joint_x
- joint_y
position:
- 0.01653124950826168
- 0.01653124950826168
velocity:
- -0.020625000819563866
- -0.020625000819563866
effort:
- .nan
- .nan
---
header:
  stamp:
    sec: 1791158613
    nanosec: 339576268
  frame_id: base_link
name:
- joint_x
- joint_y
position:
- 0.016118749976158142
- 0.016118749976158142
velocity:
- -0.020625000819563866
- -0.020625000819563866
effort:
- .nan
- .nan
---
header:
  stamp:
    sec: 1791158613
    nanosec: 359603468
  frame_id: base_link
name:
- joint_x
- joint_y
position:
- 0.015281249769032001
- 0.015281249769032001
velocity:
- -0.02031249925494194
- -0.019999999552965164
effort:
- .nan
- .nan
---
header:
  stamp:
    sec: 1791158613
    nanosec: 379586584
  frame_id: base_link
name:
- joint_x
- joint_y
position:
- 0.014868750236928463
- 0.014868750236928463
velocity:
- -0.020625000819563866
- -0.020625000819563866
effort:
- .nan
- .nan
---
header:
  stamp:
    sec: 1791158613
    nanosec: 399587119
  frame_id: base_link
name:
- joint_x
- joint_y
position:
- 0.01445624977350235
- 0.01445624977350235
velocity:
- -0.020625000819563866
- -0.020625000819563866
effort:
- .nan
- .nan
---
header:
  stamp:
    sec: 1791158613
    nanosec: 419603813
  frame_id: base_link
name:
- joint_x
- joint_y
position:
- 0.014024999924004078
- 0.014024999924004078
velocity:
- -0.02053571492433548
- -0.02083333395421505
effort:
- .nan
- .nan
---
header:
  stamp:
    sec: 1791158613
    nanosec: 439591857
  frame_id: base_link
name:
- joint_x
- joint_y
position:
- 0.013593750074505806
- 0.013593750074505806
velocity:
- -0.021562499925494194
- -0.021562499925494194
effort:
- .nan
- .nan
---
header:
  stamp:
    sec: 1791158613
    nanosec: 459606259
  frame_id: base_link
name:
- joint_x
- joint_y
position:
- 0.013181249611079693
- 0.013187499716877937
velocity:
- -0.020625000819563866
- -0.02031249925494194
effort:
- .nan
- .nan
---
header:
  stamp:
    sec: 1791158613
    nanosec: 479579256
  frame_id: base_link
name:
- joint_x
- joint_y
position:
- 0.012775000184774399
- 0.012775000184774399
velocity:
- -0.02031249925494194
- -0.020625000819563866
effort:
- .nan
- .nan
---
header:
  stamp:
    sec: 1791158613
    nanosec: 499576697
  frame_id: base_link
name:
- joint_x
- joint_y
position:
- 0.01236874982714653
- 0.01236874982714653
velocity:
- -0.02031249925494194
- -0.02031249925494194
effort:
- .nan
- .nan
---
header:
  stamp:
    sec: 1791158613
    nanosec: 519579642
  frame_id: base_link
name:
- joint_x
- joint_y
position:
- 0.011956250295042992
- 0.011962500400841236
velocity:
- -0.02031249925494194
- -0.019999999552965164
effort:
- .nan
- .nan
---
header:
  stamp:
    sec: 1791158613
    nanosec: 539571743
  frame_id: base_link
name:
- joint_x
- joint_y
position:
- 0.011537499725818634
- 0.011543749831616879
velocity:
- -0.02023809589445591
- -0.02023809589445591
effort:
- .nan
- .nan
---
header:
  stamp:
    sec: 1791158613
    nanosec: 559592740
  frame_id: base_link
name:
- joint_x
- joint_y
position:
- 0.011118750087916851
- 0.011118750087916851
velocity:
- -0.020937500521540642
- -0.021250000223517418
effort:
- .nan
- .nan
---
header:
  stamp:
    sec: 1791158613
    nanosec: 579577198
  frame_id: base_link
name:
- joint_x
- joint_y
position:
- 0.010724999941885471
- 0.010724999941885471
velocity:
- -0.019687499850988388
- -0.019687499850988388
effort:
- .nan
- .nan
---
header:
  stamp:
    sec: 1791158613
    nanosec: 599590664
  frame_id: base_link
name:
- joint_x
- joint_y
position:
- 0.009937499649822712
- 0.009937499649822712
velocity:
- -0.019687499850988388
- -0.019687499850988388
effort:
- .nan
- .nan
---
header:
  stamp:
    sec: 1791158613
    nanosec: 619596051
  frame_id: base_link
name:
- joint_x
- joint_y
position:
- 0.009531250223517418
- 0.009531250223517418
velocity:
- -0.02031249925494194
- -0.02031249925494194
effort:
- .nan
- .nan
---
header:
  stamp:
    sec: 1791158613
    nanosec: 639592765
  frame_id: base_link
name:
- joint_x
- joint_y
position:
- 0.009143750183284283
- 0.009150000289082527
velocity:
- -0.019375000149011612
- -0.019062500447034836
effort:
- .nan
- .nan
---
header:
  stamp:
    sec: 1791158613
    nanosec: 659607315
  frame_id: base_link
name:
- joint_x
- joint_y
position:
- 0.008768750354647636
- 0.008762500248849392
velocity:
- -0.01875000074505806
- -0.019062500447034836
effort:
- .nan
- .nan
---
header:
  stamp:
    sec: 1791158613
    nanosec: 679598156
  frame_id: base_link
name:
- joint_x
- joint_y
position:
- 0.008393749594688416
- 0.008387500420212746
velocity:
- -0.01875000074505806
- -0.01875000074505806
effort:
- .nan
- .nan
---
header:
  stamp:
    sec: 1791158613
    nanosec: 699571508
  frame_id: base_link
name:
- joint_x
- joint_y
position:
- 0.00801874976605177
- 0.00801874976605177
velocity:
- -0.01875000074505806
- -0.01875000074505806
effort:
- .nan
- .nan
---
header:
  stamp:
    sec: 1791158613
    nanosec: 719592794
  frame_id: base_link
name:
- joint_x
- joint_y
position:
- 0.007625000085681677
- 0.007631250191479921
velocity:
- -0.019375000149011612
- -0.019375000149011612
effort:
- .nan
- .nan
---
header:
  stamp:
    sec: 1791158613
    nanosec: 739585912
  frame_id: base_link
name:
- joint_x
- joint_y
position:
- 0.007262500002980232
- 0.007268750108778477
velocity:
- -0.018124999478459358
- -0.018124999478459358
effort:
- .nan
- .nan
---
header:
  stamp:
    sec: 1791158613
    nanosec: 759587816
  frame_id: base_link
name:
- joint_x
- joint_y
position:
- 0.006906250026077032
- 0.006906250026077032
velocity:
- -0.017812499776482582
- -0.018124999478459358
effort:
- .nan
- .nan
---
header:
  stamp:
    sec: 1791158613
    nanosec: 779608546
  frame_id: base_link
name:
- joint_x
- joint_y
position:
- 0.006556250154972076
- 0.006556250154972076
velocity:
- -0.017812499776482582
- -0.017500000074505806
effort:
- .nan
- .nan
---
header:
  stamp:
    sec: 1791158613
    nanosec: 799586876
  frame_id: base_link
name:
- joint_x
- joint_y
position:
- 0.006212499924004078
- 0.006212499924004078
velocity:
- -0.01718750037252903
- -0.01718750037252903
effort:
- .nan
- .nan
---
header:
  stamp:
    sec: 1791158613
    nanosec: 819583337
  frame_id: base_link
name:
- joint_x
- joint_y
position:
- 0.005531250033527613
- 0.005531250033527613
velocity:
- -0.01656249910593033
- -0.016249999403953552
effort:
- .nan
- .nan
---
header:
  stamp:
    sec: 1791158613
    nanosec: 839577621
  frame_id: base_link
name:
- joint_x
- joint_y
position:
- 0.005200000014156103
- 0.005206250119954348
velocity:
- -0.01656249910593033
- -0.016249999403953552
effort:
- .nan
- .nan
---
header:
  stamp:
    sec: 1791158613
    nanosec: 859591838
  frame_id: base_link
name:
- joint_x
- joint_y
position:
- 0.0048812502063810825
- 0.00488749984651804
velocity:
- -0.015937499701976776
- -0.015937499701976776
effort:
- .nan
- .nan
---
header:
  stamp:
    sec: 1791158613
    nanosec: 879632749
  frame_id: base_link
name:
- joint_x
- joint_y
position:
- 0.004575000144541264
- 0.004575000144541264
velocity:
- -0.015312500298023224
- -0.015625
effort:
- .nan
- .nan
---
header:
  stamp:
    sec: 1791158613
    nanosec: 899617159
  frame_id: base_link
name:
- joint_x
- joint_y
position:
- 0.0042500002309679985
- 0.0042500002309679985
velocity:
- -0.016249999403953552
- -0.015937499701976776
effort:
- .nan
- .nan
---
header:
  stamp:
    sec: 1791158613
    nanosec: 919583140
  frame_id: base_link
name:
- joint_x
- joint_y
position:
- 0.003956249915063381
- 0.003956249915063381
velocity:
- -0.014687499962747097
- -0.014999999664723873
effort:
- .nan
- .nan
---
header:
  stamp:
    sec: 1791158613
    nanosec: 939578570
  frame_id: base_link
name:
- joint_x
- joint_y
position:
- 0.003668749937787652
- 0.003668749937787652
velocity:
- -0.014375000260770321
- -0.014375000260770321
effort:
- .nan
- .nan
---
header:
  stamp:
    sec: 1791158613
    nanosec: 959577473
  frame_id: base_link
name:
- joint_x
- joint_y
position:
- 0.0033875000663101673
- 0.0033875000663101673
velocity:
- -0.01406249962747097
- -0.013749999925494194
effort:
- .nan
- .nan
---
header:
  stamp:
    sec: 1791158613
    nanosec: 979589932
  frame_id: base_link
name:
- joint_x
- joint_y
position:
- 0.0031187499407678843
- 0.0031187499407678843
velocity:
- -0.013437500223517418
- -0.013749999925494194
effort:
- .nan
- .nan
---
header:
  stamp:
    sec: 1791158613
    nanosec: 999582531
  frame_id: base_link
name:
- joint_x
- joint_y
position:
- 0.0028375000692903996
- 0.0028375000692903996
velocity:
- -0.013392857275903225
- -0.013392857275903225
effort:
- .nan
- .nan
---
header:
  stamp:
    sec: 1791158614
    nanosec: 19579501
  frame_id: base_link
name:
- joint_x
- joint_y
position:
- 0.002575000049546361
- 0.002575000049546361
velocity:
- -0.013124999590218067
- -0.013124999590218067
effort:
- .nan
- .nan
---
header:
  stamp:
    sec: 1791158614
    nanosec: 39585819
  frame_id: base_link
name:
- joint_x
- joint_y
position:
- 0.002331250114366412
- 0.002331250114366412
velocity:
- -0.012187499552965164
- -0.012187499552965164
effort:
- .nan
- .nan
---
header:
  stamp:
    sec: 1791158614
    nanosec: 59584980
  frame_id: base_link
name:
- joint_x
- joint_y
position:
- 0.0018749999580904841
- 0.0018749999580904841
velocity:
- -0.011250000447034836
- -0.011250000447034836
effort:
- .nan
- .nan
---
header:
  stamp:
    sec: 1791158614
    nanosec: 79583551
  frame_id: base_link
name:
- joint_x
- joint_y
position:
- 0.0016499999910593033
- 0.0016499999910593033
velocity:
- -0.011250000447034836
- -0.010937499813735485
effort:
- .nan
- .nan
---
header:
  stamp:
    sec: 1791158614
    nanosec: 99584553
  frame_id: base_link
name:
- joint_x
- joint_y
position:
- 0.001449999981559813
- 0.001449999981559813
velocity:
- -0.009999999776482582
- -0.009999999776482582
effort:
- .nan
- .nan
---
header:
  stamp:
    sec: 1791158614
    nanosec: 119580853
  frame_id: base_link
name:
- joint_x
- joint_y
position:
- 0.0012562499614432454
- 0.001262499950826168
velocity:
- -0.00937500037252903
- -0.009687500074505806
effort:
- .nan
- .nan
---
header:
  stamp:
    sec: 1791158614
    nanosec: 139579381
  frame_id: base_link
name:
- joint_x
- joint_y
position:
- 0.001075000036507845
- 0.0010812500258907676
velocity:
- -0.009062499739229679
- -0.009062499739229679
effort:
- .nan
- .nan
---
header:
  stamp:
    sec: 1791158614
    nanosec: 159581976
  frame_id: base_link
name:
- joint_x
- joint_y
position:
- 0.0009125000215135515
- 0.0009125000215135515
velocity:
- -0.008437500335276127
- -0.008437500335276127
effort:
- .nan
- .nan
---
header:
  stamp:
    sec: 1791158614
    nanosec: 179582117
  frame_id: base_link
name:
- joint_x
- joint_y
position:
- 0.0007437500171363354
- 0.0007437500171363354
velocity:
- -0.008437500335276127
- -0.008437500335276127
effort:
- .nan
- .nan
---
header:
  stamp:
    sec: 1791158614
    nanosec: 199597210
  frame_id: base_link
name:
- joint_x
- joint_y
position:
- 0.0005937499809078872
- 0.0006000000284984708
velocity:
- -0.0071875001303851604
- -0.0071875001303851604
effort:
- .nan
- .nan
---
header:
  stamp:
    sec: 1791158614
    nanosec: 219601990
  frame_id: base_link
name:
- joint_x
- joint_y
position:
- 0.0004625000001396984
- 0.0004625000001396984
velocity:
- -0.006874999962747097
- -0.006874999962747097
effort:
- .nan
- .nan
---
header:
  stamp:
    sec: 1791158614
    nanosec: 239590762
  frame_id: base_link
name:
- joint_x
- joint_y
position:
- 0.00034374999813735485
- 0.00034374999813735485
velocity:
- -0.005937499925494194
- -0.005937499925494194
effort:
- .nan
- .nan
---
header:
  stamp:
    sec: 1791158614
    nanosec: 259582496
  frame_id: base_link
name:
- joint_x
- joint_y
position:
- 0.00023750000400468707
- 0.00023750000400468707
velocity:
- -0.0053125000558793545
- -0.0053125000558793545
effort:
- .nan
- .nan
---
header:
  stamp:
    sec: 1791158614
    nanosec: 279591086
  frame_id: base_link
name:
- joint_x
- joint_y
position:
- 5.624999903375283e-05
- 5.624999903375283e-05
velocity:
- -0.004062499850988388
- -0.004062499850988388
effort:
- .nan
- .nan
---
header:
  stamp:
    sec: 1791158614
    nanosec: 299581206
  frame_id: base_link
name:
- joint_x
- joint_y
position:
- -1.249999968422344e-05
- -1.249999968422344e-05
velocity:
- -0.0034374999813735485
- -0.0034374999813735485
effort:
- .nan
- .nan
---
header:
  stamp:
    sec: 1791158614
    nanosec: 319576927
  frame_id: base_link
name:
- joint_x
- joint_y
position:
- -6.25000029685907e-05
- -6.25000029685907e-05
velocity:
- -0.0024999999441206455
- -0.0024999999441206455
effort:
- .nan
- .nan
---
header:
  stamp:
    sec: 1791158614
    nanosec: 339578728
  frame_id: base_link
name:
- joint_x
- joint_y
position:
- -0.0001062500014086254
- -0.0001062500014086254
velocity:
- -0.0020833334419876337
- -0.0020833334419876337
effort:
- .nan
- .nan
---
header:
  stamp:
    sec: 1791158614
    nanosec: 359578027
  frame_id: base_link
name:
- joint_x
- joint_y
position:
- -0.00013124999532010406
- -0.00013124999532010406
velocity:
- -0.0012499999720603228
- -0.0012499999720603228
effort:
- .nan
- .nan
---
header:
  stamp:
    sec: 1791158614
    nanosec: 379578992
  frame_id: base_link
name:
- joint_x
- joint_y
position:
- -0.00014375000318977982
- -0.00014375000318977982
velocity:
- -0.0006249999860301614
- -0.0006249999860301614
effort:
- .nan
- .nan
---
header:
  stamp:
    sec: 1791158614
    nanosec: 399548667
  frame_id: base_link
name:
- joint_x
- joint_y
position:
- -0.00013749999925494194
- -0.00013749999925494194
velocity:
- 0.0003124999930150807
- 0.0003124999930150807
effort:
- .nan
- .nan
---
header:
  stamp:
    sec: 1791158614
    nanosec: 419576257
  frame_id: base_link
name:
- joint_x
- joint_y
position:
- -0.00011249999806750566
- -0.00011249999806750566
velocity:
- 0.0012499999720603228
- 0.0012499999720603228
effort:
- .nan
- .nan
---
header:
  stamp:
    sec: 1791158614
    nanosec: 439581765
  frame_id: base_link
name:
- joint_x
- joint_y
position:
- -7.500000356230885e-05
- -7.500000356230885e-05
velocity:
- 0.0018749999580904841
- 0.0018749999580904841
effort:
- .nan
- .nan
---
header:
  stamp:
    sec: 1791158614
    nanosec: 459556397
  frame_id: base_link
name:
- joint_x
- joint_y
position:
- -6.24999984211172e-06
- -6.24999984211172e-06
velocity:
- 0.0034374999813735485
- 0.0034374999813735485
effort:
- .nan
- .nan
---
header:
  stamp:
    sec: 1791158614
    nanosec: 479575470
  frame_id: base_link
name:
- joint_x
- joint_y
position:
- 0.0
- 0.0
velocity:
- 0.0003124999930150807
- 0.0003124999930150807
effort:
- .nan
- .nan
---
header:
  stamp:
    sec: 1791158614
    nanosec: 499600214
  frame_id: base_link
name:
- joint_x
- joint_y
position:
- 0.0
- 0.0
velocity:
- 0.0
- 0.0
effort:
- .nan
- .nan
---
header:
  stamp:
    sec: 1791158614
    nanosec: 519576262
  frame_id: base_link
name:
- joint_x
- joint_y
position:
- 0.0
- 0.0
velocity:
- 0.0
- 0.0
effort:
- .nan
- .nan
---
header:
  stamp:
    sec: 1791158614
    nanosec: 539580400
  frame_id: base_link
name:
- joint_x
- joint_y
position:
- 0.0
- 0.0
velocity:
- 0.0
- 0.0
effort:
- .nan
- .nan
---
header:
  stamp:
    sec: 1791158614
    nanosec: 559583727
  frame_id: base_link
name:
- joint_x
- joint_y
position:
- 0.0
- 0.0
velocity:
- 0.0
- 0.0
effort:
- .nan
- .nan
---
header:
  stamp:
    sec: 1791158614
    nanosec: 579573902
  frame_id: base_link
name:
- joint_x
- joint_y
position:
- 0.0
- 0.0
velocity:
- 0.0
- 0.0
effort:
- .nan
- .nan
---
header:
  stamp:
    sec: 1791158614
    nanosec: 599593717
  frame_id: base_link
name:
- joint_x
- joint_y
position:
- 0.0
- 0.0
velocity:
- 0.0
- 0.0
effort:
- .nan
- .nan
---
