A message was lost!!!
	total count change:1
	total count: 1---
header:
  stamp:
    sec: 1791159831
    nanosec: 537850312
  frame_id: base_link
name:
- joint_x
- joint_y
position:
- 0.0
- 0.0
velocity:
- 0.0
- 0.0
effort:
- .nan
- .nan
---
header:
  stamp:
    sec: 1791159831
    nanosec: 557832853
  frame_id: base_link
name:
- joint_x
- joint_y
position:
- 0.0
- 0.0
velocity:
- 0.0
- 0.0
effort:
- .nan
- .nan
---
header:
  stamp:
    sec: 1791159831
    nanosec: 577842007
  frame_id: base_link
name:
- joint_x
- joint_y
position:
- 0.0
- 0.0
velocity:
- 0.0
- 0.0
effort:
- .nan
- .nan
---
header:
  stamp:
    sec: 1791159831
    nanosec: 597825945
  frame_id: base_link
name:
- joint_x
- joint_y
position:
- 0.0
- 0.0
velocity:
- 0.0
- 0.0
effort:
- .nan
- .nan
---
header:
  stamp:
    sec: 1791159831
    nanosec: 617839744
  frame_id: base_link
name:
- joint_x
- joint_y
position:
- 0.0
- 0.0
velocity:
- 0.0
- 0.0
effort:
- .nan
- .nan
---
header:
  stamp:
    sec: 1791159831
    nanosec: 637832687
  frame_id: base_link
name:
- joint_x
- joint_y
position:
- 0.0
- 0.0
velocity:
- 0.0
- 0.0
effort:
- .nan
- .nan
---
header:
  stamp:
    sec: 1791159831
    nanosec: 657829454
  frame_id: base_link
name:
- joint_x
- joint_y
position:
- 0.0
- 0.0
velocity:
- 0.0
- 0.0
effort:
- .nan
- .nan
---
header:
  stamp:
    sec: 1791159831
    nanosec: 677828595
  frame_id: base_link
name:
- joint_x
- joint_y
position:
- 0.0
- 0.0
velocity:
- 0.0
- 0.0
effort:
- .nan
- .nan
---
header:
  stamp:
    sec: 1791159831
    nanosec: 697843292
  frame_id: base_link
name:
- joint_x
- joint_y
position:
- 0.0
- 0.0
velocity:
- 0.0
- 0.0
effort:
- .nan
- .nan
---
header:
  stamp:
    sec: 1791159831
    nanosec: 717832010
  frame_id: base_link
name:
- joint_x
- joint_y
position:
- 0.0
- 0.0
velocity:
- 0.0
- 0.0
effort:
- .nan
- .nan
---
header:
  stamp:
    sec: 1791159831
    nanosec: 737832254
  frame_id: base_link
name:
- joint_x
- joint_y
position:
- 0.0
- 0.0
velocity:
- 0.0
- 0.0
effort:
- .nan
- .nan
---
header:
  stamp:
    sec: 1791159831
    nanosec: 757838025
  frame_id: base_link
name:
- joint_x
- joint_y
position:
- 0.0
- 0.0
velocity:
- 0.0
- 0.0
effort:
- .nan
- .nan
---
header:
  stamp:
    sec: 1791159831
    nanosec: 777836181
  frame_id: base_link
name:
- joint_x
- joint_y
position:
- 0.0
- 0.0
velocity:
- 0.0
- 0.0
effort:
- .nan
- .nan
---
header:
  stamp:
    sec: 1791159831
    nanosec: 797831548
  frame_id: base_link
name:
- joint_x
- joint_y
position:
- 0.0
- 0.0
velocity:
- 0.0
- 0.0
effort:
- .nan
- .nan
---
header:
  stamp:
    sec: 1791159831
    nanosec: 817829877
  frame_id: base_link
name:
- joint_x
- joint_y
position:
- 0.0
- 0.0
velocity:
- 0.0
- 0.0
effort:
- .nan
- .nan
---
header:
  stamp:
    sec: 1791159831
    nanosec: 837834224
  frame_id: base_link
name:
- joint_x
- joint_y
position:
- 0.0
- 0.0
velocity:
- 0.0
- 0.0
effort:
- .nan
- .nan
---
header:
  stamp:
    sec: 1791159831
    nanosec: 857842284
  frame_id: base_link
name:
- joint_x
- joint_y
position:
- 0.0
- 0.0
velocity:
- 0.0
- 0.0
effort:
- .nan
- .nan
---
header:
  stamp:
    sec: 1791159831
    nanosec: 877833850
  frame_id: base_link
name:
- joint_x
- joint_y
position:
- 0.0
- 0.0
velocity:
- 0.0
- 0.0
effort:
- .nan
- .nan
---
header:
  stamp:
    sec: 1791159831
    nanosec: 897831202
  frame_id: base_link
name:
- joint_x
- joint_y
position:
- 0.0
- 0.0
velocity:
- 0.0
- 0.0
effort:
- .nan
- .nan
---
header:
  stamp:
    sec: 1791159831
    nanosec: 917829671
  frame_id: base_link
name:
- joint_x
- joint_y
position:
- 0.0
- 0.0
velocity:
- 0.0
- 0.0
effort:
- .nan
- .nan
---
header:
  stamp:
    sec: 1791159831
    nanosec: 937841647
  frame_id: base_link
name:
- joint_x
- joint_y
position:
- 0.0
- 0.0
velocity:
- 0.0
- 0.0
effort:
- .nan
- .nan
---
header:
  stamp:
    sec: 1791159831
    nanosec: 957833561
  frame_id: base_link
name:
- joint_x
- joint_y
position:
- 0.0
- 0.0
velocity:
- 0.0
- 0.0
effort:
- .nan
- .nan
---
header:
  stamp:
    sec: 1791159831
    nanosec: 977831388
  frame_id: base_link
name:
- joint_x
- joint_y
position:
- 0.0
- 0.0
velocity:
- 0.0
- 0.0
effort:
- .nan
- .nan
---
header:
  stamp:
    sec: 1791159831
    nanosec: 997833107
  frame_id: base_link
name:
- joint_x
- joint_y
position:
- 0.0
- 0.0
velocity:
- 0.0
- 0.0
effort:
- .nan
- .nan
---
header:
  stamp:
    sec: 1791159832
    nanosec: 17889210
  frame_id: base_link
name:
- joint_x
- joint_y
position:
- 0.0
- 0.0
velocity:
- 0.0
- 0.0
effort:
- .nan
- .nan
---
header:
  stamp:
    sec: 1791159832
    nanosec: 37830949
  frame_id: base_link
name:
- joint_x
- joint_y
position:
- 0.0
- 0.0
velocity:
- 0.0
- 0.0
effort:
- .nan
- .nan
---
header:
  stamp:
    sec: 1791159832
    nanosec: 57834361
  frame_id: base_link
name:
- joint_x
- joint_y
position:
- 0.0
- 0.0
velocity:
- 0.0
- 0.0
effort:
- .nan
- .nan
---
header:
  stamp:
    sec: 1791159832
    nanosec: 77840411
  frame_id: base_link
name:
- joint_x
- joint_y
position:
- 0.0
- 0.0
velocity:
- 0.0
- 0.0
effort:
- .nan
- .nan
---
header:
  stamp:
    sec: 1791159832
    nanosec: 97829804
  frame_id: base_link
name:
- joint_x
- joint_y
position:
- 0.0
- 0.0
velocity:
- 0.0
- 0.0
effort:
- .nan
- .nan
---
header:
  stamp:
    sec: 1791159832
    nanosec: 117828535
  frame_id: base_link
name:
- joint_x
- joint_y
position:
- 0.0
- 0.0
velocity:
- 0.0
- 0.0
effort:
- .nan
- .nan
---
header:
  stamp:
    sec: 1791159832
    nanosec: 137829048
  frame_id: base_link
name:
- joint_x
- joint_y
position:
- 0.0
- 0.0
velocity:
- 0.0
- 0.0
effort:
- .nan
- .nan
---
header:
  stamp:
    sec: 1791159832
    nanosec: 157830430
  frame_id: base_link
name:
- joint_x
- joint_y
position:
- 0.0
- 0.0
velocity:
- 0.0
- 0.0
effort:
- .nan
- .nan
---
header:
  stamp:
    sec: 1791159832
    nanosec: 177831013
  frame_id: base_link
name:
- joint_x
- joint_y
position:
- 0.0
- 0.0
velocity:
- 0.0
- 0.0
effort:
- .nan
- .nan
---
header:
  stamp:
    sec: 1791159832
    nanosec: 197828402
  frame_id: base_link
name:
- joint_x
- joint_y
position:
- 0.0
- 0.0
velocity:
- 0.0
- 0.0
effort:
- .nan
- .nan
---
header:
  stamp:
    sec: 1791159832
    nanosec: 217838287
  frame_id: base_link
name:
- joint_x
- joint_y
position:
- 0.0
- 0.0
velocity:
- 0.0
- 0.0
effort:
- .nan
- .nan
---
header:
  stamp:
    sec: 1791159832
    nanosec: 237834765
  frame_id: base_link
name:
- joint_x
- joint_y
position:
- 0.0
- 0.0
velocity:
- 0.0
- 0.0
effort:
- .nan
- .nan
---
header:
  stamp:
    sec: 1791159832
    nanosec: 257829850
  frame_id: base_link
name:
- joint_x
- joint_y
position:
- 0.0
- 0.0
velocity:
- 0.0
- 0.0
effort:
- .nan
- .nan
---
header:
  stamp:
    sec: 1791159832
    nanosec: 277832149
  frame_id: base_link
name:
- joint_x
- joint_y
position:
- 0.0
- 0.0
velocity:
- 0.0
- 0.0
effort:
- .nan
- .nan
---
header:
  stamp:
    sec: 1791159832
    nanosec: 297824437
  frame_id: base_link
name:
- joint_x
- joint_y
position:
- 0.0
- 0.0
velocity:
- 0.0
- 0.0
effort:
- .nan
- .nan
---
header:
  stamp:
    sec: 1791159832
    nanosec: 317844241
  frame_id: base_link
name:
- joint_x
- joint_y
position:
- 0.0
- 0.0
velocity:
- 0.0
- 0.0
effort:
- .nan
- .nan
---
header:
  stamp:
    sec: 1791159832
    nanosec: 337868602
  frame_id: base_link
name:
- joint_x
- joint_y
position:
- 0.0
- 0.0
velocity:
- 0.0
- 0.0
effort:
- .nan
- .nan
---
header:
  stamp:
    sec: 1791159832
    nanosec: 357863019
  frame_id: base_link
name:
- joint_x
- joint_y
position:
- 0.0
- 0.0
velocity:
- 0.0
- 0.0
effort:
- .nan
- .nan
---
header:
  stamp:
    sec: 1791159832
    nanosec: 377834872
  frame_id: base_link
name:
- joint_x
- joint_y
position:
- 0.0
- 0.0
velocity:
- 0.0
- 0.0
effort:
- .nan
- .nan
---
header:
  stamp:
    sec: 1791159832
    nanosec: 397831368
  frame_id: base_link
name:
- joint_x
- joint_y
position:
- 0.0
- 0.0
velocity:
- 0.0
- 0.0
effort:
- .nan
- .nan
---
header:
  stamp:
    sec: 1791159832
    nanosec: 417831058
  frame_id: base_link
name:
- joint_x
- joint_y
position:
- 0.0
- 0.0
velocity:
- 0.0
- 0.0
effort:
- .nan
- .nan
---
header:
  stamp:
    sec: 1791159832
    nanosec: 437829030
  frame_id: base_link
name:
- joint_x
- joint_y
position:
- 0.0
- 0.0
velocity:
- 0.0
- 0.0
effort:
- .nan
- .nan
---
header:
  stamp:
    sec: 1791159832
    nanosec: 457841952
  frame_id: base_link
name:
- joint_x
- joint_y
position:
- 0.0
- 0.0
velocity:
- 0.0
- 0.0
effort:
- .nan
- .nan
---
header:
  stamp:
    sec: 1791159832
    nanosec: 477832361
  frame_id: base_link
name:
- joint_x
- joint_y
position:
- 0.0
- 0.0
velocity:
- 0.0
- 0.0
effort:
- .nan
- .nan
---
header:
  stamp:
    sec: 1791159832
    nanosec: 497838722
  frame_id: base_link
name:
- joint_x
- joint_y
position:
- 0.0
- 0.0
velocity:
- 0.0
- 0.0
effort:
- .nan
- .nan
---
header:
  stamp:
    sec: 1791159832
    nanosec: 517856748
  frame_id: base_link
name:
- joint_x
- joint_y
position:
- 0.0
- 0.0
velocity:
- 0.0
- 0.0
effort:
- .nan
- .nan
---
header:
  stamp:
    sec: 1791159832
    nanosec: 537842473
  frame_id: base_link
name:
- joint_x
- joint_y
position:
- 0.0
- 0.0
velocity:
- 0.0
- 0.0
effort:
- .nan
- .nan
---
header:
  stamp:
    sec: 1791159832
    nanosec: 557847414
  frame_id: base_link
name:
- joint_x
- joint_y
position:
- 0.0
- 0.0
velocity:
- 0.0
- 0.0
effort:
- .nan
- .nan
---
header:
  stamp:
    sec: 1791159832
    nanosec: 577852151
  frame_id: base_link
name:
- joint_x
- joint_y
position:
- 0.0
- 0.0
velocity:
- 0.0
- 0.0
effort:
- .nan
- .nan
---
header:
  stamp:
    sec: 1791159832
    nanosec: 597874579
  frame_id: base_link
name:
- joint_x
- joint_y
position:
- 0.0
- 0.0
velocity:
- 0.0
- 0.0
effort:
- .nan
- .nan
---
header:
  stamp:
    sec: 1791159832
    nanosec: 617844712
  frame_id: base_link
name:
- joint_x
- joint_y
position:
- 0.0
- 0.0
velocity:
- 0.0
- 0.0
effort:
- .nan
- .nan
---
header:
  stamp:
    sec: 1791159832
    nanosec: 637841765
  frame_id: base_link
name:
- joint_x
- joint_y
position:
- 0.0
- 0.0
velocity:
- 0.0
- 0.0
effort:
- .nan
- .nan
---
header:
  stamp:
    sec: 1791159832
    nanosec: 657855174
  frame_id: base_link
name:
- joint_x
- joint_y
position:
- 0.0
- 0.0
velocity:
- 0.0
- 0.0
effort:
- .nan
- .nan
---
header:
  stamp:
    sec: 1791159832
    nanosec: 677841895
  frame_id: base_link
name:
- joint_x
- joint_y
position:
- 0.0
- 0.0
velocity:
- 0.0
- 0.0
effort:
- .nan
- .nan
---
header:
  stamp:
    sec: 1791159832
    nanosec: 697848942
  frame_id: base_link
name:
- joint_x
- joint_y
position:
- 0.0
- 0.0
velocity:
- 0.0
- 0.0
effort:
- .nan
- .nan
---
header:
  stamp:
    sec: 1791159832
    nanosec: 717847832
  frame_id: base_link
name:
- joint_x
- joint_y
position:
- 0.0
- 0.0
velocity:
- 0.0
- 0.0
effort:
- .nan
- .nan
---
header:
  stamp:
    sec: 1791159832
    nanosec: 737861695
  frame_id: base_link
name:
- joint_x
- joint_y
position:
- 0.0
- 0.0
velocity:
- 0.0
- 0.0
effort:
- .nan
- .nan
---
header:
  stamp:
    sec: 1791159832
    nanosec: 757862149
  frame_id: base_link
name:
- joint_x
- joint_y
position:
- 0.0
- 0.0
velocity:
- 0.0
- 0.0
effort:
- .nan
- .nan
---
header:
  stamp:
    sec: 1791159832
    nanosec: 777876556
  frame_id: base_link
name:
- joint_x
- joint_y
position:
- 0.0
- 0.0
velocity:
- 0.0
- 0.0
effort:
- .nan
- .nan
---
header:
  stamp:
    sec: 1791159832
    nanosec: 797865847
  frame_id: base_link
name:
- joint_x
- joint_y
position:
- 0.0
- 0.0
velocity:
- 0.0
- 0.0
effort:
- .nan
- .nan
---
header:
  stamp:
    sec: 1791159832
    nanosec: 817860011
  frame_id: base_link
name:
- joint_x
- joint_y
position:
- 0.0
- 0.0
velocity:
- 0.0
- 0.0
effort:
- .nan
- .nan
---
header:
  stamp:
    sec: 1791159832
    nanosec: 837866559
  frame_id: base_link
name:
- joint_x
- joint_y
position:
- 0.0
- 0.0
velocity:
- 0.0
- 0.0
effort:
- .nan
- .nan
---
header:
  stamp:
    sec: 1791159832
    nanosec: 857863881
  frame_id: base_link
name:
- joint_x
- joint_y
position:
- 0.0
- 0.0
velocity:
- 0.0
- 0.0
effort:
- .nan
- .nan
---
header:
  stamp:
    sec: 1791159832
    nanosec: 877859218
  frame_id: base_link
name:
- joint_x
- joint_y
position:
- 0.0
- 0.0
velocity:
- 0.0
- 0.0
effort:
- .nan
- .nan
---
header:
  stamp:
    sec: 1791159832
    nanosec: 897866203
  frame_id: base_link
name:
- joint_x
- joint_y
position:
- 0.0
- 0.0
velocity:
- 0.0
- 0.0
effort:
- .nan
- .nan
---
header:
  stamp:
    sec: 1791159832
    nanosec: 917852050
  frame_id: base_link
name:
- joint_x
- joint_y
position:
- 0.0
- 0.0
velocity:
- 0.0
- 0.0
effort:
- .nan
- .nan
---
header:
  stamp:
    sec: 1791159832
    nanosec: 937852510
  frame_id: base_link
name:
- joint_x
- joint_y
position:
- 0.0
- 0.0
velocity:
- 0.0
- 0.0
effort:
- .nan
- .nan
---
header:
  stamp:
    sec: 1791159832
    nanosec: 957856022
  frame_id: base_link
name:
- joint_x
- joint_y
position:
- 0.0
- 0.0
velocity:
- 0.0
- 0.0
effort:
- .nan
- .nan
---
header:
  stamp:
    sec: 1791159832
    nanosec: 977848233
  frame_id: base_link
name:
- joint_x
- joint_y
position:
- 0.0
- 0.0
velocity:
- 0.0
- 0.0
effort:
- .nan
- .nan
---
header:
  stamp:
    sec: 1791159832
    nanosec: 997843823
  frame_id: base_link
name:
- joint_x
- joint_y
position:
- 0.0
- 0.0
velocity:
- 0.0
- 0.0
effort:
- .nan
- .nan
---
header:
  stamp:
    sec: 1791159833
    nanosec: 17853255
  frame_id: base_link
name:
- joint_x
- joint_y
position:
- 0.0
- 0.0
velocity:
- 0.0
- 0.0
effort:
- .nan
- .nan
---
header:
  stamp:
    sec: 1791159833
    nanosec: 37864070
  frame_id: base_link
name:
- joint_x
- joint_y
position:
- 0.0
- 0.0
velocity:
- 0.0
- 0.0
effort:
- .nan
- .nan
---
header:
  stamp:
    sec: 1791159833
    nanosec: 57859069
  frame_id: base_link
name:
- joint_x
- joint_y
position:
- 0.0
- 0.0
velocity:
- 0.0
- 0.0
effort:
- .nan
- .nan
---
header:
  stamp:
    sec: 1791159833
    nanosec: 77844024
  frame_id: base_link
name:
- joint_x
- joint_y
position:
- 0.0
- 0.0
velocity:
- 0.0
- 0.0
effort:
- .nan
- .nan
---
header:
  stamp:
    sec: 1791159833
    nanosec: 97834633
  frame_id: base_link
name:
- joint_x
- joint_y
position:
- 0.0
- 0.0
velocity:
- 0.0
- 0.0
effort:
- .nan
- .nan
---
header:
  stamp:
    sec: 1791159833
    nanosec: 127651861
  frame_id: base_link
name:
- joint_x
- joint_y
position:
- 0.0
- 0.0
velocity:
- 0.0
- 0.0
effort:
- .nan
- .nan
---
header:
  stamp:
    sec: 1791159833
    nanosec: 137812547
  frame_id: base_link
name:
- joint_x
- joint_y
position:
- 0.0
- 0.0
velocity:
- 0.0
- 0.0
effort:
- .nan
- .nan
---
header:
  stamp:
    sec: 1791159833
    nanosec: 158878449
  frame_id: base_link
name:
- joint_x
- joint_y
position:
- 0.0
- 0.0
velocity:
- 0.0
- 0.0
effort:
- .nan
- .nan
---
header:
  stamp:
    sec: 1791159833
    nanosec: 177829119
  frame_id: base_link
name:
- joint_x
- joint_y
position:
- 0.0
- 0.0
velocity:
- 0.0
- 0.0
effort:
- .nan
- .nan
---
header:
  stamp:
    sec: 1791159833
    nanosec: 197843127
  frame_id: base_link
name:
- joint_x
- joint_y
position:
- 0.0
- 0.0
velocity:
- 0.0
- 0.0
effort:
- .nan
- .nan
---
header:
  stamp:
    sec: 1791159833
    nanosec: 217874161
  frame_id: base_link
name:
- joint_x
- joint_y
position:
- 0.0
- 0.0
velocity:
- 0.0
- 0.0
effort:
- .nan
- .nan
---
header:
  stamp:
    sec: 1791159833
    nanosec: 237879763
  frame_id: base_link
name:
- joint_x
- joint_y
position:
- 0.0
- 0.0
velocity:
- 0.0
- 0.0
effort:
- .nan
- .nan
---
header:
  stamp:
    sec: 1791159833
    nanosec: 257914333
  frame_id: base_link
name:
- joint_x
- joint_y
position:
- 0.0
- 0.0
velocity:
- 0.0
- 0.0
effort:
- .nan
- .nan
---
header:
  stamp:
    sec: 1791159833
    nanosec: 277846810
  frame_id: base_link
name:
- joint_x
- joint_y
position:
- 0.0
- 0.0
velocity:
- 0.0
- 0.0
effort:
- .nan
- .nan
---
header:
  stamp:
    sec: 1791159833
    nanosec: 300852038
  frame_id: base_link
name:
- joint_x
- joint_y
position:
- 0.0
- 0.0
velocity:
- 0.0
- 0.0
effort:
- .nan
- .nan
---
header:
  stamp:
    sec: 1791159833
    nanosec: 317841203
  frame_id: base_link
name:
- joint_x
- joint_y
position:
- 0.0
- 0.0
velocity:
- 0.0
- 0.0
effort:
- .nan
- .nan
---
header:
  stamp:
    sec: 1791159833
    nanosec: 337877129
  frame_id: base_link
name:
- joint_x
- joint_y
position:
- 0.0
- 0.0
velocity:
- 0.0
- 0.0
effort:
- .nan
- .nan
---
header:
  stamp:
    sec: 1791159833
    nanosec: 357852690
  frame_id: base_link
name:
- joint_x
- joint_y
position:
- 0.0
- 0.0
velocity:
- 0.0
- 0.0
effort:
- .nan
- .nan
---
header:
  stamp:
    sec: 1791159833
    nanosec: 377833560
  frame_id: base_link
name:
- joint_x
- joint_y
position:
- 0.0
- 0.0
velocity:
- 0.0
- 0.0
effort:
- .nan
- .nan
---
header:
  stamp:
    sec: 1791159833
    nanosec: 397844232
  frame_id: base_link
name:
- joint_x
- joint_y
position:
- 0.0
- 0.0
velocity:
- 0.0
- 0.0
effort:
- .nan
- .nan
---
header:
  stamp:
    sec: 1791159833
    nanosec: 417913893
  frame_id: base_link
name:
- joint_x
- joint_y
position:
- 0.0
- 0.0
velocity:
- 0.0
- 0.0
effort:
- .nan
- .nan
---
header:
  stamp:
    sec: 1791159833
    nanosec: 437950389
  frame_id: base_link
name:
- joint_x
- joint_y
position:
- 0.0
- 0.0
velocity:
- 0.0
- 0.0
effort:
- .nan
- .nan
---
header:
  stamp:
    sec: 1791159833
    nanosec: 457859493
  frame_id: base_link
name:
- joint_x
- joint_y
position:
- 0.0
- 0.0
velocity:
- 0.0
- 0.0
effort:
- .nan
- .nan
---
header:
  stamp:
    sec: 1791159833
    nanosec: 477860407
  frame_id: base_link
name:
- joint_x
- joint_y
position:
- 0.0
- 0.0
velocity:
- 0.0
- 0.0
effort:
- .nan
- .nan
---
header:
  stamp:
    sec: 1791159833
    nanosec: 497854278
  frame_id: base_link
name:
- joint_x
- joint_y
position:
- 6.24999984211172e-06
- 6.24999984211172e-06
velocity:
- 0.0003124999930150807
- 0.0003124999930150807
effort:
- .nan
- .nan
---
header:
  stamp:
    sec: 1791159833
    nanosec: 517838598
  frame_id: base_link
name:
- joint_x
- joint_y
position:
- 3.125000148429535e-05
- 3.125000148429535e-05
velocity:
- 0.0011904762359336019
- 0.0011904762359336019
effort:
- .nan
- .nan
---
header:
  stamp:
    sec: 1791159833
    nanosec: 537848090
  frame_id: base_link
name:
- joint_x
- joint_y
position:
- 7.500000356230885e-05
- 7.500000356230885e-05
velocity:
- 0.0021875000093132257
- 0.0021875000093132257
effort:
- .nan
- .nan
---
header:
  stamp:
    sec: 1791159833
    nanosec: 557828591
  frame_id: base_link
name:
- joint_x
- joint_y
position:
- 0.00013124999532010406
- 0.00013124999532010406
velocity:
- 0.002812500111758709
- 0.002812500111758709
effort:
- .nan
- .nan
---
header:
  stamp:
    sec: 1791159833
    nanosec: 577850327
  frame_id: base_link
name:
- joint_x
- joint_y
position:
- 0.0002062499988824129
- 0.0002062499988824129
velocity:
- 0.0037499999161809683
- 0.0037499999161809683
effort:
- .nan
- .nan
---
header:
  stamp:
    sec: 1791159833
    nanosec: 597829627
  frame_id: base_link
name:
- joint_x
- joint_y
position:
- 0.0002937499957624823
- 0.0002937499957624823
velocity:
- 0.0043750000186264515
- 0.0043750000186264515
effort:
- .nan
- .nan
---
header:
  stamp:
    sec: 1791159833
    nanosec: 617827520
  frame_id: base_link
name:
- joint_x
- joint_y
position:
- 0.0003937500005122274
- 0.0003937500005122274
velocity:
- 0.004999999888241291
- 0.004999999888241291
effort:
- .nan
- .nan
---
header:
  stamp:
    sec: 1791159833
    nanosec: 637836167
  frame_id: base_link
name:
- joint_x
- joint_y
position:
- 0.0005187499918974936
- 0.0005187499918974936
velocity:
- 0.0062500000931322575
- 0.0062500000931322575
effort:
- .nan
- .nan
---
header:
  stamp:
    sec: 1791159833
    nanosec: 657838080
  frame_id: base_link
name:
- joint_x
- joint_y
position:
- 0.0007875000010244548
- 0.0007875000010244548
velocity:
- 0.0071875001303851604
- 0.0071875001303851604
effort:
- .nan
- .nan
---
header:
  stamp:
    sec: 1791159833
    nanosec: 677833693
  frame_id: base_link
name:
- joint_x
- joint_y
position:
- 0.0009437500266358256
- 0.0009437500266358256
velocity:
- 0.007499999832361937
- 0.007499999832361937
effort:
- .nan
- .nan
---
header:
  stamp:
    sec: 1791159833
    nanosec: 697833585
  frame_id: base_link
name:
- joint_x
- joint_y
position:
- 0.0011187499621883035
- 0.0011187499621883035
velocity:
- 0.008750000037252903
- 0.009062499739229679
effort:
- .nan
- .nan
---
header:
  stamp:
    sec: 1791159833
    nanosec: 717906874
  frame_id: base_link
name:
- joint_x
- joint_y
position:
- 0.0012937500141561031
- 0.0012937500141561031
velocity:
- 0.009062499739229679
- 0.008750000037252903
effort:
- .nan
- .nan
---
header:
  stamp:
    sec: 1791159833
    nanosec: 737836827
  frame_id: base_link
name:
- joint_x
- joint_y
position:
- 0.0014875000342726707
- 0.0014875000342726707
velocity:
- 0.00937500037252903
- 0.009687500074505806
effort:
- .nan
- .nan
---
header:
  stamp:
    sec: 1791159833
    nanosec: 757833138
  frame_id: base_link
name:
- joint_x
- joint_y
position:
- 0.001687500043772161
- 0.001687500043772161
velocity:
- 0.009999999776482582
- 0.009687500074505806
effort:
- .nan
- .nan
---
header:
  stamp:
    sec: 1791159833
    nanosec: 777835524
  frame_id: base_link
name:
- joint_x
- joint_y
position:
- 0.001893750042654574
- 0.001893750042654574
velocity:
- 0.010625000111758709
- 0.010625000111758709
effort:
- .nan
- .nan
---
header:
  stamp:
    sec: 1791159833
    nanosec: 797836826
  frame_id: base_link
name:
- joint_x
- joint_y
position:
- 0.0021312499884516
- 0.0021250001154839993
velocity:
- 0.011309524066746235
- 0.011011905036866665
effort:
- .nan
- .nan
---
header:
  stamp:
    sec: 1791159833
    nanosec: 817840700
  frame_id: base_link
name:
- joint_x
- joint_y
position:
- 0.002374999923631549
- 0.002368750050663948
velocity:
- 0.012187499552965164
- 0.012187499552965164
effort:
- .nan
- .nan
---
header:
  stamp:
    sec: 1791159833
    nanosec: 837802484
  frame_id: base_link
name:
- joint_x
- joint_y
position:
- 0.00286250002682209
- 0.0028562499210238457
velocity:
- 0.012812499888241291
- 0.012187499552965164
effort:
- .nan
- .nan
---
header:
  stamp:
    sec: 1791159833
    nanosec: 857845580
  frame_id: base_link
name:
- joint_x
- joint_y
position:
- 0.0031187499407678843
- 0.0031187499407678843
velocity:
- 0.012812499888241291
- 0.013124999590218067
effort:
- .nan
- .nan
---
header:
  stamp:
    sec: 1791159833
    nanosec: 877839477
  frame_id: base_link
name:
- joint_x
- joint_y
position:
- 0.0034000000450760126
- 0.0034000000450760126
velocity:
- 0.01406249962747097
- 0.01406249962747097
effort:
- .nan
- .nan
---
header:
  stamp:
    sec: 1791159833
    nanosec: 897843478
  frame_id: base_link
name:
- joint_x
- joint_y
position:
- 0.0036750000435858965
- 0.0036750000435858965
velocity:
- 0.013749999925494194
- 0.013749999925494194
effort:
- .nan
- .nan
---
header:
  stamp:
    sec: 1791159833
    nanosec: 917840507
  frame_id: base_link
name:
- joint_x
- joint_y
position:
- 0.003956249915063381
- 0.003956249915063381
velocity:
- 0.01406249962747097
- 0.01406249962747097
effort:
- .nan
- .nan
---
header:
  stamp:
    sec: 1791159833
    nanosec: 937846453
  frame_id: base_link
name:
- joint_x
- joint_y
position:
- 0.0042500002309679985
- 0.0042500002309679985
velocity:
- 0.014687499962747097
- 0.014687499962747097
effort:
- .nan
- .nan
---
header:
  stamp:
    sec: 1791159833
    nanosec: 957840369
  frame_id: base_link
name:
- joint_x
- joint_y
position:
- 0.004550000187009573
- 0.004550000187009573
velocity:
- 0.014999999664723873
- 0.014999999664723873
effort:
- .nan
- .nan
---
header:
  stamp:
    sec: 1791159833
    nanosec: 977838384
  frame_id: base_link
name:
- joint_x
- joint_y
position:
- 0.004875000100582838
- 0.004875000100582838
velocity:
- 0.015937499701976776
- 0.015937499701976776
effort:
- .nan
- .nan
---
header:
  stamp:
    sec: 1791159833
    nanosec: 997842034
  frame_id: base_link
name:
- joint_x
- joint_y
position:
- 0.005187499802559614
- 0.005187499802559614
velocity:
- 0.015625
- 0.015625
effort:
- .nan
- .nan
---
header:
  stamp:
    sec: 1791159834
    nanosec: 17817460
  frame_id: base_link
name:
- joint_x
- joint_y
position:
- 0.005824999883770943
- 0.005824999883770943
velocity:
- 0.016249999403953552
- 0.016249999403953552
effort:
- .nan
- .nan
---
header:
  stamp:
    sec: 1791159834
    nanosec: 37844021
  frame_id: base_link
name:
- joint_x
- joint_y
position:
- 0.006181249860674143
- 0.006181249860674143
velocity:
- 0.017500000074505806
- 0.017500000074505806
effort:
- .nan
- .nan
---
header:
  stamp:
    sec: 1791159834
    nanosec: 57835102
  frame_id: base_link
name:
- joint_x
- joint_y
position:
- 0.006518749985843897
- 0.006518749985843897
velocity:
- 0.01718750037252903
- 0.01718750037252903
effort:
- .nan
- .nan
---
header:
  stamp:
    sec: 1791159834
    nanosec: 77839256
  frame_id: base_link
name:
- joint_x
- joint_y
position:
- 0.006862500216811895
- 0.006862500216811895
velocity:
- 0.01718750037252903
- 0.01718750037252903
effort:
- .nan
- .nan
---
header:
  stamp:
    sec: 1791159834
    nanosec: 97837621
  frame_id: base_link
name:
- joint_x
- joint_y
position:
- 0.007212500087916851
- 0.007212500087916851
velocity:
- 0.017500000074505806
- 0.017500000074505806
effort:
- .nan
- .nan
---
header:
  stamp:
    sec: 1791159834
    nanosec: 117833807
  frame_id: base_link
name:
- joint_x
- joint_y
position:
- 0.007568750064820051
- 0.007568750064820051
velocity:
- 0.017812499776482582
- 0.017500000074505806
effort:
- .nan
- .nan
---
header:
  stamp:
    sec: 1791159834
    nanosec: 138038857
  frame_id: base_link
name:
- joint_x
- joint_y
position:
- 0.00795000046491623
- 0.007943750359117985
velocity:
- 0.01815476268529892
- 0.01815476268529892
effort:
- .nan
- .nan
---
header:
  stamp:
    sec: 1791159834
    nanosec: 157833289
  frame_id: base_link
name:
- joint_x
- joint_y
position:
- 0.00833125039935112
- 0.00833125039935112
velocity:
- 0.019062500447034836
- 0.019375000149011612
effort:
- .nan
- .nan
---
header:
  stamp:
    sec: 1791159834
    nanosec: 177851841
  frame_id: base_link
name:
- joint_x
- joint_y
position:
- 0.008700000122189522
- 0.008700000122189522
velocity:
- 0.018437499180436134
- 0.018437499180436134
effort:
- .nan
- .nan
---
header:
  stamp:
    sec: 1791159834
    nanosec: 197868188
  frame_id: base_link
name:
- joint_x
- joint_y
position:
- 0.009068749845027924
- 0.009068749845027924
velocity:
- 0.018437499180436134
- 0.018437499180436134
effort:
- .nan
- .nan
---
header:
  stamp:
    sec: 1791159834
    nanosec: 217871750
  frame_id: base_link
name:
- joint_x
- joint_y
position:
- 0.009868750348687172
- 0.009868750348687172
velocity:
- 0.019999999552965164
- 0.019999999552965164
effort:
- .nan
- .nan
---
header:
  stamp:
    sec: 1791159834
    nanosec: 237902868
  frame_id: base_link
name:
- joint_x
- joint_y
position:
- 0.010250000283122063
- 0.010250000283122063
velocity:
- 0.019375000149011612
- 0.019375000149011612
effort:
- .nan
- .nan
---
header:
  stamp:
    sec: 1791159834
    nanosec: 257881009
  frame_id: base_link
name:
- joint_x
- joint_y
position:
- 0.010637500323355198
- 0.010637500323355198
velocity:
- 0.019375000149011612
- 0.019375000149011612
effort:
- .nan
- .nan
---
header:
  stamp:
    sec: 1791159834
    nanosec: 277875579
  frame_id: base_link
name:
- joint_x
- joint_y
position:
- 0.011031249538064003
- 0.011031249538064003
velocity:
- 0.019375000149011612
- 0.019375000149011612
effort:
- .nan
- .nan
---
header:
  stamp:
    sec: 1791159834
    nanosec: 297889272
  frame_id: base_link
name:
- joint_x
- joint_y
position:
- 0.011424999684095383
- 0.011424999684095383
velocity:
- 0.019687499850988388
- 0.019999999552965164
effort:
- .nan
- .nan
---
header:
  stamp:
    sec: 1791159834
    nanosec: 317852023
  frame_id: base_link
name:
- joint_x
- joint_y
position:
- 0.011837500147521496
- 0.011837500147521496
velocity:
- 0.01994047686457634
- 0.01964285783469677
effort:
- .nan
- .nan
---
header:
  stamp:
    sec: 1791159834
    nanosec: 337856143
  frame_id: base_link
name:
- joint_x
- joint_y
position:
- 0.012262499891221523
- 0.012256249785423279
velocity:
- 0.020937500521540642
- 0.020937500521540642
effort:
- .nan
- .nan
---
header:
  stamp:
    sec: 1791159834
    nanosec: 357865502
  frame_id: base_link
name:
- joint_x
- joint_y
position:
- 0.012656250037252903
- 0.012656250037252903
velocity:
- 0.019999999552965164
- 0.019687499850988388
effort:
- .nan
- .nan
---
header:
  stamp:
    sec: 1791159834
    nanosec: 377866484
  frame_id: base_link
name:
- joint_x
- joint_y
position:
- 0.013056250289082527
- 0.013056250289082527
velocity:
- 0.019999999552965164
- 0.02031249925494194
effort:
- .nan
- .nan
---
header:
  stamp:
    sec: 1791159834
    nanosec: 397864342
  frame_id: base_link
name:
- joint_x
- joint_y
position:
- 0.013456249609589577
- 0.013456249609589577
velocity:
- 0.019999999552965164
- 0.019999999552965164
effort:
- .nan
- .nan
---
header:
  stamp:
    sec: 1791159834
    nanosec: 417855390
  frame_id: base_link
name:
- joint_x
- joint_y
position:
- 0.014281249605119228
- 0.014281249605119228
velocity:
- 0.02031249925494194
- 0.019999999552965164
effort:
- .nan
- .nan
---
header:
  stamp:
    sec: 1791159834
    nanosec: 437851493
  frame_id: base_link
name:
- joint_x
- joint_y
position:
- 0.014681249856948853
- 0.014687499962747097
velocity:
- 0.019999999552965164
- 0.02031249925494194
effort:
- .nan
- .nan
---
header:
  stamp:
    sec: 1791159834
    nanosec: 457843541
  frame_id: base_link
name:
- joint_x
- joint_y
position:
- 0.015087500214576721
- 0.015087500214576721
velocity:
- 0.02031249925494194
- 0.02031249925494194
effort:
- .nan
- .nan
---
header:
  stamp:
    sec: 1791159834
    nanosec: 477858558
  frame_id: base_link
name:
- joint_x
- joint_y
position:
- 0.015493749640882015
- 0.01548749953508377
velocity:
- 0.02031249925494194
- 0.019999999552965164
effort:
- .nan
- .nan
---
header:
  stamp:
    sec: 1791159834
    nanosec: 497850539
  frame_id: base_link
name:
- joint_x
- joint_y
position:
- 0.015918750315904617
- 0.015918750315904617
velocity:
- 0.020937500521540642
- 0.021250000223517418
effort:
- .nan
- .nan
---
header:
  stamp:
    sec: 1791159834
    nanosec: 517849139
  frame_id: base_link
name:
- joint_x
- joint_y
position:
- 0.016318749636411667
- 0.016318749636411667
velocity:
- 0.02031249925494194
- 0.019999999552965164
effort:
- .nan
- .nan
---
header:
  stamp:
    sec: 1791159834
    nanosec: 537855254
  frame_id: base_link
name:
- joint_x
- joint_y
position:
- 0.016724999994039536
- 0.016724999994039536
velocity:
- 0.019999999552965164
- 0.02031249925494194
effort:
- .nan
- .nan
---
header:
  stamp:
    sec: 1791159834
    nanosec: 557853692
  frame_id: base_link
name:
- joint_x
- joint_y
position:
- 0.017124999314546585
- 0.017124999314546585
velocity:
- 0.019999999552965164
- 0.019999999552965164
effort:
- .nan
- .nan
---
header:
  stamp:
    sec: 1791159834
    nanosec: 577857321
  frame_id: base_link
name:
- joint_x
- joint_y
position:
- 0.017937500029802322
- 0.017937500029802322
velocity:
- 0.020625000819563866
- 0.020625000819563866
effort:
- .nan
- .nan
---
header:
  stamp:
    sec: 1791159834
    nanosec: 597841992
  frame_id: base_link
name:
- joint_x
- joint_y
position:
- 0.018331250175833702
- 0.018331250175833702
velocity:
- 0.019999999552965164
- 0.019999999552965164
effort:
- .nan
- .nan
---
header:
  stamp:
    sec: 1791159834
    nanosec: 617857301
  frame_id: base_link
name:
- joint_x
- joint_y
position:
- 0.018725000321865082
- 0.018725000321865082
velocity:
- 0.019687499850988388
- 0.019687499850988388
effort:
- .nan
- .nan
---
header:
  stamp:
    sec: 1791159834
    nanosec: 637844752
  frame_id: base_link
name:
- joint_x
- joint_y
position:
- 0.01911875046789646
- 0.01911875046789646
velocity:
- 0.019687499850988388
- 0.019687499850988388
effort:
- .nan
- .nan
---
header:
  stamp:
    sec: 1791159834
    nanosec: 657843079
  frame_id: base_link
name:
- joint_x
- joint_y
position:
- 0.01953125
- 0.01952500082552433
velocity:
- 0.01964285783469677
- 0.0193452388048172
effort:
- .nan
- .nan
---
header:
  stamp:
    sec: 1791159834
    nanosec: 677867676
  frame_id: base_link
name:
- joint_x
- joint_y
position:
- 0.01993750035762787
- 0.01993750035762787
velocity:
- 0.019999999552965164
- 0.02031249925494194
effort:
- .nan
- .nan
---
header:
  stamp:
    sec: 1791159834
    nanosec: 697852623
  frame_id: base_link
name:
- joint_x
- joint_y
position:
- 0.02031875029206276
- 0.02031875029206276
velocity:
- 0.019375000149011612
- 0.019062500447034836
effort:
- .nan
- .nan
---
header:
  stamp:
    sec: 1791159834
    nanosec: 717818618
  frame_id: base_link
name:
- joint_x
- joint_y
position:
- 0.02069374918937683
- 0.02070000022649765
velocity:
- 0.01875000074505806
- 0.019062500447034836
effort:
- .nan
- .nan
---
header:
  stamp:
    sec: 1791159834
    nanosec: 737842565
  frame_id: base_link
name:
- joint_x
- joint_y
position:
- 0.021074999123811722
- 0.021068749949336052
velocity:
- 0.019062500447034836
- 0.01875000074505806
effort:
- .nan
- .nan
---
header:
  stamp:
    sec: 1791159834
    nanosec: 757843282
  frame_id: base_link
name:
- joint_x
- joint_y
position:
- 0.021443750709295273
- 0.021443750709295273
velocity:
- 0.018437499180436134
- 0.01875000074505806
effort:
- .nan
- .nan
---
header:
  stamp:
    sec: 1791159834
    nanosec: 777848044
  frame_id: base_link
name:
- joint_x
- joint_y
position:
- 0.022187499329447746
- 0.022187499329447746
velocity:
- 0.017812499776482582
- 0.017812499776482582
effort:
- .nan
- .nan
---
header:
  stamp:
    sec: 1791159834
    nanosec: 797845022
  frame_id: base_link
name:
- joint_x
- joint_y
position:
- 0.022549999877810478
- 0.022549999877810478
velocity:
- 0.018124999478459358
- 0.017812499776482582
effort:
- .nan
- .nan
---
header:
  stamp:
    sec: 1791159834
    nanosec: 817854924
  frame_id: base_link
name:
- joint_x
- joint_y
position:
- 0.02290000021457672
- 0.02290000021457672
velocity:
- 0.017500000074505806
- 0.017812499776482582
effort:
- .nan
- .nan
---
header:
  stamp:
    sec: 1791159834
    nanosec: 837845266
  frame_id: base_link
name:
- joint_x
- joint_y
position:
- 0.023268749937415123
- 0.023268749937415123
velocity:
- 0.018124999478459358
- 0.018437499180436134
effort:
- .nan
- .nan
---
header:
  stamp:
    sec: 1791159834
    nanosec: 857846842
  frame_id: base_link
name:
- joint_x
- joint_y
position:
- 0.023612499237060547
- 0.023606250062584877
velocity:
- 0.01718750037252903
- 0.016875000670552254
effort:
- .nan
- .nan
---
header:
  stamp:
    sec: 1791159834
    nanosec: 877850404
  frame_id: base_link
name:
- joint_x
- joint_y
position:
- 0.02394375018775463
- 0.02394375018775463
velocity:
- 0.016875000670552254
- 0.016875000670552254
effort:
- .nan
- .nan
---
header:
  stamp:
    sec: 1791159834
    nanosec: 897856495
  frame_id: base_link
name:
- joint_x
- joint_y
position:
- 0.024274999275803566
- 0.024274999275803566
velocity:
- 0.01656249910593033
- 0.016249999403953552
effort:
- .nan
- .nan
---
header:
  stamp:
    sec: 1791159834
    nanosec: 917849406
  frame_id: base_link
name:
- joint_x
- joint_y
position:
- 0.02459999918937683
- 0.02459999918937683
velocity:
- 0.016249999403953552
- 0.016249999403953552
effort:
- .nan
- .nan
---
header:
  stamp:
    sec: 1791159834
    nanosec: 937842540
  frame_id: base_link
name:
- joint_x
- joint_y
position:
- 0.024931250140070915
- 0.024931250140070915
velocity:
- 0.01577381044626236
- 0.01607142947614193
effort:
- .nan
- .nan
---
header:
  stamp:
    sec: 1791159834
    nanosec: 957847493
  frame_id: base_link
name:
- joint_x
- joint_y
position:
- 0.02554374933242798
- 0.02553750015795231
velocity:
- 0.015705129131674767
- 0.015544871799647808
effort:
- .nan
- .nan
---
header:
  stamp:
    sec: 1791159834
    nanosec: 977796337
  frame_id: base_link
name:
- joint_x
- joint_y
position:
- 0.025837499648332596
- 0.025837499648332596
velocity:
- 0.014687499962747097
- 0.014999999664723873
effort:
- .nan
- .nan
---
header:
  stamp:
    sec: 1791159834
    nanosec: 997798254
  frame_id: base_link
name:
- joint_x
- joint_y
position:
- 0.026143750175833702
- 0.026137499138712883
velocity:
- 0.014999999664723873
- 0.014999999664723873
effort:
- .nan
- .nan
---
header:
  stamp:
    sec: 1791159835
    nanosec: 17853377
  frame_id: base_link
name:
- joint_x
- joint_y
position:
- 0.02642500028014183
- 0.02641874924302101
velocity:
- 0.01406249962747097
- 0.01406249962747097
effort:
- .nan
- .nan
---
header:
  stamp:
    sec: 1791159835
    nanosec: 37795057
  frame_id: base_link
name:
- joint_x
- joint_y
position:
- 0.02669375017285347
- 0.02669375017285347
velocity:
- 0.013749999925494194
- 0.013749999925494194
effort:
- .nan
- .nan
---
header:
  stamp:
    sec: 1791159835
    nanosec: 57795592
  frame_id: base_link
name:
- joint_x
- joint_y
position:
- 0.02695625089108944
- 0.02695625089108944
velocity:
- 0.013124999590218067
- 0.013124999590218067
effort:
- .nan
- .nan
---
header:
  stamp:
    sec: 1791159835
    nanosec: 77800991
  frame_id: base_link
name:
- joint_x
- joint_y
position:
- 0.02721250057220459
- 0.02721250057220459
velocity:
- 0.012812499888241291
- 0.012812499888241291
effort:
- .nan
- .nan
---
header:
  stamp:
    sec: 1791159835
    nanosec: 97803672
  frame_id: base_link
name:
- joint_x
- joint_y
position:
- 0.02747499942779541
- 0.02747499942779541
velocity:
- 0.012500000186264515
- 0.012500000186264515
effort:
- .nan
- .nan
---
header:
  stamp:
    sec: 1791159835
    nanosec: 117811329
  frame_id: base_link
name:
- joint_x
- joint_y
position:
- 0.02772499993443489
- 0.02772499993443489
velocity:
- 0.012500000186264515
- 0.012500000186264515
effort:
- .nan
- .nan
---
header:
  stamp:
    sec: 1791159835
    nanosec: 137829659
  frame_id: base_link
name:
- joint_x
- joint_y
position:
- 0.028162499889731407
- 0.028162499889731407
velocity:
- 0.010625000111758709
- 0.010625000111758709
effort:
- .nan
- .nan
---
header:
  stamp:
    sec: 1791159835
    nanosec: 157797466
  frame_id: base_link
name:
- joint_x
- joint_y
position:
- 0.02837499976158142
- 0.02837499976158142
velocity:
- 0.010625000111758709
- 0.010625000111758709
effort:
- .nan
- .nan
---
header:
  stamp:
    sec: 1791159835
    nanosec: 177817148
  frame_id: base_link
name:
- joint_x
- joint_y
position:
- 0.028581250458955765
- 0.028581250458955765
velocity:
- 0.010312500409781933
- 0.010312500409781933
effort:
- .nan
- .nan
---
header:
  stamp:
    sec: 1791159835
    nanosec: 197801341
  frame_id: base_link
name:
- joint_x
- joint_y
position:
- 0.0287687499076128
- 0.0287687499076128
velocity:
- 0.00937500037252903
- 0.009062499739229679
effort:
- .nan
- .nan
---
header:
  stamp:
    sec: 1791159835
    nanosec: 217816181
  frame_id: base_link
name:
- joint_x
- joint_y
position:
- 0.028943749144673347
- 0.028943749144673347
velocity:
- 0.008750000037252903
- 0.009062499739229679
effort:
- .nan
- .nan
---
header:
  stamp:
    sec: 1791159835
    nanosec: 237804438
  frame_id: base_link
name:
- joint_x
- joint_y
position:
- 0.029106250032782555
- 0.029112499207258224
velocity:
- 0.008124999701976776
- 0.008124999701976776
effort:
- .nan
- .nan
---
header:
  stamp:
    sec: 1791159835
    nanosec: 257806681
  frame_id: base_link
name:
- joint_x
- joint_y
position:
- 0.029262499883770943
- 0.029262499883770943
velocity:
- 0.0078125
- 0.0078125
effort:
- .nan
- .nan
---
header:
  stamp:
    sec: 1791159835
    nanosec: 277807006
  frame_id: base_link
name:
- joint_x
- joint_y
position:
- 0.02941250056028366
- 0.02941250056028366
velocity:
- 0.007499999832361937
- 0.007499999832361937
effort:
- .nan
- .nan
---
header:
  stamp:
    sec: 1791159835
    nanosec: 297805064
  frame_id: base_link
name:
- joint_x
- joint_y
position:
- 0.02954374998807907
- 0.02954374998807907
velocity:
- 0.006562499795109034
- 0.006562499795109034
effort:
- .nan
- .nan
---
header:
  stamp:
    sec: 1791159835
    nanosec: 317824830
  frame_id: base_link
name:
- joint_x
- joint_y
position:
- 0.029768750071525574
- 0.029768750071525574
velocity:
- 0.0053125000558793545
- 0.0053125000558793545
effort:
- .nan
- .nan
---
header:
  stamp:
    sec: 1791159835
    nanosec: 337807203
  frame_id: base_link
name:
- joint_x
- joint_y
position:
- 0.029868749901652336
- 0.029868749901652336
velocity:
- 0.004999999888241291
- 0.004999999888241291
effort:
- .nan
- .nan
---
header:
  stamp:
    sec: 1791159835
    nanosec: 357805160
  frame_id: base_link
name:
- joint_x
- joint_y
position:
- 0.02995000034570694
- 0.02995000034570694
velocity:
- 0.004062499850988388
- 0.004062499850988388
effort:
- .nan
- .nan
---
header:
  stamp:
    sec: 1791159835
    nanosec: 377810626
  frame_id: base_link
name:
- joint_x
- joint_y
position:
- 0.030012499541044235
- 0.030012499541044235
velocity:
- 0.0031250000465661287
- 0.0031250000465661287
effort:
- .nan
- .nan
---
header:
  stamp:
    sec: 1791159835
    nanosec: 397809231
  frame_id: base_link
name:
- joint_x
- joint_y
position:
- 0.03006874956190586
- 0.03006874956190586
velocity:
- 0.002812500111758709
- 0.002812500111758709
effort:
- .nan
- .nan
---
header:
  stamp:
    sec: 1791159835
    nanosec: 417818898
  frame_id: base_link
name:
- joint_x
- joint_y
position:
- 0.030112499371170998
- 0.030112499371170998
velocity:
- 0.0021875000093132257
- 0.0021875000093132257
effort:
- .nan
- .nan
---
header:
  stamp:
    sec: 1791159835
    nanosec: 437808696
  frame_id: base_link
name:
- joint_x
- joint_y
position:
- 0.030137499794363976
- 0.030137499794363976
velocity:
- 0.0011904762359336019
- 0.0011904762359336019
effort:
- .nan
- .nan
---
header:
  stamp:
    sec: 1791159835
    nanosec: 457817702
  frame_id: base_link
name:
- joint_x
- joint_y
position:
- 0.030150000005960464
- 0.030150000005960464
velocity:
- 0.0006249999860301614
- 0.0006249999860301614
effort:
- .nan
- .nan
---
header:
  stamp:
    sec: 1791159835
    nanosec: 477816090
  frame_id: base_link
name:
- joint_x
- joint_y
position:
- 0.030156249180436134
- 0.030156249180436134
velocity:
- 0.0003124999930150807
- 0.0003124999930150807
effort:
- .nan
- .nan
---
header:
  stamp:
    sec: 1791159835
    nanosec: 497817132
  frame_id: base_link
name:
- joint_x
- joint_y
position:
- 0.030106250196695328
- 0.030106250196695328
velocity:
- -0.0015625000232830644
- -0.0018749999580904841
effort:
- .nan
- .nan
---
header:
  stamp:
    sec: 1791159835
    nanosec: 517819713
  frame_id: base_link
name:
- joint_x
- joint_y
position:
- 0.030056249350309372
- 0.030056249350309372
velocity:
- -0.0024999999441206455
- -0.0024999999441206455
effort:
- .nan
- .nan
---
header:
  stamp:
    sec: 1791159835
    nanosec: 537815019
  frame_id: base_link
name:
- joint_x
- joint_y
position:
- 0.029993750154972076
- 0.029993750154972076
velocity:
- -0.0031250000465661287
- -0.0031250000465661287
effort:
- .nan
- .nan
---
header:
  stamp:
    sec: 1791159835
    nanosec: 557812784
  frame_id: base_link
name:
- joint_x
- joint_y
position:
- 0.029918750748038292
- 0.029918750748038292
velocity:
- -0.0037499999161809683
- -0.0037499999161809683
effort:
- .nan
- .nan
---
header:
  stamp:
    sec: 1791159835
    nanosec: 577813687
  frame_id: base_link
name:
- joint_x
- joint_y
position:
- 0.02983124926686287
- 0.02983124926686287
velocity:
- -0.0043750000186264515
- -0.0043750000186264515
effort:
- .nan
- .nan
---
header:
  stamp:
    sec: 1791159835
    nanosec: 597828006
  frame_id: base_link
name:
- joint_x
- joint_y
position:
- 0.029731249436736107
- 0.029731249436736107
velocity:
- -0.004999999888241291
- -0.004999999888241291
effort:
- .nan
- .nan
---
header:
  stamp:
    sec: 1791159835
    nanosec: 617816074
  frame_id: base_link
name:
- joint_x
- joint_y
position:
- 0.029612500220537186
- 0.029612500220537186
velocity:
- -0.005937499925494194
- -0.005937499925494194
effort:
- .nan
- .nan
---
header:
  stamp:
    sec: 1791159835
    nanosec: 637824327
  frame_id: base_link
name:
- joint_x
- joint_y
position:
- 0.029487499967217445
- 0.029487499967217445
velocity:
- -0.0062500000931322575
- -0.0062500000931322575
effort:
- .nan
- .nan
---
header:
  stamp:
    sec: 1791159835
    nanosec: 657822093
  frame_id: base_link
name:
- joint_x
- joint_y
position:
- 0.029349999502301216
- 0.029349999502301216
velocity:
- -0.006874999962747097
- -0.006874999962747097
effort:
- .nan
- .nan
---
header:
  stamp:
    sec: 1791159835
    nanosec: 677830795
  frame_id: base_link
name:
- joint_x
- joint_y
position:
- 0.029200000688433647
- 0.029200000688433647
velocity:
- -0.007499999832361937
- -0.007499999832361937
effort:
- .nan
- .nan
---
header:
  stamp:
    sec: 1791159835
    nanosec: 697829618
  frame_id: base_link
name:
- joint_x
- joint_y
position:
- 0.028850000351667404
- 0.028850000351667404
velocity:
- -0.009062499739229679
- -0.009062499739229679
effort:
- .nan
- .nan
---
header:
  stamp:
    sec: 1791159835
    nanosec: 717832849
  frame_id: base_link
name:
- joint_x
- joint_y
position:
- 0.02866250090301037
- 0.02866250090301037
velocity:
- -0.00937500037252903
- -0.00937500037252903
effort:
- .nan
- .nan
---
header:
  stamp:
    sec: 1791159835
    nanosec: 737827266
  frame_id: base_link
name:
- joint_x
- joint_y
position:
- 0.028468750417232513
- 0.028468750417232513
velocity:
- -0.009687500074505806
- -0.009687500074505806
effort:
- .nan
- .nan
---
header:
  stamp:
    sec: 1791159835
    nanosec: 757824004
  frame_id: base_link
name:
- joint_x
- joint_y
position:
- 0.02826249971985817
- 0.02826249971985817
velocity:
- -0.010312500409781933
- -0.010312500409781933
effort:
- .nan
- .nan
---
header:
  stamp:
    sec: 1791159835
    nanosec: 777831423
  frame_id: base_link
name:
- joint_x
- joint_y
position:
- 0.028049999848008156
- 0.028049999848008156
velocity:
- -0.010625000111758709
- -0.010625000111758709
effort:
- .nan
- .nan
---
header:
  stamp:
    sec: 1791159835
    nanosec: 797841956
  frame_id: base_link
name:
- joint_x
- joint_y
position:
- 0.027812499552965164
- 0.027812499552965164
velocity:
- -0.011874999850988388
- -0.011874999850988388
effort:
- .nan
- .nan
---
header:
  stamp:
    sec: 1791159835
    nanosec: 817827555
  frame_id: base_link
name:
- joint_x
- joint_y
position:
- 0.02758125029504299
- 0.02758125029504299
velocity:
- -0.011562500149011612
- -0.011562500149011612
effort:
- .nan
- .nan
---
header:
  stamp:
    sec: 1791159835
    nanosec: 837826280
  frame_id: base_link
name:
- joint_x
- joint_y
position:
- 0.02733750082552433
- 0.02733750082552433
velocity:
- -0.012187499552965164
- -0.012187499552965164
effort:
- .nan
- .nan
---
header:
  stamp:
    sec: 1791159835
    nanosec: 857833060
  frame_id: base_link
name:
- joint_x
- joint_y
position:
- 0.02708750031888485
- 0.02708750031888485
velocity:
- -0.012500000186264515
- -0.012500000186264515
effort:
- .nan
- .nan
---
header:
  stamp:
    sec: 1791159835
    nanosec: 877833299
  frame_id: base_link
name:
- joint_x
- joint_y
position:
- 0.02654374949634075
- 0.02654374949634075
velocity:
- -0.01406249962747097
- -0.01406249962747097
effort:
- .nan
- .nan
---
header:
  stamp:
    sec: 1791159835
    nanosec: 897830953
  frame_id: base_link
name:
- joint_x
- joint_y
position:
- 0.026262499392032623
- 0.026262499392032623
velocity:
- -0.01406249962747097
- -0.01406249962747097
effort:
- .nan
- .nan
---
header:
  stamp:
    sec: 1791159835
    nanosec: 917853770
  frame_id: base_link
name:
- joint_x
- joint_y
position:
- 0.025975000113248825
- 0.025981249287724495
velocity:
- -0.01406249962747097
- -0.01406249962747097
effort:
- .nan
- .nan
---
header:
  stamp:
    sec: 1791159835
    nanosec: 937838068
  frame_id: base_link
name:
- joint_x
- joint_y
position:
- 0.025681249797344208
- 0.025687500834465027
velocity:
- -0.014687499962747097
- -0.014687499962747097
effort:
- .nan
- .nan
---
header:
  stamp:
    sec: 1791159835
    nanosec: 957845079
  frame_id: base_link
name:
- joint_x
- joint_y
position:
- 0.02536875009536743
- 0.02536875009536743
velocity:
- -0.015178571455180645
- -0.015178571455180645
effort:
- .nan
- .nan
---
header:
  stamp:
    sec: 1791159835
    nanosec: 977840296
  frame_id: base_link
name:
- joint_x
- joint_y
position:
- 0.025037499144673347
- 0.025037499144673347
velocity:
- -0.016249999403953552
- -0.016249999403953552
effort:
- .nan
- .nan
---
header:
  stamp:
    sec: 1791159835
    nanosec: 997846229
  frame_id: base_link
name:
- joint_x
- joint_y
position:
- 0.02472499944269657
- 0.02472499944269657
velocity:
- -0.015937499701976776
- -0.015937499701976776
effort:
- .nan
- .nan
---
header:
  stamp:
    sec: 1791159836
    nanosec: 17848788
  frame_id: base_link
name:
- joint_x
- joint_y
position:
- 0.024399999529123306
- 0.024406250566244125
velocity:
- -0.015937499701976776
- -0.015937499701976776
effort:
- .nan
- .nan
---
header:
  stamp:
    sec: 1791159836
    nanosec: 37839035
  frame_id: base_link
name:
- joint_x
- joint_y
position:
- 0.02406875044107437
- 0.02407499961555004
velocity:
- -0.01656249910593033
- -0.016249999403953552
effort:
- .nan
- .nan
---
header:
  stamp:
    sec: 1791159836
    nanosec: 57841552
  frame_id: base_link
name:
- joint_x
- joint_y
position:
- 0.023737499490380287
- 0.023737499490380287
velocity:
- -0.016875000670552254
- -0.016875000670552254
effort:
- .nan
- .nan
---
header:
  stamp:
    sec: 1791159836
    nanosec: 77851662
  frame_id: base_link
name:
- joint_x
- joint_y
position:
- 0.02303750067949295
- 0.02303750067949295
velocity:
- -0.01718750037252903
- -0.01718750037252903
effort:
- .nan
- .nan
---
header:
  stamp:
    sec: 1791159836
    nanosec: 97840599
  frame_id: base_link
name:
- joint_x
- joint_y
position:
- 0.022687500342726707
- 0.022687500342726707
velocity:
- -0.017812499776482582
- -0.017812499776482582
effort:
- .nan
- .nan
---
header:
  stamp:
    sec: 1791159836
    nanosec: 117849126
  frame_id: base_link
name:
- joint_x
- joint_y
position:
- 0.022331250831484795
- 0.022331250831484795
velocity:
- -0.017812499776482582
- -0.017812499776482582
effort:
- .nan
- .nan
---
header:
  stamp:
    sec: 1791159836
    nanosec: 137861403
  frame_id: base_link
name:
- joint_x
- joint_y
position:
- 0.021950000897049904
- 0.021950000897049904
velocity:
- -0.01815476268529892
- -0.01815476268529892
effort:
- .nan
- .nan
---
header:
  stamp:
    sec: 1791159836
    nanosec: 157842611
  frame_id: base_link
name:
- joint_x
- joint_y
position:
- 0.021562499925494194
- 0.021562499925494194
velocity:
- -0.019375000149011612
- -0.019375000149011612
effort:
- .nan
- .nan
---
header:
  stamp:
    sec: 1791159836
    nanosec: 177849329
  frame_id: base_link
name:
- joint_x
- joint_y
position:
- 0.021193750202655792
- 0.021187499165534973
velocity:
- -0.018437499180436134
- -0.018437499180436134
effort:
- .nan
- .nan
---
header:
  stamp:
    sec: 1791159836
    nanosec: 197798707
  frame_id: base_link
name:
- joint_x
- joint_y
position:
- 0.02081874944269657
- 0.02081874944269657
velocity:
- -0.01875000074505806
- -0.01875000074505806
effort:
- .nan
- .nan
---
header:
  stamp:
    sec: 1791159836
    nanosec: 217832901
  frame_id: base_link
name:
- joint_x
- joint_y
position:
- 0.02043749950826168
- 0.02043749950826168
velocity:
- -0.01875000074505806
- -0.01875000074505806
effort:
- .nan
- .nan
---
header:
  stamp:
    sec: 1791159836
    nanosec: 237824735
  frame_id: base_link
name:
- joint_x
- joint_y
position:
- 0.02005624957382679
- 0.02005624957382679
velocity:
- -0.019375000149011612
- -0.019375000149011612
effort:
- .nan
- .nan
---
header:
  stamp:
    sec: 1791159836
    nanosec: 257839996
  frame_id: base_link
name:
- joint_x
- joint_y
position:
- 0.01926874928176403
- 0.01926874928176403
velocity:
- -0.019375000149011612
- -0.019062500447034836
effort:
- .nan
- .nan
---
header:
  stamp:
    sec: 1791159836
    nanosec: 277848859
  frame_id: base_link
name:
- joint_x
- joint_y
position:
- 0.01887499913573265
- 0.01887499913573265
velocity:
- -0.019687499850988388
- -0.019687499850988388
effort:
- .nan
- .nan
---
header:
  stamp:
    sec: 1791159836
    nanosec: 297856311
  frame_id: base_link
name:
- joint_x
- joint_y
position:
- 0.01848125085234642
- 0.01848125085234642
velocity:
- -0.019687499850988388
- -0.019687499850988388
effort:
- .nan
- .nan
---
header:
  stamp:
    sec: 1791159836
    nanosec: 317819250
  frame_id: base_link
name:
- joint_x
- joint_y
position:
- 0.01808750070631504
- 0.01808750070631504
velocity:
- -0.019687499850988388
- -0.019687499850988388
effort:
- .nan
- .nan
---
header:
  stamp:
    sec: 1791159836
    nanosec: 337840657
  frame_id: base_link
name:
- joint_x
- joint_y
position:
- 0.017668750137090683
- 0.017662499099969864
velocity:
- -0.020937500521540642
- -0.020937500521540642
effort:
- .nan
- .nan
---
header:
  stamp:
    sec: 1791159836
    nanosec: 357846079
  frame_id: base_link
name:
- joint_x
- joint_y
position:
- 0.017268750816583633
- 0.017262499779462814
velocity:
- -0.019999999552965164
- -0.019999999552965164
effort:
- .nan
- .nan
---
header:
  stamp:
    sec: 1791159836
    nanosec: 377833879
  frame_id: base_link
name:
- joint_x
- joint_y
position:
- 0.016868749633431435
- 0.016862500458955765
velocity:
- -0.019999999552965164
- -0.019999999552965164
effort:
- .nan
- .nan
---
header:
  stamp:
    sec: 1791159836
    nanosec: 397844474
  frame_id: base_link
name:
- joint_x
- joint_y
position:
- 0.016462499275803566
- 0.016462499275803566
velocity:
- -0.019999999552965164
- -0.019999999552965164
effort:
- .nan
- .nan
---
header:
  stamp:
    sec: 1791159836
    nanosec: 417811424
  frame_id: base_link
name:
- joint_x
- joint_y
position:
- 0.016056250780820847
- 0.016056250780820847
velocity:
- -0.02031249925494194
- -0.02031249925494194
effort:
- .nan
- .nan
---
header:
  stamp:
    sec: 1791159836
    nanosec: 437855198
  frame_id: base_link
name:
- joint_x
- joint_y
position:
- 0.015237499959766865
- 0.015237499959766865
velocity:
- -0.019999999552965164
- -0.019999999552965164
effort:
- .nan
- .nan
---
header:
  stamp:
    sec: 1791159836
    nanosec: 457800611
  frame_id: base_link
name:
- joint_x
- joint_y
position:
- 0.014831249602138996
- 0.014831249602138996
velocity:
- -0.019999999552965164
- -0.02031249925494194
effort:
- .nan
- .nan
---
header:
  stamp:
    sec: 1791159836
    nanosec: 477848954
  frame_id: base_link
name:
- joint_x
- joint_y
position:
- 0.014425000175833702
- 0.014431250281631947
velocity:
- -0.02031249925494194
- -0.019999999552965164
effort:
- .nan
- .nan
---
header:
  stamp:
    sec: 1791159836
    nanosec: 497859408
  frame_id: base_link
name:
- joint_x
- joint_y
position:
- 0.014006249606609344
- 0.014006249606609344
velocity:
- -0.02023809589445591
- -0.02023809589445591
effort:
- .nan
- .nan
---
header:
  stamp:
    sec: 1791159836
    nanosec: 517827151
  frame_id: base_link
name:
- joint_x
- joint_y
position:
- 0.013581249862909317
- 0.013574999757111073
velocity:
- -0.021250000223517418
- -0.021250000223517418
effort:
- .nan
- .nan
---
header:
  stamp:
    sec: 1791159836
    nanosec: 537839629
  frame_id: base_link
name:
- joint_x
- joint_y
position:
- 0.013181249611079693
- 0.013175000436604023
velocity:
- -0.019999999552965164
- -0.019999999552965164
effort:
- .nan
- .nan
---
header:
  stamp:
    sec: 1791159836
    nanosec: 557843305
  frame_id: base_link
name:
- joint_x
- joint_y
position:
- 0.012781250290572643
- 0.012775000184774399
velocity:
- -0.019999999552965164
- -0.019999999552965164
effort:
- .nan
- .nan
---
header:
  stamp:
    sec: 1791159836
    nanosec: 577823664
  frame_id: base_link
name:
- joint_x
- joint_y
position:
- 0.012374999932944775
- 0.012374999932944775
velocity:
- -0.019999999552965164
- -0.019999999552965164
effort:
- .nan
- .nan
---
header:
  stamp:
    sec: 1791159836
    nanosec: 597846789
  frame_id: base_link
name:
- joint_x
- joint_y
position:
- 0.011981249786913395
- 0.011981249786913395
velocity:
- -0.019999999552965164
- -0.019999999552965164
effort:
- .nan
- .nan
---
header:
  stamp:
    sec: 1791159836
    nanosec: 617842340
  frame_id: base_link
name:
- joint_x
- joint_y
position:
- 0.011175000108778477
- 0.011181250214576721
velocity:
- -0.019687499850988388
- -0.019375000149011612
effort:
- .nan
- .nan
---
header:
  stamp:
    sec: 1791159836
    nanosec: 637847504
  frame_id: base_link
name:
- joint_x
- joint_y
position:
- 0.010781249962747097
- 0.010781249962747097
velocity:
- -0.019375000149011612
- -0.019687499850988388
effort:
- .nan
- .nan
---
header:
  stamp:
    sec: 1791159836
    nanosec: 657837814
  frame_id: base_link
name:
- joint_x
- joint_y
position:
- 0.010393749922513962
- 0.010393749922513962
velocity:
- -0.019375000149011612
- -0.019375000149011612
effort:
- .nan
- .nan
---
header:
  stamp:
    sec: 1791159836
    nanosec: 677834544
  frame_id: base_link
name:
- joint_x
- joint_y
position:
- 0.009987499564886093
- 0.009993749670684338
velocity:
- -0.01964285783469677
- -0.0193452388048172
effort:
- .nan
- .nan
---
header:
  stamp:
    sec: 1791159836
    nanosec: 697850923
  frame_id: base_link
name:
- joint_x
- joint_y
position:
- 0.009587500244379044
- 0.009587500244379044
velocity:
- -0.019999999552965164
- -0.02031249925494194
effort:
- .nan
- .nan
---
header:
  stamp:
    sec: 1791159836
    nanosec: 717836270
  frame_id: base_link
name:
- joint_x
- joint_y
position:
- 0.009212500415742397
- 0.009206250309944153
velocity:
- -0.01875000074505806
- -0.01875000074505806
effort:
- .nan
- .nan
---
header:
  stamp:
    sec: 1791159836
    nanosec: 737841392
  frame_id: base_link
name:
- joint_x
- joint_y
position:
- 0.008837499655783176
- 0.008837499655783176
velocity:
- -0.01875000074505806
- -0.01875000074505806
effort:
- .nan
- .nan
---
header:
  stamp:
    sec: 1791159836
    nanosec: 757855551
  frame_id: base_link
name:
- joint_x
- joint_y
position:
- 0.00846249982714653
- 0.00846249982714653
velocity:
- -0.01875000074505806
- -0.018437499180436134
effort:
- .nan
- .nan
---
header:
  stamp:
    sec: 1791159836
    nanosec: 777852676
  frame_id: base_link
name:
- joint_x
- joint_y
position:
- 0.008093750104308128
- 0.008093750104308128
velocity:
- -0.018437499180436134
- -0.018437499180436134
effort:
- .nan
- .nan
---
header:
  stamp:
    sec: 1791159836
    nanosec: 797848325
  frame_id: base_link
name:
- joint_x
- joint_y
position:
- 0.007712500169873238
- 0.007712500169873238
velocity:
- -0.019062500447034836
- -0.019375000149011612
effort:
- .nan
- .nan
---
header:
  stamp:
    sec: 1791159836
    nanosec: 817850492
  frame_id: base_link
name:
- joint_x
- joint_y
position:
- 0.0070062498562037945
- 0.007012499962002039
velocity:
- -0.017500000074505806
- -0.017500000074505806
effort:
- .nan
- .nan
---
header:
  stamp:
    sec: 1791159836
    nanosec: 837844287
  frame_id: base_link
name:
- joint_x
- joint_y
position:
- 0.006662500090897083
- 0.006662500090897083
velocity:
- -0.017500000074505806
- -0.017500000074505806
effort:
- .nan
- .nan
---
header:
  stamp:
    sec: 1791159836
    nanosec: 857840294
  frame_id: base_link
name:
- joint_x
- joint_y
position:
- 0.006300000008195639
- 0.006306250113993883
velocity:
- -0.01726190559566021
- -0.01696428656578064
effort:
- .nan
- .nan
---
header:
  stamp:
    sec: 1791159836
    nanosec: 877863970
  frame_id: base_link
name:
- joint_x
- joint_y
position:
- 0.005950000137090683
- 0.005950000137090683
velocity:
- -0.017500000074505806
- -0.017500000074505806
effort:
- .nan
- .nan
---
header:
  stamp:
    sec: 1791159836
    nanosec: 897854402
  frame_id: base_link
name:
- joint_x
- joint_y
position:
- 0.005618750117719173
- 0.005625000223517418
velocity:
- -0.016249999403953552
- -0.01656249910593033
effort:
- .nan
- .nan
---
header:
  stamp:
    sec: 1791159836
    nanosec: 917837096
  frame_id: base_link
name:
- joint_x
- joint_y
position:
- 0.0052999998442828655
- 0.0052999998442828655
velocity:
- -0.016249999403953552
- -0.015937499701976776
effort:
- .nan
- .nan
---
header:
  stamp:
    sec: 1791159836
    nanosec: 937841735
  frame_id: base_link
name:
- joint_x
- joint_y
position:
- 0.004981250036507845
- 0.004987500142306089
velocity:
- -0.015625
- -0.015937499701976776
effort:
- .nan
- .nan
---
header:
  stamp:
    sec: 1791159836
    nanosec: 957847460
  frame_id: base_link
name:
- joint_x
- joint_y
position:
- 0.004674999974668026
- 0.004674999974668026
velocity:
- -0.015625
- -0.015312500298023224
effort:
- .nan
- .nan
---
header:
  stamp:
    sec: 1791159836
    nanosec: 977847827
  frame_id: base_link
name:
- joint_x
- joint_y
position:
- 0.004356250166893005
- 0.0043624998070299625
velocity:
- -0.015178571455180645
- -0.015178571455180645
effort:
- .nan
- .nan
---
header:
  stamp:
    sec: 1791159836
    nanosec: 997883993
  frame_id: base_link
name:
- joint_x
- joint_y
position:
- 0.004050000105053186
- 0.004050000105053186
velocity:
- -0.015312500298023224
- -0.015625
effort:
- .nan
- .nan
---
header:
  stamp:
    sec: 1791159837
    nanosec: 17853270
  frame_id: base_link
name:
- joint_x
- joint_y
position:
- 0.0034874998964369297
- 0.003493750002235174
velocity:
- -0.013749999925494194
- -0.013749999925494194
effort:
- .nan
- .nan
---
header:
  stamp:
    sec: 1791159837
    nanosec: 37835562
  frame_id: base_link
name:
- joint_x
- joint_y
position:
- 0.0032187500037252903
- 0.0032187500037252903
velocity:
- -0.013749999925494194
- -0.013749999925494194
effort:
- .nan
- .nan
---
header:
  stamp:
    sec: 1791159837
    nanosec: 57888697
  frame_id: base_link
name:
- joint_x
- joint_y
position:
- 0.0029437500052154064
- 0.002950000111013651
velocity:
- -0.013749999925494194
- -0.013437500223517418
effort:
- .nan
- .nan
---
header:
  stamp:
    sec: 1791159837
    nanosec: 77885751
  frame_id: base_link
name:
- joint_x
- joint_y
position:
- 0.002693749964237213
- 0.002693749964237213
velocity:
- -0.012500000186264515
- -0.012812499888241291
effort:
- .nan
- .nan
---
header:
  stamp:
    sec: 1791159837
    nanosec: 97841627
  frame_id: base_link
name:
- joint_x
- joint_y
position:
- 0.0024500000290572643
- 0.0024500000290572643
velocity:
- -0.012187499552965164
- -0.012187499552965164
effort:
- .nan
- .nan
---
header:
  stamp:
    sec: 1791159837
    nanosec: 117836264
  frame_id: base_link
name:
- joint_x
- joint_y
position:
- 0.002218750072643161
- 0.0022124999668449163
velocity:
- -0.011562500149011612
- -0.011562500149011612
effort:
- .nan
- .nan
---
header:
  stamp:
    sec: 1791159837
    nanosec: 137839302
  frame_id: base_link
name:
- joint_x
- joint_y
position:
- 0.001993749989196658
- 0.0019875001162290573
velocity:
- -0.011250000447034836
- -0.011250000447034836
effort:
- .nan
- .nan
---
header:
  stamp:
    sec: 1791159837
    nanosec: 157841909
  frame_id: base_link
name:
- joint_x
- joint_y
position:
- 0.0017625000327825546
- 0.0017625000327825546
velocity:
- -0.011562500149011612
- -0.011562500149011612
effort:
- .nan
- .nan
---
header:
  stamp:
    sec: 1791159837
    nanosec: 177836715
  frame_id: base_link
name:
- joint_x
- joint_y
position:
- 0.0015562500339001417
- 0.0015562500339001417
velocity:
- -0.009999999776482582
- -0.010312500409781933
effort:
- .nan
- .nan
---
header:
  stamp:
    sec: 1791159837
    nanosec: 197817628
  frame_id: base_link
name:
- joint_x
- joint_y
position:
- 0.0011874999618157744
- 0.0011812499724328518
velocity:
- -0.009062499739229679
- -0.00937500037252903
effort:
- .nan
- .nan
---
header:
  stamp:
    sec: 1791159837
    nanosec: 217841343
  frame_id: base_link
name:
- joint_x
- joint_y
position:
- 0.0010000000474974513
- 0.0010000000474974513
velocity:
- -0.008928571827709675
- -0.008630952797830105
effort:
- .nan
- .nan
---
header:
  stamp:
    sec: 1791159837
    nanosec: 237799554
  frame_id: base_link
name:
- joint_x
- joint_y
position:
- 0.0008312499849125743
- 0.0008312499849125743
velocity:
- -0.008437500335276127
- -0.008437500335276127
effort:
- .nan
- .nan
---
header:
  stamp:
    sec: 1791159837
    nanosec: 257844265
  frame_id: base_link
name:
- joint_x
- joint_y
position:
- 0.000681250006891787
- 0.000681250006891787
velocity:
- -0.007499999832361937
- -0.007499999832361937
effort:
- .nan
- .nan
---
header:
  stamp:
    sec: 1791159837
    nanosec: 277844700
  frame_id: base_link
name:
- joint_x
- joint_y
position:
- 0.0005437500076368451
- 0.0005437500076368451
velocity:
- -0.006874999962747097
- -0.006874999962747097
effort:
- .nan
- .nan
---
header:
  stamp:
    sec: 1791159837
    nanosec: 297845251
  frame_id: base_link
name:
- joint_x
- joint_y
position:
- 0.00041874998714774847
- 0.00041874998714774847
velocity:
- -0.0062500000931322575
- -0.0062500000931322575
effort:
- .nan
- .nan
---
header:
  stamp:
    sec: 1791159837
    nanosec: 317828012
  frame_id: base_link
name:
- joint_x
- joint_y
position:
- 0.0003000000142492354
- 0.0003000000142492354
velocity:
- -0.005937499925494194
- -0.005937499925494194
effort:
- .nan
- .nan
---
header:
  stamp:
    sec: 1791159837
    nanosec: 337797421
  frame_id: base_link
name:
- joint_x
- joint_y
position:
- 0.00019375000556465238
- 0.00019375000556465238
velocity:
- -0.0053125000558793545
- -0.0053125000558793545
effort:
- .nan
- .nan
---
header:
  stamp:
    sec: 1791159837
    nanosec: 357847496
  frame_id: base_link
name:
- joint_x
- joint_y
position:
- 0.0001062500014086254
- 0.0001062500014086254
velocity:
- -0.0043750000186264515
- -0.0043750000186264515
effort:
- .nan
- .nan
---
header:
  stamp:
    sec: 1791159837
    nanosec: 377874951
  frame_id: base_link
name:
- joint_x
- joint_y
position:
- -3.125000148429535e-05
- -3.7500001781154424e-05
velocity:
- -0.002812500111758709
- -0.0031250000465661287
effort:
- .nan
- .nan
---
header:
  stamp:
    sec: 1791159837
    nanosec: 397862624
  frame_id: base_link
name:
- joint_x
- joint_y
position:
- -8.749999688006938e-05
- -8.749999688006938e-05
velocity:
- -0.002812500111758709
- -0.0024999999441206455
effort:
- .nan
- .nan
---
header:
  stamp:
    sec: 1791159837
    nanosec: 417849059
  frame_id: base_link
name:
- joint_x
- joint_y
position:
- -0.0001250000059371814
- -0.0001250000059371814
velocity:
- -0.0015625000232830644
- -0.0018749999580904841
effort:
- .nan
- .nan
---
header:
  stamp:
    sec: 1791159837
    nanosec: 437863815
  frame_id: base_link
name:
- joint_x
- joint_y
position:
- -0.00014375000318977982
- -0.00014375000318977982
velocity:
- -0.0012499999720603228
- -0.0009374999790452421
effort:
- .nan
- .nan
---
header:
  stamp:
    sec: 1791159837
    nanosec: 457865717
  frame_id: base_link
name:
- joint_x
- joint_y
position:
- -0.0001500000071246177
- -0.0001500000071246177
velocity:
- -0.0003124999930150807
- -0.0003124999930150807
effort:
- .nan
- .nan
---
header:
  stamp:
    sec: 1791159837
    nanosec: 477869017
  frame_id: base_link
name:
- joint_x
- joint_y
position:
- -0.00014375000318977982
- -0.0001500000071246177
velocity:
- 0.0003124999930150807
- 0.0
effort:
- .nan
- .nan
---
header:
  stamp:
    sec: 1791159837
    nanosec: 497830546
  frame_id: base_link
name:
- joint_x
- joint_y
position:
- -0.00011875000200234354
- -0.0001250000059371814
velocity:
- 0.0012499999720603228
- 0.0012499999720603228
effort:
- .nan
- .nan
---
header:
  stamp:
    sec: 1791159837
    nanosec: 517829310
  frame_id: base_link
name:
- joint_x
- joint_y
position:
- -8.125000022118911e-05
- -8.749999688006938e-05
velocity:
- 0.0018749999580904841
- 0.0018749999580904841
effort:
- .nan
- .nan
---
header:
  stamp:
    sec: 1791159837
    nanosec: 537847621
  frame_id: base_link
name:
- joint_x
- joint_y
position:
- -2.499999936844688e-05
- -2.499999936844688e-05
velocity:
- 0.002812500111758709
- 0.0031250000465661287
effort:
- .nan
- .nan
---
header:
  stamp:
    sec: 1791159837
    nanosec: 557865155
  frame_id: base_link
name:
- joint_x
- joint_y
position:
- 0.0
- 0.0
velocity:
- 0.0011904762359336019
- 0.0011904762359336019
effort:
- .nan
- .nan
---
header:
  stamp:
    sec: 1791159837
    nanosec: 577869819
  frame_id: base_link
name:
- joint_x
- joint_y
position:
- 0.0
- 0.0
velocity:
- 0.0
- 0.0
effort:
- .nan
- .nan
---
header:
  stamp:
    sec: 1791159837
    nanosec: 597849983
  frame_id: base_link
name:
- joint_x
- joint_y
position:
- 0.0
- 0.0
velocity:
- 0.0
- 0.0
effort:
- .nan
- .nan
---
header:
  stamp:
    sec: 1791159837
    nanosec: 617847864
  frame_id: base_link
name:
- joint_x
- joint_y
position:
- 0.0
- 0.0
velocity:
- 0.0
- 0.0
effort:
- .nan
- .nan
---
header:
  stamp:
    sec: 1791159837
    nanosec: 637848613
  frame_id: base_link
name:
- joint_x
- joint_y
position:
- 0.0
- 0.0
velocity:
- 0.0
- 0.0
effort:
- .nan
- .nan
---
header:
  stamp:
    sec: 1791159837
    nanosec: 657834247
  frame_id: base_link
name:
- joint_x
- joint_y
position:
- 0.0
- 0.0
velocity:
- 0.0
- 0.0
effort:
- .nan
- .nan
---
header:
  stamp:
    sec: 1791159837
    nanosec: 677850866
  frame_id: base_link
name:
- joint_x
- joint_y
position:
- 0.0
- 0.0
velocity:
- 0.0
- 0.0
effort:
- .nan
- .nan
---
header:
  stamp:
    sec: 1791159837
    nanosec: 697859135
  frame_id: base_link
name:
- joint_x
- joint_y
position:
- 0.0
- 0.0
velocity:
- 0.0
- 0.0
effort:
- .nan
- .nan
---
