A message was lost!!!
	total count change:1
	total count: 1---
header:
  stamp:
    sec: 1791163949
    nanosec: 802714693
  frame_id: base_link
name:
- joint_x
- joint_y
position:
- 0.0
- 0.0
velocity:
- 0.0
- 0.0
effort:
- .nan
- .nan
---
header:
  stamp:
    sec: 1791163949
    nanosec: 822713347
  frame_id: base_link
name:
- joint_x
- joint_y
position:
- 0.0
- 0.0
velocity:
- 0.0
- 0.0
effort:
- .nan
- .nan
---
header:
  stamp:
    sec: 1791163949
    nanosec: 842709541
  frame_id: base_link
name:
- joint_x
- joint_y
position:
- 0.0
- 0.0
velocity:
- 0.0
- 0.0
effort:
- .nan
- .nan
---
header:
  stamp:
    sec: 1791163949
    nanosec: 862709656
  frame_id: base_link
name:
- joint_x
- joint_y
position:
- 0.0
- 0.0
velocity:
- 0.0
- 0.0
effort:
- .nan
- .nan
---
header:
  stamp:
    sec: 1791163949
    nanosec: 882715944
  frame_id: base_link
name:
- joint_x
- joint_y
position:
- 0.0
- 0.0
velocity:
- 0.0
- 0.0
effort:
- .nan
- .nan
---
header:
  stamp:
    sec: 1791163949
    nanosec: 902732728
  frame_id: base_link
name:
- joint_x
- joint_y
position:
- 0.0
- 0.0
velocity:
- 0.0
- 0.0
effort:
- .nan
- .nan
---
header:
  stamp:
    sec: 1791163949
    nanosec: 922717629
  frame_id: base_link
name:
- joint_x
- joint_y
position:
- 0.0
- 0.0
velocity:
- 0.0
- 0.0
effort:
- .nan
- .nan
---
header:
  stamp:
    sec: 1791163949
    nanosec: 942755578
  frame_id: base_link
name:
- joint_x
- joint_y
position:
- 0.0
- 0.0
velocity:
- 0.0
- 0.0
effort:
- .nan
- .nan
---
header:
  stamp:
    sec: 1791163949
    nanosec: 962746959
  frame_id: base_link
name:
- joint_x
- joint_y
position:
- 0.0
- 0.0
velocity:
- 0.0
- 0.0
effort:
- .nan
- .nan
---
header:
  stamp:
    sec: 1791163949
    nanosec: 982756519
  frame_id: base_link
name:
- joint_x
- joint_y
position:
- 0.0
- 0.0
velocity:
- 0.0
- 0.0
effort:
- .nan
- .nan
---
header:
  stamp:
    sec: 1791163950
    nanosec: 2758265
  frame_id: base_link
name:
- joint_x
- joint_y
position:
- 0.0
- 0.0
velocity:
- 0.0
- 0.0
effort:
- .nan
- .nan
---
header:
  stamp:
    sec: 1791163950
    nanosec: 22770198
  frame_id: base_link
name:
- joint_x
- joint_y
position:
- 0.0
- 0.0
velocity:
- 0.0
- 0.0
effort:
- .nan
- .nan
---
header:
  stamp:
    sec: 1791163950
    nanosec: 42753613
  frame_id: base_link
name:
- joint_x
- joint_y
position:
- 0.0
- 0.0
velocity:
- 0.0
- 0.0
effort:
- .nan
- .nan
---
header:
  stamp:
    sec: 1791163950
    nanosec: 62811745
  frame_id: base_link
name:
- joint_x
- joint_y
position:
- 0.0
- 0.0
velocity:
- 0.0
- 0.0
effort:
- .nan
- .nan
---
header:
  stamp:
    sec: 1791163950
    nanosec: 82810656
  frame_id: base_link
name:
- joint_x
- joint_y
position:
- 0.0
- 0.0
velocity:
- 0.0
- 0.0
effort:
- .nan
- .nan
---
header:
  stamp:
    sec: 1791163950
    nanosec: 102750126
  frame_id: base_link
name:
- joint_x
- joint_y
position:
- 0.0
- 0.0
velocity:
- 0.0
- 0.0
effort:
- .nan
- .nan
---
header:
  stamp:
    sec: 1791163950
    nanosec: 122745805
  frame_id: base_link
name:
- joint_x
- joint_y
position:
- 0.0
- 0.0
velocity:
- 0.0
- 0.0
effort:
- .nan
- .nan
---
header:
  stamp:
    sec: 1791163950
    nanosec: 142738547
  frame_id: base_link
name:
- joint_x
- joint_y
position:
- 0.0
- 0.0
velocity:
- 0.0
- 0.0
effort:
- .nan
- .nan
---
header:
  stamp:
    sec: 1791163950
    nanosec: 162733705
  frame_id: base_link
name:
- joint_x
- joint_y
position:
- 0.0
- 0.0
velocity:
- 0.0
- 0.0
effort:
- .nan
- .nan
---
header:
  stamp:
    sec: 1791163950
    nanosec: 182725581
  frame_id: base_link
name:
- joint_x
- joint_y
position:
- 0.0
- 0.0
velocity:
- 0.0
- 0.0
effort:
- .nan
- .nan
---
header:
  stamp:
    sec: 1791163950
    nanosec: 202719474
  frame_id: base_link
name:
- joint_x
- joint_y
position:
- 0.0
- 0.0
velocity:
- 0.0
- 0.0
effort:
- .nan
- .nan
---
header:
  stamp:
    sec: 1791163950
    nanosec: 222723874
  frame_id: base_link
name:
- joint_x
- joint_y
position:
- 0.0
- 0.0
velocity:
- 0.0
- 0.0
effort:
- .nan
- .nan
---
header:
  stamp:
    sec: 1791163950
    nanosec: 242712327
  frame_id: base_link
name:
- joint_x
- joint_y
position:
- 0.0
- 0.0
velocity:
- 0.0
- 0.0
effort:
- .nan
- .nan
---
header:
  stamp:
    sec: 1791163950
    nanosec: 262732050
  frame_id: base_link
name:
- joint_x
- joint_y
position:
- 0.0
- 0.0
velocity:
- 0.0
- 0.0
effort:
- .nan
- .nan
---
header:
  stamp:
    sec: 1791163950
    nanosec: 282714182
  frame_id: base_link
name:
- joint_x
- joint_y
position:
- 0.0
- 0.0
velocity:
- 0.0
- 0.0
effort:
- .nan
- .nan
---
header:
  stamp:
    sec: 1791163950
    nanosec: 302708853
  frame_id: base_link
name:
- joint_x
- joint_y
position:
- 0.0
- 0.0
velocity:
- 0.0
- 0.0
effort:
- .nan
- .nan
---
header:
  stamp:
    sec: 1791163950
    nanosec: 322720591
  frame_id: base_link
name:
- joint_x
- joint_y
position:
- 0.0
- 0.0
velocity:
- 0.0
- 0.0
effort:
- .nan
- .nan
---
header:
  stamp:
    sec: 1791163950
    nanosec: 342712072
  frame_id: base_link
name:
- joint_x
- joint_y
position:
- 0.0
- 0.0
velocity:
- 0.0
- 0.0
effort:
- .nan
- .nan
---
header:
  stamp:
    sec: 1791163950
    nanosec: 362732741
  frame_id: base_link
name:
- joint_x
- joint_y
position:
- 0.0
- 0.0
velocity:
- 0.0
- 0.0
effort:
- .nan
- .nan
---
header:
  stamp:
    sec: 1791163950
    nanosec: 382778165
  frame_id: base_link
name:
- joint_x
- joint_y
position:
- 0.0
- 0.0
velocity:
- 0.0
- 0.0
effort:
- .nan
- .nan
---
header:
  stamp:
    sec: 1791163950
    nanosec: 402707102
  frame_id: base_link
name:
- joint_x
- joint_y
position:
- 0.0
- 0.0
velocity:
- 0.0
- 0.0
effort:
- .nan
- .nan
---
header:
  stamp:
    sec: 1791163950
    nanosec: 422706149
  frame_id: base_link
name:
- joint_x
- joint_y
position:
- 0.0
- 0.0
velocity:
- 0.0
- 0.0
effort:
- .nan
- .nan
---
header:
  stamp:
    sec: 1791163950
    nanosec: 442713039
  frame_id: base_link
name:
- joint_x
- joint_y
position:
- 0.0
- 0.0
velocity:
- 0.0
- 0.0
effort:
- .nan
- .nan
---
header:
  stamp:
    sec: 1791163950
    nanosec: 462720082
  frame_id: base_link
name:
- joint_x
- joint_y
position:
- 0.0
- 0.0
velocity:
- 0.0
- 0.0
effort:
- .nan
- .nan
---
header:
  stamp:
    sec: 1791163950
    nanosec: 482721212
  frame_id: base_link
name:
- joint_x
- joint_y
position:
- 0.0
- 0.0
velocity:
- 0.0
- 0.0
effort:
- .nan
- .nan
---
header:
  stamp:
    sec: 1791163950
    nanosec: 502709174
  frame_id: base_link
name:
- joint_x
- joint_y
position:
- 0.0
- 0.0
velocity:
- 0.0
- 0.0
effort:
- .nan
- .nan
---
header:
  stamp:
    sec: 1791163950
    nanosec: 522722091
  frame_id: base_link
name:
- joint_x
- joint_y
position:
- 0.0
- 0.0
velocity:
- 0.0
- 0.0
effort:
- .nan
- .nan
---
header:
  stamp:
    sec: 1791163950
    nanosec: 542725737
  frame_id: base_link
name:
- joint_x
- joint_y
position:
- 0.0
- 0.0
velocity:
- 0.0
- 0.0
effort:
- .nan
- .nan
---
header:
  stamp:
    sec: 1791163950
    nanosec: 562709134
  frame_id: base_link
name:
- joint_x
- joint_y
position:
- 0.0
- 0.0
velocity:
- 0.0
- 0.0
effort:
- .nan
- .nan
---
header:
  stamp:
    sec: 1791163950
    nanosec: 582731126
  frame_id: base_link
name:
- joint_x
- joint_y
position:
- 0.0
- 0.0
velocity:
- 0.0
- 0.0
effort:
- .nan
- .nan
---
header:
  stamp:
    sec: 1791163950
    nanosec: 602721220
  frame_id: base_link
name:
- joint_x
- joint_y
position:
- 0.0
- 0.0
velocity:
- 0.0
- 0.0
effort:
- .nan
- .nan
---
header:
  stamp:
    sec: 1791163950
    nanosec: 622709724
  frame_id: base_link
name:
- joint_x
- joint_y
position:
- 0.0
- 0.0
velocity:
- 0.0
- 0.0
effort:
- .nan
- .nan
---
header:
  stamp:
    sec: 1791163950
    nanosec: 642712909
  frame_id: base_link
name:
- joint_x
- joint_y
position:
- 0.0
- 0.0
velocity:
- 0.0
- 0.0
effort:
- .nan
- .nan
---
header:
  stamp:
    sec: 1791163950
    nanosec: 662737448
  frame_id: base_link
name:
- joint_x
- joint_y
position:
- 0.0
- 0.0
velocity:
- 0.0
- 0.0
effort:
- .nan
- .nan
---
header:
  stamp:
    sec: 1791163950
    nanosec: 682724394
  frame_id: base_link
name:
- joint_x
- joint_y
position:
- 0.0
- 0.0
velocity:
- 0.0
- 0.0
effort:
- .nan
- .nan
---
header:
  stamp:
    sec: 1791163950
    nanosec: 702727381
  frame_id: base_link
name:
- joint_x
- joint_y
position:
- 0.0
- 0.0
velocity:
- 0.0
- 0.0
effort:
- .nan
- .nan
---
header:
  stamp:
    sec: 1791163950
    nanosec: 722724704
  frame_id: base_link
name:
- joint_x
- joint_y
position:
- 0.0
- 0.0
velocity:
- 0.0
- 0.0
effort:
- .nan
- .nan
---
header:
  stamp:
    sec: 1791163950
    nanosec: 742725200
  frame_id: base_link
name:
- joint_x
- joint_y
position:
- 0.0
- 0.0
velocity:
- 0.0
- 0.0
effort:
- .nan
- .nan
---
header:
  stamp:
    sec: 1791163950
    nanosec: 762705793
  frame_id: base_link
name:
- joint_x
- joint_y
position:
- 0.0
- 0.0
velocity:
- 0.0
- 0.0
effort:
- .nan
- .nan
---
header:
  stamp:
    sec: 1791163950
    nanosec: 782701899
  frame_id: base_link
name:
- joint_x
- joint_y
position:
- 0.0
- 0.0
velocity:
- 0.0
- 0.0
effort:
- .nan
- .nan
---
header:
  stamp:
    sec: 1791163950
    nanosec: 802722730
  frame_id: base_link
name:
- joint_x
- joint_y
position:
- 0.0
- 0.0
velocity:
- 0.0
- 0.0
effort:
- .nan
- .nan
---
header:
  stamp:
    sec: 1791163950
    nanosec: 822724388
  frame_id: base_link
name:
- joint_x
- joint_y
position:
- 0.0
- 0.0
velocity:
- 0.0
- 0.0
effort:
- .nan
- .nan
---
header:
  stamp:
    sec: 1791163950
    nanosec: 842728016
  frame_id: base_link
name:
- joint_x
- joint_y
position:
- 0.0
- 0.0
velocity:
- 0.0
- 0.0
effort:
- .nan
- .nan
---
header:
  stamp:
    sec: 1791163950
    nanosec: 862724807
  frame_id: base_link
name:
- joint_x
- joint_y
position:
- 0.0
- 0.0
velocity:
- 0.0
- 0.0
effort:
- .nan
- .nan
---
header:
  stamp:
    sec: 1791163950
    nanosec: 882732314
  frame_id: base_link
name:
- joint_x
- joint_y
position:
- 0.0
- 0.0
velocity:
- 0.0
- 0.0
effort:
- .nan
- .nan
---
header:
  stamp:
    sec: 1791163950
    nanosec: 902721772
  frame_id: base_link
name:
- joint_x
- joint_y
position:
- 0.0
- 0.0
velocity:
- 0.0
- 0.0
effort:
- .nan
- .nan
---
header:
  stamp:
    sec: 1791163950
    nanosec: 922724641
  frame_id: base_link
name:
- joint_x
- joint_y
position:
- 0.0
- 0.0
velocity:
- 0.0
- 0.0
effort:
- .nan
- .nan
---
header:
  stamp:
    sec: 1791163950
    nanosec: 942760411
  frame_id: base_link
name:
- joint_x
- joint_y
position:
- 0.0
- 0.0
velocity:
- 0.0
- 0.0
effort:
- .nan
- .nan
---
header:
  stamp:
    sec: 1791163950
    nanosec: 962740515
  frame_id: base_link
name:
- joint_x
- joint_y
position:
- 0.0
- 0.0
velocity:
- 0.0
- 0.0
effort:
- .nan
- .nan
---
header:
  stamp:
    sec: 1791163950
    nanosec: 982742467
  frame_id: base_link
name:
- joint_x
- joint_y
position:
- 0.0
- 0.0
velocity:
- 0.0
- 0.0
effort:
- .nan
- .nan
---
header:
  stamp:
    sec: 1791163951
    nanosec: 2738490
  frame_id: base_link
name:
- joint_x
- joint_y
position:
- 0.0
- 0.0
velocity:
- 0.0
- 0.0
effort:
- .nan
- .nan
---
header:
  stamp:
    sec: 1791163951
    nanosec: 22735236
  frame_id: base_link
name:
- joint_x
- joint_y
position:
- 0.0
- 0.0
velocity:
- 0.0
- 0.0
effort:
- .nan
- .nan
---
header:
  stamp:
    sec: 1791163951
    nanosec: 42738375
  frame_id: base_link
name:
- joint_x
- joint_y
position:
- 0.0
- 0.0
velocity:
- 0.0
- 0.0
effort:
- .nan
- .nan
---
header:
  stamp:
    sec: 1791163951
    nanosec: 62735950
  frame_id: base_link
name:
- joint_x
- joint_y
position:
- 0.0
- 0.0
velocity:
- 0.0
- 0.0
effort:
- .nan
- .nan
---
header:
  stamp:
    sec: 1791163951
    nanosec: 82720104
  frame_id: base_link
name:
- joint_x
- joint_y
position:
- 0.0
- 0.0
velocity:
- 0.0
- 0.0
effort:
- .nan
- .nan
---
header:
  stamp:
    sec: 1791163951
    nanosec: 102714610
  frame_id: base_link
name:
- joint_x
- joint_y
position:
- 0.0
- 0.0
velocity:
- 0.0
- 0.0
effort:
- .nan
- .nan
---
header:
  stamp:
    sec: 1791163951
    nanosec: 122716969
  frame_id: base_link
name:
- joint_x
- joint_y
position:
- 0.0
- 0.0
velocity:
- 0.0
- 0.0
effort:
- .nan
- .nan
---
header:
  stamp:
    sec: 1791163951
    nanosec: 142724544
  frame_id: base_link
name:
- joint_x
- joint_y
position:
- 0.0
- 0.0
velocity:
- 0.0
- 0.0
effort:
- .nan
- .nan
---
header:
  stamp:
    sec: 1791163951
    nanosec: 162714219
  frame_id: base_link
name:
- joint_x
- joint_y
position:
- 0.0
- 0.0
velocity:
- 0.0
- 0.0
effort:
- .nan
- .nan
---
header:
  stamp:
    sec: 1791163951
    nanosec: 182721927
  frame_id: base_link
name:
- joint_x
- joint_y
position:
- 0.0
- 0.0
velocity:
- 0.0
- 0.0
effort:
- .nan
- .nan
---
header:
  stamp:
    sec: 1791163951
    nanosec: 202745765
  frame_id: base_link
name:
- joint_x
- joint_y
position:
- 0.0
- 0.0
velocity:
- 0.0
- 0.0
effort:
- .nan
- .nan
---
header:
  stamp:
    sec: 1791163951
    nanosec: 222737703
  frame_id: base_link
name:
- joint_x
- joint_y
position:
- 0.0
- 0.0
velocity:
- 0.0
- 0.0
effort:
- .nan
- .nan
---
header:
  stamp:
    sec: 1791163951
    nanosec: 242732570
  frame_id: base_link
name:
- joint_x
- joint_y
position:
- 0.0
- 0.0
velocity:
- 0.0
- 0.0
effort:
- .nan
- .nan
---
header:
  stamp:
    sec: 1791163951
    nanosec: 262745027
  frame_id: base_link
name:
- joint_x
- joint_y
position:
- 0.0
- 0.0
velocity:
- 0.0
- 0.0
effort:
- .nan
- .nan
---
header:
  stamp:
    sec: 1791163951
    nanosec: 282728069
  frame_id: base_link
name:
- joint_x
- joint_y
position:
- 0.0
- 0.0
velocity:
- 0.0
- 0.0
effort:
- .nan
- .nan
---
header:
  stamp:
    sec: 1791163951
    nanosec: 302716832
  frame_id: base_link
name:
- joint_x
- joint_y
position:
- 0.0
- 0.0
velocity:
- 0.0
- 0.0
effort:
- .nan
- .nan
---
header:
  stamp:
    sec: 1791163951
    nanosec: 323043574
  frame_id: base_link
name:
- joint_x
- joint_y
position:
- 0.0
- 0.0
velocity:
- 0.0
- 0.0
effort:
- .nan
- .nan
---
header:
  stamp:
    sec: 1791163951
    nanosec: 342712556
  frame_id: base_link
name:
- joint_x
- joint_y
position:
- 0.0
- 0.0
velocity:
- 0.0
- 0.0
effort:
- .nan
- .nan
---
header:
  stamp:
    sec: 1791163951
    nanosec: 363165950
  frame_id: base_link
name:
- joint_x
- joint_y
position:
- 0.0
- 0.0
velocity:
- 0.0
- 0.0
effort:
- .nan
- .nan
---
header:
  stamp:
    sec: 1791163951
    nanosec: 382718100
  frame_id: base_link
name:
- joint_x
- joint_y
position:
- 0.0
- 0.0
velocity:
- 0.0
- 0.0
effort:
- .nan
- .nan
---
header:
  stamp:
    sec: 1791163951
    nanosec: 403687741
  frame_id: base_link
name:
- joint_x
- joint_y
position:
- 0.0
- 0.0
velocity:
- 0.0
- 0.0
effort:
- .nan
- .nan
---
header:
  stamp:
    sec: 1791163951
    nanosec: 424427805
  frame_id: base_link
name:
- joint_x
- joint_y
position:
- 0.0
- 0.0
velocity:
- 0.0
- 0.0
effort:
- .nan
- .nan
---
header:
  stamp:
    sec: 1791163951
    nanosec: 442689234
  frame_id: base_link
name:
- joint_x
- joint_y
position:
- 0.0
- 0.0
velocity:
- 0.0
- 0.0
effort:
- .nan
- .nan
---
header:
  stamp:
    sec: 1791163951
    nanosec: 462846487
  frame_id: base_link
name:
- joint_x
- joint_y
position:
- 0.0
- 0.0
velocity:
- 0.0
- 0.0
effort:
- .nan
- .nan
---
header:
  stamp:
    sec: 1791163951
    nanosec: 482737914
  frame_id: base_link
name:
- joint_x
- joint_y
position:
- 0.0
- 0.0
velocity:
- 0.0
- 0.0
effort:
- .nan
- .nan
---
header:
  stamp:
    sec: 1791163951
    nanosec: 502714340
  frame_id: base_link
name:
- joint_x
- joint_y
position:
- 0.0
- 0.0
velocity:
- 0.0
- 0.0
effort:
- .nan
- .nan
---
header:
  stamp:
    sec: 1791163951
    nanosec: 522718581
  frame_id: base_link
name:
- joint_x
- joint_y
position:
- 0.0
- 0.0
velocity:
- 0.0
- 0.0
effort:
- .nan
- .nan
---
header:
  stamp:
    sec: 1791163951
    nanosec: 542714383
  frame_id: base_link
name:
- joint_x
- joint_y
position:
- 0.0
- 0.0
velocity:
- 0.0
- 0.0
effort:
- .nan
- .nan
---
header:
  stamp:
    sec: 1791163951
    nanosec: 562712013
  frame_id: base_link
name:
- joint_x
- joint_y
position:
- 0.0
- 0.0
velocity:
- 0.0
- 0.0
effort:
- .nan
- .nan
---
header:
  stamp:
    sec: 1791163951
    nanosec: 582729089
  frame_id: base_link
name:
- joint_x
- joint_y
position:
- 0.0
- 0.0
velocity:
- 0.0
- 0.0
effort:
- .nan
- .nan
---
header:
  stamp:
    sec: 1791163951
    nanosec: 602721794
  frame_id: base_link
name:
- joint_x
- joint_y
position:
- 0.0
- 0.0
velocity:
- 0.0
- 0.0
effort:
- .nan
- .nan
---
header:
  stamp:
    sec: 1791163951
    nanosec: 622721631
  frame_id: base_link
name:
- joint_x
- joint_y
position:
- 0.0
- 0.0
velocity:
- 0.0
- 0.0
effort:
- .nan
- .nan
---
header:
  stamp:
    sec: 1791163951
    nanosec: 642716314
  frame_id: base_link
name:
- joint_x
- joint_y
position:
- 6.24999984211172e-06
- 6.24999984211172e-06
velocity:
- 0.0003124999930150807
- 0.0003124999930150807
effort:
- .nan
- .nan
---
header:
  stamp:
    sec: 1791163951
    nanosec: 662747809
  frame_id: base_link
name:
- joint_x
- joint_y
position:
- 2.499999936844688e-05
- 2.499999936844688e-05
velocity:
- 0.0009374999790452421
- 0.0009374999790452421
effort:
- .nan
- .nan
---
header:
  stamp:
    sec: 1791163951
    nanosec: 682717762
  frame_id: base_link
name:
- joint_x
- joint_y
position:
- 6.874999962747097e-05
- 6.874999962747097e-05
velocity:
- 0.0021875000093132257
- 0.0021875000093132257
effort:
- .nan
- .nan
---
header:
  stamp:
    sec: 1791163951
    nanosec: 702731787
  frame_id: base_link
name:
- joint_x
- joint_y
position:
- 0.0001250000059371814
- 0.0001250000059371814
velocity:
- 0.002812500111758709
- 0.002812500111758709
effort:
- .nan
- .nan
---
header:
  stamp:
    sec: 1791163951
    nanosec: 722728477
  frame_id: base_link
name:
- joint_x
- joint_y
position:
- 0.00019999999494757503
- 0.00019999999494757503
velocity:
- 0.0037499999161809683
- 0.0037499999161809683
effort:
- .nan
- .nan
---
header:
  stamp:
    sec: 1791163951
    nanosec: 742730765
  frame_id: base_link
name:
- joint_x
- joint_y
position:
- 0.00028750000637955964
- 0.00028750000637955964
velocity:
- 0.0043750000186264515
- 0.0043750000186264515
effort:
- .nan
- .nan
---
header:
  stamp:
    sec: 1791163951
    nanosec: 762725352
  frame_id: base_link
name:
- joint_x
- joint_y
position:
- 0.00039999998989515007
- 0.00039999998989515007
velocity:
- 0.0053571430034935474
- 0.0053571430034935474
effort:
- .nan
- .nan
---
header:
  stamp:
    sec: 1791163951
    nanosec: 782733142
  frame_id: base_link
name:
- joint_x
- joint_y
position:
- 0.0005187499918974936
- 0.0005249999812804163
velocity:
- 0.005937499925494194
- 0.005937499925494194
effort:
- .nan
- .nan
---
header:
  stamp:
    sec: 1791163951
    nanosec: 802717208
  frame_id: base_link
name:
- joint_x
- joint_y
position:
- 0.0006500000017695129
- 0.0006562499911524355
velocity:
- 0.006562499795109034
- 0.006562499795109034
effort:
- .nan
- .nan
---
header:
  stamp:
    sec: 1791163951
    nanosec: 822720286
  frame_id: base_link
name:
- joint_x
- joint_y
position:
- 0.0009562500054016709
- 0.0009500000160187483
velocity:
- 0.008124999701976776
- 0.0078125
effort:
- .nan
- .nan
---
header:
  stamp:
    sec: 1791163951
    nanosec: 842720543
  frame_id: base_link
name:
- joint_x
- joint_y
position:
- 0.0011312500573694706
- 0.0011312500573694706
velocity:
- 0.008750000037252903
- 0.009062499739229679
effort:
- .nan
- .nan
---
header:
  stamp:
    sec: 1791163951
    nanosec: 862719185
  frame_id: base_link
name:
- joint_x
- joint_y
position:
- 0.0013187499716877937
- 0.0013187499716877937
velocity:
- 0.00937500037252903
- 0.00937500037252903
effort:
- .nan
- .nan
---
header:
  stamp:
    sec: 1791163951
    nanosec: 882719180
  frame_id: base_link
name:
- joint_x
- joint_y
position:
- 0.0015124999918043613
- 0.0015124999918043613
velocity:
- 0.009687500074505806
- 0.009687500074505806
effort:
- .nan
- .nan
---
header:
  stamp:
    sec: 1791163951
    nanosec: 902730609
  frame_id: base_link
name:
- joint_x
- joint_y
position:
- 0.0017187499906867743
- 0.0017187499906867743
velocity:
- 0.010312500409781933
- 0.010312500409781933
effort:
- .nan
- .nan
---
header:
  stamp:
    sec: 1791163951
    nanosec: 922741616
  frame_id: base_link
name:
- joint_x
- joint_y
position:
- 0.0019312499789521098
- 0.0019312499789521098
velocity:
- 0.010625000111758709
- 0.010625000111758709
effort:
- .nan
- .nan
---
header:
  stamp:
    sec: 1791163951
    nanosec: 942715905
  frame_id: base_link
name:
- joint_x
- joint_y
position:
- 0.0021562499459832907
- 0.0021562499459832907
velocity:
- 0.011250000447034836
- 0.011250000447034836
effort:
- .nan
- .nan
---
header:
  stamp:
    sec: 1791163951
    nanosec: 962722524
  frame_id: base_link
name:
- joint_x
- joint_y
position:
- 0.002406249986961484
- 0.002400000113993883
velocity:
- 0.012500000186264515
- 0.012187499552965164
effort:
- .nan
- .nan
---
header:
  stamp:
    sec: 1791163951
    nanosec: 982721062
  frame_id: base_link
name:
- joint_x
- joint_y
position:
- 0.0026499999221414328
- 0.0026499999221414328
velocity:
- 0.012187499552965164
- 0.012500000186264515
effort:
- .nan
- .nan
---
header:
  stamp:
    sec: 1791163952
    nanosec: 2720188
  frame_id: base_link
name:
- joint_x
- joint_y
position:
- 0.0029062500689178705
- 0.0029062500689178705
velocity:
- 0.012812499888241291
- 0.012812499888241291
effort:
- .nan
- .nan
---
header:
  stamp:
    sec: 1791163952
    nanosec: 22726174
  frame_id: base_link
name:
- joint_x
- joint_y
position:
- 0.003168750088661909
- 0.003168750088661909
velocity:
- 0.013124999590218067
- 0.013124999590218067
effort:
- .nan
- .nan
---
header:
  stamp:
    sec: 1791163952
    nanosec: 42737097
  frame_id: base_link
name:
- joint_x
- joint_y
position:
- 0.0034562500659376383
- 0.0034562500659376383
velocity:
- 0.013690476305782795
- 0.013690476305782795
effort:
- .nan
- .nan
---
header:
  stamp:
    sec: 1791163952
    nanosec: 62728300
  frame_id: base_link
name:
- joint_x
- joint_y
position:
- 0.004050000105053186
- 0.004043749999254942
velocity:
- 0.014687499962747097
- 0.014687499962747097
effort:
- .nan
- .nan
---
header:
  stamp:
    sec: 1791163952
    nanosec: 82718572
  frame_id: base_link
name:
- joint_x
- joint_y
position:
- 0.004343749955296516
- 0.004343749955296516
velocity:
- 0.014999999664723873
- 0.014999999664723873
effort:
- .nan
- .nan
---
header:
  stamp:
    sec: 1791163952
    nanosec: 102731093
  frame_id: base_link
name:
- joint_x
- joint_y
position:
- 0.004650000017136335
- 0.004650000017136335
velocity:
- 0.015312500298023224
- 0.015312500298023224
effort:
- .nan
- .nan
---
header:
  stamp:
    sec: 1791163952
    nanosec: 122726349
  frame_id: base_link
name:
- joint_x
- joint_y
position:
- 0.004981250036507845
- 0.004981250036507845
velocity:
- 0.01577381044626236
- 0.01577381044626236
effort:
- .nan
- .nan
---
header:
  stamp:
    sec: 1791163952
    nanosec: 142728785
  frame_id: base_link
name:
- joint_x
- joint_y
position:
- 0.005318750161677599
- 0.005324999801814556
velocity:
- 0.016875000670552254
- 0.016875000670552254
effort:
- .nan
- .nan
---
header:
  stamp:
    sec: 1791163952
    nanosec: 162713380
  frame_id: base_link
name:
- joint_x
- joint_y
position:
- 0.005656249821186066
- 0.005656249821186066
velocity:
- 0.01656249910593033
- 0.01656249910593033
effort:
- .nan
- .nan
---
header:
  stamp:
    sec: 1791163952
    nanosec: 182731759
  frame_id: base_link
name:
- joint_x
- joint_y
position:
- 0.005987499840557575
- 0.005987499840557575
velocity:
- 0.016875000670552254
- 0.016875000670552254
effort:
- .nan
- .nan
---
header:
  stamp:
    sec: 1791163952
    nanosec: 202727719
  frame_id: base_link
name:
- joint_x
- joint_y
position:
- 0.006331250071525574
- 0.006331250071525574
velocity:
- 0.01718750037252903
- 0.016875000670552254
effort:
- .nan
- .nan
---
header:
  stamp:
    sec: 1791163952
    nanosec: 222727090
  frame_id: base_link
name:
- joint_x
- joint_y
position:
- 0.006681249942630529
- 0.006674999836832285
velocity:
- 0.01718750037252903
- 0.017500000074505806
effort:
- .nan
- .nan
---
header:
  stamp:
    sec: 1791163952
    nanosec: 242722861
  frame_id: base_link
name:
- joint_x
- joint_y
position:
- 0.0070500001311302185
- 0.0070500001311302185
velocity:
- 0.01785714365541935
- 0.01785714365541935
effort:
- .nan
- .nan
---
header:
  stamp:
    sec: 1791163952
    nanosec: 262727374
  frame_id: base_link
name:
- joint_x
- joint_y
position:
- 0.007424999959766865
- 0.007431250065565109
velocity:
- 0.01875000074505806
- 0.01875000074505806
effort:
- .nan
- .nan
---
header:
  stamp:
    sec: 1791163952
    nanosec: 282729126
  frame_id: base_link
name:
- joint_x
- joint_y
position:
- 0.008156250230967999
- 0.008156250230967999
velocity:
- 0.018437499180436134
- 0.018437499180436134
effort:
- .nan
- .nan
---
header:
  stamp:
    sec: 1791163952
    nanosec: 302685961
  frame_id: base_link
name:
- joint_x
- joint_y
position:
- 0.008531250059604645
- 0.008531250059604645
velocity:
- 0.01875000074505806
- 0.01875000074505806
effort:
- .nan
- .nan
---
header:
  stamp:
    sec: 1791163952
    nanosec: 322737428
  frame_id: base_link
name:
- joint_x
- joint_y
position:
- 0.008931250311434269
- 0.008931250311434269
velocity:
- 0.019687499850988388
- 0.019999999552965164
effort:
- .nan
- .nan
---
header:
  stamp:
    sec: 1791163952
    nanosec: 342698888
  frame_id: base_link
name:
- joint_x
- joint_y
position:
- 0.00931250024586916
- 0.00931250024586916
velocity:
- 0.019375000149011612
- 0.019062500447034836
effort:
- .nan
- .nan
---
header:
  stamp:
    sec: 1791163952
    nanosec: 362706426
  frame_id: base_link
name:
- joint_x
- joint_y
position:
- 0.009700000286102295
- 0.009700000286102295
velocity:
- 0.019375000149011612
- 0.019375000149011612
effort:
- .nan
- .nan
---
header:
  stamp:
    sec: 1791163952
    nanosec: 382738152
  frame_id: base_link
name:
- joint_x
- joint_y
position:
- 0.01008750032633543
- 0.01008750032633543
velocity:
- 0.019375000149011612
- 0.019375000149011612
effort:
- .nan
- .nan
---
header:
  stamp:
    sec: 1791163952
    nanosec: 402728302
  frame_id: base_link
name:
- joint_x
- joint_y
position:
- 0.010481249541044235
- 0.010481249541044235
velocity:
- 0.019687499850988388
- 0.019687499850988388
effort:
- .nan
- .nan
---
header:
  stamp:
    sec: 1791163952
    nanosec: 422697116
  frame_id: base_link
name:
- joint_x
- joint_y
position:
- 0.010900000110268593
- 0.010900000110268593
velocity:
- 0.01994047686457634
- 0.01994047686457634
effort:
- .nan
- .nan
---
header:
  stamp:
    sec: 1791163952
    nanosec: 442735051
  frame_id: base_link
name:
- joint_x
- joint_y
position:
- 0.01132499985396862
- 0.01132499985396862
velocity:
- 0.020937500521540642
- 0.020937500521540642
effort:
- .nan
- .nan
---
header:
  stamp:
    sec: 1791163952
    nanosec: 462727423
  frame_id: base_link
name:
- joint_x
- joint_y
position:
- 0.011725000105798244
- 0.011725000105798244
velocity:
- 0.02031249925494194
- 0.02031249925494194
effort:
- .nan
- .nan
---
header:
  stamp:
    sec: 1791163952
    nanosec: 482738981
  frame_id: base_link
name:
- joint_x
- joint_y
position:
- 0.012131250463426113
- 0.012131250463426113
velocity:
- 0.019999999552965164
- 0.019999999552965164
effort:
- .nan
- .nan
---
header:
  stamp:
    sec: 1791163952
    nanosec: 502736982
  frame_id: base_link
name:
- joint_x
- joint_y
position:
- 0.012537499889731407
- 0.012537499889731407
velocity:
- 0.02031249925494194
- 0.02031249925494194
effort:
- .nan
- .nan
---
header:
  stamp:
    sec: 1791163952
    nanosec: 522712185
  frame_id: base_link
name:
- joint_x
- joint_y
position:
- 0.012962499633431435
- 0.012962499633431435
velocity:
- 0.02053571492433548
- 0.02023809589445591
effort:
- .nan
- .nan
---
header:
  stamp:
    sec: 1791163952
    nanosec: 542738166
  frame_id: base_link
name:
- joint_x
- joint_y
position:
- 0.01379374973475933
- 0.01379374973475933
velocity:
- 0.02031249925494194
- 0.02031249925494194
effort:
- .nan
- .nan
---
header:
  stamp:
    sec: 1791163952
    nanosec: 562735156
  frame_id: base_link
name:
- joint_x
- joint_y
position:
- 0.014212500303983688
- 0.014206250198185444
velocity:
- 0.020625000819563866
- 0.020625000819563866
effort:
- .nan
- .nan
---
header:
  stamp:
    sec: 1791163952
    nanosec: 582695978
  frame_id: base_link
name:
- joint_x
- joint_y
position:
- 0.014624999836087227
- 0.014618749730288982
velocity:
- 0.020625000819563866
- 0.020625000819563866
effort:
- .nan
- .nan
---
header:
  stamp:
    sec: 1791163952
    nanosec: 602719071
  frame_id: base_link
name:
- joint_x
- joint_y
position:
- 0.015031250193715096
- 0.015031250193715096
velocity:
- 0.020625000819563866
- 0.02031249925494194
effort:
- .nan
- .nan
---
header:
  stamp:
    sec: 1791163952
    nanosec: 622697391
  frame_id: base_link
name:
- joint_x
- joint_y
position:
- 0.015468750149011612
- 0.015462500043213367
velocity:
- 0.02083333395421505
- 0.02083333395421505
effort:
- .nan
- .nan
---
header:
  stamp:
    sec: 1791163952
    nanosec: 642734475
  frame_id: base_link
name:
- joint_x
- joint_y
position:
- 0.01589374989271164
- 0.01589374989271164
velocity:
- 0.021250000223517418
- 0.021562499925494194
effort:
- .nan
- .nan
---
header:
  stamp:
    sec: 1791163952
    nanosec: 662725939
  frame_id: base_link
name:
- joint_x
- joint_y
position:
- 0.016306249424815178
- 0.016306249424815178
velocity:
- 0.020625000819563866
- 0.020625000819563866
effort:
- .nan
- .nan
---
header:
  stamp:
    sec: 1791163952
    nanosec: 682729915
  frame_id: base_link
name:
- joint_x
- joint_y
position:
- 0.016718750819563866
- 0.016718750819563866
velocity:
- 0.020625000819563866
- 0.02031249925494194
effort:
- .nan
- .nan
---
header:
  stamp:
    sec: 1791163952
    nanosec: 702731802
  frame_id: base_link
name:
- joint_x
- joint_y
position:
- 0.017131250351667404
- 0.017131250351667404
velocity:
- 0.02031249925494194
- 0.020625000819563866
effort:
- .nan
- .nan
---
header:
  stamp:
    sec: 1791163952
    nanosec: 722696035
  frame_id: base_link
name:
- joint_x
- joint_y
position:
- 0.017537500709295273
- 0.017537500709295273
velocity:
- 0.020625000819563866
- 0.02031249925494194
effort:
- .nan
- .nan
---
header:
  stamp:
    sec: 1791163952
    nanosec: 742724351
  frame_id: base_link
name:
- joint_x
- joint_y
position:
- 0.0179625004529953
- 0.0179625004529953
velocity:
- 0.02023809589445591
- 0.02053571492433548
effort:
- .nan
- .nan
---
header:
  stamp:
    sec: 1791163952
    nanosec: 762727705
  frame_id: base_link
name:
- joint_x
- joint_y
position:
- 0.018387500196695328
- 0.018393749371170998
velocity:
- 0.021250000223517418
- 0.021250000223517418
effort:
- .nan
- .nan
---
header:
  stamp:
    sec: 1791163952
    nanosec: 782724881
  frame_id: base_link
name:
- joint_x
- joint_y
position:
- 0.019181249663233757
- 0.019181249663233757
velocity:
- 0.019687499850988388
- 0.019999999552965164
effort:
- .nan
- .nan
---
header:
  stamp:
    sec: 1791163952
    nanosec: 802722993
  frame_id: base_link
name:
- joint_x
- joint_y
position:
- 0.019574999809265137
- 0.019574999809265137
velocity:
- 0.019687499850988388
- 0.019687499850988388
effort:
- .nan
- .nan
---
header:
  stamp:
    sec: 1791163952
    nanosec: 822704884
  frame_id: base_link
name:
- joint_x
- joint_y
position:
- 0.019993750378489494
- 0.019993750378489494
velocity:
- 0.020625000819563866
- 0.020625000819563866
effort:
- .nan
- .nan
---
header:
  stamp:
    sec: 1791163952
    nanosec: 842721062
  frame_id: base_link
name:
- joint_x
- joint_y
position:
- 0.020381249487400055
- 0.020381249487400055
velocity:
- 0.019687499850988388
- 0.019375000149011612
effort:
- .nan
- .nan
---
header:
  stamp:
    sec: 1791163952
    nanosec: 862725852
  frame_id: base_link
name:
- joint_x
- joint_y
position:
- 0.020768750458955765
- 0.020768750458955765
velocity:
- 0.019062500447034836
- 0.019687499850988388
effort:
- .nan
- .nan
---
header:
  stamp:
    sec: 1791163952
    nanosec: 882740300
  frame_id: base_link
name:
- joint_x
- joint_y
position:
- 0.021150000393390656
- 0.021150000393390656
velocity:
- 0.019062500447034836
- 0.019062500447034836
effort:
- .nan
- .nan
---
header:
  stamp:
    sec: 1791163952
    nanosec: 902686201
  frame_id: base_link
name:
- joint_x
- joint_y
position:
- 0.021524999290704727
- 0.021524999290704727
velocity:
- 0.019062500447034836
- 0.01875000074505806
effort:
- .nan
- .nan
---
header:
  stamp:
    sec: 1791163952
    nanosec: 922701451
  frame_id: base_link
name:
- joint_x
- joint_y
position:
- 0.021918749436736107
- 0.021918749436736107
velocity:
- 0.01875000074505806
- 0.01875000074505806
effort:
- .nan
- .nan
---
header:
  stamp:
    sec: 1791163952
    nanosec: 942702920
  frame_id: base_link
name:
- joint_x
- joint_y
position:
- 0.022306250408291817
- 0.022306250408291817
velocity:
- 0.019062500447034836
- 0.019062500447034836
effort:
- .nan
- .nan
---
header:
  stamp:
    sec: 1791163952
    nanosec: 962711801
  frame_id: base_link
name:
- joint_x
- joint_y
position:
- 0.0226687490940094
- 0.0226687490940094
velocity:
- 0.018124999478459358
- 0.018124999478459358
effort:
- .nan
- .nan
---
header:
  stamp:
    sec: 1791163952
    nanosec: 982740844
  frame_id: base_link
name:
- joint_x
- joint_y
position:
- 0.02303124964237213
- 0.02302500046789646
velocity:
- 0.018124999478459358
- 0.018124999478459358
effort:
- .nan
- .nan
---
header:
  stamp:
    sec: 1791163953
    nanosec: 2713315
  frame_id: base_link
name:
- joint_x
- joint_y
position:
- 0.023737499490380287
- 0.023737499490380287
velocity:
- 0.017812499776482582
- 0.018124999478459358
effort:
- .nan
- .nan
---
header:
  stamp:
    sec: 1791163953
    nanosec: 22705993
  frame_id: base_link
name:
- joint_x
- joint_y
position:
- 0.02408125065267086
- 0.02408125065267086
velocity:
- 0.016875000670552254
- 0.016875000670552254
effort:
- .nan
- .nan
---
header:
  stamp:
    sec: 1791163953
    nanosec: 42683798
  frame_id: base_link
name:
- joint_x
- joint_y
position:
- 0.024412499740719795
- 0.024412499740719795
velocity:
- 0.016875000670552254
- 0.01656249910593033
effort:
- .nan
- .nan
---
header:
  stamp:
    sec: 1791163953
    nanosec: 62694229
  frame_id: base_link
name:
- joint_x
- joint_y
position:
- 0.02473749965429306
- 0.02473749965429306
velocity:
- 0.016249999403953552
- 0.01656249910593033
effort:
- .nan
- .nan
---
header:
  stamp:
    sec: 1791163953
    nanosec: 82692841
  frame_id: base_link
name:
- joint_x
- joint_y
position:
- 0.025062499567866325
- 0.025056250393390656
velocity:
- 0.015937499701976776
- 0.015937499701976776
effort:
- .nan
- .nan
---
header:
  stamp:
    sec: 1791163953
    nanosec: 102694496
  frame_id: base_link
name:
- joint_x
- joint_y
position:
- 0.02538749948143959
- 0.02538749948143959
velocity:
- 0.01577381044626236
- 0.01577381044626236
effort:
- .nan
- .nan
---
header:
  stamp:
    sec: 1791163953
    nanosec: 122694863
  frame_id: base_link
name:
- joint_x
- joint_y
position:
- 0.025712499395012856
- 0.025706250220537186
velocity:
- 0.016249999403953552
- 0.015937499701976776
effort:
- .nan
- .nan
---
header:
  stamp:
    sec: 1791163953
    nanosec: 142695036
  frame_id: base_link
name:
- joint_x
- joint_y
position:
- 0.026006249710917473
- 0.026006249710917473
velocity:
- 0.014687499962747097
- 0.014999999664723873
effort:
- .nan
- .nan
---
header:
  stamp:
    sec: 1791163953
    nanosec: 162706022
  frame_id: base_link
name:
- joint_x
- joint_y
position:
- 0.02629375085234642
- 0.02630000002682209
velocity:
- 0.014375000260770321
- 0.014375000260770321
effort:
- .nan
- .nan
---
header:
  stamp:
    sec: 1791163953
    nanosec: 182696870
  frame_id: base_link
name:
- joint_x
- joint_y
position:
- 0.0265749990940094
- 0.02658125013113022
velocity:
- 0.01406249962747097
- 0.01406249962747097
effort:
- .nan
- .nan
---
header:
  stamp:
    sec: 1791163953
    nanosec: 202715641
  frame_id: base_link
name:
- joint_x
- joint_y
position:
- 0.026850000023841858
- 0.026850000023841858
velocity:
- 0.013749999925494194
- 0.013749999925494194
effort:
- .nan
- .nan
---
header:
  stamp:
    sec: 1791163953
    nanosec: 222706645
  frame_id: base_link
name:
- joint_x
- joint_y
position:
- 0.027131250128149986
- 0.027124999091029167
velocity:
- 0.013749999925494194
- 0.013749999925494194
effort:
- .nan
- .nan
---
header:
  stamp:
    sec: 1791163953
    nanosec: 242709404
  frame_id: base_link
name:
- joint_x
- joint_y
position:
- 0.02761875092983246
- 0.02762500010430813
velocity:
- 0.012187499552965164
- 0.012187499552965164
effort:
- .nan
- .nan
---
header:
  stamp:
    sec: 1791163953
    nanosec: 262690851
  frame_id: base_link
name:
- joint_x
- joint_y
position:
- 0.0278562493622303
- 0.0278562493622303
velocity:
- 0.011874999850988388
- 0.011874999850988388
effort:
- .nan
- .nan
---
header:
  stamp:
    sec: 1791163953
    nanosec: 282701609
  frame_id: base_link
name:
- joint_x
- joint_y
position:
- 0.028093749657273293
- 0.028093749657273293
velocity:
- 0.011309524066746235
- 0.011309524066746235
effort:
- .nan
- .nan
---
header:
  stamp:
    sec: 1791163953
    nanosec: 302704514
  frame_id: base_link
name:
- joint_x
- joint_y
position:
- 0.028318749740719795
- 0.028318749740719795
velocity:
- 0.011250000447034836
- 0.011250000447034836
effort:
- .nan
- .nan
---
header:
  stamp:
    sec: 1791163953
    nanosec: 322695867
  frame_id: base_link
name:
- joint_x
- joint_y
position:
- 0.02852500043809414
- 0.02852500043809414
velocity:
- 0.010312500409781933
- 0.010312500409781933
effort:
- .nan
- .nan
---
header:
  stamp:
    sec: 1791163953
    nanosec: 342692433
  frame_id: base_link
name:
- joint_x
- joint_y
position:
- 0.028718750923871994
- 0.028718750923871994
velocity:
- 0.00937500037252903
- 0.00937500037252903
effort:
- .nan
- .nan
---
header:
  stamp:
    sec: 1791163953
    nanosec: 362710465
  frame_id: base_link
name:
- joint_x
- joint_y
position:
- 0.02889999933540821
- 0.02889999933540821
velocity:
- 0.00937500037252903
- 0.00937500037252903
effort:
- .nan
- .nan
---
header:
  stamp:
    sec: 1791163953
    nanosec: 382704681
  frame_id: base_link
name:
- joint_x
- joint_y
position:
- 0.029068749397993088
- 0.029068749397993088
velocity:
- 0.008437500335276127
- 0.008437500335276127
effort:
- .nan
- .nan
---
header:
  stamp:
    sec: 1791163953
    nanosec: 402695100
  frame_id: base_link
name:
- joint_x
- joint_y
position:
- 0.029237499460577965
- 0.029237499460577965
velocity:
- 0.008035714738070965
- 0.008035714738070965
effort:
- .nan
- .nan
---
header:
  stamp:
    sec: 1791163953
    nanosec: 422719860
  frame_id: base_link
name:
- joint_x
- joint_y
position:
- 0.029393749311566353
- 0.029393749311566353
velocity:
- 0.0078125
- 0.0078125
effort:
- .nan
- .nan
---
header:
  stamp:
    sec: 1791163953
    nanosec: 442707296
  frame_id: base_link
name:
- joint_x
- joint_y
position:
- 0.029525000602006912
- 0.029525000602006912
velocity:
- 0.006562499795109034
- 0.006562499795109034
effort:
- .nan
- .nan
---
header:
  stamp:
    sec: 1791163953
    nanosec: 462730648
  frame_id: base_link
name:
- joint_x
- joint_y
position:
- 0.029650000855326653
- 0.029650000855326653
velocity:
- 0.0062500000931322575
- 0.0062500000931322575
effort:
- .nan
- .nan
---
header:
  stamp:
    sec: 1791163953
    nanosec: 482726484
  frame_id: base_link
name:
- joint_x
- joint_y
position:
- 0.029762500897049904
- 0.029762500897049904
velocity:
- 0.0053571430034935474
- 0.0053571430034935474
effort:
- .nan
- .nan
---
header:
  stamp:
    sec: 1791163953
    nanosec: 502733229
  frame_id: base_link
name:
- joint_x
- joint_y
position:
- 0.02994374930858612
- 0.02994374930858612
velocity:
- 0.004062499850988388
- 0.004062499850988388
effort:
- .nan
- .nan
---
header:
  stamp:
    sec: 1791163953
    nanosec: 522703574
  frame_id: base_link
name:
- joint_x
- joint_y
position:
- 0.030012499541044235
- 0.030012499541044235
velocity:
- 0.0034374999813735485
- 0.0034374999813735485
effort:
- .nan
- .nan
---
header:
  stamp:
    sec: 1791163953
    nanosec: 542717325
  frame_id: base_link
name:
- joint_x
- joint_y
position:
- 0.03006250038743019
- 0.03006250038743019
velocity:
- 0.0024999999441206455
- 0.0024999999441206455
effort:
- .nan
- .nan
---
header:
  stamp:
    sec: 1791163953
    nanosec: 562715728
  frame_id: base_link
name:
- joint_x
- joint_y
position:
- 0.030106250196695328
- 0.030106250196695328
velocity:
- 0.0021875000093132257
- 0.0021875000093132257
effort:
- .nan
- .nan
---
header:
  stamp:
    sec: 1791163953
    nanosec: 582723155
  frame_id: base_link
name:
- joint_x
- joint_y
position:
- 0.030131250619888306
- 0.030131250619888306
velocity:
- 0.0011904762359336019
- 0.0011904762359336019
effort:
- .nan
- .nan
---
header:
  stamp:
    sec: 1791163953
    nanosec: 602701626
  frame_id: base_link
name:
- joint_x
- joint_y
position:
- 0.030143750831484795
- 0.030143750831484795
velocity:
- 0.0006249999860301614
- 0.0006249999860301614
effort:
- .nan
- .nan
---
header:
  stamp:
    sec: 1791163953
    nanosec: 622713569
  frame_id: base_link
name:
- joint_x
- joint_y
position:
- 0.030137499794363976
- 0.030137499794363976
velocity:
- -0.0003124999930150807
- -0.0003124999930150807
effort:
- .nan
- .nan
---
header:
  stamp:
    sec: 1791163953
    nanosec: 642707384
  frame_id: base_link
name:
- joint_x
- joint_y
position:
- 0.030118750408291817
- 0.030118750408291817
velocity:
- -0.0009374999790452421
- -0.0009374999790452421
effort:
- .nan
- .nan
---
header:
  stamp:
    sec: 1791163953
    nanosec: 662703060
  frame_id: base_link
name:
- joint_x
- joint_y
position:
- 0.03008750081062317
- 0.03008750081062317
velocity:
- -0.0015625000232830644
- -0.0015625000232830644
effort:
- .nan
- .nan
---
header:
  stamp:
    sec: 1791163953
    nanosec: 682714627
  frame_id: base_link
name:
- joint_x
- joint_y
position:
- 0.030037499964237213
- 0.030037499964237213
velocity:
- -0.0024999999441206455
- -0.0024999999441206455
effort:
- .nan
- .nan
---
header:
  stamp:
    sec: 1791163953
    nanosec: 702707884
  frame_id: base_link
name:
- joint_x
- joint_y
position:
- 0.0299687497317791
- 0.0299687497317791
velocity:
- -0.0034374999813735485
- -0.0034374999813735485
effort:
- .nan
- .nan
---
header:
  stamp:
    sec: 1791163953
    nanosec: 722718161
  frame_id: base_link
name:
- joint_x
- joint_y
position:
- 0.02979999966919422
- 0.02979999966919422
velocity:
- -0.0043750000186264515
- -0.0043750000186264515
effort:
- .nan
- .nan
---
header:
  stamp:
    sec: 1791163953
    nanosec: 742695615
  frame_id: base_link
name:
- joint_x
- joint_y
position:
- 0.02969375066459179
- 0.02968749962747097
velocity:
- -0.0053125000558793545
- -0.0053125000558793545
effort:
- .nan
- .nan
---
header:
  stamp:
    sec: 1791163953
    nanosec: 762723937
  frame_id: base_link
name:
- joint_x
- joint_y
position:
- 0.02956875041127205
- 0.02956875041127205
velocity:
- -0.0062500000931322575
- -0.0062500000931322575
effort:
- .nan
- .nan
---
header:
  stamp:
    sec: 1791163953
    nanosec: 782735179
  frame_id: base_link
name:
- joint_x
- joint_y
position:
- 0.02943749912083149
- 0.02943749912083149
velocity:
- -0.006562499795109034
- -0.006562499795109034
effort:
- .nan
- .nan
---
header:
  stamp:
    sec: 1791163953
    nanosec: 802748117
  frame_id: base_link
name:
- joint_x
- joint_y
position:
- 0.02929374948143959
- 0.02929374948143959
velocity:
- -0.0071875001303851604
- -0.0071875001303851604
effort:
- .nan
- .nan
---
header:
  stamp:
    sec: 1791163953
    nanosec: 822737302
  frame_id: base_link
name:
- joint_x
- joint_y
position:
- 0.029137499630451202
- 0.029137499630451202
velocity:
- -0.0078125
- -0.0078125
effort:
- .nan
- .nan
---
header:
  stamp:
    sec: 1791163953
    nanosec: 842736022
  frame_id: base_link
name:
- joint_x
- joint_y
position:
- 0.028968749567866325
- 0.028968749567866325
velocity:
- -0.008437500335276127
- -0.008437500335276127
effort:
- .nan
- .nan
---
header:
  stamp:
    sec: 1791163953
    nanosec: 862772654
  frame_id: base_link
name:
- joint_x
- joint_y
position:
- 0.02878125011920929
- 0.02878125011920929
velocity:
- -0.008928571827709675
- -0.008928571827709675
effort:
- .nan
- .nan
---
header:
  stamp:
    sec: 1791163953
    nanosec: 882741050
  frame_id: base_link
name:
- joint_x
- joint_y
position:
- 0.028581250458955765
- 0.028574999421834946
velocity:
- -0.009999999776482582
- -0.010312500409781933
effort:
- .nan
- .nan
---
header:
  stamp:
    sec: 1791163953
    nanosec: 902736489
  frame_id: base_link
name:
- joint_x
- joint_y
position:
- 0.02837499976158142
- 0.02837499976158142
velocity:
- -0.010312500409781933
- -0.009999999776482582
effort:
- .nan
- .nan
---
header:
  stamp:
    sec: 1791163953
    nanosec: 922709027
  frame_id: base_link
name:
- joint_x
- joint_y
position:
- 0.028162499889731407
- 0.028162499889731407
velocity:
- -0.010625000111758709
- -0.010625000111758709
effort:
- .nan
- .nan
---
header:
  stamp:
    sec: 1791163953
    nanosec: 942713582
  frame_id: base_link
name:
- joint_x
- joint_y
position:
- 0.027937499806284904
- 0.027937499806284904
velocity:
- -0.010937499813735485
- -0.010937499813735485
effort:
- .nan
- .nan
---
header:
  stamp:
    sec: 1791163953
    nanosec: 962725216
  frame_id: base_link
name:
- joint_x
- joint_y
position:
- 0.02745625004172325
- 0.02745625004172325
velocity:
- -0.012187499552965164
- -0.012187499552965164
effort:
- .nan
- .nan
---
header:
  stamp:
    sec: 1791163953
    nanosec: 982710533
  frame_id: base_link
name:
- joint_x
- joint_y
position:
- 0.0272000003606081
- 0.0272000003606081
velocity:
- -0.012812499888241291
- -0.012812499888241291
effort:
- .nan
- .nan
---
header:
  stamp:
    sec: 1791163954
    nanosec: 2706383
  frame_id: base_link
name:
- joint_x
- joint_y
position:
- 0.02693749964237213
- 0.02693749964237213
velocity:
- -0.013124999590218067
- -0.013124999590218067
effort:
- .nan
- .nan
---
header:
  stamp:
    sec: 1791163954
    nanosec: 22723187
  frame_id: base_link
name:
- joint_x
- joint_y
position:
- 0.026668749749660492
- 0.026668749749660492
velocity:
- -0.013437500223517418
- -0.013437500223517418
effort:
- .nan
- .nan
---
header:
  stamp:
    sec: 1791163954
    nanosec: 42715425
  frame_id: base_link
name:
- joint_x
- joint_y
position:
- 0.026374999433755875
- 0.026374999433755875
velocity:
- -0.013988095335662365
- -0.013988095335662365
effort:
- .nan
- .nan
---
header:
  stamp:
    sec: 1791163954
    nanosec: 62712617
  frame_id: base_link
name:
- joint_x
- joint_y
position:
- 0.026068750768899918
- 0.026068750768899918
velocity:
- -0.015312500298023224
- -0.015312500298023224
effort:
- .nan
- .nan
---
header:
  stamp:
    sec: 1791163954
    nanosec: 82717613
  frame_id: base_link
name:
- joint_x
- joint_y
position:
- 0.0257750004529953
- 0.0257750004529953
velocity:
- -0.014687499962747097
- -0.014687499962747097
effort:
- .nan
- .nan
---
header:
  stamp:
    sec: 1791163954
    nanosec: 102711735
  frame_id: base_link
name:
- joint_x
- joint_y
position:
- 0.025468749925494194
- 0.025468749925494194
velocity:
- -0.015312500298023224
- -0.015312500298023224
effort:
- .nan
- .nan
---
header:
  stamp:
    sec: 1791163954
    nanosec: 122715748
  frame_id: base_link
name:
- joint_x
- joint_y
position:
- 0.025156250223517418
- 0.025162499397993088
velocity:
- -0.015625
- -0.015312500298023224
effort:
- .nan
- .nan
---
header:
  stamp:
    sec: 1791163954
    nanosec: 142732371
  frame_id: base_link
name:
- joint_x
- joint_y
position:
- 0.024837499484419823
- 0.024837499484419823
velocity:
- -0.015937499701976776
- -0.016249999403953552
effort:
- .nan
- .nan
---
header:
  stamp:
    sec: 1791163954
    nanosec: 162725596
  frame_id: base_link
name:
- joint_x
- joint_y
position:
- 0.0244937501847744
- 0.0244937501847744
velocity:
- -0.01718750037252903
- -0.01718750037252903
effort:
- .nan
- .nan
---
header:
  stamp:
    sec: 1791163954
    nanosec: 182726749
  frame_id: base_link
name:
- joint_x
- joint_y
position:
- 0.02382499910891056
- 0.02382499910891056
velocity:
- -0.016875000670552254
- -0.016875000670552254
effort:
- .nan
- .nan
---
header:
  stamp:
    sec: 1791163954
    nanosec: 202731768
  frame_id: base_link
name:
- joint_x
- joint_y
position:
- 0.023481249809265137
- 0.023481249809265137
velocity:
- -0.01718750037252903
- -0.01718750037252903
effort:
- .nan
- .nan
---
header:
  stamp:
    sec: 1791163954
    nanosec: 222714166
  frame_id: base_link
name:
- joint_x
- joint_y
position:
- 0.023112500086426735
- 0.023112500086426735
velocity:
- -0.018437499180436134
- -0.018437499180436134
effort:
- .nan
- .nan
---
header:
  stamp:
    sec: 1791163954
    nanosec: 242710066
  frame_id: base_link
name:
- joint_x
- joint_y
position:
- 0.022756250575184822
- 0.022756250575184822
velocity:
- -0.017812499776482582
- -0.017812499776482582
effort:
- .nan
- .nan
---
header:
  stamp:
    sec: 1791163954
    nanosec: 262719888
  frame_id: base_link
name:
- joint_x
- joint_y
position:
- 0.022756250575184822
- 0.022756250575184822
velocity:
- -0.017812499776482582
- -0.017812499776482582
effort:
- .nan
- .nan
---
header:
  stamp:
    sec: 1791163954
    nanosec: 282732217
  frame_id: base_link
name:
- joint_x
- joint_y
position:
- 0.02202500030398369
- 0.02202500030398369
velocity:
- -0.018437499180436134
- -0.018124999478459358
effort:
- .nan
- .nan
---
header:
  stamp:
    sec: 1791163954
    nanosec: 302710775
  frame_id: base_link
name:
- joint_x
- joint_y
position:
- 0.021649999544024467
- 0.021656250581145287
velocity:
- -0.01875000074505806
- -0.01875000074505806
effort:
- .nan
- .nan
---
header:
  stamp:
    sec: 1791163954
    nanosec: 322723453
  frame_id: base_link
name:
- joint_x
- joint_y
position:
- 0.021256249397993088
- 0.021256249397993088
velocity:
- -0.01875000074505806
- -0.01904761977493763
effort:
- .nan
- .nan
---
header:
  stamp:
    sec: 1791163954
    nanosec: 342720436
  frame_id: base_link
name:
- joint_x
- joint_y
position:
- 0.02085000090301037
- 0.020856250077486038
velocity:
- -0.019999999552965164
- -0.019999999552965164
effort:
- .nan
- .nan
---
header:
  stamp:
    sec: 1791163954
    nanosec: 362732749
  frame_id: base_link
name:
- joint_x
- joint_y
position:
- 0.02046874910593033
- 0.02046874910593033
velocity:
- -0.019062500447034836
- -0.019062500447034836
effort:
- .nan
- .nan
---
header:
  stamp:
    sec: 1791163954
    nanosec: 382711667
  frame_id: base_link
name:
- joint_x
- joint_y
position:
- 0.020081249997019768
- 0.020081249997019768
velocity:
- -0.019687499850988388
- -0.019375000149011612
effort:
- .nan
- .nan
---
header:
  stamp:
    sec: 1791163954
    nanosec: 402731325
  frame_id: base_link
name:
- joint_x
- joint_y
position:
- 0.019693750888109207
- 0.019693750888109207
velocity:
- -0.019375000149011612
- -0.019687499850988388
effort:
- .nan
- .nan
---
header:
  stamp:
    sec: 1791163954
    nanosec: 422726139
  frame_id: base_link
name:
- joint_x
- joint_y
position:
- 0.01886250078678131
- 0.01886250078678131
velocity:
- -0.020937500521540642
- -0.020937500521540642
effort:
- .nan
- .nan
---
header:
  stamp:
    sec: 1791163954
    nanosec: 442720147
  frame_id: base_link
name:
- joint_x
- joint_y
position:
- 0.018462499603629112
- 0.018456250429153442
velocity:
- -0.019999999552965164
- -0.019999999552965164
effort:
- .nan
- .nan
---
header:
  stamp:
    sec: 1791163954
    nanosec: 462712043
  frame_id: base_link
name:
- joint_x
- joint_y
position:
- 0.018056249246001244
- 0.018056249246001244
velocity:
- -0.02031249925494194
- -0.02031249925494194
effort:
- .nan
- .nan
---
header:
  stamp:
    sec: 1791163954
    nanosec: 482724356
  frame_id: base_link
name:
- joint_x
- joint_y
position:
- 0.017650000751018524
- 0.017650000751018524
velocity:
- -0.02031249925494194
- -0.019999999552965164
effort:
- .nan
- .nan
---
header:
  stamp:
    sec: 1791163954
    nanosec: 502723887
  frame_id: base_link
name:
- joint_x
- joint_y
position:
- 0.017243750393390656
- 0.017243750393390656
velocity:
- -0.02031249925494194
- -0.02031249925494194
effort:
- .nan
- .nan
---
header:
  stamp:
    sec: 1791163954
    nanosec: 522717935
  frame_id: base_link
name:
- joint_x
- joint_y
position:
- 0.01681249961256981
- 0.016818750649690628
velocity:
- -0.021562499925494194
- -0.021562499925494194
effort:
- .nan
- .nan
---
header:
  stamp:
    sec: 1791163954
    nanosec: 542716901
  frame_id: base_link
name:
- joint_x
- joint_y
position:
- 0.01640624925494194
- 0.01640624925494194
velocity:
- -0.02031249925494194
- -0.020625000819563866
effort:
- .nan
- .nan
---
header:
  stamp:
    sec: 1791163954
    nanosec: 562744384
  frame_id: base_link
name:
- joint_x
- joint_y
position:
- 0.015993749722838402
- 0.015993749722838402
velocity:
- -0.02031249925494194
- -0.020625000819563866
effort:
- .nan
- .nan
---
header:
  stamp:
    sec: 1791163954
    nanosec: 582722694
  frame_id: base_link
name:
- joint_x
- joint_y
position:
- 0.015581250190734863
- 0.015581250190734863
velocity:
- -0.020625000819563866
- -0.02031249925494194
effort:
- .nan
- .nan
---
header:
  stamp:
    sec: 1791163954
    nanosec: 602712259
  frame_id: base_link
name:
- joint_x
- joint_y
position:
- 0.01516874972730875
- 0.01516874972730875
velocity:
- -0.020625000819563866
- -0.020937500521540642
effort:
- .nan
- .nan
---
header:
  stamp:
    sec: 1791163954
    nanosec: 622731418
  frame_id: base_link
name:
- joint_x
- joint_y
position:
- 0.014737499877810478
- 0.014737499877810478
velocity:
- -0.02083333395421505
- -0.02053571492433548
effort:
- .nan
- .nan
---
header:
  stamp:
    sec: 1791163954
    nanosec: 642755857
  frame_id: base_link
name:
- joint_x
- joint_y
position:
- 0.014299999922513962
- 0.014299999922513962
velocity:
- -0.021562499925494194
- -0.021562499925494194
effort:
- .nan
- .nan
---
header:
  stamp:
    sec: 1791163954
    nanosec: 662759431
  frame_id: base_link
name:
- joint_x
- joint_y
position:
- 0.013487500138580799
- 0.013493750244379044
velocity:
- -0.020625000819563866
- -0.02031249925494194
effort:
- .nan
- .nan
---
header:
  stamp:
    sec: 1791163954
    nanosec: 682749226
  frame_id: base_link
name:
- joint_x
- joint_y
position:
- 0.013074999675154686
- 0.013074999675154686
velocity:
- -0.02031249925494194
- -0.020625000819563866
effort:
- .nan
- .nan
---
header:
  stamp:
    sec: 1791163954
    nanosec: 702755528
  frame_id: base_link
name:
- joint_x
- joint_y
position:
- 0.012649999931454659
- 0.012649999931454659
velocity:
- -0.02053571492433548
- -0.02053571492433548
effort:
- .nan
- .nan
---
header:
  stamp:
    sec: 1791163954
    nanosec: 722741954
  frame_id: base_link
name:
- joint_x
- joint_y
position:
- 0.012218750081956387
- 0.012225000187754631
velocity:
- -0.021562499925494194
- -0.021250000223517418
effort:
- .nan
- .nan
---
header:
  stamp:
    sec: 1791163954
    nanosec: 742759976
  frame_id: base_link
name:
- joint_x
- joint_y
position:
- 0.011818749830126762
- 0.011818749830126762
velocity:
- -0.019999999552965164
- -0.02031249925494194
effort:
- .nan
- .nan
---
header:
  stamp:
    sec: 1791163954
    nanosec: 762723392
  frame_id: base_link
name:
- joint_x
- joint_y
position:
- 0.011412500403821468
- 0.011412500403821468
velocity:
- -0.02031249925494194
- -0.02031249925494194
effort:
- .nan
- .nan
---
header:
  stamp:
    sec: 1791163954
    nanosec: 782701357
  frame_id: base_link
name:
- joint_x
- joint_y
position:
- 0.011018750257790089
- 0.011018750257790089
velocity:
- -0.019687499850988388
- -0.019687499850988388
effort:
- .nan
- .nan
---
header:
  stamp:
    sec: 1791163954
    nanosec: 802746926
  frame_id: base_link
name:
- joint_x
- joint_y
position:
- 0.010618750005960464
- 0.010618750005960464
velocity:
- -0.019999999552965164
- -0.019999999552965164
effort:
- .nan
- .nan
---
header:
  stamp:
    sec: 1791163954
    nanosec: 822703559
  frame_id: base_link
name:
- joint_x
- joint_y
position:
- 0.010206249542534351
- 0.010206249542534351
velocity:
- -0.020625000819563866
- -0.020625000819563866
effort:
- .nan
- .nan
---
header:
  stamp:
    sec: 1791163954
    nanosec: 842695298
  frame_id: base_link
name:
- joint_x
- joint_y
position:
- 0.009812500327825546
- 0.009812500327825546
velocity:
- -0.019375000149011612
- -0.019375000149011612
effort:
- .nan
- .nan
---
header:
  stamp:
    sec: 1791163954
    nanosec: 862712099
  frame_id: base_link
name:
- joint_x
- joint_y
position:
- 0.009425000287592411
- 0.009425000287592411
velocity:
- -0.019375000149011612
- -0.019375000149011612
effort:
- .nan
- .nan
---
header:
  stamp:
    sec: 1791163954
    nanosec: 882707396
  frame_id: base_link
name:
- joint_x
- joint_y
position:
- 0.00904375035315752
- 0.00904375035315752
velocity:
- -0.019375000149011612
- -0.019375000149011612
effort:
- .nan
- .nan
---
header:
  stamp:
    sec: 1791163954
    nanosec: 902706325
  frame_id: base_link
name:
- joint_x
- joint_y
position:
- 0.00826875027269125
- 0.00826875027269125
velocity:
- -0.019062500447034836
- -0.01875000074505806
effort:
- .nan
- .nan
---
header:
  stamp:
    sec: 1791163954
    nanosec: 922706662
  frame_id: base_link
name:
- joint_x
- joint_y
position:
- 0.007899999618530273
- 0.007899999618530273
velocity:
- -0.018437499180436134
- -0.018437499180436134
effort:
- .nan
- .nan
---
header:
  stamp:
    sec: 1791163954
    nanosec: 942717067
  frame_id: base_link
name:
- joint_x
- joint_y
position:
- 0.007537500001490116
- 0.007537500001490116
velocity:
- -0.018124999478459358
- -0.018124999478459358
effort:
- .nan
- .nan
---
header:
  stamp:
    sec: 1791163954
    nanosec: 962721847
  frame_id: base_link
name:
- joint_x
- joint_y
position:
- 0.0071749999187886715
- 0.0071749999187886715
velocity:
- -0.018124999478459358
- -0.018124999478459358
effort:
- .nan
- .nan
---
header:
  stamp:
    sec: 1791163954
    nanosec: 982704307
  frame_id: base_link
name:
- joint_x
- joint_y
position:
- 0.006800000090152025
- 0.006800000090152025
velocity:
- -0.01785714365541935
- -0.01785714365541935
effort:
- .nan
- .nan
---
header:
  stamp:
    sec: 1791163955
    nanosec: 2725660
  frame_id: base_link
name:
- joint_x
- joint_y
position:
- 0.006431249901652336
- 0.006431249901652336
velocity:
- -0.018437499180436134
- -0.018437499180436134
effort:
- .nan
- .nan
---
header:
  stamp:
    sec: 1791163955
    nanosec: 22684122
  frame_id: base_link
name:
- joint_x
- joint_y
position:
- 0.006087500136345625
- 0.006087500136345625
velocity:
- -0.01718750037252903
- -0.016875000670552254
effort:
- .nan
- .nan
---
header:
  stamp:
    sec: 1791163955
    nanosec: 42722054
  frame_id: base_link
name:
- joint_x
- joint_y
position:
- 0.005750000011175871
- 0.005750000011175871
velocity:
- -0.016875000670552254
- -0.016875000670552254
effort:
- .nan
- .nan
---
header:
  stamp:
    sec: 1791163955
    nanosec: 62735961
  frame_id: base_link
name:
- joint_x
- joint_y
position:
- 0.005418749991804361
- 0.005418749991804361
velocity:
- -0.016249999403953552
- -0.01656249910593033
effort:
- .nan
- .nan
---
header:
  stamp:
    sec: 1791163955
    nanosec: 82731961
  frame_id: base_link
name:
- joint_x
- joint_y
position:
- 0.005093750078231096
- 0.005093750078231096
velocity:
- -0.016249999403953552
- -0.016249999403953552
effort:
- .nan
- .nan
---
header:
  stamp:
    sec: 1791163955
    nanosec: 102722127
  frame_id: base_link
name:
- joint_x
- joint_y
position:
- 0.004762500058859587
- 0.004762500058859587
velocity:
- -0.01607142947614193
- -0.01607142947614193
effort:
- .nan
- .nan
---
header:
  stamp:
    sec: 1791163955
    nanosec: 122681222
  frame_id: base_link
name:
- joint_x
- joint_y
position:
- 0.004143749829381704
- 0.004143749829381704
velocity:
- -0.014999999664723873
- -0.014999999664723873
effort:
- .nan
- .nan
---
header:
  stamp:
    sec: 1791163955
    nanosec: 142729600
  frame_id: base_link
name:
- joint_x
- joint_y
position:
- 0.0038499999791383743
- 0.0038499999791383743
velocity:
- -0.014687499962747097
- -0.014687499962747097
effort:
- .nan
- .nan
---
header:
  stamp:
    sec: 1791163955
    nanosec: 162682257
  frame_id: base_link
name:
- joint_x
- joint_y
position:
- 0.003562500001862645
- 0.0035687501076608896
velocity:
- -0.014375000260770321
- -0.01406249962747097
effort:
- .nan
- .nan
---
header:
  stamp:
    sec: 1791163955
    nanosec: 182741869
  frame_id: base_link
name:
- joint_x
- joint_y
position:
- 0.003275000024586916
- 0.003275000024586916
velocity:
- -0.014375000260770321
- -0.014687499962747097
effort:
- .nan
- .nan
---
header:
  stamp:
    sec: 1791163955
    nanosec: 202703407
  frame_id: base_link
name:
- joint_x
- joint_y
position:
- 0.003006249899044633
- 0.003006249899044633
velocity:
- -0.013437500223517418
- -0.013437500223517418
effort:
- .nan
- .nan
---
header:
  stamp:
    sec: 1791163955
    nanosec: 222678343
  frame_id: base_link
name:
- joint_x
- joint_y
position:
- 0.002743750112131238
- 0.002749999985098839
velocity:
- -0.012812499888241291
- -0.012812499888241291
effort:
- .nan
- .nan
---
header:
  stamp:
    sec: 1791163955
    nanosec: 242729961
  frame_id: base_link
name:
- joint_x
- joint_y
position:
- 0.0024999999441206455
- 0.0024999999441206455
velocity:
- -0.012500000186264515
- -0.012500000186264515
effort:
- .nan
- .nan
---
header:
  stamp:
    sec: 1791163955
    nanosec: 262722799
  frame_id: base_link
name:
- joint_x
- joint_y
position:
- 0.0022562500089406967
- 0.0022562500089406967
velocity:
- -0.011874999850988388
- -0.011874999850988388
effort:
- .nan
- .nan
---
header:
  stamp:
    sec: 1791163955
    nanosec: 282736310
  frame_id: base_link
name:
- joint_x
- joint_y
position:
- 0.002012500073760748
- 0.0020187499467283487
velocity:
- -0.012187499552965164
- -0.012187499552965164
effort:
- .nan
- .nan
---
header:
  stamp:
    sec: 1791163955
    nanosec: 302730899
  frame_id: base_link
name:
- joint_x
- joint_y
position:
- 0.0017937499796971679
- 0.0017937499796971679
velocity:
- -0.010937499813735485
- -0.011250000447034836
effort:
- .nan
- .nan
---
header:
  stamp:
    sec: 1791163955
    nanosec: 322680147
  frame_id: base_link
name:
- joint_x
- joint_y
position:
- 0.001587499980814755
- 0.001587499980814755
velocity:
- -0.010625000111758709
- -0.010312500409781933
effort:
- .nan
- .nan
---
header:
  stamp:
    sec: 1791163955
    nanosec: 342680093
  frame_id: base_link
name:
- joint_x
- joint_y
position:
- 0.0013874999713152647
- 0.0013874999713152647
velocity:
- -0.009999999776482582
- -0.009999999776482582
effort:
- .nan
- .nan
---
header:
  stamp:
    sec: 1791163955
    nanosec: 362729570
  frame_id: base_link
name:
- joint_x
- joint_y
position:
- 0.0010125000262632966
- 0.0010125000262632966
velocity:
- -0.008750000037252903
- -0.008750000037252903
effort:
- .nan
- .nan
---
header:
  stamp:
    sec: 1791163955
    nanosec: 382670183
  frame_id: base_link
name:
- joint_x
- joint_y
position:
- 0.0008500000112690032
- 0.0008500000112690032
velocity:
- -0.008437500335276127
- -0.008437500335276127
effort:
- .nan
- .nan
---
header:
  stamp:
    sec: 1791163955
    nanosec: 402667304
  frame_id: base_link
name:
- joint_x
- joint_y
position:
- 0.000699999975040555
- 0.000699999975040555
velocity:
- -0.007499999832361937
- -0.007499999832361937
effort:
- .nan
- .nan
---
header:
  stamp:
    sec: 1791163955
    nanosec: 422676948
  frame_id: base_link
name:
- joint_x
- joint_y
position:
- 0.0005562499864026904
- 0.0005562499864026904
velocity:
- -0.0071875001303851604
- -0.0071875001303851604
effort:
- .nan
- .nan
---
header:
  stamp:
    sec: 1791163955
    nanosec: 442678989
  frame_id: base_link
name:
- joint_x
- joint_y
position:
- 0.00041874998714774847
- 0.00041874998714774847
velocity:
- -0.0065476191230118275
- -0.0065476191230118275
effort:
- .nan
- .nan
---
header:
  stamp:
    sec: 1791163955
    nanosec: 462666986
  frame_id: base_link
name:
- joint_x
- joint_y
position:
- 0.0003000000142492354
- 0.0003000000142492354
velocity:
- -0.005937499925494194
- -0.005937499925494194
effort:
- .nan
- .nan
---
header:
  stamp:
    sec: 1791163955
    nanosec: 482683588
  frame_id: base_link
name:
- joint_x
- joint_y
position:
- 0.00019375000556465238
- 0.00019375000556465238
velocity:
- -0.0053125000558793545
- -0.0053125000558793545
effort:
- .nan
- .nan
---
header:
  stamp:
    sec: 1791163955
    nanosec: 502694631
  frame_id: base_link
name:
- joint_x
- joint_y
position:
- 0.0001062500014086254
- 0.0001062500014086254
velocity:
- -0.0043750000186264515
- -0.0043750000186264515
effort:
- .nan
- .nan
---
header:
  stamp:
    sec: 1791163955
    nanosec: 522676167
  frame_id: base_link
name:
- joint_x
- joint_y
position:
- 3.125000148429535e-05
- 3.125000148429535e-05
velocity:
- -0.0037499999161809683
- -0.0037499999161809683
effort:
- .nan
- .nan
---
header:
  stamp:
    sec: 1791163955
    nanosec: 542669966
  frame_id: base_link
name:
- joint_x
- joint_y
position:
- -3.125000148429535e-05
- -3.125000148429535e-05
velocity:
- -0.0031250000465661287
- -0.0031250000465661287
effort:
- .nan
- .nan
---
header:
  stamp:
    sec: 1791163955
    nanosec: 562679688
  frame_id: base_link
name:
- joint_x
- joint_y
position:
- -8.749999688006938e-05
- -8.749999688006938e-05
velocity:
- -0.002812500111758709
- -0.002812500111758709
effort:
- .nan
- .nan
---
header:
  stamp:
    sec: 1791163955
    nanosec: 582714857
  frame_id: base_link
name:
- joint_x
- joint_y
position:
- -0.00013749999925494194
- -0.00013749999925494194
velocity:
- -0.0009374999790452421
- -0.0009374999790452421
effort:
- .nan
- .nan
---
header:
  stamp:
    sec: 1791163955
    nanosec: 602690305
  frame_id: base_link
name:
- joint_x
- joint_y
position:
- -0.00014375000318977982
- -0.00014375000318977982
velocity:
- -0.0003124999930150807
- -0.0003124999930150807
effort:
- .nan
- .nan
---
header:
  stamp:
    sec: 1791163955
    nanosec: 622711273
  frame_id: base_link
name:
- joint_x
- joint_y
position:
- -0.00013124999532010406
- -0.00013124999532010406
velocity:
- 0.0006249999860301614
- 0.0006249999860301614
effort:
- .nan
- .nan
---
header:
  stamp:
    sec: 1791163955
    nanosec: 642686861
  frame_id: base_link
name:
- joint_x
- joint_y
position:
- -9.999999747378752e-05
- -9.999999747378752e-05
velocity:
- 0.0015625000232830644
- 0.0015625000232830644
effort:
- .nan
- .nan
---
header:
  stamp:
    sec: 1791163955
    nanosec: 662675425
  frame_id: base_link
name:
- joint_x
- joint_y
position:
- -6.874999962747097e-05
- -6.874999962747097e-05
velocity:
- 0.0015625000232830644
- 0.0015625000232830644
effort:
- .nan
- .nan
---
header:
  stamp:
    sec: 1791163955
    nanosec: 682693043
  frame_id: base_link
name:
- joint_x
- joint_y
position:
- 0.0
- 0.0
velocity:
- 0.0034374999813735485
- 0.0034374999813735485
effort:
- .nan
- .nan
---
header:
  stamp:
    sec: 1791163955
    nanosec: 702700513
  frame_id: base_link
name:
- joint_x
- joint_y
position:
- 0.0
- 0.0
velocity:
- 0.0
- 0.0
effort:
- .nan
- .nan
---
header:
  stamp:
    sec: 1791163955
    nanosec: 722701900
  frame_id: base_link
name:
- joint_x
- joint_y
position:
- 0.0
- 0.0
velocity:
- 0.0
- 0.0
effort:
- .nan
- .nan
---
header:
  stamp:
    sec: 1791163955
    nanosec: 742693703
  frame_id: base_link
name:
- joint_x
- joint_y
position:
- 0.0
- 0.0
velocity:
- 0.0
- 0.0
effort:
- .nan
- .nan
---
header:
  stamp:
    sec: 1791163955
    nanosec: 762691865
  frame_id: base_link
name:
- joint_x
- joint_y
position:
- 0.0
- 0.0
velocity:
- 0.0
- 0.0
effort:
- .nan
- .nan
---
header:
  stamp:
    sec: 1791163955
    nanosec: 782689916
  frame_id: base_link
name:
- joint_x
- joint_y
position:
- 0.0
- 0.0
velocity:
- 0.0
- 0.0
effort:
- .nan
- .nan
---
header:
  stamp:
    sec: 1791163955
    nanosec: 802703657
  frame_id: base_link
name:
- joint_x
- joint_y
position:
- 0.0
- 0.0
velocity:
- 0.0
- 0.0
effort:
- .nan
- .nan
---
header:
  stamp:
    sec: 1791163955
    nanosec: 822694288
  frame_id: base_link
name:
- joint_x
- joint_y
position:
- 0.0
- 0.0
velocity:
- 0.0
- 0.0
effort:
- .nan
- .nan
---
header:
  stamp:
    sec: 1791163955
    nanosec: 842698284
  frame_id: base_link
name:
- joint_x
- joint_y
position:
- 0.0
- 0.0
velocity:
- 0.0
- 0.0
effort:
- .nan
- .nan
---
header:
  stamp:
    sec: 1791163955
    nanosec: 862691331
  frame_id: base_link
name:
- joint_x
- joint_y
position:
- 0.0
- 0.0
velocity:
- 0.0
- 0.0
effort:
- .nan
- .nan
---
