header:
  stamp:
    sec: 1791164832
    nanosec: 182675660
  frame_id: ''
name:
- joint_x
- joint_y
position:
- 0.0
- 0.0
velocity:
- 0.0
- 0.0
effort: []
---
header:
  stamp:
    sec: 1791164832
    nanosec: 237798654
  frame_id: ''
name:
- joint_x
- joint_y
position:
- 0.0
- 0.0
velocity:
- 0.0
- 0.0
effort: []
---
header:
  stamp:
    sec: 1791164832
    nanosec: 292716715
  frame_id: ''
name:
- joint_x
- joint_y
position:
- 0.0
- 0.0
velocity:
- 0.0
- 0.0
effort: []
---
header:
  stamp:
    sec: 1791164832
    nanosec: 347777706
  frame_id: ''
name:
- joint_x
- joint_y
position:
- 0.0
- 0.0
velocity:
- 0.0
- 0.0
effort: []
---
header:
  stamp:
    sec: 1791164832
    nanosec: 385129216
  frame_id: ''
name:
- joint_x
- joint_y
position:
- 0.0
- 0.0
velocity:
- 0.0
- 0.0
effort: []
---
header:
  stamp:
    sec: 1791164832
    nanosec: 439966941
  frame_id: ''
name:
- joint_x
- joint_y
position:
- 0.00028750000637955964
- 0.00028750000637955964
velocity:
- 0.010312500409781933
- 0.010312500409781933
effort: []
---
header:
  stamp:
    sec: 1791164832
    nanosec: 496386557
  frame_id: ''
name:
- joint_x
- joint_y
position:
- 0.0009250000002793968
- 0.0009250000002793968
velocity:
- 0.010312500409781933
- 0.010312500409781933
effort: []
---
header:
  stamp:
    sec: 1791164832
    nanosec: 532650918
  frame_id: ''
name:
- joint_x
- joint_y
position:
- 0.0013375000562518835
- 0.0013375000562518835
velocity:
- 0.010312500409781933
- 0.010312500409781933
effort: []
---
header:
  stamp:
    sec: 1791164832
    nanosec: 587972058
  frame_id: ''
name:
- joint_x
- joint_y
position:
- 0.0019875001162290573
- 0.0019875001162290573
velocity:
- 0.010625000111758709
- 0.010625000111758709
effort: []
---
header:
  stamp:
    sec: 1791164832
    nanosec: 642452809
  frame_id: ''
name:
- joint_x
- joint_y
position:
- 0.002643750049173832
- 0.002643750049173832
velocity:
- 0.010937499813735485
- 0.010937499813735485
effort: []
---
header:
  stamp:
    sec: 1791164832
    nanosec: 697854879
  frame_id: ''
name:
- joint_x
- joint_y
position:
- 0.003324999939650297
- 0.003324999939650297
velocity:
- 0.011250000447034836
- 0.011250000447034836
effort: []
---
header:
  stamp:
    sec: 1791164832
    nanosec: 735068891
  frame_id: ''
name:
- joint_x
- joint_y
position:
- 0.003787500085309148
- 0.0037937499582767487
velocity:
- 0.011309524066746235
- 0.011309524066746235
effort: []
---
header:
  stamp:
    sec: 1791164832
    nanosec: 790384333
  frame_id: ''
name:
- joint_x
- joint_y
position:
- 0.004493750166147947
- 0.004493750166147947
velocity:
- 0.011562500149011612
- 0.011874999850988388
effort: []
---
header:
  stamp:
    sec: 1791164832
    nanosec: 845798674
  frame_id: ''
name:
- joint_x
- joint_y
position:
- 0.005206250119954348
- 0.005206250119954348
velocity:
- 0.012187499552965164
- 0.012500000186264515
effort: []
---
header:
  stamp:
    sec: 1791164832
    nanosec: 882073712
  frame_id: ''
name:
- joint_x
- joint_y
position:
- 0.005681249778717756
- 0.005681249778717756
velocity:
- 0.011874999850988388
- 0.011874999850988388
effort: []
---
header:
  stamp:
    sec: 1791164832
    nanosec: 937471510
  frame_id: ''
name:
- joint_x
- joint_y
position:
- 0.00641250004991889
- 0.00641250004991889
velocity:
- 0.012500000186264515
- 0.012812499888241291
effort: []
---
header:
  stamp:
    sec: 1791164832
    nanosec: 991725057
  frame_id: ''
name:
- joint_x
- joint_y
position:
- 0.007137500215321779
- 0.007137500215321779
velocity:
- 0.012187499552965164
- 0.012187499552965164
effort: []
---
header:
  stamp:
    sec: 1791164833
    nanosec: 47121635
  frame_id: ''
name:
- joint_x
- joint_y
position:
- 0.00787500012665987
- 0.00787500012665987
velocity:
- 0.012187499552965164
- 0.012187499552965164
effort: []
---
header:
  stamp:
    sec: 1791164833
    nanosec: 83424149
  frame_id: ''
name:
- joint_x
- joint_y
position:
- 0.008362499997019768
- 0.008356249891221523
velocity:
- 0.011874999850988388
- 0.012187499552965164
effort: []
---
header:
  stamp:
    sec: 1791164833
    nanosec: 139859870
  frame_id: ''
name:
- joint_x
- joint_y
position:
- 0.00911249965429306
- 0.00911249965429306
velocity:
- 0.012187499552965164
- 0.012187499552965164
effort: []
---
header:
  stamp:
    sec: 1791164833
    nanosec: 195100874
  frame_id: ''
name:
- joint_x
- joint_y
position:
- 0.009843749925494194
- 0.009843749925494194
velocity:
- 0.012500000186264515
- 0.012812499888241291
effort: []
---
header:
  stamp:
    sec: 1791164833
    nanosec: 231387110
  frame_id: ''
name:
- joint_x
- joint_y
position:
- 0.010324999690055847
- 0.010324999690055847
velocity:
- 0.011874999850988388
- 0.012187499552965164
effort: []
---
header:
  stamp:
    sec: 1791164833
    nanosec: 286862403
  frame_id: ''
name:
- joint_x
- joint_y
position:
- 0.011049999855458736
- 0.011049999855458736
velocity:
- 0.011904762126505375
- 0.011904762126505375
effort: []
---
header:
  stamp:
    sec: 1791164833
    nanosec: 342190230
  frame_id: ''
name:
- joint_x
- joint_y
position:
- 0.011768749915063381
- 0.011768749915063381
velocity:
- 0.011874999850988388
- 0.011874999850988388
effort: []
---
header:
  stamp:
    sec: 1791164833
    nanosec: 397505221
  frame_id: ''
name:
- joint_x
- joint_y
position:
- 0.012468749657273293
- 0.012468749657273293
velocity:
- 0.011562500149011612
- 0.011562500149011612
effort: []
---
header:
  stamp:
    sec: 1791164833
    nanosec: 433788782
  frame_id: ''
name:
- joint_x
- joint_y
position:
- 0.012924999929964542
- 0.012918749824166298
velocity:
- 0.011250000447034836
- 0.011250000447034836
effort: []
---
header:
  stamp:
    sec: 1791164833
    nanosec: 490197820
  frame_id: ''
name:
- joint_x
- joint_y
position:
- 0.01361250039190054
- 0.01361250039190054
velocity:
- 0.011562500149011612
- 0.011562500149011612
effort: []
---
header:
  stamp:
    sec: 1791164833
    nanosec: 544584043
  frame_id: ''
name:
- joint_x
- joint_y
position:
- 0.014256250113248825
- 0.014256250113248825
velocity:
- 0.010625000111758709
- 0.010625000111758709
effort: []
---
header:
  stamp:
    sec: 1791164833
    nanosec: 581722033
  frame_id: ''
name:
- joint_x
- joint_y
position:
- 0.014681249856948853
- 0.014681249856948853
velocity:
- 0.010312500409781933
- 0.010312500409781933
effort: []
---
header:
  stamp:
    sec: 1791164833
    nanosec: 636201305
  frame_id: ''
name:
- joint_x
- joint_y
position:
- 0.015287499874830246
- 0.015287499874830246
velocity:
- 0.009999999776482582
- 0.009999999776482582
effort: []
---
header:
  stamp:
    sec: 1791164833
    nanosec: 692626534
  frame_id: ''
name:
- joint_x
- joint_y
position:
- 0.01589374989271164
- 0.01589374989271164
velocity:
- 0.009687500074505806
- 0.009687500074505806
effort: []
---
header:
  stamp:
    sec: 1791164833
    nanosec: 747090351
  frame_id: ''
name:
- joint_x
- joint_y
position:
- 0.016450000926852226
- 0.016450000926852226
velocity:
- 0.009062499739229679
- 0.00937500037252903
effort: []
---
header:
  stamp:
    sec: 1791164833
    nanosec: 784123291
  frame_id: ''
name:
- joint_x
- joint_y
position:
- 0.01680625043809414
- 0.01680625043809414
velocity:
- 0.008750000037252903
- 0.008750000037252903
effort: []
---
header:
  stamp:
    sec: 1791164833
    nanosec: 838640824
  frame_id: ''
name:
- joint_x
- joint_y
position:
- 0.01730624958872795
- 0.01730624958872795
velocity:
- 0.008124999701976776
- 0.008124999701976776
effort: []
---
header:
  stamp:
    sec: 1791164833
    nanosec: 894024496
  frame_id: ''
name:
- joint_x
- joint_y
position:
- 0.017781250178813934
- 0.017781250178813934
velocity:
- 0.007499999832361937
- 0.007499999832361937
effort: []
---
header:
  stamp:
    sec: 1791164833
    nanosec: 930352909
  frame_id: ''
name:
- joint_x
- joint_y
position:
- 0.01807500049471855
- 0.01807500049471855
velocity:
- 0.0071875001303851604
- 0.0071875001303851604
effort: []
---
header:
  stamp:
    sec: 1791164833
    nanosec: 985596881
  frame_id: ''
name:
- joint_x
- joint_y
position:
- 0.01848750002682209
- 0.01848750002682209
velocity:
- 0.006562499795109034
- 0.006562499795109034
effort: []
---
header:
  stamp:
    sec: 1791164834
    nanosec: 42039903
  frame_id: ''
name:
- joint_x
- joint_y
position:
- 0.01886250078678131
- 0.018856249749660492
velocity:
- 0.0062500000931322575
- 0.005937499925494194
effort: []
---
header:
  stamp:
    sec: 1791164834
    nanosec: 96442218
  frame_id: ''
name:
- joint_x
- joint_y
position:
- 0.019181249663233757
- 0.019181249663233757
velocity:
- 0.0053125000558793545
- 0.0053125000558793545
effort: []
---
header:
  stamp:
    sec: 1791164834
    nanosec: 133720534
  frame_id: ''
name:
- joint_x
- joint_y
position:
- 0.019368749111890793
- 0.019368749111890793
velocity:
- 0.004687500186264515
- 0.004687500186264515
effort: []
---
header:
  stamp:
    sec: 1791164834
    nanosec: 187954359
  frame_id: ''
name:
- joint_x
- joint_y
position:
- 0.019606249406933784
- 0.019606249406933784
velocity:
- 0.0037499999161809683
- 0.0037499999161809683
effort: []
---
header:
  stamp:
    sec: 1791164834
    nanosec: 243338436
  frame_id: ''
name:
- joint_x
- joint_y
position:
- 0.01979999989271164
- 0.01979999989271164
velocity:
- 0.002812500111758709
- 0.002812500111758709
effort: []
---
header:
  stamp:
    sec: 1791164834
    nanosec: 298795938
  frame_id: ''
name:
- joint_x
- joint_y
position:
- 0.01993750035762787
- 0.01993750035762787
velocity:
- 0.0018749999580904841
- 0.0021875000093132257
effort: []
---
header:
  stamp:
    sec: 1791164834
    nanosec: 335032043
  frame_id: ''
name:
- joint_x
- joint_y
position:
- 0.019999999552965164
- 0.019999999552965164
velocity:
- 0.0012499999720603228
- 0.0015625000232830644
effort: []
---
header:
  stamp:
    sec: 1791164834
    nanosec: 390298042
  frame_id: ''
name:
- joint_x
- joint_y
position:
- 0.0200437493622303
- 0.0200437493622303
velocity:
- 0.0003124999930150807
- 0.0003124999930150807
effort: []
---
header:
  stamp:
    sec: 1791164834
    nanosec: 444651486
  frame_id: ''
name:
- joint_x
- joint_y
position:
- 0.020024999976158142
- 0.020024999976158142
velocity:
- -0.0006249999860301614
- -0.0006249999860301614
effort: []
---
header:
  stamp:
    sec: 1791164834
    nanosec: 482889444
  frame_id: ''
name:
- joint_x
- joint_y
position:
- 0.019956249743700027
- 0.019956249743700027
velocity:
- -0.0018749999580904841
- -0.0018749999580904841
effort: []
---
header:
  stamp:
    sec: 1791164834
    nanosec: 537370334
  frame_id: ''
name:
- joint_x
- joint_y
position:
- 0.01979375071823597
- 0.01979375071823597
velocity:
- -0.0031250000465661287
- -0.0031250000465661287
effort: []
---
header:
  stamp:
    sec: 1791164834
    nanosec: 593496927
  frame_id: ''
name:
- joint_x
- joint_y
position:
- 0.01953749917447567
- 0.01953749917447567
velocity:
- -0.004687500186264515
- -0.004687500186264515
effort: []
---
header:
  stamp:
    sec: 1791164834
    nanosec: 649200202
  frame_id: ''
name:
- joint_x
- joint_y
position:
- 0.019206250086426735
- 0.019206250086426735
velocity:
- -0.0059523810632526875
- -0.0059523810632526875
effort: []
---
header:
  stamp:
    sec: 1791164834
    nanosec: 686578126
  frame_id: ''
name:
- joint_x
- joint_y
position:
- 0.018950000405311584
- 0.018950000405311584
velocity:
- -0.006562499795109034
- -0.006562499795109034
effort: []
---
header:
  stamp:
    sec: 1791164834
    nanosec: 740688276
  frame_id: ''
name:
- joint_x
- joint_y
position:
- 0.018518749624490738
- 0.018518749624490738
velocity:
- -0.007499999832361937
- -0.007499999832361937
effort: []
---
header:
  stamp:
    sec: 1791164834
    nanosec: 795947285
  frame_id: ''
name:
- joint_x
- joint_y
position:
- 0.018012499436736107
- 0.018018750473856926
velocity:
- -0.008437500335276127
- -0.008437500335276127
effort: []
---
header:
  stamp:
    sec: 1791164834
    nanosec: 833280507
  frame_id: ''
name:
- joint_x
- joint_y
position:
- 0.017643749713897705
- 0.017643749713897705
velocity:
- -0.009226190857589245
- -0.009523809887468815
effort: []
---
header:
  stamp:
    sec: 1791164834
    nanosec: 888626991
  frame_id: ''
name:
- joint_x
- joint_y
position:
- 0.0170499999076128
- 0.0170499999076128
velocity:
- -0.009999999776482582
- -0.009999999776482582
effort: []
---
header:
  stamp:
    sec: 1791164834
    nanosec: 944141362
  frame_id: ''
name:
- joint_x
- joint_y
position:
- 0.01641250029206276
- 0.01641250029206276
velocity:
- -0.011250000447034836
- -0.011250000447034836
effort: []
---
header:
  stamp:
    sec: 1791164834
    nanosec: 998306450
  frame_id: ''
name:
- joint_x
- joint_y
position:
- 0.01574374921619892
- 0.01574374921619892
velocity:
- -0.011250000447034836
- -0.011250000447034836
effort: []
---
header:
  stamp:
    sec: 1791164835
    nanosec: 35523639
  frame_id: ''
name:
- joint_x
- joint_y
position:
- 0.015262500382959843
- 0.015262500382959843
velocity:
- -0.011874999850988388
- -0.011874999850988388
effort: []
---
header:
  stamp:
    sec: 1791164835
    nanosec: 89960066
  frame_id: ''
name:
- joint_x
- joint_y
position:
- 0.014531250111758709
- 0.014537500217556953
velocity:
- -0.012187499552965164
- -0.012187499552965164
effort: []
---
header:
  stamp:
    sec: 1791164835
    nanosec: 146401896
  frame_id: ''
name:
- joint_x
- joint_y
position:
- 0.013756250031292439
- 0.013749999925494194
velocity:
- -0.012500000186264515
- -0.012500000186264515
effort: []
---
header:
  stamp:
    sec: 1791164835
    nanosec: 182556106
  frame_id: ''
name:
- joint_x
- joint_y
position:
- 0.013237499631941319
- 0.013237499631941319
velocity:
- -0.013124999590218067
- -0.013124999590218067
effort: []
---
header:
  stamp:
    sec: 1791164835
    nanosec: 238036050
  frame_id: ''
name:
- joint_x
- joint_y
position:
- 0.0124312499538064
- 0.0124312499538064
velocity:
- -0.013124999590218067
- -0.013124999590218067
effort: []
---
header:
  stamp:
    sec: 1791164835
    nanosec: 293535447
  frame_id: ''
name:
- joint_x
- joint_y
position:
- 0.011612500064074993
- 0.011612500064074993
velocity:
- -0.013690476305782795
- -0.013690476305782795
effort: []
---
header:
  stamp:
    sec: 1791164835
    nanosec: 348818346
  frame_id: ''
name:
- joint_x
- joint_y
position:
- 0.010787500068545341
- 0.010787500068545341
velocity:
- -0.013749999925494194
- -0.013749999925494194
effort: []
---
header:
  stamp:
    sec: 1791164835
    nanosec: 385847419
  frame_id: ''
name:
- joint_x
- joint_y
position:
- 0.01023124996572733
- 0.01023124996572733
velocity:
- -0.014375000260770321
- -0.014375000260770321
effort: []
---
header:
  stamp:
    sec: 1791164835
    nanosec: 440342983
  frame_id: ''
name:
- joint_x
- joint_y
position:
- 0.009406249970197678
- 0.009406249970197678
velocity:
- -0.013437500223517418
- -0.013437500223517418
effort: []
---
header:
  stamp:
    sec: 1791164835
    nanosec: 496708986
  frame_id: ''
name:
- joint_x
- joint_y
position:
- 0.008562499657273293
- 0.008562499657273293
velocity:
- -0.014375000260770321
- -0.01406249962747097
effort: []
---
header:
  stamp:
    sec: 1791164835
    nanosec: 533039908
  frame_id: ''
name:
- joint_x
- joint_y
position:
- 0.008024999871850014
- 0.008024999871850014
velocity:
- -0.013437500223517418
- -0.013437500223517418
effort: []
---
header:
  stamp:
    sec: 1791164835
    nanosec: 589196736
  frame_id: ''
name:
- joint_x
- joint_y
position:
- 0.007199999876320362
- 0.007199999876320362
velocity:
- -0.013749999925494194
- -0.013749999925494194
effort: []
---
header:
  stamp:
    sec: 1791164835
    nanosec: 643746476
  frame_id: ''
name:
- joint_x
- joint_y
position:
- 0.0064187501557171345
- 0.0064187501557171345
velocity:
- -0.012812499888241291
- -0.012812499888241291
effort: []
---
header:
  stamp:
    sec: 1791164835
    nanosec: 699106316
  frame_id: ''
name:
- joint_x
- joint_y
position:
- 0.005643750075250864
- 0.005643750075250864
velocity:
- -0.012500000186264515
- -0.012500000186264515
effort: []
---
header:
  stamp:
    sec: 1791164835
    nanosec: 735422778
  frame_id: ''
name:
- joint_x
- joint_y
position:
- 0.005150000099092722
- 0.005150000099092722
velocity:
- -0.012187499552965164
- -0.012187499552965164
effort: []
---
header:
  stamp:
    sec: 1791164835
    nanosec: 790660555
  frame_id: ''
name:
- joint_x
- joint_y
position:
- 0.004424999933689833
- 0.004424999933689833
velocity:
- -0.011562500149011612
- -0.011562500149011612
effort: []
---
header:
  stamp:
    sec: 1791164835
    nanosec: 846131460
  frame_id: ''
name:
- joint_x
- joint_y
position:
- 0.003737499937415123
- 0.003737499937415123
velocity:
- -0.011011905036866665
- -0.011011905036866665
effort: []
---
header:
  stamp:
    sec: 1791164835
    nanosec: 883379176
  frame_id: ''
name:
- joint_x
- joint_y
position:
- 0.0032937501091510057
- 0.0032937501091510057
velocity:
- -0.010625000111758709
- -0.010625000111758709
effort: []
---
header:
  stamp:
    sec: 1791164835
    nanosec: 937827828
  frame_id: ''
name:
- joint_x
- joint_y
position:
- 0.002681249985471368
- 0.0026875000912696123
velocity:
- -0.009687500074505806
- -0.009999999776482582
effort: []
---
header:
  stamp:
    sec: 1791164835
    nanosec: 994063288
  frame_id: ''
name:
- joint_x
- joint_y
position:
- 0.0021062500309199095
- 0.0021062500309199095
velocity:
- -0.009062499739229679
- -0.009062499739229679
effort: []
---
header:
  stamp:
    sec: 1791164836
    nanosec: 30388051
  frame_id: ''
name:
- joint_x
- joint_y
position:
- 0.0017687500221654773
- 0.0017687500221654773
velocity:
- -0.008124999701976776
- -0.008437500335276127
effort: []
---
header:
  stamp:
    sec: 1791164836
    nanosec: 85855233
  frame_id: ''
name:
- joint_x
- joint_y
position:
- 0.0012875000247731805
- 0.0012875000247731805
velocity:
- -0.0071875001303851604
- -0.0071875001303851604
effort: []
---
header:
  stamp:
    sec: 1791164836
    nanosec: 141321726
  frame_id: ''
name:
- joint_x
- joint_y
position:
- 0.0008812500163912773
- 0.0008750000270083547
velocity:
- -0.0062500000931322575
- -0.0065476191230118275
effort: []
---
header:
  stamp:
    sec: 1791164836
    nanosec: 196514963
  frame_id: ''
name:
- joint_x
- joint_y
position:
- 0.0005375000182539225
- 0.0005375000182539225
velocity:
- -0.004999999888241291
- -0.004999999888241291
effort: []
---
header:
  stamp:
    sec: 1791164836
    nanosec: 233701778
  frame_id: ''
name:
- joint_x
- joint_y
position:
- 0.00034374999813735485
- 0.00034374999813735485
velocity:
- -0.004687500186264515
- -0.004687500186264515
effort: []
---
header:
  stamp:
    sec: 1791164836
    nanosec: 288207885
  frame_id: ''
name:
- joint_x
- joint_y
position:
- 0.0001250000059371814
- 0.0001250000059371814
velocity:
- -0.0034374999813735485
- -0.0031250000465661287
effort: []
---
header:
  stamp:
    sec: 1791164836
    nanosec: 343534956
  frame_id: ''
name:
- joint_x
- joint_y
position:
- -1.249999968422344e-05
- -1.249999968422344e-05
velocity:
- -0.0018749999580904841
- -0.0018749999580904841
effort: []
---
header:
  stamp:
    sec: 1791164836
    nanosec: 398716939
  frame_id: ''
name:
- joint_x
- joint_y
position:
- -6.25000029685907e-05
- -6.25000029685907e-05
velocity:
- -0.0003124999930150807
- -0.0003124999930150807
effort: []
---
header:
  stamp:
    sec: 1791164836
    nanosec: 434636514
  frame_id: ''
name:
- joint_x
- joint_y
position:
- -4.374999844003469e-05
- -4.374999844003469e-05
velocity:
- 0.0006249999860301614
- 0.0006249999860301614
effort: []
---
header:
  stamp:
    sec: 1791164836
    nanosec: 489840700
  frame_id: ''
name:
- joint_x
- joint_y
position:
- 0.0
- 0.0
velocity:
- 0.0014880952658131719
- 0.0014880952658131719
effort: []
---
header:
  stamp:
    sec: 1791164836
    nanosec: 544970053
  frame_id: ''
name:
- joint_x
- joint_y
position:
- 0.0
- 0.0
velocity:
- 0.0
- 0.0
effort: []
---
header:
  stamp:
    sec: 1791164836
    nanosec: 581400850
  frame_id: ''
name:
- joint_x
- joint_y
position:
- 0.0
- 0.0
velocity:
- 0.0
- 0.0
effort: []
---
header:
  stamp:
    sec: 1791164836
    nanosec: 637457765
  frame_id: ''
name:
- joint_x
- joint_y
position:
- 0.0
- 0.0
velocity:
- 0.0
- 0.0
effort: []
---
header:
  stamp:
    sec: 1791164836
    nanosec: 692620847
  frame_id: ''
name:
- joint_x
- joint_y
position:
- 0.0
- 0.0
velocity:
- 0.0
- 0.0
effort: []
---
header:
  stamp:
    sec: 1791164836
    nanosec: 747762462
  frame_id: ''
name:
- joint_x
- joint_y
position:
- 0.0
- 0.0
velocity:
- 0.0
- 0.0
effort: []
---
header:
  stamp:
    sec: 1791164836
    nanosec: 784150171
  frame_id: ''
name:
- joint_x
- joint_y
position:
- 0.0
- 0.0
velocity:
- 0.0
- 0.0
effort: []
---
header:
  stamp:
    sec: 1791164836
    nanosec: 849732313
  frame_id: ''
name:
- joint_x
- joint_y
position:
- 0.0
- 0.0
velocity:
- 0.0
- 0.0
effort: []
---
header:
  stamp:
    sec: 1791164836
    nanosec: 899730119
  frame_id: ''
name:
- joint_x
- joint_y
position:
- 0.0
- 0.0
velocity:
- 0.0
- 0.0
effort: []
---
header:
  stamp:
    sec: 1791164836
    nanosec: 931355076
  frame_id: ''
name:
- joint_x
- joint_y
position:
- 0.0
- 0.0
velocity:
- 0.0
- 0.0
effort: []
---
header:
  stamp:
    sec: 1791164836
    nanosec: 986013469
  frame_id: ''
name:
- joint_x
- joint_y
position:
- 0.0
- 0.0
velocity:
- 0.0
- 0.0
effort: []
---
header:
  stamp:
    sec: 1791164837
    nanosec: 41104101
  frame_id: ''
name:
- joint_x
- joint_y
position:
- 0.0
- 0.0
velocity:
- 0.0
- 0.0
effort: []
---
header:
  stamp:
    sec: 1791164837
    nanosec: 96119318
  frame_id: ''
name:
- joint_x
- joint_y
position:
- 0.0
- 0.0
velocity:
- 0.0
- 0.0
effort: []
---
header:
  stamp:
    sec: 1791164837
    nanosec: 132548882
  frame_id: ''
name:
- joint_x
- joint_y
position:
- 0.0
- 0.0
velocity:
- 0.0
- 0.0
effort: []
---
header:
  stamp:
    sec: 1791164837
    nanosec: 187723851
  frame_id: ''
name:
- joint_x
- joint_y
position:
- 0.0
- 0.0
velocity:
- 0.0
- 0.0
effort: []
---
header:
  stamp:
    sec: 1791164837
    nanosec: 242936482
  frame_id: ''
name:
- joint_x
- joint_y
position:
- 0.0
- 0.0
velocity:
- 0.0
- 0.0
effort: []
---
header:
  stamp:
    sec: 1791164837
    nanosec: 297979006
  frame_id: ''
name:
- joint_x
- joint_y
position:
- 0.0
- 0.0
velocity:
- 0.0
- 0.0
effort: []
---
header:
  stamp:
    sec: 1791164837
    nanosec: 334354401
  frame_id: ''
name:
- joint_x
- joint_y
position:
- 0.0
- 0.0
velocity:
- 0.0
- 0.0
effort: []
---
header:
  stamp:
    sec: 1791164837
    nanosec: 388792251
  frame_id: ''
name:
- joint_x
- joint_y
position:
- 6.24999984211172e-06
- 6.24999984211172e-06
velocity:
- 0.0003124999930150807
- 0.0003124999930150807
effort: []
---
header:
  stamp:
    sec: 1791164837
    nanosec: 443960146
  frame_id: ''
name:
- joint_x
- joint_y
position:
- 0.00036875001387670636
- 0.00036875001387670636
velocity:
- 0.005937499925494194
- 0.005937499925494194
effort: []
---
header:
  stamp:
    sec: 1791164837
    nanosec: 481222084
  frame_id: ''
name:
- joint_x
- joint_y
position:
- 0.0006187499966472387
- 0.0006187499966472387
velocity:
- 0.006562499795109034
- 0.006562499795109034
effort: []
---
header:
  stamp:
    sec: 1791164837
    nanosec: 535675277
  frame_id: ''
name:
- joint_x
- joint_y
position:
- 0.0009812499629333615
- 0.0009812499629333615
velocity:
- 0.0062500000931322575
- 0.0062500000931322575
effort: []
---
header:
  stamp:
    sec: 1791164837
    nanosec: 591110305
  frame_id: ''
name:
- joint_x
- joint_y
position:
- 0.001362500013783574
- 0.001362500013783574
velocity:
- 0.0062500000931322575
- 0.0062500000931322575
effort: []
---
header:
  stamp:
    sec: 1791164837
    nanosec: 646384254
  frame_id: ''
name:
- joint_x
- joint_y
position:
- 0.0017437499482184649
- 0.0017437499482184649
velocity:
- 0.0062500000931322575
- 0.0065476191230118275
effort: []
---
header:
  stamp:
    sec: 1791164837
    nanosec: 683662537
  frame_id: ''
name:
- joint_x
- joint_y
position:
- 0.0020062499679625034
- 0.0020062499679625034
velocity:
- 0.006562499795109034
- 0.006562499795109034
effort: []
---
header:
  stamp:
    sec: 1791164837
    nanosec: 738119234
  frame_id: ''
name:
- joint_x
- joint_y
position:
- 0.0023937500081956387
- 0.0023937500081956387
velocity:
- 0.006562499795109034
- 0.006562499795109034
effort: []
---
header:
  stamp:
    sec: 1791164837
    nanosec: 793620138
  frame_id: ''
name:
- joint_x
- joint_y
position:
- 0.00279999990016222
- 0.00279999990016222
velocity:
- 0.006874999962747097
- 0.006562499795109034
effort: []
---
header:
  stamp:
    sec: 1791164837
    nanosec: 830661592
  frame_id: ''
name:
- joint_x
- joint_y
position:
- 0.003068750025704503
- 0.003074999898672104
velocity:
- 0.0065476191230118275
- 0.0065476191230118275
effort: []
---
header:
  stamp:
    sec: 1791164837
    nanosec: 886031847
  frame_id: ''
name:
- joint_x
- joint_y
position:
- 0.0034874998964369297
- 0.0034874998964369297
velocity:
- 0.006874999962747097
- 0.006874999962747097
effort: []
---
header:
  stamp:
    sec: 1791164837
    nanosec: 941435994
  frame_id: ''
name:
- joint_x
- joint_y
position:
- 0.00390625
- 0.00390625
velocity:
- 0.0071875001303851604
- 0.0071875001303851604
effort: []
---
header:
  stamp:
    sec: 1791164837
    nanosec: 995841536
  frame_id: ''
name:
- joint_x
- joint_y
position:
- 0.00432500010356307
- 0.00432500010356307
velocity:
- 0.0071875001303851604
- 0.0071875001303851604
effort: []
---
header:
  stamp:
    sec: 1791164838
    nanosec: 33033818
  frame_id: ''
name:
- joint_x
- joint_y
position:
- 0.004612499848008156
- 0.004612499848008156
velocity:
- 0.007499999832361937
- 0.007499999832361937
effort: []
---
header:
  stamp:
    sec: 1791164838
    nanosec: 87407197
  frame_id: ''
name:
- joint_x
- joint_y
position:
- 0.005037500057369471
- 0.005037500057369471
velocity:
- 0.0071875001303851604
- 0.0071875001303851604
effort: []
---
header:
  stamp:
    sec: 1791164838
    nanosec: 142981892
  frame_id: ''
name:
- joint_x
- joint_y
position:
- 0.005475000012665987
- 0.005475000012665987
velocity:
- 0.0071875001303851604
- 0.0071875001303851604
effort: []
---
header:
  stamp:
    sec: 1791164838
    nanosec: 197969563
  frame_id: ''
name:
- joint_x
- joint_y
position:
- 0.005587500054389238
- 0.005587500054389238
velocity:
- 0.0
- 0.0
effort: []
---
header:
  stamp:
    sec: 1791164838
    nanosec: 234620660
  frame_id: ''
name:
- joint_x
- joint_y
position:
- 0.005587500054389238
- 0.005587500054389238
velocity:
- 0.0
- 0.0
effort: []
---
header:
  stamp:
    sec: 1791164838
    nanosec: 289348203
  frame_id: ''
name:
- joint_x
- joint_y
position:
- 0.005587500054389238
- 0.005587500054389238
velocity:
- 0.0
- 0.0
effort: []
---
