header:
  stamp:
    sec: 1791164847
    nanosec: 439997126
  frame_id: base_link
name:
- joint_x
- joint_y
position:
- 0.0
- 0.0
velocity:
- 0.0
- 0.0
effort:
- .nan
- .nan
---
header:
  stamp:
    sec: 1791164847
    nanosec: 459980109
  frame_id: base_link
name:
- joint_x
- joint_y
position:
- 0.0
- 0.0
velocity:
- 0.0
- 0.0
effort:
- .nan
- .nan
---
header:
  stamp:
    sec: 1791164847
    nanosec: 480017439
  frame_id: base_link
name:
- joint_x
- joint_y
position:
- 0.0
- 0.0
velocity:
- 0.0
- 0.0
effort:
- .nan
- .nan
---
header:
  stamp:
    sec: 1791164847
    nanosec: 500005362
  frame_id: base_link
name:
- joint_x
- joint_y
position:
- 0.0
- 0.0
velocity:
- 0.0
- 0.0
effort:
- .nan
- .nan
---
header:
  stamp:
    sec: 1791164847
    nanosec: 519992458
  frame_id: base_link
name:
- joint_x
- joint_y
position:
- 0.0
- 0.0
velocity:
- 0.0
- 0.0
effort:
- .nan
- .nan
---
header:
  stamp:
    sec: 1791164847
    nanosec: 539963407
  frame_id: base_link
name:
- joint_x
- joint_y
position:
- 0.0
- 0.0
velocity:
- 0.0
- 0.0
effort:
- .nan
- .nan
---
header:
  stamp:
    sec: 1791164847
    nanosec: 559969840
  frame_id: base_link
name:
- joint_x
- joint_y
position:
- 0.0
- 0.0
velocity:
- 0.0
- 0.0
effort:
- .nan
- .nan
---
header:
  stamp:
    sec: 1791164847
    nanosec: 579976705
  frame_id: base_link
name:
- joint_x
- joint_y
position:
- 0.0
- 0.0
velocity:
- 0.0
- 0.0
effort:
- .nan
- .nan
---
header:
  stamp:
    sec: 1791164847
    nanosec: 599973915
  frame_id: base_link
name:
- joint_x
- joint_y
position:
- 0.0
- 0.0
velocity:
- 0.0
- 0.0
effort:
- .nan
- .nan
---
header:
  stamp:
    sec: 1791164847
    nanosec: 619985054
  frame_id: base_link
name:
- joint_x
- joint_y
position:
- 0.0
- 0.0
velocity:
- 0.0
- 0.0
effort:
- .nan
- .nan
---
header:
  stamp:
    sec: 1791164847
    nanosec: 639993949
  frame_id: base_link
name:
- joint_x
- joint_y
position:
- 0.0
- 0.0
velocity:
- 0.0
- 0.0
effort:
- .nan
- .nan
---
header:
  stamp:
    sec: 1791164847
    nanosec: 659986327
  frame_id: base_link
name:
- joint_x
- joint_y
position:
- 0.0
- 0.0
velocity:
- 0.0
- 0.0
effort:
- .nan
- .nan
---
header:
  stamp:
    sec: 1791164847
    nanosec: 679999599
  frame_id: base_link
name:
- joint_x
- joint_y
position:
- 0.0
- 0.0
velocity:
- 0.0
- 0.0
effort:
- .nan
- .nan
---
header:
  stamp:
    sec: 1791164847
    nanosec: 699990191
  frame_id: base_link
name:
- joint_x
- joint_y
position:
- 0.0
- 0.0
velocity:
- 0.0
- 0.0
effort:
- .nan
- .nan
---
header:
  stamp:
    sec: 1791164847
    nanosec: 719992753
  frame_id: base_link
name:
- joint_x
- joint_y
position:
- 0.0
- 0.0
velocity:
- 0.0
- 0.0
effort:
- .nan
- .nan
---
header:
  stamp:
    sec: 1791164847
    nanosec: 739994459
  frame_id: base_link
name:
- joint_x
- joint_y
position:
- 0.0
- 0.0
velocity:
- 0.0
- 0.0
effort:
- .nan
- .nan
---
header:
  stamp:
    sec: 1791164847
    nanosec: 759995733
  frame_id: base_link
name:
- joint_x
- joint_y
position:
- 0.0
- 0.0
velocity:
- 0.0
- 0.0
effort:
- .nan
- .nan
---
header:
  stamp:
    sec: 1791164847
    nanosec: 779997782
  frame_id: base_link
name:
- joint_x
- joint_y
position:
- 0.0
- 0.0
velocity:
- 0.0
- 0.0
effort:
- .nan
- .nan
---
header:
  stamp:
    sec: 1791164847
    nanosec: 799988856
  frame_id: base_link
name:
- joint_x
- joint_y
position:
- 0.0
- 0.0
velocity:
- 0.0
- 0.0
effort:
- .nan
- .nan
---
header:
  stamp:
    sec: 1791164847
    nanosec: 819989117
  frame_id: base_link
name:
- joint_x
- joint_y
position:
- 0.0
- 0.0
velocity:
- 0.0
- 0.0
effort:
- .nan
- .nan
---
header:
  stamp:
    sec: 1791164847
    nanosec: 839989168
  frame_id: base_link
name:
- joint_x
- joint_y
position:
- 0.0
- 0.0
velocity:
- 0.0
- 0.0
effort:
- .nan
- .nan
---
header:
  stamp:
    sec: 1791164847
    nanosec: 859988944
  frame_id: base_link
name:
- joint_x
- joint_y
position:
- 0.0
- 0.0
velocity:
- 0.0
- 0.0
effort:
- .nan
- .nan
---
header:
  stamp:
    sec: 1791164847
    nanosec: 879988475
  frame_id: base_link
name:
- joint_x
- joint_y
position:
- 0.0
- 0.0
velocity:
- 0.0
- 0.0
effort:
- .nan
- .nan
---
header:
  stamp:
    sec: 1791164847
    nanosec: 899973710
  frame_id: base_link
name:
- joint_x
- joint_y
position:
- 0.0
- 0.0
velocity:
- 0.0
- 0.0
effort:
- .nan
- .nan
---
header:
  stamp:
    sec: 1791164847
    nanosec: 919975052
  frame_id: base_link
name:
- joint_x
- joint_y
position:
- 0.0
- 0.0
velocity:
- 0.0
- 0.0
effort:
- .nan
- .nan
---
header:
  stamp:
    sec: 1791164847
    nanosec: 939950224
  frame_id: base_link
name:
- joint_x
- joint_y
position:
- 0.0
- 0.0
velocity:
- 0.0
- 0.0
effort:
- .nan
- .nan
---
header:
  stamp:
    sec: 1791164847
    nanosec: 959946951
  frame_id: base_link
name:
- joint_x
- joint_y
position:
- 0.0
- 0.0
velocity:
- 0.0
- 0.0
effort:
- .nan
- .nan
---
header:
  stamp:
    sec: 1791164847
    nanosec: 979945630
  frame_id: base_link
name:
- joint_x
- joint_y
position:
- 0.0
- 0.0
velocity:
- 0.0
- 0.0
effort:
- .nan
- .nan
---
header:
  stamp:
    sec: 1791164847
    nanosec: 999957599
  frame_id: base_link
name:
- joint_x
- joint_y
position:
- 0.0
- 0.0
velocity:
- 0.0
- 0.0
effort:
- .nan
- .nan
---
header:
  stamp:
    sec: 1791164848
    nanosec: 19943605
  frame_id: base_link
name:
- joint_x
- joint_y
position:
- 0.0
- 0.0
velocity:
- 0.0
- 0.0
effort:
- .nan
- .nan
---
header:
  stamp:
    sec: 1791164848
    nanosec: 39938104
  frame_id: base_link
name:
- joint_x
- joint_y
position:
- 0.0
- 0.0
velocity:
- 0.0
- 0.0
effort:
- .nan
- .nan
---
header:
  stamp:
    sec: 1791164848
    nanosec: 59957023
  frame_id: base_link
name:
- joint_x
- joint_y
position:
- 0.0
- 0.0
velocity:
- 0.0
- 0.0
effort:
- .nan
- .nan
---
header:
  stamp:
    sec: 1791164848
    nanosec: 79957467
  frame_id: base_link
name:
- joint_x
- joint_y
position:
- 0.0
- 0.0
velocity:
- 0.0
- 0.0
effort:
- .nan
- .nan
---
header:
  stamp:
    sec: 1791164848
    nanosec: 99937855
  frame_id: base_link
name:
- joint_x
- joint_y
position:
- 0.0
- 0.0
velocity:
- 0.0
- 0.0
effort:
- .nan
- .nan
---
header:
  stamp:
    sec: 1791164848
    nanosec: 119943739
  frame_id: base_link
name:
- joint_x
- joint_y
position:
- 0.0
- 0.0
velocity:
- 0.0
- 0.0
effort:
- .nan
- .nan
---
header:
  stamp:
    sec: 1791164848
    nanosec: 139942275
  frame_id: base_link
name:
- joint_x
- joint_y
position:
- 0.0
- 0.0
velocity:
- 0.0
- 0.0
effort:
- .nan
- .nan
---
header:
  stamp:
    sec: 1791164848
    nanosec: 159944493
  frame_id: base_link
name:
- joint_x
- joint_y
position:
- 0.0
- 0.0
velocity:
- 0.0
- 0.0
effort:
- .nan
- .nan
---
header:
  stamp:
    sec: 1791164848
    nanosec: 179953318
  frame_id: base_link
name:
- joint_x
- joint_y
position:
- 0.0
- 0.0
velocity:
- 0.0
- 0.0
effort:
- .nan
- .nan
---
header:
  stamp:
    sec: 1791164848
    nanosec: 199944694
  frame_id: base_link
name:
- joint_x
- joint_y
position:
- 0.0
- 0.0
velocity:
- 0.0
- 0.0
effort:
- .nan
- .nan
---
header:
  stamp:
    sec: 1791164848
    nanosec: 219941432
  frame_id: base_link
name:
- joint_x
- joint_y
position:
- 0.0
- 0.0
velocity:
- 0.0
- 0.0
effort:
- .nan
- .nan
---
header:
  stamp:
    sec: 1791164848
    nanosec: 239950479
  frame_id: base_link
name:
- joint_x
- joint_y
position:
- 0.0
- 0.0
velocity:
- 0.0
- 0.0
effort:
- .nan
- .nan
---
header:
  stamp:
    sec: 1791164848
    nanosec: 259950208
  frame_id: base_link
name:
- joint_x
- joint_y
position:
- 0.0
- 0.0
velocity:
- 0.0
- 0.0
effort:
- .nan
- .nan
---
header:
  stamp:
    sec: 1791164848
    nanosec: 279947080
  frame_id: base_link
name:
- joint_x
- joint_y
position:
- 0.0
- 0.0
velocity:
- 0.0
- 0.0
effort:
- .nan
- .nan
---
header:
  stamp:
    sec: 1791164848
    nanosec: 299947918
  frame_id: base_link
name:
- joint_x
- joint_y
position:
- 0.0
- 0.0
velocity:
- 0.0
- 0.0
effort:
- .nan
- .nan
---
header:
  stamp:
    sec: 1791164848
    nanosec: 319949320
  frame_id: base_link
name:
- joint_x
- joint_y
position:
- 0.0
- 0.0
velocity:
- 0.0
- 0.0
effort:
- .nan
- .nan
---
header:
  stamp:
    sec: 1791164848
    nanosec: 339950474
  frame_id: base_link
name:
- joint_x
- joint_y
position:
- 0.0
- 0.0
velocity:
- 0.0
- 0.0
effort:
- .nan
- .nan
---
header:
  stamp:
    sec: 1791164848
    nanosec: 359949865
  frame_id: base_link
name:
- joint_x
- joint_y
position:
- 0.0
- 0.0
velocity:
- 0.0
- 0.0
effort:
- .nan
- .nan
---
header:
  stamp:
    sec: 1791164848
    nanosec: 379948814
  frame_id: base_link
name:
- joint_x
- joint_y
position:
- 0.0
- 0.0
velocity:
- 0.0
- 0.0
effort:
- .nan
- .nan
---
header:
  stamp:
    sec: 1791164848
    nanosec: 399955104
  frame_id: base_link
name:
- joint_x
- joint_y
position:
- 0.0
- 0.0
velocity:
- 0.0
- 0.0
effort:
- .nan
- .nan
---
header:
  stamp:
    sec: 1791164848
    nanosec: 419955504
  frame_id: base_link
name:
- joint_x
- joint_y
position:
- 0.0
- 0.0
velocity:
- 0.0
- 0.0
effort:
- .nan
- .nan
---
header:
  stamp:
    sec: 1791164848
    nanosec: 439958975
  frame_id: base_link
name:
- joint_x
- joint_y
position:
- 0.0
- 0.0
velocity:
- 0.0
- 0.0
effort:
- .nan
- .nan
---
header:
  stamp:
    sec: 1791164848
    nanosec: 459967155
  frame_id: base_link
name:
- joint_x
- joint_y
position:
- 0.0
- 0.0
velocity:
- 0.0
- 0.0
effort:
- .nan
- .nan
---
header:
  stamp:
    sec: 1791164848
    nanosec: 479974645
  frame_id: base_link
name:
- joint_x
- joint_y
position:
- 0.0
- 0.0
velocity:
- 0.0
- 0.0
effort:
- .nan
- .nan
---
header:
  stamp:
    sec: 1791164848
    nanosec: 499958195
  frame_id: base_link
name:
- joint_x
- joint_y
position:
- 0.0
- 0.0
velocity:
- 0.0
- 0.0
effort:
- .nan
- .nan
---
header:
  stamp:
    sec: 1791164848
    nanosec: 519967993
  frame_id: base_link
name:
- joint_x
- joint_y
position:
- 0.0
- 0.0
velocity:
- 0.0
- 0.0
effort:
- .nan
- .nan
---
header:
  stamp:
    sec: 1791164848
    nanosec: 539963532
  frame_id: base_link
name:
- joint_x
- joint_y
position:
- 0.0
- 0.0
velocity:
- 0.0
- 0.0
effort:
- .nan
- .nan
---
header:
  stamp:
    sec: 1791164848
    nanosec: 559959917
  frame_id: base_link
name:
- joint_x
- joint_y
position:
- 0.0
- 0.0
velocity:
- 0.0
- 0.0
effort:
- .nan
- .nan
---
header:
  stamp:
    sec: 1791164848
    nanosec: 579967271
  frame_id: base_link
name:
- joint_x
- joint_y
position:
- 0.0
- 0.0
velocity:
- 0.0
- 0.0
effort:
- .nan
- .nan
---
header:
  stamp:
    sec: 1791164848
    nanosec: 599961811
  frame_id: base_link
name:
- joint_x
- joint_y
position:
- 0.0
- 0.0
velocity:
- 0.0
- 0.0
effort:
- .nan
- .nan
---
header:
  stamp:
    sec: 1791164848
    nanosec: 619961830
  frame_id: base_link
name:
- joint_x
- joint_y
position:
- 0.0
- 0.0
velocity:
- 0.0
- 0.0
effort:
- .nan
- .nan
---
header:
  stamp:
    sec: 1791164848
    nanosec: 639972146
  frame_id: base_link
name:
- joint_x
- joint_y
position:
- 0.0
- 0.0
velocity:
- 0.0
- 0.0
effort:
- .nan
- .nan
---
header:
  stamp:
    sec: 1791164848
    nanosec: 659961429
  frame_id: base_link
name:
- joint_x
- joint_y
position:
- 0.0
- 0.0
velocity:
- 0.0
- 0.0
effort:
- .nan
- .nan
---
header:
  stamp:
    sec: 1791164848
    nanosec: 679971058
  frame_id: base_link
name:
- joint_x
- joint_y
position:
- 0.0
- 0.0
velocity:
- 0.0
- 0.0
effort:
- .nan
- .nan
---
header:
  stamp:
    sec: 1791164848
    nanosec: 699967535
  frame_id: base_link
name:
- joint_x
- joint_y
position:
- 0.0
- 0.0
velocity:
- 0.0
- 0.0
effort:
- .nan
- .nan
---
header:
  stamp:
    sec: 1791164848
    nanosec: 719986941
  frame_id: base_link
name:
- joint_x
- joint_y
position:
- 0.0
- 0.0
velocity:
- 0.0
- 0.0
effort:
- .nan
- .nan
---
header:
  stamp:
    sec: 1791164848
    nanosec: 739986517
  frame_id: base_link
name:
- joint_x
- joint_y
position:
- 0.0
- 0.0
velocity:
- 0.0
- 0.0
effort:
- .nan
- .nan
---
header:
  stamp:
    sec: 1791164848
    nanosec: 759967087
  frame_id: base_link
name:
- joint_x
- joint_y
position:
- 0.0
- 0.0
velocity:
- 0.0
- 0.0
effort:
- .nan
- .nan
---
header:
  stamp:
    sec: 1791164848
    nanosec: 779968765
  frame_id: base_link
name:
- joint_x
- joint_y
position:
- 0.0
- 0.0
velocity:
- 0.0
- 0.0
effort:
- .nan
- .nan
---
header:
  stamp:
    sec: 1791164848
    nanosec: 799979591
  frame_id: base_link
name:
- joint_x
- joint_y
position:
- 0.0
- 0.0
velocity:
- 0.0
- 0.0
effort:
- .nan
- .nan
---
header:
  stamp:
    sec: 1791164848
    nanosec: 819972599
  frame_id: base_link
name:
- joint_x
- joint_y
position:
- 0.0
- 0.0
velocity:
- 0.0
- 0.0
effort:
- .nan
- .nan
---
header:
  stamp:
    sec: 1791164848
    nanosec: 839979135
  frame_id: base_link
name:
- joint_x
- joint_y
position:
- 0.0
- 0.0
velocity:
- 0.0
- 0.0
effort:
- .nan
- .nan
---
header:
  stamp:
    sec: 1791164848
    nanosec: 859986035
  frame_id: base_link
name:
- joint_x
- joint_y
position:
- 0.0
- 0.0
velocity:
- 0.0
- 0.0
effort:
- .nan
- .nan
---
header:
  stamp:
    sec: 1791164848
    nanosec: 879979452
  frame_id: base_link
name:
- joint_x
- joint_y
position:
- 0.0
- 0.0
velocity:
- 0.0
- 0.0
effort:
- .nan
- .nan
---
header:
  stamp:
    sec: 1791164848
    nanosec: 899981295
  frame_id: base_link
name:
- joint_x
- joint_y
position:
- 0.0
- 0.0
velocity:
- 0.0
- 0.0
effort:
- .nan
- .nan
---
header:
  stamp:
    sec: 1791164848
    nanosec: 919980677
  frame_id: base_link
name:
- joint_x
- joint_y
position:
- 0.0
- 0.0
velocity:
- 0.0
- 0.0
effort:
- .nan
- .nan
---
header:
  stamp:
    sec: 1791164848
    nanosec: 939976408
  frame_id: base_link
name:
- joint_x
- joint_y
position:
- 0.0
- 0.0
velocity:
- 0.0
- 0.0
effort:
- .nan
- .nan
---
header:
  stamp:
    sec: 1791164848
    nanosec: 960005685
  frame_id: base_link
name:
- joint_x
- joint_y
position:
- 0.0
- 0.0
velocity:
- 0.0
- 0.0
effort:
- .nan
- .nan
---
header:
  stamp:
    sec: 1791164848
    nanosec: 980006632
  frame_id: base_link
name:
- joint_x
- joint_y
position:
- 0.0
- 0.0
velocity:
- 0.0
- 0.0
effort:
- .nan
- .nan
---
header:
  stamp:
    sec: 1791164849
    nanosec: 517959
  frame_id: base_link
name:
- joint_x
- joint_y
position:
- 0.0
- 0.0
velocity:
- 0.0
- 0.0
effort:
- .nan
- .nan
---
header:
  stamp:
    sec: 1791164849
    nanosec: 20084783
  frame_id: base_link
name:
- joint_x
- joint_y
position:
- 0.0
- 0.0
velocity:
- 0.0
- 0.0
effort:
- .nan
- .nan
---
header:
  stamp:
    sec: 1791164849
    nanosec: 39994364
  frame_id: base_link
name:
- joint_x
- joint_y
position:
- 0.0
- 0.0
velocity:
- 0.0
- 0.0
effort:
- .nan
- .nan
---
header:
  stamp:
    sec: 1791164849
    nanosec: 60068667
  frame_id: base_link
name:
- joint_x
- joint_y
position:
- 0.0
- 0.0
velocity:
- 0.0
- 0.0
effort:
- .nan
- .nan
---
header:
  stamp:
    sec: 1791164849
    nanosec: 80078825
  frame_id: base_link
name:
- joint_x
- joint_y
position:
- 0.0
- 0.0
velocity:
- 0.0
- 0.0
effort:
- .nan
- .nan
---
header:
  stamp:
    sec: 1791164849
    nanosec: 99987816
  frame_id: base_link
name:
- joint_x
- joint_y
position:
- 0.0
- 0.0
velocity:
- 0.0
- 0.0
effort:
- .nan
- .nan
---
header:
  stamp:
    sec: 1791164849
    nanosec: 119987378
  frame_id: base_link
name:
- joint_x
- joint_y
position:
- 0.0
- 0.0
velocity:
- 0.0
- 0.0
effort:
- .nan
- .nan
---
header:
  stamp:
    sec: 1791164849
    nanosec: 139993192
  frame_id: base_link
name:
- joint_x
- joint_y
position:
- 0.0
- 0.0
velocity:
- 0.0
- 0.0
effort:
- .nan
- .nan
---
header:
  stamp:
    sec: 1791164849
    nanosec: 159995385
  frame_id: base_link
name:
- joint_x
- joint_y
position:
- 0.0
- 0.0
velocity:
- 0.0
- 0.0
effort:
- .nan
- .nan
---
header:
  stamp:
    sec: 1791164849
    nanosec: 180050042
  frame_id: base_link
name:
- joint_x
- joint_y
position:
- 0.0
- 0.0
velocity:
- 0.0
- 0.0
effort:
- .nan
- .nan
---
header:
  stamp:
    sec: 1791164849
    nanosec: 200011482
  frame_id: base_link
name:
- joint_x
- joint_y
position:
- 0.0
- 0.0
velocity:
- 0.0
- 0.0
effort:
- .nan
- .nan
---
header:
  stamp:
    sec: 1791164849
    nanosec: 219997086
  frame_id: base_link
name:
- joint_x
- joint_y
position:
- 0.0
- 0.0
velocity:
- 0.0
- 0.0
effort:
- .nan
- .nan
---
header:
  stamp:
    sec: 1791164849
    nanosec: 239986057
  frame_id: base_link
name:
- joint_x
- joint_y
position:
- 0.0
- 0.0
velocity:
- 0.0
- 0.0
effort:
- .nan
- .nan
---
header:
  stamp:
    sec: 1791164849
    nanosec: 259981183
  frame_id: base_link
name:
- joint_x
- joint_y
position:
- 0.0
- 0.0
velocity:
- 0.0
- 0.0
effort:
- .nan
- .nan
---
header:
  stamp:
    sec: 1791164849
    nanosec: 279980476
  frame_id: base_link
name:
- joint_x
- joint_y
position:
- 0.0
- 0.0
velocity:
- 0.0
- 0.0
effort:
- .nan
- .nan
---
header:
  stamp:
    sec: 1791164849
    nanosec: 299976082
  frame_id: base_link
name:
- joint_x
- joint_y
position:
- 0.0
- 0.0
velocity:
- 0.0
- 0.0
effort:
- .nan
- .nan
---
header:
  stamp:
    sec: 1791164849
    nanosec: 319998606
  frame_id: base_link
name:
- joint_x
- joint_y
position:
- 0.0
- 0.0
velocity:
- 0.0
- 0.0
effort:
- .nan
- .nan
---
header:
  stamp:
    sec: 1791164849
    nanosec: 340000576
  frame_id: base_link
name:
- joint_x
- joint_y
position:
- 0.0
- 0.0
velocity:
- 0.0
- 0.0
effort:
- .nan
- .nan
---
header:
  stamp:
    sec: 1791164849
    nanosec: 359994854
  frame_id: base_link
name:
- joint_x
- joint_y
position:
- 0.0
- 0.0
velocity:
- 0.0
- 0.0
effort:
- .nan
- .nan
---
header:
  stamp:
    sec: 1791164849
    nanosec: 379990655
  frame_id: base_link
name:
- joint_x
- joint_y
position:
- 0.0
- 0.0
velocity:
- 0.0
- 0.0
effort:
- .nan
- .nan
---
header:
  stamp:
    sec: 1791164849
    nanosec: 400006976
  frame_id: base_link
name:
- joint_x
- joint_y
position:
- 0.0
- 0.0
velocity:
- 0.0
- 0.0
effort:
- .nan
- .nan
---
header:
  stamp:
    sec: 1791164849
    nanosec: 419982237
  frame_id: base_link
name:
- joint_x
- joint_y
position:
- 0.0
- 0.0
velocity:
- 0.0
- 0.0
effort:
- .nan
- .nan
---
header:
  stamp:
    sec: 1791164849
    nanosec: 440021757
  frame_id: base_link
name:
- joint_x
- joint_y
position:
- 0.0
- 0.0
velocity:
- 0.0
- 0.0
effort:
- .nan
- .nan
---
header:
  stamp:
    sec: 1791164849
    nanosec: 460014234
  frame_id: base_link
name:
- joint_x
- joint_y
position:
- 0.0
- 0.0
velocity:
- 0.0
- 0.0
effort:
- .nan
- .nan
---
header:
  stamp:
    sec: 1791164849
    nanosec: 479992758
  frame_id: base_link
name:
- joint_x
- joint_y
position:
- 0.0
- 0.0
velocity:
- 0.0
- 0.0
effort:
- .nan
- .nan
---
header:
  stamp:
    sec: 1791164849
    nanosec: 499994600
  frame_id: base_link
name:
- joint_x
- joint_y
position:
- 0.0
- 0.0
velocity:
- 0.0
- 0.0
effort:
- .nan
- .nan
---
header:
  stamp:
    sec: 1791164849
    nanosec: 519997863
  frame_id: base_link
name:
- joint_x
- joint_y
position:
- 0.0
- 0.0
velocity:
- 0.0
- 0.0
effort:
- .nan
- .nan
---
header:
  stamp:
    sec: 1791164849
    nanosec: 539994797
  frame_id: base_link
name:
- joint_x
- joint_y
position:
- 0.0
- 0.0
velocity:
- 0.0
- 0.0
effort:
- .nan
- .nan
---
header:
  stamp:
    sec: 1791164849
    nanosec: 559991748
  frame_id: base_link
name:
- joint_x
- joint_y
position:
- 0.0
- 0.0
velocity:
- 0.0
- 0.0
effort:
- .nan
- .nan
---
header:
  stamp:
    sec: 1791164849
    nanosec: 580052687
  frame_id: base_link
name:
- joint_x
- joint_y
position:
- 0.0
- 0.0
velocity:
- 0.0
- 0.0
effort:
- .nan
- .nan
---
header:
  stamp:
    sec: 1791164849
    nanosec: 599984116
  frame_id: base_link
name:
- joint_x
- joint_y
position:
- 0.0
- 0.0
velocity:
- 0.0
- 0.0
effort:
- .nan
- .nan
---
header:
  stamp:
    sec: 1791164849
    nanosec: 619985706
  frame_id: base_link
name:
- joint_x
- joint_y
position:
- 0.0
- 0.0
velocity:
- 0.0
- 0.0
effort:
- .nan
- .nan
---
header:
  stamp:
    sec: 1791164849
    nanosec: 639984107
  frame_id: base_link
name:
- joint_x
- joint_y
position:
- 3.7500001781154424e-05
- 3.7500001781154424e-05
velocity:
- 0.0014880952658131719
- 0.0014880952658131719
effort:
- .nan
- .nan
---
header:
  stamp:
    sec: 1791164849
    nanosec: 659981779
  frame_id: base_link
name:
- joint_x
- joint_y
position:
- 8.749999688006938e-05
- 8.749999688006938e-05
velocity:
- 0.0024999999441206455
- 0.0024999999441206455
effort:
- .nan
- .nan
---
header:
  stamp:
    sec: 1791164849
    nanosec: 679980844
  frame_id: base_link
name:
- joint_x
- joint_y
position:
- 0.00015624999650754035
- 0.00015624999650754035
velocity:
- 0.0034374999813735485
- 0.0034374999813735485
effort:
- .nan
- .nan
---
header:
  stamp:
    sec: 1791164849
    nanosec: 699980363
  frame_id: base_link
name:
- joint_x
- joint_y
position:
- 0.00023750000400468707
- 0.00023750000400468707
velocity:
- 0.004062499850988388
- 0.0037499999161809683
effort:
- .nan
- .nan
---
header:
  stamp:
    sec: 1791164849
    nanosec: 719980763
  frame_id: base_link
name:
- joint_x
- joint_y
position:
- 0.0003312499902676791
- 0.0003312499902676791
velocity:
- 0.004687500186264515
- 0.004999999888241291
effort:
- .nan
- .nan
---
header:
  stamp:
    sec: 1791164849
    nanosec: 739980079
  frame_id: base_link
name:
- joint_x
- joint_y
position:
- 0.00043750001350417733
- 0.00043750001350417733
velocity:
- 0.0053125000558793545
- 0.0053125000558793545
effort:
- .nan
- .nan
---
header:
  stamp:
    sec: 1791164849
    nanosec: 759977474
  frame_id: base_link
name:
- joint_x
- joint_y
position:
- 0.0005687500233761966
- 0.0005687500233761966
velocity:
- 0.0062500000931322575
- 0.0062500000931322575
effort:
- .nan
- .nan
---
header:
  stamp:
    sec: 1791164849
    nanosec: 779976874
  frame_id: base_link
name:
- joint_x
- joint_y
position:
- 0.0007125000120140612
- 0.0007125000120140612
velocity:
- 0.0071875001303851604
- 0.0071875001303851604
effort:
- .nan
- .nan
---
header:
  stamp:
    sec: 1791164849
    nanosec: 799975626
  frame_id: base_link
name:
- joint_x
- joint_y
position:
- 0.0008624999900348485
- 0.0008624999900348485
velocity:
- 0.007499999832361937
- 0.007499999832361937
effort:
- .nan
- .nan
---
header:
  stamp:
    sec: 1791164849
    nanosec: 819984886
  frame_id: base_link
name:
- joint_x
- joint_y
position:
- 0.001025000005029142
- 0.001025000005029142
velocity:
- 0.008124999701976776
- 0.008124999701976776
effort:
- .nan
- .nan
---
header:
  stamp:
    sec: 1791164849
    nanosec: 839975888
  frame_id: base_link
name:
- joint_x
- joint_y
position:
- 0.0012000000569969416
- 0.0012000000569969416
velocity:
- 0.008750000037252903
- 0.008750000037252903
effort:
- .nan
- .nan
---
header:
  stamp:
    sec: 1791164849
    nanosec: 859975228
  frame_id: base_link
name:
- joint_x
- joint_y
position:
- 0.0013874999713152647
- 0.0013874999713152647
velocity:
- 0.00937500037252903
- 0.009062499739229679
effort:
- .nan
- .nan
---
header:
  stamp:
    sec: 1791164849
    nanosec: 879991322
  frame_id: base_link
name:
- joint_x
- joint_y
position:
- 0.0017999999690800905
- 0.0017999999690800905
velocity:
- 0.010312500409781933
- 0.010312500409781933
effort:
- .nan
- .nan
---
header:
  stamp:
    sec: 1791164849
    nanosec: 899963435
  frame_id: base_link
name:
- joint_x
- joint_y
position:
- 0.0020187499467283487
- 0.0020187499467283487
velocity:
- 0.010937499813735485
- 0.011250000447034836
effort:
- .nan
- .nan
---
header:
  stamp:
    sec: 1791164849
    nanosec: 919966417
  frame_id: base_link
name:
- joint_x
- joint_y
position:
- 0.0022499999031424522
- 0.0022499999031424522
velocity:
- 0.011562500149011612
- 0.011562500149011612
effort:
- .nan
- .nan
---
header:
  stamp:
    sec: 1791164849
    nanosec: 939992815
  frame_id: base_link
name:
- joint_x
- joint_y
position:
- 0.00250625004991889
- 0.00250625004991889
velocity:
- 0.012202381156384945
- 0.012202381156384945
effort:
- .nan
- .nan
---
header:
  stamp:
    sec: 1791164849
    nanosec: 959976840
  frame_id: base_link
name:
- joint_x
- joint_y
position:
- 0.0027687500696629286
- 0.0027687500696629286
velocity:
- 0.013124999590218067
- 0.013124999590218067
effort:
- .nan
- .nan
---
header:
  stamp:
    sec: 1791164849
    nanosec: 979971545
  frame_id: base_link
name:
- joint_x
- joint_y
position:
- 0.0030249999836087227
- 0.003031250089406967
velocity:
- 0.012812499888241291
- 0.012812499888241291
effort:
- .nan
- .nan
---
header:
  stamp:
    sec: 1791164849
    nanosec: 999978431
  frame_id: base_link
name:
- joint_x
- joint_y
position:
- 0.0032999999821186066
- 0.0032999999821186066
velocity:
- 0.013437500223517418
- 0.013437500223517418
effort:
- .nan
- .nan
---
header:
  stamp:
    sec: 1791164850
    nanosec: 19979689
  frame_id: base_link
name:
- joint_x
- joint_y
position:
- 0.0035749999806284904
- 0.0035749999806284904
velocity:
- 0.01406249962747097
- 0.013749999925494194
effort:
- .nan
- .nan
---
header:
  stamp:
    sec: 1791164850
    nanosec: 39966585
  frame_id: base_link
name:
- joint_x
- joint_y
position:
- 0.0038624999579042196
- 0.0038624999579042196
velocity:
- 0.01406249962747097
- 0.014375000260770321
effort:
- .nan
- .nan
---
header:
  stamp:
    sec: 1791164850
    nanosec: 59968479
  frame_id: base_link
name:
- joint_x
- joint_y
position:
- 0.004174999892711639
- 0.004168749786913395
velocity:
- 0.015625
- 0.015625
effort:
- .nan
- .nan
---
header:
  stamp:
    sec: 1791164850
    nanosec: 79989122
  frame_id: base_link
name:
- joint_x
- joint_y
position:
- 0.004474999848753214
- 0.004474999848753214
velocity:
- 0.015312500298023224
- 0.015312500298023224
effort:
- .nan
- .nan
---
header:
  stamp:
    sec: 1791164850
    nanosec: 99959074
  frame_id: base_link
name:
- joint_x
- joint_y
position:
- 0.005093750078231096
- 0.005100000184029341
velocity:
- 0.015312500298023224
- 0.015625
effort:
- .nan
- .nan
---
header:
  stamp:
    sec: 1791164850
    nanosec: 119978707
  frame_id: base_link
name:
- joint_x
- joint_y
position:
- 0.0054374998435378075
- 0.0054374998435378075
velocity:
- 0.0163690485060215
- 0.0163690485060215
effort:
- .nan
- .nan
---
header:
  stamp:
    sec: 1791164850
    nanosec: 139954869
  frame_id: base_link
name:
- joint_x
- joint_y
position:
- 0.0057875001803040504
- 0.0057875001803040504
velocity:
- 0.017500000074505806
- 0.017500000074505806
effort:
- .nan
- .nan
---
header:
  stamp:
    sec: 1791164850
    nanosec: 159986010
  frame_id: base_link
name:
- joint_x
- joint_y
position:
- 0.006124999839812517
- 0.00611875019967556
velocity:
- 0.016875000670552254
- 0.01656249910593033
effort:
- .nan
- .nan
---
header:
  stamp:
    sec: 1791164850
    nanosec: 179984777
  frame_id: base_link
name:
- joint_x
- joint_y
position:
- 0.006468750070780516
- 0.006468750070780516
velocity:
- 0.01718750037252903
- 0.017500000074505806
effort:
- .nan
- .nan
---
header:
  stamp:
    sec: 1791164850
    nanosec: 199998189
  frame_id: base_link
name:
- joint_x
- joint_y
position:
- 0.006818749941885471
- 0.006818749941885471
velocity:
- 0.017500000074505806
- 0.017500000074505806
effort:
- .nan
- .nan
---
header:
  stamp:
    sec: 1791164850
    nanosec: 219982711
  frame_id: base_link
name:
- joint_x
- joint_y
position:
- 0.0071749999187886715
- 0.007181250024586916
velocity:
- 0.017812499776482582
- 0.017812499776482582
effort:
- .nan
- .nan
---
header:
  stamp:
    sec: 1791164850
    nanosec: 239981913
  frame_id: base_link
name:
- joint_x
- joint_y
position:
- 0.007556249853223562
- 0.007556249853223562
velocity:
- 0.01815476268529892
- 0.01815476268529892
effort:
- .nan
- .nan
---
header:
  stamp:
    sec: 1791164850
    nanosec: 259985558
  frame_id: base_link
name:
- joint_x
- joint_y
position:
- 0.007943750359117985
- 0.007943750359117985
velocity:
- 0.019375000149011612
- 0.019375000149011612
effort:
- .nan
- .nan
---
header:
  stamp:
    sec: 1791164850
    nanosec: 280000554
  frame_id: base_link
name:
- joint_x
- joint_y
position:
- 0.008312500081956387
- 0.008312500081956387
velocity:
- 0.018437499180436134
- 0.018437499180436134
effort:
- .nan
- .nan
---
header:
  stamp:
    sec: 1791164850
    nanosec: 299988350
  frame_id: base_link
name:
- joint_x
- joint_y
position:
- 0.008687499910593033
- 0.008693750016391277
velocity:
- 0.01875000074505806
- 0.01875000074505806
effort:
- .nan
- .nan
---
header:
  stamp:
    sec: 1791164850
    nanosec: 319987661
  frame_id: base_link
name:
- joint_x
- joint_y
position:
- 0.009068749845027924
- 0.009068749845027924
velocity:
- 0.019062500447034836
- 0.019062500447034836
effort:
- .nan
- .nan
---
header:
  stamp:
    sec: 1791164850
    nanosec: 339978515
  frame_id: base_link
name:
- joint_x
- joint_y
position:
- 0.009449999779462814
- 0.009456249885261059
velocity:
- 0.019062500447034836
- 0.019062500447034836
effort:
- .nan
- .nan
---
header:
  stamp:
    sec: 1791164850
    nanosec: 359994570
  frame_id: base_link
name:
- joint_x
- joint_y
position:
- 0.010250000283122063
- 0.010250000283122063
velocity:
- 0.019375000149011612
- 0.019375000149011612
effort:
- .nan
- .nan
---
header:
  stamp:
    sec: 1791164850
    nanosec: 379971552
  frame_id: base_link
name:
- joint_x
- joint_y
position:
- 0.010649999603629112
- 0.010643750429153442
velocity:
- 0.019999999552965164
- 0.019999999552965164
effort:
- .nan
- .nan
---
header:
  stamp:
    sec: 1791164850
    nanosec: 399974784
  frame_id: base_link
name:
- joint_x
- joint_y
position:
- 0.011043749749660492
- 0.011043749749660492
velocity:
- 0.019687499850988388
- 0.019999999552965164
effort:
- .nan
- .nan
---
header:
  stamp:
    sec: 1791164850
    nanosec: 419964650
  frame_id: base_link
name:
- joint_x
- joint_y
position:
- 0.01146250031888485
- 0.01146250031888485
velocity:
- 0.01994047686457634
- 0.01994047686457634
effort:
- .nan
- .nan
---
header:
  stamp:
    sec: 1791164850
    nanosec: 439976132
  frame_id: base_link
name:
- joint_x
- joint_y
position:
- 0.011893750168383121
- 0.011887500062584877
velocity:
- 0.021250000223517418
- 0.021250000223517418
effort:
- .nan
- .nan
---
header:
  stamp:
    sec: 1791164850
    nanosec: 460009563
  frame_id: base_link
name:
- joint_x
- joint_y
position:
- 0.012299999594688416
- 0.012293750420212746
velocity:
- 0.02031249925494194
- 0.02031249925494194
effort:
- .nan
- .nan
---
header:
  stamp:
    sec: 1791164850
    nanosec: 479981937
  frame_id: base_link
name:
- joint_x
- joint_y
position:
- 0.012706249952316284
- 0.01269999984651804
velocity:
- 0.02031249925494194
- 0.02031249925494194
effort:
- .nan
- .nan
---
header:
  stamp:
    sec: 1791164850
    nanosec: 499975218
  frame_id: base_link
name:
- joint_x
- joint_y
position:
- 0.013112500309944153
- 0.013112500309944153
velocity:
- 0.02031249925494194
- 0.02031249925494194
effort:
- .nan
- .nan
---
header:
  stamp:
    sec: 1791164850
    nanosec: 519982445
  frame_id: base_link
name:
- joint_x
- joint_y
position:
- 0.013524999842047691
- 0.013518749736249447
velocity:
- 0.020625000819563866
- 0.020625000819563866
effort:
- .nan
- .nan
---
header:
  stamp:
    sec: 1791164850
    nanosec: 539973135
  frame_id: base_link
name:
- joint_x
- joint_y
position:
- 0.013956249691545963
- 0.013949999585747719
velocity:
- 0.02083333395421505
- 0.02053571492433548
effort:
- .nan
- .nan
---
header:
  stamp:
    sec: 1791164850
    nanosec: 559974064
  frame_id: base_link
name:
- joint_x
- joint_y
position:
- 0.014381250366568565
- 0.014387499541044235
velocity:
- 0.021250000223517418
- 0.021562499925494194
effort:
- .nan
- .nan
---
header:
  stamp:
    sec: 1791164850
    nanosec: 579972191
  frame_id: base_link
name:
- joint_x
- joint_y
position:
- 0.014793749898672104
- 0.014793749898672104
velocity:
- 0.020625000819563866
- 0.020625000819563866
effort:
- .nan
- .nan
---
header:
  stamp:
    sec: 1791164850
    nanosec: 599979735
  frame_id: base_link
name:
- joint_x
- joint_y
position:
- 0.015606249682605267
- 0.015606249682605267
velocity:
- 0.02031249925494194
- 0.02031249925494194
effort:
- .nan
- .nan
---
header:
  stamp:
    sec: 1791164850
    nanosec: 619974921
  frame_id: base_link
name:
- joint_x
- joint_y
position:
- 0.016043750569224358
- 0.016043750569224358
velocity:
- 0.02187499962747097
- 0.021562499925494194
effort:
- .nan
- .nan
---
header:
  stamp:
    sec: 1791164850
    nanosec: 639970319
  frame_id: base_link
name:
- joint_x
- joint_y
position:
- 0.016456250101327896
- 0.016456250101327896
velocity:
- 0.02031249925494194
- 0.020625000819563866
effort:
- .nan
- .nan
---
header:
  stamp:
    sec: 1791164850
    nanosec: 659972805
  frame_id: base_link
name:
- joint_x
- joint_y
position:
- 0.016862500458955765
- 0.016862500458955765
velocity:
- 0.020625000819563866
- 0.02031249925494194
effort:
- .nan
- .nan
---
header:
  stamp:
    sec: 1791164850
    nanosec: 680015731
  frame_id: base_link
name:
- joint_x
- joint_y
position:
- 0.017274999991059303
- 0.017268750816583633
velocity:
- 0.02031249925494194
- 0.020625000819563866
effort:
- .nan
- .nan
---
header:
  stamp:
    sec: 1791164850
    nanosec: 699968297
  frame_id: base_link
name:
- joint_x
- joint_y
position:
- 0.017681250348687172
- 0.017674999311566353
velocity:
- 0.02031249925494194
- 0.02031249925494194
effort:
- .nan
- .nan
---
header:
  stamp:
    sec: 1791164850
    nanosec: 719969104
  frame_id: base_link
name:
- joint_x
- joint_y
position:
- 0.01810000091791153
- 0.01810000091791153
velocity:
- 0.02023809589445591
- 0.02023809589445591
effort:
- .nan
- .nan
---
header:
  stamp:
    sec: 1791164850
    nanosec: 739971767
  frame_id: base_link
name:
- joint_x
- joint_y
position:
- 0.018525000661611557
- 0.018525000661611557
velocity:
- 0.021250000223517418
- 0.021250000223517418
effort:
- .nan
- .nan
---
header:
  stamp:
    sec: 1791164850
    nanosec: 759978133
  frame_id: base_link
name:
- joint_x
- joint_y
position:
- 0.018924999982118607
- 0.018924999982118607
velocity:
- 0.019999999552965164
- 0.019999999552965164
effort:
- .nan
- .nan
---
header:
  stamp:
    sec: 1791164850
    nanosec: 779967830
  frame_id: base_link
name:
- joint_x
- joint_y
position:
- 0.019324999302625656
- 0.019324999302625656
velocity:
- 0.019999999552965164
- 0.019999999552965164
effort:
- .nan
- .nan
---
header:
  stamp:
    sec: 1791164850
    nanosec: 799969180
  frame_id: base_link
name:
- joint_x
- joint_y
position:
- 0.019718749448657036
- 0.019725000485777855
velocity:
- 0.019687499850988388
- 0.019687499850988388
effort:
- .nan
- .nan
---
header:
  stamp:
    sec: 1791164850
    nanosec: 819978087
  frame_id: base_link
name:
- joint_x
- joint_y
position:
- 0.020112499594688416
- 0.020112499594688416
velocity:
- 0.019687499850988388
- 0.019687499850988388
effort:
- .nan
- .nan
---
header:
  stamp:
    sec: 1791164850
    nanosec: 840012876
  frame_id: base_link
name:
- joint_x
- joint_y
position:
- 0.020899999886751175
- 0.020899999886751175
velocity:
- 0.019375000149011612
- 0.019062500447034836
effort:
- .nan
- .nan
---
header:
  stamp:
    sec: 1791164850
    nanosec: 859974645
  frame_id: base_link
name:
- joint_x
- joint_y
position:
- 0.021281249821186066
- 0.021281249821186066
velocity:
- 0.01875000074505806
- 0.019375000149011612
effort:
- .nan
- .nan
---
header:
  stamp:
    sec: 1791164850
    nanosec: 879966415
  frame_id: base_link
name:
- joint_x
- joint_y
position:
- 0.021656250581145287
- 0.021656250581145287
velocity:
- 0.01875000074505806
- 0.01875000074505806
effort:
- .nan
- .nan
---
header:
  stamp:
    sec: 1791164850
    nanosec: 899971174
  frame_id: base_link
name:
- joint_x
- joint_y
position:
- 0.022031249478459358
- 0.02202500030398369
velocity:
- 0.019062500447034836
- 0.018437499180436134
effort:
- .nan
- .nan
---
header:
  stamp:
    sec: 1791164850
    nanosec: 919969099
  frame_id: base_link
name:
- joint_x
- joint_y
position:
- 0.02241249941289425
- 0.02241249941289425
velocity:
- 0.019062500447034836
- 0.019375000149011612
effort:
- .nan
- .nan
---
header:
  stamp:
    sec: 1791164850
    nanosec: 939971033
  frame_id: base_link
name:
- joint_x
- joint_y
position:
- 0.02277499996125698
- 0.02277499996125698
velocity:
- 0.018124999478459358
- 0.018124999478459358
effort:
- .nan
- .nan
---
header:
  stamp:
    sec: 1791164850
    nanosec: 959966040
  frame_id: base_link
name:
- joint_x
- joint_y
position:
- 0.023131249472498894
- 0.023131249472498894
velocity:
- 0.017812499776482582
- 0.017812499776482582
effort:
- .nan
- .nan
---
header:
  stamp:
    sec: 1791164850
    nanosec: 979972449
  frame_id: base_link
name:
- joint_x
- joint_y
position:
- 0.023481249809265137
- 0.023481249809265137
velocity:
- 0.017500000074505806
- 0.017500000074505806
effort:
- .nan
- .nan
---
header:
  stamp:
    sec: 1791164850
    nanosec: 999970082
  frame_id: base_link
name:
- joint_x
- joint_y
position:
- 0.02382499910891056
- 0.02383125014603138
velocity:
- 0.01718750037252903
- 0.01718750037252903
effort:
- .nan
- .nan
---
header:
  stamp:
    sec: 1791164851
    nanosec: 19966978
  frame_id: base_link
name:
- joint_x
- joint_y
position:
- 0.024181250482797623
- 0.024181250482797623
velocity:
- 0.01696428656578064
- 0.01696428656578064
effort:
- .nan
- .nan
---
header:
  stamp:
    sec: 1791164851
    nanosec: 39973095
  frame_id: base_link
name:
- joint_x
- joint_y
position:
- 0.024531250819563866
- 0.024531250819563866
velocity:
- 0.017500000074505806
- 0.017500000074505806
effort:
- .nan
- .nan
---
header:
  stamp:
    sec: 1791164851
    nanosec: 59980850
  frame_id: base_link
name:
- joint_x
- joint_y
position:
- 0.025174999609589577
- 0.025174999609589577
velocity:
- 0.015937499701976776
- 0.015937499701976776
effort:
- .nan
- .nan
---
header:
  stamp:
    sec: 1791164851
    nanosec: 79988171
  frame_id: base_link
name:
- joint_x
- joint_y
position:
- 0.025481250137090683
- 0.025481250137090683
velocity:
- 0.015312500298023224
- 0.015312500298023224
effort:
- .nan
- .nan
---
header:
  stamp:
    sec: 1791164851
    nanosec: 99959382
  frame_id: base_link
name:
- joint_x
- joint_y
position:
- 0.025800000876188278
- 0.025800000876188278
velocity:
- 0.015937499701976776
- 0.015937499701976776
effort:
- .nan
- .nan
---
header:
  stamp:
    sec: 1791164851
    nanosec: 119972035
  frame_id: base_link
name:
- joint_x
- joint_y
position:
- 0.026093749329447746
- 0.026093749329447746
velocity:
- 0.014687499962747097
- 0.014687499962747097
effort:
- .nan
- .nan
---
header:
  stamp:
    sec: 1791164851
    nanosec: 139969254
  frame_id: base_link
name:
- joint_x
- joint_y
position:
- 0.026381250470876694
- 0.026381250470876694
velocity:
- 0.014375000260770321
- 0.014375000260770321
effort:
- .nan
- .nan
---
header:
  stamp:
    sec: 1791164851
    nanosec: 159975739
  frame_id: base_link
name:
- joint_x
- joint_y
position:
- 0.026656249538064003
- 0.026656249538064003
velocity:
- 0.013749999925494194
- 0.013749999925494194
effort:
- .nan
- .nan
---
header:
  stamp:
    sec: 1791164851
    nanosec: 179991836
  frame_id: base_link
name:
- joint_x
- joint_y
position:
- 0.02693125046789646
- 0.02693125046789646
velocity:
- 0.013749999925494194
- 0.013749999925494194
effort:
- .nan
- .nan
---
header:
  stamp:
    sec: 1791164851
    nanosec: 199991709
  frame_id: base_link
name:
- joint_x
- joint_y
position:
- 0.02720624953508377
- 0.02720624953508377
velocity:
- 0.013095238246023655
- 0.013095238246023655
effort:
- .nan
- .nan
---
header:
  stamp:
    sec: 1791164851
    nanosec: 219986296
  frame_id: base_link
name:
- joint_x
- joint_y
position:
- 0.02746875025331974
- 0.02746875025331974
velocity:
- 0.013124999590218067
- 0.013124999590218067
effort:
- .nan
- .nan
---
header:
  stamp:
    sec: 1791164851
    nanosec: 239990766
  frame_id: base_link
name:
- joint_x
- joint_y
position:
- 0.027712499722838402
- 0.027712499722838402
velocity:
- 0.012187499552965164
- 0.012187499552965164
effort:
- .nan
- .nan
---
header:
  stamp:
    sec: 1791164851
    nanosec: 259999106
  frame_id: base_link
name:
- joint_x
- joint_y
position:
- 0.027943750843405724
- 0.027943750843405724
velocity:
- 0.011562500149011612
- 0.011562500149011612
effort:
- .nan
- .nan
---
header:
  stamp:
    sec: 1791164851
    nanosec: 279990293
  frame_id: base_link
name:
- joint_x
- joint_y
position:
- 0.028162499889731407
- 0.028162499889731407
velocity:
- 0.010937499813735485
- 0.010937499813735485
effort:
- .nan
- .nan
---
header:
  stamp:
    sec: 1791164851
    nanosec: 299988843
  frame_id: base_link
name:
- joint_x
- joint_y
position:
- 0.028581250458955765
- 0.028581250458955765
velocity:
- 0.009999999776482582
- 0.009999999776482582
effort:
- .nan
- .nan
---
header:
  stamp:
    sec: 1791164851
    nanosec: 319994564
  frame_id: base_link
name:
- joint_x
- joint_y
position:
- 0.02877499908208847
- 0.0287687499076128
velocity:
- 0.00937500037252903
- 0.00937500037252903
effort:
- .nan
- .nan
---
header:
  stamp:
    sec: 1791164851
    nanosec: 339990700
  frame_id: base_link
name:
- joint_x
- joint_y
position:
- 0.028950000181794167
- 0.028950000181794167
velocity:
- 0.009062499739229679
- 0.009062499739229679
effort:
- .nan
- .nan
---
header:
  stamp:
    sec: 1791164851
    nanosec: 360004376
  frame_id: base_link
name:
- joint_x
- joint_y
position:
- 0.029118750244379044
- 0.029118750244379044
velocity:
- 0.008437500335276127
- 0.008437500335276127
effort:
- .nan
- .nan
---
header:
  stamp:
    sec: 1791164851
    nanosec: 379990827
  frame_id: base_link
name:
- joint_x
- joint_y
position:
- 0.0292812492698431
- 0.0292812492698431
velocity:
- 0.0077380952425301075
- 0.0077380952425301075
effort:
- .nan
- .nan
---
header:
  stamp:
    sec: 1791164851
    nanosec: 399984666
  frame_id: base_link
name:
- joint_x
- joint_y
position:
- 0.02943124994635582
- 0.02943124994635582
velocity:
- 0.007499999832361937
- 0.007499999832361937
effort:
- .nan
- .nan
---
header:
  stamp:
    sec: 1791164851
    nanosec: 419974173
  frame_id: base_link
name:
- joint_x
- joint_y
position:
- 0.02956249937415123
- 0.02956249937415123
velocity:
- 0.006562499795109034
- 0.006562499795109034
effort:
- .nan
- .nan
---
header:
  stamp:
    sec: 1791164851
    nanosec: 439989756
  frame_id: base_link
name:
- joint_x
- joint_y
position:
- 0.0296812504529953
- 0.0296812504529953
velocity:
- 0.005937499925494194
- 0.005937499925494194
effort:
- .nan
- .nan
---
header:
  stamp:
    sec: 1791164851
    nanosec: 459986639
  frame_id: base_link
name:
- joint_x
- joint_y
position:
- 0.029787499457597733
- 0.029787499457597733
velocity:
- 0.0053125000558793545
- 0.0053125000558793545
effort:
- .nan
- .nan
---
header:
  stamp:
    sec: 1791164851
    nanosec: 479989200
  frame_id: base_link
name:
- joint_x
- joint_y
position:
- 0.029881250113248825
- 0.029881250113248825
velocity:
- 0.004687500186264515
- 0.004687500186264515
effort:
- .nan
- .nan
---
header:
  stamp:
    sec: 1791164851
    nanosec: 499980495
  frame_id: base_link
name:
- joint_x
- joint_y
position:
- 0.02996250055730343
- 0.02996250055730343
velocity:
- 0.004062499850988388
- 0.004062499850988388
effort:
- .nan
- .nan
---
header:
  stamp:
    sec: 1791164851
    nanosec: 519993106
  frame_id: base_link
name:
- joint_x
- joint_y
position:
- 0.03007500059902668
- 0.03007500059902668
velocity:
- 0.0024999999441206455
- 0.0024999999441206455
effort:
- .nan
- .nan
---
header:
  stamp:
    sec: 1791164851
    nanosec: 539993886
  frame_id: base_link
name:
- joint_x
- joint_y
position:
- 0.030112499371170998
- 0.030112499371170998
velocity:
- 0.0018749999580904841
- 0.0018749999580904841
effort:
- .nan
- .nan
---
header:
  stamp:
    sec: 1791164851
    nanosec: 560032171
  frame_id: base_link
name:
- joint_x
- joint_y
position:
- 0.030137499794363976
- 0.030137499794363976
velocity:
- 0.0012499999720603228
- 0.0012499999720603228
effort:
- .nan
- .nan
---
header:
  stamp:
    sec: 1791164851
    nanosec: 579990815
  frame_id: base_link
name:
- joint_x
- joint_y
position:
- 0.030143750831484795
- 0.030143750831484795
velocity:
- 0.0003124999930150807
- 0.0003124999930150807
effort:
- .nan
- .nan
---
header:
  stamp:
    sec: 1791164851
    nanosec: 599997361
  frame_id: base_link
name:
- joint_x
- joint_y
position:
- 0.030137499794363976
- 0.030137499794363976
velocity:
- -0.0003124999930150807
- -0.0003124999930150807
effort:
- .nan
- .nan
---
header:
  stamp:
    sec: 1791164851
    nanosec: 619992400
  frame_id: base_link
name:
- joint_x
- joint_y
position:
- 0.030112499371170998
- 0.030112499371170998
velocity:
- -0.0012499999720603228
- -0.0012499999720603228
effort:
- .nan
- .nan
---
header:
  stamp:
    sec: 1791164851
    nanosec: 639973762
  frame_id: base_link
name:
- joint_x
- joint_y
position:
- 0.03007500059902668
- 0.03007500059902668
velocity:
- -0.0018749999580904841
- -0.0018749999580904841
effort:
- .nan
- .nan
---
header:
  stamp:
    sec: 1791164851
    nanosec: 660000977
  frame_id: base_link
name:
- joint_x
- joint_y
position:
- 0.030024999752640724
- 0.030024999752640724
velocity:
- -0.0024999999441206455
- -0.0024999999441206455
effort:
- .nan
- .nan
---
header:
  stamp:
    sec: 1791164851
    nanosec: 679997674
  frame_id: base_link
name:
- joint_x
- joint_y
position:
- 0.02995000034570694
- 0.02995000034570694
velocity:
- -0.0037499999161809683
- -0.0037499999161809683
effort:
- .nan
- .nan
---
header:
  stamp:
    sec: 1791164851
    nanosec: 699967829
  frame_id: base_link
name:
- joint_x
- joint_y
position:
- 0.029868749901652336
- 0.029868749901652336
velocity:
- -0.004062499850988388
- -0.004062499850988388
effort:
- .nan
- .nan
---
header:
  stamp:
    sec: 1791164851
    nanosec: 720013655
  frame_id: base_link
name:
- joint_x
- joint_y
position:
- 0.029774999246001244
- 0.029774999246001244
velocity:
- -0.004687500186264515
- -0.004687500186264515
effort:
- .nan
- .nan
---
header:
  stamp:
    sec: 1791164851
    nanosec: 740001049
  frame_id: base_link
name:
- joint_x
- joint_y
position:
- 0.02954374998807907
- 0.02954374998807907
velocity:
- -0.0062500000931322575
- -0.0062500000931322575
effort:
- .nan
- .nan
---
header:
  stamp:
    sec: 1791164851
    nanosec: 759965709
  frame_id: base_link
name:
- joint_x
- joint_y
position:
- 0.02941250056028366
- 0.02941250056028366
velocity:
- -0.006562499795109034
- -0.006562499795109034
effort:
- .nan
- .nan
---
header:
  stamp:
    sec: 1791164851
    nanosec: 779988304
  frame_id: base_link
name:
- joint_x
- joint_y
position:
- 0.029262499883770943
- 0.029262499883770943
velocity:
- -0.007499999832361937
- -0.007499999832361937
effort:
- .nan
- .nan
---
header:
  stamp:
    sec: 1791164851
    nanosec: 799966143
  frame_id: base_link
name:
- joint_x
- joint_y
position:
- 0.029106250032782555
- 0.029106250032782555
velocity:
- -0.0078125
- -0.0078125
effort:
- .nan
- .nan
---
header:
  stamp:
    sec: 1791164851
    nanosec: 819966719
  frame_id: base_link
name:
- joint_x
- joint_y
position:
- 0.028931250795722008
- 0.028931250795722008
velocity:
- -0.008750000037252903
- -0.008437500335276127
effort:
- .nan
- .nan
---
header:
  stamp:
    sec: 1791164851
    nanosec: 839968714
  frame_id: base_link
name:
- joint_x
- joint_y
position:
- 0.028743749484419823
- 0.028743749484419823
velocity:
- -0.008928571827709675
- -0.009226190857589245
effort:
- .nan
- .nan
---
header:
  stamp:
    sec: 1791164851
    nanosec: 859995841
  frame_id: base_link
name:
- joint_x
- joint_y
position:
- 0.028537500649690628
- 0.028537500649690628
velocity:
- -0.010312500409781933
- -0.010312500409781933
effort:
- .nan
- .nan
---
header:
  stamp:
    sec: 1791164851
    nanosec: 879968815
  frame_id: base_link
name:
- joint_x
- joint_y
position:
- 0.028331249952316284
- 0.028337499126791954
velocity:
- -0.010312500409781933
- -0.009999999776482582
effort:
- .nan
- .nan
---
header:
  stamp:
    sec: 1791164851
    nanosec: 899972994
  frame_id: base_link
name:
- joint_x
- joint_y
position:
- 0.02811875008046627
- 0.02811875008046627
velocity:
- -0.010625000111758709
- -0.010937499813735485
effort:
- .nan
- .nan
---
header:
  stamp:
    sec: 1791164851
    nanosec: 919972970
  frame_id: base_link
name:
- joint_x
- joint_y
position:
- 0.027893749997019768
- 0.027893749997019768
velocity:
- -0.011250000447034836
- -0.011250000447034836
effort:
- .nan
- .nan
---
header:
  stamp:
    sec: 1791164851
    nanosec: 939969827
  frame_id: base_link
name:
- joint_x
- joint_y
position:
- 0.027656249701976776
- 0.027656249701976776
velocity:
- -0.011874999850988388
- -0.011874999850988388
effort:
- .nan
- .nan
---
header:
  stamp:
    sec: 1791164851
    nanosec: 959966670
  frame_id: base_link
name:
- joint_x
- joint_y
position:
- 0.027400000020861626
- 0.027400000020861626
velocity:
- -0.012812499888241291
- -0.012812499888241291
effort:
- .nan
- .nan
---
header:
  stamp:
    sec: 1791164851
    nanosec: 979969056
  frame_id: base_link
name:
- joint_x
- joint_y
position:
- 0.026887500658631325
- 0.026887500658631325
velocity:
- -0.013124999590218067
- -0.013124999590218067
effort:
- .nan
- .nan
---
header:
  stamp:
    sec: 1791164851
    nanosec: 999963288
  frame_id: base_link
name:
- joint_x
- joint_y
position:
- 0.026612499728798866
- 0.026612499728798866
velocity:
- -0.013749999925494194
- -0.013749999925494194
effort:
- .nan
- .nan
---
header:
  stamp:
    sec: 1791164852
    nanosec: 19963289
  frame_id: base_link
name:
- joint_x
- joint_y
position:
- 0.02631874941289425
- 0.02631874941289425
velocity:
- -0.014687499962747097
- -0.014687499962747097
effort:
- .nan
- .nan
---
header:
  stamp:
    sec: 1791164852
    nanosec: 39983741
  frame_id: base_link
name:
- joint_x
- joint_y
position:
- 0.02602499909698963
- 0.02602499909698963
velocity:
- -0.014687499962747097
- -0.014375000260770321
effort:
- .nan
- .nan
---
header:
  stamp:
    sec: 1791164852
    nanosec: 59966174
  frame_id: base_link
name:
- joint_x
- joint_y
position:
- 0.025724999606609344
- 0.025731250643730164
velocity:
- -0.014687499962747097
- -0.014999999664723873
effort:
- .nan
- .nan
---
header:
  stamp:
    sec: 1791164852
    nanosec: 79991486
  frame_id: base_link
name:
- joint_x
- joint_y
position:
- 0.025418749079108238
- 0.025425000116229057
velocity:
- -0.015312500298023224
- -0.015312500298023224
effort:
- .nan
- .nan
---
header:
  stamp:
    sec: 1791164852
    nanosec: 99975344
  frame_id: base_link
name:
- joint_x
- joint_y
position:
- 0.02511250041425228
- 0.02511250041425228
velocity:
- -0.015625
- -0.015625
effort:
- .nan
- .nan
---
header:
  stamp:
    sec: 1791164852
    nanosec: 120059173
  frame_id: base_link
name:
- joint_x
- joint_y
position:
- 0.024775000289082527
- 0.024775000289082527
velocity:
- -0.01607142947614193
- -0.01607142947614193
effort:
- .nan
- .nan
---
header:
  stamp:
    sec: 1791164852
    nanosec: 139998753
  frame_id: base_link
name:
- joint_x
- joint_y
position:
- 0.024431249126791954
- 0.024431249126791954
velocity:
- -0.01718750037252903
- -0.01718750037252903
effort:
- .nan
- .nan
---
header:
  stamp:
    sec: 1791164852
    nanosec: 159997527
  frame_id: base_link
name:
- joint_x
- joint_y
position:
- 0.02410000003874302
- 0.02410000003874302
velocity:
- -0.01656249910593033
- -0.01656249910593033
effort:
- .nan
- .nan
---
header:
  stamp:
    sec: 1791164852
    nanosec: 180000877
  frame_id: base_link
name:
- joint_x
- joint_y
position:
- 0.023762499913573265
- 0.023762499913573265
velocity:
- -0.016875000670552254
- -0.016875000670552254
effort:
- .nan
- .nan
---
header:
  stamp:
    sec: 1791164852
    nanosec: 200025883
  frame_id: base_link
name:
- joint_x
- joint_y
position:
- 0.02304374985396862
- 0.02304374985396862
velocity:
- -0.018437499180436134
- -0.018437499180436134
effort:
- .nan
- .nan
---
header:
  stamp:
    sec: 1791164852
    nanosec: 219992747
  frame_id: base_link
name:
- joint_x
- joint_y
position:
- 0.022687500342726707
- 0.022687500342726707
velocity:
- -0.017812499776482582
- -0.017812499776482582
effort:
- .nan
- .nan
---
header:
  stamp:
    sec: 1791164852
    nanosec: 239990483
  frame_id: base_link
name:
- joint_x
- joint_y
position:
- 0.022324999794363976
- 0.022324999794363976
velocity:
- -0.018124999478459358
- -0.018124999478459358
effort:
- .nan
- .nan
---
header:
  stamp:
    sec: 1791164852
    nanosec: 259990684
  frame_id: base_link
name:
- joint_x
- joint_y
position:
- 0.021956250071525574
- 0.021956250071525574
velocity:
- -0.018437499180436134
- -0.018437499180436134
effort:
- .nan
- .nan
---
header:
  stamp:
    sec: 1791164852
    nanosec: 280001996
  frame_id: base_link
name:
- joint_x
- joint_y
position:
- 0.021581249311566353
- 0.021581249311566353
velocity:
- -0.01875000074505806
- -0.01875000074505806
effort:
- .nan
- .nan
---
header:
  stamp:
    sec: 1791164852
    nanosec: 299976725
  frame_id: base_link
name:
- joint_x
- joint_y
position:
- 0.021187499165534973
- 0.021187499165534973
velocity:
- -0.019687499850988388
- -0.019687499850988388
effort:
- .nan
- .nan
---
header:
  stamp:
    sec: 1791164852
    nanosec: 319987276
  frame_id: base_link
name:
- joint_x
- joint_y
position:
- 0.020806249231100082
- 0.020806249231100082
velocity:
- -0.019062500447034836
- -0.019062500447034836
effort:
- .nan
- .nan
---
header:
  stamp:
    sec: 1791164852
    nanosec: 340016585
  frame_id: base_link
name:
- joint_x
- joint_y
position:
- 0.020418750122189522
- 0.020418750122189522
velocity:
- -0.019375000149011612
- -0.019375000149011612
effort:
- .nan
- .nan
---
header:
  stamp:
    sec: 1791164852
    nanosec: 359987564
  frame_id: base_link
name:
- joint_x
- joint_y
position:
- 0.020024999976158142
- 0.020024999976158142
velocity:
- -0.019375000149011612
- -0.019687499850988388
effort:
- .nan
- .nan
---
header:
  stamp:
    sec: 1791164852
    nanosec: 379986757
  frame_id: base_link
name:
- joint_x
- joint_y
position:
- 0.019631249830126762
- 0.019631249830126762
velocity:
- -0.019999999552965164
- -0.019687499850988388
effort:
- .nan
- .nan
---
header:
  stamp:
    sec: 1791164852
    nanosec: 399996216
  frame_id: base_link
name:
- joint_x
- joint_y
position:
- 0.019218750298023224
- 0.019218750298023224
velocity:
- -0.01964285783469677
- -0.01964285783469677
effort:
- .nan
- .nan
---
header:
  stamp:
    sec: 1791164852
    nanosec: 419973728
  frame_id: base_link
name:
- joint_x
- joint_y
position:
- 0.018793750554323196
- 0.018793750554323196
velocity:
- -0.020937500521540642
- -0.020937500521540642
effort:
- .nan
- .nan
---
header:
  stamp:
    sec: 1791164852
    nanosec: 439992477
  frame_id: base_link
name:
- joint_x
- joint_y
position:
- 0.017999999225139618
- 0.018006250262260437
velocity:
- -0.02031249925494194
- -0.019999999552965164
effort:
- .nan
- .nan
---
header:
  stamp:
    sec: 1791164852
    nanosec: 460021994
  frame_id: base_link
name:
- joint_x
- joint_y
position:
- 0.0175937507301569
- 0.01759999990463257
velocity:
- -0.02031249925494194
- -0.02031249925494194
effort:
- .nan
- .nan
---
header:
  stamp:
    sec: 1791164852
    nanosec: 479996181
  frame_id: base_link
name:
- joint_x
- joint_y
position:
- 0.017162499949336052
- 0.017162499949336052
velocity:
- -0.021250000223517418
- -0.02187499962747097
effort:
- .nan
- .nan
---
header:
  stamp:
    sec: 1791164852
    nanosec: 499971905
  frame_id: base_link
name:
- joint_x
- joint_y
position:
- 0.016756249591708183
- 0.016756249591708183
velocity:
- -0.020625000819563866
- -0.02031249925494194
effort:
- .nan
- .nan
---
header:
  stamp:
    sec: 1791164852
    nanosec: 519993638
  frame_id: base_link
name:
- joint_x
- joint_y
position:
- 0.016343750059604645
- 0.016343750059604645
velocity:
- -0.02031249925494194
- -0.020625000819563866
effort:
- .nan
- .nan
---
header:
  stamp:
    sec: 1791164852
    nanosec: 539987801
  frame_id: base_link
name:
- joint_x
- joint_y
position:
- 0.015937499701976776
- 0.015937499701976776
velocity:
- -0.020625000819563866
- -0.019999999552965164
effort:
- .nan
- .nan
---
header:
  stamp:
    sec: 1791164852
    nanosec: 559986915
  frame_id: base_link
name:
- joint_x
- joint_y
position:
- 0.015525000169873238
- 0.015525000169873238
velocity:
- -0.02031249925494194
- -0.020625000819563866
effort:
- .nan
- .nan
---
header:
  stamp:
    sec: 1791164852
    nanosec: 579991427
  frame_id: base_link
name:
- joint_x
- joint_y
position:
- 0.015093750320374966
- 0.015093750320374966
velocity:
- -0.02083333395421505
- -0.02083333395421505
effort:
- .nan
- .nan
---
header:
  stamp:
    sec: 1791164852
    nanosec: 599995402
  frame_id: base_link
name:
- joint_x
- joint_y
position:
- 0.014662499539554119
- 0.014662499539554119
velocity:
- -0.021562499925494194
- -0.021562499925494194
effort:
- .nan
- .nan
---
header:
  stamp:
    sec: 1791164852
    nanosec: 619995225
  frame_id: base_link
name:
- joint_x
- joint_y
position:
- 0.01425000000745058
- 0.014256250113248825
velocity:
- -0.020625000819563866
- -0.02031249925494194
effort:
- .nan
- .nan
---
header:
  stamp:
    sec: 1791164852
    nanosec: 640009474
  frame_id: base_link
name:
- joint_x
- joint_y
position:
- 0.013837499544024467
- 0.013843749649822712
velocity:
- -0.020625000819563866
- -0.020625000819563866
effort:
- .nan
- .nan
---
header:
  stamp:
    sec: 1791164852
    nanosec: 660002973
  frame_id: base_link
name:
- joint_x
- joint_y
position:
- 0.013000000268220901
- 0.013006250374019146
velocity:
- -0.021562499925494194
- -0.021562499925494194
effort:
- .nan
- .nan
---
header:
  stamp:
    sec: 1791164852
    nanosec: 679992808
  frame_id: base_link
name:
- joint_x
- joint_y
position:
- 0.012593749910593033
- 0.012593749910593033
velocity:
- -0.02031249925494194
- -0.02031249925494194
effort:
- .nan
- .nan
---
header:
  stamp:
    sec: 1791164852
    nanosec: 699978127
  frame_id: base_link
name:
- joint_x
- joint_y
position:
- 0.012187499552965164
- 0.012187499552965164
velocity:
- -0.019999999552965164
- -0.02031249925494194
effort:
- .nan
- .nan
---
header:
  stamp:
    sec: 1791164852
    nanosec: 719989832
  frame_id: base_link
name:
- joint_x
- joint_y
position:
- 0.011787500232458115
- 0.011787500232458115
velocity:
- -0.02031249925494194
- -0.019999999552965164
effort:
- .nan
- .nan
---
header:
  stamp:
    sec: 1791164852
    nanosec: 739989253
  frame_id: base_link
name:
- joint_x
- joint_y
position:
- 0.011381249874830246
- 0.01138749998062849
velocity:
- -0.019999999552965164
- -0.02031249925494194
effort:
- .nan
- .nan
---
header:
  stamp:
    sec: 1791164852
    nanosec: 759996298
  frame_id: base_link
name:
- joint_x
- joint_y
position:
- 0.010962500236928463
- 0.010962500236928463
velocity:
- -0.02023809589445591
- -0.02023809589445591
effort:
- .nan
- .nan
---
header:
  stamp:
    sec: 1791164852
    nanosec: 779992226
  frame_id: base_link
name:
- joint_x
- joint_y
position:
- 0.010543749667704105
- 0.01054999977350235
velocity:
- -0.020937500521540642
- -0.020625000819563866
effort:
- .nan
- .nan
---
header:
  stamp:
    sec: 1791164852
    nanosec: 799987482
  frame_id: base_link
name:
- joint_x
- joint_y
position:
- 0.0101500004529953
- 0.01015624962747097
velocity:
- -0.019687499850988388
- -0.019687499850988388
effort:
- .nan
- .nan
---
header:
  stamp:
    sec: 1791164852
    nanosec: 819996232
  frame_id: base_link
name:
- joint_x
- joint_y
position:
- 0.009762500412762165
- 0.009762500412762165
velocity:
- -0.019375000149011612
- -0.019687499850988388
effort:
- .nan
- .nan
---
header:
  stamp:
    sec: 1791164852
    nanosec: 839995566
  frame_id: base_link
name:
- joint_x
- joint_y
position:
- 0.00937500037252903
- 0.00937500037252903
velocity:
- -0.019375000149011612
- -0.019375000149011612
effort:
- .nan
- .nan
---
header:
  stamp:
    sec: 1791164852
    nanosec: 859973400
  frame_id: base_link
name:
- joint_x
- joint_y
position:
- 0.008993750438094139
- 0.008993750438094139
velocity:
- -0.019062500447034836
- -0.019062500447034836
effort:
- .nan
- .nan
---
header:
  stamp:
    sec: 1791164852
    nanosec: 879997809
  frame_id: base_link
name:
- joint_x
- joint_y
position:
- 0.008593750186264515
- 0.008593750186264515
velocity:
- -0.019999999552965164
- -0.019687499850988388
effort:
- .nan
- .nan
---
header:
  stamp:
    sec: 1791164852
    nanosec: 899985185
  frame_id: base_link
name:
- joint_x
- joint_y
position:
- 0.007856249809265137
- 0.007856249809265137
velocity:
- -0.018437499180436134
- -0.018437499180436134
effort:
- .nan
- .nan
---
header:
  stamp:
    sec: 1791164852
    nanosec: 919980572
  frame_id: base_link
name:
- joint_x
- joint_y
position:
- 0.007487500086426735
- 0.007487500086426735
velocity:
- -0.018124999478459358
- -0.018124999478459358
effort:
- .nan
- .nan
---
header:
  stamp:
    sec: 1791164852
    nanosec: 939994424
  frame_id: base_link
name:
- joint_x
- joint_y
position:
- 0.007106250151991844
- 0.007106250151991844
velocity:
- -0.01845238171517849
- -0.01845238171517849
effort:
- .nan
- .nan
---
header:
  stamp:
    sec: 1791164852
    nanosec: 959986838
  frame_id: base_link
name:
- joint_x
- joint_y
position:
- 0.006737499963492155
- 0.006737499963492155
velocity:
- -0.018437499180436134
- -0.018437499180436134
effort:
- .nan
- .nan
---
header:
  stamp:
    sec: 1791164852
    nanosec: 980026123
  frame_id: base_link
name:
- joint_x
- joint_y
position:
- 0.006387500092387199
- 0.006387500092387199
velocity:
- -0.017500000074505806
- -0.017500000074505806
effort:
- .nan
- .nan
---
header:
  stamp:
    sec: 1791164852
    nanosec: 999990946
  frame_id: base_link
name:
- joint_x
- joint_y
position:
- 0.006049999967217445
- 0.006043749861419201
velocity:
- -0.016875000670552254
- -0.016875000670552254
effort:
- .nan
- .nan
---
header:
  stamp:
    sec: 1791164853
    nanosec: 19990723
  frame_id: base_link
name:
- joint_x
- joint_y
position:
- 0.005712499842047691
- 0.005712499842047691
velocity:
- -0.016875000670552254
- -0.016875000670552254
effort:
- .nan
- .nan
---
header:
  stamp:
    sec: 1791164853
    nanosec: 39985391
  frame_id: base_link
name:
- joint_x
- joint_y
position:
- 0.005381249822676182
- 0.005381249822676182
velocity:
- -0.01656249910593033
- -0.01656249910593033
effort:
- .nan
- .nan
---
header:
  stamp:
    sec: 1791164853
    nanosec: 59997990
  frame_id: base_link
name:
- joint_x
- joint_y
position:
- 0.005037500057369471
- 0.005037500057369471
velocity:
- -0.0163690485060215
- -0.0163690485060215
effort:
- .nan
- .nan
---
header:
  stamp:
    sec: 1791164853
    nanosec: 80005947
  frame_id: base_link
name:
- joint_x
- joint_y
position:
- 0.004706250037997961
- 0.004706250037997961
velocity:
- -0.01656249910593033
- -0.01656249910593033
effort:
- .nan
- .nan
---
header:
  stamp:
    sec: 1791164853
    nanosec: 99994673
  frame_id: base_link
name:
- joint_x
- joint_y
position:
- 0.004399999976158142
- 0.004399999976158142
velocity:
- -0.015312500298023224
- -0.015312500298023224
effort:
- .nan
- .nan
---
header:
  stamp:
    sec: 1791164853
    nanosec: 120011693
  frame_id: base_link
name:
- joint_x
- joint_y
position:
- 0.004100000020116568
- 0.004100000020116568
velocity:
- -0.014999999664723873
- -0.014999999664723873
effort:
- .nan
- .nan
---
header:
  stamp:
    sec: 1791164853
    nanosec: 139962910
  frame_id: base_link
name:
- joint_x
- joint_y
position:
- 0.003512500086799264
- 0.003512500086799264
velocity:
- -0.014999999664723873
- -0.014999999664723873
effort:
- .nan
- .nan
---
header:
  stamp:
    sec: 1791164853
    nanosec: 160003183
  frame_id: base_link
name:
- joint_x
- joint_y
position:
- 0.00323750008828938
- 0.00323750008828938
velocity:
- -0.013749999925494194
- -0.013749999925494194
effort:
- .nan
- .nan
---
header:
  stamp:
    sec: 1791164853
    nanosec: 180008162
  frame_id: base_link
name:
- joint_x
- joint_y
position:
- 0.002968749962747097
- 0.002968749962747097
velocity:
- -0.013437500223517418
- -0.013124999590218067
effort:
- .nan
- .nan
---
header:
  stamp:
    sec: 1791164853
    nanosec: 199995196
  frame_id: base_link
name:
- joint_x
- joint_y
position:
- 0.002712500048801303
- 0.002712500048801303
velocity:
- -0.012812499888241291
- -0.013124999590218067
effort:
- .nan
- .nan
---
header:
  stamp:
    sec: 1791164853
    nanosec: 219991260
  frame_id: base_link
name:
- joint_x
- joint_y
position:
- 0.0024625000078231096
- 0.0024625000078231096
velocity:
- -0.012500000186264515
- -0.012500000186264515
effort:
- .nan
- .nan
---
header:
  stamp:
    sec: 1791164853
    nanosec: 239988589
  frame_id: base_link
name:
- joint_x
- joint_y
position:
- 0.0022124999668449163
- 0.0022124999668449163
velocity:
- -0.011904762126505375
- -0.011904762126505375
effort:
- .nan
- .nan
---
header:
  stamp:
    sec: 1791164853
    nanosec: 259994445
  frame_id: base_link
name:
- joint_x
- joint_y
position:
- 0.0019749999046325684
- 0.0019749999046325684
velocity:
- -0.011874999850988388
- -0.011874999850988388
effort:
- .nan
- .nan
---
header:
  stamp:
    sec: 1791164853
    nanosec: 279991846
  frame_id: base_link
name:
- joint_x
- joint_y
position:
- 0.001756250043399632
- 0.001756250043399632
velocity:
- -0.010937499813735485
- -0.010937499813735485
effort:
- .nan
- .nan
---
header:
  stamp:
    sec: 1791164853
    nanosec: 299975018
  frame_id: base_link
name:
- joint_x
- joint_y
position:
- 0.001550000044517219
- 0.001550000044517219
velocity:
- -0.010312500409781933
- -0.010312500409781933
effort:
- .nan
- .nan
---
header:
  stamp:
    sec: 1791164853
    nanosec: 319987185
  frame_id: base_link
name:
- joint_x
- joint_y
position:
- 0.0013500000350177288
- 0.0013500000350177288
velocity:
- -0.009999999776482582
- -0.009999999776482582
effort:
- .nan
- .nan
---
header:
  stamp:
    sec: 1791164853
    nanosec: 340012710
  frame_id: base_link
name:
- joint_x
- joint_y
position:
- 0.0011687499936670065
- 0.0011625000042840838
velocity:
- -0.009062499739229679
- -0.009062499739229679
effort:
- .nan
- .nan
---
header:
  stamp:
    sec: 1791164853
    nanosec: 359990882
  frame_id: base_link
name:
- joint_x
- joint_y
position:
- 0.000818750006146729
- 0.000818750006146729
velocity:
- -0.008124999701976776
- -0.008124999701976776
effort:
- .nan
- .nan
---
header:
  stamp:
    sec: 1791164853
    nanosec: 379993343
  frame_id: base_link
name:
- joint_x
- joint_y
position:
- 0.0006687500281259418
- 0.0006687500281259418
velocity:
- -0.007499999832361937
- -0.007499999832361937
effort:
- .nan
- .nan
---
header:
  stamp:
    sec: 1791164853
    nanosec: 399995094
  frame_id: base_link
name:
- joint_x
- joint_y
position:
- 0.0005312500288709998
- 0.0005312500288709998
velocity:
- -0.006874999962747097
- -0.006874999962747097
effort:
- .nan
- .nan
---
header:
  stamp:
    sec: 1791164853
    nanosec: 419986531
  frame_id: base_link
name:
- joint_x
- joint_y
position:
- 0.00039999998989515007
- 0.0003937500005122274
velocity:
- -0.0062500000931322575
- -0.0065476191230118275
effort:
- .nan
- .nan
---
header:
  stamp:
    sec: 1791164853
    nanosec: 439974176
  frame_id: base_link
name:
- joint_x
- joint_y
position:
- 0.0002749999985098839
- 0.0002749999985098839
velocity:
- -0.0062500000931322575
- -0.005937499925494194
effort:
- .nan
- .nan
---
header:
  stamp:
    sec: 1791164853
    nanosec: 460001106
  frame_id: base_link
name:
- joint_x
- joint_y
position:
- 0.00017499999376013875
- 0.00017499999376013875
velocity:
- -0.004999999888241291
- -0.004999999888241291
effort:
- .nan
- .nan
---
header:
  stamp:
    sec: 1791164853
    nanosec: 479992956
  frame_id: base_link
name:
- joint_x
- joint_y
position:
- 8.749999688006938e-05
- 9.375000081490725e-05
velocity:
- -0.0043750000186264515
- -0.004062499850988388
effort:
- .nan
- .nan
---
header:
  stamp:
    sec: 1791164853
    nanosec: 499985245
  frame_id: base_link
name:
- joint_x
- joint_y
position:
- 1.8750000890577212e-05
- 1.8750000890577212e-05
velocity:
- -0.0034374999813735485
- -0.0037499999161809683
effort:
- .nan
- .nan
---
header:
  stamp:
    sec: 1791164853
    nanosec: 519988224
  frame_id: base_link
name:
- joint_x
- joint_y
position:
- -4.374999844003469e-05
- -4.374999844003469e-05
velocity:
- -0.0031250000465661287
- -0.0031250000465661287
effort:
- .nan
- .nan
---
header:
  stamp:
    sec: 1791164853
    nanosec: 539993733
  frame_id: base_link
name:
- joint_x
- joint_y
position:
- -9.375000081490725e-05
- -9.375000081490725e-05
velocity:
- -0.0024999999441206455
- -0.0024999999441206455
effort:
- .nan
- .nan
---
header:
  stamp:
    sec: 1791164853
    nanosec: 560006391
  frame_id: base_link
name:
- joint_x
- joint_y
position:
- -0.0001250000059371814
- -0.0001250000059371814
velocity:
- -0.0015625000232830644
- -0.0015625000232830644
effort:
- .nan
- .nan
---
header:
  stamp:
    sec: 1791164853
    nanosec: 579993944
  frame_id: base_link
name:
- joint_x
- joint_y
position:
- -0.00014375000318977982
- -0.00014375000318977982
velocity:
- -0.0009374999790452421
- -0.0009374999790452421
effort:
- .nan
- .nan
---
header:
  stamp:
    sec: 1791164853
    nanosec: 599999956
  frame_id: base_link
name:
- joint_x
- joint_y
position:
- -0.00013124999532010406
- -0.00013124999532010406
velocity:
- 0.0006249999860301614
- 0.0006249999860301614
effort:
- .nan
- .nan
---
header:
  stamp:
    sec: 1791164853
    nanosec: 619998784
  frame_id: base_link
name:
- joint_x
- joint_y
position:
- -9.375000081490725e-05
- -9.375000081490725e-05
velocity:
- 0.0018749999580904841
- 0.0018749999580904841
effort:
- .nan
- .nan
---
header:
  stamp:
    sec: 1791164853
    nanosec: 639989259
  frame_id: base_link
name:
- joint_x
- joint_y
position:
- -6.25000029685907e-05
- -6.25000029685907e-05
velocity:
- 0.0015625000232830644
- 0.0015625000232830644
effort:
- .nan
- .nan
---
header:
  stamp:
    sec: 1791164853
    nanosec: 659991727
  frame_id: base_link
name:
- joint_x
- joint_y
position:
- 0.0
- 0.0
velocity:
- 0.0031250000465661287
- 0.0031250000465661287
effort:
- .nan
- .nan
---
header:
  stamp:
    sec: 1791164853
    nanosec: 679986750
  frame_id: base_link
name:
- joint_x
- joint_y
position:
- 0.0
- 0.0
velocity:
- 0.0
- 0.0
effort:
- .nan
- .nan
---
header:
  stamp:
    sec: 1791164853
    nanosec: 699983684
  frame_id: base_link
name:
- joint_x
- joint_y
position:
- 0.0
- 0.0
velocity:
- 0.0
- 0.0
effort:
- .nan
- .nan
---
header:
  stamp:
    sec: 1791164853
    nanosec: 719999969
  frame_id: base_link
name:
- joint_x
- joint_y
position:
- 0.0
- 0.0
velocity:
- 0.0
- 0.0
effort:
- .nan
- .nan
---
header:
  stamp:
    sec: 1791164853
    nanosec: 739986104
  frame_id: base_link
name:
- joint_x
- joint_y
position:
- 0.0
- 0.0
velocity:
- 0.0
- 0.0
effort:
- .nan
- .nan
---
header:
  stamp:
    sec: 1791164853
    nanosec: 759983818
  frame_id: base_link
name:
- joint_x
- joint_y
position:
- 0.0
- 0.0
velocity:
- 0.0
- 0.0
effort:
- .nan
- .nan
---
header:
  stamp:
    sec: 1791164853
    nanosec: 780092146
  frame_id: base_link
name:
- joint_x
- joint_y
position:
- 0.0
- 0.0
velocity:
- 0.0
- 0.0
effort:
- .nan
- .nan
---
