header:
  stamp:
    sec: 1791165119
    nanosec: 749902094
  frame_id: base_link
name:
- joint_x
- joint_y
position:
- 0.0
- 0.0
velocity:
- 0.0
- 0.0
effort:
- .nan
- .nan
---
header:
  stamp:
    sec: 1791165119
    nanosec: 769893643
  frame_id: base_link
name:
- joint_x
- joint_y
position:
- 0.0
- 0.0
velocity:
- 0.0
- 0.0
effort:
- .nan
- .nan
---
header:
  stamp:
    sec: 1791165119
    nanosec: 789863023
  frame_id: base_link
name:
- joint_x
- joint_y
position:
- 0.0
- 0.0
velocity:
- 0.0
- 0.0
effort:
- .nan
- .nan
---
header:
  stamp:
    sec: 1791165119
    nanosec: 809852766
  frame_id: base_link
name:
- joint_x
- joint_y
position:
- 0.0
- 0.0
velocity:
- 0.0
- 0.0
effort:
- .nan
- .nan
---
header:
  stamp:
    sec: 1791165119
    nanosec: 829831487
  frame_id: base_link
name:
- joint_x
- joint_y
position:
- 0.0
- 0.0
velocity:
- 0.0
- 0.0
effort:
- .nan
- .nan
---
header:
  stamp:
    sec: 1791165119
    nanosec: 849860853
  frame_id: base_link
name:
- joint_x
- joint_y
position:
- 0.0
- 0.0
velocity:
- 0.0
- 0.0
effort:
- .nan
- .nan
---
header:
  stamp:
    sec: 1791165119
    nanosec: 869857930
  frame_id: base_link
name:
- joint_x
- joint_y
position:
- 0.0
- 0.0
velocity:
- 0.0
- 0.0
effort:
- .nan
- .nan
---
header:
  stamp:
    sec: 1791165119
    nanosec: 889864056
  frame_id: base_link
name:
- joint_x
- joint_y
position:
- 0.0
- 0.0
velocity:
- 0.0
- 0.0
effort:
- .nan
- .nan
---
header:
  stamp:
    sec: 1791165119
    nanosec: 909864937
  frame_id: base_link
name:
- joint_x
- joint_y
position:
- 0.0
- 0.0
velocity:
- 0.0
- 0.0
effort:
- .nan
- .nan
---
header:
  stamp:
    sec: 1791165119
    nanosec: 929857818
  frame_id: base_link
name:
- joint_x
- joint_y
position:
- 0.0
- 0.0
velocity:
- 0.0
- 0.0
effort:
- .nan
- .nan
---
header:
  stamp:
    sec: 1791165119
    nanosec: 949828014
  frame_id: base_link
name:
- joint_x
- joint_y
position:
- 0.0
- 0.0
velocity:
- 0.0
- 0.0
effort:
- .nan
- .nan
---
header:
  stamp:
    sec: 1791165119
    nanosec: 969868380
  frame_id: base_link
name:
- joint_x
- joint_y
position:
- 0.0
- 0.0
velocity:
- 0.0
- 0.0
effort:
- .nan
- .nan
---
header:
  stamp:
    sec: 1791165119
    nanosec: 989873385
  frame_id: base_link
name:
- joint_x
- joint_y
position:
- 0.0
- 0.0
velocity:
- 0.0
- 0.0
effort:
- .nan
- .nan
---
header:
  stamp:
    sec: 1791165120
    nanosec: 9846473
  frame_id: base_link
name:
- joint_x
- joint_y
position:
- 0.0
- 0.0
velocity:
- 0.0
- 0.0
effort:
- .nan
- .nan
---
header:
  stamp:
    sec: 1791165120
    nanosec: 29858661
  frame_id: base_link
name:
- joint_x
- joint_y
position:
- 0.0
- 0.0
velocity:
- 0.0
- 0.0
effort:
- .nan
- .nan
---
header:
  stamp:
    sec: 1791165120
    nanosec: 49864837
  frame_id: base_link
name:
- joint_x
- joint_y
position:
- 0.0
- 0.0
velocity:
- 0.0
- 0.0
effort:
- .nan
- .nan
---
header:
  stamp:
    sec: 1791165120
    nanosec: 69835040
  frame_id: base_link
name:
- joint_x
- joint_y
position:
- 0.0
- 0.0
velocity:
- 0.0
- 0.0
effort:
- .nan
- .nan
---
header:
  stamp:
    sec: 1791165120
    nanosec: 89862372
  frame_id: base_link
name:
- joint_x
- joint_y
position:
- 0.0
- 0.0
velocity:
- 0.0
- 0.0
effort:
- .nan
- .nan
---
header:
  stamp:
    sec: 1791165120
    nanosec: 109860821
  frame_id: base_link
name:
- joint_x
- joint_y
position:
- 0.0
- 0.0
velocity:
- 0.0
- 0.0
effort:
- .nan
- .nan
---
header:
  stamp:
    sec: 1791165120
    nanosec: 129860139
  frame_id: base_link
name:
- joint_x
- joint_y
position:
- 0.0
- 0.0
velocity:
- 0.0
- 0.0
effort:
- .nan
- .nan
---
header:
  stamp:
    sec: 1791165120
    nanosec: 149854991
  frame_id: base_link
name:
- joint_x
- joint_y
position:
- 0.0
- 0.0
velocity:
- 0.0
- 0.0
effort:
- .nan
- .nan
---
header:
  stamp:
    sec: 1791165120
    nanosec: 169862209
  frame_id: base_link
name:
- joint_x
- joint_y
position:
- 0.0
- 0.0
velocity:
- 0.0
- 0.0
effort:
- .nan
- .nan
---
header:
  stamp:
    sec: 1791165120
    nanosec: 189860017
  frame_id: base_link
name:
- joint_x
- joint_y
position:
- 0.0
- 0.0
velocity:
- 0.0
- 0.0
effort:
- .nan
- .nan
---
header:
  stamp:
    sec: 1791165120
    nanosec: 209886945
  frame_id: base_link
name:
- joint_x
- joint_y
position:
- 0.0
- 0.0
velocity:
- 0.0
- 0.0
effort:
- .nan
- .nan
---
header:
  stamp:
    sec: 1791165120
    nanosec: 229834673
  frame_id: base_link
name:
- joint_x
- joint_y
position:
- 0.0
- 0.0
velocity:
- 0.0
- 0.0
effort:
- .nan
- .nan
---
header:
  stamp:
    sec: 1791165120
    nanosec: 249877843
  frame_id: base_link
name:
- joint_x
- joint_y
position:
- 0.0
- 0.0
velocity:
- 0.0
- 0.0
effort:
- .nan
- .nan
---
header:
  stamp:
    sec: 1791165120
    nanosec: 269870685
  frame_id: base_link
name:
- joint_x
- joint_y
position:
- 0.0
- 0.0
velocity:
- 0.0
- 0.0
effort:
- .nan
- .nan
---
header:
  stamp:
    sec: 1791165120
    nanosec: 289836134
  frame_id: base_link
name:
- joint_x
- joint_y
position:
- 0.0
- 0.0
velocity:
- 0.0
- 0.0
effort:
- .nan
- .nan
---
header:
  stamp:
    sec: 1791165120
    nanosec: 309830742
  frame_id: base_link
name:
- joint_x
- joint_y
position:
- 0.0
- 0.0
velocity:
- 0.0
- 0.0
effort:
- .nan
- .nan
---
header:
  stamp:
    sec: 1791165120
    nanosec: 329828482
  frame_id: base_link
name:
- joint_x
- joint_y
position:
- 0.0
- 0.0
velocity:
- 0.0
- 0.0
effort:
- .nan
- .nan
---
header:
  stamp:
    sec: 1791165120
    nanosec: 349834580
  frame_id: base_link
name:
- joint_x
- joint_y
position:
- 0.0
- 0.0
velocity:
- 0.0
- 0.0
effort:
- .nan
- .nan
---
header:
  stamp:
    sec: 1791165120
    nanosec: 369826478
  frame_id: base_link
name:
- joint_x
- joint_y
position:
- 0.0
- 0.0
velocity:
- 0.0
- 0.0
effort:
- .nan
- .nan
---
header:
  stamp:
    sec: 1791165120
    nanosec: 389862367
  frame_id: base_link
name:
- joint_x
- joint_y
position:
- 0.0
- 0.0
velocity:
- 0.0
- 0.0
effort:
- .nan
- .nan
---
header:
  stamp:
    sec: 1791165120
    nanosec: 409871262
  frame_id: base_link
name:
- joint_x
- joint_y
position:
- 0.0
- 0.0
velocity:
- 0.0
- 0.0
effort:
- .nan
- .nan
---
header:
  stamp:
    sec: 1791165120
    nanosec: 429863297
  frame_id: base_link
name:
- joint_x
- joint_y
position:
- 0.0
- 0.0
velocity:
- 0.0
- 0.0
effort:
- .nan
- .nan
---
header:
  stamp:
    sec: 1791165120
    nanosec: 449854243
  frame_id: base_link
name:
- joint_x
- joint_y
position:
- 0.0
- 0.0
velocity:
- 0.0
- 0.0
effort:
- .nan
- .nan
---
header:
  stamp:
    sec: 1791165120
    nanosec: 469832698
  frame_id: base_link
name:
- joint_x
- joint_y
position:
- 0.0
- 0.0
velocity:
- 0.0
- 0.0
effort:
- .nan
- .nan
---
header:
  stamp:
    sec: 1791165120
    nanosec: 489835644
  frame_id: base_link
name:
- joint_x
- joint_y
position:
- 0.0
- 0.0
velocity:
- 0.0
- 0.0
effort:
- .nan
- .nan
---
header:
  stamp:
    sec: 1791165120
    nanosec: 509833547
  frame_id: base_link
name:
- joint_x
- joint_y
position:
- 0.0
- 0.0
velocity:
- 0.0
- 0.0
effort:
- .nan
- .nan
---
header:
  stamp:
    sec: 1791165120
    nanosec: 529855950
  frame_id: base_link
name:
- joint_x
- joint_y
position:
- 0.0
- 0.0
velocity:
- 0.0
- 0.0
effort:
- .nan
- .nan
---
header:
  stamp:
    sec: 1791165120
    nanosec: 549858167
  frame_id: base_link
name:
- joint_x
- joint_y
position:
- 0.0
- 0.0
velocity:
- 0.0
- 0.0
effort:
- .nan
- .nan
---
header:
  stamp:
    sec: 1791165120
    nanosec: 569837133
  frame_id: base_link
name:
- joint_x
- joint_y
position:
- 0.0
- 0.0
velocity:
- 0.0
- 0.0
effort:
- .nan
- .nan
---
header:
  stamp:
    sec: 1791165120
    nanosec: 589858881
  frame_id: base_link
name:
- joint_x
- joint_y
position:
- 0.0
- 0.0
velocity:
- 0.0
- 0.0
effort:
- .nan
- .nan
---
header:
  stamp:
    sec: 1791165120
    nanosec: 609862559
  frame_id: base_link
name:
- joint_x
- joint_y
position:
- 0.0
- 0.0
velocity:
- 0.0
- 0.0
effort:
- .nan
- .nan
---
header:
  stamp:
    sec: 1791165120
    nanosec: 629861847
  frame_id: base_link
name:
- joint_x
- joint_y
position:
- 0.0
- 0.0
velocity:
- 0.0
- 0.0
effort:
- .nan
- .nan
---
header:
  stamp:
    sec: 1791165120
    nanosec: 649829309
  frame_id: base_link
name:
- joint_x
- joint_y
position:
- 0.0
- 0.0
velocity:
- 0.0
- 0.0
effort:
- .nan
- .nan
---
header:
  stamp:
    sec: 1791165120
    nanosec: 669860344
  frame_id: base_link
name:
- joint_x
- joint_y
position:
- 0.0
- 0.0
velocity:
- 0.0
- 0.0
effort:
- .nan
- .nan
---
header:
  stamp:
    sec: 1791165120
    nanosec: 689841246
  frame_id: base_link
name:
- joint_x
- joint_y
position:
- 0.0
- 0.0
velocity:
- 0.0
- 0.0
effort:
- .nan
- .nan
---
header:
  stamp:
    sec: 1791165120
    nanosec: 709837519
  frame_id: base_link
name:
- joint_x
- joint_y
position:
- 0.0
- 0.0
velocity:
- 0.0
- 0.0
effort:
- .nan
- .nan
---
header:
  stamp:
    sec: 1791165120
    nanosec: 729834655
  frame_id: base_link
name:
- joint_x
- joint_y
position:
- 0.0
- 0.0
velocity:
- 0.0
- 0.0
effort:
- .nan
- .nan
---
header:
  stamp:
    sec: 1791165120
    nanosec: 749898150
  frame_id: base_link
name:
- joint_x
- joint_y
position:
- 0.0
- 0.0
velocity:
- 0.0
- 0.0
effort:
- .nan
- .nan
---
header:
  stamp:
    sec: 1791165120
    nanosec: 769851918
  frame_id: base_link
name:
- joint_x
- joint_y
position:
- 0.0
- 0.0
velocity:
- 0.0
- 0.0
effort:
- .nan
- .nan
---
header:
  stamp:
    sec: 1791165120
    nanosec: 789877511
  frame_id: base_link
name:
- joint_x
- joint_y
position:
- 0.0
- 0.0
velocity:
- 0.0
- 0.0
effort:
- .nan
- .nan
---
header:
  stamp:
    sec: 1791165120
    nanosec: 809877005
  frame_id: base_link
name:
- joint_x
- joint_y
position:
- 0.0
- 0.0
velocity:
- 0.0
- 0.0
effort:
- .nan
- .nan
---
header:
  stamp:
    sec: 1791165120
    nanosec: 829881644
  frame_id: base_link
name:
- joint_x
- joint_y
position:
- 0.0
- 0.0
velocity:
- 0.0
- 0.0
effort:
- .nan
- .nan
---
header:
  stamp:
    sec: 1791165120
    nanosec: 849894783
  frame_id: base_link
name:
- joint_x
- joint_y
position:
- 0.0
- 0.0
velocity:
- 0.0
- 0.0
effort:
- .nan
- .nan
---
header:
  stamp:
    sec: 1791165120
    nanosec: 869871797
  frame_id: base_link
name:
- joint_x
- joint_y
position:
- 0.0
- 0.0
velocity:
- 0.0
- 0.0
effort:
- .nan
- .nan
---
header:
  stamp:
    sec: 1791165120
    nanosec: 889845817
  frame_id: base_link
name:
- joint_x
- joint_y
position:
- 0.0
- 0.0
velocity:
- 0.0
- 0.0
effort:
- .nan
- .nan
---
header:
  stamp:
    sec: 1791165120
    nanosec: 909875734
  frame_id: base_link
name:
- joint_x
- joint_y
position:
- 0.0
- 0.0
velocity:
- 0.0
- 0.0
effort:
- .nan
- .nan
---
header:
  stamp:
    sec: 1791165120
    nanosec: 929883567
  frame_id: base_link
name:
- joint_x
- joint_y
position:
- 0.0
- 0.0
velocity:
- 0.0
- 0.0
effort:
- .nan
- .nan
---
header:
  stamp:
    sec: 1791165120
    nanosec: 949870344
  frame_id: base_link
name:
- joint_x
- joint_y
position:
- 0.0
- 0.0
velocity:
- 0.0
- 0.0
effort:
- .nan
- .nan
---
header:
  stamp:
    sec: 1791165120
    nanosec: 969871436
  frame_id: base_link
name:
- joint_x
- joint_y
position:
- 0.0
- 0.0
velocity:
- 0.0
- 0.0
effort:
- .nan
- .nan
---
header:
  stamp:
    sec: 1791165120
    nanosec: 989879672
  frame_id: base_link
name:
- joint_x
- joint_y
position:
- 0.0
- 0.0
velocity:
- 0.0
- 0.0
effort:
- .nan
- .nan
---
header:
  stamp:
    sec: 1791165121
    nanosec: 9832972
  frame_id: base_link
name:
- joint_x
- joint_y
position:
- 0.0
- 0.0
velocity:
- 0.0
- 0.0
effort:
- .nan
- .nan
---
header:
  stamp:
    sec: 1791165121
    nanosec: 29842587
  frame_id: base_link
name:
- joint_x
- joint_y
position:
- 0.0
- 0.0
velocity:
- 0.0
- 0.0
effort:
- .nan
- .nan
---
header:
  stamp:
    sec: 1791165121
    nanosec: 49861561
  frame_id: base_link
name:
- joint_x
- joint_y
position:
- 0.0
- 0.0
velocity:
- 0.0
- 0.0
effort:
- .nan
- .nan
---
header:
  stamp:
    sec: 1791165121
    nanosec: 69858216
  frame_id: base_link
name:
- joint_x
- joint_y
position:
- 0.0
- 0.0
velocity:
- 0.0
- 0.0
effort:
- .nan
- .nan
---
header:
  stamp:
    sec: 1791165121
    nanosec: 89870646
  frame_id: base_link
name:
- joint_x
- joint_y
position:
- 0.0
- 0.0
velocity:
- 0.0
- 0.0
effort:
- .nan
- .nan
---
header:
  stamp:
    sec: 1791165121
    nanosec: 109859436
  frame_id: base_link
name:
- joint_x
- joint_y
position:
- 0.0
- 0.0
velocity:
- 0.0
- 0.0
effort:
- .nan
- .nan
---
header:
  stamp:
    sec: 1791165121
    nanosec: 129865082
  frame_id: base_link
name:
- joint_x
- joint_y
position:
- 0.0
- 0.0
velocity:
- 0.0
- 0.0
effort:
- .nan
- .nan
---
header:
  stamp:
    sec: 1791165121
    nanosec: 149858604
  frame_id: base_link
name:
- joint_x
- joint_y
position:
- 0.0
- 0.0
velocity:
- 0.0
- 0.0
effort:
- .nan
- .nan
---
header:
  stamp:
    sec: 1791165121
    nanosec: 169863358
  frame_id: base_link
name:
- joint_x
- joint_y
position:
- 0.0
- 0.0
velocity:
- 0.0
- 0.0
effort:
- .nan
- .nan
---
header:
  stamp:
    sec: 1791165121
    nanosec: 189870639
  frame_id: base_link
name:
- joint_x
- joint_y
position:
- 0.0
- 0.0
velocity:
- 0.0
- 0.0
effort:
- .nan
- .nan
---
header:
  stamp:
    sec: 1791165121
    nanosec: 209871394
  frame_id: base_link
name:
- joint_x
- joint_y
position:
- 0.0
- 0.0
velocity:
- 0.0
- 0.0
effort:
- .nan
- .nan
---
header:
  stamp:
    sec: 1791165121
    nanosec: 229886486
  frame_id: base_link
name:
- joint_x
- joint_y
position:
- 0.0
- 0.0
velocity:
- 0.0
- 0.0
effort:
- .nan
- .nan
---
header:
  stamp:
    sec: 1791165121
    nanosec: 249871635
  frame_id: base_link
name:
- joint_x
- joint_y
position:
- 0.0
- 0.0
velocity:
- 0.0
- 0.0
effort:
- .nan
- .nan
---
header:
  stamp:
    sec: 1791165121
    nanosec: 269868844
  frame_id: base_link
name:
- joint_x
- joint_y
position:
- 0.0
- 0.0
velocity:
- 0.0
- 0.0
effort:
- .nan
- .nan
---
header:
  stamp:
    sec: 1791165121
    nanosec: 289925229
  frame_id: base_link
name:
- joint_x
- joint_y
position:
- 0.0
- 0.0
velocity:
- 0.0
- 0.0
effort:
- .nan
- .nan
---
header:
  stamp:
    sec: 1791165121
    nanosec: 309900813
  frame_id: base_link
name:
- joint_x
- joint_y
position:
- 0.0
- 0.0
velocity:
- 0.0
- 0.0
effort:
- .nan
- .nan
---
header:
  stamp:
    sec: 1791165121
    nanosec: 329966922
  frame_id: base_link
name:
- joint_x
- joint_y
position:
- 0.0
- 0.0
velocity:
- 0.0
- 0.0
effort:
- .nan
- .nan
---
header:
  stamp:
    sec: 1791165121
    nanosec: 353122330
  frame_id: base_link
name:
- joint_x
- joint_y
position:
- 0.0
- 0.0
velocity:
- 0.0
- 0.0
effort:
- .nan
- .nan
---
header:
  stamp:
    sec: 1791165121
    nanosec: 369867412
  frame_id: base_link
name:
- joint_x
- joint_y
position:
- 0.0
- 0.0
velocity:
- 0.0
- 0.0
effort:
- .nan
- .nan
---
header:
  stamp:
    sec: 1791165121
    nanosec: 389871883
  frame_id: base_link
name:
- joint_x
- joint_y
position:
- 0.0
- 0.0
velocity:
- 0.0
- 0.0
effort:
- .nan
- .nan
---
header:
  stamp:
    sec: 1791165121
    nanosec: 409858356
  frame_id: base_link
name:
- joint_x
- joint_y
position:
- 0.0
- 0.0
velocity:
- 0.0
- 0.0
effort:
- .nan
- .nan
---
header:
  stamp:
    sec: 1791165121
    nanosec: 429957870
  frame_id: base_link
name:
- joint_x
- joint_y
position:
- 0.0
- 0.0
velocity:
- 0.0
- 0.0
effort:
- .nan
- .nan
---
header:
  stamp:
    sec: 1791165121
    nanosec: 449917237
  frame_id: base_link
name:
- joint_x
- joint_y
position:
- 0.0
- 0.0
velocity:
- 0.0
- 0.0
effort:
- .nan
- .nan
---
header:
  stamp:
    sec: 1791165121
    nanosec: 470415768
  frame_id: base_link
name:
- joint_x
- joint_y
position:
- 0.0
- 0.0
velocity:
- 0.0
- 0.0
effort:
- .nan
- .nan
---
header:
  stamp:
    sec: 1791165121
    nanosec: 489949804
  frame_id: base_link
name:
- joint_x
- joint_y
position:
- 0.0
- 0.0
velocity:
- 0.0
- 0.0
effort:
- .nan
- .nan
---
header:
  stamp:
    sec: 1791165121
    nanosec: 509869751
  frame_id: base_link
name:
- joint_x
- joint_y
position:
- 0.0
- 0.0
velocity:
- 0.0
- 0.0
effort:
- .nan
- .nan
---
header:
  stamp:
    sec: 1791165121
    nanosec: 529861590
  frame_id: base_link
name:
- joint_x
- joint_y
position:
- 0.0
- 0.0
velocity:
- 0.0
- 0.0
effort:
- .nan
- .nan
---
header:
  stamp:
    sec: 1791165121
    nanosec: 549917451
  frame_id: base_link
name:
- joint_x
- joint_y
position:
- 0.0
- 0.0
velocity:
- 0.0
- 0.0
effort:
- .nan
- .nan
---
header:
  stamp:
    sec: 1791165121
    nanosec: 569990970
  frame_id: base_link
name:
- joint_x
- joint_y
position:
- 0.0
- 0.0
velocity:
- 0.0
- 0.0
effort:
- .nan
- .nan
---
header:
  stamp:
    sec: 1791165121
    nanosec: 589859598
  frame_id: base_link
name:
- joint_x
- joint_y
position:
- 0.0
- 0.0
velocity:
- 0.0
- 0.0
effort:
- .nan
- .nan
---
header:
  stamp:
    sec: 1791165121
    nanosec: 609846208
  frame_id: base_link
name:
- joint_x
- joint_y
position:
- 0.0
- 0.0
velocity:
- 0.0
- 0.0
effort:
- .nan
- .nan
---
header:
  stamp:
    sec: 1791165121
    nanosec: 629879499
  frame_id: base_link
name:
- joint_x
- joint_y
position:
- 0.0
- 0.0
velocity:
- 0.0
- 0.0
effort:
- .nan
- .nan
---
header:
  stamp:
    sec: 1791165121
    nanosec: 649843725
  frame_id: base_link
name:
- joint_x
- joint_y
position:
- 0.0
- 0.0
velocity:
- 0.0
- 0.0
effort:
- .nan
- .nan
---
header:
  stamp:
    sec: 1791165121
    nanosec: 669872847
  frame_id: base_link
name:
- joint_x
- joint_y
position:
- 0.0
- 0.0
velocity:
- 0.0
- 0.0
effort:
- .nan
- .nan
---
header:
  stamp:
    sec: 1791165121
    nanosec: 689834997
  frame_id: base_link
name:
- joint_x
- joint_y
position:
- 0.0
- 0.0
velocity:
- 0.0
- 0.0
effort:
- .nan
- .nan
---
header:
  stamp:
    sec: 1791165121
    nanosec: 709869253
  frame_id: base_link
name:
- joint_x
- joint_y
position:
- 0.0
- 0.0
velocity:
- 0.0
- 0.0
effort:
- .nan
- .nan
---
header:
  stamp:
    sec: 1791165121
    nanosec: 729855131
  frame_id: base_link
name:
- joint_x
- joint_y
position:
- 6.24999984211172e-06
- 6.24999984211172e-06
velocity:
- 0.0003124999930150807
- 0.0003124999930150807
effort:
- .nan
- .nan
---
header:
  stamp:
    sec: 1791165121
    nanosec: 749841226
  frame_id: base_link
name:
- joint_x
- joint_y
position:
- 8.749999688006938e-05
- 8.749999688006938e-05
velocity:
- 0.0021875000093132257
- 0.0021875000093132257
effort:
- .nan
- .nan
---
header:
  stamp:
    sec: 1791165121
    nanosec: 769849923
  frame_id: base_link
name:
- joint_x
- joint_y
position:
- 0.00015624999650754035
- 0.00015624999650754035
velocity:
- 0.0034374999813735485
- 0.0034374999813735485
effort:
- .nan
- .nan
---
header:
  stamp:
    sec: 1791165121
    nanosec: 789848839
  frame_id: base_link
name:
- joint_x
- joint_y
position:
- 0.00023750000400468707
- 0.00023750000400468707
velocity:
- 0.004062499850988388
- 0.004062499850988388
effort:
- .nan
- .nan
---
header:
  stamp:
    sec: 1791165121
    nanosec: 809837446
  frame_id: base_link
name:
- joint_x
- joint_y
position:
- 0.0003375000087544322
- 0.0003375000087544322
velocity:
- 0.004999999888241291
- 0.004999999888241291
effort:
- .nan
- .nan
---
header:
  stamp:
    sec: 1791165121
    nanosec: 829844343
  frame_id: base_link
name:
- joint_x
- joint_y
position:
- 0.00044999999227002263
- 0.00044999999227002263
velocity:
- 0.005625000223517418
- 0.0053125000558793545
effort:
- .nan
- .nan
---
header:
  stamp:
    sec: 1791165121
    nanosec: 849870372
  frame_id: base_link
name:
- joint_x
- joint_y
position:
- 0.0005750000127591193
- 0.0005687500233761966
velocity:
- 0.005937499925494194
- 0.0062500000931322575
effort:
- .nan
- .nan
---
header:
  stamp:
    sec: 1791165121
    nanosec: 869840249
  frame_id: base_link
name:
- joint_x
- joint_y
position:
- 0.0007062500226311386
- 0.0007062500226311386
velocity:
- 0.006874999962747097
- 0.006874999962747097
effort:
- .nan
- .nan
---
header:
  stamp:
    sec: 1791165121
    nanosec: 889844262
  frame_id: base_link
name:
- joint_x
- joint_y
position:
- 0.0008562500006519258
- 0.0008562500006519258
velocity:
- 0.007499999832361937
- 0.007499999832361937
effort:
- .nan
- .nan
---
header:
  stamp:
    sec: 1791165121
    nanosec: 909881588
  frame_id: base_link
name:
- joint_x
- joint_y
position:
- 0.0010312499944120646
- 0.001025000005029142
velocity:
- 0.008333333767950535
- 0.008035714738070965
effort:
- .nan
- .nan
---
header:
  stamp:
    sec: 1791165121
    nanosec: 929837672
  frame_id: base_link
name:
- joint_x
- joint_y
position:
- 0.0012125000357627869
- 0.0012125000357627869
velocity:
- 0.009062499739229679
- 0.00937500037252903
effort:
- .nan
- .nan
---
header:
  stamp:
    sec: 1791165121
    nanosec: 949830560
  frame_id: base_link
name:
- joint_x
- joint_y
position:
- 0.00139999995008111
- 0.00139999995008111
velocity:
- 0.00937500037252903
- 0.00937500037252903
effort:
- .nan
- .nan
---
header:
  stamp:
    sec: 1791165121
    nanosec: 969852097
  frame_id: base_link
name:
- joint_x
- joint_y
position:
- 0.0015999999595806003
- 0.0015999999595806003
velocity:
- 0.009999999776482582
- 0.009999999776482582
effort:
- .nan
- .nan
---
header:
  stamp:
    sec: 1791165121
    nanosec: 989858328
  frame_id: base_link
name:
- joint_x
- joint_y
position:
- 0.0020375000312924385
- 0.0020375000312924385
velocity:
- 0.011562500149011612
- 0.011562500149011612
effort:
- .nan
- .nan
---
header:
  stamp:
    sec: 1791165122
    nanosec: 9903816
  frame_id: base_link
name:
- joint_x
- joint_y
position:
- 0.002268749987706542
- 0.002268749987706542
velocity:
- 0.011562500149011612
- 0.011562500149011612
effort:
- .nan
- .nan
---
header:
  stamp:
    sec: 1791165122
    nanosec: 29838193
  frame_id: base_link
name:
- joint_x
- joint_y
position:
- 0.002512499922886491
- 0.00250625004991889
velocity:
- 0.012187499552965164
- 0.011874999850988388
effort:
- .nan
- .nan
---
header:
  stamp:
    sec: 1791165122
    nanosec: 49830114
  frame_id: base_link
name:
- joint_x
- joint_y
position:
- 0.002762499963864684
- 0.002762499963864684
velocity:
- 0.012500000186264515
- 0.012812499888241291
effort:
- .nan
- .nan
---
header:
  stamp:
    sec: 1791165122
    nanosec: 69853056
  frame_id: base_link
name:
- joint_x
- joint_y
position:
- 0.0030249999836087227
- 0.003018750110641122
velocity:
- 0.013124999590218067
- 0.012812499888241291
effort:
- .nan
- .nan
---
header:
  stamp:
    sec: 1791165122
    nanosec: 89864460
  frame_id: base_link
name:
- joint_x
- joint_y
position:
- 0.003306250087916851
- 0.003306250087916851
velocity:
- 0.013392857275903225
- 0.013690476305782795
effort:
- .nan
- .nan
---
header:
  stamp:
    sec: 1791165122
    nanosec: 109842554
  frame_id: base_link
name:
- joint_x
- joint_y
position:
- 0.003599999938160181
- 0.003599999938160181
velocity:
- 0.014687499962747097
- 0.014375000260770321
effort:
- .nan
- .nan
---
header:
  stamp:
    sec: 1791165122
    nanosec: 129834795
  frame_id: base_link
name:
- joint_x
- joint_y
position:
- 0.0038874999154359102
- 0.0038874999154359102
velocity:
- 0.01406249962747097
- 0.014375000260770321
effort:
- .nan
- .nan
---
header:
  stamp:
    sec: 1791165122
    nanosec: 149838494
  frame_id: base_link
name:
- joint_x
- joint_y
position:
- 0.004181249998509884
- 0.004181249998509884
velocity:
- 0.014687499962747097
- 0.014687499962747097
effort:
- .nan
- .nan
---
header:
  stamp:
    sec: 1791165122
    nanosec: 169854441
  frame_id: base_link
name:
- joint_x
- joint_y
position:
- 0.004481249954551458
- 0.004481249954551458
velocity:
- 0.015312500298023224
- 0.015312500298023224
effort:
- .nan
- .nan
---
header:
  stamp:
    sec: 1791165122
    nanosec: 189840018
  frame_id: base_link
name:
- joint_x
- joint_y
position:
- 0.004793750122189522
- 0.004787500016391277
velocity:
- 0.015625
- 0.015312500298023224
effort:
- .nan
- .nan
---
header:
  stamp:
    sec: 1791165122
    nanosec: 209836470
  frame_id: base_link
name:
- joint_x
- joint_y
position:
- 0.005125000141561031
- 0.005125000141561031
velocity:
- 0.01577381044626236
- 0.01607142947614193
effort:
- .nan
- .nan
---
header:
  stamp:
    sec: 1791165122
    nanosec: 229856027
  frame_id: base_link
name:
- joint_x
- joint_y
position:
- 0.005793749820441008
- 0.005793749820441008
velocity:
- 0.016249999403953552
- 0.016249999403953552
effort:
- .nan
- .nan
---
header:
  stamp:
    sec: 1791165122
    nanosec: 249844536
  frame_id: base_link
name:
- joint_x
- joint_y
position:
- 0.006137500051409006
- 0.006137500051409006
velocity:
- 0.01718750037252903
- 0.016875000670552254
effort:
- .nan
- .nan
---
header:
  stamp:
    sec: 1791165122
    nanosec: 269844232
  frame_id: base_link
name:
- joint_x
- joint_y
position:
- 0.006481249816715717
- 0.006481249816715717
velocity:
- 0.01718750037252903
- 0.01718750037252903
effort:
- .nan
- .nan
---
header:
  stamp:
    sec: 1791165122
    nanosec: 289852706
  frame_id: base_link
name:
- joint_x
- joint_y
position:
- 0.006850000005215406
- 0.006850000005215406
velocity:
- 0.018124999478459358
- 0.018437499180436134
effort:
- .nan
- .nan
---
header:
  stamp:
    sec: 1791165122
    nanosec: 309845918
  frame_id: base_link
name:
- joint_x
- joint_y
position:
- 0.007206249982118607
- 0.007206249982118607
velocity:
- 0.017812499776482582
- 0.018124999478459358
effort:
- .nan
- .nan
---
header:
  stamp:
    sec: 1791165122
    nanosec: 329854643
  frame_id: base_link
name:
- joint_x
- joint_y
position:
- 0.007562499959021807
- 0.007562499959021807
velocity:
- 0.018124999478459358
- 0.017812499776482582
effort:
- .nan
- .nan
---
header:
  stamp:
    sec: 1791165122
    nanosec: 349854229
  frame_id: base_link
name:
- joint_x
- joint_y
position:
- 0.007931250147521496
- 0.007931250147521496
velocity:
- 0.018437499180436134
- 0.018437499180436134
effort:
- .nan
- .nan
---
header:
  stamp:
    sec: 1791165122
    nanosec: 369853688
  frame_id: base_link
name:
- joint_x
- joint_y
position:
- 0.008306249976158142
- 0.008299999870359898
velocity:
- 0.01875000074505806
- 0.018437499180436134
effort:
- .nan
- .nan
---
header:
  stamp:
    sec: 1791165122
    nanosec: 389851168
  frame_id: base_link
name:
- joint_x
- joint_y
position:
- 0.008681249804794788
- 0.008681249804794788
velocity:
- 0.01875000074505806
- 0.019062500447034836
effort:
- .nan
- .nan
---
header:
  stamp:
    sec: 1791165122
    nanosec: 409865069
  frame_id: base_link
name:
- joint_x
- joint_y
position:
- 0.009081250056624413
- 0.009081250056624413
velocity:
- 0.019999999552965164
- 0.019687499850988388
effort:
- .nan
- .nan
---
header:
  stamp:
    sec: 1791165122
    nanosec: 429851029
  frame_id: base_link
name:
- joint_x
- joint_y
position:
- 0.009468750096857548
- 0.009468750096857548
velocity:
- 0.019062500447034836
- 0.019375000149011612
effort:
- .nan
- .nan
---
header:
  stamp:
    sec: 1791165122
    nanosec: 449820315
  frame_id: base_link
name:
- joint_x
- joint_y
position:
- 0.010237500071525574
- 0.010237500071525574
velocity:
- 0.019687499850988388
- 0.019687499850988388
effort:
- .nan
- .nan
---
header:
  stamp:
    sec: 1791165122
    nanosec: 469839494
  frame_id: base_link
name:
- joint_x
- joint_y
position:
- 0.010656249709427357
- 0.010656249709427357
velocity:
- 0.01994047686457634
- 0.01994047686457634
effort:
- .nan
- .nan
---
header:
  stamp:
    sec: 1791165122
    nanosec: 489867338
  frame_id: base_link
name:
- joint_x
- joint_y
position:
- 0.011075000278651714
- 0.011075000278651714
velocity:
- 0.020937500521540642
- 0.020937500521540642
effort:
- .nan
- .nan
---
header:
  stamp:
    sec: 1791165122
    nanosec: 509888188
  frame_id: base_link
name:
- joint_x
- joint_y
position:
- 0.011474999599158764
- 0.011474999599158764
velocity:
- 0.019999999552965164
- 0.019999999552965164
effort:
- .nan
- .nan
---
header:
  stamp:
    sec: 1791165122
    nanosec: 529891129
  frame_id: base_link
name:
- joint_x
- joint_y
position:
- 0.011881249956786633
- 0.011881249956786633
velocity:
- 0.02031249925494194
- 0.019999999552965164
effort:
- .nan
- .nan
---
header:
  stamp:
    sec: 1791165122
    nanosec: 549889723
  frame_id: base_link
name:
- joint_x
- joint_y
position:
- 0.012287500314414501
- 0.012287500314414501
velocity:
- 0.019999999552965164
- 0.02031249925494194
effort:
- .nan
- .nan
---
header:
  stamp:
    sec: 1791165122
    nanosec: 569967954
  frame_id: base_link
name:
- joint_x
- joint_y
position:
- 0.01268749963492155
- 0.012693749740719795
velocity:
- 0.02031249925494194
- 0.02031249925494194
effort:
- .nan
- .nan
---
header:
  stamp:
    sec: 1791165122
    nanosec: 589867754
  frame_id: base_link
name:
- joint_x
- joint_y
position:
- 0.013118750415742397
- 0.013118750415742397
velocity:
- 0.02053571492433548
- 0.02053571492433548
effort:
- .nan
- .nan
---
header:
  stamp:
    sec: 1791165122
    nanosec: 609863883
  frame_id: base_link
name:
- joint_x
- joint_y
position:
- 0.01355000026524067
- 0.013556250371038914
velocity:
- 0.021562499925494194
- 0.021562499925494194
effort:
- .nan
- .nan
---
header:
  stamp:
    sec: 1791165122
    nanosec: 629857488
  frame_id: base_link
name:
- joint_x
- joint_y
position:
- 0.013962499797344208
- 0.013962499797344208
velocity:
- 0.020625000819563866
- 0.020625000819563866
effort:
- .nan
- .nan
---
header:
  stamp:
    sec: 1791165122
    nanosec: 649857402
  frame_id: base_link
name:
- joint_x
- joint_y
position:
- 0.014375000260770321
- 0.014375000260770321
velocity:
- 0.020625000819563866
- 0.020625000819563866
effort:
- .nan
- .nan
---
header:
  stamp:
    sec: 1791165122
    nanosec: 669859832
  frame_id: base_link
name:
- joint_x
- joint_y
position:
- 0.01478749979287386
- 0.01478749979287386
velocity:
- 0.020625000819563866
- 0.020625000819563866
effort:
- .nan
- .nan
---
header:
  stamp:
    sec: 1791165122
    nanosec: 689822999
  frame_id: base_link
name:
- joint_x
- joint_y
position:
- 0.015218749642372131
- 0.015218749642372131
velocity:
- 0.02053571492433548
- 0.02053571492433548
effort:
- .nan
- .nan
---
header:
  stamp:
    sec: 1791165122
    nanosec: 709857891
  frame_id: base_link
name:
- joint_x
- joint_y
position:
- 0.016056250780820847
- 0.016056250780820847
velocity:
- 0.02031249925494194
- 0.02031249925494194
effort:
- .nan
- .nan
---
header:
  stamp:
    sec: 1791165122
    nanosec: 729872625
  frame_id: base_link
name:
- joint_x
- joint_y
position:
- 0.016468750312924385
- 0.016462499275803566
velocity:
- 0.020625000819563866
- 0.02031249925494194
effort:
- .nan
- .nan
---
header:
  stamp:
    sec: 1791165122
    nanosec: 749874919
  frame_id: base_link
name:
- joint_x
- joint_y
position:
- 0.016875000670552254
- 0.016875000670552254
velocity:
- 0.02031249925494194
- 0.020625000819563866
effort:
- .nan
- .nan
---
header:
  stamp:
    sec: 1791165122
    nanosec: 769858703
  frame_id: base_link
name:
- joint_x
- joint_y
position:
- 0.017287500202655792
- 0.017281249165534973
velocity:
- 0.020625000819563866
- 0.02031249925494194
effort:
- .nan
- .nan
---
header:
  stamp:
    sec: 1791165122
    nanosec: 789874139
  frame_id: base_link
name:
- joint_x
- joint_y
position:
- 0.01771249994635582
- 0.01771874912083149
velocity:
- 0.021250000223517418
- 0.021562499925494194
effort:
- .nan
- .nan
---
header:
  stamp:
    sec: 1791165122
    nanosec: 809865775
  frame_id: base_link
name:
- joint_x
- joint_y
position:
- 0.01811875030398369
- 0.01811875030398369
velocity:
- 0.02031249925494194
- 0.02031249925494194
effort:
- .nan
- .nan
---
header:
  stamp:
    sec: 1791165122
    nanosec: 829864013
  frame_id: base_link
name:
- joint_x
- joint_y
position:
- 0.018525000661611557
- 0.018525000661611557
velocity:
- 0.019999999552965164
- 0.02031249925494194
effort:
- .nan
- .nan
---
header:
  stamp:
    sec: 1791165122
    nanosec: 849877054
  frame_id: base_link
name:
- joint_x
- joint_y
position:
- 0.018924999982118607
- 0.018924999982118607
velocity:
- 0.02031249925494194
- 0.019999999552965164
effort:
- .nan
- .nan
---
header:
  stamp:
    sec: 1791165122
    nanosec: 869944775
  frame_id: base_link
name:
- joint_x
- joint_y
position:
- 0.019318750128149986
- 0.019318750128149986
velocity:
- 0.019687499850988388
- 0.019687499850988388
effort:
- .nan
- .nan
---
header:
  stamp:
    sec: 1791165122
    nanosec: 889880093
  frame_id: base_link
name:
- joint_x
- joint_y
position:
- 0.019731249660253525
- 0.019731249660253525
velocity:
- 0.01964285783469677
- 0.01964285783469677
effort:
- .nan
- .nan
---
header:
  stamp:
    sec: 1791165122
    nanosec: 909857328
  frame_id: base_link
name:
- joint_x
- joint_y
position:
- 0.020150000229477882
- 0.020143749192357063
velocity:
- 0.020625000819563866
- 0.020625000819563866
effort:
- .nan
- .nan
---
header:
  stamp:
    sec: 1791165122
    nanosec: 929903622
  frame_id: base_link
name:
- joint_x
- joint_y
position:
- 0.020918749272823334
- 0.020912500098347664
velocity:
- 0.019062500447034836
- 0.019062500447034836
effort:
- .nan
- .nan
---
header:
  stamp:
    sec: 1791165122
    nanosec: 949871244
  frame_id: base_link
name:
- joint_x
- joint_y
position:
- 0.021293750032782555
- 0.021293750032782555
velocity:
- 0.019062500447034836
- 0.019062500447034836
effort:
- .nan
- .nan
---
header:
  stamp:
    sec: 1791165122
    nanosec: 969863102
  frame_id: base_link
name:
- joint_x
- joint_y
position:
- 0.021687500178813934
- 0.021687500178813934
velocity:
- 0.01875000074505806
- 0.01875000074505806
effort:
- .nan
- .nan
---
header:
  stamp:
    sec: 1791165122
    nanosec: 989871319
  frame_id: base_link
name:
- joint_x
- joint_y
position:
- 0.022081250324845314
- 0.022074999287724495
velocity:
- 0.019687499850988388
- 0.019375000149011612
effort:
- .nan
- .nan
---
header:
  stamp:
    sec: 1791165123
    nanosec: 9876825
  frame_id: base_link
name:
- joint_x
- joint_y
position:
- 0.022450000047683716
- 0.022450000047683716
velocity:
- 0.018124999478459358
- 0.018437499180436134
effort:
- .nan
- .nan
---
header:
  stamp:
    sec: 1791165123
    nanosec: 29907466
  frame_id: base_link
name:
- joint_x
- joint_y
position:
- 0.022812500596046448
- 0.022812500596046448
velocity:
- 0.018124999478459358
- 0.018124999478459358
effort:
- .nan
- .nan
---
header:
  stamp:
    sec: 1791165123
    nanosec: 49867260
  frame_id: base_link
name:
- joint_x
- joint_y
position:
- 0.02316875010728836
- 0.02316875010728836
velocity:
- 0.017812499776482582
- 0.017812499776482582
effort:
- .nan
- .nan
---
header:
  stamp:
    sec: 1791165123
    nanosec: 69874088
  frame_id: base_link
name:
- joint_x
- joint_y
position:
- 0.023518750444054604
- 0.023518750444054604
velocity:
- 0.017500000074505806
- 0.017500000074505806
effort:
- .nan
- .nan
---
header:
  stamp:
    sec: 1791165123
    nanosec: 89872645
  frame_id: base_link
name:
- joint_x
- joint_y
position:
- 0.023881249129772186
- 0.023874999955296516
velocity:
- 0.01755952462553978
- 0.01726190559566021
effort:
- .nan
- .nan
---
header:
  stamp:
    sec: 1791165123
    nanosec: 109872729
  frame_id: base_link
name:
- joint_x
- joint_y
position:
- 0.02423124946653843
- 0.02423124946653843
velocity:
- 0.017500000074505806
- 0.017812499776482582
effort:
- .nan
- .nan
---
header:
  stamp:
    sec: 1791165123
    nanosec: 129875723
  frame_id: base_link
name:
- joint_x
- joint_y
position:
- 0.024568749591708183
- 0.024562500417232513
velocity:
- 0.01656249910593033
- 0.01656249910593033
effort:
- .nan
- .nan
---
header:
  stamp:
    sec: 1791165123
    nanosec: 149864966
  frame_id: base_link
name:
- joint_x
- joint_y
position:
- 0.02488750033080578
- 0.02488750033080578
velocity:
- 0.016249999403953552
- 0.016249999403953552
effort:
- .nan
- .nan
---
header:
  stamp:
    sec: 1791165123
    nanosec: 169878071
  frame_id: base_link
name:
- joint_x
- joint_y
position:
- 0.02552499994635582
- 0.02552499994635582
velocity:
- 0.016249999403953552
- 0.016249999403953552
effort:
- .nan
- .nan
---
header:
  stamp:
    sec: 1791165123
    nanosec: 189886301
  frame_id: base_link
name:
- joint_x
- joint_y
position:
- 0.025824999436736107
- 0.025824999436736107
velocity:
- 0.014999999664723873
- 0.014999999664723873
effort:
- .nan
- .nan
---
header:
  stamp:
    sec: 1791165123
    nanosec: 209876695
  frame_id: base_link
name:
- joint_x
- joint_y
position:
- 0.026118749752640724
- 0.026118749752640724
velocity:
- 0.014687499962747097
- 0.014687499962747097
effort:
- .nan
- .nan
---
header:
  stamp:
    sec: 1791165123
    nanosec: 229879885
  frame_id: base_link
name:
- joint_x
- joint_y
position:
- 0.02640625089406967
- 0.02640625089406967
velocity:
- 0.014375000260770321
- 0.014375000260770321
effort:
- .nan
- .nan
---
header:
  stamp:
    sec: 1791165123
    nanosec: 249875044
  frame_id: base_link
name:
- joint_x
- joint_y
position:
- 0.02668124996125698
- 0.02668124996125698
velocity:
- 0.013749999925494194
- 0.013749999925494194
effort:
- .nan
- .nan
---
header:
  stamp:
    sec: 1791165123
    nanosec: 269886441
  frame_id: base_link
name:
- joint_x
- joint_y
position:
- 0.02696874924004078
- 0.02696874924004078
velocity:
- 0.013690476305782795
- 0.013690476305782795
effort:
- .nan
- .nan
---
header:
  stamp:
    sec: 1791165123
    nanosec: 289838747
  frame_id: base_link
name:
- joint_x
- joint_y
position:
- 0.027243750169873238
- 0.02723749913275242
velocity:
- 0.013437500223517418
- 0.013437500223517418
effort:
- .nan
- .nan
---
header:
  stamp:
    sec: 1791165123
    nanosec: 309834704
  frame_id: base_link
name:
- joint_x
- joint_y
position:
- 0.027493750676512718
- 0.0274874996393919
velocity:
- 0.012500000186264515
- 0.012500000186264515
effort:
- .nan
- .nan
---
header:
  stamp:
    sec: 1791165123
    nanosec: 329831949
  frame_id: base_link
name:
- joint_x
- joint_y
position:
- 0.02773124910891056
- 0.02773124910891056
velocity:
- 0.012187499552965164
- 0.012187499552965164
effort:
- .nan
- .nan
---
header:
  stamp:
    sec: 1791165123
    nanosec: 349851352
  frame_id: base_link
name:
- joint_x
- joint_y
position:
- 0.027962500229477882
- 0.027962500229477882
velocity:
- 0.011562500149011612
- 0.011562500149011612
effort:
- .nan
- .nan
---
header:
  stamp:
    sec: 1791165123
    nanosec: 369857601
  frame_id: base_link
name:
- joint_x
- joint_y
position:
- 0.028181249275803566
- 0.028181249275803566
velocity:
- 0.010937499813735485
- 0.010937499813735485
effort:
- .nan
- .nan
---
header:
  stamp:
    sec: 1791165123
    nanosec: 389856127
  frame_id: base_link
name:
- joint_x
- joint_y
position:
- 0.02840624935925007
- 0.02840624935925007
velocity:
- 0.010714286006987095
- 0.010714286006987095
effort:
- .nan
- .nan
---
header:
  stamp:
    sec: 1791165123
    nanosec: 409839720
  frame_id: base_link
name:
- joint_x
- joint_y
position:
- 0.02879999950528145
- 0.02879999950528145
velocity:
- 0.00937500037252903
- 0.00937500037252903
effort:
- .nan
- .nan
---
header:
  stamp:
    sec: 1791165123
    nanosec: 429874584
  frame_id: base_link
name:
- joint_x
- joint_y
position:
- 0.028975000604987144
- 0.028975000604987144
velocity:
- 0.008750000037252903
- 0.008750000037252903
effort:
- .nan
- .nan
---
header:
  stamp:
    sec: 1791165123
    nanosec: 449932641
  frame_id: base_link
name:
- joint_x
- joint_y
position:
- 0.02914375066757202
- 0.02914375066757202
velocity:
- 0.008437500335276127
- 0.008437500335276127
effort:
- .nan
- .nan
---
header:
  stamp:
    sec: 1791165123
    nanosec: 469871986
  frame_id: base_link
name:
- joint_x
- joint_y
position:
- 0.02930624969303608
- 0.02930624969303608
velocity:
- 0.008124999701976776
- 0.0078125
effort:
- .nan
- .nan
---
header:
  stamp:
    sec: 1791165123
    nanosec: 489864390
  frame_id: base_link
name:
- joint_x
- joint_y
position:
- 0.02944375015795231
- 0.02944375015795231
velocity:
- 0.006874999962747097
- 0.0071875001303851604
effort:
- .nan
- .nan
---
header:
  stamp:
    sec: 1791165123
    nanosec: 509914271
  frame_id: base_link
name:
- joint_x
- joint_y
position:
- 0.02957499958574772
- 0.02957499958574772
velocity:
- 0.006562499795109034
- 0.006562499795109034
effort:
- .nan
- .nan
---
header:
  stamp:
    sec: 1791165123
    nanosec: 529883732
  frame_id: base_link
name:
- joint_x
- joint_y
position:
- 0.02969375066459179
- 0.02969375066459179
velocity:
- 0.005937499925494194
- 0.005937499925494194
effort:
- .nan
- .nan
---
header:
  stamp:
    sec: 1791165123
    nanosec: 549876880
  frame_id: base_link
name:
- joint_x
- joint_y
position:
- 0.02979999966919422
- 0.02979375049471855
velocity:
- 0.004999999888241291
- 0.004999999888241291
effort:
- .nan
- .nan
---
header:
  stamp:
    sec: 1791165123
    nanosec: 569868508
  frame_id: base_link
name:
- joint_x
- joint_y
position:
- 0.029893750324845314
- 0.029893750324845314
velocity:
- 0.004761904943734407
- 0.004761904943734407
effort:
- .nan
- .nan
---
header:
  stamp:
    sec: 1791165123
    nanosec: 589879397
  frame_id: base_link
name:
- joint_x
- joint_y
position:
- 0.0299687497317791
- 0.0299687497317791
velocity:
- 0.0037499999161809683
- 0.0037499999161809683
effort:
- .nan
- .nan
---
header:
  stamp:
    sec: 1791165123
    nanosec: 609934032
  frame_id: base_link
name:
- joint_x
- joint_y
position:
- 0.030037499964237213
- 0.030037499964237213
velocity:
- 0.0034374999813735485
- 0.0034374999813735485
effort:
- .nan
- .nan
---
header:
  stamp:
    sec: 1791165123
    nanosec: 629875620
  frame_id: base_link
name:
- joint_x
- joint_y
position:
- 0.03008750081062317
- 0.03008750081062317
velocity:
- 0.0024999999441206455
- 0.0024999999441206455
effort:
- .nan
- .nan
---
header:
  stamp:
    sec: 1791165123
    nanosec: 649837327
  frame_id: base_link
name:
- joint_x
- joint_y
position:
- 0.030118750408291817
- 0.030118750408291817
velocity:
- 0.0014880952658131719
- 0.0014880952658131719
effort:
- .nan
- .nan
---
header:
  stamp:
    sec: 1791165123
    nanosec: 669871403
  frame_id: base_link
name:
- joint_x
- joint_y
position:
- 0.030143750831484795
- 0.030143750831484795
velocity:
- 0.0003124999930150807
- 0.0
effort:
- .nan
- .nan
---
header:
  stamp:
    sec: 1791165123
    nanosec: 689869878
  frame_id: base_link
name:
- joint_x
- joint_y
position:
- 0.030131250619888306
- 0.030131250619888306
velocity:
- -0.0006249999860301614
- -0.0006249999860301614
effort:
- .nan
- .nan
---
header:
  stamp:
    sec: 1791165123
    nanosec: 709878593
  frame_id: base_link
name:
- joint_x
- joint_y
position:
- 0.030106250196695328
- 0.030106250196695328
velocity:
- -0.0012499999720603228
- -0.0012499999720603228
effort:
- .nan
- .nan
---
header:
  stamp:
    sec: 1791165123
    nanosec: 729870646
  frame_id: base_link
name:
- joint_x
- joint_y
position:
- 0.03006250038743019
- 0.03006250038743019
velocity:
- -0.0021875000093132257
- -0.0021875000093132257
effort:
- .nan
- .nan
---
header:
  stamp:
    sec: 1791165123
    nanosec: 749851452
  frame_id: base_link
name:
- joint_x
- joint_y
position:
- 0.030006250366568565
- 0.030006250366568565
velocity:
- -0.002812500111758709
- -0.002812500111758709
effort:
- .nan
- .nan
---
header:
  stamp:
    sec: 1791165123
    nanosec: 769898397
  frame_id: base_link
name:
- joint_x
- joint_y
position:
- 0.02993124909698963
- 0.02993750013411045
velocity:
- -0.0037499999161809683
- -0.0034374999813735485
effort:
- .nan
- .nan
---
header:
  stamp:
    sec: 1791165123
    nanosec: 789875798
  frame_id: base_link
name:
- joint_x
- joint_y
position:
- 0.029850000515580177
- 0.029850000515580177
velocity:
- -0.004062499850988388
- -0.0043750000186264515
effort:
- .nan
- .nan
---
header:
  stamp:
    sec: 1791165123
    nanosec: 809885235
  frame_id: base_link
name:
- joint_x
- joint_y
position:
- 0.029756249859929085
- 0.029756249859929085
velocity:
- -0.004687500186264515
- -0.004687500186264515
effort:
- .nan
- .nan
---
header:
  stamp:
    sec: 1791165123
    nanosec: 829876977
  frame_id: base_link
name:
- joint_x
- joint_y
position:
- 0.029643749818205833
- 0.029643749818205833
velocity:
- -0.005625000223517418
- -0.005625000223517418
effort:
- .nan
- .nan
---
header:
  stamp:
    sec: 1791165123
    nanosec: 849857721
  frame_id: base_link
name:
- joint_x
- joint_y
position:
- 0.029525000602006912
- 0.029525000602006912
velocity:
- -0.005937499925494194
- -0.005937499925494194
effort:
- .nan
- .nan
---
header:
  stamp:
    sec: 1791165123
    nanosec: 869893496
  frame_id: base_link
name:
- joint_x
- joint_y
position:
- 0.029231250286102295
- 0.029231250286102295
velocity:
- -0.007499999832361937
- -0.007499999832361937
effort:
- .nan
- .nan
---
header:
  stamp:
    sec: 1791165123
    nanosec: 889879548
  frame_id: base_link
name:
- joint_x
- joint_y
position:
- 0.029068749397993088
- 0.029068749397993088
velocity:
- -0.008124999701976776
- -0.008124999701976776
effort:
- .nan
- .nan
---
header:
  stamp:
    sec: 1791165123
    nanosec: 909885854
  frame_id: base_link
name:
- joint_x
- joint_y
position:
- 0.02889375016093254
- 0.02889375016093254
velocity:
- -0.008750000037252903
- -0.008437500335276127
effort:
- .nan
- .nan
---
header:
  stamp:
    sec: 1791165123
    nanosec: 929866592
  frame_id: base_link
name:
- joint_x
- joint_y
position:
- 0.028699999675154686
- 0.028699999675154686
velocity:
- -0.009226190857589245
- -0.009523809887468815
effort:
- .nan
- .nan
---
header:
  stamp:
    sec: 1791165123
    nanosec: 949839493
  frame_id: base_link
name:
- joint_x
- joint_y
position:
- 0.02849375084042549
- 0.02849375084042549
velocity:
- -0.010312500409781933
- -0.009999999776482582
effort:
- .nan
- .nan
---
header:
  stamp:
    sec: 1791165123
    nanosec: 969881400
  frame_id: base_link
name:
- joint_x
- joint_y
position:
- 0.028287500143051147
- 0.028293749317526817
velocity:
- -0.010312500409781933
- -0.010312500409781933
effort:
- .nan
- .nan
---
header:
  stamp:
    sec: 1791165123
    nanosec: 989872228
  frame_id: base_link
name:
- joint_x
- joint_y
position:
- 0.028075000271201134
- 0.028075000271201134
velocity:
- -0.010625000111758709
- -0.010937499813735485
effort:
- .nan
- .nan
---
header:
  stamp:
    sec: 1791165124
    nanosec: 9884510
  frame_id: base_link
name:
- joint_x
- joint_y
position:
- 0.027843749150633812
- 0.02785000018775463
velocity:
- -0.011562500149011612
- -0.011250000447034836
effort:
- .nan
- .nan
---
header:
  stamp:
    sec: 1791165124
    nanosec: 29882319
  frame_id: base_link
name:
- joint_x
- joint_y
position:
- 0.02760625071823597
- 0.02761249989271164
velocity:
- -0.011874999850988388
- -0.011874999850988388
effort:
- .nan
- .nan
---
header:
  stamp:
    sec: 1791165124
    nanosec: 49831145
  frame_id: base_link
name:
- joint_x
- joint_y
position:
- 0.02734375
- 0.02734999917447567
velocity:
- -0.012812499888241291
- -0.013124999590218067
effort:
- .nan
- .nan
---
header:
  stamp:
    sec: 1791165124
    nanosec: 69875508
  frame_id: base_link
name:
- joint_x
- joint_y
position:
- 0.02708750031888485
- 0.02709374949336052
velocity:
- -0.012812499888241291
- -0.012812499888241291
effort:
- .nan
- .nan
---
header:
  stamp:
    sec: 1791165124
    nanosec: 89870150
  frame_id: base_link
name:
- joint_x
- joint_y
position:
- 0.02682499960064888
- 0.02682499960064888
velocity:
- -0.013437500223517418
- -0.013124999590218067
effort:
- .nan
- .nan
---
header:
  stamp:
    sec: 1791165124
    nanosec: 109885384
  frame_id: base_link
name:
- joint_x
- joint_y
position:
- 0.026256250217556953
- 0.026262499392032623
velocity:
- -0.014687499962747097
- -0.014687499962747097
effort:
- .nan
- .nan
---
header:
  stamp:
    sec: 1791165124
    nanosec: 129872541
  frame_id: base_link
name:
- joint_x
- joint_y
position:
- 0.025962499901652336
- 0.025968749076128006
velocity:
- -0.014687499962747097
- -0.014687499962747097
effort:
- .nan
- .nan
---
header:
  stamp:
    sec: 1791165124
    nanosec: 149852733
  frame_id: base_link
name:
- joint_x
- joint_y
position:
- 0.02566250041127205
- 0.02566874958574772
velocity:
- -0.015312500298023224
- -0.014999999664723873
effort:
- .nan
- .nan
---
header:
  stamp:
    sec: 1791165124
    nanosec: 169877217
  frame_id: base_link
name:
- joint_x
- joint_y
position:
- 0.025356249883770943
- 0.025356249883770943
velocity:
- -0.014999999664723873
- -0.015625
effort:
- .nan
- .nan
---
header:
  stamp:
    sec: 1791165124
    nanosec: 189860999
  frame_id: base_link
name:
- joint_x
- joint_y
position:
- 0.025043750181794167
- 0.025043750181794167
velocity:
- -0.015937499701976776
- -0.015625
effort:
- .nan
- .nan
---
header:
  stamp:
    sec: 1791165124
    nanosec: 209878661
  frame_id: base_link
name:
- joint_x
- joint_y
position:
- 0.024706250056624413
- 0.024706250056624413
velocity:
- -0.01607142947614193
- -0.01607142947614193
effort:
- .nan
- .nan
---
header:
  stamp:
    sec: 1791165124
    nanosec: 229882987
  frame_id: base_link
name:
- joint_x
- joint_y
position:
- 0.02435624971985817
- 0.02435624971985817
velocity:
- -0.01718750037252903
- -0.01718750037252903
effort:
- .nan
- .nan
---
header:
  stamp:
    sec: 1791165124
    nanosec: 249842298
  frame_id: base_link
name:
- joint_x
- joint_y
position:
- 0.024025000631809235
- 0.024025000631809235
velocity:
- -0.016875000670552254
- -0.016875000670552254
effort:
- .nan
- .nan
---
header:
  stamp:
    sec: 1791165124
    nanosec: 269888036
  frame_id: base_link
name:
- joint_x
- joint_y
position:
- 0.02368124946951866
- 0.02368124946951866
velocity:
- -0.016875000670552254
- -0.016875000670552254
effort:
- .nan
- .nan
---
header:
  stamp:
    sec: 1791165124
    nanosec: 289835216
  frame_id: base_link
name:
- joint_x
- joint_y
position:
- 0.023337500169873238
- 0.023337500169873238
velocity:
- -0.017500000074505806
- -0.01718750037252903
effort:
- .nan
- .nan
---
header:
  stamp:
    sec: 1791165124
    nanosec: 309868488
  frame_id: base_link
name:
- joint_x
- joint_y
position:
- 0.022987499833106995
- 0.022987499833106995
velocity:
- -0.017500000074505806
- -0.017812499776482582
effort:
- .nan
- .nan
---
header:
  stamp:
    sec: 1791165124
    nanosec: 329910142
  frame_id: base_link
name:
- joint_x
- joint_y
position:
- 0.02225000038743019
- 0.022243749350309372
velocity:
- -0.018124999478459358
- -0.018124999478459358
effort:
- .nan
- .nan
---
header:
  stamp:
    sec: 1791165124
    nanosec: 349878492
  frame_id: base_link
name:
- joint_x
- joint_y
position:
- 0.02187499962747097
- 0.02187499962747097
velocity:
- -0.018437499180436134
- -0.018437499180436134
effort:
- .nan
- .nan
---
header:
  stamp:
    sec: 1791165124
    nanosec: 369881697
  frame_id: base_link
name:
- joint_x
- joint_y
position:
- 0.0215000007301569
- 0.02150624990463257
velocity:
- -0.01875000074505806
- -0.01875000074505806
effort:
- .nan
- .nan
---
header:
  stamp:
    sec: 1791165124
    nanosec: 389854386
  frame_id: base_link
name:
- joint_x
- joint_y
position:
- 0.02110625058412552
- 0.02110625058412552
velocity:
- -0.01904761977493763
- -0.01904761977493763
effort:
- .nan
- .nan
---
header:
  stamp:
    sec: 1791165124
    nanosec: 409880052
  frame_id: base_link
name:
- joint_x
- joint_y
position:
- 0.02070624940097332
- 0.02070000022649765
velocity:
- -0.019999999552965164
- -0.019999999552965164
effort:
- .nan
- .nan
---
header:
  stamp:
    sec: 1791165124
    nanosec: 429868237
  frame_id: base_link
name:
- joint_x
- joint_y
position:
- 0.02031875029206276
- 0.02031875029206276
velocity:
- -0.019375000149011612
- -0.019375000149011612
effort:
- .nan
- .nan
---
header:
  stamp:
    sec: 1791165124
    nanosec: 449843554
  frame_id: base_link
name:
- joint_x
- joint_y
position:
- 0.01992500014603138
- 0.01992500014603138
velocity:
- -0.019687499850988388
- -0.019375000149011612
effort:
- .nan
- .nan
---
header:
  stamp:
    sec: 1791165124
    nanosec: 469877047
  frame_id: base_link
name:
- joint_x
- joint_y
position:
- 0.01953125
- 0.01953125
velocity:
- -0.019687499850988388
- -0.019687499850988388
effort:
- .nan
- .nan
---
header:
  stamp:
    sec: 1791165124
    nanosec: 489872208
  frame_id: base_link
name:
- joint_x
- joint_y
position:
- 0.01913749985396862
- 0.01913749985396862
velocity:
- -0.019687499850988388
- -0.019999999552965164
effort:
- .nan
- .nan
---
header:
  stamp:
    sec: 1791165124
    nanosec: 509875120
  frame_id: base_link
name:
- joint_x
- joint_y
position:
- 0.018712500110268593
- 0.018712500110268593
velocity:
- -0.020937500521540642
- -0.021250000223517418
effort:
- .nan
- .nan
---
header:
  stamp:
    sec: 1791165124
    nanosec: 529872382
  frame_id: base_link
name:
- joint_x
- joint_y
position:
- 0.018312500789761543
- 0.018312500789761543
velocity:
- -0.02031249925494194
- -0.019999999552965164
effort:
- .nan
- .nan
---
header:
  stamp:
    sec: 1791165124
    nanosec: 549837379
  frame_id: base_link
name:
- joint_x
- joint_y
position:
- 0.017906250432133675
- 0.017912499606609344
velocity:
- -0.019999999552965164
- -0.019999999552965164
effort:
- .nan
- .nan
---
header:
  stamp:
    sec: 1791165124
    nanosec: 569872421
  frame_id: base_link
name:
- joint_x
- joint_y
position:
- 0.01708124950528145
- 0.017087500542402267
velocity:
- -0.021250000223517418
- -0.021250000223517418
effort:
- .nan
- .nan
---
header:
  stamp:
    sec: 1791165124
    nanosec: 589875078
  frame_id: base_link
name:
- joint_x
- joint_y
position:
- 0.01667499914765358
- 0.01667499914765358
velocity:
- -0.020625000819563866
- -0.020625000819563866
effort:
- .nan
- .nan
---
header:
  stamp:
    sec: 1791165124
    nanosec: 609881801
  frame_id: base_link
name:
- joint_x
- joint_y
position:
- 0.01626249961555004
- 0.01626249961555004
velocity:
- -0.020625000819563866
- -0.020625000819563866
effort:
- .nan
- .nan
---
header:
  stamp:
    sec: 1791165124
    nanosec: 629873012
  frame_id: base_link
name:
- joint_x
- joint_y
position:
- 0.015850000083446503
- 0.015856249257922173
velocity:
- -0.020625000819563866
- -0.02031249925494194
effort:
- .nan
- .nan
---
header:
  stamp:
    sec: 1791165124
    nanosec: 649833630
  frame_id: base_link
name:
- joint_x
- joint_y
position:
- 0.01543749962002039
- 0.015443749725818634
velocity:
- -0.020625000819563866
- -0.020625000819563866
effort:
- .nan
- .nan
---
header:
  stamp:
    sec: 1791165124
    nanosec: 669879999
  frame_id: base_link
name:
- joint_x
- joint_y
position:
- 0.015031250193715096
- 0.015031250193715096
velocity:
- -0.02031249925494194
- -0.020625000819563866
effort:
- .nan
- .nan
---
header:
  stamp:
    sec: 1791165124
    nanosec: 689843171
  frame_id: base_link
name:
- joint_x
- joint_y
position:
- 0.014600000344216824
- 0.014600000344216824
velocity:
- -0.021562499925494194
- -0.021562499925494194
effort:
- .nan
- .nan
---
header:
  stamp:
    sec: 1791165124
    nanosec: 709873180
  frame_id: base_link
name:
- joint_x
- joint_y
position:
- 0.01418749988079071
- 0.014193749986588955
velocity:
- -0.020625000819563866
- -0.02031249925494194
effort:
- .nan
- .nan
---
header:
  stamp:
    sec: 1791165124
    nanosec: 729878443
  frame_id: base_link
name:
- joint_x
- joint_y
position:
- 0.013781250454485416
- 0.013775000348687172
velocity:
- -0.02031249925494194
- -0.020625000819563866
effort:
- .nan
- .nan
---
header:
  stamp:
    sec: 1791165124
    nanosec: 749863238
  frame_id: base_link
name:
- joint_x
- joint_y
position:
- 0.013375000096857548
- 0.013368749991059303
velocity:
- -0.02031249925494194
- -0.02031249925494194
effort:
- .nan
- .nan
---
header:
  stamp:
    sec: 1791165124
    nanosec: 769880167
  frame_id: base_link
name:
- joint_x
- joint_y
position:
- 0.012962499633431435
- 0.012956250458955765
velocity:
- -0.020625000819563866
- -0.020625000819563866
effort:
- .nan
- .nan
---
header:
  stamp:
    sec: 1791165124
    nanosec: 789870255
  frame_id: base_link
name:
- joint_x
- joint_y
position:
- 0.012131250463426113
- 0.012131250463426113
velocity:
- -0.019999999552965164
- -0.019999999552965164
effort:
- .nan
- .nan
---
header:
  stamp:
    sec: 1791165124
    nanosec: 809866843
  frame_id: base_link
name:
- joint_x
- joint_y
position:
- 0.011725000105798244
- 0.011725000105798244
velocity:
- -0.019999999552965164
- -0.019999999552965164
effort:
- .nan
- .nan
---
header:
  stamp:
    sec: 1791165124
    nanosec: 829890143
  frame_id: base_link
name:
- joint_x
- joint_y
position:
- 0.01132499985396862
- 0.01132499985396862
velocity:
- -0.02031249925494194
- -0.019999999552965164
effort:
- .nan
- .nan
---
header:
  stamp:
    sec: 1791165124
    nanosec: 849841994
  frame_id: base_link
name:
- joint_x
- joint_y
position:
- 0.010906250216066837
- 0.010906250216066837
velocity:
- -0.01994047686457634
- -0.02023809589445591
effort:
- .nan
- .nan
---
header:
  stamp:
    sec: 1791165124
    nanosec: 869880474
  frame_id: base_link
name:
- joint_x
- joint_y
position:
- 0.010481249541044235
- 0.01048749964684248
velocity:
- -0.020937500521540642
- -0.020937500521540642
effort:
- .nan
- .nan
---
header:
  stamp:
    sec: 1791165124
    nanosec: 889853735
  frame_id: base_link
name:
- joint_x
- joint_y
position:
- 0.01008750032633543
- 0.010093750432133675
velocity:
- -0.019687499850988388
- -0.019687499850988388
effort:
- .nan
- .nan
---
header:
  stamp:
    sec: 1791165124
    nanosec: 909901865
  frame_id: base_link
name:
- joint_x
- joint_y
position:
- 0.009700000286102295
- 0.009700000286102295
velocity:
- -0.019687499850988388
- -0.019375000149011612
effort:
- .nan
- .nan
---
header:
  stamp:
    sec: 1791165124
    nanosec: 929868056
  frame_id: base_link
name:
- joint_x
- joint_y
position:
- 0.00931250024586916
- 0.00931250024586916
velocity:
- -0.019062500447034836
- -0.019375000149011612
effort:
- .nan
- .nan
---
header:
  stamp:
    sec: 1791165124
    nanosec: 949852213
  frame_id: base_link
name:
- joint_x
- joint_y
position:
- 0.008931250311434269
- 0.008931250311434269
velocity:
- -0.019375000149011612
- -0.019375000149011612
effort:
- .nan
- .nan
---
header:
  stamp:
    sec: 1791165124
    nanosec: 969888823
  frame_id: base_link
name:
- joint_x
- joint_y
position:
- 0.008531250059604645
- 0.008531250059604645
velocity:
- -0.01904761977493763
- -0.01904761977493763
effort:
- .nan
- .nan
---
header:
  stamp:
    sec: 1791165124
    nanosec: 989873665
  frame_id: base_link
name:
- joint_x
- joint_y
position:
- 0.008137499913573265
- 0.00814375001937151
velocity:
- -0.019687499850988388
- -0.019375000149011612
effort:
- .nan
- .nan
---
header:
  stamp:
    sec: 1791165125
    nanosec: 9877113
  frame_id: base_link
name:
- joint_x
- joint_y
position:
- 0.0077749998308718204
- 0.0077749998308718204
velocity:
- -0.018124999478459358
- -0.018437499180436134
effort:
- .nan
- .nan
---
header:
  stamp:
    sec: 1791165125
    nanosec: 29873907
  frame_id: base_link
name:
- joint_x
- joint_y
position:
- 0.007031249813735485
- 0.007031249813735485
velocity:
- -0.01815476268529892
- -0.01815476268529892
effort:
- .nan
- .nan
---
header:
  stamp:
    sec: 1791165125
    nanosec: 49858173
  frame_id: base_link
name:
- joint_x
- joint_y
position:
- 0.006656249985098839
- 0.006662500090897083
velocity:
- -0.018437499180436134
- -0.018437499180436134
effort:
- .nan
- .nan
---
header:
  stamp:
    sec: 1791165125
    nanosec: 69876791
  frame_id: base_link
name:
- joint_x
- joint_y
position:
- 0.006312500219792128
- 0.006312500219792128
velocity:
- -0.01718750037252903
- -0.01718750037252903
effort:
- .nan
- .nan
---
header:
  stamp:
    sec: 1791165125
    nanosec: 89879948
  frame_id: base_link
name:
- joint_x
- joint_y
position:
- 0.005975000094622374
- 0.005975000094622374
velocity:
- -0.01718750037252903
- -0.01718750037252903
effort:
- .nan
- .nan
---
header:
  stamp:
    sec: 1791165125
    nanosec: 109888703
  frame_id: base_link
name:
- joint_x
- joint_y
position:
- 0.0056374999694526196
- 0.0056374999694526196
velocity:
- -0.01656249910593033
- -0.01656249910593033
effort:
- .nan
- .nan
---
header:
  stamp:
    sec: 1791165125
    nanosec: 129871440
  frame_id: base_link
name:
- joint_x
- joint_y
position:
- 0.0053125000558793545
- 0.0053125000558793545
velocity:
- -0.01656249910593033
- -0.016249999403953552
effort:
- .nan
- .nan
---
header:
  stamp:
    sec: 1791165125
    nanosec: 149860726
  frame_id: base_link
name:
- joint_x
- joint_y
position:
- 0.0049749999307096004
- 0.0049749999307096004
velocity:
- -0.01607142947614193
- -0.0163690485060215
effort:
- .nan
- .nan
---
header:
  stamp:
    sec: 1791165125
    nanosec: 169878699
  frame_id: base_link
name:
- joint_x
- joint_y
position:
- 0.004643749911338091
- 0.004643749911338091
velocity:
- -0.01656249910593033
- -0.01656249910593033
effort:
- .nan
- .nan
---
header:
  stamp:
    sec: 1791165125
    nanosec: 189844382
  frame_id: base_link
name:
- joint_x
- joint_y
position:
- 0.004337499849498272
- 0.004337499849498272
velocity:
- -0.015312500298023224
- -0.015312500298023224
effort:
- .nan
- .nan
---
header:
  stamp:
    sec: 1791165125
    nanosec: 209870354
  frame_id: base_link
name:
- joint_x
- joint_y
position:
- 0.0040374998934566975
- 0.004043749999254942
velocity:
- -0.014999999664723873
- -0.014687499962747097
effort:
- .nan
- .nan
---
header:
  stamp:
    sec: 1791165125
    nanosec: 229909866
  frame_id: base_link
name:
- joint_x
- joint_y
position:
- 0.0037499999161809683
- 0.0037499999161809683
velocity:
- -0.014375000260770321
- -0.014687499962747097
effort:
- .nan
- .nan
---
header:
  stamp:
    sec: 1791165125
    nanosec: 249855261
  frame_id: base_link
name:
- joint_x
- joint_y
position:
- 0.0034687500447034836
- 0.003462499938905239
velocity:
- -0.01406249962747097
- -0.01406249962747097
effort:
- .nan
- .nan
---
header:
  stamp:
    sec: 1791165125
    nanosec: 269895798
  frame_id: base_link
name:
- joint_x
- joint_y
position:
- 0.002918750047683716
- 0.002918750047683716
velocity:
- -0.013124999590218067
- -0.013124999590218067
effort:
- .nan
- .nan
---
header:
  stamp:
    sec: 1791165125
    nanosec: 289879449
  frame_id: base_link
name:
- joint_x
- joint_y
position:
- 0.002662499900907278
- 0.002662499900907278
velocity:
- -0.012812499888241291
- -0.012812499888241291
effort:
- .nan
- .nan
---
header:
  stamp:
    sec: 1791165125
    nanosec: 309891328
  frame_id: base_link
name:
- joint_x
- joint_y
position:
- 0.0024125000927597284
- 0.0024125000927597284
velocity:
- -0.012187499552965164
- -0.012187499552965164
effort:
- .nan
- .nan
---
header:
  stamp:
    sec: 1791165125
    nanosec: 329921472
  frame_id: base_link
name:
- joint_x
- joint_y
position:
- 0.002162500051781535
- 0.002168749924749136
velocity:
- -0.012202381156384945
- -0.011904762126505375
effort:
- .nan
- .nan
---
header:
  stamp:
    sec: 1791165125
    nanosec: 349892515
  frame_id: base_link
name:
- joint_x
- joint_y
position:
- 0.0019249999895691872
- 0.0019249999895691872
velocity:
- -0.011874999850988388
- -0.011874999850988388
effort:
- .nan
- .nan
---
header:
  stamp:
    sec: 1791165125
    nanosec: 369903994
  frame_id: base_link
name:
- joint_x
- joint_y
position:
- 0.0017125000013038516
- 0.0017125000013038516
velocity:
- -0.010625000111758709
- -0.010937499813735485
effort:
- .nan
- .nan
---
header:
  stamp:
    sec: 1791165125
    nanosec: 389897607
  frame_id: base_link
name:
- joint_x
- joint_y
position:
- 0.0015062500024214387
- 0.0015062500024214387
velocity:
- -0.010312500409781933
- -0.010312500409781933
effort:
- .nan
- .nan
---
header:
  stamp:
    sec: 1791165125
    nanosec: 409880120
  frame_id: base_link
name:
- joint_x
- joint_y
position:
- 0.001312499982304871
- 0.001312499982304871
velocity:
- -0.009687500074505806
- -0.009687500074505806
effort:
- .nan
- .nan
---
header:
  stamp:
    sec: 1791165125
    nanosec: 429875285
  frame_id: base_link
name:
- joint_x
- joint_y
position:
- 0.0011312500573694706
- 0.0011249999515712261
velocity:
- -0.009062499739229679
- -0.009062499739229679
effort:
- .nan
- .nan
---
header:
  stamp:
    sec: 1791165125
    nanosec: 449886678
  frame_id: base_link
name:
- joint_x
- joint_y
position:
- 0.0009500000160187483
- 0.0009500000160187483
velocity:
- -0.009062499739229679
- -0.009062499739229679
effort:
- .nan
- .nan
---
header:
  stamp:
    sec: 1791165125
    nanosec: 469868853
  frame_id: base_link
name:
- joint_x
- joint_y
position:
- 0.0007875000010244548
- 0.0007875000010244548
velocity:
- -0.008124999701976776
- -0.008124999701976776
effort:
- .nan
- .nan
---
header:
  stamp:
    sec: 1791165125
    nanosec: 489897251
  frame_id: base_link
name:
- joint_x
- joint_y
position:
- 0.0005000000237487257
- 0.0005000000237487257
velocity:
- -0.006874999962747097
- -0.006874999962747097
effort:
- .nan
- .nan
---
header:
  stamp:
    sec: 1791165125
    nanosec: 509864406
  frame_id: base_link
name:
- joint_x
- joint_y
position:
- 0.00036875001387670636
- 0.00036875001387670636
velocity:
- -0.0062500000931322575
- -0.0062500000931322575
effort:
- .nan
- .nan
---
header:
  stamp:
    sec: 1791165125
    nanosec: 529876015
  frame_id: base_link
name:
- joint_x
- joint_y
position:
- 0.0002562500012572855
- 0.0002562500012572855
velocity:
- -0.005625000223517418
- -0.005625000223517418
effort:
- .nan
- .nan
---
header:
  stamp:
    sec: 1791165125
    nanosec: 549902951
  frame_id: base_link
name:
- joint_x
- joint_y
position:
- 0.00015624999650754035
- 0.00015624999650754035
velocity:
- -0.004999999888241291
- -0.004999999888241291
effort:
- .nan
- .nan
---
header:
  stamp:
    sec: 1791165125
    nanosec: 569874058
  frame_id: base_link
name:
- joint_x
- joint_y
position:
- 7.500000356230885e-05
- 7.500000356230885e-05
velocity:
- -0.004062499850988388
- -0.004062499850988388
effort:
- .nan
- .nan
---
header:
  stamp:
    sec: 1791165125
    nanosec: 589880976
  frame_id: base_link
name:
- joint_x
- joint_y
position:
- 0.0
- 6.24999984211172e-06
velocity:
- -0.0037499999161809683
- -0.0034374999813735485
effort:
- .nan
- .nan
---
header:
  stamp:
    sec: 1791165125
    nanosec: 609884370
  frame_id: base_link
name:
- joint_x
- joint_y
position:
- -5.624999903375283e-05
- -5.624999903375283e-05
velocity:
- -0.002812500111758709
- -0.0031250000465661287
effort:
- .nan
- .nan
---
header:
  stamp:
    sec: 1791165125
    nanosec: 629878148
  frame_id: base_link
name:
- joint_x
- joint_y
position:
- -9.999999747378752e-05
- -9.999999747378752e-05
velocity:
- -0.0021875000093132257
- -0.0021875000093132257
effort:
- .nan
- .nan
---
header:
  stamp:
    sec: 1791165125
    nanosec: 649879438
  frame_id: base_link
name:
- joint_x
- joint_y
position:
- -0.00013124999532010406
- -0.0001250000059371814
velocity:
- -0.0015625000232830644
- -0.0012499999720603228
effort:
- .nan
- .nan
---
header:
  stamp:
    sec: 1791165125
    nanosec: 669928378
  frame_id: base_link
name:
- joint_x
- joint_y
position:
- -0.00014375000318977982
- -0.00014375000318977982
velocity:
- -0.0006249999860301614
- -0.0009374999790452421
effort:
- .nan
- .nan
---
header:
  stamp:
    sec: 1791165125
    nanosec: 689896477
  frame_id: base_link
name:
- joint_x
- joint_y
position:
- -0.00013749999925494194
- -0.00014375000318977982
velocity:
- 0.0003124999930150807
- 0.0
effort:
- .nan
- .nan
---
header:
  stamp:
    sec: 1791165125
    nanosec: 709871739
  frame_id: base_link
name:
- joint_x
- joint_y
position:
- -0.0001250000059371814
- -0.0001250000059371814
velocity:
- 0.0006249999860301614
- 0.0009374999790452421
effort:
- .nan
- .nan
---
header:
  stamp:
    sec: 1791165125
    nanosec: 729899384
  frame_id: base_link
name:
- joint_x
- joint_y
position:
- -5.624999903375283e-05
- -5.624999903375283e-05
velocity:
- 0.0015625000232830644
- 0.0015625000232830644
effort:
- .nan
- .nan
---
header:
  stamp:
    sec: 1791165125
    nanosec: 749889375
  frame_id: base_link
name:
- joint_x
- joint_y
position:
- 0.0
- 0.0
velocity:
- 0.002812500111758709
- 0.002812500111758709
effort:
- .nan
- .nan
---
header:
  stamp:
    sec: 1791165125
    nanosec: 769882826
  frame_id: base_link
name:
- joint_x
- joint_y
position:
- 0.0
- 0.0
velocity:
- 0.0
- 0.0
effort:
- .nan
- .nan
---
header:
  stamp:
    sec: 1791165125
    nanosec: 789896990
  frame_id: base_link
name:
- joint_x
- joint_y
position:
- 0.0
- 0.0
velocity:
- 0.0
- 0.0
effort:
- .nan
- .nan
---
header:
  stamp:
    sec: 1791165125
    nanosec: 809893791
  frame_id: base_link
name:
- joint_x
- joint_y
position:
- 0.0
- 0.0
velocity:
- 0.0
- 0.0
effort:
- .nan
- .nan
---
header:
  stamp:
    sec: 1791165125
    nanosec: 829880761
  frame_id: base_link
name:
- joint_x
- joint_y
position:
- 0.0
- 0.0
velocity:
- 0.0
- 0.0
effort:
- .nan
- .nan
---
header:
  stamp:
    sec: 1791165125
    nanosec: 849882203
  frame_id: base_link
name:
- joint_x
- joint_y
position:
- 0.0
- 0.0
velocity:
- 0.0
- 0.0
effort:
- .nan
- .nan
---
header:
  stamp:
    sec: 1791165125
    nanosec: 869872934
  frame_id: base_link
name:
- joint_x
- joint_y
position:
- 0.0
- 0.0
velocity:
- 0.0
- 0.0
effort:
- .nan
- .nan
---
header:
  stamp:
    sec: 1791165125
    nanosec: 889889131
  frame_id: base_link
name:
- joint_x
- joint_y
position:
- 0.0
- 0.0
velocity:
- 0.0
- 0.0
effort:
- .nan
- .nan
---
