header:
  stamp:
    sec: 1791159273
    nanosec: 668269055
  frame_id: ''
name:
- joint_x
- joint_y
position:
- 0.0
- 0.0
velocity:
- 0.0
- 0.0
effort: []
---
header:
  stamp:
    sec: 1791159273
    nanosec: 703918006
  frame_id: ''
name:
- joint_x
- joint_y
position:
- 0.0
- 0.0
velocity:
- 0.0
- 0.0
effort: []
---
header:
  stamp:
    sec: 1791159273
    nanosec: 758076548
  frame_id: ''
name:
- joint_x
- joint_y
position:
- 0.0
- 0.0
velocity:
- 0.0
- 0.0
effort: []
---
header:
  stamp:
    sec: 1791159273
    nanosec: 811994955
  frame_id: ''
name:
- joint_x
- joint_y
position:
- 0.0
- 0.0
velocity:
- 0.0
- 0.0
effort: []
---
header:
  stamp:
    sec: 1791159273
    nanosec: 866005479
  frame_id: ''
name:
- joint_x
- joint_y
position:
- 0.0
- 0.0
velocity:
- 0.0
- 0.0
effort: []
---
header:
  stamp:
    sec: 1791159273
    nanosec: 920050491
  frame_id: ''
name:
- joint_x
- joint_y
position:
- 0.0
- 0.0
velocity:
- 0.0
- 0.0
effort: []
---
header:
  stamp:
    sec: 1791159273
    nanosec: 956153332
  frame_id: ''
name:
- joint_x
- joint_y
position:
- 0.0001687500043772161
- 0.0001687500043772161
velocity:
- 0.008437500335276127
- 0.008437500335276127
effort: []
---
header:
  stamp:
    sec: 1791159274
    nanosec: 9645649
  frame_id: ''
name:
- joint_x
- joint_y
position:
- 0.0007812500116415322
- 0.0007812500116415322
velocity:
- 0.009999999776482582
- 0.010312500409781933
effort: []
---
header:
  stamp:
    sec: 1791159274
    nanosec: 65038512
  frame_id: ''
name:
- joint_x
- joint_y
position:
- 0.0014250000240281224
- 0.0014250000240281224
velocity:
- 0.010312500409781933
- 0.010312500409781933
effort: []
---
header:
  stamp:
    sec: 1791159274
    nanosec: 119346532
  frame_id: ''
name:
- joint_x
- joint_y
position:
- 0.002062499988824129
- 0.002062499988824129
velocity:
- 0.010714286006987095
- 0.010714286006987095
effort: []
---
header:
  stamp:
    sec: 1791159274
    nanosec: 155844526
  frame_id: ''
name:
- joint_x
- joint_y
position:
- 0.0024999999441206455
- 0.0024999999441206455
velocity:
- 0.010625000111758709
- 0.010625000111758709
effort: []
---
header:
  stamp:
    sec: 1791159274
    nanosec: 209316504
  frame_id: ''
name:
- joint_x
- joint_y
position:
- 0.003156250109896064
- 0.003156250109896064
velocity:
- 0.010937499813735485
- 0.010937499813735485
effort: []
---
header:
  stamp:
    sec: 1791159274
    nanosec: 263703203
  frame_id: ''
name:
- joint_x
- joint_y
position:
- 0.003837500000372529
- 0.003837500000372529
velocity:
- 0.011250000447034836
- 0.011250000447034836
effort: []
---
header:
  stamp:
    sec: 1791159274
    nanosec: 317914916
  frame_id: ''
name:
- joint_x
- joint_y
position:
- 0.004525000229477882
- 0.004525000229477882
velocity:
- 0.011250000447034836
- 0.011250000447034836
effort: []
---
header:
  stamp:
    sec: 1791159274
    nanosec: 353510719
  frame_id: ''
name:
- joint_x
- joint_y
position:
- 0.004987500142306089
- 0.004987500142306089
velocity:
- 0.011562500149011612
- 0.011562500149011612
effort: []
---
header:
  stamp:
    sec: 1791159274
    nanosec: 407937054
  frame_id: ''
name:
- joint_x
- joint_y
position:
- 0.00570000009611249
- 0.005693749990314245
velocity:
- 0.011562500149011612
- 0.011562500149011612
effort: []
---
header:
  stamp:
    sec: 1791159274
    nanosec: 462090804
  frame_id: ''
name:
- joint_x
- joint_y
position:
- 0.00641250004991889
- 0.00641250004991889
velocity:
- 0.012500000186264515
- 0.012187499552965164
effort: []
---
header:
  stamp:
    sec: 1791159274
    nanosec: 515666257
  frame_id: ''
name:
- joint_x
- joint_y
position:
- 0.00712500000372529
- 0.00712500000372529
velocity:
- 0.011874999850988388
- 0.011874999850988388
effort: []
---
header:
  stamp:
    sec: 1791159274
    nanosec: 552293927
  frame_id: ''
name:
- joint_x
- joint_y
position:
- 0.007612499874085188
- 0.007612499874085188
velocity:
- 0.012202381156384945
- 0.012202381156384945
effort: []
---
header:
  stamp:
    sec: 1791159274
    nanosec: 606596153
  frame_id: ''
name:
- joint_x
- joint_y
position:
- 0.00833749957382679
- 0.00833749957382679
velocity:
- 0.011874999850988388
- 0.011874999850988388
effort: []
---
header:
  stamp:
    sec: 1791159274
    nanosec: 661874139
  frame_id: ''
name:
- joint_x
- joint_y
position:
- 0.009074999950826168
- 0.009074999950826168
velocity:
- 0.011874999850988388
- 0.011874999850988388
effort: []
---
header:
  stamp:
    sec: 1791159274
    nanosec: 715200753
  frame_id: ''
name:
- joint_x
- joint_y
position:
- 0.009787499904632568
- 0.009787499904632568
velocity:
- 0.011874999850988388
- 0.011874999850988388
effort: []
---
header:
  stamp:
    sec: 1791159274
    nanosec: 770585763
  frame_id: ''
name:
- joint_x
- joint_y
position:
- 0.010518750175833702
- 0.010518750175833702
velocity:
- 0.011874999850988388
- 0.011874999850988388
effort: []
---
header:
  stamp:
    sec: 1791159274
    nanosec: 806003401
  frame_id: ''
name:
- joint_x
- joint_y
position:
- 0.010981249623000622
- 0.010981249623000622
velocity:
- 0.011562500149011612
- 0.011562500149011612
effort: []
---
header:
  stamp:
    sec: 1791159274
    nanosec: 860468287
  frame_id: ''
name:
- joint_x
- joint_y
position:
- 0.011681250296533108
- 0.011681250296533108
velocity:
- 0.011250000447034836
- 0.011250000447034836
effort: []
---
header:
  stamp:
    sec: 1791159274
    nanosec: 914842858
  frame_id: ''
name:
- joint_x
- joint_y
position:
- 0.012381250038743019
- 0.012374999932944775
velocity:
- 0.011874999850988388
- 0.011874999850988388
effort: []
---
header:
  stamp:
    sec: 1791159274
    nanosec: 968205627
  frame_id: ''
name:
- joint_x
- joint_y
position:
- 0.013043750077486038
- 0.013037499971687794
velocity:
- 0.011250000447034836
- 0.010625000111758709
effort: []
---
header:
  stamp:
    sec: 1791159275
    nanosec: 4738424
  frame_id: ''
name:
- joint_x
- joint_y
position:
- 0.013487500138580799
- 0.013487500138580799
velocity:
- 0.010937499813735485
- 0.010937499813735485
effort: []
---
header:
  stamp:
    sec: 1791159275
    nanosec: 58170135
  frame_id: ''
name:
- joint_x
- joint_y
position:
- 0.01412499975413084
- 0.01412499975413084
velocity:
- 0.010625000111758709
- 0.010625000111758709
effort: []
---
header:
  stamp:
    sec: 1791159275
    nanosec: 113505111
  frame_id: ''
name:
- joint_x
- joint_y
position:
- 0.014762500301003456
- 0.014762500301003456
velocity:
- 0.009999999776482582
- 0.010312500409781933
effort: []
---
header:
  stamp:
    sec: 1791159275
    nanosec: 167736620
  frame_id: ''
name:
- joint_x
- joint_y
position:
- 0.01536875031888485
- 0.01536875031888485
velocity:
- 0.010312500409781933
- 0.010312500409781933
effort: []
---
header:
  stamp:
    sec: 1791159275
    nanosec: 203406738
  frame_id: ''
name:
- joint_x
- joint_y
position:
- 0.01575000025331974
- 0.01575000025331974
velocity:
- 0.009687500074505806
- 0.009687500074505806
effort: []
---
header:
  stamp:
    sec: 1791159275
    nanosec: 257707215
  frame_id: ''
name:
- joint_x
- joint_y
position:
- 0.016312500461935997
- 0.016312500461935997
velocity:
- 0.009687500074505806
- 0.00937500037252903
effort: []
---
header:
  stamp:
    sec: 1791159275
    nanosec: 310949119
  frame_id: ''
name:
- joint_x
- joint_y
position:
- 0.016831250861287117
- 0.016824999824166298
velocity:
- 0.008437500335276127
- 0.008124999701976776
effort: []
---
header:
  stamp:
    sec: 1791159275
    nanosec: 365376040
  frame_id: ''
name:
- joint_x
- joint_y
position:
- 0.01733125001192093
- 0.01733125001192093
velocity:
- 0.0078125
- 0.0078125
effort: []
---
header:
  stamp:
    sec: 1791159275
    nanosec: 419847356
  frame_id: ''
name:
- joint_x
- joint_y
position:
- 0.017793750390410423
- 0.017793750390410423
velocity:
- 0.0074404762126505375
- 0.0074404762126505375
effort: []
---
header:
  stamp:
    sec: 1791159275
    nanosec: 456383633
  frame_id: ''
name:
- joint_x
- joint_y
position:
- 0.01808750070631504
- 0.01808750070631504
velocity:
- 0.006874999962747097
- 0.0071875001303851604
effort: []
---
header:
  stamp:
    sec: 1791159275
    nanosec: 511482494
  frame_id: ''
name:
- joint_x
- joint_y
position:
- 0.01850000023841858
- 0.01849374920129776
velocity:
- 0.006562499795109034
- 0.006562499795109034
effort: []
---
header:
  stamp:
    sec: 1791159275
    nanosec: 565035351
  frame_id: ''
name:
- joint_x
- joint_y
position:
- 0.018850000575184822
- 0.018850000575184822
velocity:
- 0.005625000223517418
- 0.005625000223517418
effort: []
---
header:
  stamp:
    sec: 1791159275
    nanosec: 620337821
  frame_id: ''
name:
- joint_x
- joint_y
position:
- 0.019175000488758087
- 0.019175000488758087
velocity:
- 0.0053125000558793545
- 0.0053125000558793545
effort: []
---
header:
  stamp:
    sec: 1791159275
    nanosec: 655835978
  frame_id: ''
name:
- joint_x
- joint_y
position:
- 0.019356250762939453
- 0.019362499937415123
velocity:
- 0.0043750000186264515
- 0.0043750000186264515
effort: []
---
header:
  stamp:
    sec: 1791159275
    nanosec: 711060685
  frame_id: ''
name:
- joint_x
- joint_y
position:
- 0.019606249406933784
- 0.019606249406933784
velocity:
- 0.0037499999161809683
- 0.0037499999161809683
effort: []
---
header:
  stamp:
    sec: 1791159275
    nanosec: 764466366
  frame_id: ''
name:
- joint_x
- joint_y
position:
- 0.01979375071823597
- 0.01979375071823597
velocity:
- 0.002812500111758709
- 0.002812500111758709
effort: []
---
header:
  stamp:
    sec: 1791159275
    nanosec: 818930378
  frame_id: ''
name:
- joint_x
- joint_y
position:
- 0.01993124932050705
- 0.01993124932050705
velocity:
- 0.0018749999580904841
- 0.0018749999580904841
effort: []
---
header:
  stamp:
    sec: 1791159275
    nanosec: 855431481
  frame_id: ''
name:
- joint_x
- joint_y
position:
- 0.019993750378489494
- 0.019993750378489494
velocity:
- 0.0012499999720603228
- 0.0012499999720603228
effort: []
---
header:
  stamp:
    sec: 1791159275
    nanosec: 908736748
  frame_id: ''
name:
- joint_x
- joint_y
position:
- 0.0200437493622303
- 0.0200437493622303
velocity:
- 0.0006249999860301614
- 0.0006249999860301614
effort: []
---
header:
  stamp:
    sec: 1791159275
    nanosec: 963423508
  frame_id: ''
name:
- joint_x
- joint_y
position:
- 0.020031249150633812
- 0.020031249150633812
velocity:
- -0.0006249999860301614
- -0.0006249999860301614
effort: []
---
header:
  stamp:
    sec: 1791159276
    nanosec: 16787259
  frame_id: ''
name:
- joint_x
- joint_y
position:
- 0.01994374953210354
- 0.01994374953210354
velocity:
- -0.0018749999580904841
- -0.0018749999580904841
effort: []
---
header:
  stamp:
    sec: 1791159276
    nanosec: 53269029
  frame_id: ''
name:
- joint_x
- joint_y
position:
- 0.019831249490380287
- 0.019831249490380287
velocity:
- -0.002812500111758709
- -0.002812500111758709
effort: []
---
header:
  stamp:
    sec: 1791159276
    nanosec: 106580615
  frame_id: ''
name:
- joint_x
- joint_y
position:
- 0.019606249406933784
- 0.019606249406933784
velocity:
- -0.004062499850988388
- -0.004062499850988388
effort: []
---
header:
  stamp:
    sec: 1791159276
    nanosec: 160875096
  frame_id: ''
name:
- joint_x
- joint_y
position:
- 0.019300000742077827
- 0.019300000742077827
velocity:
- -0.0053125000558793545
- -0.0053125000558793545
effort: []
---
header:
  stamp:
    sec: 1791159276
    nanosec: 215107982
  frame_id: ''
name:
- joint_x
- joint_y
position:
- 0.018924999982118607
- 0.018924999982118607
velocity:
- -0.006562499795109034
- -0.006562499795109034
effort: []
---
header:
  stamp:
    sec: 1791159276
    nanosec: 268591036
  frame_id: ''
name:
- joint_x
- joint_y
position:
- 0.01849374920129776
- 0.01849374920129776
velocity:
- -0.007499999832361937
- -0.007499999832361937
effort: []
---
header:
  stamp:
    sec: 1791159276
    nanosec: 306166588
  frame_id: ''
name:
- joint_x
- joint_y
position:
- 0.018156249076128006
- 0.018156249076128006
velocity:
- -0.008437500335276127
- -0.008750000037252903
effort: []
---
header:
  stamp:
    sec: 1791159276
    nanosec: 359445504
  frame_id: ''
name:
- joint_x
- joint_y
position:
- 0.017637500539422035
- 0.017637500539422035
velocity:
- -0.009062499739229679
- -0.009062499739229679
effort: []
---
header:
  stamp:
    sec: 1791159276
    nanosec: 413832479
  frame_id: ''
name:
- joint_x
- joint_y
position:
- 0.01705624908208847
- 0.01705624908208847
velocity:
- -0.009999999776482582
- -0.009687500074505806
effort: []
---
header:
  stamp:
    sec: 1791159276
    nanosec: 468260183
  frame_id: ''
name:
- joint_x
- joint_y
position:
- 0.01642500050365925
- 0.01642500050365925
velocity:
- -0.010714286006987095
- -0.010714286006987095
effort: []
---
header:
  stamp:
    sec: 1791159276
    nanosec: 504729149
  frame_id: ''
name:
- joint_x
- joint_y
position:
- 0.015981249511241913
- 0.015981249511241913
velocity:
- -0.010937499813735485
- -0.010937499813735485
effort: []
---
header:
  stamp:
    sec: 1791159276
    nanosec: 559039735
  frame_id: ''
name:
- joint_x
- joint_y
position:
- 0.015287499874830246
- 0.015281249769032001
velocity:
- -0.012187499552965164
- -0.012187499552965164
effort: []
---
header:
  stamp:
    sec: 1791159276
    nanosec: 612600750
  frame_id: ''
name:
- joint_x
- joint_y
position:
- 0.014574999921023846
- 0.014568749815225601
velocity:
- -0.011874999850988388
- -0.011874999850988388
effort: []
---
header:
  stamp:
    sec: 1791159276
    nanosec: 666833521
  frame_id: ''
name:
- joint_x
- joint_y
position:
- 0.013818750157952309
- 0.013818750157952309
velocity:
- -0.012500000186264515
- -0.012500000186264515
effort: []
---
header:
  stamp:
    sec: 1791159276
    nanosec: 702341279
  frame_id: ''
name:
- joint_x
- joint_y
position:
- 0.013312499970197678
- 0.013318750075995922
velocity:
- -0.012500000186264515
- -0.012812499888241291
effort: []
---
header:
  stamp:
    sec: 1791159276
    nanosec: 757771127
  frame_id: ''
name:
- joint_x
- joint_y
position:
- 0.01250625029206276
- 0.012512500397861004
velocity:
- -0.012812499888241291
- -0.013124999590218067
effort: []
---
header:
  stamp:
    sec: 1791159276
    nanosec: 811214044
  frame_id: ''
name:
- joint_x
- joint_y
position:
- 0.011725000105798244
- 0.01171875
velocity:
- -0.013124999590218067
- -0.013124999590218067
effort: []
---
header:
  stamp:
    sec: 1791159276
    nanosec: 865436635
  frame_id: ''
name:
- joint_x
- joint_y
position:
- 0.010912500321865082
- 0.010912500321865082
velocity:
- -0.013124999590218067
- -0.013124999590218067
effort: []
---
header:
  stamp:
    sec: 1791159276
    nanosec: 919896097
  frame_id: ''
name:
- joint_x
- joint_y
position:
- 0.010093750432133675
- 0.010093750432133675
velocity:
- -0.013124999590218067
- -0.013437500223517418
effort: []
---
header:
  stamp:
    sec: 1791159276
    nanosec: 955532996
  frame_id: ''
name:
- joint_x
- joint_y
position:
- 0.009556249715387821
- 0.009556249715387821
velocity:
- -0.013437500223517418
- -0.013437500223517418
effort: []
---
header:
  stamp:
    sec: 1791159277
    nanosec: 10876888
  frame_id: ''
name:
- joint_x
- joint_y
position:
- 0.008718750439584255
- 0.008724999614059925
velocity:
- -0.01406249962747097
- -0.01406249962747097
effort: []
---
header:
  stamp:
    sec: 1791159277
    nanosec: 64189818
  frame_id: ''
name:
- joint_x
- joint_y
position:
- 0.007931250147521496
- 0.007931250147521496
velocity:
- -0.013124999590218067
- -0.013124999590218067
effort: []
---
header:
  stamp:
    sec: 1791159277
    nanosec: 119561674
  frame_id: ''
name:
- joint_x
- joint_y
position:
- 0.007118749897927046
- 0.007118749897927046
velocity:
- -0.012812499888241291
- -0.013124999590218067
effort: []
---
header:
  stamp:
    sec: 1791159277
    nanosec: 155212991
  frame_id: ''
name:
- joint_x
- joint_y
position:
- 0.006599999964237213
- 0.006599999964237213
velocity:
- -0.013124999590218067
- -0.012812499888241291
effort: []
---
header:
  stamp:
    sec: 1791159277
    nanosec: 209418962
  frame_id: ''
name:
- joint_x
- joint_y
position:
- 0.005843750201165676
- 0.005837500095367432
velocity:
- -0.012187499552965164
- -0.012187499552965164
effort: []
---
header:
  stamp:
    sec: 1791159277
    nanosec: 263946583
  frame_id: ''
name:
- joint_x
- joint_y
position:
- 0.005100000184029341
- 0.005100000184029341
velocity:
- -0.011904762126505375
- -0.012202381156384945
effort: []
---
header:
  stamp:
    sec: 1791159277
    nanosec: 318397814
  frame_id: ''
name:
- joint_x
- joint_y
position:
- 0.0043875002302229404
- 0.0043875002302229404
velocity:
- -0.011562500149011612
- -0.011562500149011612
effort: []
---
header:
  stamp:
    sec: 1791159277
    nanosec: 354858938
  frame_id: ''
name:
- joint_x
- joint_y
position:
- 0.003924999851733446
- 0.003924999851733446
velocity:
- -0.011011905036866665
- -0.011011905036866665
effort: []
---
header:
  stamp:
    sec: 1791159277
    nanosec: 409051204
  frame_id: ''
name:
- joint_x
- joint_y
position:
- 0.003281249897554517
- 0.003281249897554517
velocity:
- -0.010312500409781933
- -0.010625000111758709
effort: []
---
header:
  stamp:
    sec: 1791159277
    nanosec: 464496562
  frame_id: ''
name:
- joint_x
- joint_y
position:
- 0.002662499900907278
- 0.002662499900907278
velocity:
- -0.010312500409781933
- -0.010312500409781933
effort: []
---
header:
  stamp:
    sec: 1791159277
    nanosec: 517953430
  frame_id: ''
name:
- joint_x
- joint_y
position:
- 0.0021124999038875103
- 0.0021124999038875103
velocity:
- -0.009062499739229679
- -0.009062499739229679
effort: []
---
header:
  stamp:
    sec: 1791159277
    nanosec: 554311225
  frame_id: ''
name:
- joint_x
- joint_y
position:
- 0.0017687500221654773
- 0.0017687500221654773
velocity:
- -0.008750000037252903
- -0.008750000037252903
effort: []
---
header:
  stamp:
    sec: 1791159277
    nanosec: 607785615
  frame_id: ''
name:
- joint_x
- joint_y
position:
- 0.0013062499929219484
- 0.001312499982304871
velocity:
- -0.0071875001303851604
- -0.0071875001303851604
effort: []
---
header:
  stamp:
    sec: 1791159277
    nanosec: 663135716
  frame_id: ''
name:
- joint_x
- joint_y
position:
- 0.0008937499951571226
- 0.0008937499951571226
velocity:
- -0.0062500000931322575
- -0.0062500000931322575
effort: []
---
header:
  stamp:
    sec: 1791159277
    nanosec: 717474588
  frame_id: ''
name:
- joint_x
- joint_y
position:
- 0.0005499999970197678
- 0.0005499999970197678
velocity:
- -0.0053571430034935474
- -0.0053571430034935474
effort: []
---
header:
  stamp:
    sec: 1791159277
    nanosec: 753958556
  frame_id: ''
name:
- joint_x
- joint_y
position:
- 0.0003562500060070306
- 0.0003562500060070306
velocity:
- -0.004062499850988388
- -0.004687500186264515
effort: []
---
header:
  stamp:
    sec: 1791159277
    nanosec: 808428918
  frame_id: ''
name:
- joint_x
- joint_y
position:
- 0.00013749999925494194
- 0.00013749999925494194
velocity:
- -0.0032738095615059137
- -0.0032738095615059137
effort: []
---
header:
  stamp:
    sec: 1791159277
    nanosec: 862821387
  frame_id: ''
name:
- joint_x
- joint_y
position:
- -6.24999984211172e-06
- -6.24999984211172e-06
velocity:
- -0.0018749999580904841
- -0.0018749999580904841
effort: []
---
header:
  stamp:
    sec: 1791159277
    nanosec: 917934747
  frame_id: ''
name:
- joint_x
- joint_y
position:
- -6.874999962747097e-05
- -6.874999962747097e-05
velocity:
- -0.0006249999860301614
- -0.0006249999860301614
effort: []
---
header:
  stamp:
    sec: 1791159277
    nanosec: 954092409
  frame_id: ''
name:
- joint_x
- joint_y
position:
- -4.999999873689376e-05
- -4.999999873689376e-05
velocity:
- 0.0008928571478463709
- 0.0008928571478463709
effort: []
---
header:
  stamp:
    sec: 1791159278
    nanosec: 8417505
  frame_id: ''
name:
- joint_x
- joint_y
position:
- 0.0
- 0.0
velocity:
- 0.0
- 0.0
effort: []
---
header:
  stamp:
    sec: 1791159278
    nanosec: 62419196
  frame_id: ''
name:
- joint_x
- joint_y
position:
- 0.0
- 0.0
velocity:
- 0.0
- 0.0
effort: []
---
header:
  stamp:
    sec: 1791159278
    nanosec: 116537348
  frame_id: ''
name:
- joint_x
- joint_y
position:
- 0.0
- 0.0
velocity:
- 0.0
- 0.0
effort: []
---
header:
  stamp:
    sec: 1791159278
    nanosec: 170705059
  frame_id: ''
name:
- joint_x
- joint_y
position:
- 0.0
- 0.0
velocity:
- 0.0
- 0.0
effort: []
---
header:
  stamp:
    sec: 1791159278
    nanosec: 206449862
  frame_id: ''
name:
- joint_x
- joint_y
position:
- 0.0
- 0.0
velocity:
- 0.0
- 0.0
effort: []
---
header:
  stamp:
    sec: 1791159278
    nanosec: 260576284
  frame_id: ''
name:
- joint_x
- joint_y
position:
- 0.0
- 0.0
velocity:
- 0.0
- 0.0
effort: []
---
header:
  stamp:
    sec: 1791159278
    nanosec: 314772540
  frame_id: ''
name:
- joint_x
- joint_y
position:
- 0.0
- 0.0
velocity:
- 0.0
- 0.0
effort: []
---
header:
  stamp:
    sec: 1791159278
    nanosec: 368853090
  frame_id: ''
name:
- joint_x
- joint_y
position:
- 0.0
- 0.0
velocity:
- 0.0
- 0.0
effort: []
---
header:
  stamp:
    sec: 1791159278
    nanosec: 429790978
  frame_id: ''
name:
- joint_x
- joint_y
position:
- 0.0
- 0.0
velocity:
- 0.0
- 0.0
effort: []
---
header:
  stamp:
    sec: 1791159278
    nanosec: 458794822
  frame_id: ''
name:
- joint_x
- joint_y
position:
- 0.0
- 0.0
velocity:
- 0.0
- 0.0
effort: []
---
header:
  stamp:
    sec: 1791159278
    nanosec: 512868468
  frame_id: ''
name:
- joint_x
- joint_y
position:
- 0.0
- 0.0
velocity:
- 0.0
- 0.0
effort: []
---
header:
  stamp:
    sec: 1791159278
    nanosec: 566907216
  frame_id: ''
name:
- joint_x
- joint_y
position:
- 0.0
- 0.0
velocity:
- 0.0
- 0.0
effort: []
---
header:
  stamp:
    sec: 1791159278
    nanosec: 620413025
  frame_id: ''
name:
- joint_x
- joint_y
position:
- 8.125000022118911e-05
- 8.125000022118911e-05
velocity:
- 0.004062499850988388
- 0.004062499850988388
effort: []
---
header:
  stamp:
    sec: 1791159278
    nanosec: 657030811
  frame_id: ''
name:
- joint_x
- joint_y
position:
- 0.0003312499902676791
- 0.0003312499902676791
velocity:
- 0.0062500000931322575
- 0.0062500000931322575
effort: []
---
header:
  stamp:
    sec: 1791159278
    nanosec: 711399781
  frame_id: ''
name:
- joint_x
- joint_y
position:
- 0.0006937499856576324
- 0.0006937499856576324
velocity:
- 0.005937499925494194
- 0.005937499925494194
effort: []
---
header:
  stamp:
    sec: 1791159278
    nanosec: 766611896
  frame_id: ''
name:
- joint_x
- joint_y
position:
- 0.0010687500471249223
- 0.0010687500471249223
velocity:
- 0.0062500000931322575
- 0.0062500000931322575
effort: []
---
header:
  stamp:
    sec: 1791159282
    nanosec: 402441187
  frame_id: ''
name:
- joint_x
- joint_y
position:
- 0.0014375000027939677
- 0.0014375000027939677
velocity:
- 0.0062500000931322575
- 0.0062500000931322575
effort: []
---
header:
  stamp:
    sec: 1791159282
    nanosec: 402441187
  frame_id: ''
name:
- joint_x
- joint_y
position:
- 0.0014375000027939677
- 0.0014375000027939677
velocity:
- 0.0062500000931322575
- 0.0062500000931322575
effort: []
---
header:
  stamp:
    sec: 1791159282
    nanosec: 457815866
  frame_id: ''
name:
- joint_x
- joint_y
position:
- 0.001825000043027103
- 0.001825000043027103
velocity:
- 0.0062500000931322575
- 0.0062500000931322575
effort: []
---
header:
  stamp:
    sec: 1791159282
    nanosec: 512146830
  frame_id: ''
name:
- joint_x
- joint_y
position:
- 0.0022062500938773155
- 0.0022062500938773155
velocity:
- 0.0062500000931322575
- 0.0062500000931322575
effort: []
---
header:
  stamp:
    sec: 1791159282
    nanosec: 566386738
  frame_id: ''
name:
- joint_x
- joint_y
position:
- 0.0026000000070780516
- 0.0026000000070780516
velocity:
- 0.006562499795109034
- 0.006562499795109034
effort: []
---
header:
  stamp:
    sec: 1791159282
    nanosec: 620977271
  frame_id: ''
name:
- joint_x
- joint_y
position:
- 0.003000000026077032
- 0.003000000026077032
velocity:
- 0.006562499795109034
- 0.006562499795109034
effort: []
---
header:
  stamp:
    sec: 1791159282
    nanosec: 656477982
  frame_id: ''
name:
- joint_x
- joint_y
position:
- 0.0032625000458210707
- 0.0032625000458210707
velocity:
- 0.006562499795109034
- 0.006562499795109034
effort: []
---
header:
  stamp:
    sec: 1791159282
    nanosec: 710688286
  frame_id: ''
name:
- joint_x
- joint_y
position:
- 0.0036750000435858965
- 0.0036750000435858965
velocity:
- 0.006562499795109034
- 0.006562499795109034
effort: []
---
header:
  stamp:
    sec: 1791159282
    nanosec: 765048345
  frame_id: ''
name:
- joint_x
- joint_y
position:
- 0.004087499808520079
- 0.004087499808520079
velocity:
- 0.0068452381528913975
- 0.0068452381528913975
effort: []
---
header:
  stamp:
    sec: 1791159282
    nanosec: 819454348
  frame_id: ''
name:
- joint_x
- joint_y
position:
- 0.004506249912083149
- 0.004506249912083149
velocity:
- 0.006874999962747097
- 0.006874999962747097
effort: []
---
header:
  stamp:
    sec: 1791159282
    nanosec: 856034729
  frame_id: ''
name:
- joint_x
- joint_y
position:
- 0.004793750122189522
- 0.004793750122189522
velocity:
- 0.0071428571827709675
- 0.0071428571827709675
effort: []
---
header:
  stamp:
    sec: 1791159282
    nanosec: 910384018
  frame_id: ''
name:
- joint_x
- joint_y
position:
- 0.005118750035762787
- 0.005118750035762787
velocity:
- 0.0021875000093132257
- 0.0021875000093132257
effort: []
---
header:
  stamp:
    sec: 1791159283
    nanosec: 54708079
  frame_id: ''
name:
- joint_x
- joint_y
position:
- 0.005118750035762787
- 0.005118750035762787
velocity:
- 0.0
- 0.0
effort: []
---
header:
  stamp:
    sec: 1791159283
    nanosec: 54708079
  frame_id: ''
name:
- joint_x
- joint_y
position:
- 0.005118750035762787
- 0.005118750035762787
velocity:
- 0.0
- 0.0
effort: []
---
