header:
  stamp:
    sec: 1791159292
    nanosec: 492468714
  frame_id: base_link
name:
- joint_x
- joint_y
position:
- 0.0
- 0.0
velocity:
- 0.0
- 0.0
effort:
- .nan
- .nan
---
header:
  stamp:
    sec: 1791159292
    nanosec: 512461036
  frame_id: base_link
name:
- joint_x
- joint_y
position:
- 0.0
- 0.0
velocity:
- 0.0
- 0.0
effort:
- .nan
- .nan
---
header:
  stamp:
    sec: 1791159292
    nanosec: 532468520
  frame_id: base_link
name:
- joint_x
- joint_y
position:
- 0.0
- 0.0
velocity:
- 0.0
- 0.0
effort:
- .nan
- .nan
---
header:
  stamp:
    sec: 1791159292
    nanosec: 552462771
  frame_id: base_link
name:
- joint_x
- joint_y
position:
- 0.0
- 0.0
velocity:
- 0.0
- 0.0
effort:
- .nan
- .nan
---
header:
  stamp:
    sec: 1791159292
    nanosec: 572475019
  frame_id: base_link
name:
- joint_x
- joint_y
position:
- 0.0
- 0.0
velocity:
- 0.0
- 0.0
effort:
- .nan
- .nan
---
header:
  stamp:
    sec: 1791159292
    nanosec: 592469906
  frame_id: base_link
name:
- joint_x
- joint_y
position:
- 0.0
- 0.0
velocity:
- 0.0
- 0.0
effort:
- .nan
- .nan
---
header:
  stamp:
    sec: 1791159292
    nanosec: 612476461
  frame_id: base_link
name:
- joint_x
- joint_y
position:
- 0.0
- 0.0
velocity:
- 0.0
- 0.0
effort:
- .nan
- .nan
---
header:
  stamp:
    sec: 1791159292
    nanosec: 632493477
  frame_id: base_link
name:
- joint_x
- joint_y
position:
- 0.0
- 0.0
velocity:
- 0.0
- 0.0
effort:
- .nan
- .nan
---
header:
  stamp:
    sec: 1791159292
    nanosec: 652470040
  frame_id: base_link
name:
- joint_x
- joint_y
position:
- 0.0
- 0.0
velocity:
- 0.0
- 0.0
effort:
- .nan
- .nan
---
header:
  stamp:
    sec: 1791159292
    nanosec: 672465444
  frame_id: base_link
name:
- joint_x
- joint_y
position:
- 0.0
- 0.0
velocity:
- 0.0
- 0.0
effort:
- .nan
- .nan
---
header:
  stamp:
    sec: 1791159292
    nanosec: 692463364
  frame_id: base_link
name:
- joint_x
- joint_y
position:
- 0.0
- 0.0
velocity:
- 0.0
- 0.0
effort:
- .nan
- .nan
---
header:
  stamp:
    sec: 1791159292
    nanosec: 712469974
  frame_id: base_link
name:
- joint_x
- joint_y
position:
- 0.0
- 0.0
velocity:
- 0.0
- 0.0
effort:
- .nan
- .nan
---
header:
  stamp:
    sec: 1791159292
    nanosec: 732469726
  frame_id: base_link
name:
- joint_x
- joint_y
position:
- 0.0
- 0.0
velocity:
- 0.0
- 0.0
effort:
- .nan
- .nan
---
header:
  stamp:
    sec: 1791159292
    nanosec: 752463618
  frame_id: base_link
name:
- joint_x
- joint_y
position:
- 0.0
- 0.0
velocity:
- 0.0
- 0.0
effort:
- .nan
- .nan
---
header:
  stamp:
    sec: 1791159292
    nanosec: 772475166
  frame_id: base_link
name:
- joint_x
- joint_y
position:
- 0.0
- 0.0
velocity:
- 0.0
- 0.0
effort:
- .nan
- .nan
---
header:
  stamp:
    sec: 1791159292
    nanosec: 792463964
  frame_id: base_link
name:
- joint_x
- joint_y
position:
- 0.0
- 0.0
velocity:
- 0.0
- 0.0
effort:
- .nan
- .nan
---
header:
  stamp:
    sec: 1791159292
    nanosec: 812467111
  frame_id: base_link
name:
- joint_x
- joint_y
position:
- 0.0
- 0.0
velocity:
- 0.0
- 0.0
effort:
- .nan
- .nan
---
header:
  stamp:
    sec: 1791159292
    nanosec: 832469611
  frame_id: base_link
name:
- joint_x
- joint_y
position:
- 0.0
- 0.0
velocity:
- 0.0
- 0.0
effort:
- .nan
- .nan
---
header:
  stamp:
    sec: 1791159292
    nanosec: 852467692
  frame_id: base_link
name:
- joint_x
- joint_y
position:
- 0.0
- 0.0
velocity:
- 0.0
- 0.0
effort:
- .nan
- .nan
---
header:
  stamp:
    sec: 1791159292
    nanosec: 872472384
  frame_id: base_link
name:
- joint_x
- joint_y
position:
- 0.0
- 0.0
velocity:
- 0.0
- 0.0
effort:
- .nan
- .nan
---
header:
  stamp:
    sec: 1791159292
    nanosec: 892461315
  frame_id: base_link
name:
- joint_x
- joint_y
position:
- 0.0
- 0.0
velocity:
- 0.0
- 0.0
effort:
- .nan
- .nan
---
header:
  stamp:
    sec: 1791159292
    nanosec: 912469904
  frame_id: base_link
name:
- joint_x
- joint_y
position:
- 0.0
- 0.0
velocity:
- 0.0
- 0.0
effort:
- .nan
- .nan
---
header:
  stamp:
    sec: 1791159292
    nanosec: 932464543
  frame_id: base_link
name:
- joint_x
- joint_y
position:
- 0.0
- 0.0
velocity:
- 0.0
- 0.0
effort:
- .nan
- .nan
---
header:
  stamp:
    sec: 1791159292
    nanosec: 952468852
  frame_id: base_link
name:
- joint_x
- joint_y
position:
- 0.0
- 0.0
velocity:
- 0.0
- 0.0
effort:
- .nan
- .nan
---
header:
  stamp:
    sec: 1791159292
    nanosec: 972468548
  frame_id: base_link
name:
- joint_x
- joint_y
position:
- 0.0
- 0.0
velocity:
- 0.0
- 0.0
effort:
- .nan
- .nan
---
header:
  stamp:
    sec: 1791159292
    nanosec: 992479153
  frame_id: base_link
name:
- joint_x
- joint_y
position:
- 0.0
- 0.0
velocity:
- 0.0
- 0.0
effort:
- .nan
- .nan
---
header:
  stamp:
    sec: 1791159293
    nanosec: 12471474
  frame_id: base_link
name:
- joint_x
- joint_y
position:
- 0.0
- 0.0
velocity:
- 0.0
- 0.0
effort:
- .nan
- .nan
---
header:
  stamp:
    sec: 1791159293
    nanosec: 32464230
  frame_id: base_link
name:
- joint_x
- joint_y
position:
- 0.0
- 0.0
velocity:
- 0.0
- 0.0
effort:
- .nan
- .nan
---
header:
  stamp:
    sec: 1791159293
    nanosec: 52464805
  frame_id: base_link
name:
- joint_x
- joint_y
position:
- 0.0
- 0.0
velocity:
- 0.0
- 0.0
effort:
- .nan
- .nan
---
header:
  stamp:
    sec: 1791159293
    nanosec: 72462050
  frame_id: base_link
name:
- joint_x
- joint_y
position:
- 0.0
- 0.0
velocity:
- 0.0
- 0.0
effort:
- .nan
- .nan
---
header:
  stamp:
    sec: 1791159293
    nanosec: 132466980
  frame_id: base_link
name:
- joint_x
- joint_y
position:
- 0.0
- 0.0
velocity:
- 0.0
- 0.0
effort:
- .nan
- .nan
---
header:
  stamp:
    sec: 1791159293
    nanosec: 152464052
  frame_id: base_link
name:
- joint_x
- joint_y
position:
- 0.0
- 0.0
velocity:
- 0.0
- 0.0
effort:
- .nan
- .nan
---
header:
  stamp:
    sec: 1791159293
    nanosec: 272569387
  frame_id: base_link
name:
- joint_x
- joint_y
position:
- 0.0
- 0.0
velocity:
- 0.0
- 0.0
effort:
- .nan
- .nan
---
header:
  stamp:
    sec: 1791159293
    nanosec: 292457047
  frame_id: base_link
name:
- joint_x
- joint_y
position:
- 0.0
- 0.0
velocity:
- 0.0
- 0.0
effort:
- .nan
- .nan
---
header:
  stamp:
    sec: 1791159293
    nanosec: 312455051
  frame_id: base_link
name:
- joint_x
- joint_y
position:
- 0.0
- 0.0
velocity:
- 0.0
- 0.0
effort:
- .nan
- .nan
---
header:
  stamp:
    sec: 1791159293
    nanosec: 332474837
  frame_id: base_link
name:
- joint_x
- joint_y
position:
- 0.0
- 0.0
velocity:
- 0.0
- 0.0
effort:
- .nan
- .nan
---
header:
  stamp:
    sec: 1791159293
    nanosec: 352466831
  frame_id: base_link
name:
- joint_x
- joint_y
position:
- 0.0
- 0.0
velocity:
- 0.0
- 0.0
effort:
- .nan
- .nan
---
header:
  stamp:
    sec: 1791159293
    nanosec: 372459043
  frame_id: base_link
name:
- joint_x
- joint_y
position:
- 0.0
- 0.0
velocity:
- 0.0
- 0.0
effort:
- .nan
- .nan
---
header:
  stamp:
    sec: 1791159293
    nanosec: 392465618
  frame_id: base_link
name:
- joint_x
- joint_y
position:
- 0.0
- 0.0
velocity:
- 0.0
- 0.0
effort:
- .nan
- .nan
---
header:
  stamp:
    sec: 1791159293
    nanosec: 412471647
  frame_id: base_link
name:
- joint_x
- joint_y
position:
- 0.0
- 0.0
velocity:
- 0.0
- 0.0
effort:
- .nan
- .nan
---
header:
  stamp:
    sec: 1791159293
    nanosec: 432460734
  frame_id: base_link
name:
- joint_x
- joint_y
position:
- 0.0
- 0.0
velocity:
- 0.0
- 0.0
effort:
- .nan
- .nan
---
header:
  stamp:
    sec: 1791159293
    nanosec: 452471829
  frame_id: base_link
name:
- joint_x
- joint_y
position:
- 0.0
- 0.0
velocity:
- 0.0
- 0.0
effort:
- .nan
- .nan
---
header:
  stamp:
    sec: 1791159293
    nanosec: 472487978
  frame_id: base_link
name:
- joint_x
- joint_y
position:
- 0.0
- 0.0
velocity:
- 0.0
- 0.0
effort:
- .nan
- .nan
---
header:
  stamp:
    sec: 1791159293
    nanosec: 492474366
  frame_id: base_link
name:
- joint_x
- joint_y
position:
- 0.0
- 0.0
velocity:
- 0.0
- 0.0
effort:
- .nan
- .nan
---
header:
  stamp:
    sec: 1791159293
    nanosec: 512492854
  frame_id: base_link
name:
- joint_x
- joint_y
position:
- 0.0
- 0.0
velocity:
- 0.0
- 0.0
effort:
- .nan
- .nan
---
header:
  stamp:
    sec: 1791159293
    nanosec: 532480013
  frame_id: base_link
name:
- joint_x
- joint_y
position:
- 0.0
- 0.0
velocity:
- 0.0
- 0.0
effort:
- .nan
- .nan
---
header:
  stamp:
    sec: 1791159293
    nanosec: 552490758
  frame_id: base_link
name:
- joint_x
- joint_y
position:
- 0.0
- 0.0
velocity:
- 0.0
- 0.0
effort:
- .nan
- .nan
---
header:
  stamp:
    sec: 1791159293
    nanosec: 572491827
  frame_id: base_link
name:
- joint_x
- joint_y
position:
- 0.0
- 0.0
velocity:
- 0.0
- 0.0
effort:
- .nan
- .nan
---
header:
  stamp:
    sec: 1791159293
    nanosec: 592481935
  frame_id: base_link
name:
- joint_x
- joint_y
position:
- 0.0
- 0.0
velocity:
- 0.0
- 0.0
effort:
- .nan
- .nan
---
header:
  stamp:
    sec: 1791159293
    nanosec: 612486422
  frame_id: base_link
name:
- joint_x
- joint_y
position:
- 0.0
- 0.0
velocity:
- 0.0
- 0.0
effort:
- .nan
- .nan
---
header:
  stamp:
    sec: 1791159293
    nanosec: 632486173
  frame_id: base_link
name:
- joint_x
- joint_y
position:
- 0.0
- 0.0
velocity:
- 0.0
- 0.0
effort:
- .nan
- .nan
---
header:
  stamp:
    sec: 1791159293
    nanosec: 652490541
  frame_id: base_link
name:
- joint_x
- joint_y
position:
- 0.0
- 0.0
velocity:
- 0.0
- 0.0
effort:
- .nan
- .nan
---
header:
  stamp:
    sec: 1791159293
    nanosec: 672492467
  frame_id: base_link
name:
- joint_x
- joint_y
position:
- 0.0
- 0.0
velocity:
- 0.0
- 0.0
effort:
- .nan
- .nan
---
header:
  stamp:
    sec: 1791159293
    nanosec: 692481866
  frame_id: base_link
name:
- joint_x
- joint_y
position:
- 0.0
- 0.0
velocity:
- 0.0
- 0.0
effort:
- .nan
- .nan
---
header:
  stamp:
    sec: 1791159293
    nanosec: 712477731
  frame_id: base_link
name:
- joint_x
- joint_y
position:
- 0.0
- 0.0
velocity:
- 0.0
- 0.0
effort:
- .nan
- .nan
---
header:
  stamp:
    sec: 1791159293
    nanosec: 732482848
  frame_id: base_link
name:
- joint_x
- joint_y
position:
- 0.0
- 0.0
velocity:
- 0.0
- 0.0
effort:
- .nan
- .nan
---
header:
  stamp:
    sec: 1791159293
    nanosec: 752481138
  frame_id: base_link
name:
- joint_x
- joint_y
position:
- 0.0
- 0.0
velocity:
- 0.0
- 0.0
effort:
- .nan
- .nan
---
header:
  stamp:
    sec: 1791159293
    nanosec: 772476273
  frame_id: base_link
name:
- joint_x
- joint_y
position:
- 0.0
- 0.0
velocity:
- 0.0
- 0.0
effort:
- .nan
- .nan
---
header:
  stamp:
    sec: 1791159293
    nanosec: 792484781
  frame_id: base_link
name:
- joint_x
- joint_y
position:
- 0.0
- 0.0
velocity:
- 0.0
- 0.0
effort:
- .nan
- .nan
---
header:
  stamp:
    sec: 1791159293
    nanosec: 812478942
  frame_id: base_link
name:
- joint_x
- joint_y
position:
- 0.0
- 0.0
velocity:
- 0.0
- 0.0
effort:
- .nan
- .nan
---
header:
  stamp:
    sec: 1791159293
    nanosec: 832485426
  frame_id: base_link
name:
- joint_x
- joint_y
position:
- 0.0
- 0.0
velocity:
- 0.0
- 0.0
effort:
- .nan
- .nan
---
header:
  stamp:
    sec: 1791159293
    nanosec: 852487474
  frame_id: base_link
name:
- joint_x
- joint_y
position:
- 0.0
- 0.0
velocity:
- 0.0
- 0.0
effort:
- .nan
- .nan
---
header:
  stamp:
    sec: 1791159293
    nanosec: 872473251
  frame_id: base_link
name:
- joint_x
- joint_y
position:
- 0.0
- 0.0
velocity:
- 0.0
- 0.0
effort:
- .nan
- .nan
---
header:
  stamp:
    sec: 1791159293
    nanosec: 892484422
  frame_id: base_link
name:
- joint_x
- joint_y
position:
- 0.0
- 0.0
velocity:
- 0.0
- 0.0
effort:
- .nan
- .nan
---
header:
  stamp:
    sec: 1791159293
    nanosec: 912472126
  frame_id: base_link
name:
- joint_x
- joint_y
position:
- 0.0
- 0.0
velocity:
- 0.0
- 0.0
effort:
- .nan
- .nan
---
header:
  stamp:
    sec: 1791159293
    nanosec: 932488296
  frame_id: base_link
name:
- joint_x
- joint_y
position:
- 0.0
- 0.0
velocity:
- 0.0
- 0.0
effort:
- .nan
- .nan
---
header:
  stamp:
    sec: 1791159293
    nanosec: 952508988
  frame_id: base_link
name:
- joint_x
- joint_y
position:
- 0.0
- 0.0
velocity:
- 0.0
- 0.0
effort:
- .nan
- .nan
---
header:
  stamp:
    sec: 1791159293
    nanosec: 972487027
  frame_id: base_link
name:
- joint_x
- joint_y
position:
- 0.0
- 0.0
velocity:
- 0.0
- 0.0
effort:
- .nan
- .nan
---
header:
  stamp:
    sec: 1791159293
    nanosec: 992526347
  frame_id: base_link
name:
- joint_x
- joint_y
position:
- 0.0
- 0.0
velocity:
- 0.0
- 0.0
effort:
- .nan
- .nan
---
header:
  stamp:
    sec: 1791159294
    nanosec: 12506731
  frame_id: base_link
name:
- joint_x
- joint_y
position:
- 0.0
- 0.0
velocity:
- 0.0
- 0.0
effort:
- .nan
- .nan
---
header:
  stamp:
    sec: 1791159294
    nanosec: 32508464
  frame_id: base_link
name:
- joint_x
- joint_y
position:
- 0.0
- 0.0
velocity:
- 0.0
- 0.0
effort:
- .nan
- .nan
---
header:
  stamp:
    sec: 1791159294
    nanosec: 52516673
  frame_id: base_link
name:
- joint_x
- joint_y
position:
- 0.0
- 0.0
velocity:
- 0.0
- 0.0
effort:
- .nan
- .nan
---
header:
  stamp:
    sec: 1791159294
    nanosec: 72543813
  frame_id: base_link
name:
- joint_x
- joint_y
position:
- 0.0
- 0.0
velocity:
- 0.0
- 0.0
effort:
- .nan
- .nan
---
header:
  stamp:
    sec: 1791159294
    nanosec: 92475091
  frame_id: base_link
name:
- joint_x
- joint_y
position:
- 0.0
- 0.0
velocity:
- 0.0
- 0.0
effort:
- .nan
- .nan
---
header:
  stamp:
    sec: 1791159294
    nanosec: 112961865
  frame_id: base_link
name:
- joint_x
- joint_y
position:
- 0.0
- 0.0
velocity:
- 0.0
- 0.0
effort:
- .nan
- .nan
---
header:
  stamp:
    sec: 1791159294
    nanosec: 132509987
  frame_id: base_link
name:
- joint_x
- joint_y
position:
- 0.0
- 0.0
velocity:
- 0.0
- 0.0
effort:
- .nan
- .nan
---
header:
  stamp:
    sec: 1791159294
    nanosec: 152939825
  frame_id: base_link
name:
- joint_x
- joint_y
position:
- 0.0
- 0.0
velocity:
- 0.0
- 0.0
effort:
- .nan
- .nan
---
header:
  stamp:
    sec: 1791159294
    nanosec: 172509253
  frame_id: base_link
name:
- joint_x
- joint_y
position:
- 0.0
- 0.0
velocity:
- 0.0
- 0.0
effort:
- .nan
- .nan
---
header:
  stamp:
    sec: 1791159294
    nanosec: 193185033
  frame_id: base_link
name:
- joint_x
- joint_y
position:
- 0.0
- 0.0
velocity:
- 0.0
- 0.0
effort:
- .nan
- .nan
---
header:
  stamp:
    sec: 1791159294
    nanosec: 213948298
  frame_id: base_link
name:
- joint_x
- joint_y
position:
- 0.0
- 0.0
velocity:
- 0.0
- 0.0
effort:
- .nan
- .nan
---
header:
  stamp:
    sec: 1791159294
    nanosec: 232753547
  frame_id: base_link
name:
- joint_x
- joint_y
position:
- 0.0
- 0.0
velocity:
- 0.0
- 0.0
effort:
- .nan
- .nan
---
header:
  stamp:
    sec: 1791159294
    nanosec: 252796155
  frame_id: base_link
name:
- joint_x
- joint_y
position:
- 0.0
- 0.0
velocity:
- 0.0
- 0.0
effort:
- .nan
- .nan
---
header:
  stamp:
    sec: 1791159294
    nanosec: 272493758
  frame_id: base_link
name:
- joint_x
- joint_y
position:
- 0.0
- 0.0
velocity:
- 0.0
- 0.0
effort:
- .nan
- .nan
---
header:
  stamp:
    sec: 1791159294
    nanosec: 292469794
  frame_id: base_link
name:
- joint_x
- joint_y
position:
- 0.0
- 0.0
velocity:
- 0.0
- 0.0
effort:
- .nan
- .nan
---
header:
  stamp:
    sec: 1791159294
    nanosec: 312477463
  frame_id: base_link
name:
- joint_x
- joint_y
position:
- 0.0
- 0.0
velocity:
- 0.0
- 0.0
effort:
- .nan
- .nan
---
header:
  stamp:
    sec: 1791159294
    nanosec: 332493004
  frame_id: base_link
name:
- joint_x
- joint_y
position:
- 0.0
- 0.0
velocity:
- 0.0
- 0.0
effort:
- .nan
- .nan
---
header:
  stamp:
    sec: 1791159294
    nanosec: 352482644
  frame_id: base_link
name:
- joint_x
- joint_y
position:
- 0.0
- 0.0
velocity:
- 0.0
- 0.0
effort:
- .nan
- .nan
---
header:
  stamp:
    sec: 1791159294
    nanosec: 372481040
  frame_id: base_link
name:
- joint_x
- joint_y
position:
- 0.0
- 0.0
velocity:
- 0.0
- 0.0
effort:
- .nan
- .nan
---
header:
  stamp:
    sec: 1791159294
    nanosec: 392489409
  frame_id: base_link
name:
- joint_x
- joint_y
position:
- 0.0
- 0.0
velocity:
- 0.0
- 0.0
effort:
- .nan
- .nan
---
header:
  stamp:
    sec: 1791159294
    nanosec: 412490377
  frame_id: base_link
name:
- joint_x
- joint_y
position:
- 0.0
- 0.0
velocity:
- 0.0
- 0.0
effort:
- .nan
- .nan
---
header:
  stamp:
    sec: 1791159294
    nanosec: 432499490
  frame_id: base_link
name:
- joint_x
- joint_y
position:
- 0.0
- 0.0
velocity:
- 0.0
- 0.0
effort:
- .nan
- .nan
---
header:
  stamp:
    sec: 1791159294
    nanosec: 452472291
  frame_id: base_link
name:
- joint_x
- joint_y
position:
- 6.24999984211172e-06
- 6.24999984211172e-06
velocity:
- 0.00029761905898340046
- 0.00029761905898340046
effort:
- .nan
- .nan
---
header:
  stamp:
    sec: 1791159294
    nanosec: 472471926
  frame_id: base_link
name:
- joint_x
- joint_y
position:
- 3.125000148429535e-05
- 3.125000148429535e-05
velocity:
- 0.0012499999720603228
- 0.0009374999790452421
effort:
- .nan
- .nan
---
header:
  stamp:
    sec: 1791159294
    nanosec: 492479167
  frame_id: base_link
name:
- joint_x
- joint_y
position:
- 6.874999962747097e-05
- 6.874999962747097e-05
velocity:
- 0.0018749999580904841
- 0.0021875000093132257
effort:
- .nan
- .nan
---
header:
  stamp:
    sec: 1791159294
    nanosec: 512497815
  frame_id: base_link
name:
- joint_x
- joint_y
position:
- 0.0001250000059371814
- 0.0001250000059371814
velocity:
- 0.002812500111758709
- 0.002812500111758709
effort:
- .nan
- .nan
---
header:
  stamp:
    sec: 1791159294
    nanosec: 532494922
  frame_id: base_link
name:
- joint_x
- joint_y
position:
- 0.00019999999494757503
- 0.00019999999494757503
velocity:
- 0.0037499999161809683
- 0.0034374999813735485
effort:
- .nan
- .nan
---
header:
  stamp:
    sec: 1791159294
    nanosec: 552498584
  frame_id: base_link
name:
- joint_x
- joint_y
position:
- 0.00028750000637955964
- 0.00028750000637955964
velocity:
- 0.004062499850988388
- 0.0043750000186264515
effort:
- .nan
- .nan
---
header:
  stamp:
    sec: 1791159294
    nanosec: 572476705
  frame_id: base_link
name:
- joint_x
- joint_y
position:
- 0.0003937500005122274
- 0.00038750001112930477
velocity:
- 0.005625000223517418
- 0.0053125000558793545
effort:
- .nan
- .nan
---
header:
  stamp:
    sec: 1791159294
    nanosec: 592493908
  frame_id: base_link
name:
- joint_x
- joint_y
position:
- 0.000631249975413084
- 0.000631249975413084
velocity:
- 0.0062500000931322575
- 0.0062500000931322575
effort:
- .nan
- .nan
---
header:
  stamp:
    sec: 1791159294
    nanosec: 612484326
  frame_id: base_link
name:
- joint_x
- joint_y
position:
- 0.0007750000222586095
- 0.0007750000222586095
velocity:
- 0.0071875001303851604
- 0.0071875001303851604
effort:
- .nan
- .nan
---
header:
  stamp:
    sec: 1791159294
    nanosec: 632481976
  frame_id: base_link
name:
- joint_x
- joint_y
position:
- 0.0009374999790452421
- 0.0009374999790452421
velocity:
- 0.008124999701976776
- 0.008124999701976776
effort:
- .nan
- .nan
---
header:
  stamp:
    sec: 1791159294
    nanosec: 652486678
  frame_id: base_link
name:
- joint_x
- joint_y
position:
- 0.0010999999940395355
- 0.0010999999940395355
velocity:
- 0.008124999701976776
- 0.008124999701976776
effort:
- .nan
- .nan
---
header:
  stamp:
    sec: 1791159294
    nanosec: 672474819
  frame_id: base_link
name:
- joint_x
- joint_y
position:
- 0.0012812500353902578
- 0.0012812500353902578
velocity:
- 0.008750000037252903
- 0.009062499739229679
effort:
- .nan
- .nan
---
header:
  stamp:
    sec: 1791159294
    nanosec: 692499797
  frame_id: base_link
name:
- joint_x
- joint_y
position:
- 0.001468749949708581
- 0.001468749949708581
velocity:
- 0.009687500074505806
- 0.00937500037252903
effort:
- .nan
- .nan
---
header:
  stamp:
    sec: 1791159294
    nanosec: 712527406
  frame_id: base_link
name:
- joint_x
- joint_y
position:
- 0.0016687499592080712
- 0.0016687499592080712
velocity:
- 0.009687500074505806
- 0.009687500074505806
effort:
- .nan
- .nan
---
header:
  stamp:
    sec: 1791159294
    nanosec: 732570973
  frame_id: base_link
name:
- joint_x
- joint_y
position:
- 0.0018875000532716513
- 0.0018875000532716513
velocity:
- 0.010714286006987095
- 0.010714286006987095
effort:
- .nan
- .nan
---
header:
  stamp:
    sec: 1791159294
    nanosec: 752513008
  frame_id: base_link
name:
- joint_x
- joint_y
position:
- 0.0021187500096857548
- 0.0021187500096857548
velocity:
- 0.011562500149011612
- 0.011562500149011612
effort:
- .nan
- .nan
---
header:
  stamp:
    sec: 1791159294
    nanosec: 772501179
  frame_id: base_link
name:
- joint_x
- joint_y
position:
- 0.0025875000283122063
- 0.0025875000283122063
velocity:
- 0.011874999850988388
- 0.011874999850988388
effort:
- .nan
- .nan
---
header:
  stamp:
    sec: 1791159294
    nanosec: 792515878
  frame_id: base_link
name:
- joint_x
- joint_y
position:
- 0.0028375000692903996
- 0.0028375000692903996
velocity:
- 0.012500000186264515
- 0.012500000186264515
effort:
- .nan
- .nan
---
header:
  stamp:
    sec: 1791159294
    nanosec: 812520040
  frame_id: base_link
name:
- joint_x
- joint_y
position:
- 0.003106249962002039
- 0.003106249962002039
velocity:
- 0.013437500223517418
- 0.013437500223517418
effort:
- .nan
- .nan
---
header:
  stamp:
    sec: 1791159294
    nanosec: 832476305
  frame_id: base_link
name:
- joint_x
- joint_y
position:
- 0.003375000087544322
- 0.003375000087544322
velocity:
- 0.013437500223517418
- 0.013437500223517418
effort:
- .nan
- .nan
---
header:
  stamp:
    sec: 1791159294
    nanosec: 852471588
  frame_id: base_link
name:
- joint_x
- joint_y
position:
- 0.003650000086054206
- 0.003650000086054206
velocity:
- 0.013749999925494194
- 0.013749999925494194
effort:
- .nan
- .nan
---
header:
  stamp:
    sec: 1791159294
    nanosec: 872472373
  frame_id: base_link
name:
- joint_x
- joint_y
position:
- 0.003931249957531691
- 0.003931249957531691
velocity:
- 0.01406249962747097
- 0.01406249962747097
effort:
- .nan
- .nan
---
header:
  stamp:
    sec: 1791159294
    nanosec: 892486262
  frame_id: base_link
name:
- joint_x
- joint_y
position:
- 0.004224999807775021
- 0.004224999807775021
velocity:
- 0.014687499962747097
- 0.014375000260770321
effort:
- .nan
- .nan
---
header:
  stamp:
    sec: 1791159294
    nanosec: 912494857
  frame_id: base_link
name:
- joint_x
- joint_y
position:
- 0.004537499975413084
- 0.004537499975413084
velocity:
- 0.015625
- 0.015625
effort:
- .nan
- .nan
---
header:
  stamp:
    sec: 1791159294
    nanosec: 932494106
  frame_id: base_link
name:
- joint_x
- joint_y
position:
- 0.004843750037252903
- 0.004843750037252903
velocity:
- 0.015312500298023224
- 0.015312500298023224
effort:
- .nan
- .nan
---
header:
  stamp:
    sec: 1791159294
    nanosec: 952495775
  frame_id: base_link
name:
- joint_x
- joint_y
position:
- 0.0054687499068677425
- 0.0054687499068677425
velocity:
- 0.015625
- 0.015625
effort:
- .nan
- .nan
---
header:
  stamp:
    sec: 1791159294
    nanosec: 972516478
  frame_id: base_link
name:
- joint_x
- joint_y
position:
- 0.005812500137835741
- 0.005812500137835741
velocity:
- 0.01718750037252903
- 0.01718750037252903
effort:
- .nan
- .nan
---
header:
  stamp:
    sec: 1791159294
    nanosec: 992496267
  frame_id: base_link
name:
- joint_x
- joint_y
position:
- 0.006149999797344208
- 0.006143750157207251
velocity:
- 0.01656249910593033
- 0.01656249910593033
effort:
- .nan
- .nan
---
header:
  stamp:
    sec: 1791159295
    nanosec: 12490896
  frame_id: base_link
name:
- joint_x
- joint_y
position:
- 0.006487499922513962
- 0.006487499922513962
velocity:
- 0.016875000670552254
- 0.016875000670552254
effort:
- .nan
- .nan
---
header:
  stamp:
    sec: 1791159295
    nanosec: 32492212
  frame_id: base_link
name:
- joint_x
- joint_y
position:
- 0.00683125015348196
- 0.00683125015348196
velocity:
- 0.017500000074505806
- 0.01718750037252903
effort:
- .nan
- .nan
---
header:
  stamp:
    sec: 1791159295
    nanosec: 52492529
  frame_id: base_link
name:
- joint_x
- joint_y
position:
- 0.007181250024586916
- 0.007181250024586916
velocity:
- 0.017500000074505806
- 0.017500000074505806
effort:
- .nan
- .nan
---
header:
  stamp:
    sec: 1791159295
    nanosec: 72474180
  frame_id: base_link
name:
- joint_x
- joint_y
position:
- 0.007556249853223562
- 0.007550000213086605
velocity:
- 0.01785714365541935
- 0.01785714365541935
effort:
- .nan
- .nan
---
header:
  stamp:
    sec: 1791159295
    nanosec: 92481702
  frame_id: base_link
name:
- joint_x
- joint_y
position:
- 0.007931250147521496
- 0.007931250147521496
velocity:
- 0.01875000074505806
- 0.019062500447034836
effort:
- .nan
- .nan
---
header:
  stamp:
    sec: 1791159295
    nanosec: 112479560
  frame_id: base_link
name:
- joint_x
- joint_y
position:
- 0.008299999870359898
- 0.008293749764561653
velocity:
- 0.018437499180436134
- 0.018124999478459358
effort:
- .nan
- .nan
---
header:
  stamp:
    sec: 1791159295
    nanosec: 132482653
  frame_id: base_link
name:
- joint_x
- joint_y
position:
- 0.0086687495931983
- 0.00866250041872263
velocity:
- 0.018437499180436134
- 0.018437499180436134
effort:
- .nan
- .nan
---
header:
  stamp:
    sec: 1791159295
    nanosec: 152451446
  frame_id: base_link
name:
- joint_x
- joint_y
position:
- 0.009456249885261059
- 0.009449999779462814
velocity:
- 0.019687499850988388
- 0.019687499850988388
effort:
- .nan
- .nan
---
header:
  stamp:
    sec: 1791159295
    nanosec: 172491672
  frame_id: base_link
name:
- joint_x
- joint_y
position:
- 0.00983749981969595
- 0.009831249713897705
velocity:
- 0.019375000149011612
- 0.019062500447034836
effort:
- .nan
- .nan
---
header:
  stamp:
    sec: 1791159295
    nanosec: 192483347
  frame_id: base_link
name:
- joint_x
- joint_y
position:
- 0.01021874975413084
- 0.01021874975413084
velocity:
- 0.019062500447034836
- 0.019375000149011612
effort:
- .nan
- .nan
---
header:
  stamp:
    sec: 1791159295
    nanosec: 212482963
  frame_id: base_link
name:
- joint_x
- joint_y
position:
- 0.010606249794363976
- 0.010606249794363976
velocity:
- 0.019375000149011612
- 0.019375000149011612
effort:
- .nan
- .nan
---
header:
  stamp:
    sec: 1791159295
    nanosec: 232438608
  frame_id: base_link
name:
- joint_x
- joint_y
position:
- 0.010999999940395355
- 0.010999999940395355
velocity:
- 0.019687499850988388
- 0.019687499850988388
effort:
- .nan
- .nan
---
header:
  stamp:
    sec: 1791159295
    nanosec: 252449995
  frame_id: base_link
name:
- joint_x
- joint_y
position:
- 0.011393750086426735
- 0.011393750086426735
velocity:
- 0.019687499850988388
- 0.019687499850988388
effort:
- .nan
- .nan
---
header:
  stamp:
    sec: 1791159295
    nanosec: 272458566
  frame_id: base_link
name:
- joint_x
- joint_y
position:
- 0.011806249618530273
- 0.011806249618530273
velocity:
- 0.020625000819563866
- 0.020625000819563866
effort:
- .nan
- .nan
---
header:
  stamp:
    sec: 1791159295
    nanosec: 292483256
  frame_id: base_link
name:
- joint_x
- joint_y
position:
- 0.012206249870359898
- 0.012206249870359898
velocity:
- 0.019999999552965164
- 0.019999999552965164
effort:
- .nan
- .nan
---
header:
  stamp:
    sec: 1791159295
    nanosec: 312443721
  frame_id: base_link
name:
- joint_x
- joint_y
position:
- 0.012606250122189522
- 0.012600000016391277
velocity:
- 0.019999999552965164
- 0.019687499850988388
effort:
- .nan
- .nan
---
header:
  stamp:
    sec: 1791159295
    nanosec: 332449878
  frame_id: base_link
name:
- joint_x
- joint_y
position:
- 0.013418749906122684
- 0.013418749906122684
velocity:
- 0.020937500521540642
- 0.020937500521540642
effort:
- .nan
- .nan
---
header:
  stamp:
    sec: 1791159295
    nanosec: 352475872
  frame_id: base_link
name:
- joint_x
- joint_y
position:
- 0.013818750157952309
- 0.013818750157952309
velocity:
- 0.019999999552965164
- 0.019999999552965164
effort:
- .nan
- .nan
---
header:
  stamp:
    sec: 1791159295
    nanosec: 372439057
  frame_id: base_link
name:
- joint_x
- joint_y
position:
- 0.014224999584257603
- 0.014224999584257603
velocity:
- 0.02031249925494194
- 0.02031249925494194
effort:
- .nan
- .nan
---
header:
  stamp:
    sec: 1791159295
    nanosec: 392439394
  frame_id: base_link
name:
- joint_x
- joint_y
position:
- 0.014631249941885471
- 0.014631249941885471
velocity:
- 0.02031249925494194
- 0.019999999552965164
effort:
- .nan
- .nan
---
header:
  stamp:
    sec: 1791159295
    nanosec: 412444419
  frame_id: base_link
name:
- joint_x
- joint_y
position:
- 0.015031250193715096
- 0.015031250193715096
velocity:
- 0.019999999552965164
- 0.02031249925494194
effort:
- .nan
- .nan
---
header:
  stamp:
    sec: 1791159295
    nanosec: 432454726
  frame_id: base_link
name:
- joint_x
- joint_y
position:
- 0.015462500043213367
- 0.015456249937415123
velocity:
- 0.021250000223517418
- 0.021250000223517418
effort:
- .nan
- .nan
---
header:
  stamp:
    sec: 1791159295
    nanosec: 452447374
  frame_id: base_link
name:
- joint_x
- joint_y
position:
- 0.01586250029504299
- 0.01586250029504299
velocity:
- 0.02031249925494194
- 0.019999999552965164
effort:
- .nan
- .nan
---
header:
  stamp:
    sec: 1791159295
    nanosec: 472457444
  frame_id: base_link
name:
- joint_x
- joint_y
position:
- 0.01626875065267086
- 0.01626875065267086
velocity:
- 0.019999999552965164
- 0.02031249925494194
effort:
- .nan
- .nan
---
header:
  stamp:
    sec: 1791159295
    nanosec: 492456717
  frame_id: base_link
name:
- joint_x
- joint_y
position:
- 0.01666874997317791
- 0.01666874997317791
velocity:
- 0.019999999552965164
- 0.019999999552965164
effort:
- .nan
- .nan
---
header:
  stamp:
    sec: 1791159295
    nanosec: 512450105
  frame_id: base_link
name:
- joint_x
- joint_y
position:
- 0.017487499862909317
- 0.017481250688433647
velocity:
- 0.020625000819563866
- 0.020937500521540642
effort:
- .nan
- .nan
---
header:
  stamp:
    sec: 1791159295
    nanosec: 532445964
  frame_id: base_link
name:
- joint_x
- joint_y
position:
- 0.017887499183416367
- 0.017881250008940697
velocity:
- 0.019999999552965164
- 0.019999999552965164
effort:
- .nan
- .nan
---
header:
  stamp:
    sec: 1791159295
    nanosec: 552447788
  frame_id: base_link
name:
- joint_x
- joint_y
position:
- 0.018281249329447746
- 0.018281249329447746
velocity:
- 0.019999999552965164
- 0.019687499850988388
effort:
- .nan
- .nan
---
header:
  stamp:
    sec: 1791159295
    nanosec: 572474113
  frame_id: base_link
name:
- joint_x
- joint_y
position:
- 0.018674999475479126
- 0.018674999475479126
velocity:
- 0.019687499850988388
- 0.019687499850988388
effort:
- .nan
- .nan
---
header:
  stamp:
    sec: 1791159295
    nanosec: 592445572
  frame_id: base_link
name:
- joint_x
- joint_y
position:
- 0.019087500870227814
- 0.019087500870227814
velocity:
- 0.01964285783469677
- 0.01994047686457634
effort:
- .nan
- .nan
---
header:
  stamp:
    sec: 1791159295
    nanosec: 612452068
  frame_id: base_link
name:
- joint_x
- joint_y
position:
- 0.019500000402331352
- 0.019493749365210533
velocity:
- 0.020625000819563866
- 0.02031249925494194
effort:
- .nan
- .nan
---
header:
  stamp:
    sec: 1791159295
    nanosec: 632448819
  frame_id: base_link
name:
- joint_x
- joint_y
position:
- 0.019881250336766243
- 0.019881250336766243
velocity:
- 0.019062500447034836
- 0.019375000149011612
effort:
- .nan
- .nan
---
header:
  stamp:
    sec: 1791159295
    nanosec: 652454418
  frame_id: base_link
name:
- joint_x
- joint_y
position:
- 0.020262500271201134
- 0.020268749445676804
velocity:
- 0.019062500447034836
- 0.019062500447034836
effort:
- .nan
- .nan
---
header:
  stamp:
    sec: 1791159295
    nanosec: 672450597
  frame_id: base_link
name:
- joint_x
- joint_y
position:
- 0.020643750205636024
- 0.020643750205636024
velocity:
- 0.019062500447034836
- 0.019062500447034836
effort:
- .nan
- .nan
---
header:
  stamp:
    sec: 1791159295
    nanosec: 692456345
  frame_id: base_link
name:
- joint_x
- joint_y
position:
- 0.021018749102950096
- 0.021025000140070915
velocity:
- 0.01875000074505806
- 0.01875000074505806
effort:
- .nan
- .nan
---
header:
  stamp:
    sec: 1791159295
    nanosec: 712461301
  frame_id: base_link
name:
- joint_x
- joint_y
position:
- 0.021774999797344208
- 0.021774999797344208
velocity:
- 0.018437499180436134
- 0.018437499180436134
effort:
- .nan
- .nan
---
header:
  stamp:
    sec: 1791159295
    nanosec: 732459055
  frame_id: base_link
name:
- joint_x
- joint_y
position:
- 0.02214374952018261
- 0.02213750034570694
velocity:
- 0.018124999478459358
- 0.018124999478459358
effort:
- .nan
- .nan
---
header:
  stamp:
    sec: 1791159295
    nanosec: 752453935
  frame_id: base_link
name:
- joint_x
- joint_y
position:
- 0.02250000089406967
- 0.02250000089406967
velocity:
- 0.017812499776482582
- 0.017812499776482582
effort:
- .nan
- .nan
---
header:
  stamp:
    sec: 1791159295
    nanosec: 772460773
  frame_id: base_link
name:
- joint_x
- joint_y
position:
- 0.022868750616908073
- 0.022868750616908073
velocity:
- 0.01875000074505806
- 0.01875000074505806
effort:
- .nan
- .nan
---
header:
  stamp:
    sec: 1791159295
    nanosec: 792457507
  frame_id: base_link
name:
- joint_x
- joint_y
position:
- 0.023218749091029167
- 0.023218749091029167
velocity:
- 0.017500000074505806
- 0.017500000074505806
effort:
- .nan
- .nan
---
header:
  stamp:
    sec: 1791159295
    nanosec: 812464991
  frame_id: base_link
name:
- joint_x
- joint_y
position:
- 0.02356250025331974
- 0.02356250025331974
velocity:
- 0.01718750037252903
- 0.01718750037252903
effort:
- .nan
- .nan
---
header:
  stamp:
    sec: 1791159295
    nanosec: 832474787
  frame_id: base_link
name:
- joint_x
- joint_y
position:
- 0.023900000378489494
- 0.023900000378489494
velocity:
- 0.01656249910593033
- 0.016875000670552254
effort:
- .nan
- .nan
---
header:
  stamp:
    sec: 1791159295
    nanosec: 852487126
  frame_id: base_link
name:
- joint_x
- joint_y
position:
- 0.02423124946653843
- 0.02423124946653843
velocity:
- 0.01656249910593033
- 0.01656249910593033
effort:
- .nan
- .nan
---
header:
  stamp:
    sec: 1791159295
    nanosec: 872469588
  frame_id: base_link
name:
- joint_x
- joint_y
position:
- 0.024575000628829002
- 0.024568749591708183
velocity:
- 0.01666666753590107
- 0.01607142947614193
effort:
- .nan
- .nan
---
header:
  stamp:
    sec: 1791159295
    nanosec: 892466033
  frame_id: base_link
name:
- joint_x
- joint_y
position:
- 0.025212500244379044
- 0.025212500244379044
velocity:
- 0.015312500298023224
- 0.015312500298023224
effort:
- .nan
- .nan
---
header:
  stamp:
    sec: 1791159295
    nanosec: 912471163
  frame_id: base_link
name:
- joint_x
- joint_y
position:
- 0.02551875077188015
- 0.02551249973475933
velocity:
- 0.015312500298023224
- 0.014999999664723873
effort:
- .nan
- .nan
---
header:
  stamp:
    sec: 1791159295
    nanosec: 932491388
  frame_id: base_link
name:
- joint_x
- joint_y
position:
- 0.025812499225139618
- 0.025812499225139618
velocity:
- 0.014687499962747097
- 0.014999999664723873
effort:
- .nan
- .nan
---
header:
  stamp:
    sec: 1791159295
    nanosec: 952481321
  frame_id: base_link
name:
- joint_x
- joint_y
position:
- 0.026118749752640724
- 0.026118749752640724
velocity:
- 0.015312500298023224
- 0.015312500298023224
effort:
- .nan
- .nan
---
header:
  stamp:
    sec: 1791159295
    nanosec: 972477089
  frame_id: base_link
name:
- joint_x
- joint_y
position:
- 0.026399999856948853
- 0.026399999856948853
velocity:
- 0.01406249962747097
- 0.01406249962747097
effort:
- .nan
- .nan
---
header:
  stamp:
    sec: 1791159295
    nanosec: 992503437
  frame_id: base_link
name:
- joint_x
- joint_y
position:
- 0.02667500078678131
- 0.02667500078678131
velocity:
- 0.013749999925494194
- 0.013437500223517418
effort:
- .nan
- .nan
---
header:
  stamp:
    sec: 1791159296
    nanosec: 12459260
  frame_id: base_link
name:
- joint_x
- joint_y
position:
- 0.02694375067949295
- 0.02693749964237213
velocity:
- 0.013124999590218067
- 0.013437500223517418
effort:
- .nan
- .nan
---
header:
  stamp:
    sec: 1791159296
    nanosec: 32473048
  frame_id: base_link
name:
- joint_x
- joint_y
position:
- 0.027193749323487282
- 0.027193749323487282
velocity:
- 0.012812499888241291
- 0.012812499888241291
effort:
- .nan
- .nan
---
header:
  stamp:
    sec: 1791159296
    nanosec: 52473660
  frame_id: base_link
name:
- joint_x
- joint_y
position:
- 0.02745625004172325
- 0.02745625004172325
velocity:
- 0.013124999590218067
- 0.013124999590218067
effort:
- .nan
- .nan
---
header:
  stamp:
    sec: 1791159296
    nanosec: 72481581
  frame_id: base_link
name:
- joint_x
- joint_y
position:
- 0.027918750420212746
- 0.027918750420212746
velocity:
- 0.011250000447034836
- 0.011250000447034836
effort:
- .nan
- .nan
---
header:
  stamp:
    sec: 1791159296
    nanosec: 92470737
  frame_id: base_link
name:
- joint_x
- joint_y
position:
- 0.02813749946653843
- 0.02813749946653843
velocity:
- 0.010937499813735485
- 0.010937499813735485
effort:
- .nan
- .nan
---
header:
  stamp:
    sec: 1791159296
    nanosec: 112471890
  frame_id: base_link
name:
- joint_x
- joint_y
position:
- 0.028356250375509262
- 0.028356250375509262
velocity:
- 0.010416666977107525
- 0.010416666977107525
effort:
- .nan
- .nan
---
header:
  stamp:
    sec: 1791159296
    nanosec: 132483013
  frame_id: base_link
name:
- joint_x
- joint_y
position:
- 0.028568750247359276
- 0.028568750247359276
velocity:
- 0.010625000111758709
- 0.010625000111758709
effort:
- .nan
- .nan
---
header:
  stamp:
    sec: 1791159296
    nanosec: 152481086
  frame_id: base_link
name:
- joint_x
- joint_y
position:
- 0.02875624969601631
- 0.02875624969601631
velocity:
- 0.00937500037252903
- 0.00937500037252903
effort:
- .nan
- .nan
---
header:
  stamp:
    sec: 1791159296
    nanosec: 172479154
  frame_id: base_link
name:
- joint_x
- joint_y
position:
- 0.028931250795722008
- 0.028931250795722008
velocity:
- 0.008750000037252903
- 0.008750000037252903
effort:
- .nan
- .nan
---
header:
  stamp:
    sec: 1791159296
    nanosec: 192476339
  frame_id: base_link
name:
- joint_x
- joint_y
position:
- 0.029100000858306885
- 0.029093749821186066
velocity:
- 0.008437500335276127
- 0.008124999701976776
effort:
- .nan
- .nan
---
header:
  stamp:
    sec: 1791159296
    nanosec: 212487371
  frame_id: base_link
name:
- joint_x
- joint_y
position:
- 0.029249999672174454
- 0.029249999672174454
velocity:
- 0.007499999832361937
- 0.0078125
effort:
- .nan
- .nan
---
header:
  stamp:
    sec: 1791159296
    nanosec: 232487610
  frame_id: base_link
name:
- joint_x
- joint_y
position:
- 0.029406249523162842
- 0.029406249523162842
velocity:
- 0.0078125
- 0.0078125
effort:
- .nan
- .nan
---
header:
  stamp:
    sec: 1791159296
    nanosec: 252493604
  frame_id: base_link
name:
- joint_x
- joint_y
position:
- 0.029656250029802322
- 0.029650000855326653
velocity:
- 0.005937499925494194
- 0.005625000223517418
effort:
- .nan
- .nan
---
header:
  stamp:
    sec: 1791159296
    nanosec: 272499065
  frame_id: base_link
name:
- joint_x
- joint_y
position:
- 0.029762500897049904
- 0.029762500897049904
velocity:
- 0.0053125000558793545
- 0.005625000223517418
effort:
- .nan
- .nan
---
header:
  stamp:
    sec: 1791159296
    nanosec: 292490943
  frame_id: base_link
name:
- joint_x
- joint_y
position:
- 0.029862500727176666
- 0.029856249690055847
velocity:
- 0.004999999888241291
- 0.004687500186264515
effort:
- .nan
- .nan
---
header:
  stamp:
    sec: 1791159296
    nanosec: 312483879
  frame_id: base_link
name:
- joint_x
- joint_y
position:
- 0.02994374930858612
- 0.02994374930858612
velocity:
- 0.004062499850988388
- 0.004062499850988388
effort:
- .nan
- .nan
---
header:
  stamp:
    sec: 1791159296
    nanosec: 332496465
  frame_id: base_link
name:
- joint_x
- joint_y
position:
- 0.030012499541044235
- 0.030006250366568565
velocity:
- 0.0034374999813735485
- 0.0034374999813735485
effort:
- .nan
- .nan
---
header:
  stamp:
    sec: 1791159296
    nanosec: 352445180
  frame_id: base_link
name:
- joint_x
- joint_y
position:
- 0.03006250038743019
- 0.03006250038743019
velocity:
- 0.0024999999441206455
- 0.002812500111758709
effort:
- .nan
- .nan
---
header:
  stamp:
    sec: 1791159296
    nanosec: 372452730
  frame_id: base_link
name:
- joint_x
- joint_y
position:
- 0.030106250196695328
- 0.030106250196695328
velocity:
- 0.0021875000093132257
- 0.0021875000093132257
effort:
- .nan
- .nan
---
header:
  stamp:
    sec: 1791159296
    nanosec: 392460980
  frame_id: base_link
name:
- joint_x
- joint_y
position:
- 0.030137499794363976
- 0.030137499794363976
velocity:
- 0.0015625000232830644
- 0.0015625000232830644
effort:
- .nan
- .nan
---
header:
  stamp:
    sec: 1791159296
    nanosec: 412485133
  frame_id: base_link
name:
- joint_x
- joint_y
position:
- 0.030150000005960464
- 0.030150000005960464
velocity:
- 0.0006249999860301614
- 0.0006249999860301614
effort:
- .nan
- .nan
---
header:
  stamp:
    sec: 1791159296
    nanosec: 432497680
  frame_id: base_link
name:
- joint_x
- joint_y
position:
- 0.030131250619888306
- 0.030143750831484795
velocity:
- -0.0009374999790452421
- -0.0006249999860301614
effort:
- .nan
- .nan
---
header:
  stamp:
    sec: 1791159296
    nanosec: 452482933
  frame_id: base_link
name:
- joint_x
- joint_y
position:
- 0.03009999915957451
- 0.030112499371170998
velocity:
- -0.0015625000232830644
- -0.0015625000232830644
effort:
- .nan
- .nan
---
header:
  stamp:
    sec: 1791159296
    nanosec: 472495269
  frame_id: base_link
name:
- joint_x
- joint_y
position:
- 0.030056249350309372
- 0.03006250038743019
velocity:
- -0.0021875000093132257
- -0.0024999999441206455
effort:
- .nan
- .nan
---
header:
  stamp:
    sec: 1791159296
    nanosec: 492488648
  frame_id: base_link
name:
- joint_x
- joint_y
position:
- 0.029999999329447746
- 0.030006250366568565
velocity:
- -0.002812500111758709
- -0.002812500111758709
effort:
- .nan
- .nan
---
header:
  stamp:
    sec: 1791159296
    nanosec: 512490340
  frame_id: base_link
name:
- joint_x
- joint_y
position:
- 0.029924999922513962
- 0.02993124909698963
velocity:
- -0.0037499999161809683
- -0.0037499999161809683
effort:
- .nan
- .nan
---
header:
  stamp:
    sec: 1791159296
    nanosec: 532492396
  frame_id: base_link
name:
- joint_x
- joint_y
position:
- 0.02983750030398369
- 0.029843749478459358
velocity:
- -0.0043750000186264515
- -0.0043750000186264515
effort:
- .nan
- .nan
---
header:
  stamp:
    sec: 1791159296
    nanosec: 552504944
  frame_id: base_link
name:
- joint_x
- joint_y
position:
- 0.029737500473856926
- 0.029737500473856926
velocity:
- -0.004999999888241291
- -0.0053125000558793545
effort:
- .nan
- .nan
---
header:
  stamp:
    sec: 1791159296
    nanosec: 572483940
  frame_id: base_link
name:
- joint_x
- joint_y
position:
- 0.029625000432133675
- 0.029625000432133675
velocity:
- -0.005625000223517418
- -0.005625000223517418
effort:
- .nan
- .nan
---
header:
  stamp:
    sec: 1791159296
    nanosec: 592482768
  frame_id: base_link
name:
- joint_x
- joint_y
position:
- 0.029500000178813934
- 0.029506249353289604
velocity:
- -0.0062500000931322575
- -0.005937499925494194
effort:
- .nan
- .nan
---
header:
  stamp:
    sec: 1791159296
    nanosec: 612493698
  frame_id: base_link
name:
- joint_x
- joint_y
position:
- 0.029368750751018524
- 0.029368750751018524
velocity:
- -0.006562499795109034
- -0.006874999962747097
effort:
- .nan
- .nan
---
header:
  stamp:
    sec: 1791159296
    nanosec: 632491404
  frame_id: base_link
name:
- joint_x
- joint_y
position:
- 0.02904375083744526
- 0.02904375083744526
velocity:
- -0.008437500335276127
- -0.008437500335276127
effort:
- .nan
- .nan
---
header:
  stamp:
    sec: 1791159296
    nanosec: 652494746
  frame_id: base_link
name:
- joint_x
- joint_y
position:
- 0.028868749737739563
- 0.028868749737739563
velocity:
- -0.008750000037252903
- -0.008437500335276127
effort:
- .nan
- .nan
---
header:
  stamp:
    sec: 1791159296
    nanosec: 672501131
  frame_id: base_link
name:
- joint_x
- joint_y
position:
- 0.028687499463558197
- 0.028687499463558197
velocity:
- -0.009062499739229679
- -0.00937500037252903
effort:
- .nan
- .nan
---
header:
  stamp:
    sec: 1791159296
    nanosec: 692492441
  frame_id: base_link
name:
- joint_x
- joint_y
position:
- 0.02849375084042549
- 0.02849375084042549
velocity:
- -0.009687500074505806
- -0.00937500037252903
effort:
- .nan
- .nan
---
header:
  stamp:
    sec: 1791159296
    nanosec: 712482961
  frame_id: base_link
name:
- joint_x
- joint_y
position:
- 0.028293749317526817
- 0.028293749317526817
velocity:
- -0.009999999776482582
- -0.010312500409781933
effort:
- .nan
- .nan
---
header:
  stamp:
    sec: 1791159296
    nanosec: 732486390
  frame_id: base_link
name:
- joint_x
- joint_y
position:
- 0.028068749234080315
- 0.028068749234080315
velocity:
- -0.011250000447034836
- -0.011250000447034836
effort:
- .nan
- .nan
---
header:
  stamp:
    sec: 1791159296
    nanosec: 752484582
  frame_id: base_link
name:
- joint_x
- joint_y
position:
- 0.027843749150633812
- 0.027843749150633812
velocity:
- -0.010937499813735485
- -0.011250000447034836
effort:
- .nan
- .nan
---
header:
  stamp:
    sec: 1791159296
    nanosec: 772475381
  frame_id: base_link
name:
- joint_x
- joint_y
position:
- 0.02761249989271164
- 0.02761249989271164
velocity:
- -0.011874999850988388
- -0.011562500149011612
effort:
- .nan
- .nan
---
header:
  stamp:
    sec: 1791159296
    nanosec: 792492961
  frame_id: base_link
name:
- joint_x
- joint_y
position:
- 0.027368750423192978
- 0.027368750423192978
velocity:
- -0.012187499552965164
- -0.012187499552965164
effort:
- .nan
- .nan
---
header:
  stamp:
    sec: 1791159296
    nanosec: 812490432
  frame_id: base_link
name:
- joint_x
- joint_y
position:
- 0.02710624970495701
- 0.02710624970495701
velocity:
- -0.012500000186264515
- -0.012500000186264515
effort:
- .nan
- .nan
---
header:
  stamp:
    sec: 1791159296
    nanosec: 832493336
  frame_id: base_link
name:
- joint_x
- joint_y
position:
- 0.02656874991953373
- 0.02656874991953373
velocity:
- -0.013437500223517418
- -0.013437500223517418
effort:
- .nan
- .nan
---
header:
  stamp:
    sec: 1791159296
    nanosec: 852494366
  frame_id: base_link
name:
- joint_x
- joint_y
position:
- 0.0262874998152256
- 0.0262874998152256
velocity:
- -0.01406249962747097
- -0.01406249962747097
effort:
- .nan
- .nan
---
header:
  stamp:
    sec: 1791159296
    nanosec: 872478774
  frame_id: base_link
name:
- joint_x
- joint_y
position:
- 0.026006249710917473
- 0.026006249710917473
velocity:
- -0.01406249962747097
- -0.01406249962747097
effort:
- .nan
- .nan
---
header:
  stamp:
    sec: 1791159296
    nanosec: 892465765
  frame_id: base_link
name:
- joint_x
- joint_y
position:
- 0.025706250220537186
- 0.025712499395012856
velocity:
- -0.014999999664723873
- -0.014687499962747097
effort:
- .nan
- .nan
---
header:
  stamp:
    sec: 1791159296
    nanosec: 912481079
  frame_id: base_link
name:
- joint_x
- joint_y
position:
- 0.02539375051856041
- 0.02539375051856041
velocity:
- -0.015625
- -0.015937499701976776
effort:
- .nan
- .nan
---
header:
  stamp:
    sec: 1791159296
    nanosec: 932490916
  frame_id: base_link
name:
- joint_x
- joint_y
position:
- 0.025087499991059303
- 0.025087499991059303
velocity:
- -0.015312500298023224
- -0.015312500298023224
effort:
- .nan
- .nan
---
header:
  stamp:
    sec: 1791159296
    nanosec: 952485228
  frame_id: base_link
name:
- joint_x
- joint_y
position:
- 0.024768749251961708
- 0.024768749251961708
velocity:
- -0.015937499701976776
- -0.015937499701976776
effort:
- .nan
- .nan
---
header:
  stamp:
    sec: 1791159296
    nanosec: 972496735
  frame_id: base_link
name:
- joint_x
- joint_y
position:
- 0.024450000375509262
- 0.024450000375509262
velocity:
- -0.015937499701976776
- -0.015937499701976776
effort:
- .nan
- .nan
---
header:
  stamp:
    sec: 1791159296
    nanosec: 992486575
  frame_id: base_link
name:
- joint_x
- joint_y
position:
- 0.02410624921321869
- 0.02410624921321869
velocity:
- -0.0163690485060215
- -0.0163690485060215
effort:
- .nan
- .nan
---
header:
  stamp:
    sec: 1791159297
    nanosec: 12488989
  frame_id: base_link
name:
- joint_x
- joint_y
position:
- 0.02341875061392784
- 0.02341875061392784
velocity:
- -0.016875000670552254
- -0.016875000670552254
effort:
- .nan
- .nan
---
header:
  stamp:
    sec: 1791159297
    nanosec: 32488079
  frame_id: base_link
name:
- joint_x
- joint_y
position:
- 0.023068750277161598
- 0.023068750277161598
velocity:
- -0.01718750037252903
- -0.017500000074505806
effort:
- .nan
- .nan
---
header:
  stamp:
    sec: 1791159297
    nanosec: 52508304
  frame_id: base_link
name:
- joint_x
- joint_y
position:
- 0.022718749940395355
- 0.022718749940395355
velocity:
- -0.017812499776482582
- -0.017500000074505806
effort:
- .nan
- .nan
---
header:
  stamp:
    sec: 1791159297
    nanosec: 72487836
  frame_id: base_link
name:
- joint_x
- joint_y
position:
- 0.022343749180436134
- 0.022343749180436134
velocity:
- -0.01785714365541935
- -0.01785714365541935
effort:
- .nan
- .nan
---
header:
  stamp:
    sec: 1791159297
    nanosec: 92486220
  frame_id: base_link
name:
- joint_x
- joint_y
position:
- 0.021962499246001244
- 0.021962499246001244
velocity:
- -0.019062500447034836
- -0.019062500447034836
effort:
- .nan
- .nan
---
header:
  stamp:
    sec: 1791159297
    nanosec: 112499661
  frame_id: base_link
name:
- joint_x
- joint_y
position:
- 0.021593749523162842
- 0.021593749523162842
velocity:
- -0.018124999478459358
- -0.018124999478459358
effort:
- .nan
- .nan
---
header:
  stamp:
    sec: 1791159297
    nanosec: 132479460
  frame_id: base_link
name:
- joint_x
- joint_y
position:
- 0.02122499980032444
- 0.02122499980032444
velocity:
- -0.018437499180436134
- -0.018437499180436134
effort:
- .nan
- .nan
---
header:
  stamp:
    sec: 1791159297
    nanosec: 152490476
  frame_id: base_link
name:
- joint_x
- joint_y
position:
- 0.02085000090301037
- 0.02085000090301037
velocity:
- -0.01875000074505806
- -0.01875000074505806
effort:
- .nan
- .nan
---
header:
  stamp:
    sec: 1791159297
    nanosec: 172487896
  frame_id: base_link
name:
- joint_x
- joint_y
position:
- 0.020475000143051147
- 0.020475000143051147
velocity:
- -0.019062500447034836
- -0.019062500447034836
effort:
- .nan
- .nan
---
header:
  stamp:
    sec: 1791159297
    nanosec: 192486691
  frame_id: base_link
name:
- joint_x
- joint_y
position:
- 0.020075000822544098
- 0.020075000822544098
velocity:
- -0.01904761977493763
- -0.01904761977493763
effort:
- .nan
- .nan
---
header:
  stamp:
    sec: 1791159297
    nanosec: 212491473
  frame_id: base_link
name:
- joint_x
- joint_y
position:
- 0.01928124949336052
- 0.01928124949336052
velocity:
- -0.019375000149011612
- -0.019375000149011612
effort:
- .nan
- .nan
---
header:
  stamp:
    sec: 1791159297
    nanosec: 232446561
  frame_id: base_link
name:
- joint_x
- joint_y
position:
- 0.01888749934732914
- 0.01888749934732914
velocity:
- -0.019687499850988388
- -0.019687499850988388
effort:
- .nan
- .nan
---
header:
  stamp:
    sec: 1791159297
    nanosec: 252435716
  frame_id: base_link
name:
- joint_x
- joint_y
position:
- 0.01850000023841858
- 0.01850000023841858
velocity:
- -0.019375000149011612
- -0.019375000149011612
effort:
- .nan
- .nan
---
header:
  stamp:
    sec: 1791159297
    nanosec: 272492744
  frame_id: base_link
name:
- joint_x
- joint_y
position:
- 0.01808124966919422
- 0.01808124966919422
velocity:
- -0.020937500521540642
- -0.020937500521540642
effort:
- .nan
- .nan
---
header:
  stamp:
    sec: 1791159297
    nanosec: 292488140
  frame_id: base_link
name:
- joint_x
- joint_y
position:
- 0.017681250348687172
- 0.017681250348687172
velocity:
- -0.019687499850988388
- -0.019687499850988388
effort:
- .nan
- .nan
---
header:
  stamp:
    sec: 1791159297
    nanosec: 312487014
  frame_id: base_link
name:
- joint_x
- joint_y
position:
- 0.017281249165534973
- 0.017281249165534973
velocity:
- -0.019999999552965164
- -0.019999999552965164
effort:
- .nan
- .nan
---
header:
  stamp:
    sec: 1791159297
    nanosec: 332439972
  frame_id: base_link
name:
- joint_x
- joint_y
position:
- 0.016881249845027924
- 0.016881249845027924
velocity:
- -0.02031249925494194
- -0.02031249925494194
effort:
- .nan
- .nan
---
header:
  stamp:
    sec: 1791159297
    nanosec: 352469807
  frame_id: base_link
name:
- joint_x
- joint_y
position:
- 0.016481250524520874
- 0.016481250524520874
velocity:
- -0.019999999552965164
- -0.019999999552965164
effort:
- .nan
- .nan
---
header:
  stamp:
    sec: 1791159297
    nanosec: 372436417
  frame_id: base_link
name:
- joint_x
- joint_y
position:
- 0.016056250780820847
- 0.016056250780820847
velocity:
- -0.02023809589445591
- -0.02023809589445591
effort:
- .nan
- .nan
---
header:
  stamp:
    sec: 1791159297
    nanosec: 392454778
  frame_id: base_link
name:
- joint_x
- joint_y
position:
- 0.01523124985396862
- 0.01523124985396862
velocity:
- -0.019999999552965164
- -0.019999999552965164
effort:
- .nan
- .nan
---
header:
  stamp:
    sec: 1791159297
    nanosec: 412444130
  frame_id: base_link
name:
- joint_x
- joint_y
position:
- 0.014825000427663326
- 0.014825000427663326
velocity:
- -0.02031249925494194
- -0.02031249925494194
effort:
- .nan
- .nan
---
header:
  stamp:
    sec: 1791159297
    nanosec: 432453125
  frame_id: base_link
name:
- joint_x
- joint_y
position:
- 0.014425000175833702
- 0.014425000175833702
velocity:
- -0.019999999552965164
- -0.019999999552965164
effort:
- .nan
- .nan
---
header:
  stamp:
    sec: 1791159297
    nanosec: 452460594
  frame_id: base_link
name:
- joint_x
- joint_y
position:
- 0.01399375032633543
- 0.01399375032633543
velocity:
- -0.021250000223517418
- -0.021562499925494194
effort:
- .nan
- .nan
---
header:
  stamp:
    sec: 1791159297
    nanosec: 472486084
  frame_id: base_link
name:
- joint_x
- joint_y
position:
- 0.013593750074505806
- 0.013593750074505806
velocity:
- -0.02031249925494194
- -0.019999999552965164
effort:
- .nan
- .nan
---
header:
  stamp:
    sec: 1791159297
    nanosec: 492497969
  frame_id: base_link
name:
- joint_x
- joint_y
position:
- 0.013187499716877937
- 0.013193749822676182
velocity:
- -0.019999999552965164
- -0.019999999552965164
effort:
- .nan
- .nan
---
header:
  stamp:
    sec: 1791159297
    nanosec: 512491019
  frame_id: base_link
name:
- joint_x
- joint_y
position:
- 0.012787500396370888
- 0.012787500396370888
velocity:
- -0.019999999552965164
- -0.02031249925494194
effort:
- .nan
- .nan
---
header:
  stamp:
    sec: 1791159297
    nanosec: 532481253
  frame_id: base_link
name:
- joint_x
- joint_y
position:
- 0.012387500144541264
- 0.012393750250339508
velocity:
- -0.019999999552965164
- -0.019687499850988388
effort:
- .nan
- .nan
---
header:
  stamp:
    sec: 1791159297
    nanosec: 552484281
  frame_id: base_link
name:
- joint_x
- joint_y
position:
- 0.01197499968111515
- 0.01197499968111515
velocity:
- -0.01994047686457634
- -0.01994047686457634
effort:
- .nan
- .nan
---
header:
  stamp:
    sec: 1791159297
    nanosec: 572474701
  frame_id: base_link
name:
- joint_x
- joint_y
position:
- 0.011556250043213367
- 0.011549999937415123
velocity:
- -0.020937500521540642
- -0.020937500521540642
effort:
- .nan
- .nan
---
header:
  stamp:
    sec: 1791159297
    nanosec: 592479745
  frame_id: base_link
name:
- joint_x
- joint_y
position:
- 0.010774999856948853
- 0.010774999856948853
velocity:
- -0.019375000149011612
- -0.019687499850988388
effort:
- .nan
- .nan
---
header:
  stamp:
    sec: 1791159297
    nanosec: 612449977
  frame_id: base_link
name:
- joint_x
- joint_y
position:
- 0.010381249710917473
- 0.010387499816715717
velocity:
- -0.019375000149011612
- -0.019062500447034836
effort:
- .nan
- .nan
---
header:
  stamp:
    sec: 1791159297
    nanosec: 632452812
  frame_id: base_link
name:
- joint_x
- joint_y
position:
- 0.009981250390410423
- 0.009981250390410423
velocity:
- -0.02031249925494194
- -0.020625000819563866
effort:
- .nan
- .nan
---
header:
  stamp:
    sec: 1791159297
    nanosec: 652456240
  frame_id: base_link
name:
- joint_x
- joint_y
position:
- 0.009600000455975533
- 0.009600000455975533
velocity:
- -0.019062500447034836
- -0.019062500447034836
effort:
- .nan
- .nan
---
header:
  stamp:
    sec: 1791159297
    nanosec: 672449384
  frame_id: base_link
name:
- joint_x
- joint_y
position:
- 0.009218749590218067
- 0.009224999696016312
velocity:
- -0.019062500447034836
- -0.01875000074505806
effort:
- .nan
- .nan
---
header:
  stamp:
    sec: 1791159297
    nanosec: 692462280
  frame_id: base_link
name:
- joint_x
- joint_y
position:
- 0.008843749761581421
- 0.008849999867379665
velocity:
- -0.01875000074505806
- -0.01875000074505806
effort:
- .nan
- .nan
---
header:
  stamp:
    sec: 1791159297
    nanosec: 712477575
  frame_id: base_link
name:
- joint_x
- joint_y
position:
- 0.008475000038743019
- 0.008481250144541264
velocity:
- -0.018437499180436134
- -0.018437499180436134
effort:
- .nan
- .nan
---
header:
  stamp:
    sec: 1791159297
    nanosec: 732470622
  frame_id: base_link
name:
- joint_x
- joint_y
position:
- 0.008112500421702862
- 0.008112500421702862
velocity:
- -0.018124999478459358
- -0.018437499180436134
effort:
- .nan
- .nan
---
header:
  stamp:
    sec: 1791159297
    nanosec: 752467264
  frame_id: base_link
name:
- joint_x
- joint_y
position:
- 0.007724999915808439
- 0.007731250021606684
velocity:
- -0.019375000149011612
- -0.019062500447034836
effort:
- .nan
- .nan
---
header:
  stamp:
    sec: 1791159297
    nanosec: 772487165
  frame_id: base_link
name:
- joint_x
- joint_y
position:
- 0.007018750067800283
- 0.007025000173598528
velocity:
- -0.017500000074505806
- -0.017500000074505806
effort:
- .nan
- .nan
---
header:
  stamp:
    sec: 1791159297
    nanosec: 792460782
  frame_id: base_link
name:
- joint_x
- joint_y
position:
- 0.006674999836832285
- 0.006674999836832285
velocity:
- -0.01718750037252903
- -0.017500000074505806
effort:
- .nan
- .nan
---
header:
  stamp:
    sec: 1791159297
    nanosec: 812452541
  frame_id: base_link
name:
- joint_x
- joint_y
position:
- 0.006318749859929085
- 0.006318749859929085
velocity:
- -0.017812499776482582
- -0.017812499776482582
effort:
- .nan
- .nan
---
header:
  stamp:
    sec: 1791159297
    nanosec: 832458531
  frame_id: base_link
name:
- joint_x
- joint_y
position:
- 0.005981250200420618
- 0.005987499840557575
velocity:
- -0.016875000670552254
- -0.01656249910593033
effort:
- .nan
- .nan
---
header:
  stamp:
    sec: 1791159297
    nanosec: 852454834
  frame_id: base_link
name:
- joint_x
- joint_y
position:
- 0.005656249821186066
- 0.005656249821186066
velocity:
- -0.016249999403953552
- -0.01656249910593033
effort:
- .nan
- .nan
---
header:
  stamp:
    sec: 1791159297
    nanosec: 872476253
  frame_id: base_link
name:
- joint_x
- joint_y
position:
- 0.005331249907612801
- 0.005331249907612801
velocity:
- -0.016249999403953552
- -0.016249999403953552
effort:
- .nan
- .nan
---
header:
  stamp:
    sec: 1791159297
    nanosec: 892467061
  frame_id: base_link
name:
- joint_x
- joint_y
position:
- 0.0050187502056360245
- 0.00501250009983778
velocity:
- -0.015625
- -0.015625
effort:
- .nan
- .nan
---
header:
  stamp:
    sec: 1791159297
    nanosec: 912458022
  frame_id: base_link
name:
- joint_x
- joint_y
position:
- 0.004687500186264515
- 0.004687500186264515
velocity:
- -0.01656249910593033
- -0.01656249910593033
effort:
- .nan
- .nan
---
header:
  stamp:
    sec: 1791159297
    nanosec: 932473934
  frame_id: base_link
name:
- joint_x
- joint_y
position:
- 0.0043875002302229404
- 0.0043875002302229404
velocity:
- -0.014999999664723873
- -0.014999999664723873
effort:
- .nan
- .nan
---
header:
  stamp:
    sec: 1791159297
    nanosec: 952467656
  frame_id: base_link
name:
- joint_x
- joint_y
position:
- 0.0038125000428408384
- 0.0038125000428408384
velocity:
- -0.014375000260770321
- -0.014375000260770321
effort:
- .nan
- .nan
---
header:
  stamp:
    sec: 1791159297
    nanosec: 972477021
  frame_id: base_link
name:
- joint_x
- joint_y
position:
- 0.0035187499597668648
- 0.0035187499597668648
velocity:
- -0.013988095335662365
- -0.013988095335662365
effort:
- .nan
- .nan
---
header:
  stamp:
    sec: 1791159297
    nanosec: 992476060
  frame_id: base_link
name:
- joint_x
- joint_y
position:
- 0.0032312499824911356
- 0.0032312499824911356
velocity:
- -0.014375000260770321
- -0.014375000260770321
effort:
- .nan
- .nan
---
header:
  stamp:
    sec: 1791159298
    nanosec: 12477881
  frame_id: base_link
name:
- joint_x
- joint_y
position:
- 0.002968749962747097
- 0.002968749962747097
velocity:
- -0.013124999590218067
- -0.013124999590218067
effort:
- .nan
- .nan
---
header:
  stamp:
    sec: 1791159298
    nanosec: 32475511
  frame_id: base_link
name:
- joint_x
- joint_y
position:
- 0.0027187499217689037
- 0.0027187499217689037
velocity:
- -0.012500000186264515
- -0.012500000186264515
effort:
- .nan
- .nan
---
header:
  stamp:
    sec: 1791159298
    nanosec: 52479009
  frame_id: base_link
name:
- joint_x
- joint_y
position:
- 0.002474999986588955
- 0.002474999986588955
velocity:
- -0.012187499552965164
- -0.012187499552965164
effort:
- .nan
- .nan
---
header:
  stamp:
    sec: 1791159298
    nanosec: 72472730
  frame_id: base_link
name:
- joint_x
- joint_y
position:
- 0.002237499924376607
- 0.002237499924376607
velocity:
- -0.011874999850988388
- -0.011874999850988388
effort:
- .nan
- .nan
---
header:
  stamp:
    sec: 1791159298
    nanosec: 92470593
  frame_id: base_link
name:
- joint_x
- joint_y
position:
- 0.0020000000949949026
- 0.0020000000949949026
velocity:
- -0.011874999850988388
- -0.011874999850988388
effort:
- .nan
- .nan
---
header:
  stamp:
    sec: 1791159298
    nanosec: 112563633
  frame_id: base_link
name:
- joint_x
- joint_y
position:
- 0.0017812500009313226
- 0.0017812500009313226
velocity:
- -0.010937499813735485
- -0.010937499813735485
effort:
- .nan
- .nan
---
header:
  stamp:
    sec: 1791159298
    nanosec: 132490951
  frame_id: base_link
name:
- joint_x
- joint_y
position:
- 0.0013874999713152647
- 0.001381249981932342
velocity:
- -0.009687500074505806
- -0.009687500074505806
effort:
- .nan
- .nan
---
header:
  stamp:
    sec: 1791159298
    nanosec: 152497373
  frame_id: base_link
name:
- joint_x
- joint_y
position:
- 0.0011874999618157744
- 0.0011874999618157744
velocity:
- -0.009523809887468815
- -0.009523809887468815
effort:
- .nan
- .nan
---
header:
  stamp:
    sec: 1791159298
    nanosec: 172481289
  frame_id: base_link
name:
- joint_x
- joint_y
position:
- 0.001006250036880374
- 0.001006250036880374
velocity:
- -0.009062499739229679
- -0.009062499739229679
effort:
- .nan
- .nan
---
header:
  stamp:
    sec: 1791159298
    nanosec: 192479817
  frame_id: base_link
name:
- joint_x
- joint_y
position:
- 0.0008437500218860805
- 0.0008500000112690032
velocity:
- -0.008124999701976776
- -0.0078125
effort:
- .nan
- .nan
---
header:
  stamp:
    sec: 1791159298
    nanosec: 212481756
  frame_id: base_link
name:
- joint_x
- joint_y
position:
- 0.0006937499856576324
- 0.0006937499856576324
velocity:
- -0.007499999832361937
- -0.0078125
effort:
- .nan
- .nan
---
header:
  stamp:
    sec: 1791159298
    nanosec: 232505518
  frame_id: base_link
name:
- joint_x
- joint_y
position:
- 0.0005562499864026904
- 0.0005562499864026904
velocity:
- -0.006874999962747097
- -0.006874999962747097
effort:
- .nan
- .nan
---
header:
  stamp:
    sec: 1791159298
    nanosec: 252478036
  frame_id: base_link
name:
- joint_x
- joint_y
position:
- 0.0004250000056345016
- 0.0004312499950174242
velocity:
- -0.006562499795109034
- -0.0062500000931322575
effort:
- .nan
- .nan
---
header:
  stamp:
    sec: 1791159298
    nanosec: 272480093
  frame_id: base_link
name:
- joint_x
- joint_y
position:
- 0.00030625000363215804
- 0.00030625000363215804
velocity:
- -0.005937499925494194
- -0.0062500000931322575
effort:
- .nan
- .nan
---
header:
  stamp:
    sec: 1791159298
    nanosec: 292490852
  frame_id: base_link
name:
- joint_x
- joint_y
position:
- 0.00019999999494757503
- 0.00019999999494757503
velocity:
- -0.0053125000558793545
- -0.0053125000558793545
effort:
- .nan
- .nan
---
header:
  stamp:
    sec: 1791159298
    nanosec: 312487057
  frame_id: base_link
name:
- joint_x
- joint_y
position:
- 3.7500001781154424e-05
- 3.7500001781154424e-05
velocity:
- -0.0037499999161809683
- -0.0037499999161809683
effort:
- .nan
- .nan
---
header:
  stamp:
    sec: 1791159298
    nanosec: 332484122
  frame_id: base_link
name:
- joint_x
- joint_y
position:
- -3.125000148429535e-05
- -3.125000148429535e-05
velocity:
- -0.0034374999813735485
- -0.0034374999813735485
effort:
- .nan
- .nan
---
header:
  stamp:
    sec: 1791159298
    nanosec: 352498504
  frame_id: base_link
name:
- joint_x
- joint_y
position:
- -8.125000022118911e-05
- -8.125000022118911e-05
velocity:
- -0.0024999999441206455
- -0.0024999999441206455
effort:
- .nan
- .nan
---
header:
  stamp:
    sec: 1791159298
    nanosec: 372448127
  frame_id: base_link
name:
- joint_x
- joint_y
position:
- -0.00011875000200234354
- -0.00011875000200234354
velocity:
- -0.0018749999580904841
- -0.0018749999580904841
effort:
- .nan
- .nan
---
header:
  stamp:
    sec: 1791159298
    nanosec: 392453187
  frame_id: base_link
name:
- joint_x
- joint_y
position:
- -0.00014375000318977982
- -0.00014375000318977982
velocity:
- -0.0012499999720603228
- -0.0012499999720603228
effort:
- .nan
- .nan
---
header:
  stamp:
    sec: 1791159298
    nanosec: 412457926
  frame_id: base_link
name:
- joint_x
- joint_y
position:
- -0.0001500000071246177
- -0.0001500000071246177
velocity:
- -0.0003124999930150807
- -0.0003124999930150807
effort:
- .nan
- .nan
---
header:
  stamp:
    sec: 1791159298
    nanosec: 432566195
  frame_id: base_link
name:
- joint_x
- joint_y
position:
- -0.0001500000071246177
- -0.00014375000318977982
velocity:
- 0.0
- 0.00029761905898340046
effort:
- .nan
- .nan
---
header:
  stamp:
    sec: 1791159298
    nanosec: 452487227
  frame_id: base_link
name:
- joint_x
- joint_y
position:
- -0.00013124999532010406
- -0.00011875000200234354
velocity:
- 0.0
- 0.00029761905898340046
effort:
- .nan
- .nan
---
header:
  stamp:
    sec: 1791159298
    nanosec: 472493291
  frame_id: base_link
name:
- joint_x
- joint_y
position:
- -8.749999688006938e-05
- -8.125000022118911e-05
velocity:
- 0.0016025641234591603
- 0.0016025641234591603
effort:
- .nan
- .nan
---
header:
  stamp:
    sec: 1791159298
    nanosec: 492482022
  frame_id: base_link
name:
- joint_x
- joint_y
position:
- -4.374999844003469e-05
- -4.374999844003469e-05
velocity:
- 0.0021875000093132257
- 0.0018749999580904841
effort:
- .nan
- .nan
---
header:
  stamp:
    sec: 1791159298
    nanosec: 512483418
  frame_id: base_link
name:
- joint_x
- joint_y
position:
- 0.0
- 0.0
velocity:
- 0.0
- 0.0
effort:
- .nan
- .nan
---
header:
  stamp:
    sec: 1791159298
    nanosec: 532506295
  frame_id: base_link
name:
- joint_x
- joint_y
position:
- 0.0
- 0.0
velocity:
- 0.0
- 0.0
effort:
- .nan
- .nan
---
header:
  stamp:
    sec: 1791159298
    nanosec: 552491390
  frame_id: base_link
name:
- joint_x
- joint_y
position:
- 0.0
- 0.0
velocity:
- 0.0
- 0.0
effort:
- .nan
- .nan
---
header:
  stamp:
    sec: 1791159298
    nanosec: 572488113
  frame_id: base_link
name:
- joint_x
- joint_y
position:
- 0.0
- 0.0
velocity:
- 0.0
- 0.0
effort:
- .nan
- .nan
---
header:
  stamp:
    sec: 1791159298
    nanosec: 592480800
  frame_id: base_link
name:
- joint_x
- joint_y
position:
- 0.0
- 0.0
velocity:
- 0.0
- 0.0
effort:
- .nan
- .nan
---
header:
  stamp:
    sec: 1791159298
    nanosec: 612483679
  frame_id: base_link
name:
- joint_x
- joint_y
position:
- 0.0
- 0.0
velocity:
- 0.0
- 0.0
effort:
- .nan
- .nan
---
header:
  stamp:
    sec: 1791159298
    nanosec: 632591010
  frame_id: base_link
name:
- joint_x
- joint_y
position:
- 0.0
- 0.0
velocity:
- 0.0
- 0.0
effort:
- .nan
- .nan
---
header:
  stamp:
    sec: 1791159298
    nanosec: 652513798
  frame_id: base_link
name:
- joint_x
- joint_y
position:
- 0.0
- 0.0
velocity:
- 0.0
- 0.0
effort:
- .nan
- .nan
---
