header:
  stamp:
    sec: 1791161065
    nanosec: 972315702
  frame_id: base_link
name:
- joint_x
- joint_y
position:
- 0.0
- 0.0
velocity:
- 0.0
- 0.0
effort:
- .nan
- .nan
---
header:
  stamp:
    sec: 1791161065
    nanosec: 992310090
  frame_id: base_link
name:
- joint_x
- joint_y
position:
- 0.0
- 0.0
velocity:
- 0.0
- 0.0
effort:
- .nan
- .nan
---
header:
  stamp:
    sec: 1791161066
    nanosec: 12321030
  frame_id: base_link
name:
- joint_x
- joint_y
position:
- 0.0
- 0.0
velocity:
- 0.0
- 0.0
effort:
- .nan
- .nan
---
header:
  stamp:
    sec: 1791161066
    nanosec: 32314028
  frame_id: base_link
name:
- joint_x
- joint_y
position:
- 0.0
- 0.0
velocity:
- 0.0
- 0.0
effort:
- .nan
- .nan
---
header:
  stamp:
    sec: 1791161066
    nanosec: 52315095
  frame_id: base_link
name:
- joint_x
- joint_y
position:
- 0.0
- 0.0
velocity:
- 0.0
- 0.0
effort:
- .nan
- .nan
---
header:
  stamp:
    sec: 1791161066
    nanosec: 72331933
  frame_id: base_link
name:
- joint_x
- joint_y
position:
- 0.0
- 0.0
velocity:
- 0.0
- 0.0
effort:
- .nan
- .nan
---
header:
  stamp:
    sec: 1791161066
    nanosec: 92325513
  frame_id: base_link
name:
- joint_x
- joint_y
position:
- 0.0
- 0.0
velocity:
- 0.0
- 0.0
effort:
- .nan
- .nan
---
header:
  stamp:
    sec: 1791161066
    nanosec: 112322060
  frame_id: base_link
name:
- joint_x
- joint_y
position:
- 0.0
- 0.0
velocity:
- 0.0
- 0.0
effort:
- .nan
- .nan
---
header:
  stamp:
    sec: 1791161066
    nanosec: 132320207
  frame_id: base_link
name:
- joint_x
- joint_y
position:
- 0.0
- 0.0
velocity:
- 0.0
- 0.0
effort:
- .nan
- .nan
---
header:
  stamp:
    sec: 1791161066
    nanosec: 152312245
  frame_id: base_link
name:
- joint_x
- joint_y
position:
- 0.0
- 0.0
velocity:
- 0.0
- 0.0
effort:
- .nan
- .nan
---
header:
  stamp:
    sec: 1791161066
    nanosec: 172309375
  frame_id: base_link
name:
- joint_x
- joint_y
position:
- 0.0
- 0.0
velocity:
- 0.0
- 0.0
effort:
- .nan
- .nan
---
header:
  stamp:
    sec: 1791161066
    nanosec: 192306801
  frame_id: base_link
name:
- joint_x
- joint_y
position:
- 0.0
- 0.0
velocity:
- 0.0
- 0.0
effort:
- .nan
- .nan
---
header:
  stamp:
    sec: 1791161066
    nanosec: 212285024
  frame_id: base_link
name:
- joint_x
- joint_y
position:
- 0.0
- 0.0
velocity:
- 0.0
- 0.0
effort:
- .nan
- .nan
---
header:
  stamp:
    sec: 1791161066
    nanosec: 232313990
  frame_id: base_link
name:
- joint_x
- joint_y
position:
- 0.0
- 0.0
velocity:
- 0.0
- 0.0
effort:
- .nan
- .nan
---
header:
  stamp:
    sec: 1791161066
    nanosec: 252319682
  frame_id: base_link
name:
- joint_x
- joint_y
position:
- 0.0
- 0.0
velocity:
- 0.0
- 0.0
effort:
- .nan
- .nan
---
header:
  stamp:
    sec: 1791161066
    nanosec: 272271007
  frame_id: base_link
name:
- joint_x
- joint_y
position:
- 0.0
- 0.0
velocity:
- 0.0
- 0.0
effort:
- .nan
- .nan
---
header:
  stamp:
    sec: 1791161066
    nanosec: 292449950
  frame_id: base_link
name:
- joint_x
- joint_y
position:
- 0.0
- 0.0
velocity:
- 0.0
- 0.0
effort:
- .nan
- .nan
---
header:
  stamp:
    sec: 1791161066
    nanosec: 312310258
  frame_id: base_link
name:
- joint_x
- joint_y
position:
- 0.0
- 0.0
velocity:
- 0.0
- 0.0
effort:
- .nan
- .nan
---
header:
  stamp:
    sec: 1791161066
    nanosec: 332332003
  frame_id: base_link
name:
- joint_x
- joint_y
position:
- 0.0
- 0.0
velocity:
- 0.0
- 0.0
effort:
- .nan
- .nan
---
header:
  stamp:
    sec: 1791161066
    nanosec: 352299347
  frame_id: base_link
name:
- joint_x
- joint_y
position:
- 0.0
- 0.0
velocity:
- 0.0
- 0.0
effort:
- .nan
- .nan
---
header:
  stamp:
    sec: 1791161066
    nanosec: 372284455
  frame_id: base_link
name:
- joint_x
- joint_y
position:
- 0.0
- 0.0
velocity:
- 0.0
- 0.0
effort:
- .nan
- .nan
---
header:
  stamp:
    sec: 1791161066
    nanosec: 392285568
  frame_id: base_link
name:
- joint_x
- joint_y
position:
- 0.0
- 0.0
velocity:
- 0.0
- 0.0
effort:
- .nan
- .nan
---
header:
  stamp:
    sec: 1791161066
    nanosec: 412276889
  frame_id: base_link
name:
- joint_x
- joint_y
position:
- 0.0
- 0.0
velocity:
- 0.0
- 0.0
effort:
- .nan
- .nan
---
header:
  stamp:
    sec: 1791161066
    nanosec: 432286129
  frame_id: base_link
name:
- joint_x
- joint_y
position:
- 0.0
- 0.0
velocity:
- 0.0
- 0.0
effort:
- .nan
- .nan
---
header:
  stamp:
    sec: 1791161066
    nanosec: 452286260
  frame_id: base_link
name:
- joint_x
- joint_y
position:
- 0.0
- 0.0
velocity:
- 0.0
- 0.0
effort:
- .nan
- .nan
---
header:
  stamp:
    sec: 1791161066
    nanosec: 472273688
  frame_id: base_link
name:
- joint_x
- joint_y
position:
- 0.0
- 0.0
velocity:
- 0.0
- 0.0
effort:
- .nan
- .nan
---
header:
  stamp:
    sec: 1791161066
    nanosec: 492272795
  frame_id: base_link
name:
- joint_x
- joint_y
position:
- 0.0
- 0.0
velocity:
- 0.0
- 0.0
effort:
- .nan
- .nan
---
header:
  stamp:
    sec: 1791161066
    nanosec: 512268252
  frame_id: base_link
name:
- joint_x
- joint_y
position:
- 0.0
- 0.0
velocity:
- 0.0
- 0.0
effort:
- .nan
- .nan
---
header:
  stamp:
    sec: 1791161066
    nanosec: 532279555
  frame_id: base_link
name:
- joint_x
- joint_y
position:
- 0.0
- 0.0
velocity:
- 0.0
- 0.0
effort:
- .nan
- .nan
---
header:
  stamp:
    sec: 1791161066
    nanosec: 552276459
  frame_id: base_link
name:
- joint_x
- joint_y
position:
- 0.0
- 0.0
velocity:
- 0.0
- 0.0
effort:
- .nan
- .nan
---
header:
  stamp:
    sec: 1791161066
    nanosec: 572268022
  frame_id: base_link
name:
- joint_x
- joint_y
position:
- 0.0
- 0.0
velocity:
- 0.0
- 0.0
effort:
- .nan
- .nan
---
header:
  stamp:
    sec: 1791161066
    nanosec: 592274433
  frame_id: base_link
name:
- joint_x
- joint_y
position:
- 0.0
- 0.0
velocity:
- 0.0
- 0.0
effort:
- .nan
- .nan
---
header:
  stamp:
    sec: 1791161066
    nanosec: 612282987
  frame_id: base_link
name:
- joint_x
- joint_y
position:
- 0.0
- 0.0
velocity:
- 0.0
- 0.0
effort:
- .nan
- .nan
---
header:
  stamp:
    sec: 1791161066
    nanosec: 632302236
  frame_id: base_link
name:
- joint_x
- joint_y
position:
- 0.0
- 0.0
velocity:
- 0.0
- 0.0
effort:
- .nan
- .nan
---
header:
  stamp:
    sec: 1791161066
    nanosec: 652283608
  frame_id: base_link
name:
- joint_x
- joint_y
position:
- 0.0
- 0.0
velocity:
- 0.0
- 0.0
effort:
- .nan
- .nan
---
header:
  stamp:
    sec: 1791161066
    nanosec: 672319284
  frame_id: base_link
name:
- joint_x
- joint_y
position:
- 0.0
- 0.0
velocity:
- 0.0
- 0.0
effort:
- .nan
- .nan
---
header:
  stamp:
    sec: 1791161066
    nanosec: 692270626
  frame_id: base_link
name:
- joint_x
- joint_y
position:
- 0.0
- 0.0
velocity:
- 0.0
- 0.0
effort:
- .nan
- .nan
---
header:
  stamp:
    sec: 1791161066
    nanosec: 712276707
  frame_id: base_link
name:
- joint_x
- joint_y
position:
- 0.0
- 0.0
velocity:
- 0.0
- 0.0
effort:
- .nan
- .nan
---
header:
  stamp:
    sec: 1791161066
    nanosec: 732282376
  frame_id: base_link
name:
- joint_x
- joint_y
position:
- 0.0
- 0.0
velocity:
- 0.0
- 0.0
effort:
- .nan
- .nan
---
header:
  stamp:
    sec: 1791161066
    nanosec: 752281384
  frame_id: base_link
name:
- joint_x
- joint_y
position:
- 0.0
- 0.0
velocity:
- 0.0
- 0.0
effort:
- .nan
- .nan
---
header:
  stamp:
    sec: 1791161066
    nanosec: 772324865
  frame_id: base_link
name:
- joint_x
- joint_y
position:
- 0.0
- 0.0
velocity:
- 0.0
- 0.0
effort:
- .nan
- .nan
---
header:
  stamp:
    sec: 1791161066
    nanosec: 792279219
  frame_id: base_link
name:
- joint_x
- joint_y
position:
- 0.0
- 0.0
velocity:
- 0.0
- 0.0
effort:
- .nan
- .nan
---
header:
  stamp:
    sec: 1791161066
    nanosec: 812284075
  frame_id: base_link
name:
- joint_x
- joint_y
position:
- 0.0
- 0.0
velocity:
- 0.0
- 0.0
effort:
- .nan
- .nan
---
header:
  stamp:
    sec: 1791161066
    nanosec: 832277798
  frame_id: base_link
name:
- joint_x
- joint_y
position:
- 0.0
- 0.0
velocity:
- 0.0
- 0.0
effort:
- .nan
- .nan
---
header:
  stamp:
    sec: 1791161066
    nanosec: 852277189
  frame_id: base_link
name:
- joint_x
- joint_y
position:
- 0.0
- 0.0
velocity:
- 0.0
- 0.0
effort:
- .nan
- .nan
---
header:
  stamp:
    sec: 1791161066
    nanosec: 872279226
  frame_id: base_link
name:
- joint_x
- joint_y
position:
- 0.0
- 0.0
velocity:
- 0.0
- 0.0
effort:
- .nan
- .nan
---
header:
  stamp:
    sec: 1791161066
    nanosec: 892286149
  frame_id: base_link
name:
- joint_x
- joint_y
position:
- 0.0
- 0.0
velocity:
- 0.0
- 0.0
effort:
- .nan
- .nan
---
header:
  stamp:
    sec: 1791161066
    nanosec: 912284354
  frame_id: base_link
name:
- joint_x
- joint_y
position:
- 0.0
- 0.0
velocity:
- 0.0
- 0.0
effort:
- .nan
- .nan
---
header:
  stamp:
    sec: 1791161066
    nanosec: 932288937
  frame_id: base_link
name:
- joint_x
- joint_y
position:
- 0.0
- 0.0
velocity:
- 0.0
- 0.0
effort:
- .nan
- .nan
---
header:
  stamp:
    sec: 1791161066
    nanosec: 952299979
  frame_id: base_link
name:
- joint_x
- joint_y
position:
- 0.0
- 0.0
velocity:
- 0.0
- 0.0
effort:
- .nan
- .nan
---
header:
  stamp:
    sec: 1791161066
    nanosec: 972290923
  frame_id: base_link
name:
- joint_x
- joint_y
position:
- 0.0
- 0.0
velocity:
- 0.0
- 0.0
effort:
- .nan
- .nan
---
header:
  stamp:
    sec: 1791161066
    nanosec: 992309922
  frame_id: base_link
name:
- joint_x
- joint_y
position:
- 0.0
- 0.0
velocity:
- 0.0
- 0.0
effort:
- .nan
- .nan
---
header:
  stamp:
    sec: 1791161067
    nanosec: 12297185
  frame_id: base_link
name:
- joint_x
- joint_y
position:
- 0.0
- 0.0
velocity:
- 0.0
- 0.0
effort:
- .nan
- .nan
---
header:
  stamp:
    sec: 1791161067
    nanosec: 32300077
  frame_id: base_link
name:
- joint_x
- joint_y
position:
- 0.0
- 0.0
velocity:
- 0.0
- 0.0
effort:
- .nan
- .nan
---
header:
  stamp:
    sec: 1791161067
    nanosec: 52319228
  frame_id: base_link
name:
- joint_x
- joint_y
position:
- 0.0
- 0.0
velocity:
- 0.0
- 0.0
effort:
- .nan
- .nan
---
header:
  stamp:
    sec: 1791161067
    nanosec: 72305094
  frame_id: base_link
name:
- joint_x
- joint_y
position:
- 0.0
- 0.0
velocity:
- 0.0
- 0.0
effort:
- .nan
- .nan
---
header:
  stamp:
    sec: 1791161067
    nanosec: 92309838
  frame_id: base_link
name:
- joint_x
- joint_y
position:
- 0.0
- 0.0
velocity:
- 0.0
- 0.0
effort:
- .nan
- .nan
---
header:
  stamp:
    sec: 1791161067
    nanosec: 112319919
  frame_id: base_link
name:
- joint_x
- joint_y
position:
- 0.0
- 0.0
velocity:
- 0.0
- 0.0
effort:
- .nan
- .nan
---
header:
  stamp:
    sec: 1791161067
    nanosec: 132325479
  frame_id: base_link
name:
- joint_x
- joint_y
position:
- 0.0
- 0.0
velocity:
- 0.0
- 0.0
effort:
- .nan
- .nan
---
header:
  stamp:
    sec: 1791161067
    nanosec: 152442524
  frame_id: base_link
name:
- joint_x
- joint_y
position:
- 0.0
- 0.0
velocity:
- 0.0
- 0.0
effort:
- .nan
- .nan
---
header:
  stamp:
    sec: 1791161067
    nanosec: 172339008
  frame_id: base_link
name:
- joint_x
- joint_y
position:
- 0.0
- 0.0
velocity:
- 0.0
- 0.0
effort:
- .nan
- .nan
---
header:
  stamp:
    sec: 1791161067
    nanosec: 192332679
  frame_id: base_link
name:
- joint_x
- joint_y
position:
- 0.0
- 0.0
velocity:
- 0.0
- 0.0
effort:
- .nan
- .nan
---
header:
  stamp:
    sec: 1791161067
    nanosec: 212336038
  frame_id: base_link
name:
- joint_x
- joint_y
position:
- 0.0
- 0.0
velocity:
- 0.0
- 0.0
effort:
- .nan
- .nan
---
header:
  stamp:
    sec: 1791161067
    nanosec: 232331699
  frame_id: base_link
name:
- joint_x
- joint_y
position:
- 0.0
- 0.0
velocity:
- 0.0
- 0.0
effort:
- .nan
- .nan
---
header:
  stamp:
    sec: 1791161067
    nanosec: 252322539
  frame_id: base_link
name:
- joint_x
- joint_y
position:
- 0.0
- 0.0
velocity:
- 0.0
- 0.0
effort:
- .nan
- .nan
---
header:
  stamp:
    sec: 1791161067
    nanosec: 272316477
  frame_id: base_link
name:
- joint_x
- joint_y
position:
- 0.0
- 0.0
velocity:
- 0.0
- 0.0
effort:
- .nan
- .nan
---
header:
  stamp:
    sec: 1791161067
    nanosec: 292313370
  frame_id: base_link
name:
- joint_x
- joint_y
position:
- 0.0
- 0.0
velocity:
- 0.0
- 0.0
effort:
- .nan
- .nan
---
header:
  stamp:
    sec: 1791161067
    nanosec: 312310636
  frame_id: base_link
name:
- joint_x
- joint_y
position:
- 0.0
- 0.0
velocity:
- 0.0
- 0.0
effort:
- .nan
- .nan
---
header:
  stamp:
    sec: 1791161067
    nanosec: 332311907
  frame_id: base_link
name:
- joint_x
- joint_y
position:
- 0.0
- 0.0
velocity:
- 0.0
- 0.0
effort:
- .nan
- .nan
---
header:
  stamp:
    sec: 1791161067
    nanosec: 352323570
  frame_id: base_link
name:
- joint_x
- joint_y
position:
- 0.0
- 0.0
velocity:
- 0.0
- 0.0
effort:
- .nan
- .nan
---
header:
  stamp:
    sec: 1791161067
    nanosec: 372318668
  frame_id: base_link
name:
- joint_x
- joint_y
position:
- 0.0
- 0.0
velocity:
- 0.0
- 0.0
effort:
- .nan
- .nan
---
header:
  stamp:
    sec: 1791161067
    nanosec: 392324577
  frame_id: base_link
name:
- joint_x
- joint_y
position:
- 0.0
- 0.0
velocity:
- 0.0
- 0.0
effort:
- .nan
- .nan
---
header:
  stamp:
    sec: 1791161067
    nanosec: 412274176
  frame_id: base_link
name:
- joint_x
- joint_y
position:
- 0.0
- 0.0
velocity:
- 0.0
- 0.0
effort:
- .nan
- .nan
---
header:
  stamp:
    sec: 1791161067
    nanosec: 432312370
  frame_id: base_link
name:
- joint_x
- joint_y
position:
- 0.0
- 0.0
velocity:
- 0.0
- 0.0
effort:
- .nan
- .nan
---
header:
  stamp:
    sec: 1791161067
    nanosec: 452296792
  frame_id: base_link
name:
- joint_x
- joint_y
position:
- 0.0
- 0.0
velocity:
- 0.0
- 0.0
effort:
- .nan
- .nan
---
header:
  stamp:
    sec: 1791161067
    nanosec: 472297810
  frame_id: base_link
name:
- joint_x
- joint_y
position:
- 0.0
- 0.0
velocity:
- 0.0
- 0.0
effort:
- .nan
- .nan
---
header:
  stamp:
    sec: 1791161067
    nanosec: 492340564
  frame_id: base_link
name:
- joint_x
- joint_y
position:
- 0.0
- 0.0
velocity:
- 0.0
- 0.0
effort:
- .nan
- .nan
---
header:
  stamp:
    sec: 1791161067
    nanosec: 512427519
  frame_id: base_link
name:
- joint_x
- joint_y
position:
- 0.0
- 0.0
velocity:
- 0.0
- 0.0
effort:
- .nan
- .nan
---
header:
  stamp:
    sec: 1791161067
    nanosec: 532320724
  frame_id: base_link
name:
- joint_x
- joint_y
position:
- 0.0
- 0.0
velocity:
- 0.0
- 0.0
effort:
- .nan
- .nan
---
header:
  stamp:
    sec: 1791161067
    nanosec: 552348763
  frame_id: base_link
name:
- joint_x
- joint_y
position:
- 0.0
- 0.0
velocity:
- 0.0
- 0.0
effort:
- .nan
- .nan
---
header:
  stamp:
    sec: 1791161067
    nanosec: 572328978
  frame_id: base_link
name:
- joint_x
- joint_y
position:
- 0.0
- 0.0
velocity:
- 0.0
- 0.0
effort:
- .nan
- .nan
---
header:
  stamp:
    sec: 1791161067
    nanosec: 602107957
  frame_id: base_link
name:
- joint_x
- joint_y
position:
- 0.0
- 0.0
velocity:
- 0.0
- 0.0
effort:
- .nan
- .nan
---
header:
  stamp:
    sec: 1791161067
    nanosec: 612285841
  frame_id: base_link
name:
- joint_x
- joint_y
position:
- 0.0
- 0.0
velocity:
- 0.0
- 0.0
effort:
- .nan
- .nan
---
header:
  stamp:
    sec: 1791161067
    nanosec: 633774504
  frame_id: base_link
name:
- joint_x
- joint_y
position:
- 0.0
- 0.0
velocity:
- 0.0
- 0.0
effort:
- .nan
- .nan
---
header:
  stamp:
    sec: 1791161067
    nanosec: 652295852
  frame_id: base_link
name:
- joint_x
- joint_y
position:
- 0.0
- 0.0
velocity:
- 0.0
- 0.0
effort:
- .nan
- .nan
---
header:
  stamp:
    sec: 1791161067
    nanosec: 672291294
  frame_id: base_link
name:
- joint_x
- joint_y
position:
- 0.0
- 0.0
velocity:
- 0.0
- 0.0
effort:
- .nan
- .nan
---
header:
  stamp:
    sec: 1791161067
    nanosec: 692310554
  frame_id: base_link
name:
- joint_x
- joint_y
position:
- 0.0
- 0.0
velocity:
- 0.0
- 0.0
effort:
- .nan
- .nan
---
header:
  stamp:
    sec: 1791161067
    nanosec: 712292670
  frame_id: base_link
name:
- joint_x
- joint_y
position:
- 0.0
- 0.0
velocity:
- 0.0
- 0.0
effort:
- .nan
- .nan
---
header:
  stamp:
    sec: 1791161067
    nanosec: 732319817
  frame_id: base_link
name:
- joint_x
- joint_y
position:
- 0.0
- 0.0
velocity:
- 0.0
- 0.0
effort:
- .nan
- .nan
---
header:
  stamp:
    sec: 1791161067
    nanosec: 752311445
  frame_id: base_link
name:
- joint_x
- joint_y
position:
- 0.0
- 0.0
velocity:
- 0.0
- 0.0
effort:
- .nan
- .nan
---
header:
  stamp:
    sec: 1791161067
    nanosec: 772297290
  frame_id: base_link
name:
- joint_x
- joint_y
position:
- 0.0
- 0.0
velocity:
- 0.0
- 0.0
effort:
- .nan
- .nan
---
header:
  stamp:
    sec: 1791161067
    nanosec: 792315417
  frame_id: base_link
name:
- joint_x
- joint_y
position:
- 0.0
- 0.0
velocity:
- 0.0
- 0.0
effort:
- .nan
- .nan
---
header:
  stamp:
    sec: 1791161067
    nanosec: 812322831
  frame_id: base_link
name:
- joint_x
- joint_y
position:
- 0.0
- 0.0
velocity:
- 0.0
- 0.0
effort:
- .nan
- .nan
---
header:
  stamp:
    sec: 1791161067
    nanosec: 832322524
  frame_id: base_link
name:
- joint_x
- joint_y
position:
- 0.0
- 0.0
velocity:
- 0.0
- 0.0
effort:
- .nan
- .nan
---
header:
  stamp:
    sec: 1791161067
    nanosec: 852308195
  frame_id: base_link
name:
- joint_x
- joint_y
position:
- 0.0
- 0.0
velocity:
- 0.0
- 0.0
effort:
- .nan
- .nan
---
header:
  stamp:
    sec: 1791161067
    nanosec: 872306923
  frame_id: base_link
name:
- joint_x
- joint_y
position:
- 0.0
- 0.0
velocity:
- 0.0
- 0.0
effort:
- .nan
- .nan
---
header:
  stamp:
    sec: 1791161067
    nanosec: 892314674
  frame_id: base_link
name:
- joint_x
- joint_y
position:
- 0.0
- 0.0
velocity:
- 0.0
- 0.0
effort:
- .nan
- .nan
---
header:
  stamp:
    sec: 1791161067
    nanosec: 912309410
  frame_id: base_link
name:
- joint_x
- joint_y
position:
- 0.0
- 0.0
velocity:
- 0.0
- 0.0
effort:
- .nan
- .nan
---
header:
  stamp:
    sec: 1791161067
    nanosec: 932311039
  frame_id: base_link
name:
- joint_x
- joint_y
position:
- 0.0
- 0.0
velocity:
- 0.0
- 0.0
effort:
- .nan
- .nan
---
header:
  stamp:
    sec: 1791161067
    nanosec: 952302432
  frame_id: base_link
name:
- joint_x
- joint_y
position:
- 0.0
- 0.0
velocity:
- 0.0
- 0.0
effort:
- .nan
- .nan
---
header:
  stamp:
    sec: 1791161067
    nanosec: 972268632
  frame_id: base_link
name:
- joint_x
- joint_y
position:
- 0.0
- 0.0
velocity:
- 0.0
- 0.0
effort:
- .nan
- .nan
---
header:
  stamp:
    sec: 1791161067
    nanosec: 992309018
  frame_id: base_link
name:
- joint_x
- joint_y
position:
- 0.0
- 0.0
velocity:
- 0.0
- 0.0
effort:
- .nan
- .nan
---
header:
  stamp:
    sec: 1791161068
    nanosec: 12351267
  frame_id: base_link
name:
- joint_x
- joint_y
position:
- 0.0
- 0.0
velocity:
- 0.0
- 0.0
effort:
- .nan
- .nan
---
header:
  stamp:
    sec: 1791161068
    nanosec: 32336833
  frame_id: base_link
name:
- joint_x
- joint_y
position:
- 0.0
- 0.0
velocity:
- 0.0
- 0.0
effort:
- .nan
- .nan
---
header:
  stamp:
    sec: 1791161068
    nanosec: 52357176
  frame_id: base_link
name:
- joint_x
- joint_y
position:
- 0.0
- 0.0
velocity:
- 0.0
- 0.0
effort:
- .nan
- .nan
---
header:
  stamp:
    sec: 1791161068
    nanosec: 72324988
  frame_id: base_link
name:
- joint_x
- joint_y
position:
- 0.0
- 0.0
velocity:
- 0.0
- 0.0
effort:
- .nan
- .nan
---
header:
  stamp:
    sec: 1791161068
    nanosec: 92352033
  frame_id: base_link
name:
- joint_x
- joint_y
position:
- 0.0
- 0.0
velocity:
- 0.0
- 0.0
effort:
- .nan
- .nan
---
header:
  stamp:
    sec: 1791161068
    nanosec: 112363024
  frame_id: base_link
name:
- joint_x
- joint_y
position:
- 0.0
- 0.0
velocity:
- 0.0
- 0.0
effort:
- .nan
- .nan
---
header:
  stamp:
    sec: 1791161068
    nanosec: 132337287
  frame_id: base_link
name:
- joint_x
- joint_y
position:
- 0.0
- 0.0
velocity:
- 0.0
- 0.0
effort:
- .nan
- .nan
---
header:
  stamp:
    sec: 1791161068
    nanosec: 152343734
  frame_id: base_link
name:
- joint_x
- joint_y
position:
- 0.0
- 0.0
velocity:
- 0.0
- 0.0
effort:
- .nan
- .nan
---
header:
  stamp:
    sec: 1791161068
    nanosec: 172320330
  frame_id: base_link
name:
- joint_x
- joint_y
position:
- 0.0
- 0.0
velocity:
- 0.0
- 0.0
effort:
- .nan
- .nan
---
header:
  stamp:
    sec: 1791161068
    nanosec: 192306613
  frame_id: base_link
name:
- joint_x
- joint_y
position:
- 0.0
- 0.0
velocity:
- 0.0
- 0.0
effort:
- .nan
- .nan
---
header:
  stamp:
    sec: 1791161068
    nanosec: 212306894
  frame_id: base_link
name:
- joint_x
- joint_y
position:
- 0.0
- 0.0
velocity:
- 0.0
- 0.0
effort:
- .nan
- .nan
---
header:
  stamp:
    sec: 1791161068
    nanosec: 232303570
  frame_id: base_link
name:
- joint_x
- joint_y
position:
- 0.0
- 0.0
velocity:
- 0.0
- 0.0
effort:
- .nan
- .nan
---
header:
  stamp:
    sec: 1791161068
    nanosec: 252305934
  frame_id: base_link
name:
- joint_x
- joint_y
position:
- 0.0
- 0.0
velocity:
- 0.0
- 0.0
effort:
- .nan
- .nan
---
header:
  stamp:
    sec: 1791161068
    nanosec: 272447267
  frame_id: base_link
name:
- joint_x
- joint_y
position:
- 0.0
- 0.0
velocity:
- 0.0
- 0.0
effort:
- .nan
- .nan
---
header:
  stamp:
    sec: 1791161068
    nanosec: 292307537
  frame_id: base_link
name:
- joint_x
- joint_y
position:
- 0.0
- 0.0
velocity:
- 0.0
- 0.0
effort:
- .nan
- .nan
---
header:
  stamp:
    sec: 1791161068
    nanosec: 312307646
  frame_id: base_link
name:
- joint_x
- joint_y
position:
- 0.0
- 0.0
velocity:
- 0.0
- 0.0
effort:
- .nan
- .nan
---
header:
  stamp:
    sec: 1791161068
    nanosec: 332295308
  frame_id: base_link
name:
- joint_x
- joint_y
position:
- 0.0
- 0.0
velocity:
- 0.0
- 0.0
effort:
- .nan
- .nan
---
header:
  stamp:
    sec: 1791161068
    nanosec: 352314246
  frame_id: base_link
name:
- joint_x
- joint_y
position:
- 0.0
- 0.0
velocity:
- 0.0
- 0.0
effort:
- .nan
- .nan
---
header:
  stamp:
    sec: 1791161068
    nanosec: 372310905
  frame_id: base_link
name:
- joint_x
- joint_y
position:
- 0.0
- 0.0
velocity:
- 0.0
- 0.0
effort:
- .nan
- .nan
---
header:
  stamp:
    sec: 1791161068
    nanosec: 392304440
  frame_id: base_link
name:
- joint_x
- joint_y
position:
- 0.0
- 0.0
velocity:
- 0.0
- 0.0
effort:
- .nan
- .nan
---
header:
  stamp:
    sec: 1791161068
    nanosec: 412298938
  frame_id: base_link
name:
- joint_x
- joint_y
position:
- 0.0
- 0.0
velocity:
- 0.0
- 0.0
effort:
- .nan
- .nan
---
header:
  stamp:
    sec: 1791161068
    nanosec: 432308021
  frame_id: base_link
name:
- joint_x
- joint_y
position:
- 0.0
- 0.0
velocity:
- 0.0
- 0.0
effort:
- .nan
- .nan
---
header:
  stamp:
    sec: 1791161068
    nanosec: 452308547
  frame_id: base_link
name:
- joint_x
- joint_y
position:
- 0.0
- 0.0
velocity:
- 0.0
- 0.0
effort:
- .nan
- .nan
---
header:
  stamp:
    sec: 1791161068
    nanosec: 472307377
  frame_id: base_link
name:
- joint_x
- joint_y
position:
- 0.0
- 0.0
velocity:
- 0.0
- 0.0
effort:
- .nan
- .nan
---
header:
  stamp:
    sec: 1791161068
    nanosec: 492295493
  frame_id: base_link
name:
- joint_x
- joint_y
position:
- 0.0
- 0.0
velocity:
- 0.0
- 0.0
effort:
- .nan
- .nan
---
header:
  stamp:
    sec: 1791161068
    nanosec: 512299460
  frame_id: base_link
name:
- joint_x
- joint_y
position:
- 0.0
- 0.0
velocity:
- 0.0
- 0.0
effort:
- .nan
- .nan
---
header:
  stamp:
    sec: 1791161068
    nanosec: 532298103
  frame_id: base_link
name:
- joint_x
- joint_y
position:
- 0.0
- 0.0
velocity:
- 0.0
- 0.0
effort:
- .nan
- .nan
---
header:
  stamp:
    sec: 1791161068
    nanosec: 552320575
  frame_id: base_link
name:
- joint_x
- joint_y
position:
- 0.0
- 0.0
velocity:
- 0.0
- 0.0
effort:
- .nan
- .nan
---
header:
  stamp:
    sec: 1791161068
    nanosec: 572307448
  frame_id: base_link
name:
- joint_x
- joint_y
position:
- 0.0
- 0.0
velocity:
- 0.0
- 0.0
effort:
- .nan
- .nan
---
header:
  stamp:
    sec: 1791161068
    nanosec: 592327086
  frame_id: base_link
name:
- joint_x
- joint_y
position:
- 0.0
- 0.0
velocity:
- 0.0
- 0.0
effort:
- .nan
- .nan
---
header:
  stamp:
    sec: 1791161068
    nanosec: 612299134
  frame_id: base_link
name:
- joint_x
- joint_y
position:
- 0.0
- 0.0
velocity:
- 0.0
- 0.0
effort:
- .nan
- .nan
---
header:
  stamp:
    sec: 1791161068
    nanosec: 632299335
  frame_id: base_link
name:
- joint_x
- joint_y
position:
- 1.249999968422344e-05
- 1.249999968422344e-05
velocity:
- 0.0006249999860301614
- 0.0006249999860301614
effort:
- .nan
- .nan
---
header:
  stamp:
    sec: 1791161068
    nanosec: 652315310
  frame_id: base_link
name:
- joint_x
- joint_y
position:
- 4.999999873689376e-05
- 4.999999873689376e-05
velocity:
- 0.0018749999580904841
- 0.0018749999580904841
effort:
- .nan
- .nan
---
header:
  stamp:
    sec: 1791161068
    nanosec: 672304543
  frame_id: base_link
name:
- joint_x
- joint_y
position:
- 0.00016250000044237822
- 0.00016250000044237822
velocity:
- 0.0034374999813735485
- 0.0034374999813735485
effort:
- .nan
- .nan
---
header:
  stamp:
    sec: 1791161068
    nanosec: 692315690
  frame_id: base_link
name:
- joint_x
- joint_y
position:
- 0.00024374999338760972
- 0.00024374999338760972
velocity:
- 0.004062499850988388
- 0.004062499850988388
effort:
- .nan
- .nan
---
header:
  stamp:
    sec: 1791161068
    nanosec: 712308836
  frame_id: base_link
name:
- joint_x
- joint_y
position:
- 0.00034374999813735485
- 0.00034374999813735485
velocity:
- 0.004999999888241291
- 0.004999999888241291
effort:
- .nan
- .nan
---
header:
  stamp:
    sec: 1791161068
    nanosec: 732301522
  frame_id: base_link
name:
- joint_x
- joint_y
position:
- 0.00045625001075677574
- 0.00045625001075677574
velocity:
- 0.0053125000558793545
- 0.0053125000558793545
effort:
- .nan
- .nan
---
header:
  stamp:
    sec: 1791161068
    nanosec: 752299807
  frame_id: base_link
name:
- joint_x
- joint_y
position:
- 0.0005750000127591193
- 0.0005750000127591193
velocity:
- 0.0062500000931322575
- 0.0062500000931322575
effort:
- .nan
- .nan
---
header:
  stamp:
    sec: 1791161068
    nanosec: 772302677
  frame_id: base_link
name:
- joint_x
- joint_y
position:
- 0.0007125000120140612
- 0.0007125000120140612
velocity:
- 0.006874999962747097
- 0.006874999962747097
effort:
- .nan
- .nan
---
header:
  stamp:
    sec: 1791161068
    nanosec: 792308022
  frame_id: base_link
name:
- joint_x
- joint_y
position:
- 0.0008624999900348485
- 0.0008624999900348485
velocity:
- 0.0071875001303851604
- 0.007499999832361937
effort:
- .nan
- .nan
---
header:
  stamp:
    sec: 1791161068
    nanosec: 812307400
  frame_id: base_link
name:
- joint_x
- joint_y
position:
- 0.0010312499944120646
- 0.0010312499944120646
velocity:
- 0.008333333767950535
- 0.008035714738070965
effort:
- .nan
- .nan
---
header:
  stamp:
    sec: 1791161068
    nanosec: 832310470
  frame_id: base_link
name:
- joint_x
- joint_y
position:
- 0.0012125000357627869
- 0.0012125000357627869
velocity:
- 0.009062499739229679
- 0.009062499739229679
effort:
- .nan
- .nan
---
header:
  stamp:
    sec: 1791161068
    nanosec: 852315864
  frame_id: base_link
name:
- joint_x
- joint_y
position:
- 0.001587499980814755
- 0.001587499980814755
velocity:
- 0.009687500074505806
- 0.009687500074505806
effort:
- .nan
- .nan
---
header:
  stamp:
    sec: 1791161068
    nanosec: 872306890
  frame_id: base_link
name:
- joint_x
- joint_y
position:
- 0.0017937499796971679
- 0.0017937499796971679
velocity:
- 0.010312500409781933
- 0.010312500409781933
effort:
- .nan
- .nan
---
header:
  stamp:
    sec: 1791161068
    nanosec: 892302913
  frame_id: base_link
name:
- joint_x
- joint_y
position:
- 0.0020187499467283487
- 0.0020187499467283487
velocity:
- 0.011250000447034836
- 0.011250000447034836
effort:
- .nan
- .nan
---
header:
  stamp:
    sec: 1791161068
    nanosec: 912333599
  frame_id: base_link
name:
- joint_x
- joint_y
position:
- 0.0022437500301748514
- 0.0022499999031424522
velocity:
- 0.011250000447034836
- 0.011250000447034836
effort:
- .nan
- .nan
---
header:
  stamp:
    sec: 1791161068
    nanosec: 932318030
  frame_id: base_link
name:
- joint_x
- joint_y
position:
- 0.0024812500923871994
- 0.0024812500923871994
velocity:
- 0.011874999850988388
- 0.011874999850988388
effort:
- .nan
- .nan
---
header:
  stamp:
    sec: 1791161068
    nanosec: 952299668
  frame_id: base_link
name:
- joint_x
- joint_y
position:
- 0.002725000027567148
- 0.002731249900534749
velocity:
- 0.012187499552965164
- 0.012187499552965164
effort:
- .nan
- .nan
---
header:
  stamp:
    sec: 1791161068
    nanosec: 972301656
  frame_id: base_link
name:
- joint_x
- joint_y
position:
- 0.0029812499415129423
- 0.0029812499415129423
velocity:
- 0.012812499888241291
- 0.012812499888241291
effort:
- .nan
- .nan
---
header:
  stamp:
    sec: 1791161068
    nanosec: 992311604
  frame_id: base_link
name:
- joint_x
- joint_y
position:
- 0.003256249940022826
- 0.003256249940022826
velocity:
- 0.013749999925494194
- 0.013749999925494194
effort:
- .nan
- .nan
---
header:
  stamp:
    sec: 1791161069
    nanosec: 12310332
  frame_id: base_link
name:
- joint_x
- joint_y
position:
- 0.00353124993853271
- 0.00353124993853271
velocity:
- 0.013749999925494194
- 0.013749999925494194
effort:
- .nan
- .nan
---
header:
  stamp:
    sec: 1791161069
    nanosec: 32319649
  frame_id: base_link
name:
- joint_x
- joint_y
position:
- 0.004093749914318323
- 0.004093749914318323
velocity:
- 0.014375000260770321
- 0.014375000260770321
effort:
- .nan
- .nan
---
header:
  stamp:
    sec: 1791161069
    nanosec: 52310361
  frame_id: base_link
name:
- joint_x
- joint_y
position:
- 0.0044062500819563866
- 0.0044062500819563866
velocity:
- 0.014880952425301075
- 0.014880952425301075
effort:
- .nan
- .nan
---
header:
  stamp:
    sec: 1791161069
    nanosec: 72321251
  frame_id: base_link
name:
- joint_x
- joint_y
position:
- 0.004724999889731407
- 0.004724999889731407
velocity:
- 0.015937499701976776
- 0.015937499701976776
effort:
- .nan
- .nan
---
header:
  stamp:
    sec: 1791161069
    nanosec: 92306476
  frame_id: base_link
name:
- joint_x
- joint_y
position:
- 0.005037500057369471
- 0.005037500057369471
velocity:
- 0.015625
- 0.015625
effort:
- .nan
- .nan
---
header:
  stamp:
    sec: 1791161069
    nanosec: 112306904
  frame_id: base_link
name:
- joint_x
- joint_y
position:
- 0.005350000225007534
- 0.005350000225007534
velocity:
- 0.015625
- 0.015625
effort:
- .nan
- .nan
---
header:
  stamp:
    sec: 1791161069
    nanosec: 132309537
  frame_id: base_link
name:
- joint_x
- joint_y
position:
- 0.005675000138580799
- 0.005675000138580799
velocity:
- 0.016249999403953552
- 0.016249999403953552
effort:
- .nan
- .nan
---
header:
  stamp:
    sec: 1791161069
    nanosec: 152298771
  frame_id: base_link
name:
- joint_x
- joint_y
position:
- 0.006006250157952309
- 0.006006250157952309
velocity:
- 0.01656249910593033
- 0.01656249910593033
effort:
- .nan
- .nan
---
header:
  stamp:
    sec: 1791161069
    nanosec: 172300340
  frame_id: base_link
name:
- joint_x
- joint_y
position:
- 0.006362500134855509
- 0.006362500134855509
velocity:
- 0.017500000074505806
- 0.017500000074505806
effort:
- .nan
- .nan
---
header:
  stamp:
    sec: 1791161069
    nanosec: 192306873
  frame_id: base_link
name:
- joint_x
- joint_y
position:
- 0.00670624990016222
- 0.00670624990016222
velocity:
- 0.01718750037252903
- 0.01718750037252903
effort:
- .nan
- .nan
---
header:
  stamp:
    sec: 1791161069
    nanosec: 212318362
  frame_id: base_link
name:
- joint_x
- joint_y
position:
- 0.0070500001311302185
- 0.0070500001311302185
velocity:
- 0.017500000074505806
- 0.017500000074505806
effort:
- .nan
- .nan
---
header:
  stamp:
    sec: 1791161069
    nanosec: 232311251
  frame_id: base_link
name:
- joint_x
- joint_y
position:
- 0.0077749998308718204
- 0.0077749998308718204
velocity:
- 0.01875000074505806
- 0.01875000074505806
effort:
- .nan
- .nan
---
header:
  stamp:
    sec: 1791161069
    nanosec: 252301023
  frame_id: base_link
name:
- joint_x
- joint_y
position:
- 0.008137499913573265
- 0.008137499913573265
velocity:
- 0.018124999478459358
- 0.018124999478459358
effort:
- .nan
- .nan
---
header:
  stamp:
    sec: 1791161069
    nanosec: 272313104
  frame_id: base_link
name:
- joint_x
- joint_y
position:
- 0.008506249636411667
- 0.008506249636411667
velocity:
- 0.018437499180436134
- 0.018437499180436134
effort:
- .nan
- .nan
---
header:
  stamp:
    sec: 1791161069
    nanosec: 292303140
  frame_id: base_link
name:
- joint_x
- joint_y
position:
- 0.008875000290572643
- 0.008875000290572643
velocity:
- 0.01875000074505806
- 0.01875000074505806
effort:
- .nan
- .nan
---
header:
  stamp:
    sec: 1791161069
    nanosec: 312312261
  frame_id: base_link
name:
- joint_x
- joint_y
position:
- 0.00925000011920929
- 0.00925000011920929
velocity:
- 0.01875000074505806
- 0.01875000074505806
effort:
- .nan
- .nan
---
header:
  stamp:
    sec: 1791161069
    nanosec: 332307273
  frame_id: base_link
name:
- joint_x
- joint_y
position:
- 0.009650000371038914
- 0.009650000371038914
velocity:
- 0.01904761977493763
- 0.01904761977493763
effort:
- .nan
- .nan
---
header:
  stamp:
    sec: 1791161069
    nanosec: 352307427
  frame_id: base_link
name:
- joint_x
- joint_y
position:
- 0.010049999691545963
- 0.010056249797344208
velocity:
- 0.019999999552965164
- 0.019999999552965164
effort:
- .nan
- .nan
---
header:
  stamp:
    sec: 1791161069
    nanosec: 372301183
  frame_id: base_link
name:
- joint_x
- joint_y
position:
- 0.010437499731779099
- 0.010443749837577343
velocity:
- 0.019375000149011612
- 0.019375000149011612
effort:
- .nan
- .nan
---
header:
  stamp:
    sec: 1791161069
    nanosec: 392296988
  frame_id: base_link
name:
- joint_x
- joint_y
position:
- 0.010831249877810478
- 0.010831249877810478
velocity:
- 0.019687499850988388
- 0.019375000149011612
effort:
- .nan
- .nan
---
header:
  stamp:
    sec: 1791161069
    nanosec: 412307364
  frame_id: base_link
name:
- joint_x
- joint_y
position:
- 0.011631250381469727
- 0.011631250381469727
velocity:
- 0.02031249925494194
- 0.02031249925494194
effort:
- .nan
- .nan
---
header:
  stamp:
    sec: 1791161069
    nanosec: 432308671
  frame_id: base_link
name:
- joint_x
- joint_y
position:
- 0.012024999596178532
- 0.012024999596178532
velocity:
- 0.019999999552965164
- 0.019999999552965164
effort:
- .nan
- .nan
---
header:
  stamp:
    sec: 1791161069
    nanosec: 452295546
  frame_id: base_link
name:
- joint_x
- joint_y
position:
- 0.012424999848008156
- 0.012424999848008156
velocity:
- 0.019999999552965164
- 0.019687499850988388
effort:
- .nan
- .nan
---
header:
  stamp:
    sec: 1791161069
    nanosec: 472291264
  frame_id: base_link
name:
- joint_x
- joint_y
position:
- 0.01282500009983778
- 0.01282500009983778
velocity:
- 0.019999999552965164
- 0.02031249925494194
effort:
- .nan
- .nan
---
header:
  stamp:
    sec: 1791161069
    nanosec: 492311540
  frame_id: base_link
name:
- joint_x
- joint_y
position:
- 0.013231250457465649
- 0.013225000351667404
velocity:
- 0.019999999552965164
- 0.019999999552965164
effort:
- .nan
- .nan
---
header:
  stamp:
    sec: 1791161069
    nanosec: 512306214
  frame_id: base_link
name:
- joint_x
- joint_y
position:
- 0.013650000095367432
- 0.013650000095367432
velocity:
- 0.02023809589445591
- 0.02023809589445591
effort:
- .nan
- .nan
---
header:
  stamp:
    sec: 1791161069
    nanosec: 532293568
  frame_id: base_link
name:
- joint_x
- joint_y
position:
- 0.014081249944865704
- 0.014074999839067459
velocity:
- 0.021250000223517418
- 0.021250000223517418
effort:
- .nan
- .nan
---
header:
  stamp:
    sec: 1791161069
    nanosec: 552323046
  frame_id: base_link
name:
- joint_x
- joint_y
position:
- 0.014481250196695328
- 0.014481250196695328
velocity:
- 0.02031249925494194
- 0.019999999552965164
effort:
- .nan
- .nan
---
header:
  stamp:
    sec: 1791161069
    nanosec: 572302487
  frame_id: base_link
name:
- joint_x
- joint_y
position:
- 0.014887499623000622
- 0.014887499623000622
velocity:
- 0.019999999552965164
- 0.02031249925494194
effort:
- .nan
- .nan
---
header:
  stamp:
    sec: 1791161069
    nanosec: 592305323
  frame_id: base_link
name:
- joint_x
- joint_y
position:
- 0.015287499874830246
- 0.015287499874830246
velocity:
- 0.02031249925494194
- 0.02031249925494194
effort:
- .nan
- .nan
---
header:
  stamp:
    sec: 1791161069
    nanosec: 612308629
  frame_id: base_link
name:
- joint_x
- joint_y
position:
- 0.01613125018775463
- 0.01613125018775463
velocity:
- 0.020937500521540642
- 0.021250000223517418
effort:
- .nan
- .nan
---
header:
  stamp:
    sec: 1791161069
    nanosec: 632310040
  frame_id: base_link
name:
- joint_x
- joint_y
position:
- 0.0165375005453825
- 0.0165375005453825
velocity:
- 0.02031249925494194
- 0.02031249925494194
effort:
- .nan
- .nan
---
header:
  stamp:
    sec: 1791161069
    nanosec: 652319661
  frame_id: base_link
name:
- joint_x
- joint_y
position:
- 0.01693749986588955
- 0.01693749986588955
velocity:
- 0.019999999552965164
- 0.019999999552965164
effort:
- .nan
- .nan
---
header:
  stamp:
    sec: 1791161069
    nanosec: 672306335
  frame_id: base_link
name:
- joint_x
- joint_y
position:
- 0.0173374991863966
- 0.0173374991863966
velocity:
- 0.019999999552965164
- 0.019999999552965164
effort:
- .nan
- .nan
---
header:
  stamp:
    sec: 1791161069
    nanosec: 692312459
  frame_id: base_link
name:
- joint_x
- joint_y
position:
- 0.017737500369548798
- 0.017737500369548798
velocity:
- 0.019999999552965164
- 0.019999999552965164
effort:
- .nan
- .nan
---
header:
  stamp:
    sec: 1791161069
    nanosec: 712302317
  frame_id: base_link
name:
- joint_x
- joint_y
position:
- 0.018162500113248825
- 0.018156249076128006
velocity:
- 0.020937500521540642
- 0.020937500521540642
effort:
- .nan
- .nan
---
header:
  stamp:
    sec: 1791161069
    nanosec: 732315885
  frame_id: base_link
name:
- joint_x
- joint_y
position:
- 0.018556250259280205
- 0.018556250259280205
velocity:
- 0.019687499850988388
- 0.019687499850988388
effort:
- .nan
- .nan
---
header:
  stamp:
    sec: 1791161069
    nanosec: 752301560
  frame_id: base_link
name:
- joint_x
- joint_y
position:
- 0.018950000405311584
- 0.018950000405311584
velocity:
- 0.019687499850988388
- 0.019687499850988388
effort:
- .nan
- .nan
---
header:
  stamp:
    sec: 1791161069
    nanosec: 772341115
  frame_id: base_link
name:
- joint_x
- joint_y
position:
- 0.019337499514222145
- 0.019337499514222145
velocity:
- 0.019375000149011612
- 0.019375000149011612
effort:
- .nan
- .nan
---
header:
  stamp:
    sec: 1791161069
    nanosec: 792299300
  frame_id: base_link
name:
- joint_x
- joint_y
position:
- 0.020118750631809235
- 0.020124999806284904
velocity:
- 0.019999999552965164
- 0.019999999552965164
effort:
- .nan
- .nan
---
header:
  stamp:
    sec: 1791161069
    nanosec: 812315278
  frame_id: base_link
name:
- joint_x
- joint_y
position:
- 0.020506249740719795
- 0.020506249740719795
velocity:
- 0.019062500447034836
- 0.019375000149011612
effort:
- .nan
- .nan
---
header:
  stamp:
    sec: 1791161069
    nanosec: 832313779
  frame_id: base_link
name:
- joint_x
- joint_y
position:
- 0.020881250500679016
- 0.020881250500679016
velocity:
- 0.019062500447034836
- 0.018437499180436134
effort:
- .nan
- .nan
---
header:
  stamp:
    sec: 1791161069
    nanosec: 852301724
  frame_id: base_link
name:
- joint_x
- joint_y
position:
- 0.021256249397993088
- 0.021250000223517418
velocity:
- 0.018437499180436134
- 0.01875000074505806
effort:
- .nan
- .nan
---
header:
  stamp:
    sec: 1791161069
    nanosec: 872318987
  frame_id: base_link
name:
- joint_x
- joint_y
position:
- 0.021643750369548798
- 0.021643750369548798
velocity:
- 0.01875000074505806
- 0.01875000074505806
effort:
- .nan
- .nan
---
header:
  stamp:
    sec: 1791161069
    nanosec: 892303178
  frame_id: base_link
name:
- joint_x
- joint_y
position:
- 0.02202500030398369
- 0.02202500030398369
velocity:
- 0.019062500447034836
- 0.019062500447034836
effort:
- .nan
- .nan
---
header:
  stamp:
    sec: 1791161069
    nanosec: 912303733
  frame_id: base_link
name:
- joint_x
- joint_y
position:
- 0.02238750085234642
- 0.02238750085234642
velocity:
- 0.018124999478459358
- 0.018124999478459358
effort:
- .nan
- .nan
---
header:
  stamp:
    sec: 1791161069
    nanosec: 932307717
  frame_id: base_link
name:
- joint_x
- joint_y
position:
- 0.022743750363588333
- 0.022737499326467514
velocity:
- 0.017812499776482582
- 0.017500000074505806
effort:
- .nan
- .nan
---
header:
  stamp:
    sec: 1791161069
    nanosec: 952344414
  frame_id: base_link
name:
- joint_x
- joint_y
position:
- 0.023093750700354576
- 0.023093750700354576
velocity:
- 0.017500000074505806
- 0.017812499776482582
effort:
- .nan
- .nan
---
header:
  stamp:
    sec: 1791161069
    nanosec: 972326702
  frame_id: base_link
name:
- joint_x
- joint_y
position:
- 0.0234375
- 0.0234375
velocity:
- 0.01718750037252903
- 0.01718750037252903
effort:
- .nan
- .nan
---
header:
  stamp:
    sec: 1791161069
    nanosec: 992349353
  frame_id: base_link
name:
- joint_x
- joint_y
position:
- 0.024125000461935997
- 0.024118749424815178
velocity:
- 0.01656249910593033
- 0.01656249910593033
effort:
- .nan
- .nan
---
header:
  stamp:
    sec: 1791161070
    nanosec: 12326269
  frame_id: base_link
name:
- joint_x
- joint_y
position:
- 0.024450000375509262
- 0.024450000375509262
velocity:
- 0.016249999403953552
- 0.016249999403953552
effort:
- .nan
- .nan
---
header:
  stamp:
    sec: 1791161070
    nanosec: 32328743
  frame_id: base_link
name:
- joint_x
- joint_y
position:
- 0.024775000289082527
- 0.024768749251961708
velocity:
- 0.015937499701976776
- 0.016249999403953552
effort:
- .nan
- .nan
---
header:
  stamp:
    sec: 1791161070
    nanosec: 52313807
  frame_id: base_link
name:
- joint_x
- joint_y
position:
- 0.025100000202655792
- 0.025100000202655792
velocity:
- 0.01577381044626236
- 0.01577381044626236
effort:
- .nan
- .nan
---
header:
  stamp:
    sec: 1791161070
    nanosec: 72312489
  frame_id: base_link
name:
- joint_x
- joint_y
position:
- 0.025425000116229057
- 0.025425000116229057
velocity:
- 0.016249999403953552
- 0.016249999403953552
effort:
- .nan
- .nan
---
header:
  stamp:
    sec: 1791161070
    nanosec: 92312610
  frame_id: base_link
name:
- joint_x
- joint_y
position:
- 0.025724999606609344
- 0.025718750432133675
velocity:
- 0.014999999664723873
- 0.014687499962747097
effort:
- .nan
- .nan
---
header:
  stamp:
    sec: 1791161070
    nanosec: 112308533
  frame_id: base_link
name:
- joint_x
- joint_y
position:
- 0.026012500748038292
- 0.026012500748038292
velocity:
- 0.014375000260770321
- 0.014687499962747097
effort:
- .nan
- .nan
---
header:
  stamp:
    sec: 1791161070
    nanosec: 132301776
  frame_id: base_link
name:
- joint_x
- joint_y
position:
- 0.02630000002682209
- 0.02630000002682209
velocity:
- 0.014375000260770321
- 0.014375000260770321
effort:
- .nan
- .nan
---
header:
  stamp:
    sec: 1791161070
    nanosec: 152313569
  frame_id: base_link
name:
- joint_x
- joint_y
position:
- 0.0265749990940094
- 0.0265749990940094
velocity:
- 0.013749999925494194
- 0.013749999925494194
effort:
- .nan
- .nan
---
header:
  stamp:
    sec: 1791161070
    nanosec: 172313837
  frame_id: base_link
name:
- joint_x
- joint_y
position:
- 0.027112500742077827
- 0.027112500742077827
velocity:
- 0.012812499888241291
- 0.012812499888241291
effort:
- .nan
- .nan
---
header:
  stamp:
    sec: 1791161070
    nanosec: 192311099
  frame_id: base_link
name:
- joint_x
- joint_y
position:
- 0.02736249938607216
- 0.02736249938607216
velocity:
- 0.012500000186264515
- 0.012500000186264515
effort:
- .nan
- .nan
---
header:
  stamp:
    sec: 1791161070
    nanosec: 212319058
  frame_id: base_link
name:
- joint_x
- joint_y
position:
- 0.02760625071823597
- 0.02760625071823597
velocity:
- 0.012187499552965164
- 0.011874999850988388
effort:
- .nan
- .nan
---
header:
  stamp:
    sec: 1791161070
    nanosec: 232306249
  frame_id: base_link
name:
- joint_x
- joint_y
position:
- 0.02785000018775463
- 0.02785000018775463
velocity:
- 0.011607143096625805
- 0.011904762126505375
effort:
- .nan
- .nan
---
header:
  stamp:
    sec: 1791161070
    nanosec: 252310928
  frame_id: base_link
name:
- joint_x
- joint_y
position:
- 0.028081249445676804
- 0.028081249445676804
velocity:
- 0.011562500149011612
- 0.011562500149011612
effort:
- .nan
- .nan
---
header:
  stamp:
    sec: 1791161070
    nanosec: 272321015
  frame_id: base_link
name:
- joint_x
- joint_y
position:
- 0.028293749317526817
- 0.028293749317526817
velocity:
- 0.010625000111758709
- 0.010625000111758709
effort:
- .nan
- .nan
---
header:
  stamp:
    sec: 1791161070
    nanosec: 292307144
  frame_id: base_link
name:
- joint_x
- joint_y
position:
- 0.02849375084042549
- 0.02849375084042549
velocity:
- 0.009999999776482582
- 0.009999999776482582
effort:
- .nan
- .nan
---
header:
  stamp:
    sec: 1791161070
    nanosec: 312306050
  frame_id: base_link
name:
- joint_x
- joint_y
position:
- 0.028687499463558197
- 0.028687499463558197
velocity:
- 0.009687500074505806
- 0.009687500074505806
effort:
- .nan
- .nan
---
header:
  stamp:
    sec: 1791161070
    nanosec: 332320893
  frame_id: base_link
name:
- joint_x
- joint_y
position:
- 0.028868749737739563
- 0.028868749737739563
velocity:
- 0.009062499739229679
- 0.009062499739229679
effort:
- .nan
- .nan
---
header:
  stamp:
    sec: 1791161070
    nanosec: 352304165
  frame_id: base_link
name:
- joint_x
- joint_y
position:
- 0.029206249862909317
- 0.029206249862909317
velocity:
- 0.0078125
- 0.0078125
effort:
- .nan
- .nan
---
header:
  stamp:
    sec: 1791161070
    nanosec: 372304956
  frame_id: base_link
name:
- joint_x
- joint_y
position:
- 0.029349999502301216
- 0.029349999502301216
velocity:
- 0.0071875001303851604
- 0.0071875001303851604
effort:
- .nan
- .nan
---
header:
  stamp:
    sec: 1791161070
    nanosec: 392306839
  frame_id: base_link
name:
- joint_x
- joint_y
position:
- 0.029487499967217445
- 0.029487499967217445
velocity:
- 0.006874999962747097
- 0.006874999962747097
effort:
- .nan
- .nan
---
header:
  stamp:
    sec: 1791161070
    nanosec: 412302678
  frame_id: base_link
name:
- joint_x
- joint_y
position:
- 0.029618749395012856
- 0.029618749395012856
velocity:
- 0.006562499795109034
- 0.006562499795109034
effort:
- .nan
- .nan
---
header:
  stamp:
    sec: 1791161070
    nanosec: 432300469
  frame_id: base_link
name:
- joint_x
- joint_y
position:
- 0.029731249436736107
- 0.029731249436736107
velocity:
- 0.005625000223517418
- 0.005625000223517418
effort:
- .nan
- .nan
---
header:
  stamp:
    sec: 1791161070
    nanosec: 452319928
  frame_id: base_link
name:
- joint_x
- joint_y
position:
- 0.02983124926686287
- 0.0298250000923872
velocity:
- 0.004687500186264515
- 0.004687500186264515
effort:
- .nan
- .nan
---
header:
  stamp:
    sec: 1791161070
    nanosec: 472309481
  frame_id: base_link
name:
- joint_x
- joint_y
position:
- 0.029912499710917473
- 0.029912499710917473
velocity:
- 0.0043750000186264515
- 0.0043750000186264515
effort:
- .nan
- .nan
---
header:
  stamp:
    sec: 1791161074
    nanosec: 76877491
  frame_id: base_link
name:
- joint_x
- joint_y
position:
- 0.029987499117851257
- 0.029987499117851257
velocity:
- 0.0037499999161809683
- 0.0037499999161809683
effort:
- .nan
- .nan
---
header:
  stamp:
    sec: 1791161074
    nanosec: 96871030
  frame_id: base_link
name:
- joint_x
- joint_y
position:
- 0.030050000175833702
- 0.030050000175833702
velocity:
- 0.0029761905316263437
- 0.0029761905316263437
effort:
- .nan
- .nan
---
header:
  stamp:
    sec: 1791161074
    nanosec: 116868661
  frame_id: base_link
name:
- joint_x
- joint_y
position:
- 0.03009999915957451
- 0.03009999915957451
velocity:
- 0.0024999999441206455
- 0.0024999999441206455
effort:
- .nan
- .nan
---
header:
  stamp:
    sec: 1791161074
    nanosec: 136901773
  frame_id: base_link
name:
- joint_x
- joint_y
position:
- 0.030150000005960464
- 0.030150000005960464
velocity:
- 0.0009374999790452421
- 0.0009374999790452421
effort:
- .nan
- .nan
---
header:
  stamp:
    sec: 1791161074
    nanosec: 156875436
  frame_id: base_link
name:
- joint_x
- joint_y
position:
- 0.030156249180436134
- 0.030150000005960464
velocity:
- 0.0003124999930150807
- 0.0
effort:
- .nan
- .nan
---
header:
  stamp:
    sec: 1791161074
    nanosec: 176866712
  frame_id: base_link
name:
- joint_x
- joint_y
position:
- 0.030143750831484795
- 0.030143750831484795
velocity:
- -0.0006249999860301614
- 0.0
effort:
- .nan
- .nan
---
header:
  stamp:
    sec: 1791161074
    nanosec: 196869038
  frame_id: base_link
name:
- joint_x
- joint_y
position:
- 0.030118750408291817
- 0.030118750408291817
velocity:
- -0.0012499999720603228
- -0.0015625000232830644
effort:
- .nan
- .nan
---
header:
  stamp:
    sec: 1791161074
    nanosec: 216872074
  frame_id: base_link
name:
- joint_x
- joint_y
position:
- 0.03008124977350235
- 0.03008124977350235
velocity:
- -0.0018749999580904841
- -0.0018749999580904841
effort:
- .nan
- .nan
---
header:
  stamp:
    sec: 1791161074
    nanosec: 236858470
  frame_id: base_link
name:
- joint_x
- joint_y
position:
- 0.030024999752640724
- 0.030024999752640724
velocity:
- -0.002812500111758709
- -0.002812500111758709
effort:
- .nan
- .nan
---
header:
  stamp:
    sec: 1791161074
    nanosec: 256855945
  frame_id: base_link
name:
- joint_x
- joint_y
position:
- 0.02995624952018261
- 0.02995624952018261
velocity:
- -0.0034374999813735485
- -0.0034374999813735485
effort:
- .nan
- .nan
---
header:
  stamp:
    sec: 1791161074
    nanosec: 276865401
  frame_id: base_link
name:
- joint_x
- joint_y
position:
- 0.029868749901652336
- 0.029868749901652336
velocity:
- -0.004166666883975267
- -0.004166666883975267
effort:
- .nan
- .nan
---
header:
  stamp:
    sec: 1791161074
    nanosec: 296857501
  frame_id: base_link
name:
- joint_x
- joint_y
position:
- 0.029768750071525574
- 0.029768750071525574
velocity:
- -0.004999999888241291
- -0.004999999888241291
effort:
- .nan
- .nan
---
header:
  stamp:
    sec: 1791161074
    nanosec: 316855726
  frame_id: base_link
name:
- joint_x
- joint_y
position:
- 0.0295375008136034
- 0.0295375008136034
velocity:
- -0.005937499925494194
- -0.005937499925494194
effort:
- .nan
- .nan
---
header:
  stamp:
    sec: 1791161074
    nanosec: 336879216
  frame_id: base_link
name:
- joint_x
- joint_y
position:
- 0.029406249523162842
- 0.029406249523162842
velocity:
- -0.006562499795109034
- -0.006562499795109034
effort:
- .nan
- .nan
---
header:
  stamp:
    sec: 1791161074
    nanosec: 356874482
  frame_id: base_link
name:
- joint_x
- joint_y
position:
- 0.029249999672174454
- 0.029249999672174454
velocity:
- -0.0078125
- -0.0078125
effort:
- .nan
- .nan
---
header:
  stamp:
    sec: 1791161074
    nanosec: 376880247
  frame_id: base_link
name:
- joint_x
- joint_y
position:
- 0.029093749821186066
- 0.029093749821186066
velocity:
- -0.0078125
- -0.0078125
effort:
- .nan
- .nan
---
header:
  stamp:
    sec: 1791161074
    nanosec: 396864027
  frame_id: base_link
name:
- joint_x
- joint_y
position:
- 0.02892499975860119
- 0.02892499975860119
velocity:
- -0.008437500335276127
- -0.008124999701976776
effort:
- .nan
- .nan
---
header:
  stamp:
    sec: 1791161074
    nanosec: 416854933
  frame_id: base_link
name:
- joint_x
- joint_y
position:
- 0.028750000521540642
- 0.028743749484419823
velocity:
- -0.008750000037252903
- -0.009062499739229679
effort:
- .nan
- .nan
---
header:
  stamp:
    sec: 1791161074
    nanosec: 436861962
  frame_id: base_link
name:
- joint_x
- joint_y
position:
- 0.028556250035762787
- 0.028556250035762787
velocity:
- -0.009687500074505806
- -0.009687500074505806
effort:
- .nan
- .nan
---
header:
  stamp:
    sec: 1791161074
    nanosec: 456867421
  frame_id: base_link
name:
- joint_x
- joint_y
position:
- 0.028343750163912773
- 0.028349999338388443
velocity:
- -0.010312500409781933
- -0.010312500409781933
effort:
- .nan
- .nan
---
header:
  stamp:
    sec: 1791161074
    nanosec: 476863861
  frame_id: base_link
name:
- joint_x
- joint_y
position:
- 0.02813749946653843
- 0.02813749946653843
velocity:
- -0.010625000111758709
- -0.010625000111758709
effort:
- .nan
- .nan
---
header:
  stamp:
    sec: 1791161074
    nanosec: 496861132
  frame_id: base_link
name:
- joint_x
- joint_y
position:
- 0.027687499299645424
- 0.027687499299645424
velocity:
- -0.011562500149011612
- -0.011250000447034836
effort:
- .nan
- .nan
---
header:
  stamp:
    sec: 1791161074
    nanosec: 516873359
  frame_id: base_link
name:
- joint_x
- joint_y
position:
- 0.027431249618530273
- 0.027431249618530273
velocity:
- -0.012202381156384945
- -0.012202381156384945
effort:
- .nan
- .nan
---
header:
  stamp:
    sec: 1791161074
    nanosec: 536868917
  frame_id: base_link
name:
- joint_x
- joint_y
position:
- 0.027174999937415123
- 0.027168750762939453
velocity:
- -0.012812499888241291
- -0.013124999590218067
effort:
- .nan
- .nan
---
header:
  stamp:
    sec: 1791161074
    nanosec: 556865065
  frame_id: base_link
name:
- joint_x
- joint_y
position:
- 0.026912499219179153
- 0.026912499219179153
velocity:
- -0.013124999590218067
- -0.012812499888241291
effort:
- .nan
- .nan
---
header:
  stamp:
    sec: 1791161074
    nanosec: 576865923
  frame_id: base_link
name:
- joint_x
- joint_y
position:
- 0.026650000363588333
- 0.026643749326467514
velocity:
- -0.013124999590218067
- -0.013124999590218067
effort:
- .nan
- .nan
---
header:
  stamp:
    sec: 1791161074
    nanosec: 596869233
  frame_id: base_link
name:
- joint_x
- joint_y
position:
- 0.026368750259280205
- 0.026368750259280205
velocity:
- -0.01406249962747097
- -0.013749999925494194
effort:
- .nan
- .nan
---
header:
  stamp:
    sec: 1791161074
    nanosec: 616857882
  frame_id: base_link
name:
- joint_x
- joint_y
position:
- 0.026087500154972076
- 0.026087500154972076
velocity:
- -0.01406249962747097
- -0.014375000260770321
effort:
- .nan
- .nan
---
header:
  stamp:
    sec: 1791161074
    nanosec: 636881521
  frame_id: base_link
name:
- joint_x
- joint_y
position:
- 0.02578124962747097
- 0.02578124962747097
velocity:
- -0.014583333395421505
- -0.014583333395421505
effort:
- .nan
- .nan
---
header:
  stamp:
    sec: 1791161074
    nanosec: 656909523
  frame_id: base_link
name:
- joint_x
- joint_y
position:
- 0.025481250137090683
- 0.025481250137090683
velocity:
- -0.014583333395421505
- -0.014583333395421505
effort:
- .nan
- .nan
---
header:
  stamp:
    sec: 1791161074
    nanosec: 676865774
  frame_id: base_link
name:
- joint_x
- joint_y
position:
- 0.025174999609589577
- 0.025174999609589577
velocity:
- -0.015384615398943424
- -0.015384615398943424
effort:
- .nan
- .nan
---
header:
  stamp:
    sec: 1791161074
    nanosec: 696877989
  frame_id: base_link
name:
- joint_x
- joint_y
position:
- 0.024531250819563866
- 0.024531250819563866
velocity:
- -0.016875000670552254
- -0.01656249910593033
effort:
- .nan
- .nan
---
header:
  stamp:
    sec: 1791161074
    nanosec: 716871632
  frame_id: base_link
name:
- joint_x
- joint_y
position:
- 0.0242062509059906
- 0.0242062509059906
velocity:
- -0.016249999403953552
- -0.01656249910593033
effort:
- .nan
- .nan
---
header:
  stamp:
    sec: 1791161074
    nanosec: 736879839
  frame_id: base_link
name:
- joint_x
- joint_y
position:
- 0.023874999955296516
- 0.023874999955296516
velocity:
- -0.01656249910593033
- -0.01656249910593033
effort:
- .nan
- .nan
---
header:
  stamp:
    sec: 1791161074
    nanosec: 756874941
  frame_id: base_link
name:
- joint_x
- joint_y
position:
- 0.023531250655651093
- 0.023537499830126762
velocity:
- -0.01718750037252903
- -0.016875000670552254
effort:
- .nan
- .nan
---
header:
  stamp:
    sec: 1791161074
    nanosec: 776862094
  frame_id: base_link
name:
- joint_x
- joint_y
position:
- 0.02318749949336052
- 0.02318749949336052
velocity:
- -0.01718750037252903
- -0.017500000074505806
effort:
- .nan
- .nan
---
header:
  stamp:
    sec: 1791161074
    nanosec: 796861889
  frame_id: base_link
name:
- joint_x
- joint_y
position:
- 0.022818749770522118
- 0.022818749770522118
velocity:
- -0.01755952462553978
- -0.01755952462553978
effort:
- .nan
- .nan
---
header:
  stamp:
    sec: 1791161074
    nanosec: 816864367
  frame_id: base_link
name:
- joint_x
- joint_y
position:
- 0.022443750873208046
- 0.022443750873208046
velocity:
- -0.018437499180436134
- -0.018437499180436134
effort:
- .nan
- .nan
---
header:
  stamp:
    sec: 1791161074
    nanosec: 836864045
  frame_id: base_link
name:
- joint_x
- joint_y
position:
- 0.022087499499320984
- 0.022087499499320984
velocity:
- -0.018124999478459358
- -0.018124999478459358
effort:
- .nan
- .nan
---
header:
  stamp:
    sec: 1791161074
    nanosec: 856860065
  frame_id: base_link
name:
- joint_x
- joint_y
position:
- 0.021718749776482582
- 0.0217250008136034
velocity:
- -0.018124999478459358
- -0.018124999478459358
effort:
- .nan
- .nan
---
header:
  stamp:
    sec: 1791161074
    nanosec: 876892698
  frame_id: base_link
name:
- joint_x
- joint_y
position:
- 0.02096875011920929
- 0.02096875011920929
velocity:
- -0.019375000149011612
- -0.019687499850988388
effort:
- .nan
- .nan
---
header:
  stamp:
    sec: 1791161074
    nanosec: 896861256
  frame_id: base_link
name:
- joint_x
- joint_y
position:
- 0.02059374935925007
- 0.02059374935925007
velocity:
- -0.01875000074505806
- -0.01875000074505806
effort:
- .nan
- .nan
---
header:
  stamp:
    sec: 1791161074
    nanosec: 916856500
  frame_id: base_link
name:
- joint_x
- joint_y
position:
- 0.020212499424815178
- 0.020212499424815178
velocity:
- -0.019062500447034836
- -0.019062500447034836
effort:
- .nan
- .nan
---
header:
  stamp:
    sec: 1791161074
    nanosec: 936871435
  frame_id: base_link
name:
- joint_x
- joint_y
position:
- 0.019825000315904617
- 0.019825000315904617
velocity:
- -0.019375000149011612
- -0.019375000149011612
effort:
- .nan
- .nan
---
header:
  stamp:
    sec: 1791161074
    nanosec: 956859743
  frame_id: base_link
name:
- joint_x
- joint_y
position:
- 0.019437499344348907
- 0.019443750381469727
velocity:
- -0.019375000149011612
- -0.019062500447034836
effort:
- .nan
- .nan
---
header:
  stamp:
    sec: 1791161074
    nanosec: 976846124
  frame_id: base_link
name:
- joint_x
- joint_y
position:
- 0.019050000235438347
- 0.019050000235438347
velocity:
- -0.019375000149011612
- -0.019687499850988388
effort:
- .nan
- .nan
---
header:
  stamp:
    sec: 1791161074
    nanosec: 996873227
  frame_id: base_link
name:
- joint_x
- joint_y
position:
- 0.01863124966621399
- 0.01863750070333481
velocity:
- -0.020937500521540642
- -0.020625000819563866
effort:
- .nan
- .nan
---
header:
  stamp:
    sec: 1791161075
    nanosec: 16871026
  frame_id: base_link
name:
- joint_x
- joint_y
position:
- 0.01823749952018261
- 0.01823749952018261
velocity:
- -0.019687499850988388
- -0.019999999552965164
effort:
- .nan
- .nan
---
header:
  stamp:
    sec: 1791161075
    nanosec: 36861545
  frame_id: base_link
name:
- joint_x
- joint_y
position:
- 0.01783750019967556
- 0.01784374937415123
velocity:
- -0.019999999552965164
- -0.019687499850988388
effort:
- .nan
- .nan
---
header:
  stamp:
    sec: 1791161075
    nanosec: 56860949
  frame_id: base_link
name:
- joint_x
- joint_y
position:
- 0.01743750087916851
- 0.01744375005364418
velocity:
- -0.019687499850988388
- -0.019999999552965164
effort:
- .nan
- .nan
---
header:
  stamp:
    sec: 1791161075
    nanosec: 76882740
  frame_id: base_link
name:
- joint_x
- joint_y
position:
- 0.016599999740719795
- 0.016599999740719795
velocity:
- -0.020937500521540642
- -0.020937500521540642
effort:
- .nan
- .nan
---
header:
  stamp:
    sec: 1791161075
    nanosec: 96877291
  frame_id: base_link
name:
- joint_x
- joint_y
position:
- 0.016200000420212746
- 0.016200000420212746
velocity:
- -0.02031249925494194
- -0.02031249925494194
effort:
- .nan
- .nan
---
header:
  stamp:
    sec: 1791161075
    nanosec: 116880100
  frame_id: base_link
name:
- joint_x
- joint_y
position:
- 0.015793750062584877
- 0.015793750062584877
velocity:
- -0.02031249925494194
- -0.02031249925494194
effort:
- .nan
- .nan
---
header:
  stamp:
    sec: 1791161075
    nanosec: 136909537
  frame_id: base_link
name:
- joint_x
- joint_y
position:
- 0.015387499704957008
- 0.015393749810755253
velocity:
- -0.02031249925494194
- -0.019999999552965164
effort:
- .nan
- .nan
---
header:
  stamp:
    sec: 1791161075
    nanosec: 156870371
  frame_id: base_link
name:
- joint_x
- joint_y
position:
- 0.014981250278651714
- 0.014987500384449959
velocity:
- -0.02031249925494194
- -0.02031249925494194
effort:
- .nan
- .nan
---
header:
  stamp:
    sec: 1791161075
    nanosec: 176862190
  frame_id: base_link
name:
- joint_x
- joint_y
position:
- 0.01458125002682209
- 0.01458125002682209
velocity:
- -0.019999999552965164
- -0.02031249925494194
effort:
- .nan
- .nan
---
header:
  stamp:
    sec: 1791161075
    nanosec: 196864457
  frame_id: base_link
name:
- joint_x
- joint_y
position:
- 0.014156250283122063
- 0.014156250283122063
velocity:
- -0.021250000223517418
- -0.020937500521540642
effort:
- .nan
- .nan
---
header:
  stamp:
    sec: 1791161075
    nanosec: 216860928
  frame_id: base_link
name:
- joint_x
- joint_y
position:
- 0.013749999925494194
- 0.013749999925494194
velocity:
- -0.02031249925494194
- -0.02031249925494194
effort:
- .nan
- .nan
---
header:
  stamp:
    sec: 1791161075
    nanosec: 236870316
  frame_id: base_link
name:
- joint_x
- joint_y
position:
- 0.01334999967366457
- 0.013343749567866325
velocity:
- -0.019999999552965164
- -0.02031249925494194
effort:
- .nan
- .nan
---
header:
  stamp:
    sec: 1791161075
    nanosec: 256911672
  frame_id: base_link
name:
- joint_x
- joint_y
position:
- 0.012531249783933163
- 0.012531249783933163
velocity:
- -0.020937500521540642
- -0.020937500521540642
effort:
- .nan
- .nan
---
header:
  stamp:
    sec: 1791161075
    nanosec: 276868665
  frame_id: base_link
name:
- joint_x
- joint_y
position:
- 0.012131250463426113
- 0.012131250463426113
velocity:
- -0.019687499850988388
- -0.019999999552965164
effort:
- .nan
- .nan
---
header:
  stamp:
    sec: 1791161075
    nanosec: 296863824
  frame_id: base_link
name:
- joint_x
- joint_y
position:
- 0.011731250211596489
- 0.011737500317394733
velocity:
- -0.019999999552965164
- -0.019999999552965164
effort:
- .nan
- .nan
---
header:
  stamp:
    sec: 1791161075
    nanosec: 316866931
  frame_id: base_link
name:
- joint_x
- joint_y
position:
- 0.01133750006556511
- 0.01133750006556511
velocity:
- -0.019687499850988388
- -0.019687499850988388
effort:
- .nan
- .nan
---
header:
  stamp:
    sec: 1791161075
    nanosec: 336862153
  frame_id: base_link
name:
- joint_x
- joint_y
position:
- 0.01094374991953373
- 0.010950000025331974
velocity:
- -0.019687499850988388
- -0.019687499850988388
effort:
- .nan
- .nan
---
header:
  stamp:
    sec: 1791161075
    nanosec: 356856912
  frame_id: base_link
name:
- joint_x
- joint_y
position:
- 0.010537499561905861
- 0.010537499561905861
velocity:
- -0.01964285783469677
- -0.01964285783469677
effort:
- .nan
- .nan
---
header:
  stamp:
    sec: 1791161075
    nanosec: 376856124
  frame_id: base_link
name:
- joint_x
- joint_y
position:
- 0.010131250135600567
- 0.010131250135600567
velocity:
- -0.02031249925494194
- -0.02031249925494194
effort:
- .nan
- .nan
---
header:
  stamp:
    sec: 1791161075
    nanosec: 396891219
  frame_id: base_link
name:
- joint_x
- joint_y
position:
- 0.009743750095367432
- 0.009750000201165676
velocity:
- -0.019062500447034836
- -0.019062500447034836
effort:
- .nan
- .nan
---
header:
  stamp:
    sec: 1791161075
    nanosec: 416860435
  frame_id: base_link
name:
- joint_x
- joint_y
position:
- 0.009362500160932541
- 0.009368750266730785
velocity:
- -0.019062500447034836
- -0.019062500447034836
effort:
- .nan
- .nan
---
header:
  stamp:
    sec: 1791161075
    nanosec: 436859484
  frame_id: base_link
name:
- joint_x
- joint_y
position:
- 0.00860000029206276
- 0.008606250397861004
velocity:
- -0.019375000149011612
- -0.019062500447034836
effort:
- .nan
- .nan
---
header:
  stamp:
    sec: 1791161075
    nanosec: 456859111
  frame_id: base_link
name:
- joint_x
- joint_y
position:
- 0.008237499743700027
- 0.008237499743700027
velocity:
- -0.018437499180436134
- -0.01875000074505806
effort:
- .nan
- .nan
---
header:
  stamp:
    sec: 1791161075
    nanosec: 476877310
  frame_id: base_link
name:
- joint_x
- joint_y
position:
- 0.007868750020861626
- 0.00787500012665987
velocity:
- -0.018437499180436134
- -0.018124999478459358
effort:
- .nan
- .nan
---
header:
  stamp:
    sec: 1791161075
    nanosec: 496877716
  frame_id: base_link
name:
- joint_x
- joint_y
position:
- 0.0075125000439584255
- 0.0075125000439584255
velocity:
- -0.017500000074505806
- -0.018124999478459358
effort:
- .nan
- .nan
---
header:
  stamp:
    sec: 1791161075
    nanosec: 516868963
  frame_id: base_link
name:
- joint_x
- joint_y
position:
- 0.00716250017285347
- 0.00716250017285347
velocity:
- -0.017812499776482582
- -0.017500000074505806
effort:
- .nan
- .nan
---
header:
  stamp:
    sec: 1791161075
    nanosec: 536898242
  frame_id: base_link
name:
- joint_x
- joint_y
position:
- 0.006793749984353781
- 0.006793749984353781
velocity:
- -0.01755952462553978
- -0.01755952462553978
effort:
- .nan
- .nan
---
header:
  stamp:
    sec: 1791161075
    nanosec: 556867227
  frame_id: base_link
name:
- joint_x
- joint_y
position:
- 0.006431249901652336
- 0.006431249901652336
velocity:
- -0.018124999478459358
- -0.017812499776482582
effort:
- .nan
- .nan
---
header:
  stamp:
    sec: 1791161075
    nanosec: 576872567
  frame_id: base_link
name:
- joint_x
- joint_y
position:
- 0.006093749776482582
- 0.006093749776482582
velocity:
- -0.016875000670552254
- -0.016875000670552254
effort:
- .nan
- .nan
---
header:
  stamp:
    sec: 1791161075
    nanosec: 596872516
  frame_id: base_link
name:
- joint_x
- joint_y
position:
- 0.00576250022277236
- 0.00576250022277236
velocity:
- -0.016249999403953552
- -0.01656249910593033
effort:
- .nan
- .nan
---
header:
  stamp:
    sec: 1791161075
    nanosec: 616868952
  frame_id: base_link
name:
- joint_x
- joint_y
position:
- 0.0054374998435378075
- 0.0054374998435378075
velocity:
- -0.016249999403953552
- -0.016249999403953552
effort:
- .nan
- .nan
---
header:
  stamp:
    sec: 1791161075
    nanosec: 636877392
  frame_id: base_link
name:
- joint_x
- joint_y
position:
- 0.004781249910593033
- 0.004781249910593033
velocity:
- -0.016249999403953552
- -0.016249999403953552
effort:
- .nan
- .nan
---
header:
  stamp:
    sec: 1791161075
    nanosec: 656890503
  frame_id: base_link
name:
- joint_x
- joint_y
position:
- 0.004474999848753214
- 0.004474999848753214
velocity:
- -0.015312500298023224
- -0.015312500298023224
effort:
- .nan
- .nan
---
header:
  stamp:
    sec: 1791161075
    nanosec: 676862797
  frame_id: base_link
name:
- joint_x
- joint_y
position:
- 0.004181249998509884
- 0.004181249998509884
velocity:
- -0.014687499962747097
- -0.014687499962747097
effort:
- .nan
- .nan
---
header:
  stamp:
    sec: 1791161075
    nanosec: 696849800
  frame_id: base_link
name:
- joint_x
- joint_y
position:
- 0.0038937500212341547
- 0.0038874999154359102
velocity:
- -0.014375000260770321
- -0.014375000260770321
effort:
- .nan
- .nan
---
header:
  stamp:
    sec: 1791161075
    nanosec: 716869059
  frame_id: base_link
name:
- joint_x
- joint_y
position:
- 0.0036124999169260263
- 0.0036062500439584255
velocity:
- -0.01406249962747097
- -0.01406249962747097
effort:
- .nan
- .nan
---
header:
  stamp:
    sec: 1791161075
    nanosec: 736858883
  frame_id: base_link
name:
- joint_x
- joint_y
position:
- 0.0033187500666826963
- 0.0033187500666826963
velocity:
- -0.013988095335662365
- -0.013988095335662365
effort:
- .nan
- .nan
---
header:
  stamp:
    sec: 1791161075
    nanosec: 756927916
  frame_id: base_link
name:
- joint_x
- joint_y
position:
- 0.0030437500681728125
- 0.0030437500681728125
velocity:
- -0.013749999925494194
- -0.013749999925494194
effort:
- .nan
- .nan
---
header:
  stamp:
    sec: 1791161075
    nanosec: 776867142
  frame_id: base_link
name:
- joint_x
- joint_y
position:
- 0.002781250048428774
- 0.0027874999213963747
velocity:
- -0.013124999590218067
- -0.012812499888241291
effort:
- .nan
- .nan
---
header:
  stamp:
    sec: 1791161075
    nanosec: 796857389
  frame_id: base_link
name:
- joint_x
- joint_y
position:
- 0.002537500113248825
- 0.002537500113248825
velocity:
- -0.012187499552965164
- -0.012500000186264515
effort:
- .nan
- .nan
---
header:
  stamp:
    sec: 1791161075
    nanosec: 816853532
  frame_id: base_link
name:
- joint_x
- joint_y
position:
- 0.002300000051036477
- 0.002300000051036477
velocity:
- -0.011874999850988388
- -0.011874999850988388
effort:
- .nan
- .nan
---
header:
  stamp:
    sec: 1791161075
    nanosec: 836874230
  frame_id: base_link
name:
- joint_x
- joint_y
position:
- 0.0018312500324100256
- 0.0018312500324100256
velocity:
- -0.011562500149011612
- -0.011250000447034836
effort:
- .nan
- .nan
---
header:
  stamp:
    sec: 1791161075
    nanosec: 856864763
  frame_id: base_link
name:
- joint_x
- joint_y
position:
- 0.0016250000335276127
- 0.0016250000335276127
velocity:
- -0.010312500409781933
- -0.010625000111758709
effort:
- .nan
- .nan
---
header:
  stamp:
    sec: 1791161075
    nanosec: 876881463
  frame_id: base_link
name:
- joint_x
- joint_y
position:
- 0.0014250000240281224
- 0.0014250000240281224
velocity:
- -0.009999999776482582
- -0.009999999776482582
effort:
- .nan
- .nan
---
header:
  stamp:
    sec: 1791161075
    nanosec: 896880206
  frame_id: base_link
name:
- joint_x
- joint_y
position:
- 0.0012374999932944775
- 0.0012437499826774001
velocity:
- -0.00937500037252903
- -0.009062499739229679
effort:
- .nan
- .nan
---
header:
  stamp:
    sec: 1791161075
    nanosec: 916882757
  frame_id: base_link
name:
- joint_x
- joint_y
position:
- 0.0010625000577419996
- 0.0010625000577419996
velocity:
- -0.008750000037252903
- -0.009062499739229679
effort:
- .nan
- .nan
---
header:
  stamp:
    sec: 1791161075
    nanosec: 936877574
  frame_id: base_link
name:
- joint_x
- joint_y
position:
- 0.0008875000057742
- 0.0008875000057742
velocity:
- -0.008750000037252903
- -0.008750000037252903
effort:
- .nan
- .nan
---
header:
  stamp:
    sec: 1791161075
    nanosec: 956897877
  frame_id: base_link
name:
- joint_x
- joint_y
position:
- 0.0007375000277534127
- 0.0007375000277534127
velocity:
- -0.007499999832361937
- -0.007499999832361937
effort:
- .nan
- .nan
---
header:
  stamp:
    sec: 1791161075
    nanosec: 976873530
  frame_id: base_link
name:
- joint_x
- joint_y
position:
- 0.0005937499809078872
- 0.0005937499809078872
velocity:
- -0.0071875001303851604
- -0.0071875001303851604
effort:
- .nan
- .nan
---
header:
  stamp:
    sec: 1791161075
    nanosec: 996859639
  frame_id: base_link
name:
- joint_x
- joint_y
position:
- 0.00045625001075677574
- 0.0004625000001396984
velocity:
- -0.006562499795109034
- -0.006562499795109034
effort:
- .nan
- .nan
---
header:
  stamp:
    sec: 1791161076
    nanosec: 16865933
  frame_id: base_link
name:
- joint_x
- joint_y
position:
- 0.0003375000087544322
- 0.0003375000087544322
velocity:
- -0.0059523810632526875
- -0.0059523810632526875
effort:
- .nan
- .nan
---
header:
  stamp:
    sec: 1791161076
    nanosec: 36868027
  frame_id: base_link
name:
- joint_x
- joint_y
position:
- 0.00013124999532010406
- 0.00013124999532010406
velocity:
- -0.004687500186264515
- -0.004687500186264515
effort:
- .nan
- .nan
---
header:
  stamp:
    sec: 1791161076
    nanosec: 56864558
  frame_id: base_link
name:
- joint_x
- joint_y
position:
- 4.999999873689376e-05
- 4.999999873689376e-05
velocity:
- -0.004062499850988388
- -0.004062499850988388
effort:
- .nan
- .nan
---
header:
  stamp:
    sec: 1791161076
    nanosec: 76875991
  frame_id: base_link
name:
- joint_x
- joint_y
position:
- -1.249999968422344e-05
- -1.249999968422344e-05
velocity:
- -0.0031250000465661287
- -0.0031250000465661287
effort:
- .nan
- .nan
---
header:
  stamp:
    sec: 1791161076
    nanosec: 96915527
  frame_id: base_link
name:
- joint_x
- joint_y
position:
- -6.874999962747097e-05
- -6.874999962747097e-05
velocity:
- -0.002812500111758709
- -0.002812500111758709
effort:
- .nan
- .nan
---
header:
  stamp:
    sec: 1791161076
    nanosec: 116872434
  frame_id: base_link
name:
- joint_x
- joint_y
position:
- -0.00011249999806750566
- -0.00011249999806750566
velocity:
- -0.0021875000093132257
- -0.0021875000093132257
effort:
- .nan
- .nan
---
header:
  stamp:
    sec: 1791161076
    nanosec: 136859506
  frame_id: base_link
name:
- joint_x
- joint_y
position:
- -0.00013749999925494194
- -0.00013749999925494194
velocity:
- -0.0012499999720603228
- -0.0012499999720603228
effort:
- .nan
- .nan
---
header:
  stamp:
    sec: 1791161076
    nanosec: 156861911
  frame_id: base_link
name:
- joint_x
- joint_y
position:
- -0.0001500000071246177
- -0.0001500000071246177
velocity:
- -0.0006249999860301614
- -0.0006249999860301614
effort:
- .nan
- .nan
---
header:
  stamp:
    sec: 1791161076
    nanosec: 176888303
  frame_id: base_link
name:
- joint_x
- joint_y
position:
- -0.00015624999650754035
- -0.00014375000318977982
velocity:
- -0.0003124999930150807
- 0.0003124999930150807
effort:
- .nan
- .nan
---
header:
  stamp:
    sec: 1791161076
    nanosec: 196942657
  frame_id: base_link
name:
- joint_x
- joint_y
position:
- -9.999999747378752e-05
- -8.749999688006938e-05
velocity:
- 0.0021875000093132257
- 0.0021875000093132257
effort:
- .nan
- .nan
---
header:
  stamp:
    sec: 1791161076
    nanosec: 216884642
  frame_id: base_link
name:
- joint_x
- joint_y
position:
- -6.874999962747097e-05
- -6.25000029685907e-05
velocity:
- 0.0015625000232830644
- 0.0012499999720603228
effort:
- .nan
- .nan
---
header:
  stamp:
    sec: 1791161076
    nanosec: 236892883
  frame_id: base_link
name:
- joint_x
- joint_y
position:
- 0.0
- 0.0
velocity:
- 0.0034374999813735485
- 0.0031250000465661287
effort:
- .nan
- .nan
---
header:
  stamp:
    sec: 1791161076
    nanosec: 256872811
  frame_id: base_link
name:
- joint_x
- joint_y
position:
- 0.0
- 0.0
velocity:
- 0.0
- 0.0
effort:
- .nan
- .nan
---
header:
  stamp:
    sec: 1791161076
    nanosec: 276899871
  frame_id: base_link
name:
- joint_x
- joint_y
position:
- 0.0
- 0.0
velocity:
- 0.0
- 0.0
effort:
- .nan
- .nan
---
header:
  stamp:
    sec: 1791161076
    nanosec: 296889642
  frame_id: base_link
name:
- joint_x
- joint_y
position:
- 0.0
- 0.0
velocity:
- 0.0
- 0.0
effort:
- .nan
- .nan
---
header:
  stamp:
    sec: 1791161076
    nanosec: 316885563
  frame_id: base_link
name:
- joint_x
- joint_y
position:
- 0.0
- 0.0
velocity:
- 0.0
- 0.0
effort:
- .nan
- .nan
---
header:
  stamp:
    sec: 1791161076
    nanosec: 336888537
  frame_id: base_link
name:
- joint_x
- joint_y
position:
- 0.0
- 0.0
velocity:
- 0.0
- 0.0
effort:
- .nan
- .nan
---
header:
  stamp:
    sec: 1791161076
    nanosec: 356882168
  frame_id: base_link
name:
- joint_x
- joint_y
position:
- 0.0
- 0.0
velocity:
- 0.0
- 0.0
effort:
- .nan
- .nan
---
header:
  stamp:
    sec: 1791161076
    nanosec: 376888983
  frame_id: base_link
name:
- joint_x
- joint_y
position:
- 0.0
- 0.0
velocity:
- 0.0
- 0.0
effort:
- .nan
- .nan
---
header:
  stamp:
    sec: 1791161076
    nanosec: 396890131
  frame_id: base_link
name:
- joint_x
- joint_y
position:
- 0.0
- 0.0
velocity:
- 0.0
- 0.0
effort:
- .nan
- .nan
---
header:
  stamp:
    sec: 1791161076
    nanosec: 416878879
  frame_id: base_link
name:
- joint_x
- joint_y
position:
- 0.0
- 0.0
velocity:
- 0.0
- 0.0
effort:
- .nan
- .nan
---
