[INFO] [launch]: All log files can be found below /home/adam/.ros/log/2026-10-04-19-44-20-509186-DESKTOP-HF5K4CO-41574
[INFO] [launch]: Default logging verbosity is set to INFO
[INFO] [robot_state_publisher-1]: process started with pid [41613]
[INFO] [ros2_control_node-2]: process started with pid [41615]
[INFO] [spawner-3]: process started with pid [41617]
[INFO] [spawner-4]: process started with pid [41619]
[robot_state_publisher-1] [INFO] [1791161060.981842878] [robot_state_publisher]: Robot initialized
[ros2_control_node-2] [INFO] [1791161061.005730433] [controller_manager]: Using Steady (Monotonic) clock for triggering controller manager cycles.
[ros2_control_node-2] [INFO] [1791161061.131827277] [controller_manager]: Subscribing to '/robot_description' topic for robot description.
[ros2_control_node-2] [INFO] [1791161061.131888121] [controller_manager]: update rate is 50 Hz
[ros2_control_node-2] [INFO] [1791161061.131898768] [controller_manager]: Overruns handling is : enabled
[ros2_control_node-2] [INFO] [1791161061.131905063] [controller_manager]: Spawning controller_manager RT thread with scheduler priority: 50
[ros2_control_node-2] [WARN] [1791161061.142061086] [controller_manager]: Could not enable FIFO RT scheduling policy: with error number <1>(Operation not permitted). See [https://control.ros.org/master/doc/ros2_control/controller_manager/doc/userdoc.html] for details on how to enable realtime scheduling.
[ros2_control_node-2] [INFO] [1791161061.153061312] [controller_manager]: Received robot description from topic.
[ros2_control_node-2] [INFO] [1791161061.153096287] [controller_manager]: Enforcing command limits is disabled. Command limits from URDF will be ignored.
[ros2_control_node-2] [INFO] [1791161061.181908227] [controller_manager]: Loading hardware 'ClearCore' 
[ros2_control_node-2] [INFO] [1791161061.243422695] [controller_manager]: Loaded hardware 'ClearCore' from plugin 'clearcore_hardware/ClearCoreSystemHardware'
[ros2_control_node-2] [INFO] [1791161061.243795459] [controller_manager]: Initialize hardware 'ClearCore' 
[ros2_control_node-2] [INFO] [1791161061.247746338] [controller_manager]: Successful initialization of hardware 'ClearCore'
[ros2_control_node-2] [INFO] [1791161061.247987414] [controller_manager]: Activating component 'ClearCore'.
[ros2_control_node-2] [INFO] [1791161061.247998193] [resource_manager]: 'configure' hardware 'ClearCore' 
[ros2_control_node-2] [INFO] [1791161061.248001457] [resource_manager]: Successful 'configure' of hardware 'ClearCore'
[ros2_control_node-2] [INFO] [1791161061.248004513] [resource_manager]: 'activate' hardware 'ClearCore' 
[ros2_control_node-2] [INFO] [1791161061.306004528] [resource_manager]: Successful 'activate' of hardware 'ClearCore'
[ros2_control_node-2] [INFO] [1791161061.306073157] [controller_manager]: Registering statistics for : ClearCore
[ros2_control_node-2] [INFO] [1791161061.306175319] [controller_manager]: Resource Manager has been successfully initialized. Starting Controller Manager services...
[spawner-3] [INFO] [1791161061.391654009] [spawner_joint_state_broadcaster]: waiting for service /controller_manager/list_controllers to become available...
[ros2_control_node-2] [INFO] [1791161061.643533821] [controller_manager]: Loading controller : 'joint_state_broadcaster' of type 'joint_state_broadcaster/JointStateBroadcaster'
[ros2_control_node-2] [INFO] [1791161061.643563792] [controller_manager]: Loading controller 'joint_state_broadcaster'
[ros2_control_node-2] [INFO] [1791161061.666445257] [controller_manager]: Controller 'joint_state_broadcaster' node arguments: --ros-args --params-file /mnt/d/CCDev/EnhancedClearCoreLibrary/ClearCoreROS/ros2_ws/install/clearcore_hardware/share/clearcore_hardware/config/controllers.yaml --params-file /tmp/launch_params_cpn6ro78 
[spawner-3] [INFO] [1791161061.693197972] [spawner_joint_state_broadcaster]: Loaded joint_state_broadcaster
[ros2_control_node-2] [INFO] [1791161061.693880454] [controller_manager]: Configuring controller: 'joint_state_broadcaster'
[ros2_control_node-2] [INFO] [1791161061.693931360] [joint_state_broadcaster]: 'joints' or 'interfaces' parameter is empty. All available state interfaces will be published
[ros2_control_node-2] [INFO] [1791161061.713346471] [controller_manager]: Activating controllers: [ joint_state_broadcaster ]
[ros2_control_node-2] [INFO] [1791161061.732451134] [controller_manager]: Successfully switched controllers!
[spawner-3] [INFO] [1791161061.753002757] [spawner_joint_state_broadcaster]: Configured and activated joint_state_broadcaster
[spawner-4] [INFO] [1791161061.820300383] [spawner_joint_trajectory_controller]: waiting for service /controller_manager/list_controllers to become available...
[INFO] [spawner-3]: process has finished cleanly [pid 41617]
[ros2_control_node-2] [INFO] [1791161062.071828265] [controller_manager]: Loading controller : 'joint_trajectory_controller' of type 'joint_trajectory_controller/JointTrajectoryController'
[ros2_control_node-2] [INFO] [1791161062.071863498] [controller_manager]: Loading controller 'joint_trajectory_controller'
[ros2_control_node-2] [INFO] [1791161062.078294550] [controller_manager]: Controller 'joint_trajectory_controller' node arguments: --ros-args --params-file /mnt/d/CCDev/EnhancedClearCoreLibrary/ClearCoreROS/ros2_ws/install/clearcore_hardware/share/clearcore_hardware/config/controllers.yaml --params-file /tmp/launch_params_cpn6ro78 
[spawner-4] [INFO] [1791161062.133141773] [spawner_joint_trajectory_controller]: Loaded joint_trajectory_controller
[ros2_control_node-2] [INFO] [1791161062.134037497] [controller_manager]: Configuring controller: 'joint_trajectory_controller'
[ros2_control_node-2] [INFO] [1791161062.134156710] [joint_trajectory_controller]: No specific joint names are used for command interfaces. Using 'joints' parameter.
[ros2_control_node-2] [INFO] [1791161062.134179669] [joint_trajectory_controller]: Command interfaces are [position] and state interfaces are [position velocity].
[ros2_control_node-2] [INFO] [1791161062.134190211] [joint_trajectory_controller]: Using 'splines' interpolation method.
[ros2_control_node-2] [INFO] [1791161062.135493925] [joint_trajectory_controller]: Action status changes will be monitored at 20.00 Hz.
[ros2_control_node-2] [INFO] [1791161062.138091703] [joint_trajectory_controller]: Setting initial scaling factor to 1.000000
[ros2_control_node-2] [INFO] [1791161062.138111208] [joint_trajectory_controller]: No scaling interface set. This controller will not read speed scaling from the hardware.
[ros2_control_node-2] [INFO] [1791161062.153451080] [controller_manager]: Activating controllers: [ joint_trajectory_controller ]
[ros2_control_node-2] [INFO] [1791161062.172417082] [controller_manager]: Successfully switched controllers!
[spawner-4] [INFO] [1791161062.193065347] [spawner_joint_trajectory_controller]: Configured and activated joint_trajectory_controller
[INFO] [spawner-4]: process has finished cleanly [pid 41619]
[ros2_control_node-2] [INFO] [1791161068.580402695] [joint_trajectory_controller]: Received new action goal
[ros2_control_node-2] [INFO] [1791161068.580436154] [joint_trajectory_controller]: Accepted new action goal
[ros2_control_node-2] [INFO] [1791161076.176848231] [joint_trajectory_controller]: Goal reached, success!
[WARNING] [launch]: user interrupted with ctrl-c (SIGINT)
[INFO] [ros2_control_node-2]: sending signal 'SIGINT' to process[ros2_control_node-2]
[INFO] [robot_state_publisher-1]: sending signal 'SIGINT' to process[robot_state_publisher-1]
[ros2_control_node-2] [INFO] [1791161076.590164841] [rclcpp]: signal_handler(SIGINT/SIGTERM)
[ros2_control_node-2] [INFO] [1791161076.590202206] [controller_manager]: Shutdown request received....
[ros2_control_node-2] [INFO] [1791161076.590232386] [controller_manager]: Shutting down all controllers in the controller manager.
[ros2_control_node-2] [INFO] [1791161076.590241402] [controller_manager]: Deactivating controller 'joint_trajectory_controller'
[ros2_control_node-2] [INFO] [1791161076.590259343] [controller_manager]: Shutting down controller 'joint_trajectory_controller'
[ros2_control_node-2] [INFO] [1791161076.590308997] [controller_manager]: Deactivating controller 'joint_state_broadcaster'
[ros2_control_node-2] [INFO] [1791161076.590346904] [controller_manager]: Shutting down controller 'joint_state_broadcaster'
[ros2_control_node-2] [INFO] [1791161076.590367127] [resource_manager]: 'deactivate' hardware 'ClearCore' 
[robot_state_publisher-1] [INFO] [1791161076.590567052] [rclcpp]: signal_handler(SIGINT/SIGTERM)
[ros2_control_node-2] [INFO] [1791161076.591168694] [resource_manager]: Successful 'deactivate' of hardware 'ClearCore'
[ros2_control_node-2] [INFO] [1791161076.591177197] [resource_manager]: 'shutdown' hardware 'ClearCore' 
[ros2_control_node-2] [INFO] [1791161076.591179263] [resource_manager]: Successful 'shutdown' of hardware 'ClearCore'
[ros2_control_node-2] [INFO] [1791161076.591197787] [controller_manager]: Shutting down the controller manager.
[ros2_control_node-2] [ERROR] [1791161076.591268289] [controller_manager.pal_statistics]: Exception in publisher thread: context cannot be slept with because it's invalid!. Aborting!
[ros2_control_node-2] [ERROR] [1791161076.591271366] [controller_manager.pal_statistics]: Exception in publisher thread: context cannot be slept with because it's invalid!. Aborting!
[ros2_control_node-2] [INFO] [1791161076.597093887] [controller_manager.pal_statistics]: Async messages lost 0
[ros2_control_node-2] [INFO] [1791161076.597107949] [controller_manager.pal_statistics]: publish_async_failures_ 0
[ros2_control_node-2] [INFO] [1791161076.597744844] [controller_manager.pal_statistics]: Async messages lost 0
[ros2_control_node-2] [INFO] [1791161076.597758866] [controller_manager.pal_statistics]: publish_async_failures_ 0
[INFO] [robot_state_publisher-1]: process has finished cleanly [pid 41613]
[INFO] [ros2_control_node-2]: process has finished cleanly [pid 41615]
