[INFO] [launch]: All log files can be found below /home/adam/.ros/log/2026-10-04-20-43-50-315531-DESKTOP-HF5K4CO-79705
[INFO] [launch]: Default logging verbosity is set to INFO
[INFO] [robot_state_publisher-1]: process started with pid [79744]
[INFO] [ros2_control_node-2]: process started with pid [79746]
[INFO] [spawner-3]: process started with pid [79748]
[INFO] [spawner-4]: process started with pid [79750]
[robot_state_publisher-1] [INFO] [1791164630.787503583] [robot_state_publisher]: Robot initialized
[ros2_control_node-2] [INFO] [1791164630.811269299] [controller_manager]: Using Steady (Monotonic) clock for triggering controller manager cycles.
[ros2_control_node-2] [INFO] [1791164630.954188197] [controller_manager]: Subscribing to '/robot_description' topic for robot description.
[ros2_control_node-2] [INFO] [1791164630.954246191] [controller_manager]: update rate is 50 Hz
[ros2_control_node-2] [INFO] [1791164630.954257597] [controller_manager]: Overruns handling is : enabled
[ros2_control_node-2] [INFO] [1791164630.954270623] [controller_manager]: Spawning controller_manager RT thread with scheduler priority: 50
[ros2_control_node-2] [WARN] [1791164630.958514283] [controller_manager]: Could not enable FIFO RT scheduling policy: with error number <1>(Operation not permitted). See [https://control.ros.org/master/doc/ros2_control/controller_manager/doc/userdoc.html] for details on how to enable realtime scheduling.
[ros2_control_node-2] [INFO] [1791164631.003907051] [controller_manager]: Received robot description from topic.
[ros2_control_node-2] [INFO] [1791164631.003949183] [controller_manager]: Enforcing command limits is disabled. Command limits from URDF will be ignored.
[ros2_control_node-2] [INFO] [1791164631.061771127] [controller_manager]: Loading hardware 'ClearCore' 
[ros2_control_node-2] [INFO] [1791164631.151400009] [controller_manager]: Loaded hardware 'ClearCore' from plugin 'clearcore_hardware/ClearCoreSystemHardware'
[ros2_control_node-2] [INFO] [1791164631.152400640] [controller_manager]: Initialize hardware 'ClearCore' 
[ros2_control_node-2] [INFO] [1791164631.162172818] [controller_manager]: Successful initialization of hardware 'ClearCore'
[ros2_control_node-2] [INFO] [1791164631.162345457] [controller_manager]: Activating component 'ClearCore'.
[ros2_control_node-2] [INFO] [1791164631.162352784] [resource_manager]: 'configure' hardware 'ClearCore' 
[ros2_control_node-2] [INFO] [1791164631.162355206] [resource_manager]: Successful 'configure' of hardware 'ClearCore'
[ros2_control_node-2] [INFO] [1791164631.162357151] [resource_manager]: 'activate' hardware 'ClearCore' 
[ros2_control_node-2] [INFO] [1791164631.203728355] [resource_manager]: Successful 'activate' of hardware 'ClearCore'
[ros2_control_node-2] [INFO] [1791164631.203788272] [controller_manager]: Registering statistics for : ClearCore
[ros2_control_node-2] [INFO] [1791164631.203983478] [controller_manager]: Resource Manager has been successfully initialized. Starting Controller Manager services...
[spawner-3] [INFO] [1791164631.346109714] [spawner_joint_state_broadcaster]: waiting for service /controller_manager/list_controllers to become available...
[ros2_control_node-2] [INFO] [1791164631.349469830] [controller_manager]: Loading controller : 'joint_state_broadcaster' of type 'joint_state_broadcaster/JointStateBroadcaster'
[ros2_control_node-2] [INFO] [1791164631.349500496] [controller_manager]: Loading controller 'joint_state_broadcaster'
[ros2_control_node-2] [INFO] [1791164631.389325516] [controller_manager]: Controller 'joint_state_broadcaster' node arguments: --ros-args --params-file /mnt/d/CCDev/EnhancedClearCoreLibrary/ClearCoreROS/ros2_ws/install/clearcore_hardware/share/clearcore_hardware/config/controllers.yaml --params-file /tmp/launch_params_1xw61xec 
[spawner-3] [INFO] [1791164631.419681127] [spawner_joint_state_broadcaster]: Loaded joint_state_broadcaster
[ros2_control_node-2] [INFO] [1791164631.724389959] [controller_manager]: Configuring controller: 'joint_state_broadcaster'
[ros2_control_node-2] [INFO] [1791164631.724456202] [joint_state_broadcaster]: 'joints' or 'interfaces' parameter is empty. All available state interfaces will be published
[ros2_control_node-2] [INFO] [1791164631.740080993] [controller_manager]: Activating controllers: [ joint_state_broadcaster ]
[ros2_control_node-2] [INFO] [1791164631.758783748] [controller_manager]: Successfully switched controllers!
[spawner-3] [INFO] [1791164631.779500069] [spawner_joint_state_broadcaster]: Configured and activated joint_state_broadcaster
[spawner-4] [INFO] [1791164631.862641681] [spawner_joint_trajectory_controller]: waiting for service /controller_manager/list_controllers to become available...
[INFO] [spawner-3]: process has finished cleanly [pid 79748]
[ros2_control_node-2] [INFO] [1791164634.616361323] [controller_manager]: Loading controller : 'joint_trajectory_controller' of type 'joint_trajectory_controller/JointTrajectoryController'
[ros2_control_node-2] [INFO] [1791164634.616423459] [controller_manager]: Loading controller 'joint_trajectory_controller'
[ros2_control_node-2] [INFO] [1791164634.622890118] [controller_manager]: Controller 'joint_trajectory_controller' node arguments: --ros-args --params-file /mnt/d/CCDev/EnhancedClearCoreLibrary/ClearCoreROS/ros2_ws/install/clearcore_hardware/share/clearcore_hardware/config/controllers.yaml --params-file /tmp/launch_params_1xw61xec 
[spawner-4] [INFO] [1791164634.659560093] [spawner_joint_trajectory_controller]: Loaded joint_trajectory_controller
[ros2_control_node-2] [INFO] [1791164634.660390573] [controller_manager]: Configuring controller: 'joint_trajectory_controller'
[ros2_control_node-2] [INFO] [1791164634.660491474] [joint_trajectory_controller]: No specific joint names are used for command interfaces. Using 'joints' parameter.
[ros2_control_node-2] [INFO] [1791164634.660511720] [joint_trajectory_controller]: Command interfaces are [position] and state interfaces are [position velocity].
[ros2_control_node-2] [INFO] [1791164634.660523197] [joint_trajectory_controller]: Using 'splines' interpolation method.
[ros2_control_node-2] [INFO] [1791164634.661932934] [joint_trajectory_controller]: Action status changes will be monitored at 20.00 Hz.
[ros2_control_node-2] [INFO] [1791164634.664616893] [joint_trajectory_controller]: Setting initial scaling factor to 1.000000
[ros2_control_node-2] [INFO] [1791164634.664628475] [joint_trajectory_controller]: No scaling interface set. This controller will not read speed scaling from the hardware.
[ros2_control_node-2] [INFO] [1791164634.679953034] [controller_manager]: Activating controllers: [ joint_trajectory_controller ]
[ros2_control_node-2] [INFO] [1791164634.698894217] [controller_manager]: Successfully switched controllers!
[spawner-4] [INFO] [1791164634.719744198] [spawner_joint_trajectory_controller]: Configured and activated joint_trajectory_controller
[INFO] [spawner-4]: process has finished cleanly [pid 79750]
[ros2_control_node-2] [INFO] [1791164640.745309290] [joint_trajectory_controller]: Received new action goal
[ros2_control_node-2] [INFO] [1791164640.745341641] [joint_trajectory_controller]: Accepted new action goal
[ros2_control_node-2] [INFO] [1791164644.758730196] [joint_trajectory_controller]: Goal reached, success!
[WARNING] [launch]: user interrupted with ctrl-c (SIGINT)
[INFO] [ros2_control_node-2]: sending signal 'SIGINT' to process[ros2_control_node-2]
[INFO] [robot_state_publisher-1]: sending signal 'SIGINT' to process[robot_state_publisher-1]
[ros2_control_node-2] [INFO] [1791164645.144036585] [rclcpp]: signal_handler(SIGINT/SIGTERM)
[ros2_control_node-2] [INFO] [1791164645.144080917] [controller_manager]: Shutdown request received....
[ros2_control_node-2] [INFO] [1791164645.144127496] [controller_manager]: Shutting down all controllers in the controller manager.
[ros2_control_node-2] [INFO] [1791164645.144137454] [controller_manager]: Deactivating controller 'joint_trajectory_controller'
[ros2_control_node-2] [INFO] [1791164645.144158268] [controller_manager]: Shutting down controller 'joint_trajectory_controller'
[ros2_control_node-2] [INFO] [1791164645.144228839] [controller_manager]: Deactivating controller 'joint_state_broadcaster'
[ros2_control_node-2] [INFO] [1791164645.144239511] [controller_manager]: Shutting down controller 'joint_state_broadcaster'
[ros2_control_node-2] [INFO] [1791164645.144259744] [resource_manager]: 'deactivate' hardware 'ClearCore' 
[robot_state_publisher-1] [INFO] [1791164645.144531796] [rclcpp]: signal_handler(SIGINT/SIGTERM)
[ros2_control_node-2] [INFO] [1791164645.145155194] [resource_manager]: Successful 'deactivate' of hardware 'ClearCore'
[ros2_control_node-2] [INFO] [1791164645.145162683] [resource_manager]: 'shutdown' hardware 'ClearCore' 
[ros2_control_node-2] [INFO] [1791164645.145164546] [resource_manager]: Successful 'shutdown' of hardware 'ClearCore'
[ros2_control_node-2] [INFO] [1791164645.145185431] [controller_manager]: Shutting down the controller manager.
[ros2_control_node-2] [ERROR] [1791164645.145271651] [controller_manager.pal_statistics]: Exception in publisher thread: context cannot be slept with because it's invalid!. Aborting!
[ros2_control_node-2] [ERROR] [1791164645.145283007] [controller_manager.pal_statistics]: Exception in publisher thread: context cannot be slept with because it's invalid!. Aborting!
[ros2_control_node-2] [INFO] [1791164645.158834359] [controller_manager.pal_statistics]: Async messages lost 0
[ros2_control_node-2] [INFO] [1791164645.158849308] [controller_manager.pal_statistics]: publish_async_failures_ 0
[ros2_control_node-2] [INFO] [1791164645.159480679] [controller_manager.pal_statistics]: Async messages lost 0
[ros2_control_node-2] [INFO] [1791164645.159495299] [controller_manager.pal_statistics]: publish_async_failures_ 1
[INFO] [robot_state_publisher-1]: process has finished cleanly [pid 79744]
[INFO] [ros2_control_node-2]: process has finished cleanly [pid 79746]
