[INFO] [launch]: All log files can be found below /home/adam/.ros/log/2026-10-04-19-40-44-526883-DESKTOP-HF5K4CO-38204
[INFO] [launch]: Default logging verbosity is set to INFO
[INFO] [robot_state_publisher-1]: process started with pid [38243]
[INFO] [ros2_control_node-2]: process started with pid [38245]
[INFO] [spawner-3]: process started with pid [38247]
[INFO] [spawner-4]: process started with pid [38249]
[robot_state_publisher-1] [INFO] [1791160844.978718704] [robot_state_publisher]: Robot initialized
[ros2_control_node-2] [INFO] [1791160845.000095985] [controller_manager]: Using Steady (Monotonic) clock for triggering controller manager cycles.
[ros2_control_node-2] [INFO] [1791160845.116178734] [controller_manager]: Subscribing to '/robot_description' topic for robot description.
[ros2_control_node-2] [INFO] [1791160845.116237183] [controller_manager]: update rate is 50 Hz
[ros2_control_node-2] [INFO] [1791160845.116247905] [controller_manager]: Overruns handling is : enabled
[ros2_control_node-2] [INFO] [1791160845.116254441] [controller_manager]: Spawning controller_manager RT thread with scheduler priority: 50
[ros2_control_node-2] [WARN] [1791160845.121008840] [controller_manager]: Could not enable FIFO RT scheduling policy: with error number <1>(Operation not permitted). See [https://control.ros.org/master/doc/ros2_control/controller_manager/doc/userdoc.html] for details on how to enable realtime scheduling.
[ros2_control_node-2] [INFO] [1791160845.147798745] [controller_manager]: Received robot description from topic.
[ros2_control_node-2] [INFO] [1791160845.147989778] [controller_manager]: Enforcing command limits is disabled. Command limits from URDF will be ignored.
[ros2_control_node-2] [INFO] [1791160845.207476970] [controller_manager]: Loading hardware 'ClearCore' 
[ros2_control_node-2] [INFO] [1791160845.278883882] [controller_manager]: Loaded hardware 'ClearCore' from plugin 'clearcore_hardware/ClearCoreSystemHardware'
[ros2_control_node-2] [INFO] [1791160845.278952418] [controller_manager]: Initialize hardware 'ClearCore' 
[ros2_control_node-2] [INFO] [1791160845.283131360] [controller_manager]: Successful initialization of hardware 'ClearCore'
[ros2_control_node-2] [INFO] [1791160845.283325910] [controller_manager]: Activating component 'ClearCore'.
[ros2_control_node-2] [INFO] [1791160845.283335051] [resource_manager]: 'configure' hardware 'ClearCore' 
[ros2_control_node-2] [INFO] [1791160845.283338021] [resource_manager]: Successful 'configure' of hardware 'ClearCore'
[ros2_control_node-2] [INFO] [1791160845.283341165] [resource_manager]: 'activate' hardware 'ClearCore' 
[ros2_control_node-2] [INFO] [1791160845.323164646] [resource_manager]: Successful 'activate' of hardware 'ClearCore'
[ros2_control_node-2] [INFO] [1791160845.323212694] [controller_manager]: Registering statistics for : ClearCore
[ros2_control_node-2] [INFO] [1791160845.323304283] [controller_manager]: Resource Manager has been successfully initialized. Starting Controller Manager services...
[spawner-3] [INFO] [1791160845.488341045] [spawner_joint_state_broadcaster]: waiting for service /controller_manager/list_controllers to become available...
[ros2_control_node-2] [INFO] [1791160845.739661722] [controller_manager]: Loading controller : 'joint_state_broadcaster' of type 'joint_state_broadcaster/JointStateBroadcaster'
[ros2_control_node-2] [INFO] [1791160845.739700699] [controller_manager]: Loading controller 'joint_state_broadcaster'
[ros2_control_node-2] [INFO] [1791160845.762223305] [controller_manager]: Controller 'joint_state_broadcaster' node arguments: --ros-args --params-file /mnt/d/CCDev/EnhancedClearCoreLibrary/ClearCoreROS/ros2_ws/install/clearcore_hardware/share/clearcore_hardware/config/controllers.yaml --params-file /tmp/launch_params_rky5m6q0 
[spawner-3] [INFO] [1791160845.782122712] [spawner_joint_state_broadcaster]: Loaded joint_state_broadcaster
[ros2_control_node-2] [INFO] [1791160845.782936652] [controller_manager]: Configuring controller: 'joint_state_broadcaster'
[ros2_control_node-2] [INFO] [1791160845.782991338] [joint_state_broadcaster]: 'joints' or 'interfaces' parameter is empty. All available state interfaces will be published
[ros2_control_node-2] [INFO] [1791160845.802455609] [controller_manager]: Activating controllers: [ joint_state_broadcaster ]
[ros2_control_node-2] [INFO] [1791160845.821273782] [controller_manager]: Successfully switched controllers!
[spawner-3] [INFO] [1791160845.842015605] [spawner_joint_state_broadcaster]: Configured and activated joint_state_broadcaster
[spawner-4] [INFO] [1791160845.934134937] [spawner_joint_trajectory_controller]: waiting for service /controller_manager/list_controllers to become available...
[INFO] [spawner-3]: process has finished cleanly [pid 38247]
[ros2_control_node-2] [INFO] [1791160846.731628478] [controller_manager]: Loading controller : 'joint_trajectory_controller' of type 'joint_trajectory_controller/JointTrajectoryController'
[ros2_control_node-2] [INFO] [1791160846.731670798] [controller_manager]: Loading controller 'joint_trajectory_controller'
[ros2_control_node-2] [INFO] [1791160846.737776160] [controller_manager]: Controller 'joint_trajectory_controller' node arguments: --ros-args --params-file /mnt/d/CCDev/EnhancedClearCoreLibrary/ClearCoreROS/ros2_ws/install/clearcore_hardware/share/clearcore_hardware/config/controllers.yaml --params-file /tmp/launch_params_rky5m6q0 
[spawner-4] [INFO] [1791160846.802257949] [spawner_joint_trajectory_controller]: Loaded joint_trajectory_controller
[ros2_control_node-2] [INFO] [1791160846.803191856] [controller_manager]: Configuring controller: 'joint_trajectory_controller'
[ros2_control_node-2] [INFO] [1791160846.803397852] [joint_trajectory_controller]: No specific joint names are used for command interfaces. Using 'joints' parameter.
[ros2_control_node-2] [INFO] [1791160846.803447138] [joint_trajectory_controller]: Command interfaces are [position] and state interfaces are [position velocity].
[ros2_control_node-2] [INFO] [1791160846.803467857] [joint_trajectory_controller]: Using 'splines' interpolation method.
[ros2_control_node-2] [INFO] [1791160846.805584063] [joint_trajectory_controller]: Action status changes will be monitored at 20.00 Hz.
[ros2_control_node-2] [INFO] [1791160846.808314362] [joint_trajectory_controller]: Setting initial scaling factor to 1.000000
[ros2_control_node-2] [INFO] [1791160846.808343977] [joint_trajectory_controller]: No scaling interface set. This controller will not read speed scaling from the hardware.
[ros2_control_node-2] [INFO] [1791160846.822515208] [controller_manager]: Activating controllers: [ joint_trajectory_controller ]
[ros2_control_node-2] [INFO] [1791160846.841533386] [controller_manager]: Successfully switched controllers!
[spawner-4] [INFO] [1791160846.862694327] [spawner_joint_trajectory_controller]: Configured and activated joint_trajectory_controller
[INFO] [spawner-4]: process has finished cleanly [pid 38249]
[ros2_control_node-2] [INFO] [1791160853.085265382] [joint_trajectory_controller]: Received new action goal
[ros2_control_node-2] [INFO] [1791160853.085305001] [joint_trajectory_controller]: Accepted new action goal
[ros2_control_node-2] [INFO] [1791160860.686576233] [joint_trajectory_controller]: Goal reached, success!
[WARNING] [launch]: user interrupted with ctrl-c (SIGINT)
[INFO] [ros2_control_node-2]: sending signal 'SIGINT' to process[ros2_control_node-2]
[INFO] [robot_state_publisher-1]: sending signal 'SIGINT' to process[robot_state_publisher-1]
[ros2_control_node-2] [INFO] [1791160861.064431621] [rclcpp]: signal_handler(SIGINT/SIGTERM)
[ros2_control_node-2] [INFO] [1791160861.064465202] [controller_manager]: Shutdown request received....
[ros2_control_node-2] [INFO] [1791160861.064498071] [controller_manager]: Shutting down all controllers in the controller manager.
[ros2_control_node-2] [INFO] [1791160861.064507168] [controller_manager]: Deactivating controller 'joint_trajectory_controller'
[ros2_control_node-2] [INFO] [1791160861.064526802] [controller_manager]: Shutting down controller 'joint_trajectory_controller'
[ros2_control_node-2] [INFO] [1791160861.064575494] [controller_manager]: Deactivating controller 'joint_state_broadcaster'
[ros2_control_node-2] [INFO] [1791160861.064597051] [controller_manager]: Shutting down controller 'joint_state_broadcaster'
[ros2_control_node-2] [INFO] [1791160861.064611556] [resource_manager]: 'deactivate' hardware 'ClearCore' 
[robot_state_publisher-1] [INFO] [1791160861.064783012] [rclcpp]: signal_handler(SIGINT/SIGTERM)
[ros2_control_node-2] [INFO] [1791160861.065634384] [resource_manager]: Successful 'deactivate' of hardware 'ClearCore'
[ros2_control_node-2] [INFO] [1791160861.065643512] [resource_manager]: 'shutdown' hardware 'ClearCore' 
[ros2_control_node-2] [INFO] [1791160861.065645518] [resource_manager]: Successful 'shutdown' of hardware 'ClearCore'
[ros2_control_node-2] [INFO] [1791160861.065664788] [controller_manager]: Shutting down the controller manager.
[ros2_control_node-2] [ERROR] [1791160861.065734072] [controller_manager.pal_statistics]: Exception in publisher thread: context cannot be slept with because it's invalid!. Aborting!
[ros2_control_node-2] [ERROR] [1791160861.065736467] [controller_manager.pal_statistics]: Exception in publisher thread: context cannot be slept with because it's invalid!. Aborting!
[ros2_control_node-2] [INFO] [1791160861.066793108] [controller_manager.pal_statistics]: Async messages lost 0
[ros2_control_node-2] [INFO] [1791160861.066797333] [controller_manager.pal_statistics]: publish_async_failures_ 0
[ros2_control_node-2] [INFO] [1791160861.067550946] [controller_manager.pal_statistics]: Async messages lost 0
[ros2_control_node-2] [INFO] [1791160861.067555413] [controller_manager.pal_statistics]: publish_async_failures_ 0
[INFO] [robot_state_publisher-1]: process has finished cleanly [pid 38243]
[INFO] [ros2_control_node-2]: process has finished cleanly [pid 38245]
