A message was lost!!!
	total count change:1
	total count: 1---
header:
  stamp:
    sec: 1791164741
    nanosec: 294710972
  frame_id: base_link
name:
- joint_x
- joint_y
position:
- 0.0
- 0.0
velocity:
- 0.0
- 0.0
effort:
- .nan
- .nan
---
header:
  stamp:
    sec: 1791164741
    nanosec: 314665031
  frame_id: base_link
name:
- joint_x
- joint_y
position:
- 0.0
- 0.0
velocity:
- 0.0
- 0.0
effort:
- .nan
- .nan
---
header:
  stamp:
    sec: 1791164741
    nanosec: 334669836
  frame_id: base_link
name:
- joint_x
- joint_y
position:
- 0.0
- 0.0
velocity:
- 0.0
- 0.0
effort:
- .nan
- .nan
---
header:
  stamp:
    sec: 1791164741
    nanosec: 354684957
  frame_id: base_link
name:
- joint_x
- joint_y
position:
- 0.0
- 0.0
velocity:
- 0.0
- 0.0
effort:
- .nan
- .nan
---
header:
  stamp:
    sec: 1791164741
    nanosec: 374657005
  frame_id: base_link
name:
- joint_x
- joint_y
position:
- 0.0
- 0.0
velocity:
- 0.0
- 0.0
effort:
- .nan
- .nan
---
header:
  stamp:
    sec: 1791164741
    nanosec: 394668484
  frame_id: base_link
name:
- joint_x
- joint_y
position:
- 0.0
- 0.0
velocity:
- 0.0
- 0.0
effort:
- .nan
- .nan
---
header:
  stamp:
    sec: 1791164741
    nanosec: 414668371
  frame_id: base_link
name:
- joint_x
- joint_y
position:
- 0.0
- 0.0
velocity:
- 0.0
- 0.0
effort:
- .nan
- .nan
---
header:
  stamp:
    sec: 1791164741
    nanosec: 434666382
  frame_id: base_link
name:
- joint_x
- joint_y
position:
- 0.0
- 0.0
velocity:
- 0.0
- 0.0
effort:
- .nan
- .nan
---
header:
  stamp:
    sec: 1791164741
    nanosec: 454665289
  frame_id: base_link
name:
- joint_x
- joint_y
position:
- 0.0
- 0.0
velocity:
- 0.0
- 0.0
effort:
- .nan
- .nan
---
header:
  stamp:
    sec: 1791164741
    nanosec: 474667550
  frame_id: base_link
name:
- joint_x
- joint_y
position:
- 0.0
- 0.0
velocity:
- 0.0
- 0.0
effort:
- .nan
- .nan
---
header:
  stamp:
    sec: 1791164741
    nanosec: 494664532
  frame_id: base_link
name:
- joint_x
- joint_y
position:
- 0.0
- 0.0
velocity:
- 0.0
- 0.0
effort:
- .nan
- .nan
---
header:
  stamp:
    sec: 1791164741
    nanosec: 514674495
  frame_id: base_link
name:
- joint_x
- joint_y
position:
- 0.0
- 0.0
velocity:
- 0.0
- 0.0
effort:
- .nan
- .nan
---
header:
  stamp:
    sec: 1791164741
    nanosec: 534675901
  frame_id: base_link
name:
- joint_x
- joint_y
position:
- 0.0
- 0.0
velocity:
- 0.0
- 0.0
effort:
- .nan
- .nan
---
header:
  stamp:
    sec: 1791164741
    nanosec: 554664861
  frame_id: base_link
name:
- joint_x
- joint_y
position:
- 0.0
- 0.0
velocity:
- 0.0
- 0.0
effort:
- .nan
- .nan
---
header:
  stamp:
    sec: 1791164741
    nanosec: 574672469
  frame_id: base_link
name:
- joint_x
- joint_y
position:
- 0.0
- 0.0
velocity:
- 0.0
- 0.0
effort:
- .nan
- .nan
---
header:
  stamp:
    sec: 1791164741
    nanosec: 594669062
  frame_id: base_link
name:
- joint_x
- joint_y
position:
- 0.0
- 0.0
velocity:
- 0.0
- 0.0
effort:
- .nan
- .nan
---
header:
  stamp:
    sec: 1791164741
    nanosec: 614678533
  frame_id: base_link
name:
- joint_x
- joint_y
position:
- 0.0
- 0.0
velocity:
- 0.0
- 0.0
effort:
- .nan
- .nan
---
header:
  stamp:
    sec: 1791164741
    nanosec: 634679080
  frame_id: base_link
name:
- joint_x
- joint_y
position:
- 0.0
- 0.0
velocity:
- 0.0
- 0.0
effort:
- .nan
- .nan
---
header:
  stamp:
    sec: 1791164741
    nanosec: 654674030
  frame_id: base_link
name:
- joint_x
- joint_y
position:
- 0.0
- 0.0
velocity:
- 0.0
- 0.0
effort:
- .nan
- .nan
---
header:
  stamp:
    sec: 1791164741
    nanosec: 674671090
  frame_id: base_link
name:
- joint_x
- joint_y
position:
- 0.0
- 0.0
velocity:
- 0.0
- 0.0
effort:
- .nan
- .nan
---
header:
  stamp:
    sec: 1791164741
    nanosec: 694676682
  frame_id: base_link
name:
- joint_x
- joint_y
position:
- 0.0
- 0.0
velocity:
- 0.0
- 0.0
effort:
- .nan
- .nan
---
header:
  stamp:
    sec: 1791164741
    nanosec: 714680834
  frame_id: base_link
name:
- joint_x
- joint_y
position:
- 0.0
- 0.0
velocity:
- 0.0
- 0.0
effort:
- .nan
- .nan
---
header:
  stamp:
    sec: 1791164741
    nanosec: 734735841
  frame_id: base_link
name:
- joint_x
- joint_y
position:
- 0.0
- 0.0
velocity:
- 0.0
- 0.0
effort:
- .nan
- .nan
---
header:
  stamp:
    sec: 1791164741
    nanosec: 754680783
  frame_id: base_link
name:
- joint_x
- joint_y
position:
- 0.0
- 0.0
velocity:
- 0.0
- 0.0
effort:
- .nan
- .nan
---
header:
  stamp:
    sec: 1791164741
    nanosec: 774676087
  frame_id: base_link
name:
- joint_x
- joint_y
position:
- 0.0
- 0.0
velocity:
- 0.0
- 0.0
effort:
- .nan
- .nan
---
header:
  stamp:
    sec: 1791164741
    nanosec: 794686296
  frame_id: base_link
name:
- joint_x
- joint_y
position:
- 0.0
- 0.0
velocity:
- 0.0
- 0.0
effort:
- .nan
- .nan
---
header:
  stamp:
    sec: 1791164741
    nanosec: 814675389
  frame_id: base_link
name:
- joint_x
- joint_y
position:
- 0.0
- 0.0
velocity:
- 0.0
- 0.0
effort:
- .nan
- .nan
---
header:
  stamp:
    sec: 1791164741
    nanosec: 834677336
  frame_id: base_link
name:
- joint_x
- joint_y
position:
- 0.0
- 0.0
velocity:
- 0.0
- 0.0
effort:
- .nan
- .nan
---
header:
  stamp:
    sec: 1791164741
    nanosec: 854679377
  frame_id: base_link
name:
- joint_x
- joint_y
position:
- 0.0
- 0.0
velocity:
- 0.0
- 0.0
effort:
- .nan
- .nan
---
header:
  stamp:
    sec: 1791164741
    nanosec: 874678681
  frame_id: base_link
name:
- joint_x
- joint_y
position:
- 0.0
- 0.0
velocity:
- 0.0
- 0.0
effort:
- .nan
- .nan
---
header:
  stamp:
    sec: 1791164741
    nanosec: 894674423
  frame_id: base_link
name:
- joint_x
- joint_y
position:
- 0.0
- 0.0
velocity:
- 0.0
- 0.0
effort:
- .nan
- .nan
---
header:
  stamp:
    sec: 1791164741
    nanosec: 914681056
  frame_id: base_link
name:
- joint_x
- joint_y
position:
- 0.0
- 0.0
velocity:
- 0.0
- 0.0
effort:
- .nan
- .nan
---
header:
  stamp:
    sec: 1791164741
    nanosec: 934691791
  frame_id: base_link
name:
- joint_x
- joint_y
position:
- 0.0
- 0.0
velocity:
- 0.0
- 0.0
effort:
- .nan
- .nan
---
header:
  stamp:
    sec: 1791164741
    nanosec: 954681919
  frame_id: base_link
name:
- joint_x
- joint_y
position:
- 0.0
- 0.0
velocity:
- 0.0
- 0.0
effort:
- .nan
- .nan
---
header:
  stamp:
    sec: 1791164741
    nanosec: 974689793
  frame_id: base_link
name:
- joint_x
- joint_y
position:
- 0.0
- 0.0
velocity:
- 0.0
- 0.0
effort:
- .nan
- .nan
---
header:
  stamp:
    sec: 1791164741
    nanosec: 994683523
  frame_id: base_link
name:
- joint_x
- joint_y
position:
- 0.0
- 0.0
velocity:
- 0.0
- 0.0
effort:
- .nan
- .nan
---
header:
  stamp:
    sec: 1791164742
    nanosec: 14693291
  frame_id: base_link
name:
- joint_x
- joint_y
position:
- 0.0
- 0.0
velocity:
- 0.0
- 0.0
effort:
- .nan
- .nan
---
header:
  stamp:
    sec: 1791164742
    nanosec: 34691597
  frame_id: base_link
name:
- joint_x
- joint_y
position:
- 0.0
- 0.0
velocity:
- 0.0
- 0.0
effort:
- .nan
- .nan
---
header:
  stamp:
    sec: 1791164742
    nanosec: 54680835
  frame_id: base_link
name:
- joint_x
- joint_y
position:
- 0.0
- 0.0
velocity:
- 0.0
- 0.0
effort:
- .nan
- .nan
---
header:
  stamp:
    sec: 1791164742
    nanosec: 74695475
  frame_id: base_link
name:
- joint_x
- joint_y
position:
- 0.0
- 0.0
velocity:
- 0.0
- 0.0
effort:
- .nan
- .nan
---
header:
  stamp:
    sec: 1791164742
    nanosec: 94687116
  frame_id: base_link
name:
- joint_x
- joint_y
position:
- 0.0
- 0.0
velocity:
- 0.0
- 0.0
effort:
- .nan
- .nan
---
header:
  stamp:
    sec: 1791164742
    nanosec: 114693185
  frame_id: base_link
name:
- joint_x
- joint_y
position:
- 0.0
- 0.0
velocity:
- 0.0
- 0.0
effort:
- .nan
- .nan
---
header:
  stamp:
    sec: 1791164742
    nanosec: 134703560
  frame_id: base_link
name:
- joint_x
- joint_y
position:
- 0.0
- 0.0
velocity:
- 0.0
- 0.0
effort:
- .nan
- .nan
---
header:
  stamp:
    sec: 1791164742
    nanosec: 154686524
  frame_id: base_link
name:
- joint_x
- joint_y
position:
- 0.0
- 0.0
velocity:
- 0.0
- 0.0
effort:
- .nan
- .nan
---
header:
  stamp:
    sec: 1791164742
    nanosec: 174685001
  frame_id: base_link
name:
- joint_x
- joint_y
position:
- 0.0
- 0.0
velocity:
- 0.0
- 0.0
effort:
- .nan
- .nan
---
header:
  stamp:
    sec: 1791164742
    nanosec: 194704205
  frame_id: base_link
name:
- joint_x
- joint_y
position:
- 0.0
- 0.0
velocity:
- 0.0
- 0.0
effort:
- .nan
- .nan
---
header:
  stamp:
    sec: 1791164742
    nanosec: 214700683
  frame_id: base_link
name:
- joint_x
- joint_y
position:
- 0.0
- 0.0
velocity:
- 0.0
- 0.0
effort:
- .nan
- .nan
---
header:
  stamp:
    sec: 1791164742
    nanosec: 234695649
  frame_id: base_link
name:
- joint_x
- joint_y
position:
- 0.0
- 0.0
velocity:
- 0.0
- 0.0
effort:
- .nan
- .nan
---
header:
  stamp:
    sec: 1791164742
    nanosec: 254707773
  frame_id: base_link
name:
- joint_x
- joint_y
position:
- 0.0
- 0.0
velocity:
- 0.0
- 0.0
effort:
- .nan
- .nan
---
header:
  stamp:
    sec: 1791164742
    nanosec: 274709077
  frame_id: base_link
name:
- joint_x
- joint_y
position:
- 0.0
- 0.0
velocity:
- 0.0
- 0.0
effort:
- .nan
- .nan
---
header:
  stamp:
    sec: 1791164742
    nanosec: 294698019
  frame_id: base_link
name:
- joint_x
- joint_y
position:
- 0.0
- 0.0
velocity:
- 0.0
- 0.0
effort:
- .nan
- .nan
---
header:
  stamp:
    sec: 1791164742
    nanosec: 314710201
  frame_id: base_link
name:
- joint_x
- joint_y
position:
- 0.0
- 0.0
velocity:
- 0.0
- 0.0
effort:
- .nan
- .nan
---
header:
  stamp:
    sec: 1791164742
    nanosec: 334704614
  frame_id: base_link
name:
- joint_x
- joint_y
position:
- 0.0
- 0.0
velocity:
- 0.0
- 0.0
effort:
- .nan
- .nan
---
header:
  stamp:
    sec: 1791164742
    nanosec: 354694931
  frame_id: base_link
name:
- joint_x
- joint_y
position:
- 0.0
- 0.0
velocity:
- 0.0
- 0.0
effort:
- .nan
- .nan
---
header:
  stamp:
    sec: 1791164742
    nanosec: 374708346
  frame_id: base_link
name:
- joint_x
- joint_y
position:
- 0.0
- 0.0
velocity:
- 0.0
- 0.0
effort:
- .nan
- .nan
---
header:
  stamp:
    sec: 1791164742
    nanosec: 394708664
  frame_id: base_link
name:
- joint_x
- joint_y
position:
- 0.0
- 0.0
velocity:
- 0.0
- 0.0
effort:
- .nan
- .nan
---
header:
  stamp:
    sec: 1791164742
    nanosec: 414719278
  frame_id: base_link
name:
- joint_x
- joint_y
position:
- 0.0
- 0.0
velocity:
- 0.0
- 0.0
effort:
- .nan
- .nan
---
header:
  stamp:
    sec: 1791164742
    nanosec: 434725224
  frame_id: base_link
name:
- joint_x
- joint_y
position:
- 0.0
- 0.0
velocity:
- 0.0
- 0.0
effort:
- .nan
- .nan
---
header:
  stamp:
    sec: 1791164742
    nanosec: 454708340
  frame_id: base_link
name:
- joint_x
- joint_y
position:
- 0.0
- 0.0
velocity:
- 0.0
- 0.0
effort:
- .nan
- .nan
---
header:
  stamp:
    sec: 1791164742
    nanosec: 474725648
  frame_id: base_link
name:
- joint_x
- joint_y
position:
- 0.0
- 0.0
velocity:
- 0.0
- 0.0
effort:
- .nan
- .nan
---
header:
  stamp:
    sec: 1791164742
    nanosec: 494733065
  frame_id: base_link
name:
- joint_x
- joint_y
position:
- 0.0
- 0.0
velocity:
- 0.0
- 0.0
effort:
- .nan
- .nan
---
header:
  stamp:
    sec: 1791164742
    nanosec: 514739736
  frame_id: base_link
name:
- joint_x
- joint_y
position:
- 0.0
- 0.0
velocity:
- 0.0
- 0.0
effort:
- .nan
- .nan
---
header:
  stamp:
    sec: 1791164742
    nanosec: 534734661
  frame_id: base_link
name:
- joint_x
- joint_y
position:
- 0.0
- 0.0
velocity:
- 0.0
- 0.0
effort:
- .nan
- .nan
---
header:
  stamp:
    sec: 1791164742
    nanosec: 554731923
  frame_id: base_link
name:
- joint_x
- joint_y
position:
- 0.0
- 0.0
velocity:
- 0.0
- 0.0
effort:
- .nan
- .nan
---
header:
  stamp:
    sec: 1791164742
    nanosec: 574732505
  frame_id: base_link
name:
- joint_x
- joint_y
position:
- 0.0
- 0.0
velocity:
- 0.0
- 0.0
effort:
- .nan
- .nan
---
header:
  stamp:
    sec: 1791164742
    nanosec: 594739582
  frame_id: base_link
name:
- joint_x
- joint_y
position:
- 0.0
- 0.0
velocity:
- 0.0
- 0.0
effort:
- .nan
- .nan
---
header:
  stamp:
    sec: 1791164742
    nanosec: 614728671
  frame_id: base_link
name:
- joint_x
- joint_y
position:
- 0.0
- 0.0
velocity:
- 0.0
- 0.0
effort:
- .nan
- .nan
---
header:
  stamp:
    sec: 1791164742
    nanosec: 634724790
  frame_id: base_link
name:
- joint_x
- joint_y
position:
- 0.0
- 0.0
velocity:
- 0.0
- 0.0
effort:
- .nan
- .nan
---
header:
  stamp:
    sec: 1791164742
    nanosec: 654721680
  frame_id: base_link
name:
- joint_x
- joint_y
position:
- 0.0
- 0.0
velocity:
- 0.0
- 0.0
effort:
- .nan
- .nan
---
header:
  stamp:
    sec: 1791164742
    nanosec: 674715021
  frame_id: base_link
name:
- joint_x
- joint_y
position:
- 0.0
- 0.0
velocity:
- 0.0
- 0.0
effort:
- .nan
- .nan
---
header:
  stamp:
    sec: 1791164742
    nanosec: 694722060
  frame_id: base_link
name:
- joint_x
- joint_y
position:
- 0.0
- 0.0
velocity:
- 0.0
- 0.0
effort:
- .nan
- .nan
---
header:
  stamp:
    sec: 1791164742
    nanosec: 714740749
  frame_id: base_link
name:
- joint_x
- joint_y
position:
- 0.0
- 0.0
velocity:
- 0.0
- 0.0
effort:
- .nan
- .nan
---
header:
  stamp:
    sec: 1791164742
    nanosec: 734724616
  frame_id: base_link
name:
- joint_x
- joint_y
position:
- 0.0
- 0.0
velocity:
- 0.0
- 0.0
effort:
- .nan
- .nan
---
header:
  stamp:
    sec: 1791164742
    nanosec: 754742489
  frame_id: base_link
name:
- joint_x
- joint_y
position:
- 0.0
- 0.0
velocity:
- 0.0
- 0.0
effort:
- .nan
- .nan
---
header:
  stamp:
    sec: 1791164742
    nanosec: 774750249
  frame_id: base_link
name:
- joint_x
- joint_y
position:
- 0.0
- 0.0
velocity:
- 0.0
- 0.0
effort:
- .nan
- .nan
---
header:
  stamp:
    sec: 1791164742
    nanosec: 794738784
  frame_id: base_link
name:
- joint_x
- joint_y
position:
- 0.0
- 0.0
velocity:
- 0.0
- 0.0
effort:
- .nan
- .nan
---
header:
  stamp:
    sec: 1791164742
    nanosec: 814684152
  frame_id: base_link
name:
- joint_x
- joint_y
position:
- 0.0
- 0.0
velocity:
- 0.0
- 0.0
effort:
- .nan
- .nan
---
header:
  stamp:
    sec: 1791164742
    nanosec: 834700855
  frame_id: base_link
name:
- joint_x
- joint_y
position:
- 0.0
- 0.0
velocity:
- 0.0
- 0.0
effort:
- .nan
- .nan
---
header:
  stamp:
    sec: 1791164742
    nanosec: 855061716
  frame_id: base_link
name:
- joint_x
- joint_y
position:
- 0.0
- 0.0
velocity:
- 0.0
- 0.0
effort:
- .nan
- .nan
---
header:
  stamp:
    sec: 1791164742
    nanosec: 875039981
  frame_id: base_link
name:
- joint_x
- joint_y
position:
- 0.0
- 0.0
velocity:
- 0.0
- 0.0
effort:
- .nan
- .nan
---
header:
  stamp:
    sec: 1791164742
    nanosec: 894708877
  frame_id: base_link
name:
- joint_x
- joint_y
position:
- 0.0
- 0.0
velocity:
- 0.0
- 0.0
effort:
- .nan
- .nan
---
header:
  stamp:
    sec: 1791164742
    nanosec: 914718847
  frame_id: base_link
name:
- joint_x
- joint_y
position:
- 0.0
- 0.0
velocity:
- 0.0
- 0.0
effort:
- .nan
- .nan
---
header:
  stamp:
    sec: 1791164742
    nanosec: 934722507
  frame_id: base_link
name:
- joint_x
- joint_y
position:
- 0.0
- 0.0
velocity:
- 0.0
- 0.0
effort:
- .nan
- .nan
---
header:
  stamp:
    sec: 1791164742
    nanosec: 954749743
  frame_id: base_link
name:
- joint_x
- joint_y
position:
- 0.0
- 0.0
velocity:
- 0.0
- 0.0
effort:
- .nan
- .nan
---
header:
  stamp:
    sec: 1791164742
    nanosec: 974730813
  frame_id: base_link
name:
- joint_x
- joint_y
position:
- 0.0
- 0.0
velocity:
- 0.0
- 0.0
effort:
- .nan
- .nan
---
header:
  stamp:
    sec: 1791164742
    nanosec: 994713417
  frame_id: base_link
name:
- joint_x
- joint_y
position:
- 0.0
- 0.0
velocity:
- 0.0
- 0.0
effort:
- .nan
- .nan
---
header:
  stamp:
    sec: 1791164743
    nanosec: 14713768
  frame_id: base_link
name:
- joint_x
- joint_y
position:
- 0.0
- 0.0
velocity:
- 0.0
- 0.0
effort:
- .nan
- .nan
---
header:
  stamp:
    sec: 1791164743
    nanosec: 34712274
  frame_id: base_link
name:
- joint_x
- joint_y
position:
- 0.0
- 0.0
velocity:
- 0.0
- 0.0
effort:
- .nan
- .nan
---
header:
  stamp:
    sec: 1791164743
    nanosec: 54719519
  frame_id: base_link
name:
- joint_x
- joint_y
position:
- 0.0
- 0.0
velocity:
- 0.0
- 0.0
effort:
- .nan
- .nan
---
header:
  stamp:
    sec: 1791164743
    nanosec: 74711232
  frame_id: base_link
name:
- joint_x
- joint_y
position:
- 0.0
- 0.0
velocity:
- 0.0
- 0.0
effort:
- .nan
- .nan
---
header:
  stamp:
    sec: 1791164743
    nanosec: 94702737
  frame_id: base_link
name:
- joint_x
- joint_y
position:
- 0.0
- 0.0
velocity:
- 0.0
- 0.0
effort:
- .nan
- .nan
---
header:
  stamp:
    sec: 1791164743
    nanosec: 114696539
  frame_id: base_link
name:
- joint_x
- joint_y
position:
- 0.0
- 0.0
velocity:
- 0.0
- 0.0
effort:
- .nan
- .nan
---
header:
  stamp:
    sec: 1791164743
    nanosec: 134695164
  frame_id: base_link
name:
- joint_x
- joint_y
position:
- 0.0
- 0.0
velocity:
- 0.0
- 0.0
effort:
- .nan
- .nan
---
header:
  stamp:
    sec: 1791164743
    nanosec: 154686135
  frame_id: base_link
name:
- joint_x
- joint_y
position:
- 0.0
- 0.0
velocity:
- 0.0
- 0.0
effort:
- .nan
- .nan
---
header:
  stamp:
    sec: 1791164743
    nanosec: 174656448
  frame_id: base_link
name:
- joint_x
- joint_y
position:
- 0.0
- 0.0
velocity:
- 0.0
- 0.0
effort:
- .nan
- .nan
---
header:
  stamp:
    sec: 1791164743
    nanosec: 194660875
  frame_id: base_link
name:
- joint_x
- joint_y
position:
- 0.0
- 0.0
velocity:
- 0.0
- 0.0
effort:
- .nan
- .nan
---
header:
  stamp:
    sec: 1791164743
    nanosec: 214659842
  frame_id: base_link
name:
- joint_x
- joint_y
position:
- 0.0
- 0.0
velocity:
- 0.0
- 0.0
effort:
- .nan
- .nan
---
header:
  stamp:
    sec: 1791164743
    nanosec: 234662813
  frame_id: base_link
name:
- joint_x
- joint_y
position:
- 0.0
- 0.0
velocity:
- 0.0
- 0.0
effort:
- .nan
- .nan
---
header:
  stamp:
    sec: 1791164743
    nanosec: 254690761
  frame_id: base_link
name:
- joint_x
- joint_y
position:
- 0.0
- 0.0
velocity:
- 0.0
- 0.0
effort:
- .nan
- .nan
---
header:
  stamp:
    sec: 1791164743
    nanosec: 274660544
  frame_id: base_link
name:
- joint_x
- joint_y
position:
- 0.0
- 0.0
velocity:
- 0.0
- 0.0
effort:
- .nan
- .nan
---
header:
  stamp:
    sec: 1791164743
    nanosec: 294665238
  frame_id: base_link
name:
- joint_x
- joint_y
position:
- 0.0
- 0.0
velocity:
- 0.0
- 0.0
effort:
- .nan
- .nan
---
header:
  stamp:
    sec: 1791164743
    nanosec: 314662830
  frame_id: base_link
name:
- joint_x
- joint_y
position:
- 0.0
- 0.0
velocity:
- 0.0
- 0.0
effort:
- .nan
- .nan
---
header:
  stamp:
    sec: 1791164743
    nanosec: 334685109
  frame_id: base_link
name:
- joint_x
- joint_y
position:
- 0.0
- 0.0
velocity:
- 0.0
- 0.0
effort:
- .nan
- .nan
---
header:
  stamp:
    sec: 1791164743
    nanosec: 354698220
  frame_id: base_link
name:
- joint_x
- joint_y
position:
- 0.0
- 0.0
velocity:
- 0.0
- 0.0
effort:
- .nan
- .nan
---
header:
  stamp:
    sec: 1791164743
    nanosec: 374663897
  frame_id: base_link
name:
- joint_x
- joint_y
position:
- 0.0
- 0.0
velocity:
- 0.0
- 0.0
effort:
- .nan
- .nan
---
header:
  stamp:
    sec: 1791164743
    nanosec: 394667638
  frame_id: base_link
name:
- joint_x
- joint_y
position:
- 0.0
- 0.0
velocity:
- 0.0
- 0.0
effort:
- .nan
- .nan
---
header:
  stamp:
    sec: 1791164743
    nanosec: 414699326
  frame_id: base_link
name:
- joint_x
- joint_y
position:
- 0.0
- 0.0
velocity:
- 0.0
- 0.0
effort:
- .nan
- .nan
---
header:
  stamp:
    sec: 1791164743
    nanosec: 434698168
  frame_id: base_link
name:
- joint_x
- joint_y
position:
- 0.0
- 0.0
velocity:
- 0.0
- 0.0
effort:
- .nan
- .nan
---
header:
  stamp:
    sec: 1791164743
    nanosec: 454768786
  frame_id: base_link
name:
- joint_x
- joint_y
position:
- 0.0
- 0.0
velocity:
- 0.0
- 0.0
effort:
- .nan
- .nan
---
header:
  stamp:
    sec: 1791164743
    nanosec: 474705777
  frame_id: base_link
name:
- joint_x
- joint_y
position:
- 6.24999984211172e-06
- 6.24999984211172e-06
velocity:
- 0.0003124999930150807
- 0.0003124999930150807
effort:
- .nan
- .nan
---
header:
  stamp:
    sec: 1791164743
    nanosec: 494728281
  frame_id: base_link
name:
- joint_x
- joint_y
position:
- 3.7500001781154424e-05
- 3.7500001781154424e-05
velocity:
- 0.0015625000232830644
- 0.0015625000232830644
effort:
- .nan
- .nan
---
header:
  stamp:
    sec: 1791164743
    nanosec: 514719087
  frame_id: base_link
name:
- joint_x
- joint_y
position:
- 8.125000022118911e-05
- 8.125000022118911e-05
velocity:
- 0.0021875000093132257
- 0.0021875000093132257
effort:
- .nan
- .nan
---
header:
  stamp:
    sec: 1791164743
    nanosec: 534731304
  frame_id: base_link
name:
- joint_x
- joint_y
position:
- 0.00014375000318977982
- 0.00014375000318977982
velocity:
- 0.0031250000465661287
- 0.0031250000465661287
effort:
- .nan
- .nan
---
header:
  stamp:
    sec: 1791164743
    nanosec: 554745077
  frame_id: base_link
name:
- joint_x
- joint_y
position:
- 0.00022499999613501132
- 0.00022499999613501132
velocity:
- 0.004062499850988388
- 0.004062499850988388
effort:
- .nan
- .nan
---
header:
  stamp:
    sec: 1791164743
    nanosec: 574715037
  frame_id: base_link
name:
- joint_x
- joint_y
position:
- 0.0003187500115018338
- 0.0003187500115018338
velocity:
- 0.004687500186264515
- 0.004687500186264515
effort:
- .nan
- .nan
---
header:
  stamp:
    sec: 1791164743
    nanosec: 594703641
  frame_id: base_link
name:
- joint_x
- joint_y
position:
- 0.0004312499950174242
- 0.0004312499950174242
velocity:
- 0.0053125000558793545
- 0.0053125000558793545
effort:
- .nan
- .nan
---
header:
  stamp:
    sec: 1791164743
    nanosec: 614713156
  frame_id: base_link
name:
- joint_x
- joint_y
position:
- 0.0005499999970197678
- 0.0005499999970197678
velocity:
- 0.0062500000931322575
- 0.0062500000931322575
effort:
- .nan
- .nan
---
header:
  stamp:
    sec: 1791164743
    nanosec: 634709078
  frame_id: base_link
name:
- joint_x
- joint_y
position:
- 0.0006874999962747097
- 0.000681250006891787
velocity:
- 0.006562499795109034
- 0.006562499795109034
effort:
- .nan
- .nan
---
header:
  stamp:
    sec: 1791164743
    nanosec: 654690910
  frame_id: base_link
name:
- joint_x
- joint_y
position:
- 0.0008374999742954969
- 0.0008374999742954969
velocity:
- 0.0074404762126505375
- 0.0074404762126505375
effort:
- .nan
- .nan
---
header:
  stamp:
    sec: 1791164743
    nanosec: 674703883
  frame_id: base_link
name:
- joint_x
- joint_y
position:
- 0.001006250036880374
- 0.001006250036880374
velocity:
- 0.008437500335276127
- 0.008437500335276127
effort:
- .nan
- .nan
---
header:
  stamp:
    sec: 1791164743
    nanosec: 694714377
  frame_id: base_link
name:
- joint_x
- joint_y
position:
- 0.0011812499724328518
- 0.0011812499724328518
velocity:
- 0.008750000037252903
- 0.008750000037252903
effort:
- .nan
- .nan
---
header:
  stamp:
    sec: 1791164743
    nanosec: 714699130
  frame_id: base_link
name:
- joint_x
- joint_y
position:
- 0.0015625000232830644
- 0.0015625000232830644
velocity:
- 0.009687500074505806
- 0.009999999776482582
effort:
- .nan
- .nan
---
header:
  stamp:
    sec: 1791164743
    nanosec: 734698117
  frame_id: base_link
name:
- joint_x
- joint_y
position:
- 0.0017812500009313226
- 0.0017812500009313226
velocity:
- 0.010937499813735485
- 0.010937499813735485
effort:
- .nan
- .nan
---
header:
  stamp:
    sec: 1791164743
    nanosec: 754707194
  frame_id: base_link
name:
- joint_x
- joint_y
position:
- 0.0020000000949949026
- 0.0020000000949949026
velocity:
- 0.010937499813735485
- 0.010937499813735485
effort:
- .nan
- .nan
---
header:
  stamp:
    sec: 1791164743
    nanosec: 774692613
  frame_id: base_link
name:
- joint_x
- joint_y
position:
- 0.002231250051409006
- 0.002231250051409006
velocity:
- 0.011562500149011612
- 0.011562500149011612
effort:
- .nan
- .nan
---
header:
  stamp:
    sec: 1791164743
    nanosec: 794718556
  frame_id: base_link
name:
- joint_x
- joint_y
position:
- 0.002468750113621354
- 0.002468750113621354
velocity:
- 0.011874999850988388
- 0.011874999850988388
effort:
- .nan
- .nan
---
header:
  stamp:
    sec: 1791164743
    nanosec: 814700480
  frame_id: base_link
name:
- joint_x
- joint_y
position:
- 0.0027187499217689037
- 0.002712500048801303
velocity:
- 0.012187499552965164
- 0.012187499552965164
effort:
- .nan
- .nan
---
header:
  stamp:
    sec: 1791164743
    nanosec: 834689245
  frame_id: base_link
name:
- joint_x
- joint_y
position:
- 0.002987500047311187
- 0.002987500047311187
velocity:
- 0.013095238246023655
- 0.013095238246023655
effort:
- .nan
- .nan
---
header:
  stamp:
    sec: 1791164743
    nanosec: 854704083
  frame_id: base_link
name:
- joint_x
- joint_y
position:
- 0.0032687499187886715
- 0.0032687499187886715
velocity:
- 0.01406249962747097
- 0.01406249962747097
effort:
- .nan
- .nan
---
header:
  stamp:
    sec: 1791164743
    nanosec: 874722473
  frame_id: base_link
name:
- joint_x
- joint_y
position:
- 0.0035437499172985554
- 0.0035500000230968
velocity:
- 0.013749999925494194
- 0.013749999925494194
effort:
- .nan
- .nan
---
header:
  stamp:
    sec: 1791164743
    nanosec: 894725799
  frame_id: base_link
name:
- joint_x
- joint_y
position:
- 0.0038312498945742846
- 0.0038312498945742846
velocity:
- 0.014375000260770321
- 0.014375000260770321
effort:
- .nan
- .nan
---
header:
  stamp:
    sec: 1791164743
    nanosec: 914711310
  frame_id: base_link
name:
- joint_x
- joint_y
position:
- 0.004124999977648258
- 0.004124999977648258
velocity:
- 0.014687499962747097
- 0.014687499962747097
effort:
- .nan
- .nan
---
header:
  stamp:
    sec: 1791164743
    nanosec: 934711604
  frame_id: base_link
name:
- joint_x
- joint_y
position:
- 0.004443749785423279
- 0.004443749785423279
velocity:
- 0.015178571455180645
- 0.015178571455180645
effort:
- .nan
- .nan
---
header:
  stamp:
    sec: 1791164743
    nanosec: 954702238
  frame_id: base_link
name:
- joint_x
- joint_y
position:
- 0.005081249866634607
- 0.005081249866634607
velocity:
- 0.015625
- 0.015625
effort:
- .nan
- .nan
---
header:
  stamp:
    sec: 1791164743
    nanosec: 974693499
  frame_id: base_link
name:
- joint_x
- joint_y
position:
- 0.005406249780207872
- 0.005406249780207872
velocity:
- 0.016249999403953552
- 0.016249999403953552
effort:
- .nan
- .nan
---
header:
  stamp:
    sec: 1791164743
    nanosec: 994685252
  frame_id: base_link
name:
- joint_x
- joint_y
position:
- 0.005737499799579382
- 0.005737499799579382
velocity:
- 0.01656249910593033
- 0.01656249910593033
effort:
- .nan
- .nan
---
header:
  stamp:
    sec: 1791164744
    nanosec: 14693740
  frame_id: base_link
name:
- joint_x
- joint_y
position:
- 0.006093749776482582
- 0.006093749776482582
velocity:
- 0.01696428656578064
- 0.01696428656578064
effort:
- .nan
- .nan
---
header:
  stamp:
    sec: 1791164744
    nanosec: 34693189
  frame_id: base_link
name:
- joint_x
- joint_y
position:
- 0.006456249859184027
- 0.006456249859184027
velocity:
- 0.018124999478459358
- 0.018124999478459358
effort:
- .nan
- .nan
---
header:
  stamp:
    sec: 1791164744
    nanosec: 54701116
  frame_id: base_link
name:
- joint_x
- joint_y
position:
- 0.00680625019595027
- 0.00680625019595027
velocity:
- 0.017500000074505806
- 0.017500000074505806
effort:
- .nan
- .nan
---
header:
  stamp:
    sec: 1791164744
    nanosec: 74710140
  frame_id: base_link
name:
- joint_x
- joint_y
position:
- 0.00716250017285347
- 0.00716250017285347
velocity:
- 0.017812499776482582
- 0.017500000074505806
effort:
- .nan
- .nan
---
header:
  stamp:
    sec: 1791164744
    nanosec: 94712473
  frame_id: base_link
name:
- joint_x
- joint_y
position:
- 0.007524999789893627
- 0.007524999789893627
velocity:
- 0.017812499776482582
- 0.018124999478459358
effort:
- .nan
- .nan
---
header:
  stamp:
    sec: 1791164744
    nanosec: 114701158
  frame_id: base_link
name:
- joint_x
- joint_y
position:
- 0.007887500338256359
- 0.007887500338256359
velocity:
- 0.018437499180436134
- 0.018437499180436134
effort:
- .nan
- .nan
---
header:
  stamp:
    sec: 1791164744
    nanosec: 134718147
  frame_id: base_link
name:
- joint_x
- joint_y
position:
- 0.008281249552965164
- 0.008275000378489494
velocity:
- 0.01875000074505806
- 0.01845238171517849
effort:
- .nan
- .nan
---
header:
  stamp:
    sec: 1791164744
    nanosec: 154706544
  frame_id: base_link
name:
- joint_x
- joint_y
position:
- 0.008674999698996544
- 0.008674999698996544
velocity:
- 0.019687499850988388
- 0.019999999552965164
effort:
- .nan
- .nan
---
header:
  stamp:
    sec: 1791164744
    nanosec: 174718482
  frame_id: base_link
name:
- joint_x
- joint_y
position:
- 0.009056249633431435
- 0.009056249633431435
velocity:
- 0.019062500447034836
- 0.019062500447034836
effort:
- .nan
- .nan
---
header:
  stamp:
    sec: 1791164744
    nanosec: 194715469
  frame_id: base_link
name:
- joint_x
- joint_y
position:
- 0.00981875043362379
- 0.00982499960809946
velocity:
- 0.019062500447034836
- 0.019062500447034836
effort:
- .nan
- .nan
---
header:
  stamp:
    sec: 1791164744
    nanosec: 214714419
  frame_id: base_link
name:
- joint_x
- joint_y
position:
- 0.01023124996572733
- 0.01023124996572733
velocity:
- 0.01964285783469677
- 0.01964285783469677
effort:
- .nan
- .nan
---
header:
  stamp:
    sec: 1791164744
    nanosec: 234713024
  frame_id: base_link
name:
- joint_x
- joint_y
position:
- 0.010649999603629112
- 0.010643750429153442
velocity:
- 0.020937500521540642
- 0.020625000819563866
effort:
- .nan
- .nan
---
header:
  stamp:
    sec: 1791164744
    nanosec: 254711121
  frame_id: base_link
name:
- joint_x
- joint_y
position:
- 0.011043749749660492
- 0.011043749749660492
velocity:
- 0.019687499850988388
- 0.019999999552965164
effort:
- .nan
- .nan
---
header:
  stamp:
    sec: 1791164744
    nanosec: 274723082
  frame_id: base_link
name:
- joint_x
- joint_y
position:
- 0.01145000010728836
- 0.01145000010728836
velocity:
- 0.019999999552965164
- 0.019999999552965164
effort:
- .nan
- .nan
---
header:
  stamp:
    sec: 1791164744
    nanosec: 294665344
  frame_id: base_link
name:
- joint_x
- joint_y
position:
- 0.011850000359117985
- 0.011850000359117985
velocity:
- 0.02031249925494194
- 0.02031249925494194
effort:
- .nan
- .nan
---
header:
  stamp:
    sec: 1791164744
    nanosec: 314764731
  frame_id: base_link
name:
- joint_x
- joint_y
position:
- 0.012256249785423279
- 0.012256249785423279
velocity:
- 0.02031249925494194
- 0.019999999552965164
effort:
- .nan
- .nan
---
header:
  stamp:
    sec: 1791164744
    nanosec: 334712382
  frame_id: base_link
name:
- joint_x
- joint_y
position:
- 0.01268749963492155
- 0.012681250460445881
velocity:
- 0.02053571492433548
- 0.02053571492433548
effort:
- .nan
- .nan
---
header:
  stamp:
    sec: 1791164744
    nanosec: 354719640
  frame_id: base_link
name:
- joint_x
- joint_y
position:
- 0.013112500309944153
- 0.013112500309944153
velocity:
- 0.021250000223517418
- 0.021562499925494194
effort:
- .nan
- .nan
---
header:
  stamp:
    sec: 1791164744
    nanosec: 374713069
  frame_id: base_link
name:
- joint_x
- joint_y
position:
- 0.013524999842047691
- 0.013518749736249447
velocity:
- 0.020625000819563866
- 0.02031249925494194
effort:
- .nan
- .nan
---
header:
  stamp:
    sec: 1791164744
    nanosec: 394707271
  frame_id: base_link
name:
- joint_x
- joint_y
position:
- 0.01393125019967556
- 0.013937500305473804
velocity:
- 0.02031249925494194
- 0.020625000819563866
effort:
- .nan
- .nan
---
header:
  stamp:
    sec: 1791164744
    nanosec: 414711181
  frame_id: base_link
name:
- joint_x
- joint_y
position:
- 0.014343749731779099
- 0.014343749731779099
velocity:
- 0.020625000819563866
- 0.02031249925494194
effort:
- .nan
- .nan
---
header:
  stamp:
    sec: 1791164744
    nanosec: 434709667
  frame_id: base_link
name:
- joint_x
- joint_y
position:
- 0.01477499958127737
- 0.01477499958127737
velocity:
- 0.02023809589445591
- 0.02083333395421505
effort:
- .nan
- .nan
---
header:
  stamp:
    sec: 1791164744
    nanosec: 454717670
  frame_id: base_link
name:
- joint_x
- joint_y
position:
- 0.015618749894201756
- 0.015618749894201756
velocity:
- 0.02031249925494194
- 0.020625000819563866
effort:
- .nan
- .nan
---
header:
  stamp:
    sec: 1791164744
    nanosec: 474719133
  frame_id: base_link
name:
- joint_x
- joint_y
position:
- 0.01603125035762787
- 0.01602499932050705
velocity:
- 0.020937500521540642
- 0.02031249925494194
effort:
- .nan
- .nan
---
header:
  stamp:
    sec: 1791164744
    nanosec: 494713533
  frame_id: base_link
name:
- joint_x
- joint_y
position:
- 0.016437500715255737
- 0.016437500715255737
velocity:
- 0.02031249925494194
- 0.020625000819563866
effort:
- .nan
- .nan
---
header:
  stamp:
    sec: 1791164744
    nanosec: 514713924
  frame_id: base_link
name:
- joint_x
- joint_y
position:
- 0.016868749633431435
- 0.016868749633431435
velocity:
- 0.02053571492433548
- 0.02053571492433548
effort:
- .nan
- .nan
---
header:
  stamp:
    sec: 1791164744
    nanosec: 534709025
  frame_id: base_link
name:
- joint_x
- joint_y
position:
- 0.01730000041425228
- 0.01730000041425228
velocity:
- 0.021250000223517418
- 0.021250000223517418
effort:
- .nan
- .nan
---
header:
  stamp:
    sec: 1791164744
    nanosec: 554706025
  frame_id: base_link
name:
- joint_x
- joint_y
position:
- 0.01770625077188015
- 0.01770625077188015
velocity:
- 0.02031249925494194
- 0.02031249925494194
effort:
- .nan
- .nan
---
header:
  stamp:
    sec: 1791164744
    nanosec: 574720031
  frame_id: base_link
name:
- joint_x
- joint_y
position:
- 0.01811249926686287
- 0.01811249926686287
velocity:
- 0.02031249925494194
- 0.02031249925494194
effort:
- .nan
- .nan
---
header:
  stamp:
    sec: 1791164744
    nanosec: 594713908
  frame_id: base_link
name:
- joint_x
- joint_y
position:
- 0.018512500450015068
- 0.018512500450015068
velocity:
- 0.02031249925494194
- 0.02031249925494194
effort:
- .nan
- .nan
---
header:
  stamp:
    sec: 1791164744
    nanosec: 614709746
  frame_id: base_link
name:
- joint_x
- joint_y
position:
- 0.018918750807642937
- 0.018912499770522118
velocity:
- 0.019999999552965164
- 0.019999999552965164
effort:
- .nan
- .nan
---
header:
  stamp:
    sec: 1791164744
    nanosec: 634710285
  frame_id: base_link
name:
- joint_x
- joint_y
position:
- 0.019331250339746475
- 0.019331250339746475
velocity:
- 0.01994047686457634
- 0.01994047686457634
effort:
- .nan
- .nan
---
header:
  stamp:
    sec: 1791164744
    nanosec: 654712178
  frame_id: base_link
name:
- joint_x
- joint_y
position:
- 0.019750000908970833
- 0.019750000908970833
velocity:
- 0.020937500521540642
- 0.020937500521540642
effort:
- .nan
- .nan
---
header:
  stamp:
    sec: 1791164744
    nanosec: 674707800
  frame_id: base_link
name:
- joint_x
- joint_y
position:
- 0.020137500017881393
- 0.020137500017881393
velocity:
- 0.019375000149011612
- 0.019375000149011612
effort:
- .nan
- .nan
---
header:
  stamp:
    sec: 1791164744
    nanosec: 694674252
  frame_id: base_link
name:
- joint_x
- joint_y
position:
- 0.020918749272823334
- 0.020918749272823334
velocity:
- 0.01904761977493763
- 0.01904761977493763
effort:
- .nan
- .nan
---
header:
  stamp:
    sec: 1791164744
    nanosec: 714722390
  frame_id: base_link
name:
- joint_x
- joint_y
position:
- 0.021324999630451202
- 0.021324999630451202
velocity:
- 0.019999999552965164
- 0.019999999552965164
effort:
- .nan
- .nan
---
header:
  stamp:
    sec: 1791164744
    nanosec: 734715564
  frame_id: base_link
name:
- joint_x
- joint_y
position:
- 0.021700000390410423
- 0.021700000390410423
velocity:
- 0.019062500447034836
- 0.019062500447034836
effort:
- .nan
- .nan
---
header:
  stamp:
    sec: 1791164744
    nanosec: 754701004
  frame_id: base_link
name:
- joint_x
- joint_y
position:
- 0.022074999287724495
- 0.022074999287724495
velocity:
- 0.018437499180436134
- 0.018437499180436134
effort:
- .nan
- .nan
---
header:
  stamp:
    sec: 1791164744
    nanosec: 774692221
  frame_id: base_link
name:
- joint_x
- joint_y
position:
- 0.022437499836087227
- 0.022437499836087227
velocity:
- 0.018437499180436134
- 0.018437499180436134
effort:
- .nan
- .nan
---
header:
  stamp:
    sec: 1791164744
    nanosec: 794718848
  frame_id: base_link
name:
- joint_x
- joint_y
position:
- 0.02280000038444996
- 0.02280000038444996
velocity:
- 0.018124999478459358
- 0.018124999478459358
effort:
- .nan
- .nan
---
header:
  stamp:
    sec: 1791164744
    nanosec: 814693676
  frame_id: base_link
name:
- joint_x
- joint_y
position:
- 0.02317499928176403
- 0.02316875010728836
velocity:
- 0.01785714365541935
- 0.01755952462553978
effort:
- .nan
- .nan
---
header:
  stamp:
    sec: 1791164744
    nanosec: 834692495
  frame_id: base_link
name:
- joint_x
- joint_y
position:
- 0.02354375086724758
- 0.02354375086724758
velocity:
- 0.018124999478459358
- 0.018437499180436134
effort:
- .nan
- .nan
---
header:
  stamp:
    sec: 1791164744
    nanosec: 854701725
  frame_id: base_link
name:
- joint_x
- joint_y
position:
- 0.023887500166893005
- 0.023881249129772186
velocity:
- 0.01718750037252903
- 0.01718750037252903
effort:
- .nan
- .nan
---
header:
  stamp:
    sec: 1791164744
    nanosec: 874715849
  frame_id: base_link
name:
- joint_x
- joint_y
position:
- 0.02422500029206276
- 0.02422500029206276
velocity:
- 0.01718750037252903
- 0.016875000670552254
effort:
- .nan
- .nan
---
header:
  stamp:
    sec: 1791164744
    nanosec: 894672231
  frame_id: base_link
name:
- joint_x
- joint_y
position:
- 0.024556249380111694
- 0.024556249380111694
velocity:
- 0.01656249910593033
- 0.01656249910593033
effort:
- .nan
- .nan
---
header:
  stamp:
    sec: 1791164744
    nanosec: 914711609
  frame_id: base_link
name:
- joint_x
- joint_y
position:
- 0.02488124929368496
- 0.02488124929368496
velocity:
- 0.016249999403953552
- 0.016249999403953552
effort:
- .nan
- .nan
---
header:
  stamp:
    sec: 1791164744
    nanosec: 934694883
  frame_id: base_link
name:
- joint_x
- joint_y
position:
- 0.02551875077188015
- 0.02551875077188015
velocity:
- 0.015312500298023224
- 0.015312500298023224
effort:
- .nan
- .nan
---
header:
  stamp:
    sec: 1791164744
    nanosec: 954688980
  frame_id: base_link
name:
- joint_x
- joint_y
position:
- 0.025818750262260437
- 0.025818750262260437
velocity:
- 0.014999999664723873
- 0.015312500298023224
effort:
- .nan
- .nan
---
header:
  stamp:
    sec: 1791164744
    nanosec: 974694490
  frame_id: base_link
name:
- joint_x
- joint_y
position:
- 0.026118749752640724
- 0.026112500578165054
velocity:
- 0.014999999664723873
- 0.014687499962747097
effort:
- .nan
- .nan
---
header:
  stamp:
    sec: 1791164744
    nanosec: 994724605
  frame_id: base_link
name:
- joint_x
- joint_y
position:
- 0.026399999856948853
- 0.026399999856948853
velocity:
- 0.01406249962747097
- 0.014375000260770321
effort:
- .nan
- .nan
---
header:
  stamp:
    sec: 1791164745
    nanosec: 14716546
  frame_id: base_link
name:
- joint_x
- joint_y
position:
- 0.02669375017285347
- 0.02669375017285347
velocity:
- 0.014687499962747097
- 0.014687499962747097
effort:
- .nan
- .nan
---
header:
  stamp:
    sec: 1791164745
    nanosec: 34805338
  frame_id: base_link
name:
- joint_x
- joint_y
position:
- 0.02696250006556511
- 0.02696250006556511
velocity:
- 0.013437500223517418
- 0.013437500223517418
effort:
- .nan
- .nan
---
header:
  stamp:
    sec: 1791164745
    nanosec: 54730917
  frame_id: base_link
name:
- joint_x
- joint_y
position:
- 0.02722500078380108
- 0.02722500078380108
velocity:
- 0.013124999590218067
- 0.012812499888241291
effort:
- .nan
- .nan
---
header:
  stamp:
    sec: 1791164745
    nanosec: 74736089
  frame_id: base_link
name:
- joint_x
- joint_y
position:
- 0.02747499942779541
- 0.02747499942779541
velocity:
- 0.012500000186264515
- 0.012500000186264515
effort:
- .nan
- .nan
---
header:
  stamp:
    sec: 1791164745
    nanosec: 94728345
  frame_id: base_link
name:
- joint_x
- joint_y
position:
- 0.027712499722838402
- 0.027712499722838402
velocity:
- 0.011874999850988388
- 0.012187499552965164
effort:
- .nan
- .nan
---
header:
  stamp:
    sec: 1791164745
    nanosec: 114752584
  frame_id: base_link
name:
- joint_x
- joint_y
position:
- 0.027956249192357063
- 0.027956249192357063
velocity:
- 0.012187499552965164
- 0.012187499552965164
effort:
- .nan
- .nan
---
header:
  stamp:
    sec: 1791164745
    nanosec: 134739556
  frame_id: base_link
name:
- joint_x
- joint_y
position:
- 0.028181249275803566
- 0.028175000101327896
velocity:
- 0.010937499813735485
- 0.010937499813735485
effort:
- .nan
- .nan
---
header:
  stamp:
    sec: 1791164745
    nanosec: 154769253
  frame_id: base_link
name:
- joint_x
- joint_y
position:
- 0.028587499633431435
- 0.028587499633431435
velocity:
- 0.009999999776482582
- 0.009687500074505806
effort:
- .nan
- .nan
---
header:
  stamp:
    sec: 1791164745
    nanosec: 174735790
  frame_id: base_link
name:
- joint_x
- joint_y
position:
- 0.02878749929368496
- 0.02878749929368496
velocity:
- 0.009523809887468815
- 0.009821428917348385
effort:
- .nan
- .nan
---
header:
  stamp:
    sec: 1791164745
    nanosec: 194724568
  frame_id: base_link
name:
- joint_x
- joint_y
position:
- 0.028968749567866325
- 0.028968749567866325
velocity:
- 0.009062499739229679
- 0.009062499739229679
effort:
- .nan
- .nan
---
header:
  stamp:
    sec: 1791164745
    nanosec: 214729671
  frame_id: base_link
name:
- joint_x
- joint_y
position:
- 0.029137499630451202
- 0.029137499630451202
velocity:
- 0.008437500335276127
- 0.008437500335276127
effort:
- .nan
- .nan
---
header:
  stamp:
    sec: 1791164745
    nanosec: 234724756
  frame_id: base_link
name:
- joint_x
- joint_y
position:
- 0.02929374948143959
- 0.02929374948143959
velocity:
- 0.0078125
- 0.0078125
effort:
- .nan
- .nan
---
header:
  stamp:
    sec: 1791164745
    nanosec: 254700453
  frame_id: base_link
name:
- joint_x
- joint_y
position:
- 0.02943124994635582
- 0.02943749912083149
velocity:
- 0.006874999962747097
- 0.006874999962747097
effort:
- .nan
- .nan
---
header:
  stamp:
    sec: 1791164745
    nanosec: 274706766
  frame_id: base_link
name:
- joint_x
- joint_y
position:
- 0.02956249937415123
- 0.02956249937415123
velocity:
- 0.006562499795109034
- 0.006562499795109034
effort:
- .nan
- .nan
---
header:
  stamp:
    sec: 1791164745
    nanosec: 294714039
  frame_id: base_link
name:
- joint_x
- joint_y
position:
- 0.02968749962747097
- 0.02968749962747097
velocity:
- 0.0062500000931322575
- 0.0062500000931322575
effort:
- .nan
- .nan
---
header:
  stamp:
    sec: 1791164745
    nanosec: 314715729
  frame_id: base_link
name:
- joint_x
- joint_y
position:
- 0.02979375049471855
- 0.02979375049471855
velocity:
- 0.0053125000558793545
- 0.0053125000558793545
effort:
- .nan
- .nan
---
header:
  stamp:
    sec: 1791164745
    nanosec: 334722433
  frame_id: base_link
name:
- joint_x
- joint_y
position:
- 0.029887499287724495
- 0.029887499287724495
velocity:
- 0.004687500186264515
- 0.0043750000186264515
effort:
- .nan
- .nan
---
header:
  stamp:
    sec: 1791164745
    nanosec: 354723722
  frame_id: base_link
name:
- joint_x
- joint_y
position:
- 0.02996250055730343
- 0.02996250055730343
velocity:
- 0.0037499999161809683
- 0.004062499850988388
effort:
- .nan
- .nan
---
header:
  stamp:
    sec: 1791164745
    nanosec: 374738687
  frame_id: base_link
name:
- joint_x
- joint_y
position:
- 0.030031250789761543
- 0.030024999752640724
velocity:
- 0.0034374999813735485
- 0.0031250000465661287
effort:
- .nan
- .nan
---
header:
  stamp:
    sec: 1791164745
    nanosec: 394738513
  frame_id: base_link
name:
- joint_x
- joint_y
position:
- 0.030118750408291817
- 0.030118750408291817
velocity:
- 0.0018749999580904841
- 0.0018749999580904841
effort:
- .nan
- .nan
---
header:
  stamp:
    sec: 1791164745
    nanosec: 414714683
  frame_id: base_link
name:
- joint_x
- joint_y
position:
- 0.030137499794363976
- 0.030137499794363976
velocity:
- 0.0009374999790452421
- 0.0009374999790452421
effort:
- .nan
- .nan
---
header:
  stamp:
    sec: 1791164745
    nanosec: 434716916
  frame_id: base_link
name:
- joint_x
- joint_y
position:
- 0.030143750831484795
- 0.030143750831484795
velocity:
- 0.0003124999930150807
- 0.0003124999930150807
effort:
- .nan
- .nan
---
header:
  stamp:
    sec: 1791164745
    nanosec: 454709743
  frame_id: base_link
name:
- joint_x
- joint_y
position:
- 0.030131250619888306
- 0.030131250619888306
velocity:
- -0.0005952381179668009
- -0.0005952381179668009
effort:
- .nan
- .nan
---
header:
  stamp:
    sec: 1791164745
    nanosec: 474714800
  frame_id: base_link
name:
- joint_x
- joint_y
position:
- 0.030106250196695328
- 0.030106250196695328
velocity:
- -0.0012499999720603228
- -0.0012499999720603228
effort:
- .nan
- .nan
---
header:
  stamp:
    sec: 1791164745
    nanosec: 494702959
  frame_id: base_link
name:
- joint_x
- joint_y
position:
- 0.03006874956190586
- 0.03006874956190586
velocity:
- -0.0018749999580904841
- -0.0018749999580904841
effort:
- .nan
- .nan
---
header:
  stamp:
    sec: 1791164745
    nanosec: 514713712
  frame_id: base_link
name:
- joint_x
- joint_y
position:
- 0.030012499541044235
- 0.030012499541044235
velocity:
- -0.002812500111758709
- -0.0024999999441206455
effort:
- .nan
- .nan
---
header:
  stamp:
    sec: 1791164745
    nanosec: 534691035
  frame_id: base_link
name:
- joint_x
- joint_y
position:
- 0.02995000034570694
- 0.02995000034570694
velocity:
- -0.0031250000465661287
- -0.0034374999813735485
effort:
- .nan
- .nan
---
header:
  stamp:
    sec: 1791164745
    nanosec: 554687148
  frame_id: base_link
name:
- joint_x
- joint_y
position:
- 0.029868749901652336
- 0.029868749901652336
velocity:
- -0.004062499850988388
- -0.004062499850988388
effort:
- .nan
- .nan
---
header:
  stamp:
    sec: 1791164745
    nanosec: 574715983
  frame_id: base_link
name:
- joint_x
- joint_y
position:
- 0.029762500897049904
- 0.029762500897049904
velocity:
- -0.0053125000558793545
- -0.004999999888241291
effort:
- .nan
- .nan
---
header:
  stamp:
    sec: 1791164745
    nanosec: 594715728
  frame_id: base_link
name:
- joint_x
- joint_y
position:
- 0.029656250029802322
- 0.029656250029802322
velocity:
- -0.0053125000558793545
- -0.005625000223517418
effort:
- .nan
- .nan
---
header:
  stamp:
    sec: 1791164745
    nanosec: 614713988
  frame_id: base_link
name:
- joint_x
- joint_y
position:
- 0.029400000348687172
- 0.029400000348687172
velocity:
- -0.006562499795109034
- -0.006562499795109034
effort:
- .nan
- .nan
---
header:
  stamp:
    sec: 1791164745
    nanosec: 634717803
  frame_id: base_link
name:
- joint_x
- joint_y
position:
- 0.029243750497698784
- 0.029243750497698784
velocity:
- -0.0078125
- -0.0078125
effort:
- .nan
- .nan
---
header:
  stamp:
    sec: 1791164745
    nanosec: 654700760
  frame_id: base_link
name:
- joint_x
- joint_y
position:
- 0.029081249609589577
- 0.029081249609589577
velocity:
- -0.0078125
- -0.0078125
effort:
- .nan
- .nan
---
header:
  stamp:
    sec: 1791164745
    nanosec: 674713589
  frame_id: base_link
name:
- joint_x
- joint_y
position:
- 0.0289124995470047
- 0.0289124995470047
velocity:
- -0.008750000037252903
- -0.008750000037252903
effort:
- .nan
- .nan
---
header:
  stamp:
    sec: 1791164745
    nanosec: 694720998
  frame_id: base_link
name:
- joint_x
- joint_y
position:
- 0.028731249272823334
- 0.028731249272823334
velocity:
- -0.009062499739229679
- -0.009062499739229679
effort:
- .nan
- .nan
---
header:
  stamp:
    sec: 1791164745
    nanosec: 714713839
  frame_id: base_link
name:
- joint_x
- joint_y
position:
- 0.028537500649690628
- 0.028537500649690628
velocity:
- -0.009687500074505806
- -0.00937500037252903
effort:
- .nan
- .nan
---
header:
  stamp:
    sec: 1791164745
    nanosec: 734727285
  frame_id: base_link
name:
- joint_x
- joint_y
position:
- 0.028325000777840614
- 0.028325000777840614
velocity:
- -0.010119047947227955
- -0.010416666977107525
effort:
- .nan
- .nan
---
header:
  stamp:
    sec: 1791164745
    nanosec: 754722836
  frame_id: base_link
name:
- joint_x
- joint_y
position:
- 0.028093749657273293
- 0.028093749657273293
velocity:
- -0.011562500149011612
- -0.011562500149011612
effort:
- .nan
- .nan
---
header:
  stamp:
    sec: 1791164745
    nanosec: 774711556
  frame_id: base_link
name:
- joint_x
- joint_y
position:
- 0.02786874957382679
- 0.02786874957382679
velocity:
- -0.011250000447034836
- -0.011250000447034836
effort:
- .nan
- .nan
---
header:
  stamp:
    sec: 1791164745
    nanosec: 794715357
  frame_id: base_link
name:
- joint_x
- joint_y
position:
- 0.027631249278783798
- 0.027631249278783798
velocity:
- -0.011874999850988388
- -0.011874999850988388
effort:
- .nan
- .nan
---
header:
  stamp:
    sec: 1791164745
    nanosec: 814704321
  frame_id: base_link
name:
- joint_x
- joint_y
position:
- 0.027387499809265137
- 0.027387499809265137
velocity:
- -0.012187499552965164
- -0.012187499552965164
effort:
- .nan
- .nan
---
header:
  stamp:
    sec: 1791164745
    nanosec: 834722283
  frame_id: base_link
name:
- joint_x
- joint_y
position:
- 0.027118749916553497
- 0.027118749916553497
velocity:
- -0.012797619216144085
- -0.012797619216144085
effort:
- .nan
- .nan
---
header:
  stamp:
    sec: 1791164745
    nanosec: 854707248
  frame_id: base_link
name:
- joint_x
- joint_y
position:
- 0.02656874991953373
- 0.02656874991953373
velocity:
- -0.013437500223517418
- -0.013437500223517418
effort:
- .nan
- .nan
---
header:
  stamp:
    sec: 1791164745
    nanosec: 874706180
  frame_id: base_link
name:
- joint_x
- joint_y
position:
- 0.0262874998152256
- 0.0262874998152256
velocity:
- -0.014375000260770321
- -0.014375000260770321
effort:
- .nan
- .nan
---
header:
  stamp:
    sec: 1791164745
    nanosec: 894665165
  frame_id: base_link
name:
- joint_x
- joint_y
position:
- 0.025993749499320984
- 0.025993749499320984
velocity:
- -0.014375000260770321
- -0.014375000260770321
effort:
- .nan
- .nan
---
header:
  stamp:
    sec: 1791164745
    nanosec: 914714122
  frame_id: base_link
name:
- joint_x
- joint_y
position:
- 0.025681249797344208
- 0.025681249797344208
velocity:
- -0.015178571455180645
- -0.015178571455180645
effort:
- .nan
- .nan
---
header:
  stamp:
    sec: 1791164745
    nanosec: 934707658
  frame_id: base_link
name:
- joint_x
- joint_y
position:
- 0.025356249883770943
- 0.025356249883770943
velocity:
- -0.016249999403953552
- -0.016249999403953552
effort:
- .nan
- .nan
---
header:
  stamp:
    sec: 1791164745
    nanosec: 954690649
  frame_id: base_link
name:
- joint_x
- joint_y
position:
- 0.025043750181794167
- 0.025043750181794167
velocity:
- -0.015625
- -0.015625
effort:
- .nan
- .nan
---
header:
  stamp:
    sec: 1791164745
    nanosec: 974712078
  frame_id: base_link
name:
- joint_x
- joint_y
position:
- 0.02472499944269657
- 0.0247187502682209
velocity:
- -0.015937499701976776
- -0.015937499701976776
effort:
- .nan
- .nan
---
header:
  stamp:
    sec: 1791164745
    nanosec: 994694531
  frame_id: base_link
name:
- joint_x
- joint_y
position:
- 0.024393750354647636
- 0.024393750354647636
velocity:
- -0.01656249910593033
- -0.016249999403953552
effort:
- .nan
- .nan
---
header:
  stamp:
    sec: 1791164746
    nanosec: 14715572
  frame_id: base_link
name:
- joint_x
- joint_y
position:
- 0.024062499403953552
- 0.024062499403953552
velocity:
- -0.01656249910593033
- -0.016875000670552254
effort:
- .nan
- .nan
---
header:
  stamp:
    sec: 1791164746
    nanosec: 34711666
  frame_id: base_link
name:
- joint_x
- joint_y
position:
- 0.02370000071823597
- 0.02370624989271164
velocity:
- -0.017812499776482582
- -0.017812499776482582
effort:
- .nan
- .nan
---
header:
  stamp:
    sec: 1791164746
    nanosec: 54864034
  frame_id: base_link
name:
- joint_x
- joint_y
position:
- 0.023356249555945396
- 0.023356249555945396
velocity:
- -0.017500000074505806
- -0.01718750037252903
effort:
- .nan
- .nan
---
header:
  stamp:
    sec: 1791164746
    nanosec: 74707711
  frame_id: base_link
name:
- joint_x
- joint_y
position:
- 0.02264999970793724
- 0.02264999970793724
velocity:
- -0.017812499776482582
- -0.017812499776482582
effort:
- .nan
- .nan
---
header:
  stamp:
    sec: 1791164746
    nanosec: 94697987
  frame_id: base_link
name:
- joint_x
- joint_y
position:
- 0.02226250059902668
- 0.02226250059902668
velocity:
- -0.019062500447034836
- -0.019062500447034836
effort:
- .nan
- .nan
---
header:
  stamp:
    sec: 1791164746
    nanosec: 114704083
  frame_id: base_link
name:
- joint_x
- joint_y
position:
- 0.021893750876188278
- 0.021893750876188278
velocity:
- -0.018437499180436134
- -0.018437499180436134
effort:
- .nan
- .nan
---
header:
  stamp:
    sec: 1791164746
    nanosec: 134709681
  frame_id: base_link
name:
- joint_x
- joint_y
position:
- 0.021524999290704727
- 0.021524999290704727
velocity:
- -0.01875000074505806
- -0.01875000074505806
effort:
- .nan
- .nan
---
header:
  stamp:
    sec: 1791164746
    nanosec: 154846667
  frame_id: base_link
name:
- joint_x
- joint_y
position:
- 0.021143749356269836
- 0.021143749356269836
velocity:
- -0.01875000074505806
- -0.01875000074505806
effort:
- .nan
- .nan
---
header:
  stamp:
    sec: 1791164746
    nanosec: 174715170
  frame_id: base_link
name:
- joint_x
- joint_y
position:
- 0.020762499421834946
- 0.020762499421834946
velocity:
- -0.019062500447034836
- -0.019062500447034836
effort:
- .nan
- .nan
---
header:
  stamp:
    sec: 1791164746
    nanosec: 194698315
  frame_id: base_link
name:
- joint_x
- joint_y
position:
- 0.020356250926852226
- 0.020356250926852226
velocity:
- -0.01964285783469677
- -0.01964285783469677
effort:
- .nan
- .nan
---
header:
  stamp:
    sec: 1791164746
    nanosec: 214701346
  frame_id: base_link
name:
- joint_x
- joint_y
position:
- 0.019950000569224358
- 0.019950000569224358
velocity:
- -0.02031249925494194
- -0.02031249925494194
effort:
- .nan
- .nan
---
header:
  stamp:
    sec: 1791164746
    nanosec: 234700435
  frame_id: base_link
name:
- joint_x
- joint_y
position:
- 0.019556250423192978
- 0.019556250423192978
velocity:
- -0.019687499850988388
- -0.019687499850988388
effort:
- .nan
- .nan
---
header:
  stamp:
    sec: 1791164746
    nanosec: 254725465
  frame_id: base_link
name:
- joint_x
- joint_y
position:
- 0.01915624924004078
- 0.01915624924004078
velocity:
- -0.019999999552965164
- -0.019999999552965164
effort:
- .nan
- .nan
---
header:
  stamp:
    sec: 1791164746
    nanosec: 274704290
  frame_id: base_link
name:
- joint_x
- joint_y
position:
- 0.01875624991953373
- 0.0187624990940094
velocity:
- -0.019999999552965164
- -0.019687499850988388
effort:
- .nan
- .nan
---
header:
  stamp:
    sec: 1791164746
    nanosec: 294707635
  frame_id: base_link
name:
- joint_x
- joint_y
position:
- 0.01835625059902668
- 0.01835625059902668
velocity:
- -0.019999999552965164
- -0.019999999552965164
effort:
- .nan
- .nan
---
header:
  stamp:
    sec: 1791164746
    nanosec: 314719298
  frame_id: base_link
name:
- joint_x
- joint_y
position:
- 0.017537500709295273
- 0.017531249672174454
velocity:
- -0.019999999552965164
- -0.019999999552965164
effort:
- .nan
- .nan
---
header:
  stamp:
    sec: 1791164746
    nanosec: 334742147
  frame_id: base_link
name:
- joint_x
- joint_y
position:
- 0.017124999314546585
- 0.017124999314546585
velocity:
- -0.020625000819563866
- -0.020625000819563866
effort:
- .nan
- .nan
---
header:
  stamp:
    sec: 1791164746
    nanosec: 354699583
  frame_id: base_link
name:
- joint_x
- joint_y
position:
- 0.016712499782443047
- 0.016712499782443047
velocity:
- -0.02031249925494194
- -0.02031249925494194
effort:
- .nan
- .nan
---
header:
  stamp:
    sec: 1791164746
    nanosec: 374705060
  frame_id: base_link
name:
- joint_x
- joint_y
position:
- 0.01628125086426735
- 0.01628125086426735
velocity:
- -0.02083333395421505
- -0.02083333395421505
effort:
- .nan
- .nan
---
header:
  stamp:
    sec: 1791164746
    nanosec: 394700993
  frame_id: base_link
name:
- joint_x
- joint_y
position:
- 0.015850000083446503
- 0.015850000083446503
velocity:
- -0.021562499925494194
- -0.021250000223517418
effort:
- .nan
- .nan
---
header:
  stamp:
    sec: 1791164746
    nanosec: 414698686
  frame_id: base_link
name:
- joint_x
- joint_y
position:
- 0.01543749962002039
- 0.01543749962002039
velocity:
- -0.02031249925494194
- -0.020625000819563866
effort:
- .nan
- .nan
---
header:
  stamp:
    sec: 1791164746
    nanosec: 434699668
  frame_id: base_link
name:
- joint_x
- joint_y
position:
- 0.015025000087916851
- 0.015031250193715096
velocity:
- -0.020625000819563866
- -0.020625000819563866
effort:
- .nan
- .nan
---
header:
  stamp:
    sec: 1791164746
    nanosec: 454708052
  frame_id: base_link
name:
- joint_x
- joint_y
position:
- 0.014612499624490738
- 0.014618749730288982
velocity:
- -0.020625000819563866
- -0.020625000819563866
effort:
- .nan
- .nan
---
header:
  stamp:
    sec: 1791164746
    nanosec: 474703147
  frame_id: base_link
name:
- joint_x
- joint_y
position:
- 0.0142000000923872
- 0.0142000000923872
velocity:
- -0.020625000819563866
- -0.020625000819563866
effort:
- .nan
- .nan
---
header:
  stamp:
    sec: 1791164746
    nanosec: 494711828
  frame_id: base_link
name:
- joint_x
- joint_y
position:
- 0.013768750242888927
- 0.013768750242888927
velocity:
- -0.02083333395421505
- -0.02083333395421505
effort:
- .nan
- .nan
---
header:
  stamp:
    sec: 1791164746
    nanosec: 514715967
  frame_id: base_link
name:
- joint_x
- joint_y
position:
- 0.013337500393390656
- 0.013337500393390656
velocity:
- -0.021562499925494194
- -0.021562499925494194
effort:
- .nan
- .nan
---
header:
  stamp:
    sec: 1791164746
    nanosec: 534714569
  frame_id: base_link
name:
- joint_x
- joint_y
position:
- 0.012931250035762787
- 0.012931250035762787
velocity:
- -0.02031249925494194
- -0.02031249925494194
effort:
- .nan
- .nan
---
header:
  stamp:
    sec: 1791164746
    nanosec: 554712419
  frame_id: base_link
name:
- joint_x
- joint_y
position:
- 0.012524999678134918
- 0.012524999678134918
velocity:
- -0.02031249925494194
- -0.02031249925494194
effort:
- .nan
- .nan
---
header:
  stamp:
    sec: 1791164746
    nanosec: 574722856
  frame_id: base_link
name:
- joint_x
- joint_y
position:
- 0.011675000190734863
- 0.011675000190734863
velocity:
- -0.020937500521540642
- -0.021250000223517418
effort:
- .nan
- .nan
---
header:
  stamp:
    sec: 1791164746
    nanosec: 594721659
  frame_id: base_link
name:
- joint_x
- joint_y
position:
- 0.011274999938905239
- 0.011274999938905239
velocity:
- -0.02031249925494194
- -0.02031249925494194
effort:
- .nan
- .nan
---
header:
  stamp:
    sec: 1791164746
    nanosec: 614710683
  frame_id: base_link
name:
- joint_x
- joint_y
position:
- 0.010874999687075615
- 0.010874999687075615
velocity:
- -0.019999999552965164
- -0.019687499850988388
effort:
- .nan
- .nan
---
header:
  stamp:
    sec: 1791164746
    nanosec: 634715245
  frame_id: base_link
name:
- joint_x
- joint_y
position:
- 0.010475000366568565
- 0.010481249541044235
velocity:
- -0.019687499850988388
- -0.019999999552965164
effort:
- .nan
- .nan
---
header:
  stamp:
    sec: 1791164746
    nanosec: 654715513
  frame_id: base_link
name:
- joint_x
- joint_y
position:
- 0.010081250220537186
- 0.01008750032633543
velocity:
- -0.019687499850988388
- -0.019687499850988388
effort:
- .nan
- .nan
---
header:
  stamp:
    sec: 1791164746
    nanosec: 674709428
  frame_id: base_link
name:
- joint_x
- joint_y
position:
- 0.009674999862909317
- 0.009674999862909317
velocity:
- -0.01964285783469677
- -0.01964285783469677
effort:
- .nan
- .nan
---
header:
  stamp:
    sec: 1791164746
    nanosec: 694741435
  frame_id: base_link
name:
- joint_x
- joint_y
position:
- 0.009268750436604023
- 0.009268750436604023
velocity:
- -0.02031249925494194
- -0.019999999552965164
effort:
- .nan
- .nan
---
header:
  stamp:
    sec: 1791164746
    nanosec: 714711976
  frame_id: base_link
name:
- joint_x
- joint_y
position:
- 0.008887499570846558
- 0.008887499570846558
velocity:
- -0.019062500447034836
- -0.019062500447034836
effort:
- .nan
- .nan
---
header:
  stamp:
    sec: 1791164746
    nanosec: 734714836
  frame_id: base_link
name:
- joint_x
- joint_y
position:
- 0.008512499742209911
- 0.008512499742209911
velocity:
- -0.01875000074505806
- -0.019062500447034836
effort:
- .nan
- .nan
---
header:
  stamp:
    sec: 1791164746
    nanosec: 754722014
  frame_id: base_link
name:
- joint_x
- joint_y
position:
- 0.008137499913573265
- 0.008137499913573265
velocity:
- -0.01875000074505806
- -0.018437499180436134
effort:
- .nan
- .nan
---
header:
  stamp:
    sec: 1791164746
    nanosec: 774659343
  frame_id: base_link
name:
- joint_x
- joint_y
position:
- 0.007768750190734863
- 0.007768750190734863
velocity:
- -0.018437499180436134
- -0.018437499180436134
effort:
- .nan
- .nan
---
header:
  stamp:
    sec: 1791164746
    nanosec: 794675703
  frame_id: base_link
name:
- joint_x
- joint_y
position:
- 0.007031249813735485
- 0.007031249813735485
velocity:
- -0.017812499776482582
- -0.017812499776482582
effort:
- .nan
- .nan
---
header:
  stamp:
    sec: 1791164746
    nanosec: 814686639
  frame_id: base_link
name:
- joint_x
- joint_y
position:
- 0.006681249942630529
- 0.006674999836832285
velocity:
- -0.017500000074505806
- -0.017500000074505806
effort:
- .nan
- .nan
---
header:
  stamp:
    sec: 1791164746
    nanosec: 834690722
  frame_id: base_link
name:
- joint_x
- joint_y
position:
- 0.006331250071525574
- 0.006331250071525574
velocity:
- -0.017500000074505806
- -0.017500000074505806
effort:
- .nan
- .nan
---
header:
  stamp:
    sec: 1791164746
    nanosec: 854695456
  frame_id: base_link
name:
- joint_x
- joint_y
position:
- 0.005975000094622374
- 0.005975000094622374
velocity:
- -0.01696428656578064
- -0.01696428656578064
effort:
- .nan
- .nan
---
header:
  stamp:
    sec: 1791164746
    nanosec: 874708137
  frame_id: base_link
name:
- joint_x
- joint_y
position:
- 0.005618750117719173
- 0.005618750117719173
velocity:
- -0.017812499776482582
- -0.017812499776482582
effort:
- .nan
- .nan
---
header:
  stamp:
    sec: 1791164746
    nanosec: 894701382
  frame_id: base_link
name:
- joint_x
- joint_y
position:
- 0.005293750204145908
- 0.005287500098347664
velocity:
- -0.016249999403953552
- -0.016249999403953552
effort:
- .nan
- .nan
---
header:
  stamp:
    sec: 1791164746
    nanosec: 914708637
  frame_id: base_link
name:
- joint_x
- joint_y
position:
- 0.004968749824911356
- 0.004968749824911356
velocity:
- -0.016249999403953552
- -0.016249999403953552
effort:
- .nan
- .nan
---
header:
  stamp:
    sec: 1791164746
    nanosec: 934751508
  frame_id: base_link
name:
- joint_x
- joint_y
position:
- 0.00465625012293458
- 0.00465625012293458
velocity:
- -0.015625
- -0.015625
effort:
- .nan
- .nan
---
header:
  stamp:
    sec: 1791164746
    nanosec: 954692366
  frame_id: base_link
name:
- joint_x
- joint_y
position:
- 0.004350000061094761
- 0.004350000061094761
velocity:
- -0.015312500298023224
- -0.015312500298023224
effort:
- .nan
- .nan
---
header:
  stamp:
    sec: 1791164746
    nanosec: 974711503
  frame_id: base_link
name:
- joint_x
- joint_y
position:
- 0.004031249787658453
- 0.004031249787658453
velocity:
- -0.015625
- -0.015625
effort:
- .nan
- .nan
---
header:
  stamp:
    sec: 1791164746
    nanosec: 994697959
  frame_id: base_link
name:
- joint_x
- joint_y
position:
- 0.0037437500432133675
- 0.0037437500432133675
velocity:
- -0.014687499962747097
- -0.014375000260770321
effort:
- .nan
- .nan
---
header:
  stamp:
    sec: 1791164747
    nanosec: 14723635
  frame_id: base_link
name:
- joint_x
- joint_y
position:
- 0.003462499938905239
- 0.003462499938905239
velocity:
- -0.01406249962747097
- -0.014375000260770321
effort:
- .nan
- .nan
---
header:
  stamp:
    sec: 1791164747
    nanosec: 34701804
  frame_id: base_link
name:
- joint_x
- joint_y
position:
- 0.002918750047683716
- 0.0029124999418854713
velocity:
- -0.013749999925494194
- -0.013749999925494194
effort:
- .nan
- .nan
---
header:
  stamp:
    sec: 1791164747
    nanosec: 54708413
  frame_id: base_link
name:
- joint_x
- joint_y
position:
- 0.0026562500279396772
- 0.0026562500279396772
velocity:
- -0.012812499888241291
- -0.012812499888241291
effort:
- .nan
- .nan
---
header:
  stamp:
    sec: 1791164747
    nanosec: 74703031
  frame_id: base_link
name:
- joint_x
- joint_y
position:
- 0.0024125000927597284
- 0.0024125000927597284
velocity:
- -0.012500000186264515
- -0.012500000186264515
effort:
- .nan
- .nan
---
header:
  stamp:
    sec: 1791164747
    nanosec: 94722824
  frame_id: base_link
name:
- joint_x
- joint_y
position:
- 0.0021750000305473804
- 0.0021750000305473804
velocity:
- -0.011562500149011612
- -0.011562500149011612
effort:
- .nan
- .nan
---
header:
  stamp:
    sec: 1791164747
    nanosec: 114709231
  frame_id: base_link
name:
- joint_x
- joint_y
position:
- 0.0019499999471008778
- 0.0019499999471008778
velocity:
- -0.011562500149011612
- -0.011562500149011612
effort:
- .nan
- .nan
---
header:
  stamp:
    sec: 1791164747
    nanosec: 134720012
  frame_id: base_link
name:
- joint_x
- joint_y
position:
- 0.001724999980069697
- 0.001724999980069697
velocity:
- -0.010714286006987095
- -0.010714286006987095
effort:
- .nan
- .nan
---
header:
  stamp:
    sec: 1791164747
    nanosec: 154718162
  frame_id: base_link
name:
- joint_x
- joint_y
position:
- 0.001518749981187284
- 0.001518749981187284
velocity:
- -0.010714286006987095
- -0.010714286006987095
effort:
- .nan
- .nan
---
header:
  stamp:
    sec: 1791164747
    nanosec: 174725037
  frame_id: base_link
name:
- joint_x
- joint_y
position:
- 0.0013249999610707164
- 0.0013249999610707164
velocity:
- -0.010256410576403141
- -0.010256410576403141
effort:
- .nan
- .nan
---
header:
  stamp:
    sec: 1791164747
    nanosec: 194712096
  frame_id: base_link
name:
- joint_x
- joint_y
position:
- 0.0011375000467523932
- 0.0011375000467523932
velocity:
- -0.00937500037252903
- -0.00937500037252903
effort:
- .nan
- .nan
---
header:
  stamp:
    sec: 1791164747
    nanosec: 214712444
  frame_id: base_link
name:
- joint_x
- joint_y
position:
- 0.0009624999947845936
- 0.0009624999947845936
velocity:
- -0.008437500335276127
- -0.008437500335276127
effort:
- .nan
- .nan
---
header:
  stamp:
    sec: 1791164747
    nanosec: 234715869
  frame_id: base_link
name:
- joint_x
- joint_y
position:
- 0.0007937499904073775
- 0.0007937499904073775
velocity:
- -0.008333333767950535
- -0.008333333767950535
effort:
- .nan
- .nan
---
header:
  stamp:
    sec: 1791164747
    nanosec: 254726083
  frame_id: base_link
name:
- joint_x
- joint_y
position:
- 0.0005000000237487257
- 0.0005000000237487257
velocity:
- -0.006874999962747097
- -0.006874999962747097
effort:
- .nan
- .nan
---
header:
  stamp:
    sec: 1791164747
    nanosec: 274726443
  frame_id: base_link
name:
- joint_x
- joint_y
position:
- 0.00038124999264255166
- 0.00038124999264255166
velocity:
- -0.005937499925494194
- -0.005937499925494194
effort:
- .nan
- .nan
---
header:
  stamp:
    sec: 1791164747
    nanosec: 294713298
  frame_id: base_link
name:
- joint_x
- joint_y
position:
- 0.00026875000912696123
- 0.00026875000912696123
velocity:
- -0.005625000223517418
- -0.005625000223517418
effort:
- .nan
- .nan
---
header:
  stamp:
    sec: 1791164747
    nanosec: 314711276
  frame_id: base_link
name:
- joint_x
- joint_y
position:
- 0.00016250000044237822
- 0.00016250000044237822
velocity:
- -0.0053125000558793545
- -0.0053125000558793545
effort:
- .nan
- .nan
---
header:
  stamp:
    sec: 1791164747
    nanosec: 334711193
  frame_id: base_link
name:
- joint_x
- joint_y
position:
- 8.125000022118911e-05
- 8.125000022118911e-05
velocity:
- -0.004062499850988388
- -0.004062499850988388
effort:
- .nan
- .nan
---
header:
  stamp:
    sec: 1791164747
    nanosec: 354707247
  frame_id: base_link
name:
- joint_x
- joint_y
position:
- 6.24999984211172e-06
- 6.24999984211172e-06
velocity:
- -0.0037499999161809683
- -0.0037499999161809683
effort:
- .nan
- .nan
---
header:
  stamp:
    sec: 1791164747
    nanosec: 374719074
  frame_id: base_link
name:
- joint_x
- joint_y
position:
- -4.999999873689376e-05
- -4.999999873689376e-05
velocity:
- -0.002812500111758709
- -0.002812500111758709
effort:
- .nan
- .nan
---
header:
  stamp:
    sec: 1791164747
    nanosec: 394663767
  frame_id: base_link
name:
- joint_x
- joint_y
position:
- -9.375000081490725e-05
- -9.375000081490725e-05
velocity:
- -0.0021875000093132257
- -0.0021875000093132257
effort:
- .nan
- .nan
---
header:
  stamp:
    sec: 1791164747
    nanosec: 414721903
  frame_id: base_link
name:
- joint_x
- joint_y
position:
- -0.0001250000059371814
- -0.0001250000059371814
velocity:
- -0.0015625000232830644
- -0.0015625000232830644
effort:
- .nan
- .nan
---
header:
  stamp:
    sec: 1791164747
    nanosec: 434695197
  frame_id: base_link
name:
- joint_x
- joint_y
position:
- -0.00014375000318977982
- -0.00014375000318977982
velocity:
- -0.0009374999790452421
- -0.0009374999790452421
effort:
- .nan
- .nan
---
header:
  stamp:
    sec: 1791164747
    nanosec: 454737473
  frame_id: base_link
name:
- joint_x
- joint_y
position:
- -0.00014375000318977982
- -0.00014375000318977982
velocity:
- 0.0
- 0.0
effort:
- .nan
- .nan
---
header:
  stamp:
    sec: 1791164747
    nanosec: 474719690
  frame_id: base_link
name:
- joint_x
- joint_y
position:
- -8.749999688006938e-05
- -8.749999688006938e-05
velocity:
- 0.0018749999580904841
- 0.0018749999580904841
effort:
- .nan
- .nan
---
header:
  stamp:
    sec: 1791164747
    nanosec: 494706399
  frame_id: base_link
name:
- joint_x
- joint_y
position:
- -6.25000029685907e-05
- -6.25000029685907e-05
velocity:
- 0.0012499999720603228
- 0.0012499999720603228
effort:
- .nan
- .nan
---
header:
  stamp:
    sec: 1791164747
    nanosec: 514715690
  frame_id: base_link
name:
- joint_x
- joint_y
position:
- 0.0
- 0.0
velocity:
- 0.0031250000465661287
- 0.0031250000465661287
effort:
- .nan
- .nan
---
header:
  stamp:
    sec: 1791164747
    nanosec: 534716647
  frame_id: base_link
name:
- joint_x
- joint_y
position:
- 0.0
- 0.0
velocity:
- 0.0
- 0.0
effort:
- .nan
- .nan
---
header:
  stamp:
    sec: 1791164747
    nanosec: 554706433
  frame_id: base_link
name:
- joint_x
- joint_y
position:
- 0.0
- 0.0
velocity:
- 0.0
- 0.0
effort:
- .nan
- .nan
---
header:
  stamp:
    sec: 1791164747
    nanosec: 574698800
  frame_id: base_link
name:
- joint_x
- joint_y
position:
- 0.0
- 0.0
velocity:
- 0.0
- 0.0
effort:
- .nan
- .nan
---
header:
  stamp:
    sec: 1791164747
    nanosec: 594699425
  frame_id: base_link
name:
- joint_x
- joint_y
position:
- 0.0
- 0.0
velocity:
- 0.0
- 0.0
effort:
- .nan
- .nan
---
header:
  stamp:
    sec: 1791164747
    nanosec: 614718152
  frame_id: base_link
name:
- joint_x
- joint_y
position:
- 0.0
- 0.0
velocity:
- 0.0
- 0.0
effort:
- .nan
- .nan
---
header:
  stamp:
    sec: 1791164747
    nanosec: 634718501
  frame_id: base_link
name:
- joint_x
- joint_y
position:
- 0.0
- 0.0
velocity:
- 0.0
- 0.0
effort:
- .nan
- .nan
---
header:
  stamp:
    sec: 1791164747
    nanosec: 654698958
  frame_id: base_link
name:
- joint_x
- joint_y
position:
- 0.0
- 0.0
velocity:
- 0.0
- 0.0
effort:
- .nan
- .nan
---
