A message was lost!!!
	total count change:1
	total count: 1---
header:
  stamp:
    sec: 1791158974
    nanosec: 645714177
  frame_id: base_link
name:
- joint_x
- joint_y
position:
- 0.0
- 0.0
velocity:
- 0.0
- 0.0
effort:
- .nan
- .nan
---
header:
  stamp:
    sec: 1791158974
    nanosec: 665700474
  frame_id: base_link
name:
- joint_x
- joint_y
position:
- 0.0
- 0.0
velocity:
- 0.0
- 0.0
effort:
- .nan
- .nan
---
header:
  stamp:
    sec: 1791158974
    nanosec: 685712910
  frame_id: base_link
name:
- joint_x
- joint_y
position:
- 0.0
- 0.0
velocity:
- 0.0
- 0.0
effort:
- .nan
- .nan
---
header:
  stamp:
    sec: 1791158974
    nanosec: 705707582
  frame_id: base_link
name:
- joint_x
- joint_y
position:
- 0.0
- 0.0
velocity:
- 0.0
- 0.0
effort:
- .nan
- .nan
---
header:
  stamp:
    sec: 1791158974
    nanosec: 725695560
  frame_id: base_link
name:
- joint_x
- joint_y
position:
- 0.0
- 0.0
velocity:
- 0.0
- 0.0
effort:
- .nan
- .nan
---
header:
  stamp:
    sec: 1791158974
    nanosec: 745732883
  frame_id: base_link
name:
- joint_x
- joint_y
position:
- 0.0
- 0.0
velocity:
- 0.0
- 0.0
effort:
- .nan
- .nan
---
header:
  stamp:
    sec: 1791158974
    nanosec: 765697754
  frame_id: base_link
name:
- joint_x
- joint_y
position:
- 0.0
- 0.0
velocity:
- 0.0
- 0.0
effort:
- .nan
- .nan
---
header:
  stamp:
    sec: 1791158974
    nanosec: 785700745
  frame_id: base_link
name:
- joint_x
- joint_y
position:
- 0.0
- 0.0
velocity:
- 0.0
- 0.0
effort:
- .nan
- .nan
---
header:
  stamp:
    sec: 1791158974
    nanosec: 805694494
  frame_id: base_link
name:
- joint_x
- joint_y
position:
- 0.0
- 0.0
velocity:
- 0.0
- 0.0
effort:
- .nan
- .nan
---
header:
  stamp:
    sec: 1791158974
    nanosec: 825694153
  frame_id: base_link
name:
- joint_x
- joint_y
position:
- 0.0
- 0.0
velocity:
- 0.0
- 0.0
effort:
- .nan
- .nan
---
header:
  stamp:
    sec: 1791158974
    nanosec: 845716671
  frame_id: base_link
name:
- joint_x
- joint_y
position:
- 0.0
- 0.0
velocity:
- 0.0
- 0.0
effort:
- .nan
- .nan
---
header:
  stamp:
    sec: 1791158974
    nanosec: 865692372
  frame_id: base_link
name:
- joint_x
- joint_y
position:
- 0.0
- 0.0
velocity:
- 0.0
- 0.0
effort:
- .nan
- .nan
---
header:
  stamp:
    sec: 1791158974
    nanosec: 885696058
  frame_id: base_link
name:
- joint_x
- joint_y
position:
- 0.0
- 0.0
velocity:
- 0.0
- 0.0
effort:
- .nan
- .nan
---
header:
  stamp:
    sec: 1791158974
    nanosec: 905703858
  frame_id: base_link
name:
- joint_x
- joint_y
position:
- 0.0
- 0.0
velocity:
- 0.0
- 0.0
effort:
- .nan
- .nan
---
header:
  stamp:
    sec: 1791158974
    nanosec: 925688900
  frame_id: base_link
name:
- joint_x
- joint_y
position:
- 0.0
- 0.0
velocity:
- 0.0
- 0.0
effort:
- .nan
- .nan
---
header:
  stamp:
    sec: 1791158974
    nanosec: 945693748
  frame_id: base_link
name:
- joint_x
- joint_y
position:
- 0.0
- 0.0
velocity:
- 0.0
- 0.0
effort:
- .nan
- .nan
---
header:
  stamp:
    sec: 1791158974
    nanosec: 965692613
  frame_id: base_link
name:
- joint_x
- joint_y
position:
- 0.0
- 0.0
velocity:
- 0.0
- 0.0
effort:
- .nan
- .nan
---
header:
  stamp:
    sec: 1791158974
    nanosec: 985717856
  frame_id: base_link
name:
- joint_x
- joint_y
position:
- 0.0
- 0.0
velocity:
- 0.0
- 0.0
effort:
- .nan
- .nan
---
header:
  stamp:
    sec: 1791158975
    nanosec: 5701252
  frame_id: base_link
name:
- joint_x
- joint_y
position:
- 0.0
- 0.0
velocity:
- 0.0
- 0.0
effort:
- .nan
- .nan
---
header:
  stamp:
    sec: 1791158975
    nanosec: 25697775
  frame_id: base_link
name:
- joint_x
- joint_y
position:
- 0.0
- 0.0
velocity:
- 0.0
- 0.0
effort:
- .nan
- .nan
---
header:
  stamp:
    sec: 1791158975
    nanosec: 45694290
  frame_id: base_link
name:
- joint_x
- joint_y
position:
- 0.0
- 0.0
velocity:
- 0.0
- 0.0
effort:
- .nan
- .nan
---
header:
  stamp:
    sec: 1791158975
    nanosec: 65706671
  frame_id: base_link
name:
- joint_x
- joint_y
position:
- 0.0
- 0.0
velocity:
- 0.0
- 0.0
effort:
- .nan
- .nan
---
header:
  stamp:
    sec: 1791158975
    nanosec: 85721435
  frame_id: base_link
name:
- joint_x
- joint_y
position:
- 0.0
- 0.0
velocity:
- 0.0
- 0.0
effort:
- .nan
- .nan
---
header:
  stamp:
    sec: 1791158975
    nanosec: 105693978
  frame_id: base_link
name:
- joint_x
- joint_y
position:
- 0.0
- 0.0
velocity:
- 0.0
- 0.0
effort:
- .nan
- .nan
---
header:
  stamp:
    sec: 1791158975
    nanosec: 125733308
  frame_id: base_link
name:
- joint_x
- joint_y
position:
- 0.0
- 0.0
velocity:
- 0.0
- 0.0
effort:
- .nan
- .nan
---
header:
  stamp:
    sec: 1791158975
    nanosec: 145712769
  frame_id: base_link
name:
- joint_x
- joint_y
position:
- 0.0
- 0.0
velocity:
- 0.0
- 0.0
effort:
- .nan
- .nan
---
header:
  stamp:
    sec: 1791158975
    nanosec: 165717063
  frame_id: base_link
name:
- joint_x
- joint_y
position:
- 0.0
- 0.0
velocity:
- 0.0
- 0.0
effort:
- .nan
- .nan
---
header:
  stamp:
    sec: 1791158975
    nanosec: 185703208
  frame_id: base_link
name:
- joint_x
- joint_y
position:
- 0.0
- 0.0
velocity:
- 0.0
- 0.0
effort:
- .nan
- .nan
---
header:
  stamp:
    sec: 1791158975
    nanosec: 205719093
  frame_id: base_link
name:
- joint_x
- joint_y
position:
- 0.0
- 0.0
velocity:
- 0.0
- 0.0
effort:
- .nan
- .nan
---
header:
  stamp:
    sec: 1791158975
    nanosec: 225701530
  frame_id: base_link
name:
- joint_x
- joint_y
position:
- 0.0
- 0.0
velocity:
- 0.0
- 0.0
effort:
- .nan
- .nan
---
header:
  stamp:
    sec: 1791158975
    nanosec: 245695407
  frame_id: base_link
name:
- joint_x
- joint_y
position:
- 0.0
- 0.0
velocity:
- 0.0
- 0.0
effort:
- .nan
- .nan
---
header:
  stamp:
    sec: 1791158975
    nanosec: 265702249
  frame_id: base_link
name:
- joint_x
- joint_y
position:
- 0.0
- 0.0
velocity:
- 0.0
- 0.0
effort:
- .nan
- .nan
---
header:
  stamp:
    sec: 1791158975
    nanosec: 285700172
  frame_id: base_link
name:
- joint_x
- joint_y
position:
- 0.0
- 0.0
velocity:
- 0.0
- 0.0
effort:
- .nan
- .nan
---
header:
  stamp:
    sec: 1791158975
    nanosec: 305693672
  frame_id: base_link
name:
- joint_x
- joint_y
position:
- 0.0
- 0.0
velocity:
- 0.0
- 0.0
effort:
- .nan
- .nan
---
header:
  stamp:
    sec: 1791158975
    nanosec: 325704530
  frame_id: base_link
name:
- joint_x
- joint_y
position:
- 0.0
- 0.0
velocity:
- 0.0
- 0.0
effort:
- .nan
- .nan
---
header:
  stamp:
    sec: 1791158975
    nanosec: 345693965
  frame_id: base_link
name:
- joint_x
- joint_y
position:
- 0.0
- 0.0
velocity:
- 0.0
- 0.0
effort:
- .nan
- .nan
---
header:
  stamp:
    sec: 1791158975
    nanosec: 365710809
  frame_id: base_link
name:
- joint_x
- joint_y
position:
- 0.0
- 0.0
velocity:
- 0.0
- 0.0
effort:
- .nan
- .nan
---
header:
  stamp:
    sec: 1791158975
    nanosec: 385699680
  frame_id: base_link
name:
- joint_x
- joint_y
position:
- 0.0
- 0.0
velocity:
- 0.0
- 0.0
effort:
- .nan
- .nan
---
header:
  stamp:
    sec: 1791158975
    nanosec: 405697080
  frame_id: base_link
name:
- joint_x
- joint_y
position:
- 0.0
- 0.0
velocity:
- 0.0
- 0.0
effort:
- .nan
- .nan
---
header:
  stamp:
    sec: 1791158975
    nanosec: 425694953
  frame_id: base_link
name:
- joint_x
- joint_y
position:
- 0.0
- 0.0
velocity:
- 0.0
- 0.0
effort:
- .nan
- .nan
---
header:
  stamp:
    sec: 1791158975
    nanosec: 445698922
  frame_id: base_link
name:
- joint_x
- joint_y
position:
- 0.0
- 0.0
velocity:
- 0.0
- 0.0
effort:
- .nan
- .nan
---
header:
  stamp:
    sec: 1791158975
    nanosec: 465694760
  frame_id: base_link
name:
- joint_x
- joint_y
position:
- 0.0
- 0.0
velocity:
- 0.0
- 0.0
effort:
- .nan
- .nan
---
header:
  stamp:
    sec: 1791158975
    nanosec: 485694669
  frame_id: base_link
name:
- joint_x
- joint_y
position:
- 0.0
- 0.0
velocity:
- 0.0
- 0.0
effort:
- .nan
- .nan
---
header:
  stamp:
    sec: 1791158975
    nanosec: 505703435
  frame_id: base_link
name:
- joint_x
- joint_y
position:
- 0.0
- 0.0
velocity:
- 0.0
- 0.0
effort:
- .nan
- .nan
---
header:
  stamp:
    sec: 1791158975
    nanosec: 525692534
  frame_id: base_link
name:
- joint_x
- joint_y
position:
- 0.0
- 0.0
velocity:
- 0.0
- 0.0
effort:
- .nan
- .nan
---
header:
  stamp:
    sec: 1791158975
    nanosec: 545692868
  frame_id: base_link
name:
- joint_x
- joint_y
position:
- 0.0
- 0.0
velocity:
- 0.0
- 0.0
effort:
- .nan
- .nan
---
header:
  stamp:
    sec: 1791158975
    nanosec: 565699510
  frame_id: base_link
name:
- joint_x
- joint_y
position:
- 0.0
- 0.0
velocity:
- 0.0
- 0.0
effort:
- .nan
- .nan
---
header:
  stamp:
    sec: 1791158975
    nanosec: 585696487
  frame_id: base_link
name:
- joint_x
- joint_y
position:
- 0.0
- 0.0
velocity:
- 0.0
- 0.0
effort:
- .nan
- .nan
---
header:
  stamp:
    sec: 1791158975
    nanosec: 605714309
  frame_id: base_link
name:
- joint_x
- joint_y
position:
- 0.0
- 0.0
velocity:
- 0.0
- 0.0
effort:
- .nan
- .nan
---
header:
  stamp:
    sec: 1791158975
    nanosec: 625712257
  frame_id: base_link
name:
- joint_x
- joint_y
position:
- 0.0
- 0.0
velocity:
- 0.0
- 0.0
effort:
- .nan
- .nan
---
header:
  stamp:
    sec: 1791158975
    nanosec: 645708208
  frame_id: base_link
name:
- joint_x
- joint_y
position:
- 0.0
- 0.0
velocity:
- 0.0
- 0.0
effort:
- .nan
- .nan
---
header:
  stamp:
    sec: 1791158975
    nanosec: 665717294
  frame_id: base_link
name:
- joint_x
- joint_y
position:
- 0.0
- 0.0
velocity:
- 0.0
- 0.0
effort:
- .nan
- .nan
---
header:
  stamp:
    sec: 1791158975
    nanosec: 685710777
  frame_id: base_link
name:
- joint_x
- joint_y
position:
- 0.0
- 0.0
velocity:
- 0.0
- 0.0
effort:
- .nan
- .nan
---
header:
  stamp:
    sec: 1791158975
    nanosec: 705716886
  frame_id: base_link
name:
- joint_x
- joint_y
position:
- 0.0
- 0.0
velocity:
- 0.0
- 0.0
effort:
- .nan
- .nan
---
header:
  stamp:
    sec: 1791158975
    nanosec: 725711836
  frame_id: base_link
name:
- joint_x
- joint_y
position:
- 0.0
- 0.0
velocity:
- 0.0
- 0.0
effort:
- .nan
- .nan
---
header:
  stamp:
    sec: 1791158975
    nanosec: 745713687
  frame_id: base_link
name:
- joint_x
- joint_y
position:
- 0.0
- 0.0
velocity:
- 0.0
- 0.0
effort:
- .nan
- .nan
---
header:
  stamp:
    sec: 1791158975
    nanosec: 765716199
  frame_id: base_link
name:
- joint_x
- joint_y
position:
- 0.0
- 0.0
velocity:
- 0.0
- 0.0
effort:
- .nan
- .nan
---
header:
  stamp:
    sec: 1791158975
    nanosec: 785697363
  frame_id: base_link
name:
- joint_x
- joint_y
position:
- 0.0
- 0.0
velocity:
- 0.0
- 0.0
effort:
- .nan
- .nan
---
header:
  stamp:
    sec: 1791158975
    nanosec: 805703766
  frame_id: base_link
name:
- joint_x
- joint_y
position:
- 0.0
- 0.0
velocity:
- 0.0
- 0.0
effort:
- .nan
- .nan
---
header:
  stamp:
    sec: 1791158975
    nanosec: 825702241
  frame_id: base_link
name:
- joint_x
- joint_y
position:
- 0.0
- 0.0
velocity:
- 0.0
- 0.0
effort:
- .nan
- .nan
---
header:
  stamp:
    sec: 1791158975
    nanosec: 845696993
  frame_id: base_link
name:
- joint_x
- joint_y
position:
- 0.0
- 0.0
velocity:
- 0.0
- 0.0
effort:
- .nan
- .nan
---
header:
  stamp:
    sec: 1791158975
    nanosec: 865707325
  frame_id: base_link
name:
- joint_x
- joint_y
position:
- 0.0
- 0.0
velocity:
- 0.0
- 0.0
effort:
- .nan
- .nan
---
header:
  stamp:
    sec: 1791158975
    nanosec: 885703078
  frame_id: base_link
name:
- joint_x
- joint_y
position:
- 0.0
- 0.0
velocity:
- 0.0
- 0.0
effort:
- .nan
- .nan
---
header:
  stamp:
    sec: 1791158975
    nanosec: 905703870
  frame_id: base_link
name:
- joint_x
- joint_y
position:
- 0.0
- 0.0
velocity:
- 0.0
- 0.0
effort:
- .nan
- .nan
---
header:
  stamp:
    sec: 1791158975
    nanosec: 925711428
  frame_id: base_link
name:
- joint_x
- joint_y
position:
- 0.0
- 0.0
velocity:
- 0.0
- 0.0
effort:
- .nan
- .nan
---
header:
  stamp:
    sec: 1791158975
    nanosec: 945719178
  frame_id: base_link
name:
- joint_x
- joint_y
position:
- 0.0
- 0.0
velocity:
- 0.0
- 0.0
effort:
- .nan
- .nan
---
header:
  stamp:
    sec: 1791158975
    nanosec: 965712415
  frame_id: base_link
name:
- joint_x
- joint_y
position:
- 0.0
- 0.0
velocity:
- 0.0
- 0.0
effort:
- .nan
- .nan
---
header:
  stamp:
    sec: 1791158975
    nanosec: 985709243
  frame_id: base_link
name:
- joint_x
- joint_y
position:
- 0.0
- 0.0
velocity:
- 0.0
- 0.0
effort:
- .nan
- .nan
---
header:
  stamp:
    sec: 1791158976
    nanosec: 5696561
  frame_id: base_link
name:
- joint_x
- joint_y
position:
- 0.0
- 0.0
velocity:
- 0.0
- 0.0
effort:
- .nan
- .nan
---
header:
  stamp:
    sec: 1791158976
    nanosec: 25700782
  frame_id: base_link
name:
- joint_x
- joint_y
position:
- 0.0
- 0.0
velocity:
- 0.0
- 0.0
effort:
- .nan
- .nan
---
header:
  stamp:
    sec: 1791158976
    nanosec: 45705273
  frame_id: base_link
name:
- joint_x
- joint_y
position:
- 0.0
- 0.0
velocity:
- 0.0
- 0.0
effort:
- .nan
- .nan
---
header:
  stamp:
    sec: 1791158976
    nanosec: 65706660
  frame_id: base_link
name:
- joint_x
- joint_y
position:
- 0.0
- 0.0
velocity:
- 0.0
- 0.0
effort:
- .nan
- .nan
---
header:
  stamp:
    sec: 1791158976
    nanosec: 85716437
  frame_id: base_link
name:
- joint_x
- joint_y
position:
- 0.0
- 0.0
velocity:
- 0.0
- 0.0
effort:
- .nan
- .nan
---
header:
  stamp:
    sec: 1791158976
    nanosec: 105704232
  frame_id: base_link
name:
- joint_x
- joint_y
position:
- 0.0
- 0.0
velocity:
- 0.0
- 0.0
effort:
- .nan
- .nan
---
header:
  stamp:
    sec: 1791158976
    nanosec: 125727258
  frame_id: base_link
name:
- joint_x
- joint_y
position:
- 0.0
- 0.0
velocity:
- 0.0
- 0.0
effort:
- .nan
- .nan
---
header:
  stamp:
    sec: 1791158976
    nanosec: 145733742
  frame_id: base_link
name:
- joint_x
- joint_y
position:
- 0.0
- 0.0
velocity:
- 0.0
- 0.0
effort:
- .nan
- .nan
---
header:
  stamp:
    sec: 1791158976
    nanosec: 165737000
  frame_id: base_link
name:
- joint_x
- joint_y
position:
- 0.0
- 0.0
velocity:
- 0.0
- 0.0
effort:
- .nan
- .nan
---
header:
  stamp:
    sec: 1791158976
    nanosec: 185732329
  frame_id: base_link
name:
- joint_x
- joint_y
position:
- 0.0
- 0.0
velocity:
- 0.0
- 0.0
effort:
- .nan
- .nan
---
header:
  stamp:
    sec: 1791158976
    nanosec: 207106949
  frame_id: base_link
name:
- joint_x
- joint_y
position:
- 0.0
- 0.0
velocity:
- 0.0
- 0.0
effort:
- .nan
- .nan
---
header:
  stamp:
    sec: 1791158976
    nanosec: 225737813
  frame_id: base_link
name:
- joint_x
- joint_y
position:
- 0.0
- 0.0
velocity:
- 0.0
- 0.0
effort:
- .nan
- .nan
---
header:
  stamp:
    sec: 1791158976
    nanosec: 245893847
  frame_id: base_link
name:
- joint_x
- joint_y
position:
- 0.0
- 0.0
velocity:
- 0.0
- 0.0
effort:
- .nan
- .nan
---
header:
  stamp:
    sec: 1791158976
    nanosec: 266115177
  frame_id: base_link
name:
- joint_x
- joint_y
position:
- 0.0
- 0.0
velocity:
- 0.0
- 0.0
effort:
- .nan
- .nan
---
header:
  stamp:
    sec: 1791158976
    nanosec: 285769541
  frame_id: base_link
name:
- joint_x
- joint_y
position:
- 0.0
- 0.0
velocity:
- 0.0
- 0.0
effort:
- .nan
- .nan
---
header:
  stamp:
    sec: 1791158976
    nanosec: 306032772
  frame_id: base_link
name:
- joint_x
- joint_y
position:
- 0.0
- 0.0
velocity:
- 0.0
- 0.0
effort:
- .nan
- .nan
---
header:
  stamp:
    sec: 1791158976
    nanosec: 325768204
  frame_id: base_link
name:
- joint_x
- joint_y
position:
- 0.0
- 0.0
velocity:
- 0.0
- 0.0
effort:
- .nan
- .nan
---
header:
  stamp:
    sec: 1791158976
    nanosec: 346273634
  frame_id: base_link
name:
- joint_x
- joint_y
position:
- 0.0
- 0.0
velocity:
- 0.0
- 0.0
effort:
- .nan
- .nan
---
header:
  stamp:
    sec: 1791158976
    nanosec: 365772393
  frame_id: base_link
name:
- joint_x
- joint_y
position:
- 0.0
- 0.0
velocity:
- 0.0
- 0.0
effort:
- .nan
- .nan
---
header:
  stamp:
    sec: 1791158976
    nanosec: 385715913
  frame_id: base_link
name:
- joint_x
- joint_y
position:
- 0.0
- 0.0
velocity:
- 0.0
- 0.0
effort:
- .nan
- .nan
---
header:
  stamp:
    sec: 1791158976
    nanosec: 405706775
  frame_id: base_link
name:
- joint_x
- joint_y
position:
- 0.0
- 0.0
velocity:
- 0.0
- 0.0
effort:
- .nan
- .nan
---
header:
  stamp:
    sec: 1791158976
    nanosec: 425711795
  frame_id: base_link
name:
- joint_x
- joint_y
position:
- 0.0
- 0.0
velocity:
- 0.0
- 0.0
effort:
- .nan
- .nan
---
header:
  stamp:
    sec: 1791158976
    nanosec: 445706431
  frame_id: base_link
name:
- joint_x
- joint_y
position:
- 0.0
- 0.0
velocity:
- 0.0
- 0.0
effort:
- .nan
- .nan
---
header:
  stamp:
    sec: 1791158976
    nanosec: 465729073
  frame_id: base_link
name:
- joint_x
- joint_y
position:
- 0.0
- 0.0
velocity:
- 0.0
- 0.0
effort:
- .nan
- .nan
---
header:
  stamp:
    sec: 1791158976
    nanosec: 485714848
  frame_id: base_link
name:
- joint_x
- joint_y
position:
- 0.0
- 0.0
velocity:
- 0.0
- 0.0
effort:
- .nan
- .nan
---
header:
  stamp:
    sec: 1791158976
    nanosec: 505715923
  frame_id: base_link
name:
- joint_x
- joint_y
position:
- 0.0
- 0.0
velocity:
- 0.0
- 0.0
effort:
- .nan
- .nan
---
header:
  stamp:
    sec: 1791158976
    nanosec: 525714159
  frame_id: base_link
name:
- joint_x
- joint_y
position:
- 0.0
- 0.0
velocity:
- 0.0
- 0.0
effort:
- .nan
- .nan
---
header:
  stamp:
    sec: 1791158976
    nanosec: 545701114
  frame_id: base_link
name:
- joint_x
- joint_y
position:
- 0.0
- 0.0
velocity:
- 0.0
- 0.0
effort:
- .nan
- .nan
---
header:
  stamp:
    sec: 1791158976
    nanosec: 565709401
  frame_id: base_link
name:
- joint_x
- joint_y
position:
- 2.499999936844688e-05
- 2.499999936844688e-05
velocity:
- 0.0012499999720603228
- 0.0012499999720603228
effort:
- .nan
- .nan
---
header:
  stamp:
    sec: 1791158976
    nanosec: 585691630
  frame_id: base_link
name:
- joint_x
- joint_y
position:
- 6.25000029685907e-05
- 6.25000029685907e-05
velocity:
- 0.0018749999580904841
- 0.0018749999580904841
effort:
- .nan
- .nan
---
header:
  stamp:
    sec: 1791158976
    nanosec: 605720631
  frame_id: base_link
name:
- joint_x
- joint_y
position:
- 0.00011875000200234354
- 0.00011875000200234354
velocity:
- 0.002812500111758709
- 0.002812500111758709
effort:
- .nan
- .nan
---
header:
  stamp:
    sec: 1791158976
    nanosec: 625709435
  frame_id: base_link
name:
- joint_x
- joint_y
position:
- 0.0001875000016298145
- 0.0001875000016298145
velocity:
- 0.0034374999813735485
- 0.0034374999813735485
effort:
- .nan
- .nan
---
header:
  stamp:
    sec: 1791158976
    nanosec: 645734385
  frame_id: base_link
name:
- joint_x
- joint_y
position:
- 0.00026875000912696123
- 0.00026875000912696123
velocity:
- 0.004062499850988388
- 0.004062499850988388
effort:
- .nan
- .nan
---
header:
  stamp:
    sec: 1791158976
    nanosec: 665746894
  frame_id: base_link
name:
- joint_x
- joint_y
position:
- 0.00048749998677521944
- 0.00048749998677521944
velocity:
- 0.005625000223517418
- 0.005625000223517418
effort:
- .nan
- .nan
---
header:
  stamp:
    sec: 1791158976
    nanosec: 685719169
  frame_id: base_link
name:
- joint_x
- joint_y
position:
- 0.0006125000072643161
- 0.0006125000072643161
velocity:
- 0.0062500000931322575
- 0.0062500000931322575
effort:
- .nan
- .nan
---
header:
  stamp:
    sec: 1791158976
    nanosec: 705748240
  frame_id: base_link
name:
- joint_x
- joint_y
position:
- 0.0007562499959021807
- 0.0007562499959021807
velocity:
- 0.0071875001303851604
- 0.0071875001303851604
effort:
- .nan
- .nan
---
header:
  stamp:
    sec: 1791158976
    nanosec: 725730696
  frame_id: base_link
name:
- joint_x
- joint_y
position:
- 0.0009125000215135515
- 0.0009125000215135515
velocity:
- 0.0078125
- 0.0078125
effort:
- .nan
- .nan
---
header:
  stamp:
    sec: 1791158976
    nanosec: 745719229
  frame_id: base_link
name:
- joint_x
- joint_y
position:
- 0.001075000036507845
- 0.0010812500258907676
velocity:
- 0.008124999701976776
- 0.008124999701976776
effort:
- .nan
- .nan
---
header:
  stamp:
    sec: 1791158976
    nanosec: 765707666
  frame_id: base_link
name:
- joint_x
- joint_y
position:
- 0.0012499999720603228
- 0.0012499999720603228
velocity:
- 0.008750000037252903
- 0.008750000037252903
effort:
- .nan
- .nan
---
header:
  stamp:
    sec: 1791158976
    nanosec: 785698804
  frame_id: base_link
name:
- joint_x
- joint_y
position:
- 0.0014375000027939677
- 0.0014375000027939677
velocity:
- 0.00937500037252903
- 0.00937500037252903
effort:
- .nan
- .nan
---
header:
  stamp:
    sec: 1791158976
    nanosec: 805687968
  frame_id: base_link
name:
- joint_x
- joint_y
position:
- 0.001637500012293458
- 0.001637500012293458
velocity:
- 0.009999999776482582
- 0.009999999776482582
effort:
- .nan
- .nan
---
header:
  stamp:
    sec: 1791158976
    nanosec: 825723165
  frame_id: base_link
name:
- joint_x
- joint_y
position:
- 0.0018562499899417162
- 0.0018562499899417162
velocity:
- 0.010937499813735485
- 0.010937499813735485
effort:
- .nan
- .nan
---
header:
  stamp:
    sec: 1791158976
    nanosec: 845729402
  frame_id: base_link
name:
- joint_x
- joint_y
position:
- 0.002300000051036477
- 0.002300000051036477
velocity:
- 0.011250000447034836
- 0.011562500149011612
effort:
- .nan
- .nan
---
header:
  stamp:
    sec: 1791158976
    nanosec: 865686194
  frame_id: base_link
name:
- joint_x
- joint_y
position:
- 0.002537500113248825
- 0.002537500113248825
velocity:
- 0.011874999850988388
- 0.011874999850988388
effort:
- .nan
- .nan
---
header:
  stamp:
    sec: 1791158976
    nanosec: 885709001
  frame_id: base_link
name:
- joint_x
- joint_y
position:
- 0.00279999990016222
- 0.00279999990016222
velocity:
- 0.013124999590218067
- 0.013124999590218067
effort:
- .nan
- .nan
---
header:
  stamp:
    sec: 1791158976
    nanosec: 905681882
  frame_id: base_link
name:
- joint_x
- joint_y
position:
- 0.0030562500469386578
- 0.0030562500469386578
velocity:
- 0.012812499888241291
- 0.012812499888241291
effort:
- .nan
- .nan
---
header:
  stamp:
    sec: 1791158976
    nanosec: 925680266
  frame_id: base_link
name:
- joint_x
- joint_y
position:
- 0.003324999939650297
- 0.0033187500666826963
velocity:
- 0.013124999590218067
- 0.013124999590218067
effort:
- .nan
- .nan
---
header:
  stamp:
    sec: 1791158976
    nanosec: 945687589
  frame_id: base_link
name:
- joint_x
- joint_y
position:
- 0.0035937500651925802
- 0.0035937500651925802
velocity:
- 0.013749999925494194
- 0.013749999925494194
effort:
- .nan
- .nan
---
header:
  stamp:
    sec: 1791158976
    nanosec: 965683898
  frame_id: base_link
name:
- joint_x
- joint_y
position:
- 0.003874999936670065
- 0.003874999936670065
velocity:
- 0.01406249962747097
- 0.01406249962747097
effort:
- .nan
- .nan
---
header:
  stamp:
    sec: 1791158976
    nanosec: 985686835
  frame_id: base_link
name:
- joint_x
- joint_y
position:
- 0.004181249998509884
- 0.004181249998509884
velocity:
- 0.014583333395421505
- 0.014583333395421505
effort:
- .nan
- .nan
---
header:
  stamp:
    sec: 1791158977
    nanosec: 5684505
  frame_id: base_link
name:
- joint_x
- joint_y
position:
- 0.004493750166147947
- 0.004493750166147947
velocity:
- 0.015625
- 0.015625
effort:
- .nan
- .nan
---
header:
  stamp:
    sec: 1791158977
    nanosec: 25712716
  frame_id: base_link
name:
- joint_x
- joint_y
position:
- 0.005106249824166298
- 0.005106249824166298
velocity:
- 0.015312500298023224
- 0.015312500298023224
effort:
- .nan
- .nan
---
header:
  stamp:
    sec: 1791158977
    nanosec: 45684535
  frame_id: base_link
name:
- joint_x
- joint_y
position:
- 0.005425000097602606
- 0.005425000097602606
velocity:
- 0.015937499701976776
- 0.015937499701976776
effort:
- .nan
- .nan
---
header:
  stamp:
    sec: 1791158977
    nanosec: 65690173
  frame_id: base_link
name:
- joint_x
- joint_y
position:
- 0.005768749862909317
- 0.005768749862909317
velocity:
- 0.01718750037252903
- 0.01718750037252903
effort:
- .nan
- .nan
---
header:
  stamp:
    sec: 1791158977
    nanosec: 85680334
  frame_id: base_link
name:
- joint_x
- joint_y
position:
- 0.006106249988079071
- 0.006106249988079071
velocity:
- 0.01656249910593033
- 0.01656249910593033
effort:
- .nan
- .nan
---
header:
  stamp:
    sec: 1791158977
    nanosec: 105680405
  frame_id: base_link
name:
- joint_x
- joint_y
position:
- 0.006443750113248825
- 0.006437500007450581
velocity:
- 0.016875000670552254
- 0.016875000670552254
effort:
- .nan
- .nan
---
header:
  stamp:
    sec: 1791158977
    nanosec: 125685366
  frame_id: base_link
name:
- joint_x
- joint_y
position:
- 0.006781249772757292
- 0.006781249772757292
velocity:
- 0.01718750037252903
- 0.01718750037252903
effort:
- .nan
- .nan
---
header:
  stamp:
    sec: 1791158977
    nanosec: 145695347
  frame_id: base_link
name:
- joint_x
- joint_y
position:
- 0.007131250109523535
- 0.007131250109523535
velocity:
- 0.017500000074505806
- 0.017500000074505806
effort:
- .nan
- .nan
---
header:
  stamp:
    sec: 1791158977
    nanosec: 165681291
  frame_id: base_link
name:
- joint_x
- joint_y
position:
- 0.007506249938160181
- 0.007506249938160181
velocity:
- 0.01785714365541935
- 0.01785714365541935
effort:
- .nan
- .nan
---
header:
  stamp:
    sec: 1791158977
    nanosec: 185686496
  frame_id: base_link
name:
- joint_x
- joint_y
position:
- 0.007887500338256359
- 0.007881250232458115
velocity:
- 0.019062500447034836
- 0.01875000074505806
effort:
- .nan
- .nan
---
header:
  stamp:
    sec: 1791158977
    nanosec: 205687478
  frame_id: base_link
name:
- joint_x
- joint_y
position:
- 0.008612499572336674
- 0.008612499572336674
velocity:
- 0.018124999478459358
- 0.018437499180436134
effort:
- .nan
- .nan
---
header:
  stamp:
    sec: 1791158977
    nanosec: 225681697
  frame_id: base_link
name:
- joint_x
- joint_y
position:
- 0.008987500332295895
- 0.008987500332295895
velocity:
- 0.01875000074505806
- 0.018437499180436134
effort:
- .nan
- .nan
---
header:
  stamp:
    sec: 1791158977
    nanosec: 245691363
  frame_id: base_link
name:
- joint_x
- joint_y
position:
- 0.009387499652802944
- 0.0093812495470047
velocity:
- 0.019687499850988388
- 0.019999999552965164
effort:
- .nan
- .nan
---
header:
  stamp:
    sec: 1791158977
    nanosec: 265683591
  frame_id: base_link
name:
- joint_x
- joint_y
position:
- 0.009768749587237835
- 0.009762500412762165
velocity:
- 0.019062500447034836
- 0.019062500447034836
effort:
- .nan
- .nan
---
header:
  stamp:
    sec: 1791158977
    nanosec: 285735959
  frame_id: base_link
name:
- joint_x
- joint_y
position:
- 0.0101500004529953
- 0.0101500004529953
velocity:
- 0.019062500447034836
- 0.019375000149011612
effort:
- .nan
- .nan
---
header:
  stamp:
    sec: 1791158977
    nanosec: 305690968
  frame_id: base_link
name:
- joint_x
- joint_y
position:
- 0.010537499561905861
- 0.010531250387430191
velocity:
- 0.019375000149011612
- 0.019062500447034836
effort:
- .nan
- .nan
---
header:
  stamp:
    sec: 1791158977
    nanosec: 325678843
  frame_id: base_link
name:
- joint_x
- joint_y
position:
- 0.010924999602138996
- 0.010924999602138996
velocity:
- 0.019375000149011612
- 0.019375000149011612
effort:
- .nan
- .nan
---
header:
  stamp:
    sec: 1791158977
    nanosec: 345699474
  frame_id: base_link
name:
- joint_x
- joint_y
position:
- 0.01133750006556511
- 0.01133750006556511
velocity:
- 0.01994047686457634
- 0.01994047686457634
effort:
- .nan
- .nan
---
header:
  stamp:
    sec: 1791158977
    nanosec: 365688380
  frame_id: base_link
name:
- joint_x
- joint_y
position:
- 0.011756249703466892
- 0.011756249703466892
velocity:
- 0.020937500521540642
- 0.020625000819563866
effort:
- .nan
- .nan
---
header:
  stamp:
    sec: 1791158977
    nanosec: 385686790
  frame_id: base_link
name:
- joint_x
- joint_y
position:
- 0.012156249955296516
- 0.012149999849498272
velocity:
- 0.019687499850988388
- 0.019999999552965164
effort:
- .nan
- .nan
---
header:
  stamp:
    sec: 1791158977
    nanosec: 405686004
  frame_id: base_link
name:
- joint_x
- joint_y
position:
- 0.012943750247359276
- 0.012943750247359276
velocity:
- 0.019687499850988388
- 0.019999999552965164
effort:
- .nan
- .nan
---
header:
  stamp:
    sec: 1791158977
    nanosec: 425684766
  frame_id: base_link
name:
- joint_x
- joint_y
position:
- 0.013368749991059303
- 0.013368749991059303
velocity:
- 0.021250000223517418
- 0.021250000223517418
effort:
- .nan
- .nan
---
header:
  stamp:
    sec: 1791158977
    nanosec: 445683294
  frame_id: base_link
name:
- joint_x
- joint_y
position:
- 0.013768750242888927
- 0.013768750242888927
velocity:
- 0.019999999552965164
- 0.019999999552965164
effort:
- .nan
- .nan
---
header:
  stamp:
    sec: 1791158977
    nanosec: 465680307
  frame_id: base_link
name:
- joint_x
- joint_y
position:
- 0.014174999669194221
- 0.014168749563395977
velocity:
- 0.02031249925494194
- 0.019999999552965164
effort:
- .nan
- .nan
---
header:
  stamp:
    sec: 1791158977
    nanosec: 485681951
  frame_id: base_link
name:
- joint_x
- joint_y
position:
- 0.014574999921023846
- 0.014574999921023846
velocity:
- 0.019999999552965164
- 0.02031249925494194
effort:
- .nan
- .nan
---
header:
  stamp:
    sec: 1791158977
    nanosec: 505682930
  frame_id: base_link
name:
- joint_x
- joint_y
position:
- 0.014981250278651714
- 0.014981250278651714
velocity:
- 0.02031249925494194
- 0.02031249925494194
effort:
- .nan
- .nan
---
header:
  stamp:
    sec: 1791158977
    nanosec: 525680468
  frame_id: base_link
name:
- joint_x
- joint_y
position:
- 0.015406250022351742
- 0.015406250022351742
velocity:
- 0.02023809589445591
- 0.02023809589445591
effort:
- .nan
- .nan
---
header:
  stamp:
    sec: 1791158977
    nanosec: 545692980
  frame_id: base_link
name:
- joint_x
- joint_y
position:
- 0.015831250697374344
- 0.015831250697374344
velocity:
- 0.021250000223517418
- 0.020937500521540642
effort:
- .nan
- .nan
---
header:
  stamp:
    sec: 1791158977
    nanosec: 565685728
  frame_id: base_link
name:
- joint_x
- joint_y
position:
- 0.016237499192357063
- 0.016231250017881393
velocity:
- 0.019999999552965164
- 0.02031249925494194
effort:
- .nan
- .nan
---
header:
  stamp:
    sec: 1791158977
    nanosec: 585684645
  frame_id: base_link
name:
- joint_x
- joint_y
position:
- 0.017031250521540642
- 0.017031250521540642
velocity:
- 0.019999999552965164
- 0.019999999552965164
effort:
- .nan
- .nan
---
header:
  stamp:
    sec: 1791158977
    nanosec: 605692686
  frame_id: base_link
name:
- joint_x
- joint_y
position:
- 0.01745625026524067
- 0.01745625026524067
velocity:
- 0.021250000223517418
- 0.020937500521540642
effort:
- .nan
- .nan
---
header:
  stamp:
    sec: 1791158977
    nanosec: 625683342
  frame_id: base_link
name:
- joint_x
- joint_y
position:
- 0.01785624958574772
- 0.01785624958574772
velocity:
- 0.019687499850988388
- 0.019999999552965164
effort:
- .nan
- .nan
---
header:
  stamp:
    sec: 1791158977
    nanosec: 645677364
  frame_id: base_link
name:
- joint_x
- joint_y
position:
- 0.0182499997317791
- 0.0182499997317791
velocity:
- 0.019999999552965164
- 0.019687499850988388
effort:
- .nan
- .nan
---
header:
  stamp:
    sec: 1791158977
    nanosec: 665681920
  frame_id: base_link
name:
- joint_x
- joint_y
position:
- 0.018643749877810478
- 0.018643749877810478
velocity:
- 0.019687499850988388
- 0.019687499850988388
effort:
- .nan
- .nan
---
header:
  stamp:
    sec: 1791158977
    nanosec: 685694624
  frame_id: base_link
name:
- joint_x
- joint_y
position:
- 0.019037500023841858
- 0.019037500023841858
velocity:
- 0.019687499850988388
- 0.019687499850988388
effort:
- .nan
- .nan
---
header:
  stamp:
    sec: 1791158977
    nanosec: 705701658
  frame_id: base_link
name:
- joint_x
- joint_y
position:
- 0.019449999555945396
- 0.019443750381469727
velocity:
- 0.01964285783469677
- 0.01964285783469677
effort:
- .nan
- .nan
---
header:
  stamp:
    sec: 1791158977
    nanosec: 725704680
  frame_id: base_link
name:
- joint_x
- joint_y
position:
- 0.019856249913573265
- 0.019850000739097595
velocity:
- 0.02031249925494194
- 0.02031249925494194
effort:
- .nan
- .nan
---
header:
  stamp:
    sec: 1791158977
    nanosec: 745702602
  frame_id: base_link
name:
- joint_x
- joint_y
position:
- 0.020237499848008156
- 0.020237499848008156
velocity:
- 0.019062500447034836
- 0.019375000149011612
effort:
- .nan
- .nan
---
header:
  stamp:
    sec: 1791158977
    nanosec: 765690422
  frame_id: base_link
name:
- joint_x
- joint_y
position:
- 0.020618749782443047
- 0.020618749782443047
velocity:
- 0.019062500447034836
- 0.01875000074505806
effort:
- .nan
- .nan
---
header:
  stamp:
    sec: 1791158977
    nanosec: 785705561
  frame_id: base_link
name:
- joint_x
- joint_y
position:
- 0.021381249651312828
- 0.021381249651312828
velocity:
- 0.019375000149011612
- 0.019375000149011612
effort:
- .nan
- .nan
---
header:
  stamp:
    sec: 1791158977
    nanosec: 805702580
  frame_id: base_link
name:
- joint_x
- joint_y
position:
- 0.02174999937415123
- 0.02174999937415123
velocity:
- 0.018437499180436134
- 0.018437499180436134
effort:
- .nan
- .nan
---
header:
  stamp:
    sec: 1791158977
    nanosec: 825706878
  frame_id: base_link
name:
- joint_x
- joint_y
position:
- 0.022112499922513962
- 0.022112499922513962
velocity:
- 0.018124999478459358
- 0.018124999478459358
effort:
- .nan
- .nan
---
header:
  stamp:
    sec: 1791158977
    nanosec: 845705653
  frame_id: base_link
name:
- joint_x
- joint_y
position:
- 0.022475000470876694
- 0.022475000470876694
velocity:
- 0.017812499776482582
- 0.018124999478459358
effort:
- .nan
- .nan
---
header:
  stamp:
    sec: 1791158977
    nanosec: 865688666
  frame_id: base_link
name:
- joint_x
- joint_y
position:
- 0.022831249982118607
- 0.022825000807642937
velocity:
- 0.018124999478459358
- 0.017812499776482582
effort:
- .nan
- .nan
---
header:
  stamp:
    sec: 1791158977
    nanosec: 885692150
  frame_id: base_link
name:
- joint_x
- joint_y
position:
- 0.02319375053048134
- 0.02319375053048134
velocity:
- 0.01726190559566021
- 0.01755952462553978
effort:
- .nan
- .nan
---
header:
  stamp:
    sec: 1791158977
    nanosec: 905704861
  frame_id: base_link
name:
- joint_x
- joint_y
position:
- 0.02355624921619892
- 0.02355624921619892
velocity:
- 0.018124999478459358
- 0.018124999478459358
effort:
- .nan
- .nan
---
header:
  stamp:
    sec: 1791158977
    nanosec: 925703465
  frame_id: base_link
name:
- joint_x
- joint_y
position:
- 0.023893749341368675
- 0.023893749341368675
velocity:
- 0.016875000670552254
- 0.016875000670552254
effort:
- .nan
- .nan
---
header:
  stamp:
    sec: 1791158977
    nanosec: 945695387
  frame_id: base_link
name:
- joint_x
- joint_y
position:
- 0.02422500029206276
- 0.02422500029206276
velocity:
- 0.01656249910593033
- 0.01656249910593033
effort:
- .nan
- .nan
---
header:
  stamp:
    sec: 1791158977
    nanosec: 965698488
  frame_id: base_link
name:
- joint_x
- joint_y
position:
- 0.02488124929368496
- 0.02488124929368496
velocity:
- 0.01656249910593033
- 0.01656249910593033
effort:
- .nan
- .nan
---
header:
  stamp:
    sec: 1791158977
    nanosec: 985688501
  frame_id: base_link
name:
- joint_x
- joint_y
position:
- 0.025193750858306885
- 0.025193750858306885
velocity:
- 0.015625
- 0.015625
effort:
- .nan
- .nan
---
header:
  stamp:
    sec: 1791158978
    nanosec: 5689502
  frame_id: base_link
name:
- joint_x
- joint_y
position:
- 0.025499999523162842
- 0.025499999523162842
velocity:
- 0.014999999664723873
- 0.014999999664723873
effort:
- .nan
- .nan
---
header:
  stamp:
    sec: 1791158978
    nanosec: 25682796
  frame_id: base_link
name:
- joint_x
- joint_y
position:
- 0.02579374983906746
- 0.02579374983906746
velocity:
- 0.014999999664723873
- 0.014999999664723873
effort:
- .nan
- .nan
---
header:
  stamp:
    sec: 1791158978
    nanosec: 45739043
  frame_id: base_link
name:
- joint_x
- joint_y
position:
- 0.026087500154972076
- 0.026087500154972076
velocity:
- 0.014375000260770321
- 0.014375000260770321
effort:
- .nan
- .nan
---
header:
  stamp:
    sec: 1791158978
    nanosec: 65687153
  frame_id: base_link
name:
- joint_x
- joint_y
position:
- 0.026381250470876694
- 0.026381250470876694
velocity:
- 0.014285714365541935
- 0.014285714365541935
effort:
- .nan
- .nan
---
header:
  stamp:
    sec: 1791158978
    nanosec: 85681474
  frame_id: base_link
name:
- joint_x
- joint_y
position:
- 0.026668749749660492
- 0.026668749749660492
velocity:
- 0.014375000260770321
- 0.014375000260770321
effort:
- .nan
- .nan
---
header:
  stamp:
    sec: 1791158978
    nanosec: 105714905
  frame_id: base_link
name:
- joint_x
- joint_y
position:
- 0.02693125046789646
- 0.02693749964237213
velocity:
- 0.013124999590218067
- 0.013124999590218067
effort:
- .nan
- .nan
---
header:
  stamp:
    sec: 1791158978
    nanosec: 125679522
  frame_id: base_link
name:
- joint_x
- joint_y
position:
- 0.027193749323487282
- 0.027193749323487282
velocity:
- 0.013124999590218067
- 0.012812499888241291
effort:
- .nan
- .nan
---
header:
  stamp:
    sec: 1791158978
    nanosec: 145689301
  frame_id: base_link
name:
- joint_x
- joint_y
position:
- 0.027437500655651093
- 0.027437500655651093
velocity:
- 0.012187499552965164
- 0.012500000186264515
effort:
- .nan
- .nan
---
header:
  stamp:
    sec: 1791158978
    nanosec: 165689151
  frame_id: base_link
name:
- joint_x
- joint_y
position:
- 0.027924999594688416
- 0.027924999594688416
velocity:
- 0.011874999850988388
- 0.011874999850988388
effort:
- .nan
- .nan
---
header:
  stamp:
    sec: 1791158978
    nanosec: 185681702
  frame_id: base_link
name:
- joint_x
- joint_y
position:
- 0.02814375050365925
- 0.02814375050365925
velocity:
- 0.010937499813735485
- 0.010937499813735485
effort:
- .nan
- .nan
---
header:
  stamp:
    sec: 1791158978
    nanosec: 205697110
  frame_id: base_link
name:
- joint_x
- joint_y
position:
- 0.028356250375509262
- 0.028356250375509262
velocity:
- 0.010625000111758709
- 0.010625000111758709
effort:
- .nan
- .nan
---
header:
  stamp:
    sec: 1791158978
    nanosec: 225715777
  frame_id: base_link
name:
- joint_x
- joint_y
position:
- 0.028556250035762787
- 0.028550000861287117
velocity:
- 0.009999999776482582
- 0.009687500074505806
effort:
- .nan
- .nan
---
header:
  stamp:
    sec: 1791158978
    nanosec: 245679930
  frame_id: base_link
name:
- joint_x
- joint_y
position:
- 0.028750000521540642
- 0.028750000521540642
velocity:
- 0.009226190857589245
- 0.009523809887468815
effort:
- .nan
- .nan
---
header:
  stamp:
    sec: 1791158978
    nanosec: 265679908
  frame_id: base_link
name:
- joint_x
- joint_y
position:
- 0.028937499970197678
- 0.028937499970197678
velocity:
- 0.00937500037252903
- 0.00937500037252903
effort:
- .nan
- .nan
---
header:
  stamp:
    sec: 1791158978
    nanosec: 285698779
  frame_id: base_link
name:
- joint_x
- joint_y
position:
- 0.029106250032782555
- 0.029106250032782555
velocity:
- 0.008124999701976776
- 0.008124999701976776
effort:
- .nan
- .nan
---
header:
  stamp:
    sec: 1791158978
    nanosec: 305697396
  frame_id: base_link
name:
- joint_x
- joint_y
position:
- 0.029256250709295273
- 0.029256250709295273
velocity:
- 0.0078125
- 0.0078125
effort:
- .nan
- .nan
---
header:
  stamp:
    sec: 1791158978
    nanosec: 325712008
  frame_id: base_link
name:
- joint_x
- joint_y
position:
- 0.029400000348687172
- 0.029400000348687172
velocity:
- 0.0071875001303851604
- 0.0071875001303851604
effort:
- .nan
- .nan
---
header:
  stamp:
    sec: 1791158978
    nanosec: 345705881
  frame_id: base_link
name:
- joint_x
- joint_y
position:
- 0.0295375008136034
- 0.0295375008136034
velocity:
- 0.006562499795109034
- 0.006562499795109034
effort:
- .nan
- .nan
---
header:
  stamp:
    sec: 1791158978
    nanosec: 365691329
  frame_id: base_link
name:
- joint_x
- joint_y
position:
- 0.029768750071525574
- 0.029762500897049904
velocity:
- 0.004999999888241291
- 0.0053125000558793545
effort:
- .nan
- .nan
---
header:
  stamp:
    sec: 1791158978
    nanosec: 385698835
  frame_id: base_link
name:
- joint_x
- joint_y
position:
- 0.029862500727176666
- 0.029862500727176666
velocity:
- 0.004687500186264515
- 0.004999999888241291
effort:
- .nan
- .nan
---
header:
  stamp:
    sec: 1791158978
    nanosec: 405696023
  frame_id: base_link
name:
- joint_x
- joint_y
position:
- 0.02994374930858612
- 0.02994374930858612
velocity:
- 0.004062499850988388
- 0.0037499999161809683
effort:
- .nan
- .nan
---
header:
  stamp:
    sec: 1791158978
    nanosec: 425702484
  frame_id: base_link
name:
- joint_x
- joint_y
position:
- 0.030012499541044235
- 0.030012499541044235
velocity:
- 0.0035714285913854837
- 0.0035714285913854837
effort:
- .nan
- .nan
---
header:
  stamp:
    sec: 1791158978
    nanosec: 445700027
  frame_id: base_link
name:
- joint_x
- joint_y
position:
- 0.03006874956190586
- 0.03006874956190586
velocity:
- 0.002812500111758709
- 0.002812500111758709
effort:
- .nan
- .nan
---
header:
  stamp:
    sec: 1791158978
    nanosec: 465692538
  frame_id: base_link
name:
- joint_x
- joint_y
position:
- 0.030112499371170998
- 0.030112499371170998
velocity:
- 0.0021875000093132257
- 0.0021875000093132257
effort:
- .nan
- .nan
---
header:
  stamp:
    sec: 1791158978
    nanosec: 485697804
  frame_id: base_link
name:
- joint_x
- joint_y
position:
- 0.030137499794363976
- 0.030137499794363976
velocity:
- 0.0012499999720603228
- 0.0012499999720603228
effort:
- .nan
- .nan
---
header:
  stamp:
    sec: 1791158978
    nanosec: 505695383
  frame_id: base_link
name:
- joint_x
- joint_y
position:
- 0.030150000005960464
- 0.030150000005960464
velocity:
- 0.0006249999860301614
- 0.0006249999860301614
effort:
- .nan
- .nan
---
header:
  stamp:
    sec: 1791158978
    nanosec: 525703575
  frame_id: base_link
name:
- joint_x
- joint_y
position:
- 0.030143750831484795
- 0.030156249180436134
velocity:
- -0.0003124999930150807
- 0.0003124999930150807
effort:
- .nan
- .nan
---
header:
  stamp:
    sec: 1791158978
    nanosec: 545694988
  frame_id: base_link
name:
- joint_x
- joint_y
position:
- 0.03009999915957451
- 0.030106250196695328
velocity:
- -0.0015625000232830644
- -0.0018749999580904841
effort:
- .nan
- .nan
---
header:
  stamp:
    sec: 1791158978
    nanosec: 565688262
  frame_id: base_link
name:
- joint_x
- joint_y
position:
- 0.030056249350309372
- 0.03006250038743019
velocity:
- -0.0021875000093132257
- -0.0021875000093132257
effort:
- .nan
- .nan
---
header:
  stamp:
    sec: 1791158978
    nanosec: 585702253
  frame_id: base_link
name:
- joint_x
- joint_y
position:
- 0.029993750154972076
- 0.029999999329447746
velocity:
- -0.0031250000465661287
- -0.0031250000465661287
effort:
- .nan
- .nan
---
header:
  stamp:
    sec: 1791158978
    nanosec: 605709233
  frame_id: base_link
name:
- joint_x
- joint_y
position:
- 0.029918750748038292
- 0.029924999922513962
velocity:
- -0.0037499999161809683
- -0.0037499999161809683
effort:
- .nan
- .nan
---
header:
  stamp:
    sec: 1791158978
    nanosec: 625703855
  frame_id: base_link
name:
- joint_x
- joint_y
position:
- 0.02983124926686287
- 0.02983750030398369
velocity:
- -0.0043750000186264515
- -0.0043750000186264515
effort:
- .nan
- .nan
---
header:
  stamp:
    sec: 1791158978
    nanosec: 645692723
  frame_id: base_link
name:
- joint_x
- joint_y
position:
- 0.029731249436736107
- 0.029737500473856926
velocity:
- -0.004999999888241291
- -0.004999999888241291
effort:
- .nan
- .nan
---
header:
  stamp:
    sec: 1791158978
    nanosec: 665682530
  frame_id: base_link
name:
- joint_x
- joint_y
position:
- 0.029618749395012856
- 0.029625000432133675
velocity:
- -0.005625000223517418
- -0.005625000223517418
effort:
- .nan
- .nan
---
header:
  stamp:
    sec: 1791158978
    nanosec: 685697511
  frame_id: base_link
name:
- joint_x
- joint_y
position:
- 0.029493749141693115
- 0.029500000178813934
velocity:
- -0.005937499925494194
- -0.0062500000931322575
effort:
- .nan
- .nan
---
header:
  stamp:
    sec: 1791158978
    nanosec: 705684760
  frame_id: base_link
name:
- joint_x
- joint_y
position:
- 0.029349999502301216
- 0.029356250539422035
velocity:
- -0.0071428571827709675
- -0.0068452381528913975
effort:
- .nan
- .nan
---
header:
  stamp:
    sec: 1791158978
    nanosec: 725681013
  frame_id: base_link
name:
- joint_x
- joint_y
position:
- 0.029193749651312828
- 0.029200000688433647
velocity:
- -0.0078125
- -0.0078125
effort:
- .nan
- .nan
---
header:
  stamp:
    sec: 1791158978
    nanosec: 745685080
  frame_id: base_link
name:
- joint_x
- joint_y
position:
- 0.028868749737739563
- 0.028868749737739563
velocity:
- -0.008437500335276127
- -0.008437500335276127
effort:
- .nan
- .nan
---
header:
  stamp:
    sec: 1791158978
    nanosec: 765680704
  frame_id: base_link
name:
- joint_x
- joint_y
position:
- 0.028681250289082527
- 0.028687499463558197
velocity:
- -0.00937500037252903
- -0.009062499739229679
effort:
- .nan
- .nan
---
header:
  stamp:
    sec: 1791158978
    nanosec: 785682223
  frame_id: base_link
name:
- joint_x
- joint_y
position:
- 0.028481250628829002
- 0.028481250628829002
velocity:
- -0.009999999776482582
- -0.010312500409781933
effort:
- .nan
- .nan
---
header:
  stamp:
    sec: 1791158978
    nanosec: 805715062
  frame_id: base_link
name:
- joint_x
- joint_y
position:
- 0.02827499993145466
- 0.02827499993145466
velocity:
- -0.010312500409781933
- -0.010312500409781933
effort:
- .nan
- .nan
---
header:
  stamp:
    sec: 1791158978
    nanosec: 825684756
  frame_id: base_link
name:
- joint_x
- joint_y
position:
- 0.028062500059604645
- 0.028062500059604645
velocity:
- -0.010625000111758709
- -0.010625000111758709
effort:
- .nan
- .nan
---
header:
  stamp:
    sec: 1791158978
    nanosec: 845685228
  frame_id: base_link
name:
- joint_x
- joint_y
position:
- 0.027837499976158142
- 0.027837499976158142
velocity:
- -0.011250000447034836
- -0.011250000447034836
effort:
- .nan
- .nan
---
header:
  stamp:
    sec: 1791158978
    nanosec: 865688214
  frame_id: base_link
name:
- joint_x
- joint_y
position:
- 0.02760625071823597
- 0.02760625071823597
velocity:
- -0.011562500149011612
- -0.011562500149011612
effort:
- .nan
- .nan
---
header:
  stamp:
    sec: 1791158978
    nanosec: 885701015
  frame_id: base_link
name:
- joint_x
- joint_y
position:
- 0.02734999917447567
- 0.02734999917447567
velocity:
- -0.012812499888241291
- -0.012812499888241291
effort:
- .nan
- .nan
---
header:
  stamp:
    sec: 1791158978
    nanosec: 905713970
  frame_id: base_link
name:
- joint_x
- joint_y
position:
- 0.026843750849366188
- 0.02683749981224537
velocity:
- -0.012812499888241291
- -0.013124999590218067
effort:
- .nan
- .nan
---
header:
  stamp:
    sec: 1791158978
    nanosec: 925682323
  frame_id: base_link
name:
- joint_x
- joint_y
position:
- 0.02656874991953373
- 0.02656874991953373
velocity:
- -0.013749999925494194
- -0.013437500223517418
effort:
- .nan
- .nan
---
header:
  stamp:
    sec: 1791158978
    nanosec: 945688861
  frame_id: base_link
name:
- joint_x
- joint_y
position:
- 0.026274999603629112
- 0.026274999603629112
velocity:
- -0.014375000260770321
- -0.014687499962747097
effort:
- .nan
- .nan
---
header:
  stamp:
    sec: 1791158978
    nanosec: 965683357
  frame_id: base_link
name:
- joint_x
- joint_y
position:
- 0.025987500324845314
- 0.025987500324845314
velocity:
- -0.014375000260770321
- -0.014375000260770321
effort:
- .nan
- .nan
---
header:
  stamp:
    sec: 1791158978
    nanosec: 985685146
  frame_id: base_link
name:
- joint_x
- joint_y
position:
- 0.025693750008940697
- 0.025693750008940697
velocity:
- -0.014687499962747097
- -0.014687499962747097
effort:
- .nan
- .nan
---
header:
  stamp:
    sec: 1791158979
    nanosec: 5682447
  frame_id: base_link
name:
- joint_x
- joint_y
position:
- 0.02539375051856041
- 0.02539375051856041
velocity:
- -0.014999999664723873
- -0.014999999664723873
effort:
- .nan
- .nan
---
header:
  stamp:
    sec: 1791158979
    nanosec: 25685432
  frame_id: base_link
name:
- joint_x
- joint_y
position:
- 0.025087499991059303
- 0.025087499991059303
velocity:
- -0.015312500298023224
- -0.015312500298023224
effort:
- .nan
- .nan
---
header:
  stamp:
    sec: 1791158979
    nanosec: 45686394
  frame_id: base_link
name:
- joint_x
- joint_y
position:
- 0.02475625090301037
- 0.02475625090301037
velocity:
- -0.01607142947614193
- -0.01577381044626236
effort:
- .nan
- .nan
---
header:
  stamp:
    sec: 1791158979
    nanosec: 65681529
  frame_id: base_link
name:
- joint_x
- joint_y
position:
- 0.024412499740719795
- 0.024412499740719795
velocity:
- -0.016875000670552254
- -0.016875000670552254
effort:
- .nan
- .nan
---
header:
  stamp:
    sec: 1791158979
    nanosec: 85680766
  frame_id: base_link
name:
- joint_x
- joint_y
position:
- 0.02408749982714653
- 0.02408749982714653
velocity:
- -0.01656249910593033
- -0.016249999403953552
effort:
- .nan
- .nan
---
header:
  stamp:
    sec: 1791158979
    nanosec: 105686988
  frame_id: base_link
name:
- joint_x
- joint_y
position:
- 0.02341875061392784
- 0.02341875061392784
velocity:
- -0.016875000670552254
- -0.016875000670552254
effort:
- .nan
- .nan
---
header:
  stamp:
    sec: 1791158979
    nanosec: 125679796
  frame_id: base_link
name:
- joint_x
- joint_y
position:
- 0.02305000089108944
- 0.02305000089108944
velocity:
- -0.018124999478459358
- -0.018124999478459358
effort:
- .nan
- .nan
---
header:
  stamp:
    sec: 1791158979
    nanosec: 145682735
  frame_id: base_link
name:
- joint_x
- joint_y
position:
- 0.022700000554323196
- 0.022700000554323196
velocity:
- -0.017500000074505806
- -0.017500000074505806
effort:
- .nan
- .nan
---
header:
  stamp:
    sec: 1791158979
    nanosec: 165700690
  frame_id: base_link
name:
- joint_x
- joint_y
position:
- 0.022343749180436134
- 0.022343749180436134
velocity:
- -0.017812499776482582
- -0.017812499776482582
effort:
- .nan
- .nan
---
header:
  stamp:
    sec: 1791158979
    nanosec: 185684178
  frame_id: base_link
name:
- joint_x
- joint_y
position:
- 0.02198125049471855
- 0.02198749966919422
velocity:
- -0.018124999478459358
- -0.018124999478459358
effort:
- .nan
- .nan
---
header:
  stamp:
    sec: 1791158979
    nanosec: 205687399
  frame_id: base_link
name:
- joint_x
- joint_y
position:
- 0.02161874994635582
- 0.02161874994635582
velocity:
- -0.018437499180436134
- -0.018124999478459358
effort:
- .nan
- .nan
---
header:
  stamp:
    sec: 1791158979
    nanosec: 225688466
  frame_id: base_link
name:
- joint_x
- joint_y
position:
- 0.02123125083744526
- 0.02123125083744526
velocity:
- -0.01845238171517849
- -0.01875000074505806
effort:
- .nan
- .nan
---
header:
  stamp:
    sec: 1791158979
    nanosec: 245680847
  frame_id: base_link
name:
- joint_x
- joint_y
position:
- 0.02083750069141388
- 0.02083750069141388
velocity:
- -0.019687499850988388
- -0.019687499850988388
effort:
- .nan
- .nan
---
header:
  stamp:
    sec: 1791158979
    nanosec: 265681222
  frame_id: base_link
name:
- joint_x
- joint_y
position:
- 0.02046249993145466
- 0.02045625075697899
velocity:
- -0.01875000074505806
- -0.01875000074505806
effort:
- .nan
- .nan
---
header:
  stamp:
    sec: 1791158979
    nanosec: 285685892
  frame_id: base_link
name:
- joint_x
- joint_y
position:
- 0.019693750888109207
- 0.019693750888109207
velocity:
- -0.019375000149011612
- -0.019375000149011612
effort:
- .nan
- .nan
---
header:
  stamp:
    sec: 1791158979
    nanosec: 305677251
  frame_id: base_link
name:
- joint_x
- joint_y
position:
- 0.01928124949336052
- 0.01928124949336052
velocity:
- -0.02031249925494194
- -0.02031249925494194
effort:
- .nan
- .nan
---
header:
  stamp:
    sec: 1791158979
    nanosec: 325683728
  frame_id: base_link
name:
- joint_x
- joint_y
position:
- 0.01888749934732914
- 0.01889375038444996
velocity:
- -0.019687499850988388
- -0.019687499850988388
effort:
- .nan
- .nan
---
header:
  stamp:
    sec: 1791158979
    nanosec: 345678404
  frame_id: base_link
name:
- joint_x
- joint_y
position:
- 0.01849374920129776
- 0.01850000023841858
velocity:
- -0.019687499850988388
- -0.019375000149011612
effort:
- .nan
- .nan
---
header:
  stamp:
    sec: 1791158979
    nanosec: 365692261
  frame_id: base_link
name:
- joint_x
- joint_y
position:
- 0.01810000091791153
- 0.0181062500923872
velocity:
- -0.019687499850988388
- -0.019999999552965164
effort:
- .nan
- .nan
---
header:
  stamp:
    sec: 1791158979
    nanosec: 385679750
  frame_id: base_link
name:
- joint_x
- joint_y
position:
- 0.01769999973475933
- 0.01770625077188015
velocity:
- -0.019999999552965164
- -0.019687499850988388
effort:
- .nan
- .nan
---
header:
  stamp:
    sec: 1791158979
    nanosec: 405683565
  frame_id: base_link
name:
- joint_x
- joint_y
position:
- 0.017281249165534973
- 0.017287500202655792
velocity:
- -0.02023809589445591
- -0.02023809589445591
effort:
- .nan
- .nan
---
header:
  stamp:
    sec: 1791158979
    nanosec: 425725971
  frame_id: base_link
name:
- joint_x
- joint_y
position:
- 0.016862500458955765
- 0.016868749633431435
velocity:
- -0.020937500521540642
- -0.020937500521540642
effort:
- .nan
- .nan
---
header:
  stamp:
    sec: 1791158979
    nanosec: 445729130
  frame_id: base_link
name:
- joint_x
- joint_y
position:
- 0.016462499275803566
- 0.016462499275803566
velocity:
- -0.019999999552965164
- -0.02031249925494194
effort:
- .nan
- .nan
---
header:
  stamp:
    sec: 1791158979
    nanosec: 465725904
  frame_id: base_link
name:
- joint_x
- joint_y
position:
- 0.016056250780820847
- 0.016056250780820847
velocity:
- -0.02031249925494194
- -0.019999999552965164
effort:
- .nan
- .nan
---
header:
  stamp:
    sec: 1791158979
    nanosec: 485710411
  frame_id: base_link
name:
- joint_x
- joint_y
position:
- 0.01523124985396862
- 0.015237499959766865
velocity:
- -0.020937500521540642
- -0.021250000223517418
effort:
- .nan
- .nan
---
header:
  stamp:
    sec: 1791158979
    nanosec: 505727841
  frame_id: base_link
name:
- joint_x
- joint_y
position:
- 0.014831249602138996
- 0.014831249602138996
velocity:
- -0.02031249925494194
- -0.02031249925494194
effort:
- .nan
- .nan
---
header:
  stamp:
    sec: 1791158979
    nanosec: 525759391
  frame_id: base_link
name:
- joint_x
- joint_y
position:
- 0.014425000175833702
- 0.014431250281631947
velocity:
- -0.019999999552965164
- -0.019999999552965164
effort:
- .nan
- .nan
---
header:
  stamp:
    sec: 1791158979
    nanosec: 545736040
  frame_id: base_link
name:
- joint_x
- joint_y
position:
- 0.014024999924004078
- 0.014024999924004078
velocity:
- -0.02031249925494194
- -0.02031249925494194
effort:
- .nan
- .nan
---
header:
  stamp:
    sec: 1791158979
    nanosec: 565708255
  frame_id: base_link
name:
- joint_x
- joint_y
position:
- 0.01361874956637621
- 0.01361874956637621
velocity:
- -0.02031249925494194
- -0.02031249925494194
effort:
- .nan
- .nan
---
header:
  stamp:
    sec: 1791158979
    nanosec: 585697503
  frame_id: base_link
name:
- joint_x
- joint_y
position:
- 0.01321875024586916
- 0.01321875024586916
velocity:
- -0.019999999552965164
- -0.019999999552965164
effort:
- .nan
- .nan
---
header:
  stamp:
    sec: 1791158979
    nanosec: 605706761
  frame_id: base_link
name:
- joint_x
- joint_y
position:
- 0.012799999676644802
- 0.012799999676644802
velocity:
- -0.020937500521540642
- -0.020937500521540642
effort:
- .nan
- .nan
---
header:
  stamp:
    sec: 1791158979
    nanosec: 625704580
  frame_id: base_link
name:
- joint_x
- joint_y
position:
- 0.012400000356137753
- 0.012400000356137753
velocity:
- -0.019999999552965164
- -0.019999999552965164
effort:
- .nan
- .nan
---
header:
  stamp:
    sec: 1791158979
    nanosec: 645698196
  frame_id: base_link
name:
- joint_x
- joint_y
position:
- 0.012000000104308128
- 0.012000000104308128
velocity:
- -0.019999999552965164
- -0.019999999552965164
effort:
- .nan
- .nan
---
header:
  stamp:
    sec: 1791158979
    nanosec: 665706139
  frame_id: base_link
name:
- joint_x
- joint_y
position:
- 0.01119375042617321
- 0.01119375042617321
velocity:
- -0.020625000819563866
- -0.020625000819563866
effort:
- .nan
- .nan
---
header:
  stamp:
    sec: 1791158979
    nanosec: 685667727
  frame_id: base_link
name:
- joint_x
- joint_y
position:
- 0.010806250385940075
- 0.01080000028014183
velocity:
- -0.019375000149011612
- -0.019375000149011612
effort:
- .nan
- .nan
---
header:
  stamp:
    sec: 1791158979
    nanosec: 705695814
  frame_id: base_link
name:
- joint_x
- joint_y
position:
- 0.01041875034570694
- 0.010412500239908695
velocity:
- -0.019375000149011612
- -0.019375000149011612
effort:
- .nan
- .nan
---
header:
  stamp:
    sec: 1791158979
    nanosec: 725706605
  frame_id: base_link
name:
- joint_x
- joint_y
position:
- 0.010031250305473804
- 0.01002500019967556
velocity:
- -0.019375000149011612
- -0.019375000149011612
effort:
- .nan
- .nan
---
header:
  stamp:
    sec: 1791158979
    nanosec: 745709746
  frame_id: base_link
name:
- joint_x
- joint_y
position:
- 0.009650000371038914
- 0.00964375026524067
velocity:
- -0.019062500447034836
- -0.019375000149011612
effort:
- .nan
- .nan
---
header:
  stamp:
    sec: 1791158979
    nanosec: 765728909
  frame_id: base_link
name:
- joint_x
- joint_y
position:
- 0.009243750013411045
- 0.009243750013411045
velocity:
- -0.019999999552965164
- -0.019999999552965164
effort:
- .nan
- .nan
---
header:
  stamp:
    sec: 1791158979
    nanosec: 785699161
  frame_id: base_link
name:
- joint_x
- joint_y
position:
- 0.008868750184774399
- 0.008868750184774399
velocity:
- -0.01875000074505806
- -0.01875000074505806
effort:
- .nan
- .nan
---
header:
  stamp:
    sec: 1791158979
    nanosec: 805702217
  frame_id: base_link
name:
- joint_x
- joint_y
position:
- 0.008500000461935997
- 0.008500000461935997
velocity:
- -0.01875000074505806
- -0.018437499180436134
effort:
- .nan
- .nan
---
header:
  stamp:
    sec: 1791158979
    nanosec: 825719612
  frame_id: base_link
name:
- joint_x
- joint_y
position:
- 0.00813124980777502
- 0.00813124980777502
velocity:
- -0.018124999478459358
- -0.018437499180436134
effort:
- .nan
- .nan
---
header:
  stamp:
    sec: 1791158979
    nanosec: 845706352
  frame_id: base_link
name:
- joint_x
- joint_y
position:
- 0.00774999987334013
- 0.00774999987334013
velocity:
- -0.01845238171517849
- -0.01785714365541935
effort:
- .nan
- .nan
---
header:
  stamp:
    sec: 1791158979
    nanosec: 865711362
  frame_id: base_link
name:
- joint_x
- joint_y
position:
- 0.007025000173598528
- 0.007031249813735485
velocity:
- -0.017812499776482582
- -0.017500000074505806
effort:
- .nan
- .nan
---
header:
  stamp:
    sec: 1791158979
    nanosec: 885687924
  frame_id: base_link
name:
- joint_x
- joint_y
position:
- 0.006681249942630529
- 0.006681249942630529
velocity:
- -0.01718750037252903
- -0.017500000074505806
effort:
- .nan
- .nan
---
header:
  stamp:
    sec: 1791158979
    nanosec: 905728208
  frame_id: base_link
name:
- joint_x
- joint_y
position:
- 0.006337500177323818
- 0.006343749817460775
velocity:
- -0.01718750037252903
- -0.016875000670552254
effort:
- .nan
- .nan
---
header:
  stamp:
    sec: 1791158979
    nanosec: 925714057
  frame_id: base_link
name:
- joint_x
- joint_y
position:
- 0.006006250157952309
- 0.006006250157952309
velocity:
- -0.01656249910593033
- -0.016875000670552254
effort:
- .nan
- .nan
---
header:
  stamp:
    sec: 1791158979
    nanosec: 945703871
  frame_id: base_link
name:
- joint_x
- joint_y
position:
- 0.005656249821186066
- 0.005656249821186066
velocity:
- -0.01718750037252903
- -0.01718750037252903
effort:
- .nan
- .nan
---
header:
  stamp:
    sec: 1791158979
    nanosec: 965717865
  frame_id: base_link
name:
- joint_x
- joint_y
position:
- 0.005331249907612801
- 0.005337500013411045
velocity:
- -0.016249999403953552
- -0.016249999403953552
effort:
- .nan
- .nan
---
header:
  stamp:
    sec: 1791158979
    nanosec: 985723079
  frame_id: base_link
name:
- joint_x
- joint_y
position:
- 0.0050187502056360245
- 0.0050187502056360245
velocity:
- -0.015937499701976776
- -0.015937499701976776
effort:
- .nan
- .nan
---
header:
  stamp:
    sec: 1791158980
    nanosec: 5708031
  frame_id: base_link
name:
- joint_x
- joint_y
position:
- 0.004706250037997961
- 0.004706250037997961
velocity:
- -0.015312500298023224
- -0.015312500298023224
effort:
- .nan
- .nan
---
header:
  stamp:
    sec: 1791158980
    nanosec: 25704511
  frame_id: base_link
name:
- joint_x
- joint_y
position:
- 0.004100000020116568
- 0.004100000020116568
velocity:
- -0.015312500298023224
- -0.015312500298023224
effort:
- .nan
- .nan
---
header:
  stamp:
    sec: 1791158980
    nanosec: 45701942
  frame_id: base_link
name:
- joint_x
- joint_y
position:
- 0.0038125000428408384
- 0.0038125000428408384
velocity:
- -0.014375000260770321
- -0.014375000260770321
effort:
- .nan
- .nan
---
header:
  stamp:
    sec: 1791158980
    nanosec: 65709357
  frame_id: base_link
name:
- joint_x
- joint_y
position:
- 0.00353124993853271
- 0.0035375000443309546
velocity:
- -0.01406249962747097
- -0.013749999925494194
effort:
- .nan
- .nan
---
header:
  stamp:
    sec: 1791158980
    nanosec: 85682396
  frame_id: base_link
name:
- joint_x
- joint_y
position:
- 0.0032625000458210707
- 0.0032625000458210707
velocity:
- -0.013437500223517418
- -0.013749999925494194
effort:
- .nan
- .nan
---
header:
  stamp:
    sec: 1791158980
    nanosec: 105701788
  frame_id: base_link
name:
- joint_x
- joint_y
position:
- 0.002987500047311187
- 0.002987500047311187
velocity:
- -0.013095238246023655
- -0.013095238246023655
effort:
- .nan
- .nan
---
header:
  stamp:
    sec: 1791158980
    nanosec: 125707028
  frame_id: base_link
name:
- joint_x
- joint_y
position:
- 0.0027187499217689037
- 0.0027187499217689037
velocity:
- -0.013437500223517418
- -0.013124999590218067
effort:
- .nan
- .nan
---
header:
  stamp:
    sec: 1791158980
    nanosec: 145698720
  frame_id: base_link
name:
- joint_x
- joint_y
position:
- 0.002474999986588955
- 0.002474999986588955
velocity:
- -0.012187499552965164
- -0.012500000186264515
effort:
- .nan
- .nan
---
header:
  stamp:
    sec: 1791158980
    nanosec: 165729968
  frame_id: base_link
name:
- joint_x
- joint_y
position:
- 0.002237499924376607
- 0.002237499924376607
velocity:
- -0.011562500149011612
- -0.011562500149011612
effort:
- .nan
- .nan
---
header:
  stamp:
    sec: 1791158980
    nanosec: 185703606
  frame_id: base_link
name:
- joint_x
- joint_y
position:
- 0.002012500073760748
- 0.002012500073760748
velocity:
- -0.011562500149011612
- -0.011562500149011612
effort:
- .nan
- .nan
---
header:
  stamp:
    sec: 1791158980
    nanosec: 205694705
  frame_id: base_link
name:
- joint_x
- joint_y
position:
- 0.0017937499796971679
- 0.0017999999690800905
velocity:
- -0.010625000111758709
- -0.010625000111758709
effort:
- .nan
- .nan
---
header:
  stamp:
    sec: 1791158980
    nanosec: 225706953
  frame_id: base_link
name:
- joint_x
- joint_y
position:
- 0.0013874999713152647
- 0.0013874999713152647
velocity:
- -0.009687500074505806
- -0.009687500074505806
effort:
- .nan
- .nan
---
header:
  stamp:
    sec: 1791158980
    nanosec: 245698297
  frame_id: base_link
name:
- joint_x
- joint_y
position:
- 0.0012000000569969416
- 0.0012000000569969416
velocity:
- -0.009062499739229679
- -0.00937500037252903
effort:
- .nan
- .nan
---
header:
  stamp:
    sec: 1791158980
    nanosec: 265708841
  frame_id: base_link
name:
- joint_x
- joint_y
position:
- 0.001025000005029142
- 0.0010312499944120646
velocity:
- -0.008750000037252903
- -0.008437500335276127
effort:
- .nan
- .nan
---
header:
  stamp:
    sec: 1791158980
    nanosec: 285738010
  frame_id: base_link
name:
- joint_x
- joint_y
position:
- 0.0008562500006519258
- 0.0008562500006519258
velocity:
- -0.008333333767950535
- -0.008333333767950535
effort:
- .nan
- .nan
---
header:
  stamp:
    sec: 1791158980
    nanosec: 305697949
  frame_id: base_link
name:
- joint_x
- joint_y
position:
- 0.000699999975040555
- 0.000699999975040555
velocity:
- -0.0078125
- -0.0078125
effort:
- .nan
- .nan
---
header:
  stamp:
    sec: 1791158980
    nanosec: 325745767
  frame_id: base_link
name:
- joint_x
- joint_y
position:
- 0.0005562499864026904
- 0.0005562499864026904
velocity:
- -0.0071875001303851604
- -0.0071875001303851604
effort:
- .nan
- .nan
---
header:
  stamp:
    sec: 1791158980
    nanosec: 345711878
  frame_id: base_link
name:
- joint_x
- joint_y
position:
- 0.0004250000056345016
- 0.0004312499950174242
velocity:
- -0.006562499795109034
- -0.0062500000931322575
effort:
- .nan
- .nan
---
header:
  stamp:
    sec: 1791158980
    nanosec: 365670195
  frame_id: base_link
name:
- joint_x
- joint_y
position:
- 0.0003124999930150807
- 0.0003124999930150807
velocity:
- -0.005625000223517418
- -0.005937499925494194
effort:
- .nan
- .nan
---
header:
  stamp:
    sec: 1791158980
    nanosec: 385701199
  frame_id: base_link
name:
- joint_x
- joint_y
position:
- 0.0002062499988824129
- 0.0002062499988824129
velocity:
- -0.0053125000558793545
- -0.0053125000558793545
effort:
- .nan
- .nan
---
header:
  stamp:
    sec: 1791158980
    nanosec: 405710074
  frame_id: base_link
name:
- joint_x
- joint_y
position:
- 3.7500001781154424e-05
- 3.7500001781154424e-05
velocity:
- -0.0037499999161809683
- -0.0037499999161809683
effort:
- .nan
- .nan
---
header:
  stamp:
    sec: 1791158980
    nanosec: 425727324
  frame_id: base_link
name:
- joint_x
- joint_y
position:
- -3.125000148429535e-05
- -3.125000148429535e-05
velocity:
- -0.0034374999813735485
- -0.0034374999813735485
effort:
- .nan
- .nan
---
header:
  stamp:
    sec: 1791158980
    nanosec: 445709067
  frame_id: base_link
name:
- joint_x
- joint_y
position:
- -8.125000022118911e-05
- -8.125000022118911e-05
velocity:
- -0.0024999999441206455
- -0.0024999999441206455
effort:
- .nan
- .nan
---
header:
  stamp:
    sec: 1791158980
    nanosec: 465680214
  frame_id: base_link
name:
- joint_x
- joint_y
position:
- -0.00011875000200234354
- -0.00011875000200234354
velocity:
- -0.0018749999580904841
- -0.0018749999580904841
effort:
- .nan
- .nan
---
header:
  stamp:
    sec: 1791158980
    nanosec: 485714174
  frame_id: base_link
name:
- joint_x
- joint_y
position:
- -0.00014375000318977982
- -0.00014375000318977982
velocity:
- -0.0012499999720603228
- -0.0012499999720603228
effort:
- .nan
- .nan
---
header:
  stamp:
    sec: 1791158980
    nanosec: 505700413
  frame_id: base_link
name:
- joint_x
- joint_y
position:
- -0.00014375000318977982
- -0.00014375000318977982
velocity:
- -0.0012499999720603228
- -0.0012499999720603228
effort:
- .nan
- .nan
---
header:
  stamp:
    sec: 1791158980
    nanosec: 525744454
  frame_id: base_link
name:
- joint_x
- joint_y
position:
- -0.00014375000318977982
- -0.00014375000318977982
velocity:
- -0.0012499999720603228
- -0.0012499999720603228
effort:
- .nan
- .nan
---
header:
  stamp:
    sec: 1791158980
    nanosec: 545703516
  frame_id: base_link
name:
- joint_x
- joint_y
position:
- -0.00014375000318977982
- -0.00014375000318977982
velocity:
- -0.0012499999720603228
- -0.0012499999720603228
effort:
- .nan
- .nan
---
header:
  stamp:
    sec: 1791158980
    nanosec: 565730302
  frame_id: base_link
name:
- joint_x
- joint_y
position:
- -0.00014375000318977982
- -0.00014375000318977982
velocity:
- -0.0012499999720603228
- -0.0012499999720603228
effort:
- .nan
- .nan
---
header:
  stamp:
    sec: 1791158980
    nanosec: 585724443
  frame_id: base_link
name:
- joint_x
- joint_y
position:
- 0.0
- 0.0
velocity:
- 0.0018749999580904841
- 0.0015625000232830644
effort:
- .nan
- .nan
---
header:
  stamp:
    sec: 1791158980
    nanosec: 605723306
  frame_id: base_link
name:
- joint_x
- joint_y
position:
- 0.0
- 0.0
velocity:
- 0.0
- 0.0
effort:
- .nan
- .nan
---
header:
  stamp:
    sec: 1791158980
    nanosec: 625710241
  frame_id: base_link
name:
- joint_x
- joint_y
position:
- 0.0
- 0.0
velocity:
- 0.0
- 0.0
effort:
- .nan
- .nan
---
header:
  stamp:
    sec: 1791158980
    nanosec: 645717184
  frame_id: base_link
name:
- joint_x
- joint_y
position:
- 0.0
- 0.0
velocity:
- 0.0
- 0.0
effort:
- .nan
- .nan
---
header:
  stamp:
    sec: 1791158980
    nanosec: 665700422
  frame_id: base_link
name:
- joint_x
- joint_y
position:
- 0.0
- 0.0
velocity:
- 0.0
- 0.0
effort:
- .nan
- .nan
---
header:
  stamp:
    sec: 1791158980
    nanosec: 685708759
  frame_id: base_link
name:
- joint_x
- joint_y
position:
- 0.0
- 0.0
velocity:
- 0.0
- 0.0
effort:
- .nan
- .nan
---
header:
  stamp:
    sec: 1791158980
    nanosec: 705699426
  frame_id: base_link
name:
- joint_x
- joint_y
position:
- 0.0
- 0.0
velocity:
- 0.0
- 0.0
effort:
- .nan
- .nan
---
header:
  stamp:
    sec: 1791158980
    nanosec: 725730362
  frame_id: base_link
name:
- joint_x
- joint_y
position:
- 0.0
- 0.0
velocity:
- 0.0
- 0.0
effort:
- .nan
- .nan
---
header:
  stamp:
    sec: 1791158980
    nanosec: 745719296
  frame_id: base_link
name:
- joint_x
- joint_y
position:
- 0.0
- 0.0
velocity:
- 0.0
- 0.0
effort:
- .nan
- .nan
---
header:
  stamp:
    sec: 1791158980
    nanosec: 765680508
  frame_id: base_link
name:
- joint_x
- joint_y
position:
- 0.0
- 0.0
velocity:
- 0.0
- 0.0
effort:
- .nan
- .nan
---
