A message was lost!!!
	total count change:1
	total count: 1---
header:
  stamp:
    sec: 1791158869
    nanosec: 655218968
  frame_id: base_link
name:
- joint_x
- joint_y
position:
- 0.0
- 0.0
velocity:
- 0.0
- 0.0
effort:
- .nan
- .nan
---
header:
  stamp:
    sec: 1791158869
    nanosec: 675224134
  frame_id: base_link
name:
- joint_x
- joint_y
position:
- 0.0
- 0.0
velocity:
- 0.0
- 0.0
effort:
- .nan
- .nan
---
header:
  stamp:
    sec: 1791158869
    nanosec: 695224826
  frame_id: base_link
name:
- joint_x
- joint_y
position:
- 0.0
- 0.0
velocity:
- 0.0
- 0.0
effort:
- .nan
- .nan
---
header:
  stamp:
    sec: 1791158869
    nanosec: 715230694
  frame_id: base_link
name:
- joint_x
- joint_y
position:
- 0.0
- 0.0
velocity:
- 0.0
- 0.0
effort:
- .nan
- .nan
---
header:
  stamp:
    sec: 1791158869
    nanosec: 735233192
  frame_id: base_link
name:
- joint_x
- joint_y
position:
- 0.0
- 0.0
velocity:
- 0.0
- 0.0
effort:
- .nan
- .nan
---
header:
  stamp:
    sec: 1791158869
    nanosec: 755234926
  frame_id: base_link
name:
- joint_x
- joint_y
position:
- 0.0
- 0.0
velocity:
- 0.0
- 0.0
effort:
- .nan
- .nan
---
header:
  stamp:
    sec: 1791158869
    nanosec: 775238037
  frame_id: base_link
name:
- joint_x
- joint_y
position:
- 0.0
- 0.0
velocity:
- 0.0
- 0.0
effort:
- .nan
- .nan
---
header:
  stamp:
    sec: 1791158869
    nanosec: 795230172
  frame_id: base_link
name:
- joint_x
- joint_y
position:
- 0.0
- 0.0
velocity:
- 0.0
- 0.0
effort:
- .nan
- .nan
---
header:
  stamp:
    sec: 1791158869
    nanosec: 815296501
  frame_id: base_link
name:
- joint_x
- joint_y
position:
- 0.0
- 0.0
velocity:
- 0.0
- 0.0
effort:
- .nan
- .nan
---
header:
  stamp:
    sec: 1791158869
    nanosec: 835287906
  frame_id: base_link
name:
- joint_x
- joint_y
position:
- 0.0
- 0.0
velocity:
- 0.0
- 0.0
effort:
- .nan
- .nan
---
header:
  stamp:
    sec: 1791158869
    nanosec: 855259411
  frame_id: base_link
name:
- joint_x
- joint_y
position:
- 0.0
- 0.0
velocity:
- 0.0
- 0.0
effort:
- .nan
- .nan
---
header:
  stamp:
    sec: 1791158869
    nanosec: 875262782
  frame_id: base_link
name:
- joint_x
- joint_y
position:
- 0.0
- 0.0
velocity:
- 0.0
- 0.0
effort:
- .nan
- .nan
---
header:
  stamp:
    sec: 1791158869
    nanosec: 895241488
  frame_id: base_link
name:
- joint_x
- joint_y
position:
- 0.0
- 0.0
velocity:
- 0.0
- 0.0
effort:
- .nan
- .nan
---
header:
  stamp:
    sec: 1791158869
    nanosec: 915243328
  frame_id: base_link
name:
- joint_x
- joint_y
position:
- 0.0
- 0.0
velocity:
- 0.0
- 0.0
effort:
- .nan
- .nan
---
header:
  stamp:
    sec: 1791158869
    nanosec: 935232625
  frame_id: base_link
name:
- joint_x
- joint_y
position:
- 0.0
- 0.0
velocity:
- 0.0
- 0.0
effort:
- .nan
- .nan
---
header:
  stamp:
    sec: 1791158869
    nanosec: 955230529
  frame_id: base_link
name:
- joint_x
- joint_y
position:
- 0.0
- 0.0
velocity:
- 0.0
- 0.0
effort:
- .nan
- .nan
---
header:
  stamp:
    sec: 1791158869
    nanosec: 975222077
  frame_id: base_link
name:
- joint_x
- joint_y
position:
- 0.0
- 0.0
velocity:
- 0.0
- 0.0
effort:
- .nan
- .nan
---
header:
  stamp:
    sec: 1791158869
    nanosec: 995234023
  frame_id: base_link
name:
- joint_x
- joint_y
position:
- 0.0
- 0.0
velocity:
- 0.0
- 0.0
effort:
- .nan
- .nan
---
header:
  stamp:
    sec: 1791158870
    nanosec: 15223375
  frame_id: base_link
name:
- joint_x
- joint_y
position:
- 0.0
- 0.0
velocity:
- 0.0
- 0.0
effort:
- .nan
- .nan
---
header:
  stamp:
    sec: 1791158870
    nanosec: 35230675
  frame_id: base_link
name:
- joint_x
- joint_y
position:
- 0.0
- 0.0
velocity:
- 0.0
- 0.0
effort:
- .nan
- .nan
---
header:
  stamp:
    sec: 1791158870
    nanosec: 55223113
  frame_id: base_link
name:
- joint_x
- joint_y
position:
- 0.0
- 0.0
velocity:
- 0.0
- 0.0
effort:
- .nan
- .nan
---
header:
  stamp:
    sec: 1791158870
    nanosec: 75226545
  frame_id: base_link
name:
- joint_x
- joint_y
position:
- 0.0
- 0.0
velocity:
- 0.0
- 0.0
effort:
- .nan
- .nan
---
header:
  stamp:
    sec: 1791158870
    nanosec: 95229488
  frame_id: base_link
name:
- joint_x
- joint_y
position:
- 0.0
- 0.0
velocity:
- 0.0
- 0.0
effort:
- .nan
- .nan
---
header:
  stamp:
    sec: 1791158870
    nanosec: 115228380
  frame_id: base_link
name:
- joint_x
- joint_y
position:
- 0.0
- 0.0
velocity:
- 0.0
- 0.0
effort:
- .nan
- .nan
---
header:
  stamp:
    sec: 1791158870
    nanosec: 135225952
  frame_id: base_link
name:
- joint_x
- joint_y
position:
- 0.0
- 0.0
velocity:
- 0.0
- 0.0
effort:
- .nan
- .nan
---
header:
  stamp:
    sec: 1791158870
    nanosec: 155227250
  frame_id: base_link
name:
- joint_x
- joint_y
position:
- 0.0
- 0.0
velocity:
- 0.0
- 0.0
effort:
- .nan
- .nan
---
header:
  stamp:
    sec: 1791158870
    nanosec: 175237592
  frame_id: base_link
name:
- joint_x
- joint_y
position:
- 0.0
- 0.0
velocity:
- 0.0
- 0.0
effort:
- .nan
- .nan
---
header:
  stamp:
    sec: 1791158870
    nanosec: 195226479
  frame_id: base_link
name:
- joint_x
- joint_y
position:
- 0.0
- 0.0
velocity:
- 0.0
- 0.0
effort:
- .nan
- .nan
---
header:
  stamp:
    sec: 1791158870
    nanosec: 215228790
  frame_id: base_link
name:
- joint_x
- joint_y
position:
- 0.0
- 0.0
velocity:
- 0.0
- 0.0
effort:
- .nan
- .nan
---
header:
  stamp:
    sec: 1791158870
    nanosec: 235230227
  frame_id: base_link
name:
- joint_x
- joint_y
position:
- 0.0
- 0.0
velocity:
- 0.0
- 0.0
effort:
- .nan
- .nan
---
header:
  stamp:
    sec: 1791158870
    nanosec: 255239678
  frame_id: base_link
name:
- joint_x
- joint_y
position:
- 0.0
- 0.0
velocity:
- 0.0
- 0.0
effort:
- .nan
- .nan
---
header:
  stamp:
    sec: 1791158870
    nanosec: 275228651
  frame_id: base_link
name:
- joint_x
- joint_y
position:
- 0.0
- 0.0
velocity:
- 0.0
- 0.0
effort:
- .nan
- .nan
---
header:
  stamp:
    sec: 1791158870
    nanosec: 295227450
  frame_id: base_link
name:
- joint_x
- joint_y
position:
- 0.0
- 0.0
velocity:
- 0.0
- 0.0
effort:
- .nan
- .nan
---
header:
  stamp:
    sec: 1791158870
    nanosec: 315240999
  frame_id: base_link
name:
- joint_x
- joint_y
position:
- 0.0
- 0.0
velocity:
- 0.0
- 0.0
effort:
- .nan
- .nan
---
header:
  stamp:
    sec: 1791158870
    nanosec: 335228803
  frame_id: base_link
name:
- joint_x
- joint_y
position:
- 0.0
- 0.0
velocity:
- 0.0
- 0.0
effort:
- .nan
- .nan
---
header:
  stamp:
    sec: 1791158870
    nanosec: 355229131
  frame_id: base_link
name:
- joint_x
- joint_y
position:
- 0.0
- 0.0
velocity:
- 0.0
- 0.0
effort:
- .nan
- .nan
---
header:
  stamp:
    sec: 1791158870
    nanosec: 375233278
  frame_id: base_link
name:
- joint_x
- joint_y
position:
- 0.0
- 0.0
velocity:
- 0.0
- 0.0
effort:
- .nan
- .nan
---
header:
  stamp:
    sec: 1791158870
    nanosec: 395225586
  frame_id: base_link
name:
- joint_x
- joint_y
position:
- 0.0
- 0.0
velocity:
- 0.0
- 0.0
effort:
- .nan
- .nan
---
header:
  stamp:
    sec: 1791158870
    nanosec: 415240184
  frame_id: base_link
name:
- joint_x
- joint_y
position:
- 0.0
- 0.0
velocity:
- 0.0
- 0.0
effort:
- .nan
- .nan
---
header:
  stamp:
    sec: 1791158870
    nanosec: 435239171
  frame_id: base_link
name:
- joint_x
- joint_y
position:
- 0.0
- 0.0
velocity:
- 0.0
- 0.0
effort:
- .nan
- .nan
---
header:
  stamp:
    sec: 1791158870
    nanosec: 455227022
  frame_id: base_link
name:
- joint_x
- joint_y
position:
- 0.0
- 0.0
velocity:
- 0.0
- 0.0
effort:
- .nan
- .nan
---
header:
  stamp:
    sec: 1791158870
    nanosec: 475224462
  frame_id: base_link
name:
- joint_x
- joint_y
position:
- 0.0
- 0.0
velocity:
- 0.0
- 0.0
effort:
- .nan
- .nan
---
header:
  stamp:
    sec: 1791158870
    nanosec: 495221035
  frame_id: base_link
name:
- joint_x
- joint_y
position:
- 0.0
- 0.0
velocity:
- 0.0
- 0.0
effort:
- .nan
- .nan
---
header:
  stamp:
    sec: 1791158870
    nanosec: 515224841
  frame_id: base_link
name:
- joint_x
- joint_y
position:
- 0.0
- 0.0
velocity:
- 0.0
- 0.0
effort:
- .nan
- .nan
---
header:
  stamp:
    sec: 1791158870
    nanosec: 535219673
  frame_id: base_link
name:
- joint_x
- joint_y
position:
- 0.0
- 0.0
velocity:
- 0.0
- 0.0
effort:
- .nan
- .nan
---
header:
  stamp:
    sec: 1791158870
    nanosec: 555235852
  frame_id: base_link
name:
- joint_x
- joint_y
position:
- 0.0
- 0.0
velocity:
- 0.0
- 0.0
effort:
- .nan
- .nan
---
header:
  stamp:
    sec: 1791158870
    nanosec: 575233114
  frame_id: base_link
name:
- joint_x
- joint_y
position:
- 0.0
- 0.0
velocity:
- 0.0
- 0.0
effort:
- .nan
- .nan
---
header:
  stamp:
    sec: 1791158870
    nanosec: 595225734
  frame_id: base_link
name:
- joint_x
- joint_y
position:
- 0.0
- 0.0
velocity:
- 0.0
- 0.0
effort:
- .nan
- .nan
---
header:
  stamp:
    sec: 1791158870
    nanosec: 615229637
  frame_id: base_link
name:
- joint_x
- joint_y
position:
- 0.0
- 0.0
velocity:
- 0.0
- 0.0
effort:
- .nan
- .nan
---
header:
  stamp:
    sec: 1791158870
    nanosec: 635237981
  frame_id: base_link
name:
- joint_x
- joint_y
position:
- 0.0
- 0.0
velocity:
- 0.0
- 0.0
effort:
- .nan
- .nan
---
header:
  stamp:
    sec: 1791158870
    nanosec: 655246102
  frame_id: base_link
name:
- joint_x
- joint_y
position:
- 0.0
- 0.0
velocity:
- 0.0
- 0.0
effort:
- .nan
- .nan
---
header:
  stamp:
    sec: 1791158870
    nanosec: 675269371
  frame_id: base_link
name:
- joint_x
- joint_y
position:
- 0.0
- 0.0
velocity:
- 0.0
- 0.0
effort:
- .nan
- .nan
---
header:
  stamp:
    sec: 1791158870
    nanosec: 695238167
  frame_id: base_link
name:
- joint_x
- joint_y
position:
- 0.0
- 0.0
velocity:
- 0.0
- 0.0
effort:
- .nan
- .nan
---
header:
  stamp:
    sec: 1791158870
    nanosec: 715264713
  frame_id: base_link
name:
- joint_x
- joint_y
position:
- 0.0
- 0.0
velocity:
- 0.0
- 0.0
effort:
- .nan
- .nan
---
header:
  stamp:
    sec: 1791158870
    nanosec: 735273399
  frame_id: base_link
name:
- joint_x
- joint_y
position:
- 0.0
- 0.0
velocity:
- 0.0
- 0.0
effort:
- .nan
- .nan
---
header:
  stamp:
    sec: 1791158870
    nanosec: 755239288
  frame_id: base_link
name:
- joint_x
- joint_y
position:
- 0.0
- 0.0
velocity:
- 0.0
- 0.0
effort:
- .nan
- .nan
---
header:
  stamp:
    sec: 1791158870
    nanosec: 775254107
  frame_id: base_link
name:
- joint_x
- joint_y
position:
- 0.0
- 0.0
velocity:
- 0.0
- 0.0
effort:
- .nan
- .nan
---
header:
  stamp:
    sec: 1791158870
    nanosec: 795274182
  frame_id: base_link
name:
- joint_x
- joint_y
position:
- 0.0
- 0.0
velocity:
- 0.0
- 0.0
effort:
- .nan
- .nan
---
header:
  stamp:
    sec: 1791158870
    nanosec: 815248577
  frame_id: base_link
name:
- joint_x
- joint_y
position:
- 0.0
- 0.0
velocity:
- 0.0
- 0.0
effort:
- .nan
- .nan
---
header:
  stamp:
    sec: 1791158870
    nanosec: 835241240
  frame_id: base_link
name:
- joint_x
- joint_y
position:
- 0.0
- 0.0
velocity:
- 0.0
- 0.0
effort:
- .nan
- .nan
---
header:
  stamp:
    sec: 1791158870
    nanosec: 855245603
  frame_id: base_link
name:
- joint_x
- joint_y
position:
- 0.0
- 0.0
velocity:
- 0.0
- 0.0
effort:
- .nan
- .nan
---
header:
  stamp:
    sec: 1791158870
    nanosec: 875270066
  frame_id: base_link
name:
- joint_x
- joint_y
position:
- 0.0
- 0.0
velocity:
- 0.0
- 0.0
effort:
- .nan
- .nan
---
header:
  stamp:
    sec: 1791158870
    nanosec: 895249387
  frame_id: base_link
name:
- joint_x
- joint_y
position:
- 0.0
- 0.0
velocity:
- 0.0
- 0.0
effort:
- .nan
- .nan
---
header:
  stamp:
    sec: 1791158870
    nanosec: 915246945
  frame_id: base_link
name:
- joint_x
- joint_y
position:
- 0.0
- 0.0
velocity:
- 0.0
- 0.0
effort:
- .nan
- .nan
---
header:
  stamp:
    sec: 1791158870
    nanosec: 935258152
  frame_id: base_link
name:
- joint_x
- joint_y
position:
- 0.0
- 0.0
velocity:
- 0.0
- 0.0
effort:
- .nan
- .nan
---
header:
  stamp:
    sec: 1791158870
    nanosec: 955230916
  frame_id: base_link
name:
- joint_x
- joint_y
position:
- 0.0
- 0.0
velocity:
- 0.0
- 0.0
effort:
- .nan
- .nan
---
header:
  stamp:
    sec: 1791158870
    nanosec: 975241598
  frame_id: base_link
name:
- joint_x
- joint_y
position:
- 0.0
- 0.0
velocity:
- 0.0
- 0.0
effort:
- .nan
- .nan
---
header:
  stamp:
    sec: 1791158870
    nanosec: 995233335
  frame_id: base_link
name:
- joint_x
- joint_y
position:
- 0.0
- 0.0
velocity:
- 0.0
- 0.0
effort:
- .nan
- .nan
---
header:
  stamp:
    sec: 1791158871
    nanosec: 15239070
  frame_id: base_link
name:
- joint_x
- joint_y
position:
- 0.0
- 0.0
velocity:
- 0.0
- 0.0
effort:
- .nan
- .nan
---
header:
  stamp:
    sec: 1791158871
    nanosec: 35301513
  frame_id: base_link
name:
- joint_x
- joint_y
position:
- 0.0
- 0.0
velocity:
- 0.0
- 0.0
effort:
- .nan
- .nan
---
header:
  stamp:
    sec: 1791158871
    nanosec: 55251105
  frame_id: base_link
name:
- joint_x
- joint_y
position:
- 0.0
- 0.0
velocity:
- 0.0
- 0.0
effort:
- .nan
- .nan
---
header:
  stamp:
    sec: 1791158871
    nanosec: 75254411
  frame_id: base_link
name:
- joint_x
- joint_y
position:
- 0.0
- 0.0
velocity:
- 0.0
- 0.0
effort:
- .nan
- .nan
---
header:
  stamp:
    sec: 1791158871
    nanosec: 95271029
  frame_id: base_link
name:
- joint_x
- joint_y
position:
- 0.0
- 0.0
velocity:
- 0.0
- 0.0
effort:
- .nan
- .nan
---
header:
  stamp:
    sec: 1791158871
    nanosec: 115254835
  frame_id: base_link
name:
- joint_x
- joint_y
position:
- 0.0
- 0.0
velocity:
- 0.0
- 0.0
effort:
- .nan
- .nan
---
header:
  stamp:
    sec: 1791158871
    nanosec: 135276997
  frame_id: base_link
name:
- joint_x
- joint_y
position:
- 0.0
- 0.0
velocity:
- 0.0
- 0.0
effort:
- .nan
- .nan
---
header:
  stamp:
    sec: 1791158871
    nanosec: 155260078
  frame_id: base_link
name:
- joint_x
- joint_y
position:
- 0.0
- 0.0
velocity:
- 0.0
- 0.0
effort:
- .nan
- .nan
---
header:
  stamp:
    sec: 1791158871
    nanosec: 175269342
  frame_id: base_link
name:
- joint_x
- joint_y
position:
- 0.0
- 0.0
velocity:
- 0.0
- 0.0
effort:
- .nan
- .nan
---
header:
  stamp:
    sec: 1791158871
    nanosec: 195276669
  frame_id: base_link
name:
- joint_x
- joint_y
position:
- 0.0
- 0.0
velocity:
- 0.0
- 0.0
effort:
- .nan
- .nan
---
header:
  stamp:
    sec: 1791158871
    nanosec: 225144390
  frame_id: base_link
name:
- joint_x
- joint_y
position:
- 0.0
- 0.0
velocity:
- 0.0
- 0.0
effort:
- .nan
- .nan
---
header:
  stamp:
    sec: 1791158871
    nanosec: 235203414
  frame_id: base_link
name:
- joint_x
- joint_y
position:
- 0.0
- 0.0
velocity:
- 0.0
- 0.0
effort:
- .nan
- .nan
---
header:
  stamp:
    sec: 1791158871
    nanosec: 255214548
  frame_id: base_link
name:
- joint_x
- joint_y
position:
- 0.0
- 0.0
velocity:
- 0.0
- 0.0
effort:
- .nan
- .nan
---
header:
  stamp:
    sec: 1791158871
    nanosec: 275207521
  frame_id: base_link
name:
- joint_x
- joint_y
position:
- 0.0
- 0.0
velocity:
- 0.0
- 0.0
effort:
- .nan
- .nan
---
header:
  stamp:
    sec: 1791158871
    nanosec: 295233154
  frame_id: base_link
name:
- joint_x
- joint_y
position:
- 0.0
- 0.0
velocity:
- 0.0
- 0.0
effort:
- .nan
- .nan
---
header:
  stamp:
    sec: 1791158871
    nanosec: 315230643
  frame_id: base_link
name:
- joint_x
- joint_y
position:
- 0.0
- 0.0
velocity:
- 0.0
- 0.0
effort:
- .nan
- .nan
---
header:
  stamp:
    sec: 1791158871
    nanosec: 335227248
  frame_id: base_link
name:
- joint_x
- joint_y
position:
- 0.0
- 0.0
velocity:
- 0.0
- 0.0
effort:
- .nan
- .nan
---
header:
  stamp:
    sec: 1791158871
    nanosec: 355209155
  frame_id: base_link
name:
- joint_x
- joint_y
position:
- 0.0
- 0.0
velocity:
- 0.0
- 0.0
effort:
- .nan
- .nan
---
header:
  stamp:
    sec: 1791158871
    nanosec: 375221740
  frame_id: base_link
name:
- joint_x
- joint_y
position:
- 0.0
- 0.0
velocity:
- 0.0
- 0.0
effort:
- .nan
- .nan
---
header:
  stamp:
    sec: 1791158871
    nanosec: 395237159
  frame_id: base_link
name:
- joint_x
- joint_y
position:
- 0.0
- 0.0
velocity:
- 0.0
- 0.0
effort:
- .nan
- .nan
---
header:
  stamp:
    sec: 1791158871
    nanosec: 415214605
  frame_id: base_link
name:
- joint_x
- joint_y
position:
- 0.0
- 0.0
velocity:
- 0.0
- 0.0
effort:
- .nan
- .nan
---
header:
  stamp:
    sec: 1791158871
    nanosec: 435238217
  frame_id: base_link
name:
- joint_x
- joint_y
position:
- 0.0
- 0.0
velocity:
- 0.0
- 0.0
effort:
- .nan
- .nan
---
header:
  stamp:
    sec: 1791158871
    nanosec: 455244760
  frame_id: base_link
name:
- joint_x
- joint_y
position:
- 0.0
- 0.0
velocity:
- 0.0
- 0.0
effort:
- .nan
- .nan
---
header:
  stamp:
    sec: 1791158871
    nanosec: 475227918
  frame_id: base_link
name:
- joint_x
- joint_y
position:
- 0.0
- 0.0
velocity:
- 0.0
- 0.0
effort:
- .nan
- .nan
---
header:
  stamp:
    sec: 1791158871
    nanosec: 495232200
  frame_id: base_link
name:
- joint_x
- joint_y
position:
- 0.0
- 0.0
velocity:
- 0.0
- 0.0
effort:
- .nan
- .nan
---
header:
  stamp:
    sec: 1791158871
    nanosec: 515396476
  frame_id: base_link
name:
- joint_x
- joint_y
position:
- 0.0
- 0.0
velocity:
- 0.0
- 0.0
effort:
- .nan
- .nan
---
header:
  stamp:
    sec: 1791158871
    nanosec: 535245366
  frame_id: base_link
name:
- joint_x
- joint_y
position:
- 0.0
- 0.0
velocity:
- 0.0
- 0.0
effort:
- .nan
- .nan
---
header:
  stamp:
    sec: 1791158871
    nanosec: 555249897
  frame_id: base_link
name:
- joint_x
- joint_y
position:
- 0.0
- 0.0
velocity:
- 0.0
- 0.0
effort:
- .nan
- .nan
---
header:
  stamp:
    sec: 1791158871
    nanosec: 575253874
  frame_id: base_link
name:
- joint_x
- joint_y
position:
- 0.0
- 0.0
velocity:
- 0.0
- 0.0
effort:
- .nan
- .nan
---
header:
  stamp:
    sec: 1791158871
    nanosec: 595245496
  frame_id: base_link
name:
- joint_x
- joint_y
position:
- 0.0
- 0.0
velocity:
- 0.0
- 0.0
effort:
- .nan
- .nan
---
header:
  stamp:
    sec: 1791158871
    nanosec: 615254193
  frame_id: base_link
name:
- joint_x
- joint_y
position:
- 0.0
- 0.0
velocity:
- 0.0
- 0.0
effort:
- .nan
- .nan
---
header:
  stamp:
    sec: 1791158871
    nanosec: 635249962
  frame_id: base_link
name:
- joint_x
- joint_y
position:
- 0.0
- 0.0
velocity:
- 0.0
- 0.0
effort:
- .nan
- .nan
---
header:
  stamp:
    sec: 1791158871
    nanosec: 655210706
  frame_id: base_link
name:
- joint_x
- joint_y
position:
- 0.0
- 0.0
velocity:
- 0.0
- 0.0
effort:
- .nan
- .nan
---
header:
  stamp:
    sec: 1791158871
    nanosec: 675210460
  frame_id: base_link
name:
- joint_x
- joint_y
position:
- 0.0
- 0.0
velocity:
- 0.0
- 0.0
effort:
- .nan
- .nan
---
header:
  stamp:
    sec: 1791158871
    nanosec: 695222898
  frame_id: base_link
name:
- joint_x
- joint_y
position:
- 0.0
- 0.0
velocity:
- 0.0
- 0.0
effort:
- .nan
- .nan
---
header:
  stamp:
    sec: 1791158871
    nanosec: 715214726
  frame_id: base_link
name:
- joint_x
- joint_y
position:
- 0.0
- 0.0
velocity:
- 0.0
- 0.0
effort:
- .nan
- .nan
---
header:
  stamp:
    sec: 1791158871
    nanosec: 735211548
  frame_id: base_link
name:
- joint_x
- joint_y
position:
- 0.0
- 0.0
velocity:
- 0.0
- 0.0
effort:
- .nan
- .nan
---
header:
  stamp:
    sec: 1791158871
    nanosec: 755221915
  frame_id: base_link
name:
- joint_x
- joint_y
position:
- 0.0
- 0.0
velocity:
- 0.0
- 0.0
effort:
- .nan
- .nan
---
header:
  stamp:
    sec: 1791158871
    nanosec: 775212076
  frame_id: base_link
name:
- joint_x
- joint_y
position:
- 0.0
- 0.0
velocity:
- 0.0
- 0.0
effort:
- .nan
- .nan
---
header:
  stamp:
    sec: 1791158871
    nanosec: 795210395
  frame_id: base_link
name:
- joint_x
- joint_y
position:
- 0.0
- 0.0
velocity:
- 0.0
- 0.0
effort:
- .nan
- .nan
---
header:
  stamp:
    sec: 1791158871
    nanosec: 815222622
  frame_id: base_link
name:
- joint_x
- joint_y
position:
- 0.0
- 0.0
velocity:
- 0.0
- 0.0
effort:
- .nan
- .nan
---
header:
  stamp:
    sec: 1791158871
    nanosec: 835224143
  frame_id: base_link
name:
- joint_x
- joint_y
position:
- 0.0
- 0.0
velocity:
- 0.0
- 0.0
effort:
- .nan
- .nan
---
header:
  stamp:
    sec: 1791158871
    nanosec: 855218185
  frame_id: base_link
name:
- joint_x
- joint_y
position:
- 1.249999968422344e-05
- 1.249999968422344e-05
velocity:
- 0.0006249999860301614
- 0.0006249999860301614
effort:
- .nan
- .nan
---
header:
  stamp:
    sec: 1791158871
    nanosec: 875238228
  frame_id: base_link
name:
- joint_x
- joint_y
position:
- 9.375000081490725e-05
- 9.375000081490725e-05
velocity:
- 0.0024999999441206455
- 0.0024999999441206455
effort:
- .nan
- .nan
---
header:
  stamp:
    sec: 1791158871
    nanosec: 895218468
  frame_id: base_link
name:
- joint_x
- joint_y
position:
- 0.00015624999650754035
- 0.00015624999650754035
velocity:
- 0.0031250000465661287
- 0.0031250000465661287
effort:
- .nan
- .nan
---
header:
  stamp:
    sec: 1791158871
    nanosec: 915231288
  frame_id: base_link
name:
- joint_x
- joint_y
position:
- 0.00023750000400468707
- 0.00023750000400468707
velocity:
- 0.004062499850988388
- 0.004062499850988388
effort:
- .nan
- .nan
---
header:
  stamp:
    sec: 1791158871
    nanosec: 935230610
  frame_id: base_link
name:
- joint_x
- joint_y
position:
- 0.0003375000087544322
- 0.0003375000087544322
velocity:
- 0.004999999888241291
- 0.004687500186264515
effort:
- .nan
- .nan
---
header:
  stamp:
    sec: 1791158871
    nanosec: 955221190
  frame_id: base_link
name:
- joint_x
- joint_y
position:
- 0.0004437500028871
- 0.0004437500028871
velocity:
- 0.0053125000558793545
- 0.005625000223517418
effort:
- .nan
- .nan
---
header:
  stamp:
    sec: 1791158871
    nanosec: 975219761
  frame_id: base_link
name:
- joint_x
- joint_y
position:
- 0.0005687500233761966
- 0.0005687500233761966
velocity:
- 0.0059523810632526875
- 0.0059523810632526875
effort:
- .nan
- .nan
---
header:
  stamp:
    sec: 1791158871
    nanosec: 995228464
  frame_id: base_link
name:
- joint_x
- joint_y
position:
- 0.0007125000120140612
- 0.0007125000120140612
velocity:
- 0.0071875001303851604
- 0.0071875001303851604
effort:
- .nan
- .nan
---
header:
  stamp:
    sec: 1791158872
    nanosec: 15216934
  frame_id: base_link
name:
- joint_x
- joint_y
position:
- 0.0008624999900348485
- 0.0008624999900348485
velocity:
- 0.007499999832361937
- 0.007499999832361937
effort:
- .nan
- .nan
---
header:
  stamp:
    sec: 1791158872
    nanosec: 35227763
  frame_id: base_link
name:
- joint_x
- joint_y
position:
- 0.0010187500156462193
- 0.0010187500156462193
velocity:
- 0.0078125
- 0.0078125
effort:
- .nan
- .nan
---
header:
  stamp:
    sec: 1791158872
    nanosec: 55229430
  frame_id: base_link
name:
- joint_x
- joint_y
position:
- 0.001193749951198697
- 0.0011874999618157744
velocity:
- 0.008750000037252903
- 0.008437500335276127
effort:
- .nan
- .nan
---
header:
  stamp:
    sec: 1791158872
    nanosec: 75217480
  frame_id: base_link
name:
- joint_x
- joint_y
position:
- 0.001587499980814755
- 0.001587499980814755
velocity:
- 0.010312500409781933
- 0.010312500409781933
effort:
- .nan
- .nan
---
header:
  stamp:
    sec: 1791158872
    nanosec: 95215731
  frame_id: base_link
name:
- joint_x
- joint_y
position:
- 0.0017937499796971679
- 0.0017937499796971679
velocity:
- 0.010312500409781933
- 0.010312500409781933
effort:
- .nan
- .nan
---
header:
  stamp:
    sec: 1791158872
    nanosec: 115222503
  frame_id: base_link
name:
- joint_x
- joint_y
position:
- 0.002012500073760748
- 0.002012500073760748
velocity:
- 0.010937499813735485
- 0.010937499813735485
effort:
- .nan
- .nan
---
header:
  stamp:
    sec: 1791158872
    nanosec: 135218930
  frame_id: base_link
name:
- joint_x
- joint_y
position:
- 0.002237499924376607
- 0.002237499924376607
velocity:
- 0.011250000447034836
- 0.011250000447034836
effort:
- .nan
- .nan
---
header:
  stamp:
    sec: 1791158872
    nanosec: 155217744
  frame_id: base_link
name:
- joint_x
- joint_y
position:
- 0.0024874999653548002
- 0.0024812500923871994
velocity:
- 0.011904762126505375
- 0.011607143096625805
effort:
- .nan
- .nan
---
header:
  stamp:
    sec: 1791158872
    nanosec: 175222534
  frame_id: base_link
name:
- joint_x
- joint_y
position:
- 0.002743750112131238
- 0.002743750112131238
velocity:
- 0.012812499888241291
- 0.013124999590218067
effort:
- .nan
- .nan
---
header:
  stamp:
    sec: 1791158872
    nanosec: 195225868
  frame_id: base_link
name:
- joint_x
- joint_y
position:
- 0.003000000026077032
- 0.003000000026077032
velocity:
- 0.012812499888241291
- 0.012812499888241291
effort:
- .nan
- .nan
---
header:
  stamp:
    sec: 1791158872
    nanosec: 215217260
  frame_id: base_link
name:
- joint_x
- joint_y
position:
- 0.0032625000458210707
- 0.0032625000458210707
velocity:
- 0.013124999590218067
- 0.013124999590218067
effort:
- .nan
- .nan
---
header:
  stamp:
    sec: 1791158872
    nanosec: 235240907
  frame_id: base_link
name:
- joint_x
- joint_y
position:
- 0.00353124993853271
- 0.00353124993853271
velocity:
- 0.013437500223517418
- 0.013437500223517418
effort:
- .nan
- .nan
---
header:
  stamp:
    sec: 1791158872
    nanosec: 255217474
  frame_id: base_link
name:
- joint_x
- joint_y
position:
- 0.0038125000428408384
- 0.0038125000428408384
velocity:
- 0.01406249962747097
- 0.01406249962747097
effort:
- .nan
- .nan
---
header:
  stamp:
    sec: 1791158872
    nanosec: 275226237
  frame_id: base_link
name:
- joint_x
- joint_y
position:
- 0.0044062500819563866
- 0.0044062500819563866
velocity:
- 0.014687499962747097
- 0.014687499962747097
effort:
- .nan
- .nan
---
header:
  stamp:
    sec: 1791158872
    nanosec: 295222244
  frame_id: base_link
name:
- joint_x
- joint_y
position:
- 0.0047125001437962055
- 0.0047125001437962055
velocity:
- 0.014999999664723873
- 0.014999999664723873
effort:
- .nan
- .nan
---
header:
  stamp:
    sec: 1791158872
    nanosec: 315221111
  frame_id: base_link
name:
- joint_x
- joint_y
position:
- 0.0050187502056360245
- 0.0050187502056360245
velocity:
- 0.015625
- 0.015625
effort:
- .nan
- .nan
---
header:
  stamp:
    sec: 1791158872
    nanosec: 335219630
  frame_id: base_link
name:
- joint_x
- joint_y
position:
- 0.005356249865144491
- 0.005350000225007534
velocity:
- 0.01607142947614193
- 0.01577381044626236
effort:
- .nan
- .nan
---
header:
  stamp:
    sec: 1791158872
    nanosec: 355216881
  frame_id: base_link
name:
- joint_x
- joint_y
position:
- 0.005693749990314245
- 0.005693749990314245
velocity:
- 0.016875000670552254
- 0.01718750037252903
effort:
- .nan
- .nan
---
header:
  stamp:
    sec: 1791158872
    nanosec: 375215654
  frame_id: base_link
name:
- joint_x
- joint_y
position:
- 0.006025000009685755
- 0.006025000009685755
velocity:
- 0.01656249910593033
- 0.01656249910593033
effort:
- .nan
- .nan
---
header:
  stamp:
    sec: 1791158872
    nanosec: 395223660
  frame_id: base_link
name:
- joint_x
- joint_y
position:
- 0.006362500134855509
- 0.006356250029057264
velocity:
- 0.016875000670552254
- 0.01656249910593033
effort:
- .nan
- .nan
---
header:
  stamp:
    sec: 1791158872
    nanosec: 415211954
  frame_id: base_link
name:
- joint_x
- joint_y
position:
- 0.0066999997943639755
- 0.00670624990016222
velocity:
- 0.016875000670552254
- 0.01718750037252903
effort:
- .nan
- .nan
---
header:
  stamp:
    sec: 1791158872
    nanosec: 435236310
  frame_id: base_link
name:
- joint_x
- joint_y
position:
- 0.0070500001311302185
- 0.0070500001311302185
velocity:
- 0.017500000074505806
- 0.017500000074505806
effort:
- .nan
- .nan
---
header:
  stamp:
    sec: 1791158872
    nanosec: 455232768
  frame_id: base_link
name:
- joint_x
- joint_y
position:
- 0.007781249936670065
- 0.0077749998308718204
velocity:
- 0.017500000074505806
- 0.017812499776482582
effort:
- .nan
- .nan
---
header:
  stamp:
    sec: 1791158872
    nanosec: 475226073
  frame_id: base_link
name:
- joint_x
- joint_y
position:
- 0.008137499913573265
- 0.008137499913573265
velocity:
- 0.018124999478459358
- 0.018124999478459358
effort:
- .nan
- .nan
---
header:
  stamp:
    sec: 1791158872
    nanosec: 495231938
  frame_id: base_link
name:
- joint_x
- joint_y
position:
- 0.008506249636411667
- 0.008506249636411667
velocity:
- 0.018437499180436134
- 0.018124999478459358
effort:
- .nan
- .nan
---
header:
  stamp:
    sec: 1791158872
    nanosec: 515222331
  frame_id: base_link
name:
- joint_x
- joint_y
position:
- 0.008899999782443047
- 0.008893749676644802
velocity:
- 0.01875000074505806
- 0.01875000074505806
effort:
- .nan
- .nan
---
header:
  stamp:
    sec: 1791158872
    nanosec: 535231110
  frame_id: base_link
name:
- joint_x
- joint_y
position:
- 0.00930000003427267
- 0.009293749928474426
velocity:
- 0.019687499850988388
- 0.019999999552965164
effort:
- .nan
- .nan
---
header:
  stamp:
    sec: 1791158872
    nanosec: 555219741
  frame_id: base_link
name:
- joint_x
- joint_y
position:
- 0.009674999862909317
- 0.009674999862909317
velocity:
- 0.019062500447034836
- 0.01875000074505806
effort:
- .nan
- .nan
---
header:
  stamp:
    sec: 1791158872
    nanosec: 575228733
  frame_id: base_link
name:
- joint_x
- joint_y
position:
- 0.010062499903142452
- 0.010056249797344208
velocity:
- 0.019062500447034836
- 0.019375000149011612
effort:
- .nan
- .nan
---
header:
  stamp:
    sec: 1791158872
    nanosec: 595223956
  frame_id: base_link
name:
- joint_x
- joint_y
position:
- 0.010449999943375587
- 0.010443749837577343
velocity:
- 0.019375000149011612
- 0.019062500447034836
effort:
- .nan
- .nan
---
header:
  stamp:
    sec: 1791158872
    nanosec: 615240657
  frame_id: base_link
name:
- joint_x
- joint_y
position:
- 0.010837499983608723
- 0.010831249877810478
velocity:
- 0.019375000149011612
- 0.019687499850988388
effort:
- .nan
- .nan
---
header:
  stamp:
    sec: 1791158872
    nanosec: 635225359
  frame_id: base_link
name:
- joint_x
- joint_y
position:
- 0.011250000447034836
- 0.011243750341236591
velocity:
- 0.01994047686457634
- 0.01964285783469677
effort:
- .nan
- .nan
---
header:
  stamp:
    sec: 1791158872
    nanosec: 655234413
  frame_id: base_link
name:
- joint_x
- joint_y
position:
- 0.012031249701976776
- 0.012031249701976776
velocity:
- 0.02003205195069313
- 0.02003205195069313
effort:
- .nan
- .nan
---
header:
  stamp:
    sec: 1791158872
    nanosec: 675217865
  frame_id: base_link
name:
- joint_x
- joint_y
position:
- 0.0124312499538064
- 0.0124312499538064
velocity:
- 0.019999999552965164
- 0.019999999552965164
effort:
- .nan
- .nan
---
header:
  stamp:
    sec: 1791158872
    nanosec: 695220963
  frame_id: base_link
name:
- joint_x
- joint_y
position:
- 0.012856249697506428
- 0.012849999591708183
velocity:
- 0.021250000223517418
- 0.021250000223517418
effort:
- .nan
- .nan
---
header:
  stamp:
    sec: 1791158872
    nanosec: 715250509
  frame_id: base_link
name:
- joint_x
- joint_y
position:
- 0.013256249949336052
- 0.013249999843537807
velocity:
- 0.019999999552965164
- 0.019999999552965164
effort:
- .nan
- .nan
---
header:
  stamp:
    sec: 1791158872
    nanosec: 735217448
  frame_id: base_link
name:
- joint_x
- joint_y
position:
- 0.013656250201165676
- 0.013656250201165676
velocity:
- 0.019999999552965164
- 0.02031249925494194
effort:
- .nan
- .nan
---
header:
  stamp:
    sec: 1791158872
    nanosec: 755216616
  frame_id: base_link
name:
- joint_x
- joint_y
position:
- 0.01406249962747097
- 0.0140562504529953
velocity:
- 0.019999999552965164
- 0.019999999552965164
effort:
- .nan
- .nan
---
header:
  stamp:
    sec: 1791158872
    nanosec: 775223305
  frame_id: base_link
name:
- joint_x
- joint_y
position:
- 0.014462499879300594
- 0.014462499879300594
velocity:
- 0.019999999552965164
- 0.02031249925494194
effort:
- .nan
- .nan
---
header:
  stamp:
    sec: 1791158872
    nanosec: 795232108
  frame_id: base_link
name:
- joint_x
- joint_y
position:
- 0.014887499623000622
- 0.014887499623000622
velocity:
- 0.02053571492433548
- 0.02023809589445591
effort:
- .nan
- .nan
---
header:
  stamp:
    sec: 1791158872
    nanosec: 815220153
  frame_id: base_link
name:
- joint_x
- joint_y
position:
- 0.015312500298023224
- 0.015312500298023224
velocity:
- 0.021250000223517418
- 0.020937500521540642
effort:
- .nan
- .nan
---
header:
  stamp:
    sec: 1791158872
    nanosec: 835233354
  frame_id: base_link
name:
- joint_x
- joint_y
position:
- 0.016112500801682472
- 0.016112500801682472
velocity:
- 0.019999999552965164
- 0.019999999552965164
effort:
- .nan
- .nan
---
header:
  stamp:
    sec: 1791158872
    nanosec: 855243144
  frame_id: base_link
name:
- joint_x
- joint_y
position:
- 0.01651874929666519
- 0.01651874929666519
velocity:
- 0.02031249925494194
- 0.019999999552965164
effort:
- .nan
- .nan
---
header:
  stamp:
    sec: 1791158872
    nanosec: 875240901
  frame_id: base_link
name:
- joint_x
- joint_y
position:
- 0.01694375090301037
- 0.01694375090301037
velocity:
- 0.02023809589445591
- 0.02053571492433548
effort:
- .nan
- .nan
---
header:
  stamp:
    sec: 1791158872
    nanosec: 895225722
  frame_id: base_link
name:
- joint_x
- joint_y
position:
- 0.017362499609589577
- 0.017362499609589577
velocity:
- 0.020937500521540642
- 0.020937500521540642
effort:
- .nan
- .nan
---
header:
  stamp:
    sec: 1791158872
    nanosec: 915203252
  frame_id: base_link
name:
- joint_x
- joint_y
position:
- 0.017762500792741776
- 0.017756249755620956
velocity:
- 0.019999999552965164
- 0.019687499850988388
effort:
- .nan
- .nan
---
header:
  stamp:
    sec: 1791158872
    nanosec: 935224144
  frame_id: base_link
name:
- joint_x
- joint_y
position:
- 0.018156249076128006
- 0.018156249076128006
velocity:
- 0.019687499850988388
- 0.019999999552965164
effort:
- .nan
- .nan
---
header:
  stamp:
    sec: 1791158872
    nanosec: 955224253
  frame_id: base_link
name:
- joint_x
- joint_y
position:
- 0.018556250259280205
- 0.018549999222159386
velocity:
- 0.019999999552965164
- 0.019687499850988388
effort:
- .nan
- .nan
---
header:
  stamp:
    sec: 1791158872
    nanosec: 975217372
  frame_id: base_link
name:
- joint_x
- joint_y
position:
- 0.018950000405311584
- 0.018943749368190765
velocity:
- 0.019687499850988388
- 0.019687499850988388
effort:
- .nan
- .nan
---
header:
  stamp:
    sec: 1791158872
    nanosec: 995216611
  frame_id: base_link
name:
- joint_x
- joint_y
position:
- 0.019356250762939453
- 0.019356250762939453
velocity:
- 0.02031249925494194
- 0.020625000819563866
effort:
- .nan
- .nan
---
header:
  stamp:
    sec: 1791158873
    nanosec: 15243261
  frame_id: base_link
name:
- joint_x
- joint_y
position:
- 0.020124999806284904
- 0.020118750631809235
velocity:
- 0.019062500447034836
- 0.019062500447034836
effort:
- .nan
- .nan
---
header:
  stamp:
    sec: 1791158873
    nanosec: 35219767
  frame_id: base_link
name:
- joint_x
- joint_y
position:
- 0.020506249740719795
- 0.020506249740719795
velocity:
- 0.019062500447034836
- 0.019062500447034836
effort:
- .nan
- .nan
---
header:
  stamp:
    sec: 1791158873
    nanosec: 55217976
  frame_id: base_link
name:
- joint_x
- joint_y
position:
- 0.020906250923871994
- 0.020906250923871994
velocity:
- 0.019999999552965164
- 0.02031249925494194
effort:
- .nan
- .nan
---
header:
  stamp:
    sec: 1791158873
    nanosec: 75225429
  frame_id: base_link
name:
- joint_x
- joint_y
position:
- 0.021275000646710396
- 0.021275000646710396
velocity:
- 0.018437499180436134
- 0.018437499180436134
effort:
- .nan
- .nan
---
header:
  stamp:
    sec: 1791158873
    nanosec: 95234394
  frame_id: base_link
name:
- joint_x
- joint_y
position:
- 0.021643750369548798
- 0.021643750369548798
velocity:
- 0.018437499180436134
- 0.018437499180436134
effort:
- .nan
- .nan
---
header:
  stamp:
    sec: 1791158873
    nanosec: 115245341
  frame_id: base_link
name:
- joint_x
- joint_y
position:
- 0.0220125000923872
- 0.0220125000923872
velocity:
- 0.018437499180436134
- 0.018437499180436134
effort:
- .nan
- .nan
---
header:
  stamp:
    sec: 1791158873
    nanosec: 135229689
  frame_id: base_link
name:
- joint_x
- joint_y
position:
- 0.02237500064074993
- 0.02237500064074993
velocity:
- 0.018124999478459358
- 0.018124999478459358
effort:
- .nan
- .nan
---
header:
  stamp:
    sec: 1791158873
    nanosec: 155217484
  frame_id: base_link
name:
- joint_x
- joint_y
position:
- 0.022731250151991844
- 0.022731250151991844
velocity:
- 0.017812499776482582
- 0.017812499776482582
effort:
- .nan
- .nan
---
header:
  stamp:
    sec: 1791158873
    nanosec: 175217801
  frame_id: base_link
name:
- joint_x
- joint_y
position:
- 0.023099999874830246
- 0.023093750700354576
velocity:
- 0.018437499180436134
- 0.018124999478459358
effort:
- .nan
- .nan
---
header:
  stamp:
    sec: 1791158873
    nanosec: 195227579
  frame_id: base_link
name:
- joint_x
- joint_y
position:
- 0.023775000125169754
- 0.023775000125169754
velocity:
- 0.01656249910593033
- 0.01656249910593033
effort:
- .nan
- .nan
---
header:
  stamp:
    sec: 1791158873
    nanosec: 215223946
  frame_id: base_link
name:
- joint_x
- joint_y
position:
- 0.024112500250339508
- 0.02410624921321869
velocity:
- 0.016875000670552254
- 0.01656249910593033
effort:
- .nan
- .nan
---
header:
  stamp:
    sec: 1791158873
    nanosec: 235227007
  frame_id: base_link
name:
- joint_x
- joint_y
position:
- 0.024456249549984932
- 0.024450000375509262
velocity:
- 0.01718750037252903
- 0.01718750037252903
effort:
- .nan
- .nan
---
header:
  stamp:
    sec: 1791158873
    nanosec: 255217016
  frame_id: base_link
name:
- joint_x
- joint_y
position:
- 0.024775000289082527
- 0.024768749251961708
velocity:
- 0.015937499701976776
- 0.015937499701976776
effort:
- .nan
- .nan
---
header:
  stamp:
    sec: 1791158873
    nanosec: 275296040
  frame_id: base_link
name:
- joint_x
- joint_y
position:
- 0.025087499991059303
- 0.025087499991059303
velocity:
- 0.015625
- 0.015937499701976776
effort:
- .nan
- .nan
---
header:
  stamp:
    sec: 1791158873
    nanosec: 295219627
  frame_id: base_link
name:
- joint_x
- joint_y
position:
- 0.02539375051856041
- 0.02539375051856041
velocity:
- 0.015312500298023224
- 0.015312500298023224
effort:
- .nan
- .nan
---
header:
  stamp:
    sec: 1791158873
    nanosec: 315214274
  frame_id: base_link
name:
- joint_x
- joint_y
position:
- 0.025693750008940697
- 0.025693750008940697
velocity:
- 0.014999999664723873
- 0.014999999664723873
effort:
- .nan
- .nan
---
header:
  stamp:
    sec: 1791158873
    nanosec: 335225840
  frame_id: base_link
name:
- joint_x
- joint_y
position:
- 0.026000000536441803
- 0.026000000536441803
velocity:
- 0.015312500298023224
- 0.015312500298023224
effort:
- .nan
- .nan
---
header:
  stamp:
    sec: 1791158873
    nanosec: 355228407
  frame_id: base_link
name:
- joint_x
- joint_y
position:
- 0.0262874998152256
- 0.0262874998152256
velocity:
- 0.01406249962747097
- 0.01406249962747097
effort:
- .nan
- .nan
---
header:
  stamp:
    sec: 1791158873
    nanosec: 375257163
  frame_id: base_link
name:
- joint_x
- joint_y
position:
- 0.02682499960064888
- 0.02682499960064888
velocity:
- 0.013124999590218067
- 0.013124999590218067
effort:
- .nan
- .nan
---
header:
  stamp:
    sec: 1791158873
    nanosec: 395217941
  frame_id: base_link
name:
- joint_x
- joint_y
position:
- 0.02710000053048134
- 0.02710000053048134
velocity:
- 0.013749999925494194
- 0.013749999925494194
effort:
- .nan
- .nan
---
header:
  stamp:
    sec: 1791158873
    nanosec: 415243459
  frame_id: base_link
name:
- joint_x
- joint_y
position:
- 0.02734999917447567
- 0.02734999917447567
velocity:
- 0.012500000186264515
- 0.012500000186264515
effort:
- .nan
- .nan
---
header:
  stamp:
    sec: 1791158873
    nanosec: 435248895
  frame_id: base_link
name:
- joint_x
- joint_y
position:
- 0.02759375050663948
- 0.02759375050663948
velocity:
- 0.012187499552965164
- 0.012187499552965164
effort:
- .nan
- .nan
---
header:
  stamp:
    sec: 1791158873
    nanosec: 455223720
  frame_id: base_link
name:
- joint_x
- joint_y
position:
- 0.027824999764561653
- 0.027824999764561653
velocity:
- 0.011562500149011612
- 0.011562500149011612
effort:
- .nan
- .nan
---
header:
  stamp:
    sec: 1791158873
    nanosec: 475236158
  frame_id: base_link
name:
- joint_x
- joint_y
position:
- 0.028049999848008156
- 0.028049999848008156
velocity:
- 0.010937499813735485
- 0.010937499813735485
effort:
- .nan
- .nan
---
header:
  stamp:
    sec: 1791158873
    nanosec: 495245882
  frame_id: base_link
name:
- joint_x
- joint_y
position:
- 0.02827499993145466
- 0.02827499993145466
velocity:
- 0.011011905036866665
- 0.011011905036866665
effort:
- .nan
- .nan
---
header:
  stamp:
    sec: 1791158873
    nanosec: 515226235
  frame_id: base_link
name:
- joint_x
- joint_y
position:
- 0.028487499803304672
- 0.028487499803304672
velocity:
- 0.010625000111758709
- 0.010625000111758709
effort:
- .nan
- .nan
---
header:
  stamp:
    sec: 1791158873
    nanosec: 535231298
  frame_id: base_link
name:
- joint_x
- joint_y
position:
- 0.028674999251961708
- 0.028681250289082527
velocity:
- 0.00937500037252903
- 0.00937500037252903
effort:
- .nan
- .nan
---
header:
  stamp:
    sec: 1791158873
    nanosec: 555233511
  frame_id: base_link
name:
- joint_x
- joint_y
position:
- 0.028862500563263893
- 0.028862500563263893
velocity:
- 0.009062499739229679
- 0.009062499739229679
effort:
- .nan
- .nan
---
header:
  stamp:
    sec: 1791158873
    nanosec: 575229354
  frame_id: base_link
name:
- joint_x
- joint_y
position:
- 0.029200000688433647
- 0.029193749651312828
velocity:
- 0.008124999701976776
- 0.008124999701976776
effort:
- .nan
- .nan
---
header:
  stamp:
    sec: 1791158873
    nanosec: 595227128
  frame_id: base_link
name:
- joint_x
- joint_y
position:
- 0.029343750327825546
- 0.029343750327825546
velocity:
- 0.007499999832361937
- 0.007499999832361937
effort:
- .nan
- .nan
---
header:
  stamp:
    sec: 1791158873
    nanosec: 615234530
  frame_id: base_link
name:
- joint_x
- joint_y
position:
- 0.029481250792741776
- 0.029481250792741776
velocity:
- 0.006874999962747097
- 0.006874999962747097
effort:
- .nan
- .nan
---
header:
  stamp:
    sec: 1791158873
    nanosec: 635233309
  frame_id: base_link
name:
- joint_x
- joint_y
position:
- 0.029606249183416367
- 0.029606249183416367
velocity:
- 0.0062500000931322575
- 0.0062500000931322575
effort:
- .nan
- .nan
---
header:
  stamp:
    sec: 1791158873
    nanosec: 655219016
  frame_id: base_link
name:
- joint_x
- joint_y
position:
- 0.029718749225139618
- 0.029718749225139618
velocity:
- 0.005625000223517418
- 0.005625000223517418
effort:
- .nan
- .nan
---
header:
  stamp:
    sec: 1791158873
    nanosec: 675221636
  frame_id: base_link
name:
- joint_x
- joint_y
position:
- 0.0298250000923872
- 0.0298250000923872
velocity:
- 0.005059523973613977
- 0.005059523973613977
effort:
- .nan
- .nan
---
header:
  stamp:
    sec: 1791158873
    nanosec: 695211467
  frame_id: base_link
name:
- joint_x
- joint_y
position:
- 0.029912499710917473
- 0.029912499710917473
velocity:
- 0.0043750000186264515
- 0.0043750000186264515
effort:
- .nan
- .nan
---
header:
  stamp:
    sec: 1791158873
    nanosec: 715216554
  frame_id: base_link
name:
- joint_x
- joint_y
position:
- 0.029987499117851257
- 0.029987499117851257
velocity:
- 0.0037499999161809683
- 0.0037499999161809683
effort:
- .nan
- .nan
---
header:
  stamp:
    sec: 1791158873
    nanosec: 735235107
  frame_id: base_link
name:
- joint_x
- joint_y
position:
- 0.030050000175833702
- 0.030050000175833702
velocity:
- 0.0031250000465661287
- 0.0031250000465661287
effort:
- .nan
- .nan
---
header:
  stamp:
    sec: 1791158873
    nanosec: 755240333
  frame_id: base_link
name:
- joint_x
- joint_y
position:
- 0.030131250619888306
- 0.030131250619888306
velocity:
- 0.0018749999580904841
- 0.0018749999580904841
effort:
- .nan
- .nan
---
header:
  stamp:
    sec: 1791158873
    nanosec: 775225986
  frame_id: base_link
name:
- joint_x
- joint_y
position:
- 0.030150000005960464
- 0.030150000005960464
velocity:
- 0.0009374999790452421
- 0.0009374999790452421
effort:
- .nan
- .nan
---
header:
  stamp:
    sec: 1791158873
    nanosec: 795239121
  frame_id: base_link
name:
- joint_x
- joint_y
position:
- 0.030150000005960464
- 0.030150000005960464
velocity:
- 0.0
- 0.0
effort:
- .nan
- .nan
---
header:
  stamp:
    sec: 1791158873
    nanosec: 815226301
  frame_id: base_link
name:
- joint_x
- joint_y
position:
- 0.030137499794363976
- 0.030150000005960464
velocity:
- -0.0006249999860301614
- 0.0
effort:
- .nan
- .nan
---
header:
  stamp:
    sec: 1791158873
    nanosec: 835232623
  frame_id: base_link
name:
- joint_x
- joint_y
position:
- 0.030112499371170998
- 0.030124999582767487
velocity:
- -0.0012499999720603228
- -0.0012499999720603228
effort:
- .nan
- .nan
---
header:
  stamp:
    sec: 1791158873
    nanosec: 855235819
  frame_id: base_link
name:
- joint_x
- joint_y
position:
- 0.03007500059902668
- 0.03008124977350235
velocity:
- -0.0018749999580904841
- -0.0021875000093132257
effort:
- .nan
- .nan
---
header:
  stamp:
    sec: 1791158873
    nanosec: 875234493
  frame_id: base_link
name:
- joint_x
- joint_y
position:
- 0.030018750578165054
- 0.030024999752640724
velocity:
- -0.002812500111758709
- -0.002812500111758709
effort:
- .nan
- .nan
---
header:
  stamp:
    sec: 1791158873
    nanosec: 895218983
  frame_id: base_link
name:
- joint_x
- joint_y
position:
- 0.02995000034570694
- 0.02995624952018261
velocity:
- -0.0034374999813735485
- -0.0034374999813735485
effort:
- .nan
- .nan
---
header:
  stamp:
    sec: 1791158873
    nanosec: 915200782
  frame_id: base_link
name:
- joint_x
- joint_y
position:
- 0.029874999076128006
- 0.029874999076128006
velocity:
- -0.0037499999161809683
- -0.0037499999161809683
effort:
- .nan
- .nan
---
header:
  stamp:
    sec: 1791158873
    nanosec: 935248144
  frame_id: base_link
name:
- joint_x
- joint_y
position:
- 0.02966875024139881
- 0.02967499941587448
velocity:
- -0.005625000223517418
- -0.005625000223517418
effort:
- .nan
- .nan
---
header:
  stamp:
    sec: 1791158873
    nanosec: 955224211
  frame_id: base_link
name:
- joint_x
- joint_y
position:
- 0.02954999916255474
- 0.02954999916255474
velocity:
- -0.005937499925494194
- -0.005937499925494194
effort:
- .nan
- .nan
---
header:
  stamp:
    sec: 1791158873
    nanosec: 975257349
  frame_id: base_link
name:
- joint_x
- joint_y
position:
- 0.02941874973475933
- 0.02941874973475933
velocity:
- -0.006562499795109034
- -0.006874999962747097
effort:
- .nan
- .nan
---
header:
  stamp:
    sec: 1791158873
    nanosec: 995215925
  frame_id: base_link
name:
- joint_x
- joint_y
position:
- 0.02927500009536743
- 0.02927500009536743
velocity:
- -0.0071875001303851604
- -0.0071875001303851604
effort:
- .nan
- .nan
---
header:
  stamp:
    sec: 1791158874
    nanosec: 15223625
  frame_id: base_link
name:
- joint_x
- joint_y
position:
- 0.029112499207258224
- 0.029112499207258224
velocity:
- -0.0077380952425301075
- -0.0077380952425301075
effort:
- .nan
- .nan
---
header:
  stamp:
    sec: 1791158874
    nanosec: 35221154
  frame_id: base_link
name:
- joint_x
- joint_y
position:
- 0.028937499970197678
- 0.028937499970197678
velocity:
- -0.008750000037252903
- -0.008750000037252903
effort:
- .nan
- .nan
---
header:
  stamp:
    sec: 1791158874
    nanosec: 55216994
  frame_id: base_link
name:
- joint_x
- joint_y
position:
- 0.02875624969601631
- 0.02876250073313713
velocity:
- -0.009062499739229679
- -0.008750000037252903
effort:
- .nan
- .nan
---
header:
  stamp:
    sec: 1791158874
    nanosec: 75219316
  frame_id: base_link
name:
- joint_x
- joint_y
position:
- 0.028568750247359276
- 0.028568750247359276
velocity:
- -0.00937500037252903
- -0.009687500074505806
effort:
- .nan
- .nan
---
header:
  stamp:
    sec: 1791158874
    nanosec: 95216823
  frame_id: base_link
name:
- joint_x
- joint_y
position:
- 0.02836875058710575
- 0.02836875058710575
velocity:
- -0.009999999776482582
- -0.009999999776482582
effort:
- .nan
- .nan
---
header:
  stamp:
    sec: 1791158874
    nanosec: 115223422
  frame_id: base_link
name:
- joint_x
- joint_y
position:
- 0.028162499889731407
- 0.028162499889731407
velocity:
- -0.010312500409781933
- -0.010312500409781933
effort:
- .nan
- .nan
---
header:
  stamp:
    sec: 1791158874
    nanosec: 135221285
  frame_id: base_link
name:
- joint_x
- joint_y
position:
- 0.027699999511241913
- 0.027699999511241913
velocity:
- -0.011562500149011612
- -0.011562500149011612
effort:
- .nan
- .nan
---
header:
  stamp:
    sec: 1791158874
    nanosec: 155215038
  frame_id: base_link
name:
- joint_x
- joint_y
position:
- 0.02745625004172325
- 0.02746249921619892
velocity:
- -0.012187499552965164
- -0.011874999850988388
effort:
- .nan
- .nan
---
header:
  stamp:
    sec: 1791158874
    nanosec: 175218777
  frame_id: base_link
name:
- joint_x
- joint_y
position:
- 0.02721250057220459
- 0.02721250057220459
velocity:
- -0.012187499552965164
- -0.012500000186264515
effort:
- .nan
- .nan
---
header:
  stamp:
    sec: 1791158874
    nanosec: 195212967
  frame_id: base_link
name:
- joint_x
- joint_y
position:
- 0.02694375067949295
- 0.02694375067949295
velocity:
- -0.012797619216144085
- -0.012797619216144085
effort:
- .nan
- .nan
---
header:
  stamp:
    sec: 1791158874
    nanosec: 215340407
  frame_id: base_link
name:
- joint_x
- joint_y
position:
- 0.026656249538064003
- 0.026662500575184822
velocity:
- -0.01406249962747097
- -0.01406249962747097
effort:
- .nan
- .nan
---
header:
  stamp:
    sec: 1791158874
    nanosec: 235218726
  frame_id: base_link
name:
- joint_x
- joint_y
position:
- 0.026381250470876694
- 0.026387499645352364
velocity:
- -0.013749999925494194
- -0.013749999925494194
effort:
- .nan
- .nan
---
header:
  stamp:
    sec: 1791158874
    nanosec: 255225546
  frame_id: base_link
name:
- joint_x
- joint_y
position:
- 0.026100000366568565
- 0.026100000366568565
velocity:
- -0.01406249962747097
- -0.01406249962747097
effort:
- .nan
- .nan
---
header:
  stamp:
    sec: 1791158874
    nanosec: 275221957
  frame_id: base_link
name:
- joint_x
- joint_y
position:
- 0.025812499225139618
- 0.025812499225139618
velocity:
- -0.014687499962747097
- -0.014687499962747097
effort:
- .nan
- .nan
---
header:
  stamp:
    sec: 1791158874
    nanosec: 295222508
  frame_id: base_link
name:
- joint_x
- joint_y
position:
- 0.02551249973475933
- 0.02551249973475933
velocity:
- -0.014687499962747097
- -0.014687499962747097
effort:
- .nan
- .nan
---
header:
  stamp:
    sec: 1791158874
    nanosec: 315230008
  frame_id: base_link
name:
- joint_x
- joint_y
position:
- 0.025193750858306885
- 0.025193750858306885
velocity:
- -0.015476190485060215
- -0.015476190485060215
effort:
- .nan
- .nan
---
header:
  stamp:
    sec: 1791158874
    nanosec: 335252747
  frame_id: base_link
name:
- joint_x
- joint_y
position:
- 0.024550000205636024
- 0.024550000205636024
velocity:
- -0.015937499701976776
- -0.015937499701976776
effort:
- .nan
- .nan
---
header:
  stamp:
    sec: 1791158874
    nanosec: 355242740
  frame_id: base_link
name:
- joint_x
- joint_y
position:
- 0.02422500029206276
- 0.02422500029206276
velocity:
- -0.016249999403953552
- -0.016249999403953552
effort:
- .nan
- .nan
---
header:
  stamp:
    sec: 1791158874
    nanosec: 375249750
  frame_id: base_link
name:
- joint_x
- joint_y
position:
- 0.023893749341368675
- 0.023893749341368675
velocity:
- -0.01656249910593033
- -0.01656249910593033
effort:
- .nan
- .nan
---
header:
  stamp:
    sec: 1791158874
    nanosec: 395252030
  frame_id: base_link
name:
- joint_x
- joint_y
position:
- 0.023531250655651093
- 0.023531250655651093
velocity:
- -0.017812499776482582
- -0.017812499776482582
effort:
- .nan
- .nan
---
header:
  stamp:
    sec: 1791158874
    nanosec: 415246567
  frame_id: base_link
name:
- joint_x
- joint_y
position:
- 0.02318749949336052
- 0.02318749949336052
velocity:
- -0.01718750037252903
- -0.01718750037252903
effort:
- .nan
- .nan
---
header:
  stamp:
    sec: 1791158874
    nanosec: 435226630
  frame_id: base_link
name:
- joint_x
- joint_y
position:
- 0.022843750193715096
- 0.022843750193715096
velocity:
- -0.017500000074505806
- -0.017500000074505806
effort:
- .nan
- .nan
---
header:
  stamp:
    sec: 1791158874
    nanosec: 455223841
  frame_id: base_link
name:
- joint_x
- joint_y
position:
- 0.022487500682473183
- 0.022487500682473183
velocity:
- -0.017812499776482582
- -0.017500000074505806
effort:
- .nan
- .nan
---
header:
  stamp:
    sec: 1791158874
    nanosec: 475219037
  frame_id: base_link
name:
- joint_x
- joint_y
position:
- 0.02212500013411045
- 0.02212500013411045
velocity:
- -0.017812499776482582
- -0.018124999478459358
effort:
- .nan
- .nan
---
header:
  stamp:
    sec: 1791158874
    nanosec: 495221100
  frame_id: base_link
name:
- joint_x
- joint_y
position:
- 0.02174375019967556
- 0.02174375019967556
velocity:
- -0.01845238171517849
- -0.01845238171517849
effort:
- .nan
- .nan
---
header:
  stamp:
    sec: 1791158874
    nanosec: 515224375
  frame_id: base_link
name:
- joint_x
- joint_y
position:
- 0.02098749950528145
- 0.02098749950528145
velocity:
- -0.018437499180436134
- -0.01875000074505806
effort:
- .nan
- .nan
---
header:
  stamp:
    sec: 1791158874
    nanosec: 535238222
  frame_id: base_link
name:
- joint_x
- joint_y
position:
- 0.020612500607967377
- 0.020612500607967377
velocity:
- -0.01875000074505806
- -0.01875000074505806
effort:
- .nan
- .nan
---
header:
  stamp:
    sec: 1791158874
    nanosec: 555225521
  frame_id: base_link
name:
- joint_x
- joint_y
position:
- 0.020231250673532486
- 0.020231250673532486
velocity:
- -0.019062500447034836
- -0.019062500447034836
effort:
- .nan
- .nan
---
header:
  stamp:
    sec: 1791158874
    nanosec: 575223688
  frame_id: base_link
name:
- joint_x
- joint_y
position:
- 0.019825000315904617
- 0.019825000315904617
velocity:
- -0.02031249925494194
- -0.019999999552965164
effort:
- .nan
- .nan
---
header:
  stamp:
    sec: 1791158874
    nanosec: 595222785
  frame_id: base_link
name:
- joint_x
- joint_y
position:
- 0.019431250169873238
- 0.019437499344348907
velocity:
- -0.019375000149011612
- -0.019687499850988388
effort:
- .nan
- .nan
---
header:
  stamp:
    sec: 1791158874
    nanosec: 615214730
  frame_id: base_link
name:
- joint_x
- joint_y
position:
- 0.019043749198317528
- 0.019043749198317528
velocity:
- -0.019687499850988388
- -0.019375000149011612
effort:
- .nan
- .nan
---
header:
  stamp:
    sec: 1791158874
    nanosec: 635224956
  frame_id: base_link
name:
- joint_x
- joint_y
position:
- 0.018650000914931297
- 0.018650000914931297
velocity:
- -0.019375000149011612
- -0.019687499850988388
effort:
- .nan
- .nan
---
header:
  stamp:
    sec: 1791158874
    nanosec: 655220661
  frame_id: base_link
name:
- joint_x
- joint_y
position:
- 0.018256250768899918
- 0.018256250768899918
velocity:
- -0.019687499850988388
- -0.019687499850988388
effort:
- .nan
- .nan
---
header:
  stamp:
    sec: 1791158874
    nanosec: 675222734
  frame_id: base_link
name:
- joint_x
- joint_y
position:
- 0.01783750019967556
- 0.01783750019967556
velocity:
- -0.02023809589445591
- -0.02023809589445591
effort:
- .nan
- .nan
---
header:
  stamp:
    sec: 1791158874
    nanosec: 695286356
  frame_id: base_link
name:
- joint_x
- joint_y
position:
- 0.017418749630451202
- 0.017418749630451202
velocity:
- -0.020937500521540642
- -0.020937500521540642
effort:
- .nan
- .nan
---
header:
  stamp:
    sec: 1791158874
    nanosec: 715226116
  frame_id: base_link
name:
- joint_x
- joint_y
position:
- 0.016625000163912773
- 0.016625000163912773
velocity:
- -0.019999999552965164
- -0.019999999552965164
effort:
- .nan
- .nan
---
header:
  stamp:
    sec: 1791158874
    nanosec: 735229314
  frame_id: base_link
name:
- joint_x
- joint_y
position:
- 0.016218749806284904
- 0.016225000843405724
velocity:
- -0.02031249925494194
- -0.019999999552965164
effort:
- .nan
- .nan
---
header:
  stamp:
    sec: 1791158874
    nanosec: 755230367
  frame_id: base_link
name:
- joint_x
- joint_y
position:
- 0.015793750062584877
- 0.015793750062584877
velocity:
- -0.021250000223517418
- -0.021250000223517418
effort:
- .nan
- .nan
---
header:
  stamp:
    sec: 1791158874
    nanosec: 775218896
  frame_id: base_link
name:
- joint_x
- joint_y
position:
- 0.015387499704957008
- 0.015387499704957008
velocity:
- -0.019999999552965164
- -0.02031249925494194
effort:
- .nan
- .nan
---
header:
  stamp:
    sec: 1791158874
    nanosec: 795218260
  frame_id: base_link
name:
- joint_x
- joint_y
position:
- 0.014987500384449959
- 0.014987500384449959
velocity:
- -0.019999999552965164
- -0.019999999552965164
effort:
- .nan
- .nan
---
header:
  stamp:
    sec: 1791158874
    nanosec: 815244647
  frame_id: base_link
name:
- joint_x
- joint_y
position:
- 0.01458125002682209
- 0.01458125002682209
velocity:
- -0.02031249925494194
- -0.02031249925494194
effort:
- .nan
- .nan
---
header:
  stamp:
    sec: 1791158874
    nanosec: 835231110
  frame_id: base_link
name:
- joint_x
- joint_y
position:
- 0.014181249774992466
- 0.014181249774992466
velocity:
- -0.02031249925494194
- -0.02031249925494194
effort:
- .nan
- .nan
---
header:
  stamp:
    sec: 1791158874
    nanosec: 855222951
  frame_id: base_link
name:
- joint_x
- joint_y
position:
- 0.013756250031292439
- 0.013756250031292439
velocity:
- -0.02023809589445591
- -0.02023809589445591
effort:
- .nan
- .nan
---
header:
  stamp:
    sec: 1791158874
    nanosec: 875223753
  frame_id: base_link
name:
- joint_x
- joint_y
position:
- 0.013331250287592411
- 0.013331250287592411
velocity:
- -0.021250000223517418
- -0.020937500521540642
effort:
- .nan
- .nan
---
header:
  stamp:
    sec: 1791158874
    nanosec: 895225892
  frame_id: base_link
name:
- joint_x
- joint_y
position:
- 0.012537499889731407
- 0.012537499889731407
velocity:
- -0.019999999552965164
- -0.019687499850988388
effort:
- .nan
- .nan
---
header:
  stamp:
    sec: 1791158874
    nanosec: 915220325
  frame_id: base_link
name:
- joint_x
- joint_y
position:
- 0.012137499637901783
- 0.012137499637901783
velocity:
- -0.019999999552965164
- -0.019999999552965164
effort:
- .nan
- .nan
---
header:
  stamp:
    sec: 1791158874
    nanosec: 935227315
  frame_id: base_link
name:
- joint_x
- joint_y
position:
- 0.01171875
- 0.01171875
velocity:
- -0.020937500521540642
- -0.020937500521540642
effort:
- .nan
- .nan
---
header:
  stamp:
    sec: 1791158874
    nanosec: 955216737
  frame_id: base_link
name:
- joint_x
- joint_y
position:
- 0.01132499985396862
- 0.01132499985396862
velocity:
- -0.019687499850988388
- -0.019687499850988388
effort:
- .nan
- .nan
---
header:
  stamp:
    sec: 1791158874
    nanosec: 975219781
  frame_id: base_link
name:
- joint_x
- joint_y
position:
- 0.010937499813735485
- 0.01093124970793724
velocity:
- -0.019375000149011612
- -0.019375000149011612
effort:
- .nan
- .nan
---
header:
  stamp:
    sec: 1791158874
    nanosec: 995217038
  frame_id: base_link
name:
- joint_x
- joint_y
position:
- 0.010543749667704105
- 0.010543749667704105
velocity:
- -0.019687499850988388
- -0.019687499850988388
effort:
- .nan
- .nan
---
header:
  stamp:
    sec: 1791158875
    nanosec: 15218049
  frame_id: base_link
name:
- joint_x
- joint_y
position:
- 0.01015624962747097
- 0.01015624962747097
velocity:
- -0.019375000149011612
- -0.019375000149011612
effort:
- .nan
- .nan
---
header:
  stamp:
    sec: 1791158875
    nanosec: 35231499
  frame_id: base_link
name:
- joint_x
- joint_y
position:
- 0.009750000201165676
- 0.009750000201165676
velocity:
- -0.019999999552965164
- -0.02031249925494194
effort:
- .nan
- .nan
---
header:
  stamp:
    sec: 1791158875
    nanosec: 55221377
  frame_id: base_link
name:
- joint_x
- joint_y
position:
- 0.00937500037252903
- 0.00937500037252903
velocity:
- -0.019062500447034836
- -0.01875000074505806
effort:
- .nan
- .nan
---
header:
  stamp:
    sec: 1791158875
    nanosec: 75226177
  frame_id: base_link
name:
- joint_x
- joint_y
position:
- 0.008631249889731407
- 0.008631249889731407
velocity:
- -0.018437499180436134
- -0.018437499180436134
effort:
- .nan
- .nan
---
header:
  stamp:
    sec: 1791158875
    nanosec: 95221805
  frame_id: base_link
name:
- joint_x
- joint_y
position:
- 0.008237499743700027
- 0.008243749849498272
velocity:
- -0.01875000074505806
- -0.01845238171517849
effort:
- .nan
- .nan
---
header:
  stamp:
    sec: 1791158875
    nanosec: 115217438
  frame_id: base_link
name:
- joint_x
- joint_y
position:
- 0.007856249809265137
- 0.007856249809265137
velocity:
- -0.019062500447034836
- -0.019375000149011612
effort:
- .nan
- .nan
---
header:
  stamp:
    sec: 1791158875
    nanosec: 135216212
  frame_id: base_link
name:
- joint_x
- joint_y
position:
- 0.007499999832361937
- 0.007499999832361937
velocity:
- -0.017812499776482582
- -0.017812499776482582
effort:
- .nan
- .nan
---
header:
  stamp:
    sec: 1791158875
    nanosec: 155224637
  frame_id: base_link
name:
- joint_x
- joint_y
position:
- 0.007143749855458736
- 0.007143749855458736
velocity:
- -0.017812499776482582
- -0.017812499776482582
effort:
- .nan
- .nan
---
header:
  stamp:
    sec: 1791158875
    nanosec: 175231987
  frame_id: base_link
name:
- joint_x
- joint_y
position:
- 0.006793749984353781
- 0.006800000090152025
velocity:
- -0.017500000074505806
- -0.01718750037252903
effort:
- .nan
- .nan
---
header:
  stamp:
    sec: 1791158875
    nanosec: 195223724
  frame_id: base_link
name:
- joint_x
- joint_y
position:
- 0.0064500002190470695
- 0.006456249859184027
velocity:
- -0.01718750037252903
- -0.01718750037252903
effort:
- .nan
- .nan
---
header:
  stamp:
    sec: 1791158875
    nanosec: 215225678
  frame_id: base_link
name:
- joint_x
- joint_y
position:
- 0.006093749776482582
- 0.006099999882280827
velocity:
- -0.017500000074505806
- -0.017812499776482582
effort:
- .nan
- .nan
---
header:
  stamp:
    sec: 1791158875
    nanosec: 235234532
  frame_id: base_link
name:
- joint_x
- joint_y
position:
- 0.005768749862909317
- 0.005768749862909317
velocity:
- -0.01656249910593033
- -0.01656249910593033
effort:
- .nan
- .nan
---
header:
  stamp:
    sec: 1791158875
    nanosec: 255231941
  frame_id: base_link
name:
- joint_x
- joint_y
position:
- 0.005125000141561031
- 0.005125000141561031
velocity:
- -0.015937499701976776
- -0.015625
effort:
- .nan
- .nan
---
header:
  stamp:
    sec: 1791158875
    nanosec: 275224911
  frame_id: base_link
name:
- joint_x
- joint_y
position:
- 0.004800000227987766
- 0.004800000227987766
velocity:
- -0.015476190485060215
- -0.01577381044626236
effort:
- .nan
- .nan
---
header:
  stamp:
    sec: 1791158875
    nanosec: 295222343
  frame_id: base_link
name:
- joint_x
- joint_y
position:
- 0.004481249954551458
- 0.004481249954551458
velocity:
- -0.015937499701976776
- -0.015937499701976776
effort:
- .nan
- .nan
---
header:
  stamp:
    sec: 1791158875
    nanosec: 315232178
  frame_id: base_link
name:
- joint_x
- joint_y
position:
- 0.004181249998509884
- 0.004187500104308128
velocity:
- -0.014999999664723873
- -0.014687499962747097
effort:
- .nan
- .nan
---
header:
  stamp:
    sec: 1791158875
    nanosec: 335217702
  frame_id: base_link
name:
- joint_x
- joint_y
position:
- 0.0038937500212341547
- 0.0038937500212341547
velocity:
- -0.014375000260770321
- -0.014687499962747097
effort:
- .nan
- .nan
---
header:
  stamp:
    sec: 1791158875
    nanosec: 355228347
  frame_id: base_link
name:
- joint_x
- joint_y
position:
- 0.0036124999169260263
- 0.0036124999169260263
velocity:
- -0.01406249962747097
- -0.01406249962747097
effort:
- .nan
- .nan
---
header:
  stamp:
    sec: 1791158875
    nanosec: 375236009
  frame_id: base_link
name:
- joint_x
- joint_y
position:
- 0.0033374999184161425
- 0.003343750024214387
velocity:
- -0.013749999925494194
- -0.013437500223517418
effort:
- .nan
- .nan
---
header:
  stamp:
    sec: 1791158875
    nanosec: 395221393
  frame_id: base_link
name:
- joint_x
- joint_y
position:
- 0.0030562500469386578
- 0.0030624999199062586
velocity:
- -0.013749999925494194
- -0.01406249962747097
effort:
- .nan
- .nan
---
header:
  stamp:
    sec: 1791158875
    nanosec: 415227423
  frame_id: base_link
name:
- joint_x
- joint_y
position:
- 0.00279999990016222
- 0.0028062500059604645
velocity:
- -0.012812499888241291
- -0.012812499888241291
effort:
- .nan
- .nan
---
header:
  stamp:
    sec: 1791158875
    nanosec: 435214957
  frame_id: base_link
name:
- joint_x
- joint_y
position:
- 0.002556249964982271
- 0.002556249964982271
velocity:
- -0.012500000186264515
- -0.012500000186264515
effort:
- .nan
- .nan
---
header:
  stamp:
    sec: 1791158875
    nanosec: 455237100
  frame_id: base_link
name:
- joint_x
- joint_y
position:
- 0.002081250073388219
- 0.002081250073388219
velocity:
- -0.011309524066746235
- -0.011607143096625805
effort:
- .nan
- .nan
---
header:
  stamp:
    sec: 1791158875
    nanosec: 475226281
  frame_id: base_link
name:
- joint_x
- joint_y
position:
- 0.0018500000005587935
- 0.0018500000005587935
velocity:
- -0.011562500149011612
- -0.011562500149011612
effort:
- .nan
- .nan
---
header:
  stamp:
    sec: 1791158875
    nanosec: 495212555
  frame_id: base_link
name:
- joint_x
- joint_y
position:
- 0.0016437500016763806
- 0.0016437500016763806
velocity:
- -0.010312500409781933
- -0.010312500409781933
effort:
- .nan
- .nan
---
header:
  stamp:
    sec: 1791158875
    nanosec: 515219309
  frame_id: base_link
name:
- joint_x
- joint_y
position:
- 0.0014437499921768904
- 0.0014437499921768904
velocity:
- -0.009999999776482582
- -0.009999999776482582
effort:
- .nan
- .nan
---
header:
  stamp:
    sec: 1791158875
    nanosec: 535236074
  frame_id: base_link
name:
- joint_x
- joint_y
position:
- 0.0012562499614432454
- 0.0012562499614432454
velocity:
- -0.00937500037252903
- -0.00937500037252903
effort:
- .nan
- .nan
---
header:
  stamp:
    sec: 1791158875
    nanosec: 555217417
  frame_id: base_link
name:
- joint_x
- joint_y
position:
- 0.001075000036507845
- 0.001075000036507845
velocity:
- -0.009062499739229679
- -0.009062499739229679
effort:
- .nan
- .nan
---
header:
  stamp:
    sec: 1791158875
    nanosec: 575221955
  frame_id: base_link
name:
- joint_x
- joint_y
position:
- 0.0008999999845400453
- 0.0008999999845400453
velocity:
- -0.008750000037252903
- -0.008750000037252903
effort:
- .nan
- .nan
---
header:
  stamp:
    sec: 1791158875
    nanosec: 595227990
  frame_id: base_link
name:
- joint_x
- joint_y
position:
- 0.0007437500171363354
- 0.0007437500171363354
velocity:
- -0.007499999832361937
- -0.007499999832361937
effort:
- .nan
- .nan
---
header:
  stamp:
    sec: 1791158875
    nanosec: 615220375
  frame_id: base_link
name:
- joint_x
- joint_y
position:
- 0.0006000000284984708
- 0.0006000000284984708
velocity:
- -0.007499999832361937
- -0.007499999832361937
effort:
- .nan
- .nan
---
header:
  stamp:
    sec: 1791158875
    nanosec: 635255112
  frame_id: base_link
name:
- joint_x
- joint_y
position:
- 0.00046874998952262104
- 0.00046874998952262104
velocity:
- -0.006562499795109034
- -0.006562499795109034
effort:
- .nan
- .nan
---
header:
  stamp:
    sec: 1791158875
    nanosec: 655275676
  frame_id: base_link
name:
- joint_x
- joint_y
position:
- 0.00023750000400468707
- 0.00023750000400468707
velocity:
- -0.0053125000558793545
- -0.0053125000558793545
effort:
- .nan
- .nan
---
header:
  stamp:
    sec: 1791158875
    nanosec: 675316317
  frame_id: base_link
name:
- joint_x
- joint_y
position:
- 0.00014375000318977982
- 0.00014375000318977982
velocity:
- -0.004687500186264515
- -0.004687500186264515
effort:
- .nan
- .nan
---
header:
  stamp:
    sec: 1791158875
    nanosec: 695256226
  frame_id: base_link
name:
- joint_x
- joint_y
position:
- 6.25000029685907e-05
- 6.25000029685907e-05
velocity:
- -0.004062499850988388
- -0.004062499850988388
effort:
- .nan
- .nan
---
header:
  stamp:
    sec: 1791158875
    nanosec: 715235337
  frame_id: base_link
name:
- joint_x
- joint_y
position:
- -6.24999984211172e-06
- -6.24999984211172e-06
velocity:
- -0.0034374999813735485
- -0.0034374999813735485
effort:
- .nan
- .nan
---
header:
  stamp:
    sec: 1791158875
    nanosec: 735263670
  frame_id: base_link
name:
- joint_x
- joint_y
position:
- -6.874999962747097e-05
- -6.874999962747097e-05
velocity:
- -0.0029761905316263437
- -0.0029761905316263437
effort:
- .nan
- .nan
---
header:
  stamp:
    sec: 1791158875
    nanosec: 755252803
  frame_id: base_link
name:
- joint_x
- joint_y
position:
- -0.00011249999806750566
- -0.00011249999806750566
velocity:
- -0.0021875000093132257
- -0.0021875000093132257
effort:
- .nan
- .nan
---
header:
  stamp:
    sec: 1791158875
    nanosec: 775230182
  frame_id: base_link
name:
- joint_x
- joint_y
position:
- -0.00013749999925494194
- -0.00013749999925494194
velocity:
- -0.0012499999720603228
- -0.0012499999720603228
effort:
- .nan
- .nan
---
header:
  stamp:
    sec: 1791158875
    nanosec: 795218422
  frame_id: base_link
name:
- joint_x
- joint_y
position:
- -0.0001500000071246177
- -0.0001500000071246177
velocity:
- -0.0006249999860301614
- -0.0006249999860301614
effort:
- .nan
- .nan
---
header:
  stamp:
    sec: 1791158875
    nanosec: 815247922
  frame_id: base_link
name:
- joint_x
- joint_y
position:
- -0.00015624999650754035
- -0.00015624999650754035
velocity:
- -0.0003124999930150807
- -0.0003124999930150807
effort:
- .nan
- .nan
---
header:
  stamp:
    sec: 1791158875
    nanosec: 835247660
  frame_id: base_link
name:
- joint_x
- joint_y
position:
- -9.999999747378752e-05
- -9.999999747378752e-05
velocity:
- 0.0021875000093132257
- 0.0021875000093132257
effort:
- .nan
- .nan
---
header:
  stamp:
    sec: 1791158875
    nanosec: 855219566
  frame_id: base_link
name:
- joint_x
- joint_y
position:
- -6.874999962747097e-05
- -6.874999962747097e-05
velocity:
- 0.0015625000232830644
- 0.0015625000232830644
effort:
- .nan
- .nan
---
header:
  stamp:
    sec: 1791158875
    nanosec: 875219716
  frame_id: base_link
name:
- joint_x
- joint_y
position:
- 0.0
- 0.0
velocity:
- 0.0034374999813735485
- 0.0034374999813735485
effort:
- .nan
- .nan
---
header:
  stamp:
    sec: 1791158875
    nanosec: 895235136
  frame_id: base_link
name:
- joint_x
- joint_y
position:
- 0.0
- 0.0
velocity:
- 0.0
- 0.0
effort:
- .nan
- .nan
---
header:
  stamp:
    sec: 1791158875
    nanosec: 915239028
  frame_id: base_link
name:
- joint_x
- joint_y
position:
- 0.0
- 0.0
velocity:
- 0.0
- 0.0
effort:
- .nan
- .nan
---
header:
  stamp:
    sec: 1791158875
    nanosec: 935234748
  frame_id: base_link
name:
- joint_x
- joint_y
position:
- 0.0
- 0.0
velocity:
- 0.0
- 0.0
effort:
- .nan
- .nan
---
header:
  stamp:
    sec: 1791158875
    nanosec: 955219576
  frame_id: base_link
name:
- joint_x
- joint_y
position:
- 0.0
- 0.0
velocity:
- 0.0
- 0.0
effort:
- .nan
- .nan
---
header:
  stamp:
    sec: 1791158875
    nanosec: 975225712
  frame_id: base_link
name:
- joint_x
- joint_y
position:
- 0.0
- 0.0
velocity:
- 0.0
- 0.0
effort:
- .nan
- .nan
---
header:
  stamp:
    sec: 1791158875
    nanosec: 995210313
  frame_id: base_link
name:
- joint_x
- joint_y
position:
- 0.0
- 0.0
velocity:
- 0.0
- 0.0
effort:
- .nan
- .nan
---
header:
  stamp:
    sec: 1791158876
    nanosec: 15278423
  frame_id: base_link
name:
- joint_x
- joint_y
position:
- 0.0
- 0.0
velocity:
- 0.0
- 0.0
effort:
- .nan
- .nan
---
header:
  stamp:
    sec: 1791158876
    nanosec: 35258030
  frame_id: base_link
name:
- joint_x
- joint_y
position:
- 0.0
- 0.0
velocity:
- 0.0
- 0.0
effort:
- .nan
- .nan
---
header:
  stamp:
    sec: 1791158876
    nanosec: 55247681
  frame_id: base_link
name:
- joint_x
- joint_y
position:
- 0.0
- 0.0
velocity:
- 0.0
- 0.0
effort:
- .nan
- .nan
---
