A message was lost!!!
	total count change:1
	total count: 1---
header:
  stamp:
    sec: 1791164585
    nanosec: 972194221
  frame_id: base_link
name:
- joint_x
- joint_y
position:
- 0.0
- 0.0
velocity:
- 0.0
- 0.0
effort:
- .nan
- .nan
---
header:
  stamp:
    sec: 1791164585
    nanosec: 992184957
  frame_id: base_link
name:
- joint_x
- joint_y
position:
- 0.0
- 0.0
velocity:
- 0.0
- 0.0
effort:
- .nan
- .nan
---
header:
  stamp:
    sec: 1791164586
    nanosec: 12158750
  frame_id: base_link
name:
- joint_x
- joint_y
position:
- 0.0
- 0.0
velocity:
- 0.0
- 0.0
effort:
- .nan
- .nan
---
header:
  stamp:
    sec: 1791164586
    nanosec: 32158423
  frame_id: base_link
name:
- joint_x
- joint_y
position:
- 0.0
- 0.0
velocity:
- 0.0
- 0.0
effort:
- .nan
- .nan
---
header:
  stamp:
    sec: 1791164586
    nanosec: 52156599
  frame_id: base_link
name:
- joint_x
- joint_y
position:
- 0.0
- 0.0
velocity:
- 0.0
- 0.0
effort:
- .nan
- .nan
---
header:
  stamp:
    sec: 1791164586
    nanosec: 72152859
  frame_id: base_link
name:
- joint_x
- joint_y
position:
- 0.0
- 0.0
velocity:
- 0.0
- 0.0
effort:
- .nan
- .nan
---
header:
  stamp:
    sec: 1791164586
    nanosec: 92179400
  frame_id: base_link
name:
- joint_x
- joint_y
position:
- 0.0
- 0.0
velocity:
- 0.0
- 0.0
effort:
- .nan
- .nan
---
header:
  stamp:
    sec: 1791164586
    nanosec: 112153142
  frame_id: base_link
name:
- joint_x
- joint_y
position:
- 0.0
- 0.0
velocity:
- 0.0
- 0.0
effort:
- .nan
- .nan
---
header:
  stamp:
    sec: 1791164586
    nanosec: 132175259
  frame_id: base_link
name:
- joint_x
- joint_y
position:
- 0.0
- 0.0
velocity:
- 0.0
- 0.0
effort:
- .nan
- .nan
---
header:
  stamp:
    sec: 1791164586
    nanosec: 152187729
  frame_id: base_link
name:
- joint_x
- joint_y
position:
- 0.0
- 0.0
velocity:
- 0.0
- 0.0
effort:
- .nan
- .nan
---
header:
  stamp:
    sec: 1791164586
    nanosec: 172155407
  frame_id: base_link
name:
- joint_x
- joint_y
position:
- 0.0
- 0.0
velocity:
- 0.0
- 0.0
effort:
- .nan
- .nan
---
header:
  stamp:
    sec: 1791164586
    nanosec: 192163884
  frame_id: base_link
name:
- joint_x
- joint_y
position:
- 0.0
- 0.0
velocity:
- 0.0
- 0.0
effort:
- .nan
- .nan
---
header:
  stamp:
    sec: 1791164586
    nanosec: 212163950
  frame_id: base_link
name:
- joint_x
- joint_y
position:
- 0.0
- 0.0
velocity:
- 0.0
- 0.0
effort:
- .nan
- .nan
---
header:
  stamp:
    sec: 1791164586
    nanosec: 232161397
  frame_id: base_link
name:
- joint_x
- joint_y
position:
- 0.0
- 0.0
velocity:
- 0.0
- 0.0
effort:
- .nan
- .nan
---
header:
  stamp:
    sec: 1791164586
    nanosec: 252164041
  frame_id: base_link
name:
- joint_x
- joint_y
position:
- 0.0
- 0.0
velocity:
- 0.0
- 0.0
effort:
- .nan
- .nan
---
header:
  stamp:
    sec: 1791164586
    nanosec: 272162086
  frame_id: base_link
name:
- joint_x
- joint_y
position:
- 0.0
- 0.0
velocity:
- 0.0
- 0.0
effort:
- .nan
- .nan
---
header:
  stamp:
    sec: 1791164586
    nanosec: 292151652
  frame_id: base_link
name:
- joint_x
- joint_y
position:
- 0.0
- 0.0
velocity:
- 0.0
- 0.0
effort:
- .nan
- .nan
---
header:
  stamp:
    sec: 1791164586
    nanosec: 312161599
  frame_id: base_link
name:
- joint_x
- joint_y
position:
- 0.0
- 0.0
velocity:
- 0.0
- 0.0
effort:
- .nan
- .nan
---
header:
  stamp:
    sec: 1791164586
    nanosec: 332163164
  frame_id: base_link
name:
- joint_x
- joint_y
position:
- 0.0
- 0.0
velocity:
- 0.0
- 0.0
effort:
- .nan
- .nan
---
header:
  stamp:
    sec: 1791164586
    nanosec: 352163512
  frame_id: base_link
name:
- joint_x
- joint_y
position:
- 0.0
- 0.0
velocity:
- 0.0
- 0.0
effort:
- .nan
- .nan
---
header:
  stamp:
    sec: 1791164586
    nanosec: 372159225
  frame_id: base_link
name:
- joint_x
- joint_y
position:
- 0.0
- 0.0
velocity:
- 0.0
- 0.0
effort:
- .nan
- .nan
---
header:
  stamp:
    sec: 1791164586
    nanosec: 392158833
  frame_id: base_link
name:
- joint_x
- joint_y
position:
- 0.0
- 0.0
velocity:
- 0.0
- 0.0
effort:
- .nan
- .nan
---
header:
  stamp:
    sec: 1791164586
    nanosec: 412160611
  frame_id: base_link
name:
- joint_x
- joint_y
position:
- 0.0
- 0.0
velocity:
- 0.0
- 0.0
effort:
- .nan
- .nan
---
header:
  stamp:
    sec: 1791164586
    nanosec: 432167004
  frame_id: base_link
name:
- joint_x
- joint_y
position:
- 0.0
- 0.0
velocity:
- 0.0
- 0.0
effort:
- .nan
- .nan
---
header:
  stamp:
    sec: 1791164586
    nanosec: 452166941
  frame_id: base_link
name:
- joint_x
- joint_y
position:
- 0.0
- 0.0
velocity:
- 0.0
- 0.0
effort:
- .nan
- .nan
---
header:
  stamp:
    sec: 1791164586
    nanosec: 472159461
  frame_id: base_link
name:
- joint_x
- joint_y
position:
- 0.0
- 0.0
velocity:
- 0.0
- 0.0
effort:
- .nan
- .nan
---
header:
  stamp:
    sec: 1791164586
    nanosec: 492170948
  frame_id: base_link
name:
- joint_x
- joint_y
position:
- 0.0
- 0.0
velocity:
- 0.0
- 0.0
effort:
- .nan
- .nan
---
header:
  stamp:
    sec: 1791164586
    nanosec: 512183022
  frame_id: base_link
name:
- joint_x
- joint_y
position:
- 0.0
- 0.0
velocity:
- 0.0
- 0.0
effort:
- .nan
- .nan
---
header:
  stamp:
    sec: 1791164586
    nanosec: 532207151
  frame_id: base_link
name:
- joint_x
- joint_y
position:
- 0.0
- 0.0
velocity:
- 0.0
- 0.0
effort:
- .nan
- .nan
---
header:
  stamp:
    sec: 1791164586
    nanosec: 552184164
  frame_id: base_link
name:
- joint_x
- joint_y
position:
- 0.0
- 0.0
velocity:
- 0.0
- 0.0
effort:
- .nan
- .nan
---
header:
  stamp:
    sec: 1791164586
    nanosec: 572183662
  frame_id: base_link
name:
- joint_x
- joint_y
position:
- 0.0
- 0.0
velocity:
- 0.0
- 0.0
effort:
- .nan
- .nan
---
header:
  stamp:
    sec: 1791164586
    nanosec: 592187561
  frame_id: base_link
name:
- joint_x
- joint_y
position:
- 0.0
- 0.0
velocity:
- 0.0
- 0.0
effort:
- .nan
- .nan
---
header:
  stamp:
    sec: 1791164586
    nanosec: 612187226
  frame_id: base_link
name:
- joint_x
- joint_y
position:
- 0.0
- 0.0
velocity:
- 0.0
- 0.0
effort:
- .nan
- .nan
---
header:
  stamp:
    sec: 1791164586
    nanosec: 632174249
  frame_id: base_link
name:
- joint_x
- joint_y
position:
- 0.0
- 0.0
velocity:
- 0.0
- 0.0
effort:
- .nan
- .nan
---
header:
  stamp:
    sec: 1791164586
    nanosec: 652166483
  frame_id: base_link
name:
- joint_x
- joint_y
position:
- 0.0
- 0.0
velocity:
- 0.0
- 0.0
effort:
- .nan
- .nan
---
header:
  stamp:
    sec: 1791164586
    nanosec: 672175548
  frame_id: base_link
name:
- joint_x
- joint_y
position:
- 0.0
- 0.0
velocity:
- 0.0
- 0.0
effort:
- .nan
- .nan
---
header:
  stamp:
    sec: 1791164586
    nanosec: 692200928
  frame_id: base_link
name:
- joint_x
- joint_y
position:
- 0.0
- 0.0
velocity:
- 0.0
- 0.0
effort:
- .nan
- .nan
---
header:
  stamp:
    sec: 1791164586
    nanosec: 712156293
  frame_id: base_link
name:
- joint_x
- joint_y
position:
- 0.0
- 0.0
velocity:
- 0.0
- 0.0
effort:
- .nan
- .nan
---
header:
  stamp:
    sec: 1791164586
    nanosec: 732194056
  frame_id: base_link
name:
- joint_x
- joint_y
position:
- 0.0
- 0.0
velocity:
- 0.0
- 0.0
effort:
- .nan
- .nan
---
header:
  stamp:
    sec: 1791164586
    nanosec: 752162629
  frame_id: base_link
name:
- joint_x
- joint_y
position:
- 0.0
- 0.0
velocity:
- 0.0
- 0.0
effort:
- .nan
- .nan
---
header:
  stamp:
    sec: 1791164586
    nanosec: 772159531
  frame_id: base_link
name:
- joint_x
- joint_y
position:
- 0.0
- 0.0
velocity:
- 0.0
- 0.0
effort:
- .nan
- .nan
---
header:
  stamp:
    sec: 1791164586
    nanosec: 792163596
  frame_id: base_link
name:
- joint_x
- joint_y
position:
- 0.0
- 0.0
velocity:
- 0.0
- 0.0
effort:
- .nan
- .nan
---
header:
  stamp:
    sec: 1791164586
    nanosec: 812159945
  frame_id: base_link
name:
- joint_x
- joint_y
position:
- 0.0
- 0.0
velocity:
- 0.0
- 0.0
effort:
- .nan
- .nan
---
header:
  stamp:
    sec: 1791164586
    nanosec: 832161545
  frame_id: base_link
name:
- joint_x
- joint_y
position:
- 0.0
- 0.0
velocity:
- 0.0
- 0.0
effort:
- .nan
- .nan
---
header:
  stamp:
    sec: 1791164586
    nanosec: 852165272
  frame_id: base_link
name:
- joint_x
- joint_y
position:
- 0.0
- 0.0
velocity:
- 0.0
- 0.0
effort:
- .nan
- .nan
---
header:
  stamp:
    sec: 1791164586
    nanosec: 872158298
  frame_id: base_link
name:
- joint_x
- joint_y
position:
- 0.0
- 0.0
velocity:
- 0.0
- 0.0
effort:
- .nan
- .nan
---
header:
  stamp:
    sec: 1791164586
    nanosec: 892161822
  frame_id: base_link
name:
- joint_x
- joint_y
position:
- 0.0
- 0.0
velocity:
- 0.0
- 0.0
effort:
- .nan
- .nan
---
header:
  stamp:
    sec: 1791164586
    nanosec: 912160312
  frame_id: base_link
name:
- joint_x
- joint_y
position:
- 0.0
- 0.0
velocity:
- 0.0
- 0.0
effort:
- .nan
- .nan
---
header:
  stamp:
    sec: 1791164586
    nanosec: 932156412
  frame_id: base_link
name:
- joint_x
- joint_y
position:
- 0.0
- 0.0
velocity:
- 0.0
- 0.0
effort:
- .nan
- .nan
---
header:
  stamp:
    sec: 1791164586
    nanosec: 952162485
  frame_id: base_link
name:
- joint_x
- joint_y
position:
- 0.0
- 0.0
velocity:
- 0.0
- 0.0
effort:
- .nan
- .nan
---
header:
  stamp:
    sec: 1791164586
    nanosec: 972161749
  frame_id: base_link
name:
- joint_x
- joint_y
position:
- 0.0
- 0.0
velocity:
- 0.0
- 0.0
effort:
- .nan
- .nan
---
header:
  stamp:
    sec: 1791164586
    nanosec: 992169229
  frame_id: base_link
name:
- joint_x
- joint_y
position:
- 0.0
- 0.0
velocity:
- 0.0
- 0.0
effort:
- .nan
- .nan
---
header:
  stamp:
    sec: 1791164587
    nanosec: 12183930
  frame_id: base_link
name:
- joint_x
- joint_y
position:
- 0.0
- 0.0
velocity:
- 0.0
- 0.0
effort:
- .nan
- .nan
---
header:
  stamp:
    sec: 1791164587
    nanosec: 32173032
  frame_id: base_link
name:
- joint_x
- joint_y
position:
- 0.0
- 0.0
velocity:
- 0.0
- 0.0
effort:
- .nan
- .nan
---
header:
  stamp:
    sec: 1791164587
    nanosec: 52174253
  frame_id: base_link
name:
- joint_x
- joint_y
position:
- 0.0
- 0.0
velocity:
- 0.0
- 0.0
effort:
- .nan
- .nan
---
header:
  stamp:
    sec: 1791164587
    nanosec: 72181202
  frame_id: base_link
name:
- joint_x
- joint_y
position:
- 0.0
- 0.0
velocity:
- 0.0
- 0.0
effort:
- .nan
- .nan
---
header:
  stamp:
    sec: 1791164587
    nanosec: 92191340
  frame_id: base_link
name:
- joint_x
- joint_y
position:
- 0.0
- 0.0
velocity:
- 0.0
- 0.0
effort:
- .nan
- .nan
---
header:
  stamp:
    sec: 1791164587
    nanosec: 112168047
  frame_id: base_link
name:
- joint_x
- joint_y
position:
- 0.0
- 0.0
velocity:
- 0.0
- 0.0
effort:
- .nan
- .nan
---
header:
  stamp:
    sec: 1791164587
    nanosec: 132170293
  frame_id: base_link
name:
- joint_x
- joint_y
position:
- 0.0
- 0.0
velocity:
- 0.0
- 0.0
effort:
- .nan
- .nan
---
header:
  stamp:
    sec: 1791164587
    nanosec: 152174153
  frame_id: base_link
name:
- joint_x
- joint_y
position:
- 0.0
- 0.0
velocity:
- 0.0
- 0.0
effort:
- .nan
- .nan
---
header:
  stamp:
    sec: 1791164587
    nanosec: 172184117
  frame_id: base_link
name:
- joint_x
- joint_y
position:
- 0.0
- 0.0
velocity:
- 0.0
- 0.0
effort:
- .nan
- .nan
---
header:
  stamp:
    sec: 1791164587
    nanosec: 192177981
  frame_id: base_link
name:
- joint_x
- joint_y
position:
- 0.0
- 0.0
velocity:
- 0.0
- 0.0
effort:
- .nan
- .nan
---
header:
  stamp:
    sec: 1791164587
    nanosec: 212176986
  frame_id: base_link
name:
- joint_x
- joint_y
position:
- 0.0
- 0.0
velocity:
- 0.0
- 0.0
effort:
- .nan
- .nan
---
header:
  stamp:
    sec: 1791164587
    nanosec: 232178859
  frame_id: base_link
name:
- joint_x
- joint_y
position:
- 0.0
- 0.0
velocity:
- 0.0
- 0.0
effort:
- .nan
- .nan
---
header:
  stamp:
    sec: 1791164587
    nanosec: 252179005
  frame_id: base_link
name:
- joint_x
- joint_y
position:
- 0.0
- 0.0
velocity:
- 0.0
- 0.0
effort:
- .nan
- .nan
---
header:
  stamp:
    sec: 1791164587
    nanosec: 272161625
  frame_id: base_link
name:
- joint_x
- joint_y
position:
- 0.0
- 0.0
velocity:
- 0.0
- 0.0
effort:
- .nan
- .nan
---
header:
  stamp:
    sec: 1791164587
    nanosec: 292137295
  frame_id: base_link
name:
- joint_x
- joint_y
position:
- 0.0
- 0.0
velocity:
- 0.0
- 0.0
effort:
- .nan
- .nan
---
header:
  stamp:
    sec: 1791164587
    nanosec: 312165652
  frame_id: base_link
name:
- joint_x
- joint_y
position:
- 0.0
- 0.0
velocity:
- 0.0
- 0.0
effort:
- .nan
- .nan
---
header:
  stamp:
    sec: 1791164587
    nanosec: 332163481
  frame_id: base_link
name:
- joint_x
- joint_y
position:
- 0.0
- 0.0
velocity:
- 0.0
- 0.0
effort:
- .nan
- .nan
---
header:
  stamp:
    sec: 1791164587
    nanosec: 352167755
  frame_id: base_link
name:
- joint_x
- joint_y
position:
- 0.0
- 0.0
velocity:
- 0.0
- 0.0
effort:
- .nan
- .nan
---
header:
  stamp:
    sec: 1791164587
    nanosec: 372177298
  frame_id: base_link
name:
- joint_x
- joint_y
position:
- 0.0
- 0.0
velocity:
- 0.0
- 0.0
effort:
- .nan
- .nan
---
header:
  stamp:
    sec: 1791164587
    nanosec: 392173603
  frame_id: base_link
name:
- joint_x
- joint_y
position:
- 0.0
- 0.0
velocity:
- 0.0
- 0.0
effort:
- .nan
- .nan
---
header:
  stamp:
    sec: 1791164587
    nanosec: 412166071
  frame_id: base_link
name:
- joint_x
- joint_y
position:
- 0.0
- 0.0
velocity:
- 0.0
- 0.0
effort:
- .nan
- .nan
---
header:
  stamp:
    sec: 1791164587
    nanosec: 432171708
  frame_id: base_link
name:
- joint_x
- joint_y
position:
- 0.0
- 0.0
velocity:
- 0.0
- 0.0
effort:
- .nan
- .nan
---
header:
  stamp:
    sec: 1791164587
    nanosec: 452179392
  frame_id: base_link
name:
- joint_x
- joint_y
position:
- 0.0
- 0.0
velocity:
- 0.0
- 0.0
effort:
- .nan
- .nan
---
header:
  stamp:
    sec: 1791164587
    nanosec: 472172060
  frame_id: base_link
name:
- joint_x
- joint_y
position:
- 0.0
- 0.0
velocity:
- 0.0
- 0.0
effort:
- .nan
- .nan
---
header:
  stamp:
    sec: 1791164587
    nanosec: 492178774
  frame_id: base_link
name:
- joint_x
- joint_y
position:
- 0.0
- 0.0
velocity:
- 0.0
- 0.0
effort:
- .nan
- .nan
---
header:
  stamp:
    sec: 1791164587
    nanosec: 521956714
  frame_id: base_link
name:
- joint_x
- joint_y
position:
- 0.0
- 0.0
velocity:
- 0.0
- 0.0
effort:
- .nan
- .nan
---
header:
  stamp:
    sec: 1791164587
    nanosec: 532152830
  frame_id: base_link
name:
- joint_x
- joint_y
position:
- 0.0
- 0.0
velocity:
- 0.0
- 0.0
effort:
- .nan
- .nan
---
header:
  stamp:
    sec: 1791164587
    nanosec: 552170506
  frame_id: base_link
name:
- joint_x
- joint_y
position:
- 0.0
- 0.0
velocity:
- 0.0
- 0.0
effort:
- .nan
- .nan
---
header:
  stamp:
    sec: 1791164587
    nanosec: 572184837
  frame_id: base_link
name:
- joint_x
- joint_y
position:
- 0.0
- 0.0
velocity:
- 0.0
- 0.0
effort:
- .nan
- .nan
---
header:
  stamp:
    sec: 1791164587
    nanosec: 592311316
  frame_id: base_link
name:
- joint_x
- joint_y
position:
- 0.0
- 0.0
velocity:
- 0.0
- 0.0
effort:
- .nan
- .nan
---
header:
  stamp:
    sec: 1791164587
    nanosec: 612217470
  frame_id: base_link
name:
- joint_x
- joint_y
position:
- 0.0
- 0.0
velocity:
- 0.0
- 0.0
effort:
- .nan
- .nan
---
header:
  stamp:
    sec: 1791164587
    nanosec: 632174073
  frame_id: base_link
name:
- joint_x
- joint_y
position:
- 0.0
- 0.0
velocity:
- 0.0
- 0.0
effort:
- .nan
- .nan
---
header:
  stamp:
    sec: 1791164587
    nanosec: 652173594
  frame_id: base_link
name:
- joint_x
- joint_y
position:
- 0.0
- 0.0
velocity:
- 0.0
- 0.0
effort:
- .nan
- .nan
---
header:
  stamp:
    sec: 1791164587
    nanosec: 672179727
  frame_id: base_link
name:
- joint_x
- joint_y
position:
- 0.0
- 0.0
velocity:
- 0.0
- 0.0
effort:
- .nan
- .nan
---
header:
  stamp:
    sec: 1791164587
    nanosec: 692182489
  frame_id: base_link
name:
- joint_x
- joint_y
position:
- 0.0
- 0.0
velocity:
- 0.0
- 0.0
effort:
- .nan
- .nan
---
header:
  stamp:
    sec: 1791164587
    nanosec: 712159333
  frame_id: base_link
name:
- joint_x
- joint_y
position:
- 0.0
- 0.0
velocity:
- 0.0
- 0.0
effort:
- .nan
- .nan
---
header:
  stamp:
    sec: 1791164587
    nanosec: 732195945
  frame_id: base_link
name:
- joint_x
- joint_y
position:
- 0.0
- 0.0
velocity:
- 0.0
- 0.0
effort:
- .nan
- .nan
---
header:
  stamp:
    sec: 1791164587
    nanosec: 752224217
  frame_id: base_link
name:
- joint_x
- joint_y
position:
- 0.0
- 0.0
velocity:
- 0.0
- 0.0
effort:
- .nan
- .nan
---
header:
  stamp:
    sec: 1791164587
    nanosec: 772184962
  frame_id: base_link
name:
- joint_x
- joint_y
position:
- 0.0
- 0.0
velocity:
- 0.0
- 0.0
effort:
- .nan
- .nan
---
header:
  stamp:
    sec: 1791164587
    nanosec: 792191838
  frame_id: base_link
name:
- joint_x
- joint_y
position:
- 0.0
- 0.0
velocity:
- 0.0
- 0.0
effort:
- .nan
- .nan
---
header:
  stamp:
    sec: 1791164587
    nanosec: 812185661
  frame_id: base_link
name:
- joint_x
- joint_y
position:
- 0.0
- 0.0
velocity:
- 0.0
- 0.0
effort:
- .nan
- .nan
---
header:
  stamp:
    sec: 1791164587
    nanosec: 832167572
  frame_id: base_link
name:
- joint_x
- joint_y
position:
- 0.0
- 0.0
velocity:
- 0.0
- 0.0
effort:
- .nan
- .nan
---
header:
  stamp:
    sec: 1791164587
    nanosec: 852171464
  frame_id: base_link
name:
- joint_x
- joint_y
position:
- 0.0
- 0.0
velocity:
- 0.0
- 0.0
effort:
- .nan
- .nan
---
header:
  stamp:
    sec: 1791164587
    nanosec: 872142368
  frame_id: base_link
name:
- joint_x
- joint_y
position:
- 0.0
- 0.0
velocity:
- 0.0
- 0.0
effort:
- .nan
- .nan
---
header:
  stamp:
    sec: 1791164587
    nanosec: 892175004
  frame_id: base_link
name:
- joint_x
- joint_y
position:
- 6.24999984211172e-06
- 6.24999984211172e-06
velocity:
- 0.0003124999930150807
- 0.0003124999930150807
effort:
- .nan
- .nan
---
header:
  stamp:
    sec: 1791164587
    nanosec: 912183193
  frame_id: base_link
name:
- joint_x
- joint_y
position:
- 3.125000148429535e-05
- 3.125000148429535e-05
velocity:
- 0.0012499999720603228
- 0.0012499999720603228
effort:
- .nan
- .nan
---
header:
  stamp:
    sec: 1791164587
    nanosec: 932164050
  frame_id: base_link
name:
- joint_x
- joint_y
position:
- 6.874999962747097e-05
- 6.874999962747097e-05
velocity:
- 0.0018749999580904841
- 0.0018749999580904841
effort:
- .nan
- .nan
---
header:
  stamp:
    sec: 1791164587
    nanosec: 952158547
  frame_id: base_link
name:
- joint_x
- joint_y
position:
- 0.00013124999532010406
- 0.00013124999532010406
velocity:
- 0.0031250000465661287
- 0.0031250000465661287
effort:
- .nan
- .nan
---
header:
  stamp:
    sec: 1791164587
    nanosec: 972155340
  frame_id: base_link
name:
- joint_x
- joint_y
position:
- 0.0002062499988824129
- 0.00019999999494757503
velocity:
- 0.0034374999813735485
- 0.0034374999813735485
effort:
- .nan
- .nan
---
header:
  stamp:
    sec: 1791164587
    nanosec: 992180110
  frame_id: base_link
name:
- joint_x
- joint_y
position:
- 0.0002937499957624823
- 0.0002937499957624823
velocity:
- 0.004687500186264515
- 0.0043750000186264515
effort:
- .nan
- .nan
---
header:
  stamp:
    sec: 1791164588
    nanosec: 12141951
  frame_id: base_link
name:
- joint_x
- joint_y
position:
- 0.00039999998989515007
- 0.00039999998989515007
velocity:
- 0.005059523973613977
- 0.0053571430034935474
effort:
- .nan
- .nan
---
header:
  stamp:
    sec: 1791164588
    nanosec: 32172131
  frame_id: base_link
name:
- joint_x
- joint_y
position:
- 0.0005249999812804163
- 0.0005249999812804163
velocity:
- 0.0062500000931322575
- 0.0062500000931322575
effort:
- .nan
- .nan
---
header:
  stamp:
    sec: 1791164588
    nanosec: 52165232
  frame_id: base_link
name:
- joint_x
- joint_y
position:
- 0.0006624999805353582
- 0.0006562499911524355
velocity:
- 0.006562499795109034
- 0.006562499795109034
effort:
- .nan
- .nan
---
header:
  stamp:
    sec: 1791164588
    nanosec: 72166035
  frame_id: base_link
name:
- joint_x
- joint_y
position:
- 0.0009624999947845936
- 0.0009562500054016709
velocity:
- 0.0078125
- 0.0078125
effort:
- .nan
- .nan
---
header:
  stamp:
    sec: 1791164588
    nanosec: 92174487
  frame_id: base_link
name:
- joint_x
- joint_y
position:
- 0.001143750036135316
- 0.0011375000467523932
velocity:
- 0.008750000037252903
- 0.009062499739229679
effort:
- .nan
- .nan
---
header:
  stamp:
    sec: 1791164588
    nanosec: 112172408
  frame_id: base_link
name:
- joint_x
- joint_y
position:
- 0.0013249999610707164
- 0.0013249999610707164
velocity:
- 0.009062499739229679
- 0.009062499739229679
effort:
- .nan
- .nan
---
header:
  stamp:
    sec: 1791164588
    nanosec: 132148191
  frame_id: base_link
name:
- joint_x
- joint_y
position:
- 0.001518749981187284
- 0.001518749981187284
velocity:
- 0.009687500074505806
- 0.009999999776482582
effort:
- .nan
- .nan
---
header:
  stamp:
    sec: 1791164588
    nanosec: 152163803
  frame_id: base_link
name:
- joint_x
- joint_y
position:
- 0.0017187499906867743
- 0.0017187499906867743
velocity:
- 0.010312500409781933
- 0.009999999776482582
effort:
- .nan
- .nan
---
header:
  stamp:
    sec: 1791164588
    nanosec: 172167060
  frame_id: base_link
name:
- joint_x
- joint_y
position:
- 0.0019374999683350325
- 0.0019374999683350325
velocity:
- 0.010937499813735485
- 0.010937499813735485
effort:
- .nan
- .nan
---
header:
  stamp:
    sec: 1791164588
    nanosec: 192179694
  frame_id: base_link
name:
- joint_x
- joint_y
position:
- 0.0021750000305473804
- 0.0021750000305473804
velocity:
- 0.011309524066746235
- 0.011309524066746235
effort:
- .nan
- .nan
---
header:
  stamp:
    sec: 1791164588
    nanosec: 212159565
  frame_id: base_link
name:
- joint_x
- joint_y
position:
- 0.0024312499444931746
- 0.0024250000715255737
velocity:
- 0.012500000186264515
- 0.012500000186264515
effort:
- .nan
- .nan
---
header:
  stamp:
    sec: 1791164588
    nanosec: 232161424
  frame_id: base_link
name:
- joint_x
- joint_y
position:
- 0.002675000112503767
- 0.002675000112503767
velocity:
- 0.012500000186264515
- 0.012500000186264515
effort:
- .nan
- .nan
---
header:
  stamp:
    sec: 1791164588
    nanosec: 252174081
  frame_id: base_link
name:
- joint_x
- joint_y
position:
- 0.002931250026449561
- 0.002931250026449561
velocity:
- 0.012812499888241291
- 0.012812499888241291
effort:
- .nan
- .nan
---
header:
  stamp:
    sec: 1791164588
    nanosec: 272162040
  frame_id: base_link
name:
- joint_x
- joint_y
position:
- 0.0031937500461935997
- 0.0031937500461935997
velocity:
- 0.013124999590218067
- 0.013124999590218067
effort:
- .nan
- .nan
---
header:
  stamp:
    sec: 1791164588
    nanosec: 292178893
  frame_id: base_link
name:
- joint_x
- joint_y
position:
- 0.003462499938905239
- 0.003462499938905239
velocity:
- 0.013437500223517418
- 0.013437500223517418
effort:
- .nan
- .nan
---
header:
  stamp:
    sec: 1791164588
    nanosec: 312169823
  frame_id: base_link
name:
- joint_x
- joint_y
position:
- 0.004050000105053186
- 0.004050000105053186
velocity:
- 0.014687499962747097
- 0.014687499962747097
effort:
- .nan
- .nan
---
header:
  stamp:
    sec: 1791164588
    nanosec: 332175423
  frame_id: base_link
name:
- joint_x
- joint_y
position:
- 0.004350000061094761
- 0.004350000061094761
velocity:
- 0.014999999664723873
- 0.014999999664723873
effort:
- .nan
- .nan
---
header:
  stamp:
    sec: 1791164588
    nanosec: 352183566
  frame_id: base_link
name:
- joint_x
- joint_y
position:
- 0.004662500228732824
- 0.00465625012293458
velocity:
- 0.015312500298023224
- 0.015312500298023224
effort:
- .nan
- .nan
---
header:
  stamp:
    sec: 1791164588
    nanosec: 372193511
  frame_id: base_link
name:
- joint_x
- joint_y
position:
- 0.0049749999307096004
- 0.0049749999307096004
velocity:
- 0.015937499701976776
- 0.015937499701976776
effort:
- .nan
- .nan
---
header:
  stamp:
    sec: 1791164588
    nanosec: 392163974
  frame_id: base_link
name:
- joint_x
- joint_y
position:
- 0.0053125000558793545
- 0.0053125000558793545
velocity:
- 0.016875000670552254
- 0.016875000670552254
effort:
- .nan
- .nan
---
header:
  stamp:
    sec: 1791164588
    nanosec: 412157885
  frame_id: base_link
name:
- joint_x
- joint_y
position:
- 0.0056374999694526196
- 0.005643750075250864
velocity:
- 0.016249999403953552
- 0.016249999403953552
effort:
- .nan
- .nan
---
header:
  stamp:
    sec: 1791164588
    nanosec: 432167890
  frame_id: base_link
name:
- joint_x
- joint_y
position:
- 0.005975000094622374
- 0.005981250200420618
velocity:
- 0.016875000670552254
- 0.016875000670552254
effort:
- .nan
- .nan
---
header:
  stamp:
    sec: 1791164588
    nanosec: 452166223
  frame_id: base_link
name:
- joint_x
- joint_y
position:
- 0.006318749859929085
- 0.006324999965727329
velocity:
- 0.01718750037252903
- 0.01718750037252903
effort:
- .nan
- .nan
---
header:
  stamp:
    sec: 1791164588
    nanosec: 472152343
  frame_id: base_link
name:
- joint_x
- joint_y
position:
- 0.006668750196695328
- 0.006668750196695328
velocity:
- 0.017500000074505806
- 0.017500000074505806
effort:
- .nan
- .nan
---
header:
  stamp:
    sec: 1791164588
    nanosec: 492204453
  frame_id: base_link
name:
- joint_x
- joint_y
position:
- 0.007043750025331974
- 0.007043750025331974
velocity:
- 0.01875000074505806
- 0.01875000074505806
effort:
- .nan
- .nan
---
header:
  stamp:
    sec: 1791164588
    nanosec: 512159564
  frame_id: base_link
name:
- joint_x
- joint_y
position:
- 0.007400000002235174
- 0.007400000002235174
velocity:
- 0.017812499776482582
- 0.017812499776482582
effort:
- .nan
- .nan
---
header:
  stamp:
    sec: 1791164588
    nanosec: 532177087
  frame_id: base_link
name:
- joint_x
- joint_y
position:
- 0.008124999701976776
- 0.00813124980777502
velocity:
- 0.018437499180436134
- 0.018437499180436134
effort:
- .nan
- .nan
---
header:
  stamp:
    sec: 1791164588
    nanosec: 552158083
  frame_id: base_link
name:
- joint_x
- joint_y
position:
- 0.008518749848008156
- 0.008518749848008156
velocity:
- 0.01875000074505806
- 0.01875000074505806
effort:
- .nan
- .nan
---
header:
  stamp:
    sec: 1791164588
    nanosec: 572149245
  frame_id: base_link
name:
- joint_x
- joint_y
position:
- 0.00891875009983778
- 0.00891875009983778
velocity:
- 0.019999999552965164
- 0.019999999552965164
effort:
- .nan
- .nan
---
header:
  stamp:
    sec: 1791164588
    nanosec: 592156482
  frame_id: base_link
name:
- joint_x
- joint_y
position:
- 0.00930000003427267
- 0.00930000003427267
velocity:
- 0.019062500447034836
- 0.019062500447034836
effort:
- .nan
- .nan
---
header:
  stamp:
    sec: 1791164588
    nanosec: 612163628
  frame_id: base_link
name:
- joint_x
- joint_y
position:
- 0.00969375018030405
- 0.00969375018030405
velocity:
- 0.019375000149011612
- 0.019375000149011612
effort:
- .nan
- .nan
---
header:
  stamp:
    sec: 1791164588
    nanosec: 632157904
  frame_id: base_link
name:
- joint_x
- joint_y
position:
- 0.010081250220537186
- 0.010081250220537186
velocity:
- 0.019687499850988388
- 0.019687499850988388
effort:
- .nan
- .nan
---
header:
  stamp:
    sec: 1791164588
    nanosec: 652177024
  frame_id: base_link
name:
- joint_x
- joint_y
position:
- 0.010475000366568565
- 0.010475000366568565
velocity:
- 0.019687499850988388
- 0.019687499850988388
effort:
- .nan
- .nan
---
header:
  stamp:
    sec: 1791164588
    nanosec: 672149020
  frame_id: base_link
name:
- joint_x
- joint_y
position:
- 0.010893750004470348
- 0.010893750004470348
velocity:
- 0.01994047686457634
- 0.01994047686457634
effort:
- .nan
- .nan
---
header:
  stamp:
    sec: 1791164588
    nanosec: 692172117
  frame_id: base_link
name:
- joint_x
- joint_y
position:
- 0.011312499642372131
- 0.011312499642372131
velocity:
- 0.020937500521540642
- 0.020937500521540642
effort:
- .nan
- .nan
---
header:
  stamp:
    sec: 1791164588
    nanosec: 712161445
  frame_id: base_link
name:
- joint_x
- joint_y
position:
- 0.011712499894201756
- 0.011712499894201756
velocity:
- 0.019999999552965164
- 0.019999999552965164
effort:
- .nan
- .nan
---
header:
  stamp:
    sec: 1791164588
    nanosec: 732144658
  frame_id: base_link
name:
- joint_x
- joint_y
position:
- 0.012118750251829624
- 0.012118750251829624
velocity:
- 0.019999999552965164
- 0.019999999552965164
effort:
- .nan
- .nan
---
header:
  stamp:
    sec: 1791164588
    nanosec: 752175400
  frame_id: base_link
name:
- joint_x
- joint_y
position:
- 0.012518749572336674
- 0.012524999678134918
velocity:
- 0.02031249925494194
- 0.02031249925494194
effort:
- .nan
- .nan
---
header:
  stamp:
    sec: 1791164588
    nanosec: 772167943
  frame_id: base_link
name:
- joint_x
- joint_y
position:
- 0.013381250202655792
- 0.013375000096857548
velocity:
- 0.021562499925494194
- 0.021250000223517418
effort:
- .nan
- .nan
---
header:
  stamp:
    sec: 1791164588
    nanosec: 792171869
  frame_id: base_link
name:
- joint_x
- joint_y
position:
- 0.013787499628961086
- 0.013787499628961086
velocity:
- 0.02031249925494194
- 0.020625000819563866
effort:
- .nan
- .nan
---
header:
  stamp:
    sec: 1791164588
    nanosec: 812164372
  frame_id: base_link
name:
- joint_x
- joint_y
position:
- 0.0142000000923872
- 0.014193749986588955
velocity:
- 0.020625000819563866
- 0.02031249925494194
effort:
- .nan
- .nan
---
header:
  stamp:
    sec: 1791164588
    nanosec: 832152948
  frame_id: base_link
name:
- joint_x
- joint_y
position:
- 0.014606250450015068
- 0.014606250450015068
velocity:
- 0.02031249925494194
- 0.020625000819563866
effort:
- .nan
- .nan
---
header:
  stamp:
    sec: 1791164588
    nanosec: 852174220
  frame_id: base_link
name:
- joint_x
- joint_y
position:
- 0.015018749982118607
- 0.015018749982118607
velocity:
- 0.020625000819563866
- 0.020625000819563866
effort:
- .nan
- .nan
---
header:
  stamp:
    sec: 1791164588
    nanosec: 872152800
  frame_id: base_link
name:
- joint_x
- joint_y
position:
- 0.015456249937415123
- 0.015456249937415123
velocity:
- 0.02187499962747097
- 0.021562499925494194
effort:
- .nan
- .nan
---
header:
  stamp:
    sec: 1791164588
    nanosec: 892166429
  frame_id: base_link
name:
- joint_x
- joint_y
position:
- 0.01586874946951866
- 0.01586874946951866
velocity:
- 0.020625000819563866
- 0.020625000819563866
effort:
- .nan
- .nan
---
header:
  stamp:
    sec: 1791164588
    nanosec: 912162243
  frame_id: base_link
name:
- joint_x
- joint_y
position:
- 0.01628125086426735
- 0.01628125086426735
velocity:
- 0.02031249925494194
- 0.020625000819563866
effort:
- .nan
- .nan
---
header:
  stamp:
    sec: 1791164588
    nanosec: 932168882
  frame_id: base_link
name:
- joint_x
- joint_y
position:
- 0.016693750396370888
- 0.01668749935925007
velocity:
- 0.020625000819563866
- 0.020625000819563866
effort:
- .nan
- .nan
---
header:
  stamp:
    sec: 1791164588
    nanosec: 952171765
  frame_id: base_link
name:
- joint_x
- joint_y
position:
- 0.017100000753998756
- 0.017100000753998756
velocity:
- 0.02031249925494194
- 0.020625000819563866
effort:
- .nan
- .nan
---
header:
  stamp:
    sec: 1791164588
    nanosec: 972149315
  frame_id: base_link
name:
- joint_x
- joint_y
position:
- 0.017525000497698784
- 0.017525000497698784
velocity:
- 0.02053571492433548
- 0.02023809589445591
effort:
- .nan
- .nan
---
header:
  stamp:
    sec: 1791164588
    nanosec: 992163928
  frame_id: base_link
name:
- joint_x
- joint_y
position:
- 0.01795000024139881
- 0.01795624941587448
velocity:
- 0.021250000223517418
- 0.021250000223517418
effort:
- .nan
- .nan
---
header:
  stamp:
    sec: 1791164589
    nanosec: 12174298
  frame_id: base_link
name:
- joint_x
- joint_y
position:
- 0.01875000074505806
- 0.01875000074505806
velocity:
- 0.019999999552965164
- 0.019999999552965164
effort:
- .nan
- .nan
---
header:
  stamp:
    sec: 1791164589
    nanosec: 32158325
  frame_id: base_link
name:
- joint_x
- joint_y
position:
- 0.01915624924004078
- 0.01915000006556511
velocity:
- 0.019999999552965164
- 0.019999999552965164
effort:
- .nan
- .nan
---
header:
  stamp:
    sec: 1791164589
    nanosec: 52165317
  frame_id: base_link
name:
- joint_x
- joint_y
position:
- 0.019568750634789467
- 0.019568750634789467
velocity:
- 0.020625000819563866
- 0.020937500521540642
effort:
- .nan
- .nan
---
header:
  stamp:
    sec: 1791164589
    nanosec: 72165313
  frame_id: base_link
name:
- joint_x
- joint_y
position:
- 0.019962500780820847
- 0.019962500780820847
velocity:
- 0.019687499850988388
- 0.019687499850988388
effort:
- .nan
- .nan
---
header:
  stamp:
    sec: 1791164589
    nanosec: 92172542
  frame_id: base_link
name:
- joint_x
- joint_y
position:
- 0.020349999889731407
- 0.020349999889731407
velocity:
- 0.019687499850988388
- 0.019375000149011612
effort:
- .nan
- .nan
---
header:
  stamp:
    sec: 1791164589
    nanosec: 112163646
  frame_id: base_link
name:
- joint_x
- joint_y
position:
- 0.020737500861287117
- 0.020731249824166298
velocity:
- 0.019062500447034836
- 0.019062500447034836
effort:
- .nan
- .nan
---
header:
  stamp:
    sec: 1791164589
    nanosec: 132201642
  frame_id: base_link
name:
- joint_x
- joint_y
position:
- 0.021118750795722008
- 0.02111249975860119
velocity:
- 0.019062500447034836
- 0.019062500447034836
effort:
- .nan
- .nan
---
header:
  stamp:
    sec: 1791164589
    nanosec: 152166021
  frame_id: base_link
name:
- joint_x
- joint_y
position:
- 0.021512499079108238
- 0.021512499079108238
velocity:
- 0.01904761977493763
- 0.01904761977493763
effort:
- .nan
- .nan
---
header:
  stamp:
    sec: 1791164589
    nanosec: 172161738
  frame_id: base_link
name:
- joint_x
- joint_y
position:
- 0.021912500262260437
- 0.021906249225139618
velocity:
- 0.019687499850988388
- 0.019687499850988388
effort:
- .nan
- .nan
---
header:
  stamp:
    sec: 1791164589
    nanosec: 192161655
  frame_id: base_link
name:
- joint_x
- joint_y
position:
- 0.02228124998509884
- 0.02227500081062317
velocity:
- 0.018437499180436134
- 0.018437499180436134
effort:
- .nan
- .nan
---
header:
  stamp:
    sec: 1791164589
    nanosec: 212175234
  frame_id: base_link
name:
- joint_x
- joint_y
position:
- 0.02264375053346157
- 0.02264375053346157
velocity:
- 0.018124999478459358
- 0.018124999478459358
effort:
- .nan
- .nan
---
header:
  stamp:
    sec: 1791164589
    nanosec: 232157070
  frame_id: base_link
name:
- joint_x
- joint_y
position:
- 0.022993750870227814
- 0.023000000044703484
velocity:
- 0.017812499776482582
- 0.018124999478459358
effort:
- .nan
- .nan
---
header:
  stamp:
    sec: 1791164589
    nanosec: 252182819
  frame_id: base_link
name:
- joint_x
- joint_y
position:
- 0.02371250092983246
- 0.02371250092983246
velocity:
- 0.01718750037252903
- 0.01718750037252903
effort:
- .nan
- .nan
---
header:
  stamp:
    sec: 1791164589
    nanosec: 272164608
  frame_id: base_link
name:
- joint_x
- joint_y
position:
- 0.024049999192357063
- 0.024049999192357063
velocity:
- 0.01718750037252903
- 0.01718750037252903
effort:
- .nan
- .nan
---
header:
  stamp:
    sec: 1791164589
    nanosec: 292170854
  frame_id: base_link
name:
- joint_x
- joint_y
position:
- 0.024387499317526817
- 0.024387499317526817
velocity:
- 0.016875000670552254
- 0.016875000670552254
effort:
- .nan
- .nan
---
header:
  stamp:
    sec: 1791164589
    nanosec: 312167395
  frame_id: base_link
name:
- joint_x
- joint_y
position:
- 0.024712499231100082
- 0.024712499231100082
velocity:
- 0.016249999403953552
- 0.016249999403953552
effort:
- .nan
- .nan
---
header:
  stamp:
    sec: 1791164589
    nanosec: 332179918
  frame_id: base_link
name:
- joint_x
- joint_y
position:
- 0.025031249970197678
- 0.025037499144673347
velocity:
- 0.015937499701976776
- 0.016249999403953552
effort:
- .nan
- .nan
---
header:
  stamp:
    sec: 1791164589
    nanosec: 352172299
  frame_id: base_link
name:
- joint_x
- joint_y
position:
- 0.025362500920891762
- 0.025362500920891762
velocity:
- 0.01656249910593033
- 0.016249999403953552
effort:
- .nan
- .nan
---
header:
  stamp:
    sec: 1791164589
    nanosec: 372176551
  frame_id: base_link
name:
- joint_x
- joint_y
position:
- 0.02566874958574772
- 0.02566874958574772
velocity:
- 0.015312500298023224
- 0.015312500298023224
effort:
- .nan
- .nan
---
header:
  stamp:
    sec: 1791164589
    nanosec: 392198637
  frame_id: base_link
name:
- joint_x
- joint_y
position:
- 0.025968749076128006
- 0.025968749076128006
velocity:
- 0.014999999664723873
- 0.014999999664723873
effort:
- .nan
- .nan
---
header:
  stamp:
    sec: 1791164589
    nanosec: 412197176
  frame_id: base_link
name:
- joint_x
- joint_y
position:
- 0.026256250217556953
- 0.026256250217556953
velocity:
- 0.014375000260770321
- 0.014375000260770321
effort:
- .nan
- .nan
---
header:
  stamp:
    sec: 1791164589
    nanosec: 432234590
  frame_id: base_link
name:
- joint_x
- joint_y
position:
- 0.026537500321865082
- 0.026537500321865082
velocity:
- 0.01406249962747097
- 0.01406249962747097
effort:
- .nan
- .nan
---
header:
  stamp:
    sec: 1791164589
    nanosec: 452151045
  frame_id: base_link
name:
- joint_x
- joint_y
position:
- 0.02708750031888485
- 0.02709374949336052
velocity:
- 0.012812499888241291
- 0.012812499888241291
effort:
- .nan
- .nan
---
header:
  stamp:
    sec: 1791164589
    nanosec: 472124760
  frame_id: base_link
name:
- joint_x
- joint_y
position:
- 0.02734375
- 0.02734375
velocity:
- 0.012812499888241291
- 0.012812499888241291
effort:
- .nan
- .nan
---
header:
  stamp:
    sec: 1791164589
    nanosec: 492180432
  frame_id: base_link
name:
- joint_x
- joint_y
position:
- 0.02759375050663948
- 0.02758749946951866
velocity:
- 0.012187499552965164
- 0.012187499552965164
effort:
- .nan
- .nan
---
header:
  stamp:
    sec: 1791164589
    nanosec: 512167038
  frame_id: base_link
name:
- joint_x
- joint_y
position:
- 0.027837499976158142
- 0.027837499976158142
velocity:
- 0.011904762126505375
- 0.011904762126505375
effort:
- .nan
- .nan
---
header:
  stamp:
    sec: 1791164589
    nanosec: 532163676
  frame_id: base_link
name:
- joint_x
- joint_y
position:
- 0.028075000271201134
- 0.028075000271201134
velocity:
- 0.011874999850988388
- 0.011874999850988388
effort:
- .nan
- .nan
---
header:
  stamp:
    sec: 1791164589
    nanosec: 552133846
  frame_id: base_link
name:
- joint_x
- joint_y
position:
- 0.028293749317526817
- 0.028287500143051147
velocity:
- 0.010937499813735485
- 0.010625000111758709
effort:
- .nan
- .nan
---
header:
  stamp:
    sec: 1791164589
    nanosec: 572119404
  frame_id: base_link
name:
- joint_x
- joint_y
position:
- 0.02849375084042549
- 0.02849375084042549
velocity:
- 0.009999999776482582
- 0.010312500409781933
effort:
- .nan
- .nan
---
header:
  stamp:
    sec: 1791164589
    nanosec: 592166363
  frame_id: base_link
name:
- joint_x
- joint_y
position:
- 0.028687499463558197
- 0.028687499463558197
velocity:
- 0.009687500074505806
- 0.009687500074505806
effort:
- .nan
- .nan
---
header:
  stamp:
    sec: 1791164589
    nanosec: 612125848
  frame_id: base_link
name:
- joint_x
- joint_y
position:
- 0.028875000774860382
- 0.028875000774860382
velocity:
- 0.00937500037252903
- 0.00937500037252903
effort:
- .nan
- .nan
---
header:
  stamp:
    sec: 1791164589
    nanosec: 632117874
  frame_id: base_link
name:
- joint_x
- joint_y
position:
- 0.0290562491863966
- 0.0290562491863966
velocity:
- 0.009062499739229679
- 0.009062499739229679
effort:
- .nan
- .nan
---
header:
  stamp:
    sec: 1791164589
    nanosec: 652122366
  frame_id: base_link
name:
- joint_x
- joint_y
position:
- 0.029218750074505806
- 0.029218750074505806
velocity:
- 0.0078125
- 0.0078125
effort:
- .nan
- .nan
---
header:
  stamp:
    sec: 1791164589
    nanosec: 672120268
  frame_id: base_link
name:
- joint_x
- joint_y
position:
- 0.029362499713897705
- 0.029368750751018524
velocity:
- 0.007499999832361937
- 0.007499999832361937
effort:
- .nan
- .nan
---
header:
  stamp:
    sec: 1791164589
    nanosec: 692138505
  frame_id: base_link
name:
- joint_x
- joint_y
position:
- 0.029631249606609344
- 0.029631249606609344
velocity:
- 0.006562499795109034
- 0.006562499795109034
effort:
- .nan
- .nan
---
header:
  stamp:
    sec: 1791164589
    nanosec: 712115402
  frame_id: base_link
name:
- joint_x
- joint_y
position:
- 0.029743749648332596
- 0.029743749648332596
velocity:
- 0.0053125000558793545
- 0.0053125000558793545
effort:
- .nan
- .nan
---
header:
  stamp:
    sec: 1791164589
    nanosec: 732117974
  frame_id: base_link
name:
- joint_x
- joint_y
position:
- 0.02983750030398369
- 0.02983750030398369
velocity:
- 0.004999999888241291
- 0.004999999888241291
effort:
- .nan
- .nan
---
header:
  stamp:
    sec: 1791164589
    nanosec: 752124760
  frame_id: base_link
name:
- joint_x
- joint_y
position:
- 0.029924999922513962
- 0.029924999922513962
velocity:
- 0.0043750000186264515
- 0.0043750000186264515
effort:
- .nan
- .nan
---
header:
  stamp:
    sec: 1791164589
    nanosec: 772120962
  frame_id: base_link
name:
- joint_x
- joint_y
position:
- 0.029993750154972076
- 0.029993750154972076
velocity:
- 0.0034374999813735485
- 0.0034374999813735485
effort:
- .nan
- .nan
---
header:
  stamp:
    sec: 1791164589
    nanosec: 792114493
  frame_id: base_link
name:
- joint_x
- joint_y
position:
- 0.030056249350309372
- 0.030056249350309372
velocity:
- 0.0029761905316263437
- 0.0029761905316263437
effort:
- .nan
- .nan
---
header:
  stamp:
    sec: 1791164589
    nanosec: 812134772
  frame_id: base_link
name:
- joint_x
- joint_y
position:
- 0.03009999915957451
- 0.03009999915957451
velocity:
- 0.0021875000093132257
- 0.0021875000093132257
effort:
- .nan
- .nan
---
header:
  stamp:
    sec: 1791164589
    nanosec: 832123420
  frame_id: base_link
name:
- joint_x
- joint_y
position:
- 0.030131250619888306
- 0.030131250619888306
velocity:
- 0.0015625000232830644
- 0.0015625000232830644
effort:
- .nan
- .nan
---
header:
  stamp:
    sec: 1791164589
    nanosec: 852128794
  frame_id: base_link
name:
- joint_x
- joint_y
position:
- 0.030143750831484795
- 0.030143750831484795
velocity:
- 0.0006249999860301614
- 0.0006249999860301614
effort:
- .nan
- .nan
---
header:
  stamp:
    sec: 1791164589
    nanosec: 872163147
  frame_id: base_link
name:
- joint_x
- joint_y
position:
- 0.030137499794363976
- 0.030137499794363976
velocity:
- -0.0003124999930150807
- -0.0003124999930150807
effort:
- .nan
- .nan
---
header:
  stamp:
    sec: 1791164589
    nanosec: 892125764
  frame_id: base_link
name:
- joint_x
- joint_y
position:
- 0.030124999582767487
- 0.030124999582767487
velocity:
- -0.0006249999860301614
- -0.0006249999860301614
effort:
- .nan
- .nan
---
header:
  stamp:
    sec: 1791164589
    nanosec: 912124721
  frame_id: base_link
name:
- joint_x
- joint_y
position:
- 0.030043749138712883
- 0.030043749138712883
velocity:
- -0.0024999999441206455
- -0.0024999999441206455
effort:
- .nan
- .nan
---
header:
  stamp:
    sec: 1791164589
    nanosec: 932160156
  frame_id: base_link
name:
- joint_x
- joint_y
position:
- 0.029981249943375587
- 0.029981249943375587
velocity:
- -0.0031250000465661287
- -0.002812500111758709
effort:
- .nan
- .nan
---
header:
  stamp:
    sec: 1791164589
    nanosec: 952127365
  frame_id: base_link
name:
- joint_x
- joint_y
position:
- 0.029906250536441803
- 0.029906250536441803
velocity:
- -0.0037499999161809683
- -0.0037499999161809683
effort:
- .nan
- .nan
---
header:
  stamp:
    sec: 1791164589
    nanosec: 972125940
  frame_id: base_link
name:
- joint_x
- joint_y
position:
- 0.02981249988079071
- 0.02981875091791153
velocity:
- -0.004464285913854837
- -0.004464285913854837
effort:
- .nan
- .nan
---
header:
  stamp:
    sec: 1791164589
    nanosec: 992140671
  frame_id: base_link
name:
- joint_x
- joint_y
position:
- 0.029706250876188278
- 0.029706250876188278
velocity:
- -0.0053125000558793545
- -0.005625000223517418
effort:
- .nan
- .nan
---
header:
  stamp:
    sec: 1791164590
    nanosec: 12149218
  frame_id: base_link
name:
- joint_x
- joint_y
position:
- 0.029587499797344208
- 0.029587499797344208
velocity:
- -0.005937499925494194
- -0.005937499925494194
effort:
- .nan
- .nan
---
header:
  stamp:
    sec: 1791164590
    nanosec: 32170739
  frame_id: base_link
name:
- joint_x
- joint_y
position:
- 0.029456250369548798
- 0.029456250369548798
velocity:
- -0.006562499795109034
- -0.0062500000931322575
effort:
- .nan
- .nan
---
header:
  stamp:
    sec: 1791164590
    nanosec: 52139135
  frame_id: base_link
name:
- joint_x
- joint_y
position:
- 0.02931874990463257
- 0.02931874990463257
velocity:
- -0.006874999962747097
- -0.0071875001303851604
effort:
- .nan
- .nan
---
header:
  stamp:
    sec: 1791164590
    nanosec: 72129459
  frame_id: base_link
name:
- joint_x
- joint_y
position:
- 0.02916250005364418
- 0.02916250005364418
velocity:
- -0.0078125
- -0.0078125
effort:
- .nan
- .nan
---
header:
  stamp:
    sec: 1791164590
    nanosec: 92122356
  frame_id: base_link
name:
- joint_x
- joint_y
position:
- 0.028987500816583633
- 0.028987500816583633
velocity:
- -0.008750000037252903
- -0.008437500335276127
effort:
- .nan
- .nan
---
header:
  stamp:
    sec: 1791164590
    nanosec: 112134925
  frame_id: base_link
name:
- joint_x
- joint_y
position:
- 0.028812499716877937
- 0.028812499716877937
velocity:
- -0.008750000037252903
- -0.009062499739229679
effort:
- .nan
- .nan
---
header:
  stamp:
    sec: 1791164590
    nanosec: 132153461
  frame_id: base_link
name:
- joint_x
- joint_y
position:
- 0.0286250002682209
- 0.0286250002682209
velocity:
- -0.00937500037252903
- -0.00937500037252903
effort:
- .nan
- .nan
---
header:
  stamp:
    sec: 1791164590
    nanosec: 152140393
  frame_id: base_link
name:
- joint_x
- joint_y
position:
- 0.028206249698996544
- 0.028206249698996544
velocity:
- -0.010937499813735485
- -0.010937499813735485
effort:
- .nan
- .nan
---
header:
  stamp:
    sec: 1791164590
    nanosec: 172139241
  frame_id: base_link
name:
- joint_x
- joint_y
position:
- 0.02798750065267086
- 0.02798750065267086
velocity:
- -0.011250000447034836
- -0.011250000447034836
effort:
- .nan
- .nan
---
header:
  stamp:
    sec: 1791164590
    nanosec: 192133176
  frame_id: base_link
name:
- joint_x
- joint_y
position:
- 0.02775624953210354
- 0.02775624953210354
velocity:
- -0.011562500149011612
- -0.011562500149011612
effort:
- .nan
- .nan
---
header:
  stamp:
    sec: 1791164590
    nanosec: 212136492
  frame_id: base_link
name:
- joint_x
- joint_y
position:
- 0.027512500062584877
- 0.027512500062584877
velocity:
- -0.012187499552965164
- -0.012187499552965164
effort:
- .nan
- .nan
---
header:
  stamp:
    sec: 1791164590
    nanosec: 232155555
  frame_id: base_link
name:
- joint_x
- joint_y
position:
- 0.027262499555945396
- 0.027262499555945396
velocity:
- -0.012500000186264515
- -0.012500000186264515
effort:
- .nan
- .nan
---
header:
  stamp:
    sec: 1791164590
    nanosec: 252137214
  frame_id: base_link
name:
- joint_x
- joint_y
position:
- 0.027000000700354576
- 0.027006249874830246
velocity:
- -0.013124999590218067
- -0.012812499888241291
effort:
- .nan
- .nan
---
header:
  stamp:
    sec: 1791164590
    nanosec: 272126230
  frame_id: base_link
name:
- joint_x
- joint_y
position:
- 0.026718750596046448
- 0.026724999770522118
velocity:
- -0.01406249962747097
- -0.01406249962747097
effort:
- .nan
- .nan
---
header:
  stamp:
    sec: 1791164590
    nanosec: 292149702
  frame_id: base_link
name:
- joint_x
- joint_y
position:
- 0.02644374966621399
- 0.02644374966621399
velocity:
- -0.013749999925494194
- -0.01406249962747097
effort:
- .nan
- .nan
---
header:
  stamp:
    sec: 1791164590
    nanosec: 312133668
  frame_id: base_link
name:
- joint_x
- joint_y
position:
- 0.02615625038743019
- 0.02615625038743019
velocity:
- -0.014375000260770321
- -0.014375000260770321
effort:
- .nan
- .nan
---
header:
  stamp:
    sec: 1791164590
    nanosec: 332147919
  frame_id: base_link
name:
- joint_x
- joint_y
position:
- 0.025862500071525574
- 0.025862500071525574
velocity:
- -0.014687499962747097
- -0.014687499962747097
effort:
- .nan
- .nan
---
header:
  stamp:
    sec: 1791164590
    nanosec: 352176531
  frame_id: base_link
name:
- joint_x
- joint_y
position:
- 0.025562500581145287
- 0.025562500581145287
velocity:
- -0.014999999664723873
- -0.014999999664723873
effort:
- .nan
- .nan
---
header:
  stamp:
    sec: 1791164590
    nanosec: 372184913
  frame_id: base_link
name:
- joint_x
- joint_y
position:
- 0.024918749928474426
- 0.024924999102950096
velocity:
- -0.015625
- -0.015625
effort:
- .nan
- .nan
---
header:
  stamp:
    sec: 1791164590
    nanosec: 392163904
  frame_id: base_link
name:
- joint_x
- joint_y
position:
- 0.02459375001490116
- 0.02459999918937683
velocity:
- -0.016249999403953552
- -0.016249999403953552
effort:
- .nan
- .nan
---
header:
  stamp:
    sec: 1791164590
    nanosec: 412130851
  frame_id: base_link
name:
- joint_x
- joint_y
position:
- 0.024262500926852226
- 0.024268750101327896
velocity:
- -0.01656249910593033
- -0.01656249910593033
effort:
- .nan
- .nan
---
header:
  stamp:
    sec: 1791164590
    nanosec: 432147583
  frame_id: base_link
name:
- joint_x
- joint_y
position:
- 0.023906249552965164
- 0.023906249552965164
velocity:
- -0.017812499776482582
- -0.017812499776482582
effort:
- .nan
- .nan
---
header:
  stamp:
    sec: 1791164590
    nanosec: 452149140
  frame_id: base_link
name:
- joint_x
- joint_y
position:
- 0.02356250025331974
- 0.02356250025331974
velocity:
- -0.01718750037252903
- -0.01718750037252903
effort:
- .nan
- .nan
---
header:
  stamp:
    sec: 1791164590
    nanosec: 472132537
  frame_id: base_link
name:
- joint_x
- joint_y
position:
- 0.023212499916553497
- 0.023212499916553497
velocity:
- -0.017500000074505806
- -0.017812499776482582
effort:
- .nan
- .nan
---
header:
  stamp:
    sec: 1791164590
    nanosec: 492148198
  frame_id: base_link
name:
- joint_x
- joint_y
position:
- 0.022856250405311584
- 0.022856250405311584
velocity:
- -0.017500000074505806
- -0.017812499776482582
effort:
- .nan
- .nan
---
header:
  stamp:
    sec: 1791164590
    nanosec: 512141510
  frame_id: base_link
name:
- joint_x
- joint_y
position:
- 0.022493749856948853
- 0.02250000089406967
velocity:
- -0.018124999478459358
- -0.017812499776482582
effort:
- .nan
- .nan
---
header:
  stamp:
    sec: 1791164590
    nanosec: 532138923
  frame_id: base_link
name:
- joint_x
- joint_y
position:
- 0.022112499922513962
- 0.022112499922513962
velocity:
- -0.01845238171517849
- -0.01845238171517849
effort:
- .nan
- .nan
---
header:
  stamp:
    sec: 1791164590
    nanosec: 552218802
  frame_id: base_link
name:
- joint_x
- joint_y
position:
- 0.0217250008136034
- 0.0217250008136034
velocity:
- -0.019375000149011612
- -0.019375000149011612
effort:
- .nan
- .nan
---
header:
  stamp:
    sec: 1791164590
    nanosec: 572142239
  frame_id: base_link
name:
- joint_x
- joint_y
position:
- 0.02135000005364418
- 0.02135000005364418
velocity:
- -0.01875000074505806
- -0.018437499180436134
effort:
- .nan
- .nan
---
header:
  stamp:
    sec: 1791164590
    nanosec: 592152153
  frame_id: base_link
name:
- joint_x
- joint_y
position:
- 0.02059374935925007
- 0.02059374935925007
velocity:
- -0.019062500447034836
- -0.019062500447034836
effort:
- .nan
- .nan
---
header:
  stamp:
    sec: 1791164590
    nanosec: 612148424
  frame_id: base_link
name:
- joint_x
- joint_y
position:
- 0.02018124982714653
- 0.02018124982714653
velocity:
- -0.020625000819563866
- -0.02031249925494194
effort:
- .nan
- .nan
---
header:
  stamp:
    sec: 1791164590
    nanosec: 632173223
  frame_id: base_link
name:
- joint_x
- joint_y
position:
- 0.01978749968111515
- 0.01978749968111515
velocity:
- -0.019375000149011612
- -0.019687499850988388
effort:
- .nan
- .nan
---
header:
  stamp:
    sec: 1791164590
    nanosec: 652150914
  frame_id: base_link
name:
- joint_x
- joint_y
position:
- 0.01939374953508377
- 0.01939374953508377
velocity:
- -0.019687499850988388
- -0.019687499850988388
effort:
- .nan
- .nan
---
header:
  stamp:
    sec: 1791164590
    nanosec: 672150589
  frame_id: base_link
name:
- joint_x
- joint_y
position:
- 0.01899999938905239
- 0.01899999938905239
velocity:
- -0.019999999552965164
- -0.019999999552965164
effort:
- .nan
- .nan
---
header:
  stamp:
    sec: 1791164590
    nanosec: 692161208
  frame_id: base_link
name:
- joint_x
- joint_y
position:
- 0.01860000006854534
- 0.01860000006854534
velocity:
- -0.019999999552965164
- -0.019999999552965164
effort:
- .nan
- .nan
---
header:
  stamp:
    sec: 1791164590
    nanosec: 712156883
  frame_id: base_link
name:
- joint_x
- joint_y
position:
- 0.018175000324845314
- 0.018175000324845314
velocity:
- -0.02023809589445591
- -0.02023809589445591
effort:
- .nan
- .nan
---
header:
  stamp:
    sec: 1791164590
    nanosec: 732185658
  frame_id: base_link
name:
- joint_x
- joint_y
position:
- 0.017750000581145287
- 0.017750000581145287
velocity:
- -0.021250000223517418
- -0.021250000223517418
effort:
- .nan
- .nan
---
header:
  stamp:
    sec: 1791164590
    nanosec: 752157318
  frame_id: base_link
name:
- joint_x
- joint_y
position:
- 0.017343750223517418
- 0.017343750223517418
velocity:
- -0.02031249925494194
- -0.02031249925494194
effort:
- .nan
- .nan
---
header:
  stamp:
    sec: 1791164590
    nanosec: 772160982
  frame_id: base_link
name:
- joint_x
- joint_y
position:
- 0.01693749986588955
- 0.01693749986588955
velocity:
- -0.02031249925494194
- -0.02031249925494194
effort:
- .nan
- .nan
---
header:
  stamp:
    sec: 1791164590
    nanosec: 792145664
  frame_id: base_link
name:
- joint_x
- joint_y
position:
- 0.01652500033378601
- 0.01652500033378601
velocity:
- -0.020625000819563866
- -0.020625000819563866
effort:
- .nan
- .nan
---
header:
  stamp:
    sec: 1791164590
    nanosec: 812171045
  frame_id: base_link
name:
- joint_x
- joint_y
position:
- 0.016118749976158142
- 0.016112500801682472
velocity:
- -0.02031249925494194
- -0.02031249925494194
effort:
- .nan
- .nan
---
header:
  stamp:
    sec: 1791164590
    nanosec: 832190207
  frame_id: base_link
name:
- joint_x
- joint_y
position:
- 0.015274999663233757
- 0.015274999663233757
velocity:
- -0.02031249925494194
- -0.02031249925494194
effort:
- .nan
- .nan
---
header:
  stamp:
    sec: 1791164590
    nanosec: 852152696
  frame_id: base_link
name:
- joint_x
- joint_y
position:
- 0.014862500131130219
- 0.014862500131130219
velocity:
- -0.020625000819563866
- -0.020625000819563866
effort:
- .nan
- .nan
---
header:
  stamp:
    sec: 1791164590
    nanosec: 872161527
  frame_id: base_link
name:
- joint_x
- joint_y
position:
- 0.014449999667704105
- 0.014449999667704105
velocity:
- -0.020625000819563866
- -0.020625000819563866
effort:
- .nan
- .nan
---
header:
  stamp:
    sec: 1791164590
    nanosec: 892171881
  frame_id: base_link
name:
- joint_x
- joint_y
position:
- 0.014018749818205833
- 0.014018749818205833
velocity:
- -0.02083333395421505
- -0.02083333395421505
effort:
- .nan
- .nan
---
header:
  stamp:
    sec: 1791164590
    nanosec: 912157433
  frame_id: base_link
name:
- joint_x
- joint_y
position:
- 0.013581249862909317
- 0.013587499968707561
velocity:
- -0.021562499925494194
- -0.021562499925494194
effort:
- .nan
- .nan
---
header:
  stamp:
    sec: 1791164590
    nanosec: 932158165
  frame_id: base_link
name:
- joint_x
- joint_y
position:
- 0.013175000436604023
- 0.013175000436604023
velocity:
- -0.02031249925494194
- -0.02031249925494194
effort:
- .nan
- .nan
---
header:
  stamp:
    sec: 1791164590
    nanosec: 952216327
  frame_id: base_link
name:
- joint_x
- joint_y
position:
- 0.012768750078976154
- 0.012768750078976154
velocity:
- -0.02031249925494194
- -0.02031249925494194
effort:
- .nan
- .nan
---
header:
  stamp:
    sec: 1791164590
    nanosec: 972166377
  frame_id: base_link
name:
- joint_x
- joint_y
position:
- 0.012362499721348286
- 0.012362499721348286
velocity:
- -0.02031249925494194
- -0.02031249925494194
effort:
- .nan
- .nan
---
header:
  stamp:
    sec: 1791164590
    nanosec: 992170243
  frame_id: base_link
name:
- joint_x
- joint_y
position:
- 0.011956250295042992
- 0.011962500400841236
velocity:
- -0.02031249925494194
- -0.02031249925494194
effort:
- .nan
- .nan
---
header:
  stamp:
    sec: 1791164591
    nanosec: 12168304
  frame_id: base_link
name:
- joint_x
- joint_y
position:
- 0.011537499725818634
- 0.011537499725818634
velocity:
- -0.021250000223517418
- -0.021250000223517418
effort:
- .nan
- .nan
---
header:
  stamp:
    sec: 1791164591
    nanosec: 32168107
  frame_id: base_link
name:
- joint_x
- joint_y
position:
- 0.01113125029951334
- 0.011137500405311584
velocity:
- -0.019999999552965164
- -0.019999999552965164
effort:
- .nan
- .nan
---
header:
  stamp:
    sec: 1791164591
    nanosec: 52213167
  frame_id: base_link
name:
- joint_x
- joint_y
position:
- 0.010350000113248825
- 0.01034375000745058
velocity:
- -0.019375000149011612
- -0.019375000149011612
effort:
- .nan
- .nan
---
header:
  stamp:
    sec: 1791164591
    nanosec: 72164858
  frame_id: base_link
name:
- joint_x
- joint_y
position:
- 0.009931249544024467
- 0.009931249544024467
velocity:
- -0.01994047686457634
- -0.01994047686457634
effort:
- .nan
- .nan
---
header:
  stamp:
    sec: 1791164591
    nanosec: 92165149
  frame_id: base_link
name:
- joint_x
- joint_y
position:
- 0.009525000117719173
- 0.009525000117719173
velocity:
- -0.02031249925494194
- -0.02031249925494194
effort:
- .nan
- .nan
---
header:
  stamp:
    sec: 1791164591
    nanosec: 112166068
  frame_id: base_link
name:
- joint_x
- joint_y
position:
- 0.009143750183284283
- 0.009143750183284283
velocity:
- -0.019062500447034836
- -0.019062500447034836
effort:
- .nan
- .nan
---
header:
  stamp:
    sec: 1791164591
    nanosec: 132165696
  frame_id: base_link
name:
- joint_x
- joint_y
position:
- 0.008756250143051147
- 0.008762500248849392
velocity:
- -0.019062500447034836
- -0.019062500447034836
effort:
- .nan
- .nan
---
header:
  stamp:
    sec: 1791164591
    nanosec: 152161365
  frame_id: base_link
name:
- joint_x
- joint_y
position:
- 0.008381250314414501
- 0.008387500420212746
velocity:
- -0.01875000074505806
- -0.01875000074505806
effort:
- .nan
- .nan
---
header:
  stamp:
    sec: 1791164591
    nanosec: 172152134
  frame_id: base_link
name:
- joint_x
- joint_y
position:
- 0.00800624955445528
- 0.008012499660253525
velocity:
- -0.01875000074505806
- -0.01875000074505806
effort:
- .nan
- .nan
---
header:
  stamp:
    sec: 1791164591
    nanosec: 192149693
  frame_id: base_link
name:
- joint_x
- joint_y
position:
- 0.007625000085681677
- 0.007625000085681677
velocity:
- -0.01845238171517849
- -0.01845238171517849
effort:
- .nan
- .nan
---
header:
  stamp:
    sec: 1791164591
    nanosec: 212154640
  frame_id: base_link
name:
- joint_x
- joint_y
position:
- 0.007243750151246786
- 0.007243750151246786
velocity:
- -0.019062500447034836
- -0.019062500447034836
effort:
- .nan
- .nan
---
header:
  stamp:
    sec: 1791164591
    nanosec: 232140059
  frame_id: base_link
name:
- joint_x
- joint_y
position:
- 0.006887500174343586
- 0.006887500174343586
velocity:
- -0.017812499776482582
- -0.017812499776482582
effort:
- .nan
- .nan
---
header:
  stamp:
    sec: 1791164591
    nanosec: 252169271
  frame_id: base_link
name:
- joint_x
- joint_y
position:
- 0.006531250197440386
- 0.006537499837577343
velocity:
- -0.017500000074505806
- -0.017500000074505806
effort:
- .nan
- .nan
---
header:
  stamp:
    sec: 1791164591
    nanosec: 272177646
  frame_id: base_link
name:
- joint_x
- joint_y
position:
- 0.006187499966472387
- 0.006193750072270632
velocity:
- -0.01718750037252903
- -0.01718750037252903
effort:
- .nan
- .nan
---
header:
  stamp:
    sec: 1791164591
    nanosec: 292180755
  frame_id: base_link
name:
- joint_x
- joint_y
position:
- 0.005856249947100878
- 0.005856249947100878
velocity:
- -0.016875000670552254
- -0.016875000670552254
effort:
- .nan
- .nan
---
header:
  stamp:
    sec: 1791164591
    nanosec: 312184383
  frame_id: base_link
name:
- joint_x
- joint_y
position:
- 0.005181250162422657
- 0.005181250162422657
velocity:
- -0.015937499701976776
- -0.016249999403953552
effort:
- .nan
- .nan
---
header:
  stamp:
    sec: 1791164591
    nanosec: 332140029
  frame_id: base_link
name:
- joint_x
- joint_y
position:
- 0.004862499888986349
- 0.004862499888986349
velocity:
- -0.015937499701976776
- -0.015937499701976776
effort:
- .nan
- .nan
---
header:
  stamp:
    sec: 1791164591
    nanosec: 352159860
  frame_id: base_link
name:
- joint_x
- joint_y
position:
- 0.004550000187009573
- 0.00455624982714653
velocity:
- -0.015625
- -0.015625
effort:
- .nan
- .nan
---
header:
  stamp:
    sec: 1791164591
    nanosec: 372147344
  frame_id: base_link
name:
- joint_x
- joint_y
position:
- 0.004231249913573265
- 0.0042375000193715096
velocity:
- -0.015476190485060215
- -0.015178571455180645
effort:
- .nan
- .nan
---
header:
  stamp:
    sec: 1791164591
    nanosec: 392166820
  frame_id: base_link
name:
- joint_x
- joint_y
position:
- 0.003924999851733446
- 0.003924999851733446
velocity:
- -0.015312500298023224
- -0.015625
effort:
- .nan
- .nan
---
header:
  stamp:
    sec: 1791164591
    nanosec: 412173358
  frame_id: base_link
name:
- joint_x
- joint_y
position:
- 0.0036375001072883606
- 0.0036375001072883606
velocity:
- -0.014375000260770321
- -0.014375000260770321
effort:
- .nan
- .nan
---
header:
  stamp:
    sec: 1791164591
    nanosec: 432169750
  frame_id: base_link
name:
- joint_x
- joint_y
position:
- 0.0033562500029802322
- 0.0033625001087784767
velocity:
- -0.01406249962747097
- -0.013749999925494194
effort:
- .nan
- .nan
---
header:
  stamp:
    sec: 1791164591
    nanosec: 452166971
  frame_id: base_link
name:
- joint_x
- joint_y
position:
- 0.003087500110268593
- 0.003087500110268593
velocity:
- -0.013437500223517418
- -0.013749999925494194
effort:
- .nan
- .nan
---
header:
  stamp:
    sec: 1791164591
    nanosec: 472171389
  frame_id: base_link
name:
- joint_x
- joint_y
position:
- 0.0028250000905245543
- 0.0028250000905245543
velocity:
- -0.013124999590218067
- -0.013124999590218067
effort:
- .nan
- .nan
---
header:
  stamp:
    sec: 1791164591
    nanosec: 492176135
  frame_id: base_link
name:
- joint_x
- joint_y
position:
- 0.002556249964982271
- 0.002556249964982271
velocity:
- -0.013124999590218067
- -0.013124999590218067
effort:
- .nan
- .nan
---
header:
  stamp:
    sec: 1791164591
    nanosec: 512161351
  frame_id: base_link
name:
- joint_x
- joint_y
position:
- 0.0023125000298023224
- 0.002318749902769923
velocity:
- -0.012187499552965164
- -0.012187499552965164
effort:
- .nan
- .nan
---
header:
  stamp:
    sec: 1791164591
    nanosec: 532181755
  frame_id: base_link
name:
- joint_x
- joint_y
position:
- 0.0018624999793246388
- 0.0018624999793246388
velocity:
- -0.010937499813735485
- -0.010937499813735485
effort:
- .nan
- .nan
---
header:
  stamp:
    sec: 1791164591
    nanosec: 552176674
  frame_id: base_link
name:
- joint_x
- joint_y
position:
- 0.001637500012293458
- 0.001637500012293458
velocity:
- -0.010937499813735485
- -0.011250000447034836
effort:
- .nan
- .nan
---
header:
  stamp:
    sec: 1791164591
    nanosec: 572166953
  frame_id: base_link
name:
- joint_x
- joint_y
position:
- 0.0014375000027939677
- 0.0014375000027939677
velocity:
- -0.010312500409781933
- -0.009999999776482582
effort:
- .nan
- .nan
---
header:
  stamp:
    sec: 1791164591
    nanosec: 592180583
  frame_id: base_link
name:
- joint_x
- joint_y
position:
- 0.0012499999720603228
- 0.0012499999720603228
velocity:
- -0.00937500037252903
- -0.00937500037252903
effort:
- .nan
- .nan
---
header:
  stamp:
    sec: 1791164591
    nanosec: 612179463
  frame_id: base_link
name:
- joint_x
- joint_y
position:
- 0.0010687500471249223
- 0.0010687500471249223
velocity:
- -0.009062499739229679
- -0.009062499739229679
effort:
- .nan
- .nan
---
header:
  stamp:
    sec: 1791164591
    nanosec: 632171941
  frame_id: base_link
name:
- joint_x
- joint_y
position:
- 0.0008999999845400453
- 0.0008999999845400453
velocity:
- -0.008437500335276127
- -0.008437500335276127
effort:
- .nan
- .nan
---
header:
  stamp:
    sec: 1791164591
    nanosec: 652124432
  frame_id: base_link
name:
- joint_x
- joint_y
position:
- 0.0007375000277534127
- 0.0007375000277534127
velocity:
- -0.0077380952425301075
- -0.0077380952425301075
effort:
- .nan
- .nan
---
header:
  stamp:
    sec: 1791164591
    nanosec: 672174468
  frame_id: base_link
name:
- joint_x
- joint_y
position:
- 0.0005812500021420419
- 0.0005812500021420419
velocity:
- -0.0078125
- -0.0078125
effort:
- .nan
- .nan
---
header:
  stamp:
    sec: 1791164591
    nanosec: 692176838
  frame_id: base_link
name:
- joint_x
- joint_y
position:
- 0.00044999999227002263
- 0.00044999999227002263
velocity:
- -0.006562499795109034
- -0.006562499795109034
effort:
- .nan
- .nan
---
header:
  stamp:
    sec: 1791164591
    nanosec: 712163872
  frame_id: base_link
name:
- joint_x
- joint_y
position:
- 0.0003312499902676791
- 0.0003312499902676791
velocity:
- -0.005937499925494194
- -0.005937499925494194
effort:
- .nan
- .nan
---
header:
  stamp:
    sec: 1791164591
    nanosec: 732163272
  frame_id: base_link
name:
- joint_x
- joint_y
position:
- 0.00022499999613501132
- 0.00022499999613501132
velocity:
- -0.0053125000558793545
- -0.0053125000558793545
effort:
- .nan
- .nan
---
header:
  stamp:
    sec: 1791164591
    nanosec: 752174235
  frame_id: base_link
name:
- joint_x
- joint_y
position:
- 0.00013124999532010406
- 0.00013124999532010406
velocity:
- -0.004687500186264515
- -0.004687500186264515
effort:
- .nan
- .nan
---
header:
  stamp:
    sec: 1791164591
    nanosec: 772174193
  frame_id: base_link
name:
- joint_x
- joint_y
position:
- -1.8750000890577212e-05
- -1.8750000890577212e-05
velocity:
- -0.0031250000465661287
- -0.0031250000465661287
effort:
- .nan
- .nan
---
header:
  stamp:
    sec: 1791164591
    nanosec: 792163949
  frame_id: base_link
name:
- joint_x
- joint_y
position:
- -6.874999962747097e-05
- -6.874999962747097e-05
velocity:
- -0.0024999999441206455
- -0.0024999999441206455
effort:
- .nan
- .nan
---
header:
  stamp:
    sec: 1791164591
    nanosec: 812171798
  frame_id: base_link
name:
- joint_x
- joint_y
position:
- -0.00011249999806750566
- -0.00011249999806750566
velocity:
- -0.0021875000093132257
- -0.0021875000093132257
effort:
- .nan
- .nan
---
header:
  stamp:
    sec: 1791164591
    nanosec: 832171425
  frame_id: base_link
name:
- joint_x
- joint_y
position:
- -0.00013749999925494194
- -0.00013749999925494194
velocity:
- -0.0012499999720603228
- -0.0012499999720603228
effort:
- .nan
- .nan
---
header:
  stamp:
    sec: 1791164591
    nanosec: 852201074
  frame_id: base_link
name:
- joint_x
- joint_y
position:
- -0.00014375000318977982
- -0.00014375000318977982
velocity:
- -0.0003124999930150807
- -0.0003124999930150807
effort:
- .nan
- .nan
---
header:
  stamp:
    sec: 1791164591
    nanosec: 872163018
  frame_id: base_link
name:
- joint_x
- joint_y
position:
- -0.00013749999925494194
- -0.00013749999925494194
velocity:
- 0.0003124999930150807
- 0.0003124999930150807
effort:
- .nan
- .nan
---
header:
  stamp:
    sec: 1791164591
    nanosec: 892124479
  frame_id: base_link
name:
- joint_x
- joint_y
position:
- -0.0001062500014086254
- -0.0001062500014086254
velocity:
- 0.0015625000232830644
- 0.0015625000232830644
effort:
- .nan
- .nan
---
header:
  stamp:
    sec: 1791164591
    nanosec: 912174870
  frame_id: base_link
name:
- joint_x
- joint_y
position:
- -7.500000356230885e-05
- -7.500000356230885e-05
velocity:
- 0.0015625000232830644
- 0.0015625000232830644
effort:
- .nan
- .nan
---
header:
  stamp:
    sec: 1791164591
    nanosec: 932174031
  frame_id: base_link
name:
- joint_x
- joint_y
position:
- 0.0
- 0.0
velocity:
- 0.0037499999161809683
- 0.0034374999813735485
effort:
- .nan
- .nan
---
header:
  stamp:
    sec: 1791164591
    nanosec: 952164044
  frame_id: base_link
name:
- joint_x
- joint_y
position:
- 0.0
- 0.0
velocity:
- 0.0
- 0.0003124999930150807
effort:
- .nan
- .nan
---
header:
  stamp:
    sec: 1791164591
    nanosec: 972132242
  frame_id: base_link
name:
- joint_x
- joint_y
position:
- 0.0
- 0.0
velocity:
- 0.0
- 0.0
effort:
- .nan
- .nan
---
header:
  stamp:
    sec: 1791164591
    nanosec: 992131932
  frame_id: base_link
name:
- joint_x
- joint_y
position:
- 0.0
- 0.0
velocity:
- 0.0
- 0.0
effort:
- .nan
- .nan
---
header:
  stamp:
    sec: 1791164592
    nanosec: 12134341
  frame_id: base_link
name:
- joint_x
- joint_y
position:
- 0.0
- 0.0
velocity:
- 0.0
- 0.0
effort:
- .nan
- .nan
---
header:
  stamp:
    sec: 1791164592
    nanosec: 32180262
  frame_id: base_link
name:
- joint_x
- joint_y
position:
- 0.0
- 0.0
velocity:
- 0.0
- 0.0
effort:
- .nan
- .nan
---
header:
  stamp:
    sec: 1791164592
    nanosec: 52144243
  frame_id: base_link
name:
- joint_x
- joint_y
position:
- 0.0
- 0.0
velocity:
- 0.0
- 0.0
effort:
- .nan
- .nan
---
