Archive member included to satisfy reference by file (symbol)

D:\CCDev\EnhancedClearCoreLibrary\libClearCore\Debug\libClearCore.a(EthernetTcpClient.o)
                              MotionStreaming.o (ClearCore::EthernetTcpClient::EthernetTcpClient())
D:\CCDev\EnhancedClearCoreLibrary\libClearCore\Debug\libClearCore.a(EthernetTcpServer.o)
                              MotionStreaming.o (ClearCore::EthernetTcpServer::Available())
D:\CCDev\EnhancedClearCoreLibrary\libClearCore\Debug\libClearCore.a(MotorDriver.o)
                              MotionStreaming.o (ClearCore::MotorDriver::EnableRequest(bool))
D:\CCDev\EnhancedClearCoreLibrary\libClearCore\Debug\libClearCore.a(SerialUsb.o)
                              MotionStreaming.o (ClearCore::SerialUsb::operator bool())
D:\CCDev\EnhancedClearCoreLibrary\libClearCore\Debug\libClearCore.a(UsbManager.o)
                              D:\CCDev\EnhancedClearCoreLibrary\libClearCore\Debug\libClearCore.a(SerialUsb.o) (ClearCore::UsbManager::Speed(unsigned long))
D:\CCDev\EnhancedClearCoreLibrary\libClearCore\Debug\libClearCore.a(SysManager.o)
                              D:\CCDev\EnhancedClearCoreLibrary\libClearCore\Debug\libClearCore.a(MotorDriver.o) (ClearCore::SysManager::ConnectorByIndex(ClearCorePins))
D:\CCDev\EnhancedClearCoreLibrary\libClearCore\Debug\libClearCore.a(SysTiming.o)
                              D:\CCDev\EnhancedClearCoreLibrary\libClearCore\Debug\libClearCore.a(SysManager.o) (ClearCore::SysTiming::IsrStart())
D:\CCDev\EnhancedClearCoreLibrary\libClearCore\Debug\libClearCore.a(EthernetManager.o)
                              D:\CCDev\EnhancedClearCoreLibrary\libClearCore\Debug\libClearCore.a(SysManager.o) (ClearCore::EthernetManager::Initialize())
D:\CCDev\EnhancedClearCoreLibrary\libClearCore\Debug\libClearCore.a(ShiftRegister.o)
                              D:\CCDev\EnhancedClearCoreLibrary\libClearCore\Debug\libClearCore.a(SysManager.o) (ClearCore::ShiftRegister::ShiftRegister())
D:\CCDev\EnhancedClearCoreLibrary\libClearCore\Debug\libClearCore.a(MotorManager.o)
                              MotionStreaming.o (ClearCore::MotorManager::MotorModeSet(ClearCore::MotorManager::MotorPair, ClearCore::Connector::ConnectorModes))
D:\CCDev\EnhancedClearCoreLibrary\libClearCore\Debug\libClearCore.a(StepGenerator.o)
                              D:\CCDev\EnhancedClearCoreLibrary\libClearCore\Debug\libClearCore.a(MotorDriver.o) (ClearCore::StepGenerator::Move(long, ClearCore::StepGenerator::MoveTarget))
D:\CCDev\EnhancedClearCoreLibrary\libClearCore\Debug\libClearCore.a(CoordinatedMotionController.o)
                              MotionStreaming.o (ClearCore::CoordinatedMotionController::CoordinatedMotionController())
D:\CCDev\EnhancedClearCoreLibrary\libClearCore\Debug\libClearCore.a(UnitConverter.o)
                              MotionStreaming.o (ClearCore::UnitConverter::DistanceToSteps(double, ClearCore::UnitType, ClearCore::MotorMechanicalConfig const&))
D:\CCDev\EnhancedClearCoreLibrary\libClearCore\Debug\libClearCore.a(LinearInterpolator.o)
                              D:\CCDev\EnhancedClearCoreLibrary\libClearCore\Debug\libClearCore.a(CoordinatedMotionController.o) (ClearCore::LinearInterpolator::LinearInterpolator())
D:\CCDev\EnhancedClearCoreLibrary\libClearCore\Debug\libClearCore.a(ArcInterpolator.o)
                              D:\CCDev\EnhancedClearCoreLibrary\libClearCore\Debug\libClearCore.a(CoordinatedMotionController.o) (ClearCore::ArcInterpolator::ArcInterpolator())
D:\CCDev\EnhancedClearCoreLibrary\libClearCore\Debug\libClearCore.a(TrigLUT.o)
                              D:\CCDev\EnhancedClearCoreLibrary\libClearCore\Debug\libClearCore.a(ArcInterpolator.o) (ClearCore::SinQx(long))
D:\CCDev\EnhancedClearCoreLibrary\libClearCore\Debug\libClearCore.a(system_same53.o)
                              D:\CCDev\EnhancedClearCoreLibrary\libClearCore\Debug\libClearCore.a(SysManager.o) (SystemInit)
D:\CCDev\EnhancedClearCoreLibrary\libClearCore\Debug\libClearCore.a(EncoderInput.o)
                              D:\CCDev\EnhancedClearCoreLibrary\libClearCore\Debug\libClearCore.a(SysManager.o) (ClearCore::EncoderInput::EncoderInput())
D:\CCDev\EnhancedClearCoreLibrary\libClearCore\Debug\libClearCore.a(cdcdf_acm.o)
                              D:\CCDev\EnhancedClearCoreLibrary\libClearCore\Debug\libClearCore.a(UsbManager.o) (cdcdf_acm_init)
D:\CCDev\EnhancedClearCoreLibrary\libClearCore\Debug\libClearCore.a(usbdc.o)
                              D:\CCDev\EnhancedClearCoreLibrary\libClearCore\Debug\libClearCore.a(cdcdf_acm.o) (usbdc_xfer)
D:\CCDev\EnhancedClearCoreLibrary\libClearCore\Debug\libClearCore.a(usb_protocol.o)
                              D:\CCDev\EnhancedClearCoreLibrary\libClearCore\Debug\libClearCore.a(cdcdf_acm.o) (usb_find_desc)
D:\CCDev\EnhancedClearCoreLibrary\libClearCore\Debug\libClearCore.a(hal_usb_device.o)
[...]
Memory Configuration

Name             Origin             Length             Attributes
FLASH            0x00004000         0x0007c000         xr
RAM              0x20000000         0x00030000         xrw
*default*        0x00000000         0xffffffff

Linker script and memory map

LOAD c:/program files (x86)/atmel/studio/7.0/toolchain/arm/arm-gnu-toolchain/bin/../lib/gcc/arm-none-eabi/6.3.1/thumb/v7e-m/fpv4-sp/hard/crti.o
LOAD c:/program files (x86)/atmel/studio/7.0/toolchain/arm/arm-gnu-toolchain/bin/../lib/gcc/arm-none-eabi/6.3.1/thumb/v7e-m/fpv4-sp/hard/crtbegin.o
LOAD c:/program files (x86)/atmel/studio/7.0/toolchain/arm/arm-gnu-toolchain/bin/../lib/gcc/arm-none-eabi/6.3.1/../../../../arm-none-eabi/lib/thumb/v7e-m/fpv4-sp/hard/rdimon-crt0.o
LOAD Device_Startup/startup_same53.o
LOAD MotionStreaming.o
START GROUP
LOAD C:\Program Files (x86)\Atmel\Studio\7.0\Packs\arm\CMSIS\4.5.0\CMSIS\Lib\GCC\libarm_cortexM4lf_math.a
LOAD D:\CCDev\EnhancedClearCoreLibrary\libClearCore\Debug\libClearCore.a
LOAD D:\CCDev\EnhancedClearCoreLibrary\LwIP\Debug\libLwIP.a
END GROUP
LOAD c:/program files (x86)/atmel/studio/7.0/toolchain/arm/arm-gnu-toolchain/bin/../lib/gcc/arm-none-eabi/6.3.1/../../../../arm-none-eabi/lib/thumb/v7e-m/fpv4-sp/hard\libstdc++.a
LOAD c:/program files (x86)/atmel/studio/7.0/toolchain/arm/arm-gnu-toolchain/bin/../lib/gcc/arm-none-eabi/6.3.1/../../../../arm-none-eabi/lib/thumb/v7e-m/fpv4-sp/hard\libm.a
START GROUP
LOAD c:/program files (x86)/atmel/studio/7.0/toolchain/arm/arm-gnu-toolchain/bin/../lib/gcc/arm-none-eabi/6.3.1/thumb/v7e-m/fpv4-sp/hard\libgcc.a
LOAD c:/program files (x86)/atmel/studio/7.0/toolchain/arm/arm-gnu-toolchain/bin/../lib/gcc/arm-none-eabi/6.3.1/../../../../arm-none-eabi/lib/thumb/v7e-m/fpv4-sp/hard\libc.a
END GROUP
START GROUP
LOAD c:/program files (x86)/atmel/studio/7.0/toolchain/arm/arm-gnu-toolchain/bin/../lib/gcc/arm-none-eabi/6.3.1/thumb/v7e-m/fpv4-sp/hard\libgcc.a
LOAD c:/program files (x86)/atmel/studio/7.0/toolchain/arm/arm-gnu-toolchain/bin/../lib/gcc/arm-none-eabi/6.3.1/../../../../arm-none-eabi/lib/thumb/v7e-m/fpv4-sp/hard\libc.a
LOAD c:/program files (x86)/atmel/studio/7.0/toolchain/arm/arm-gnu-toolchain/bin/../lib/gcc/arm-none-eabi/6.3.1/../../../../arm-none-eabi/lib/thumb/v7e-m/fpv4-sp/hard\librdimon.a
END GROUP
LOAD c:/program files (x86)/atmel/studio/7.0/toolchain/arm/arm-gnu-toolchain/bin/../lib/gcc/arm-none-eabi/6.3.1/thumb/v7e-m/fpv4-sp/hard/crtend.o
LOAD c:/program files (x86)/atmel/studio/7.0/toolchain/arm/arm-gnu-toolchain/bin/../lib/gcc/arm-none-eabi/6.3.1/thumb/v7e-m/fpv4-sp/hard/crtn.o

.text           0x00004000    0x2e4ec
                0x00004000                __text_start__ = .
 *(.sketch_boot)
                0x00004000                . = ALIGN (0x4000)
 *(.vectors)
 .vectors       0x00004000      0x264 Device_Startup/startup_same53.o
                0x00004000                exception_table
 *(.text*)
 .text          0x00004264       0x6c c:/program files (x86)/atmel/studio/7.0/toolchain/arm/arm-gnu-toolchain/bin/../lib/gcc/arm-none-eabi/6.3.1/thumb/v7e-m/fpv4-sp/hard/crtbegin.o
 .text.Dummy_Handler
                0x000042d0        0x4 Device_Startup/startup_same53.o
                0x000042d0                SVCall_Handler
                0x000042d0                EVSYS_0_Handler
                0x000042d0                TCC1_3_Handler
                0x000042d0                DAC_3_Handler
                0x000042d0                TRNG_Handler
                0x000042d0                HardFault_Handler
                0x000042d0                TC2_Handler
                0x000042d0                PDEC_2_Handler
                0x000042d0                AC_Handler
                0x000042d0                SERCOM3_1_Handler
                0x000042d0                TCC2_3_Handler
                0x000042d0                SERCOM3_2_Handler
                0x000042d0                PendSV_Handler
                0x000042d0                TC7_Handler
                0x000042d0                ADC1_1_Handler
                0x000042d0                EVSYS_3_Handler
                0x000042d0                PDEC_0_Handler
                0x000042d0                QSPI_Handler
                0x000042d0                NonMaskableInt_Handler
                0x000042d0                MemManagement_Handler
                0x000042d0                DAC_2_Handler
                0x000042d0                RTC_Handler
                0x000042d0                UsageFault_Handler
                0x000042d0                SERCOM4_0_Handler
                0x000042d0                OSC32KCTRL_Handler
                0x000042d0                TCC2_1_Handler
                0x000042d0                SUPC_1_Handler
                0x000042d0                TCC0_5_Handler
                0x000042d0                TCC0_6_Handler
                0x000042d0                SERCOM6_2_Handler
                0x000042d0                EVSYS_1_Handler
                0x000042d0                TCC1_4_Handler
                0x000042d0                TC6_Handler
                0x000042d0                DMAC_0_Handler
                0x000042d0                WDT_Handler
                0x000042d0                SERCOM6_0_Handler
                0x000042d0                SERCOM5_0_Handler
                0x000042d0                TC4_Handler
                0x000042d0                TC1_Handler
                0x000042d0                OSCCTRL_4_Handler
                0x000042d0                SERCOM4_3_Handler
                0x000042d0                DMAC_4_Handler
                0x000042d0                TCC4_2_Handler
                0x000042d0                PAC_Handler
                0x000042d0                TCC1_0_Handler
                0x000042d0                OSCCTRL_0_Handler
                0x000042d0                OSCCTRL_3_Handler
                0x000042d0                SERCOM4_1_Handler
                0x000042d0                TC3_Handler
                0x000042d0                Dummy_Handler
                0x000042d0                TCC2_2_Handler
                0x000042d0                SERCOM5_1_Handler
                0x000042d0                TCC1_1_Handler
                0x000042d0                DMAC_2_Handler
                0x000042d0                ADC0_0_Handler
                0x000042d0                SERCOM0_1_Handler
                0x000042d0                OSCCTRL_2_Handler
                0x000042d0                ADC1_0_Handler
                0x000042d0                TCC1_2_Handler
                0x000042d0                SERCOM7_1_Handler
                0x000042d0                PM_Handler
                0x000042d0                SERCOM6_3_Handler
                0x000042d0                DAC_4_Handler
                0x000042d0                TCC3_2_Handler
                0x000042d0                TCC0_2_Handler
                0x000042d0                DMAC_1_Handler
                0x000042d0                SDHC1_Handler
                0x000042d0                TCC2_0_Handler
                0x000042d0                PDEC_1_Handler
                0x000042d0                TCC4_1_Handler
                0x000042d0                SERCOM5_3_Handler
                0x000042d0                SERCOM6_1_Handler
                0x000042d0                SDHC0_Handler
                0x000042d0                SERCOM1_1_Handler
                0x000042d0                I2S_Handler
                0x000042d0                PCC_Handler
                0x000042d0                DAC_0_Handler
                0x000042d0                TCC0_1_Handler
                0x000042d0                SERCOM1_3_Handler
                0x000042d0                OSCCTRL_1_Handler
                0x000042d0                SERCOM1_0_Handler
                0x000042d0                PUKCC_Handler
                0x000042d0                SERCOM2_1_Handler
                0x000042d0                SERCOM1_2_Handler
                0x000042d0                SERCOM3_0_Handler
                0x000042d0                SERCOM4_2_Handler
                0x000042d0                EVSYS_4_Handler
                0x000042d0                NVMCTRL_1_Handler
                0x000042d0                SERCOM5_2_Handler
                0x000042d0                SERCOM3_3_Handler
                0x000042d0                ADC0_1_Handler
                0x000042d0                TCC3_1_Handler
                0x000042d0                DAC_1_Handler
                0x000042d0                NVMCTRL_0_Handler
                0x000042d0                MCLK_Handler
                0x000042d0                EVSYS_2_Handler
                0x000042d0                SUPC_0_Handler
                0x000042d0                BusFault_Handler
                0x000042d0                FREQM_Handler
                0x000042d0                TC0_Handler
                0x000042d0                TCC0_3_Handler
                0x000042d0                DMAC_3_Handler
                0x000042d0                DebugMonitor_Handler
                0x000042d0                TCC0_4_Handler
                0x000042d0                RAMECC_Handler
                0x000042d0                TC5_Handler
                0x000042d0                AES_Handler
                0x000042d0                ICM_Handler
 *fill*         0x000042d4        0x4 
 .text._Z16InitializeMotorsv
                0x000042d8      0x14c MotionStreaming.o
                0x000042d8                InitializeMotors()
 .text.startup._GLOBAL__sub_I_usingDhcp
                0x00004424       0x70 MotionStreaming.o
 .text._Z23InitializeCommunicationv
                0x00004494       0x34 MotionStreaming.o
                0x00004494                InitializeCommunication()
 .text._Z12SendResponsePKc
                0x000044c8       0x3c MotionStreaming.o
                0x000044c8                SendResponse(char const*)
 .text._Z20PrintCurrentPositionv.part.4
                0x00004504       0xb0 MotionStreaming.o
 *fill*         0x000045b4        0x4 
 .text._Z10ExecuteG03ddddd
                0x000045b8      0x544 MotionStreaming.o
                0x000045b8                ExecuteG03(double, double, double, double, double)
 *fill*         0x00004afc        0x4 
 .text._Z10ExecuteG01ddd
                0x00004b00      0x434 MotionStreaming.o
                0x00004b00                ExecuteG01(double, double, double)
 *fill*         0x00004f34        0x4 
 .text._Z10ExecuteG02ddddd
                0x00004f38      0x86c MotionStreaming.o
                0x00004f38                ExecuteG02(double, double, double, double, double)
 *fill*         0x000057a4        0x4 
 .text._Z10ParseGCodePKc
                0x000057a8     0x1c10 MotionStreaming.o
                0x000057a8                ParseGCode(char const*)
 .text.startup.main
                0x000073b8      0x128 MotionStreaming.o
                0x000073b8                main
 .text._ZN9ClearCore17EthernetTcpClienteqES0_
                0x000074e0       0x10 D:\CCDev\EnhancedClearCoreLibrary\libClearCore\Debug\libClearCore.a(EthernetTcpClient.o)
                0x000074e0                ClearCore::EthernetTcpClient::operator==(ClearCore::EthernetTcpClient)
 .text._ZN9ClearCore17EthernetTcpClient4SendEPKhm
                0x000074f0       0x78 D:\CCDev\EnhancedClearCoreLibrary\libClearCore\Debug\libClearCore.a(EthernetTcpClient.o)
                0x000074f0                ClearCore::EthernetTcpClient::Send(unsigned char const*, unsigned long)
 .text._ZN9ClearCore17EthernetTcpClientC2Ev
                0x00007568       0x18 D:\CCDev\EnhancedClearCoreLibrary\libClearCore\Debug\libClearCore.a(EthernetTcpClient.o)
                0x00007568                ClearCore::EthernetTcpClient::EthernetTcpClient()
                0x00007568                ClearCore::EthernetTcpClient::EthernetTcpClient()
 .text._ZN9ClearCore9DigitalIn5StateEs
                0x00007580        0x4 D:\CCDev\EnhancedClearCoreLibrary\libClearCore\Debug\libClearCore.a(MotorDriver.o)
                0x00007580                ClearCore::DigitalIn::State(short)
 .text._ZN9ClearCore9DigitalIn17ExternalInterruptEv
                0x00007584        0x8 D:\CCDev\EnhancedClearCoreLibrary\libClearCore\Debug\libClearCore.a(MotorDriver.o)
                0x00007584                ClearCore::DigitalIn::ExternalInterrupt()
 .text._ZN9ClearCore11MotorDriver4TypeEv
                0x0000758c        0x4 D:\CCDev\EnhancedClearCoreLibrary\libClearCore\Debug\libClearCore.a(MotorDriver.o)
                0x0000758c                ClearCore::MotorDriver::Type()
 .text._ZN9ClearCore11MotorDriver10IsWritableEv
                0x00007590        0x4 D:\CCDev\EnhancedClearCoreLibrary\libClearCore\Debug\libClearCore.a(MotorDriver.o)
                0x00007590                ClearCore::MotorDriver::IsWritable()
 .text._ZN9ClearCore11MotorDriver11IsInHwFaultEv
                0x00007594        0x8 D:\CCDev\EnhancedClearCoreLibrary\libClearCore\Debug\libClearCore.a(MotorDriver.o)
                0x00007594                ClearCore::MotorDriver::IsInHwFault()
 .text._ZN9ClearCore11MotorDriver4ModeEv
                0x0000759c        0x4 D:\CCDev\EnhancedClearCoreLibrary\libClearCore\Debug\libClearCore.a(MotorDriver.o)
                0x0000759c                ClearCore::MotorDriver::Mode()
 .text._ZN9ClearCore11MotorDriver4ModeENS_9Connector14ConnectorModesE
                0x000075a0      0x164 D:\CCDev\EnhancedClearCoreLibrary\libClearCore\Debug\libClearCore.a(MotorDriver.o)
                0x000075a0                ClearCore::MotorDriver::Mode(ClearCore::Connector::ConnectorModes)
 .text._ZN9ClearCore11MotorDriver15OutputDirectionEv
                0x00007704       0x58 D:\CCDev\EnhancedClearCoreLibrary\libClearCore\Debug\libClearCore.a(MotorDriver.o)
                0x00007704                ClearCore::MotorDriver::OutputDirection()
                0x00007754                non-virtual thunk to ClearCore::MotorDriver::OutputDirection()
 .text._ZN9ClearCore11MotorDriverC2ENS_13ShiftRegister5MasksEPK15PeripheralRouteS5_S5_tt
                0x0000775c      0x1e4 D:\CCDev\EnhancedClearCoreLibrary\libClearCore\Debug\libClearCore.a(MotorDriver.o)
                0x0000775c                ClearCore::MotorDriver::MotorDriver(ClearCore::ShiftRegister::Masks, PeripheralRoute const*, PeripheralRoute const*, PeripheralRoute const*, unsigned short, unsigned short)
                0x0000775c                ClearCore::MotorDriver::MotorDriver(ClearCore::ShiftRegister::Masks, PeripheralRoute const*, PeripheralRoute const*, PeripheralRoute const*, unsigned short, unsigned short)
 .text._ZN9ClearCore11MotorDriver21CoordinatedMotionModeEbPNS_27CoordinatedMotionControllerE
                0x00007940       0x40 D:\CCDev\EnhancedClearCoreLibrary\libClearCore\Debug\libClearCore.a(MotorDriver.o)
                0x00007940                ClearCore::MotorDriver::CoordinatedMotionMode(bool, ClearCore::CoordinatedMotionController*)
 .text._ZN9ClearCore11MotorDriver19SetCoordinatedStepsEl
                0x00007980       0x88 D:\CCDev\EnhancedClearCoreLibrary\libClearCore\Debug\libClearCore.a(MotorDriver.o)
                0x00007980                ClearCore::MotorDriver::SetCoordinatedSteps(long)
 .text._ZN9ClearCore11MotorDriver13EnableRequestEb
                0x00007a08      0x124 D:\CCDev\EnhancedClearCoreLibrary\libClearCore\Debug\libClearCore.a(MotorDriver.o)
                0x00007a08                ClearCore::MotorDriver::EnableRequest(bool)
 .text._ZN9ClearCore11MotorDriver11RefreshSlowEv
                0x00007b2c       0xe8 D:\CCDev\EnhancedClearCoreLibrary\libClearCore\Debug\libClearCore.a(MotorDriver.o)
                0x00007b2c                ClearCore::MotorDriver::RefreshSlow()
 .text._ZN9ClearCore11MotorDriver10FaultStateEb
                0x00007c14       0xf8 D:\CCDev\EnhancedClearCoreLibrary\libClearCore\Debug\libClearCore.a(MotorDriver.o)
                0x00007c14                ClearCore::MotorDriver::FaultState(bool)
 *fill*         0x00007d0c        0x4 
 .text._ZN9ClearCore11MotorDriver7RefreshEv
                0x00007d10      0x67c D:\CCDev\EnhancedClearCoreLibrary\libClearCore\Debug\libClearCore.a(MotorDriver.o)
                0x00007d10                ClearCore::MotorDriver::Refresh()
 .text._ZN9ClearCore11MotorDriver4MoveElNS_13StepGenerator10MoveTargetE
                0x0000838c       0xf0 D:\CCDev\EnhancedClearCoreLibrary\libClearCore\Debug\libClearCore.a(MotorDriver.o)
                0x0000838c                ClearCore::MotorDriver::Move(long, ClearCore::StepGenerator::MoveTarget)
 .text._ZThn48_N9ClearCore11MotorDriver4MoveElNS_13StepGenerator10MoveTargetE
                0x0000847c        0x8 D:\CCDev\EnhancedClearCoreLibrary\libClearCore\Debug\libClearCore.a(MotorDriver.o)
                0x0000847c                non-virtual thunk to ClearCore::MotorDriver::Move(long, ClearCore::StepGenerator::MoveTarget)
 .text._ZN9ClearCore11MotorDriver12MoveVelocityEl
                0x00008484       0xd8 D:\CCDev\EnhancedClearCoreLibrary\libClearCore\Debug\libClearCore.a(MotorDriver.o)
                0x00008484                ClearCore::MotorDriver::MoveVelocity(long)
 .text._ZThn48_N9ClearCore11MotorDriver12MoveVelocityEl
                0x0000855c        0x8 D:\CCDev\EnhancedClearCoreLibrary\libClearCore\Debug\libClearCore.a(MotorDriver.o)
                0x0000855c                non-virtual thunk to ClearCore::MotorDriver::MoveVelocity(long)
 .text._ZN9ClearCore11MotorDriver10InitializeE13ClearCorePins
                0x00008564      0x314 D:\CCDev\EnhancedClearCoreLibrary\libClearCore\Debug\libClearCore.a(MotorDriver.o)
                0x00008564                ClearCore::MotorDriver::Initialize(ClearCorePins)
 .text._ZN9ClearCore9Connector17ExternalInterruptEv
                0x00008878        0x8 D:\CCDev\EnhancedClearCoreLibrary\libClearCore\Debug\libClearCore.a(SerialUsb.o)
                0x00008878                ClearCore::Connector::ExternalInterrupt()
 .text._ZN9ClearCore9SerialUsb6ParityENS_7ISerial9_ParitiesE
                0x00008880        0xc D:\CCDev\EnhancedClearCoreLibrary\libClearCore\Debug\libClearCore.a(SerialUsb.o)
                0x00008880                ClearCore::SerialUsb::Parity(ClearCore::ISerial::_Parities)
 .text._ZN9ClearCore9SerialUsb6ParityEv
                0x0000888c        0x4 D:\CCDev\EnhancedClearCoreLibrary\libClearCore\Debug\libClearCore.a(SerialUsb.o)
                0x0000888c                ClearCore::SerialUsb::Parity()
 .text._ZN9ClearCore9SerialUsb8StopBitsEh
                0x00008890        0xc D:\CCDev\EnhancedClearCoreLibrary\libClearCore\Debug\libClearCore.a(SerialUsb.o)
                0x00008890                ClearCore::SerialUsb::StopBits(unsigned char)
 .text._ZN9ClearCore9SerialUsb8CharSizeEh
                0x0000889c        0xc D:\CCDev\EnhancedClearCoreLibrary\libClearCore\Debug\libClearCore.a(SerialUsb.o)
                0x0000889c                ClearCore::SerialUsb::CharSize(unsigned char)
 .text._ZN9ClearCore9SerialUsb4ModeEv
                0x000088a8        0xc D:\CCDev\EnhancedClearCoreLibrary\libClearCore\Debug\libClearCore.a(SerialUsb.o)
                0x000088a8                ClearCore::SerialUsb::Mode()
                0x000088ac                non-virtual thunk to ClearCore::SerialUsb::Mode()
 .text._ZN9ClearCore9SerialUsb4ModeENS_9Connector14ConnectorModesE
                0x000088b4       0x14 D:\CCDev\EnhancedClearCoreLibrary\libClearCore\Debug\libClearCore.a(SerialUsb.o)
                0x000088b4                ClearCore::SerialUsb::Mode(ClearCore::Connector::ConnectorModes)
                0x000088c0                non-virtual thunk to ClearCore::SerialUsb::Mode(ClearCore::Connector::ConnectorModes)
 .text._ZN9ClearCore9SerialUsb4TypeEv
                0x000088c8        0xc D:\CCDev\EnhancedClearCoreLibrary\libClearCore\Debug\libClearCore.a(SerialUsb.o)
                0x000088c8                ClearCore::SerialUsb::Type()
                0x000088cc                non-virtual thunk to ClearCore::SerialUsb::Type()
 .text._ZN9ClearCore9SerialUsb11IsInHwFaultEv
                0x000088d4        0xc D:\CCDev\EnhancedClearCoreLibrary\libClearCore\Debug\libClearCore.a(SerialUsb.o)
                0x000088d4                ClearCore::SerialUsb::IsInHwFault()
                0x000088d8                non-virtual thunk to ClearCore::SerialUsb::IsInHwFault()
 .text._ZN9ClearCore9SerialUsb10InitializeE13ClearCorePins
                0x000088e0       0x10 D:\CCDev\EnhancedClearCoreLibrary\libClearCore\Debug\libClearCore.a(SerialUsb.o)
                0x000088e0                ClearCore::SerialUsb::Initialize(ClearCorePins)
                0x000088e8                non-virtual thunk to ClearCore::SerialUsb::Initialize(ClearCorePins)
 .text._ZN9ClearCore9SerialUsb7RefreshEv
                0x000088f0        0xc D:\CCDev\EnhancedClearCoreLibrary\libClearCore\Debug\libClearCore.a(SerialUsb.o)
                0x000088f0                ClearCore::SerialUsb::Refresh()
                0x000088f4                non-virtual thunk to ClearCore::SerialUsb::Refresh()
 .text._ZN9ClearCore9SerialUsb10FlushInputEv
                0x000088fc        0xc D:\CCDev\EnhancedClearCoreLibrary\libClearCore\Debug\libClearCore.a(SerialUsb.o)
                0x000088fc                ClearCore::SerialUsb::FlushInput()
 .text._ZN9ClearCore9SerialUsb19WaitForTransmitIdleEv
                0x00008908        0xc D:\CCDev\EnhancedClearCoreLibrary\libClearCore\Debug\libClearCore.a(SerialUsb.o)
                0x00008908                ClearCore::SerialUsb::WaitForTransmitIdle()
                0x00008908                ClearCore::SerialUsb::Flush()
 .text._ZN9ClearCore9SerialUsbcvbEv
                0x00008914        0xc D:\CCDev\EnhancedClearCoreLibrary\libClearCore\Debug\libClearCore.a(SerialUsb.o)
                0x00008914                ClearCore::SerialUsb::PortIsOpen()
                0x00008914                ClearCore::SerialUsb::operator bool()
 .text._ZN9ClearCore9SerialUsb8PortOpenEv
                0x00008920        0xc D:\CCDev\EnhancedClearCoreLibrary\libClearCore\Debug\libClearCore.a(SerialUsb.o)
                0x00008920                ClearCore::SerialUsb::PortOpen()
 .text._ZN9ClearCore9SerialUsb9PortCloseEv
                0x0000892c        0xc D:\CCDev\EnhancedClearCoreLibrary\libClearCore\Debug\libClearCore.a(SerialUsb.o)
                0x0000892c                ClearCore::SerialUsb::PortClose()
 .text._ZN9ClearCore9SerialUsb5SpeedEm
                0x00008938        0xc D:\CCDev\EnhancedClearCoreLibrary\libClearCore\Debug\libClearCore.a(SerialUsb.o)
                0x00008938                ClearCore::SerialUsb::Speed(unsigned long)
 .text._ZN9ClearCore9SerialUsb5SpeedEv
                0x00008944        0xc D:\CCDev\EnhancedClearCoreLibrary\libClearCore\Debug\libClearCore.a(SerialUsb.o)
                0x00008944                ClearCore::SerialUsb::Speed()
 .text._ZN9ClearCore9SerialUsb7CharGetEv
                0x00008950        0xc D:\CCDev\EnhancedClearCoreLibrary\libClearCore\Debug\libClearCore.a(SerialUsb.o)
                0x00008950                ClearCore::SerialUsb::CharGet()
 .text._ZN9ClearCore9SerialUsb8CharPeekEv
                0x0000895c        0xc D:\CCDev\EnhancedClearCoreLibrary\libClearCore\Debug\libClearCore.a(SerialUsb.o)
                0x0000895c                ClearCore::SerialUsb::CharPeek()
 .text._ZN9ClearCore9SerialUsb8SendCharEh
                0x00008968        0xc D:\CCDev\EnhancedClearCoreLibrary\libClearCore\Debug\libClearCore.a(SerialUsb.o)
                0x00008968                ClearCore::SerialUsb::SendChar(unsigned char)
 .text._ZN9ClearCore9SerialUsb16AvailableForReadEv
                0x00008974        0xc D:\CCDev\EnhancedClearCoreLibrary\libClearCore\Debug\libClearCore.a(SerialUsb.o)
                0x00008974                ClearCore::SerialUsb::AvailableForRead()
 .text._ZN9ClearCore9SerialUsb17AvailableForWriteEv
                0x00008980        0xc D:\CCDev\EnhancedClearCoreLibrary\libClearCore\Debug\libClearCore.a(SerialUsb.o)
                0x00008980                ClearCore::SerialUsb::AvailableForWrite()
 .text._ZN9ClearCore9SerialUsb10IsWritableEv
                0x0000898c       0x24 D:\CCDev\EnhancedClearCoreLibrary\libClearCore\Debug\libClearCore.a(SerialUsb.o)
                0x0000898c                ClearCore::SerialUsb::IsWritable()
                0x000089a8                non-virtual thunk to ClearCore::SerialUsb::IsWritable()
 .text._ZN9ClearCore9SerialUsb5StateEv
                0x000089b0       0x30 D:\CCDev\EnhancedClearCoreLibrary\libClearCore\Debug\libClearCore.a(SerialUsb.o)
                0x000089b0                ClearCore::SerialUsb::State()
                0x000089d8                non-virtual thunk to ClearCore::SerialUsb::State()
 .text._ZN9ClearCore9SerialUsb5StateEs
                0x000089e0       0x48 D:\CCDev\EnhancedClearCoreLibrary\libClearCore\Debug\libClearCore.a(SerialUsb.o)
                0x000089e0                ClearCore::SerialUsb::State(short)
                0x00008a20                non-virtual thunk to ClearCore::SerialUsb::State(short)
 .text._ZN9ClearCore10UsbManager18CBLineStateChangedE22usb_cdc_control_signal
                0x00008a28       0x80 D:\CCDev\EnhancedClearCoreLibrary\libClearCore\Debug\libClearCore.a(UsbManager.o)
                0x00008a28                ClearCore::UsbManager::CBLineStateChanged(usb_cdc_control_signal)
 .text._ZN9ClearCore10UsbManager10RxCompleteEh13usb_xfer_codem
                0x00008aa8      0x238 D:\CCDev\EnhancedClearCoreLibrary\libClearCore\Debug\libClearCore.a(UsbManager.o)
                0x00008aa8                ClearCore::UsbManager::RxComplete(unsigned char, usb_xfer_code, unsigned long)
 .text._ZN9ClearCore10UsbManager10TxCompleteEh13usb_xfer_codem
                0x00008ce0      0x3d0 D:\CCDev\EnhancedClearCoreLibrary\libClearCore\Debug\libClearCore.a(UsbManager.o)
                0x00008ce0                ClearCore::UsbManager::TxComplete(unsigned char, usb_xfer_code, unsigned long)
 .text._ZN9ClearCore10UsbManager8InstanceEv
                0x000090b0       0x68 D:\CCDev\EnhancedClearCoreLibrary\libClearCore\Debug\libClearCore.a(UsbManager.o)
                0x000090b0                ClearCore::UsbManager::Instance()
 .text._ZN9ClearCore10UsbManager10InitializeEv
                0x00009118      0x460 D:\CCDev\EnhancedClearCoreLibrary\libClearCore\Debug\libClearCore.a(UsbManager.o)
                0x00009118                ClearCore::UsbManager::Initialize()
 .text._ZN9ClearCore10UsbManager5SpeedEm
                0x00009578        0x4 D:\CCDev\EnhancedClearCoreLibrary\libClearCore\Debug\libClearCore.a(UsbManager.o)
                0x00009578                ClearCore::UsbManager::Speed(unsigned long)
 .text._ZN9ClearCore10UsbManager5SpeedEv
                0x0000957c        0xc D:\CCDev\EnhancedClearCoreLibrary\libClearCore\Debug\libClearCore.a(UsbManager.o)
                0x0000957c                ClearCore::UsbManager::Speed()
 .text._ZN9ClearCore10UsbManager8PortOpenEv
                0x00009588       0x38 D:\CCDev\EnhancedClearCoreLibrary\libClearCore\Debug\libClearCore.a(UsbManager.o)
                0x00009588                ClearCore::UsbManager::PortOpen()
 .text._ZN9ClearCore10UsbManager10FlushInputEv
                0x000095c0       0x1c D:\CCDev\EnhancedClearCoreLibrary\libClearCore\Debug\libClearCore.a(UsbManager.o)
                0x000095c0                ClearCore::UsbManager::FlushInput()
 .text._ZN9ClearCore10UsbManager18WaitForWriteFinishEv
                0x000095dc       0x34 D:\CCDev\EnhancedClearCoreLibrary\libClearCore\Debug\libClearCore.a(UsbManager.o)
                0x000095dc                ClearCore::UsbManager::WaitForWriteFinish()
 .text._ZN9ClearCore10UsbManagercvbEv
                0x00009610       0x3c D:\CCDev\EnhancedClearCoreLibrary\libClearCore\Debug\libClearCore.a(UsbManager.o)
                0x00009610                ClearCore::UsbManager::operator bool()
 .text._ZN9ClearCore10UsbManager7CharGetEv
                0x0000964c      0x258 D:\CCDev\EnhancedClearCoreLibrary\libClearCore\Debug\libClearCore.a(UsbManager.o)
                0x0000964c                ClearCore::UsbManager::CharGet()
 .text._ZN9ClearCore10UsbManager8CharPeekEv
                0x000098a4       0x18 D:\CCDev\EnhancedClearCoreLibrary\libClearCore\Debug\libClearCore.a(UsbManager.o)
                0x000098a4                ClearCore::UsbManager::CharPeek()
 .text._ZN9ClearCore10UsbManager8SendCharEh
                0x000098bc       0x68 D:\CCDev\EnhancedClearCoreLibrary\libClearCore\Debug\libClearCore.a(UsbManager.o)
                0x000098bc                ClearCore::UsbManager::SendChar(unsigned char)
 .text._ZN9ClearCore10UsbManager16AvailableForReadEv
                0x00009924       0x10 D:\CCDev\EnhancedClearCoreLibrary\libClearCore\Debug\libClearCore.a(UsbManager.o)
                0x00009924                ClearCore::UsbManager::AvailableForRead()
 .text._ZN9ClearCore10UsbManager17AvailableForWriteEv
                0x00009934       0x14 D:\CCDev\EnhancedClearCoreLibrary\libClearCore\Debug\libClearCore.a(UsbManager.o)
                0x00009934                ClearCore::UsbManager::AvailableForWrite()
 .text._ZN9ClearCore10UsbManager6TxPumpEv
                0x00009948      0x3f4 D:\CCDev\EnhancedClearCoreLibrary\libClearCore\Debug\libClearCore.a(UsbManager.o)
                0x00009948                ClearCore::UsbManager::TxPump()
 .text._ZN9ClearCore10UsbManager9PortCloseEv
                0x00009d3c       0x70 D:\CCDev\EnhancedClearCoreLibrary\libClearCore\Debug\libClearCore.a(UsbManager.o)
                0x00009d3c                ClearCore::UsbManager::PortClose()
 .text._ZN9ClearCore10UsbManager7RefreshEv
                0x00009dac      0x3f4 D:\CCDev\EnhancedClearCoreLibrary\libClearCore\Debug\libClearCore.a(UsbManager.o)
                0x00009dac                ClearCore::UsbManager::Refresh()
 .text.startup._GLOBAL__sub_I__ZN9ClearCore6UsbMgrE
                0x0000a1a0       0x10 D:\CCDev\EnhancedClearCoreLibrary\libClearCore\Debug\libClearCore.a(UsbManager.o)
 .text._ZN9ClearCore10SerialBase5SpeedEv
                0x0000a1b0        0x4 D:\CCDev\EnhancedClearCoreLibrary\libClearCore\Debug\libClearCore.a(SysManager.o)
                0x0000a1b0                ClearCore::SerialBase::Speed()
 .text._ZN9ClearCore10SerialBase6ParityEv
                0x0000a1b4        0x4 D:\CCDev\EnhancedClearCoreLibrary\libClearCore\Debug\libClearCore.a(SysManager.o)
                0x0000a1b4                ClearCore::SerialBase::Parity()
 .text._ZN9ClearCore10SerialBasecvbEv
                0x0000a1b8        0x4 D:\CCDev\EnhancedClearCoreLibrary\libClearCore\Debug\libClearCore.a(SysManager.o)
                0x0000a1b8                ClearCore::SerialBase::operator bool()
 .text._ZN9ClearCore11MotorDriverC2Ev
                0x0000a1bc       0x68 D:\CCDev\EnhancedClearCoreLibrary\libClearCore\Debug\libClearCore.a(SysManager.o)
                0x0000a1bc                ClearCore::MotorDriver::MotorDriver()
                0x0000a1bc                ClearCore::MotorDriver::MotorDriver()
 .text._ZN9ClearCore10SysManagerC2Ev
                0x0000a224     0x18ec D:\CCDev\EnhancedClearCoreLibrary\libClearCore\Debug\libClearCore.a(SysManager.o)
                0x0000a224                ClearCore::SysManager::SysManager()
                0x0000a224                ClearCore::SysManager::SysManager()
 .text._ZN9ClearCore10SysManager16ConnectorByIndexE13ClearCorePins
                0x0000bb10       0x1c D:\CCDev\EnhancedClearCoreLibrary\libClearCore\Debug\libClearCore.a(SysManager.o)
                0x0000bb10                ClearCore::SysManager::ConnectorByIndex(ClearCorePins)
 .text._ZN9ClearCore10SysManager10InitClocksEv
                0x0000bb2c      0x2dc D:\CCDev\EnhancedClearCoreLibrary\libClearCore\Debug\libClearCore.a(SysManager.o)
                0x0000bb2c                ClearCore::SysManager::InitClocks()
 .text._ZN9ClearCore10SysManager10InitializeEv
                0x0000be08      0x280 D:\CCDev\EnhancedClearCoreLibrary\libClearCore\Debug\libClearCore.a(SysManager.o)
                0x0000be08                ClearCore::SysManager::Initialize()
 .text._ZN9ClearCore10SysManager10ResetBoardENS0_10ResetModesE
                0x0000c088       0x38 D:\CCDev\EnhancedClearCoreLibrary\libClearCore\Debug\libClearCore.a(SysManager.o)
                0x0000c088                ClearCore::SysManager::ResetBoard(ClearCore::SysManager::ResetModes)
 .text.GMAC_Handler
                0x0000c0c0        0xc D:\CCDev\EnhancedClearCoreLibrary\libClearCore\Debug\libClearCore.a(SysManager.o)
                0x0000c0c0                GMAC_Handler
 .text.SERCOM0_0_Handler
                0x0000c0cc        0xc D:\CCDev\EnhancedClearCoreLibrary\libClearCore\Debug\libClearCore.a(SysManager.o)
                0x0000c0cc                SERCOM0_0_Handler
 .text.SERCOM0_2_Handler
                0x0000c0d8        0xc D:\CCDev\EnhancedClearCoreLibrary\libClearCore\Debug\libClearCore.a(SysManager.o)
                0x0000c0d8                SERCOM0_2_Handler
 .text.SERCOM0_3_Handler
                0x0000c0e4        0xc D:\CCDev\EnhancedClearCoreLibrary\libClearCore\Debug\libClearCore.a(SysManager.o)
                0x0000c0e4                SERCOM0_3_Handler
 .text.SERCOM2_0_Handler
                0x0000c0f0        0xc D:\CCDev\EnhancedClearCoreLibrary\libClearCore\Debug\libClearCore.a(SysManager.o)
                0x0000c0f0                SERCOM2_0_Handler
 .text.SERCOM2_2_Handler
                0x0000c0fc        0xc D:\CCDev\EnhancedClearCoreLibrary\libClearCore\Debug\libClearCore.a(SysManager.o)
                0x0000c0fc                SERCOM2_2_Handler
 .text.SERCOM2_3_Handler
                0x0000c108        0xc D:\CCDev\EnhancedClearCoreLibrary\libClearCore\Debug\libClearCore.a(SysManager.o)
                0x0000c108                SERCOM2_3_Handler
 .text.SERCOM7_0_Handler
                0x0000c114        0xc D:\CCDev\EnhancedClearCoreLibrary\libClearCore\Debug\libClearCore.a(SysManager.o)
                0x0000c114                SERCOM7_0_Handler
 .text.SERCOM7_2_Handler
                0x0000c120        0xc D:\CCDev\EnhancedClearCoreLibrary\libClearCore\Debug\libClearCore.a(SysManager.o)
                0x0000c120                SERCOM7_2_Handler
 .text.SERCOM7_3_Handler
                0x0000c12c        0xc D:\CCDev\EnhancedClearCoreLibrary\libClearCore\Debug\libClearCore.a(SysManager.o)
                0x0000c12c                SERCOM7_3_Handler
 .text.EIC_0_Handler
                0x0000c138       0x10 D:\CCDev\EnhancedClearCoreLibrary\libClearCore\Debug\libClearCore.a(SysManager.o)
                0x0000c138                EIC_0_Handler
 .text.EIC_1_Handler
                0x0000c148       0x10 D:\CCDev\EnhancedClearCoreLibrary\libClearCore\Debug\libClearCore.a(SysManager.o)
                0x0000c148                EIC_1_Handler
 .text.EIC_2_Handler
                0x0000c158       0x10 D:\CCDev\EnhancedClearCoreLibrary\libClearCore\Debug\libClearCore.a(SysManager.o)
                0x0000c158                EIC_2_Handler
 .text.EIC_3_Handler
                0x0000c168       0x10 D:\CCDev\EnhancedClearCoreLibrary\libClearCore\Debug\libClearCore.a(SysManager.o)
                0x0000c168                EIC_3_Handler
 .text.EIC_4_Handler
                0x0000c178       0x10 D:\CCDev\EnhancedClearCoreLibrary\libClearCore\Debug\libClearCore.a(SysManager.o)
                0x0000c178                EIC_4_Handler
 .text.EIC_5_Handler
                0x0000c188       0x10 D:\CCDev\EnhancedClearCoreLibrary\libClearCore\Debug\libClearCore.a(SysManager.o)
                0x0000c188                EIC_5_Handler
 .text.EIC_6_Handler
                0x0000c198       0x10 D:\CCDev\EnhancedClearCoreLibrary\libClearCore\Debug\libClearCore.a(SysManager.o)
                0x0000c198                EIC_6_Handler
 .text.EIC_7_Handler
                0x0000c1a8       0x10 D:\CCDev\EnhancedClearCoreLibrary\libClearCore\Debug\libClearCore.a(SysManager.o)
                0x0000c1a8                EIC_7_Handler
 .text.EIC_8_Handler
                0x0000c1b8       0x10 D:\CCDev\EnhancedClearCoreLibrary\libClearCore\Debug\libClearCore.a(SysManager.o)
                0x0000c1b8                EIC_8_Handler
 .text.EIC_9_Handler
                0x0000c1c8       0x10 D:\CCDev\EnhancedClearCoreLibrary\libClearCore\Debug\libClearCore.a(SysManager.o)
                0x0000c1c8                EIC_9_Handler
 .text.EIC_10_Handler
                0x0000c1d8       0x10 D:\CCDev\EnhancedClearCoreLibrary\libClearCore\Debug\libClearCore.a(SysManager.o)
                0x0000c1d8                EIC_10_Handler
 .text.EIC_11_Handler
                0x0000c1e8       0x10 D:\CCDev\EnhancedClearCoreLibrary\libClearCore\Debug\libClearCore.a(SysManager.o)
                0x0000c1e8                EIC_11_Handler
 .text.EIC_12_Handler
                0x0000c1f8        0xc D:\CCDev\EnhancedClearCoreLibrary\libClearCore\Debug\libClearCore.a(SysManager.o)
                0x0000c1f8                EIC_12_Handler
 .text.EIC_13_Handler
                0x0000c204       0x10 D:\CCDev\EnhancedClearCoreLibrary\libClearCore\Debug\libClearCore.a(SysManager.o)
                0x0000c204                EIC_13_Handler
 .text.EIC_14_Handler
                0x0000c214       0x10 D:\CCDev\EnhancedClearCoreLibrary\libClearCore\Debug\libClearCore.a(SysManager.o)
                0x0000c214                EIC_14_Handler
 .text.EIC_15_Handler
                0x0000c224       0x10 D:\CCDev\EnhancedClearCoreLibrary\libClearCore\Debug\libClearCore.a(SysManager.o)
                0x0000c224                EIC_15_Handler
 .text.TCC3_0_Handler
                0x0000c234       0x18 D:\CCDev\EnhancedClearCoreLibrary\libClearCore\Debug\libClearCore.a(SysManager.o)
                0x0000c234                TCC3_0_Handler
 .text.TCC4_0_Handler
                0x0000c24c       0x18 D:\CCDev\EnhancedClearCoreLibrary\libClearCore\Debug\libClearCore.a(SysManager.o)
                0x0000c24c                TCC4_0_Handler
 .text.SysTick_Handler
                0x0000c264       0x54 D:\CCDev\EnhancedClearCoreLibrary\libClearCore\Debug\libClearCore.a(SysManager.o)
                0x0000c264                SysTick_Handler
 .text.TCC0_0_Handler
                0x0000c2b8      0x110 D:\CCDev\EnhancedClearCoreLibrary\libClearCore\Debug\libClearCore.a(SysManager.o)
                0x0000c2b8                TCC0_0_Handler
 .text.Reset_Handler
                0x0000c3c8       0x68 D:\CCDev\EnhancedClearCoreLibrary\libClearCore\Debug\libClearCore.a(SysManager.o)
                0x0000c3c8                Reset_Handler
 .text.startup._GLOBAL__sub_I__ZN9ClearCore11FastSysTickE
                0x0000c430      0x1e8 D:\CCDev\EnhancedClearCoreLibrary\libClearCore\Debug\libClearCore.a(SysManager.o)
 .text._ZN9ClearCore9SysTiming8InstanceEv
                0x0000c618       0x48 D:\CCDev\EnhancedClearCoreLibrary\libClearCore\Debug\libClearCore.a(SysTiming.o)
                0x0000c618                ClearCore::SysTiming::Instance()
 .text._ZN9ClearCore9SysTiming8IsrStartEv
                0x0000c660        0xc D:\CCDev\EnhancedClearCoreLibrary\libClearCore\Debug\libClearCore.a(SysTiming.o)
                0x0000c660                ClearCore::SysTiming::IsrStart()
 .text._ZN9ClearCore9SysTiming6IsrEndEv
                0x0000c66c       0x20 D:\CCDev\EnhancedClearCoreLibrary\libClearCore\Debug\libClearCore.a(SysTiming.o)
                0x0000c66c                ClearCore::SysTiming::IsrEnd()
 .text._ZN9ClearCore9SysTiming6UpdateEv
                0x0000c68c       0x78 D:\CCDev\EnhancedClearCoreLibrary\libClearCore\Debug\libClearCore.a(SysTiming.o)
                0x0000c68c                ClearCore::SysTiming::Update()
 .text._ZN9ClearCore9SysTiming21SysTickPeriodMicroSecEm
                0x0000c704       0x4c D:\CCDev\EnhancedClearCoreLibrary\libClearCore\Debug\libClearCore.a(SysTiming.o)
                0x0000c704                ClearCore::SysTiming::SysTickPeriodMicroSec(unsigned long)
 .text.Milliseconds
                0x0000c750        0xc D:\CCDev\EnhancedClearCoreLibrary\libClearCore\Debug\libClearCore.a(SysTiming.o)
                0x0000c750                Milliseconds
 .text.Microseconds
                0x0000c75c       0x48 D:\CCDev\EnhancedClearCoreLibrary\libClearCore\Debug\libClearCore.a(SysTiming.o)
                0x0000c75c                Microseconds
 .text.Delay_cycles
                0x0000c7a4       0x3c D:\CCDev\EnhancedClearCoreLibrary\libClearCore\Debug\libClearCore.a(SysTiming.o)
                0x0000c7a4                Delay_cycles
 .text.startup._GLOBAL__sub_I__ZN9ClearCore7tickCntE
                0x0000c7e0       0x10 D:\CCDev\EnhancedClearCoreLibrary\libClearCore\Debug\libClearCore.a(SysTiming.o)
 .text._Z10PacketReadP6ethIntPhm
                0x0000c7f0       0xfc D:\CCDev\EnhancedClearCoreLibrary\libClearCore\Debug\libClearCore.a(EthernetManager.o)
                0x0000c7f0                PacketRead(ethInt*, unsigned char*, unsigned long)
 .text._ZN9ClearCore15EthernetManager8InstanceEv
                0x0000c8ec       0xe8 D:\CCDev\EnhancedClearCoreLibrary\libClearCore\Debug\libClearCore.a(EthernetManager.o)
                0x0000c8ec                ClearCore::EthernetManager::Instance()
 .text._ZN9ClearCore15EthernetManager13PhyInitializeEv
                0x0000c9d4      0x110 D:\CCDev\EnhancedClearCoreLibrary\libClearCore\Debug\libClearCore.a(EthernetManager.o)
                0x0000c9d4                ClearCore::EthernetManager::PhyInitialize()
 .text._ZN9ClearCore15EthernetManager10InitializeEv
                0x0000cae4      0x578 D:\CCDev\EnhancedClearCoreLibrary\libClearCore\Debug\libClearCore.a(EthernetManager.o)
                0x0000cae4                ClearCore::EthernetManager::Initialize()
 .text._ZN9ClearCore15EthernetManager13IrqHandlerPhyEv
                0x0000d05c      0x378 D:\CCDev\EnhancedClearCoreLibrary\libClearCore\Debug\libClearCore.a(EthernetManager.o)
                0x0000d05c                ClearCore::EthernetManager::IrqHandlerPhy()
 .text._ZN9ClearCore15EthernetManager14IrqHandlerGmacEv
                0x0000d3d4       0x34 D:\CCDev\EnhancedClearCoreLibrary\libClearCore\Debug\libClearCore.a(EthernetManager.o)
                0x0000d3d4                ClearCore::EthernetManager::IrqHandlerGmac()
 .text._ZN9ClearCore15EthernetManager7RefreshEv
                0x0000d408       0xbc D:\CCDev\EnhancedClearCoreLibrary\libClearCore\Debug\libClearCore.a(EthernetManager.o)
                0x0000d408                ClearCore::EthernetManager::Refresh()
 .text.startup._GLOBAL__sub_I__Z12PacketLengthP6ethInt
                0x0000d4c4       0x10 D:\CCDev\EnhancedClearCoreLibrary\libClearCore\Debug\libClearCore.a(EthernetManager.o)
 .text._ZN9ClearCore13ShiftRegisterC2Ev
                0x0000d4d4      0x124 D:\CCDev\EnhancedClearCoreLibrary\libClearCore\Debug\libClearCore.a(ShiftRegister.o)
                0x0000d4d4                ClearCore::ShiftRegister::ShiftRegister()
                0x0000d4d4                ClearCore::ShiftRegister::ShiftRegister()
 .text._ZN9ClearCore13ShiftRegister10InitializeEv
                0x0000d5f8      0x1a4 D:\CCDev\EnhancedClearCoreLibrary\libClearCore\Debug\libClearCore.a(ShiftRegister.o)
                0x0000d5f8                ClearCore::ShiftRegister::Initialize()
 .text._ZN9ClearCore13ShiftRegister6UpdateEv
                0x0000d79c      0x414 D:\CCDev\EnhancedClearCoreLibrary\libClearCore\Debug\libClearCore.a(ShiftRegister.o)
                0x0000d79c                ClearCore::ShiftRegister::Update()
 .text._ZN9ClearCore13ShiftRegister18DiagnosticLedSweepEv
                0x0000dbb0      0x148 D:\CCDev\EnhancedClearCoreLibrary\libClearCore\Debug\libClearCore.a(ShiftRegister.o)
                0x0000dbb0                ClearCore::ShiftRegister::DiagnosticLedSweep()
 .text._ZN9ClearCore12MotorManager8InstanceEv
                0x0000dcf8       0x44 D:\CCDev\EnhancedClearCoreLibrary\libClearCore\Debug\libClearCore.a(MotorManager.o)
                0x0000dcf8                ClearCore::MotorManager::Instance()
 .text._ZN9ClearCore12MotorManager18MotorInputClockingENS0_15MotorClockRatesE
                0x0000dd3c      0x120 D:\CCDev\EnhancedClearCoreLibrary\libClearCore\Debug\libClearCore.a(MotorManager.o)
                0x0000dd3c                ClearCore::MotorManager::MotorInputClocking(ClearCore::MotorManager::MotorClockRates)
 .text._ZN9ClearCore12MotorManager12MotorModeSetENS0_9MotorPairENS_9Connector14ConnectorModesE
                0x0000de5c       0xec D:\CCDev\EnhancedClearCoreLibrary\libClearCore\Debug\libClearCore.a(MotorManager.o)
                0x0000de5c                ClearCore::MotorManager::MotorModeSet(ClearCore::MotorManager::MotorPair, ClearCore::Connector::ConnectorModes)
 .text._ZN9ClearCore12MotorManager10InitializeEv
                0x0000df48      0x10c D:\CCDev\EnhancedClearCoreLibrary\libClearCore\Debug\libClearCore.a(MotorManager.o)
                0x0000df48                ClearCore::MotorManager::Initialize()
 .text.startup._GLOBAL__sub_I__ZN9ClearCore8MotorMgrE
                0x0000e054       0x10 D:\CCDev\EnhancedClearCoreLibrary\libClearCore\Debug\libClearCore.a(MotorManager.o)
 .text._ZN9ClearCore13StepGenerator4MoveElNS0_10MoveTargetE
                0x0000e064       0x74 D:\CCDev\EnhancedClearCoreLibrary\libClearCore\Debug\libClearCore.a(StepGenerator.o)
                0x0000e064                ClearCore::StepGenerator::Move(long, ClearCore::StepGenerator::MoveTarget)
 .text._ZN9ClearCore13StepGenerator12MoveVelocityEl
                0x0000e0d8       0x94 D:\CCDev\EnhancedClearCoreLibrary\libClearCore\Debug\libClearCore.a(StepGenerator.o)
                0x0000e0d8                ClearCore::StepGenerator::MoveVelocity(long)
 .text._ZN9ClearCore13StepGenerator15StepsCalculatedEv
                0x0000e16c      0x4ec D:\CCDev\EnhancedClearCoreLibrary\libClearCore\Debug\libClearCore.a(StepGenerator.o)
                0x0000e16c                ClearCore::StepGenerator::StepsCalculated()
 .text._ZN9ClearCore13StepGeneratorC2Ev
                0x0000e658       0x64 D:\CCDev\EnhancedClearCoreLibrary\libClearCore\Debug\libClearCore.a(StepGenerator.o)
                0x0000e658                ClearCore::StepGenerator::StepGenerator()
                0x0000e658                ClearCore::StepGenerator::StepGenerator()
 .text._ZN9ClearCore13StepGenerator14MoveStopAbruptEv
                0x0000e6bc       0x34 D:\CCDev\EnhancedClearCoreLibrary\libClearCore\Debug\libClearCore.a(StepGenerator.o)
                0x0000e6bc                ClearCore::StepGenerator::MoveStopAbrupt()
 .text._ZN9ClearCore13StepGenerator13MoveStopDecelEm
                0x0000e6f0       0x58 D:\CCDev\EnhancedClearCoreLibrary\libClearCore\Debug\libClearCore.a(StepGenerator.o)
                0x0000e6f0                ClearCore::StepGenerator::MoveStopDecel(unsigned long)
 .text._ZN9ClearCore13StepGenerator20StepsPerSampleMaxSetEm
                0x0000e748       0x68 D:\CCDev\EnhancedClearCoreLibrary\libClearCore\Debug\libClearCore.a(StepGenerator.o)
                0x0000e748                ClearCore::StepGenerator::StepsPerSampleMaxSet(unsigned long)
 .text._ZN9ClearCore13StepGenerator17CheckTravelLimitsEv
                0x0000e7b0       0x80 D:\CCDev\EnhancedClearCoreLibrary\libClearCore\Debug\libClearCore.a(StepGenerator.o)
                0x0000e7b0                ClearCore::StepGenerator::CheckTravelLimits()
 .text._ZN9ClearCore27CoordinatedMotionController17ProcessNextMotionEv.part.7
                0x0000e830      0x140 D:\CCDev\EnhancedClearCoreLibrary\libClearCore\Debug\libClearCore.a(CoordinatedMotionController.o)
 .text._ZN9ClearCore27CoordinatedMotionControllerC2Ev
                0x0000e970      0x12c D:\CCDev\EnhancedClearCoreLibrary\libClearCore\Debug\libClearCore.a(CoordinatedMotionController.o)
                0x0000e970                ClearCore::CoordinatedMotionController::CoordinatedMotionController()
                0x0000e970                ClearCore::CoordinatedMotionController::CoordinatedMotionController()
 .text._ZN9ClearCore27CoordinatedMotionController10InitializeEPNS_11MotorDriverES2_
                0x0000ea9c       0x58 D:\CCDev\EnhancedClearCoreLibrary\libClearCore\Debug\libClearCore.a(CoordinatedMotionController.o)
                0x0000ea9c                ClearCore::CoordinatedMotionController::Initialize(ClearCore::MotorDriver*, ClearCore::MotorDriver*)
 *fill*         0x0000eaf4        0x4 
 .text._ZN9ClearCore27CoordinatedMotionController7MoveArcElllddb
                0x0000eaf8      0x1f8 D:\CCDev\EnhancedClearCoreLibrary\libClearCore\Debug\libClearCore.a(CoordinatedMotionController.o)
                0x0000eaf8                ClearCore::CoordinatedMotionController::MoveArc(long, long, long, double, double, bool)
 .text._ZN9ClearCore27CoordinatedMotionController4StopEv
                0x0000ecf0       0xbc D:\CCDev\EnhancedClearCoreLibrary\libClearCore\Debug\libClearCore.a(CoordinatedMotionController.o)
                0x0000ecf0                ClearCore::CoordinatedMotionController::Stop()
 .text._ZN9ClearCore27CoordinatedMotionController9StopDecelEv
                0x0000edac       0xc0 D:\CCDev\EnhancedClearCoreLibrary\libClearCore\Debug\libClearCore.a(CoordinatedMotionController.o)
                0x0000edac                ClearCore::CoordinatedMotionController::StopDecel()
 *fill*         0x0000ee6c        0x4 
 .text._ZN9ClearCore27CoordinatedMotionController10UpdateFastEv
                0x0000ee70      0x430 D:\CCDev\EnhancedClearCoreLibrary\libClearCore\Debug\libClearCore.a(CoordinatedMotionController.o)
                0x0000ee70                ClearCore::CoordinatedMotionController::UpdateFast()
 .text._ZN9ClearCore27CoordinatedMotionController10MoveLinearEll
                0x0000f2a0      0x144 D:\CCDev\EnhancedClearCoreLibrary\libClearCore\Debug\libClearCore.a(CoordinatedMotionController.o)
                0x0000f2a0                ClearCore::CoordinatedMotionController::MoveLinear(long, long)
 *fill*         0x0000f3e4        0x4 
 .text._ZN9ClearCore27CoordinatedMotionController8QueueArcEllldb
                0x0000f3e8      0x168 D:\CCDev\EnhancedClearCoreLibrary\libClearCore\Debug\libClearCore.a(CoordinatedMotionController.o)
                0x0000f3e8                ClearCore::CoordinatedMotionController::QueueArc(long, long, long, double, bool)
 .text._ZN9ClearCore27CoordinatedMotionController11QueueLinearEll
                0x0000f550       0xa4 D:\CCDev\EnhancedClearCoreLibrary\libClearCore\Debug\libClearCore.a(CoordinatedMotionController.o)
                0x0000f550                ClearCore::CoordinatedMotionController::QueueLinear(long, long)
 .text._ZN9ClearCore27CoordinatedMotionController20SetMechanicalParamsXEmdNS_8UnitTypeEd
                0x0000f5f4       0x68 D:\CCDev\EnhancedClearCoreLibrary\libClearCore\Debug\libClearCore.a(CoordinatedMotionController.o)
                0x0000f5f4                ClearCore::CoordinatedMotionController::SetMechanicalParamsX(unsigned long, double, ClearCore::UnitType, double)
 .text._ZN9ClearCore27CoordinatedMotionController20SetMechanicalParamsYEmdNS_8UnitTypeEd
                0x0000f65c       0x68 D:\CCDev\EnhancedClearCoreLibrary\libClearCore\Debug\libClearCore.a(CoordinatedMotionController.o)
                0x0000f65c                ClearCore::CoordinatedMotionController::SetMechanicalParamsY(unsigned long, double, ClearCore::UnitType, double)
 .text._ZN9ClearCore27CoordinatedMotionController11SetPositionEll
                0x0000f6c4       0x10 D:\CCDev\EnhancedClearCoreLibrary\libClearCore\Debug\libClearCore.a(CoordinatedMotionController.o)
                0x0000f6c4                ClearCore::CoordinatedMotionController::SetPosition(long, long)
 .text._ZN9ClearCore27CoordinatedMotionController20FeedRateInchesPerMinEd
                0x0000f6d4       0x24 D:\CCDev\EnhancedClearCoreLibrary\libClearCore\Debug\libClearCore.a(CoordinatedMotionController.o)
                0x0000f6d4                ClearCore::CoordinatedMotionController::FeedRateInchesPerMin(double)
 .text._ZN9ClearCore27CoordinatedMotionController16FeedRateMMPerMinEd
                0x0000f6f8       0x24 D:\CCDev\EnhancedClearCoreLibrary\libClearCore\Debug\libClearCore.a(CoordinatedMotionController.o)
                0x0000f6f8                ClearCore::CoordinatedMotionController::FeedRateMMPerMin(double)
 *fill*         0x0000f71c        0x4 
 .text._ZNK9ClearCore27CoordinatedMotionController14CurrentXInchesEv
                0x0000f720       0x28 D:\CCDev\EnhancedClearCoreLibrary\libClearCore\Debug\libClearCore.a(CoordinatedMotionController.o)
                0x0000f720                ClearCore::CoordinatedMotionController::CurrentXInches() const
 .text._ZNK9ClearCore27CoordinatedMotionController14CurrentYInchesEv
                0x0000f748       0x28 D:\CCDev\EnhancedClearCoreLibrary\libClearCore\Debug\libClearCore.a(CoordinatedMotionController.o)
                0x0000f748                ClearCore::CoordinatedMotionController::CurrentYInches() const
 .text._ZNK9ClearCore27CoordinatedMotionController10CurrentXMMEv
                0x0000f770       0x28 D:\CCDev\EnhancedClearCoreLibrary\libClearCore\Debug\libClearCore.a(CoordinatedMotionController.o)
                0x0000f770                ClearCore::CoordinatedMotionController::CurrentXMM() const
 .text._ZNK9ClearCore27CoordinatedMotionController10CurrentYMMEv
                0x0000f798       0x28 D:\CCDev\EnhancedClearCoreLibrary\libClearCore\Debug\libClearCore.a(CoordinatedMotionController.o)
                0x0000f798                ClearCore::CoordinatedMotionController::CurrentYMM() const
 .text._ZNK9ClearCore27CoordinatedMotionController12GetDebugInfoERmRlS2_
                0x0000f7c0       0x4c D:\CCDev\EnhancedClearCoreLibrary\libClearCore\Debug\libClearCore.a(CoordinatedMotionController.o)
                0x0000f7c0                ClearCore::CoordinatedMotionController::GetDebugInfo(unsigned long&, long&, long&) const
 *fill*         0x0000f80c        0x4 
 .text._ZN9ClearCore13UnitConverter15DistanceToStepsEdNS_8UnitTypeERKNS_21MotorMechanicalConfigE
                0x0000f810      0x16c D:\CCDev\EnhancedClearCoreLibrary\libClearCore\Debug\libClearCore.a(UnitConverter.o)
                0x0000f810                ClearCore::UnitConverter::DistanceToSteps(double, ClearCore::UnitType, ClearCore::MotorMechanicalConfig const&)
 *fill*         0x0000f97c        0x4 
 .text._ZN9ClearCore13UnitConverter15StepsToDistanceElNS_8UnitTypeERKNS_21MotorMechanicalConfigE
                0x0000f980      0x17c D:\CCDev\EnhancedClearCoreLibrary\libClearCore\Debug\libClearCore.a(UnitConverter.o)
                0x0000f980                ClearCore::UnitConverter::StepsToDistance(long, ClearCore::UnitType, ClearCore::MotorMechanicalConfig const&)
 *fill*         0x0000fafc        0x4 
 .text._ZN9ClearCore13UnitConverter21FeedRateToStepsPerSecEdNS_12FeedRateUnitERKNS_21MotorMechanicalConfigE
                0x0000fb00      0x17c D:\CCDev\EnhancedClearCoreLibrary\libClearCore\Debug\libClearCore.a(UnitConverter.o)
                0x0000fb00                ClearCore::UnitConverter::FeedRateToStepsPerSec(double, ClearCore::FeedRateUnit, ClearCore::MotorMechanicalConfig const&)
 *fill*         0x0000fc7c        0x4 
 .text._ZN9ClearCore13UnitConverter26CalculateConversionFactorsERNS_21MotorMechanicalConfigE
                0x0000fc80       0xf4 D:\CCDev\EnhancedClearCoreLibrary\libClearCore\Debug\libClearCore.a(UnitConverter.o)
                0x0000fc80                ClearCore::UnitConverter::CalculateConversionFactors(ClearCore::MotorMechanicalConfig&)
 .text._ZN9ClearCore18LinearInterpolatorC2Ev
                0x0000fd74       0x44 D:\CCDev\EnhancedClearCoreLibrary\libClearCore\Debug\libClearCore.a(LinearInterpolator.o)
                0x0000fd74                ClearCore::LinearInterpolator::LinearInterpolator()
                0x0000fd74                ClearCore::LinearInterpolator::LinearInterpolator()
 .text._ZN9ClearCore18LinearInterpolator16InitializeLinearEllllmmt
                0x0000fdb8      0x1bc D:\CCDev\EnhancedClearCoreLibrary\libClearCore\Debug\libClearCore.a(LinearInterpolator.o)
                0x0000fdb8                ClearCore::LinearInterpolator::InitializeLinear(long, long, long, long, unsigned long, unsigned long, unsigned short)
 .text._ZN9ClearCore18LinearInterpolator17GenerateNextStepsERlS1_
                0x0000ff74      0x3e4 D:\CCDev\EnhancedClearCoreLibrary\libClearCore\Debug\libClearCore.a(LinearInterpolator.o)
                0x0000ff74                ClearCore::LinearInterpolator::GenerateNextSteps(long&, long&)
 .text._ZN9ClearCore18LinearInterpolator5ResetEv
                0x00010358       0x40 D:\CCDev\EnhancedClearCoreLibrary\libClearCore\Debug\libClearCore.a(LinearInterpolator.o)
                0x00010358                ClearCore::LinearInterpolator::Reset()
 .text._ZN9ClearCore15ArcInterpolatorC2Ev
                0x00010398       0x80 D:\CCDev\EnhancedClearCoreLibrary\libClearCore\Debug\libClearCore.a(ArcInterpolator.o)
                0x00010398                ClearCore::ArcInterpolator::ArcInterpolator()
                0x00010398                ClearCore::ArcInterpolator::ArcInterpolator()
 .text._ZN9ClearCore15ArcInterpolator13InitializeArcElllddbmmt
                0x00010418      0x278 D:\CCDev\EnhancedClearCoreLibrary\libClearCore\Debug\libClearCore.a(ArcInterpolator.o)
                0x00010418                ClearCore::ArcInterpolator::InitializeArc(long, long, long, double, double, bool, unsigned long, unsigned long, unsigned short)
 .text._ZN9ClearCore15ArcInterpolator17GenerateNextStepsERlS1_
                0x00010690      0x680 D:\CCDev\EnhancedClearCoreLibrary\libClearCore\Debug\libClearCore.a(ArcInterpolator.o)
                0x00010690                ClearCore::ArcInterpolator::GenerateNextSteps(long&, long&)
 .text._ZNK9ClearCore15ArcInterpolator18GetCurrentPositionERlS1_
                0x00010d10        0xc D:\CCDev\EnhancedClearCoreLibrary\libClearCore\Debug\libClearCore.a(ArcInterpolator.o)
                0x00010d10                ClearCore::ArcInterpolator::GetCurrentPosition(long&, long&) const
 .text._ZN9ClearCore15ArcInterpolator5ResetEv
                0x00010d1c       0x80 D:\CCDev\EnhancedClearCoreLibrary\libClearCore\Debug\libClearCore.a(ArcInterpolator.o)
                0x00010d1c                ClearCore::ArcInterpolator::Reset()
 .text._ZN9ClearCore5SinQxEl
                0x00010d9c       0x28 D:\CCDev\EnhancedClearCoreLibrary\libClearCore\Debug\libClearCore.a(TrigLUT.o)
                0x00010d9c                ClearCore::SinQx(long)
 .text._ZN9ClearCore5CosQxEl
                0x00010dc4       0x2c D:\CCDev\EnhancedClearCoreLibrary\libClearCore\Debug\libClearCore.a(TrigLUT.o)
                0x00010dc4                ClearCore::CosQx(long)
 .text.SystemInit
                0x00010df0      0x2b0 D:\CCDev\EnhancedClearCoreLibrary\libClearCore\Debug\libClearCore.a(system_same53.o)
                0x00010df0                SystemInit
 .text.GClkFreqUpdate
                0x000110a0       0x44 D:\CCDev\EnhancedClearCoreLibrary\libClearCore\Debug\libClearCore.a(system_same53.o)
                0x000110a0                GClkFreqUpdate
 .text._ZN9ClearCore12EncoderInputC2Ev
                0x000110e4       0x54 D:\CCDev\EnhancedClearCoreLibrary\libClearCore\Debug\libClearCore.a(EncoderInput.o)
                0x000110e4                ClearCore::EncoderInput::EncoderInput()
                0x000110e4                ClearCore::EncoderInput::EncoderInput()
 .text._ZN9ClearCore12EncoderInput10InitializeEv
                0x00011138       0x5c D:\CCDev\EnhancedClearCoreLibrary\libClearCore\Debug\libClearCore.a(EncoderInput.o)
                0x00011138                ClearCore::EncoderInput::Initialize()
 .text._ZN9ClearCore12EncoderInput6UpdateEv
                0x00011194       0xbc D:\CCDev\EnhancedClearCoreLibrary\libClearCore\Debug\libClearCore.a(EncoderInput.o)
                0x00011194                ClearCore::EncoderInput::Update()
 .text.cdcdf_acm_req
                0x00011250       0xe0 D:\CCDev\EnhancedClearCoreLibrary\libClearCore\Debug\libClearCore.a(cdcdf_acm.o)
 .text.cdcdf_acm_ctrl
                0x00011330      0x130 D:\CCDev\EnhancedClearCoreLibrary\libClearCore\Debug\libClearCore.a(cdcdf_acm.o)
 .text.cdcdf_acm_init
                0x00011460       0x3c D:\CCDev\EnhancedClearCoreLibrary\libClearCore\Debug\libClearCore.a(cdcdf_acm.o)
                0x00011460                cdcdf_acm_init
 .text.cdcdf_acm_read
                0x0001149c       0x28 D:\CCDev\EnhancedClearCoreLibrary\libClearCore\Debug\libClearCore.a(cdcdf_acm.o)
                0x0001149c                cdcdf_acm_read
 .text.cdcdf_acm_write
                0x000114c4       0x28 D:\CCDev\EnhancedClearCoreLibrary\libClearCore\Debug\libClearCore.a(cdcdf_acm.o)
                0x000114c4                cdcdf_acm_write
 .text.cdcdf_acm_stop_xfer
                0x000114ec       0x18 D:\CCDev\EnhancedClearCoreLibrary\libClearCore\Debug\libClearCore.a(cdcdf_acm.o)
                0x000114ec                cdcdf_acm_stop_xfer
 .text.cdcdf_acm_register_callback
                0x00011504       0x50 D:\CCDev\EnhancedClearCoreLibrary\libClearCore\Debug\libClearCore.a(cdcdf_acm.o)
                0x00011504                cdcdf_acm_register_callback
 .text.cdcdf_acm_is_enabled
                0x00011554        0xc D:\CCDev\EnhancedClearCoreLibrary\libClearCore\Debug\libClearCore.a(cdcdf_acm.o)
                0x00011554                cdcdf_acm_is_enabled
 .text.cdcdf_acm_get_line_coding
                0x00011560        0x8 D:\CCDev\EnhancedClearCoreLibrary\libClearCore\Debug\libClearCore.a(cdcdf_acm.o)
                0x00011560                cdcdf_acm_get_line_coding
 .text.usbd_sof_cb
                0x00011568       0x1c D:\CCDev\EnhancedClearCoreLibrary\libClearCore\Debug\libClearCore.a(usbdc.o)
 .text.usbdc_cb_ctl_done
                0x00011584       0x9c D:\CCDev\EnhancedClearCoreLibrary\libClearCore\Debug\libClearCore.a(usbdc.o)
 .text.usbdc_cb_ctl_req
                0x00011620      0x408 D:\CCDev\EnhancedClearCoreLibrary\libClearCore\Debug\libClearCore.a(usbdc.o)
 .text.usbd_event_cb
                0x00011a28       0x7c D:\CCDev\EnhancedClearCoreLibrary\libClearCore\Debug\libClearCore.a(usbdc.o)
 .text.usbdc_xfer
                0x00011aa4       0x1c D:\CCDev\EnhancedClearCoreLibrary\libClearCore\Debug\libClearCore.a(usbdc.o)
                0x00011aa4                usbdc_xfer
 .text.usbdc_register_handler
                0x00011ac0       0x2c D:\CCDev\EnhancedClearCoreLibrary\libClearCore\Debug\libClearCore.a(usbdc.o)
                0x00011ac0                usbdc_register_handler
 .text.usbdc_init
                0x00011aec       0x50 D:\CCDev\EnhancedClearCoreLibrary\libClearCore\Debug\libClearCore.a(usbdc.o)
                0x00011aec                usbdc_init
 .text.usbdc_register_function
                0x00011b3c        0xc D:\CCDev\EnhancedClearCoreLibrary\libClearCore\Debug\libClearCore.a(usbdc.o)
                0x00011b3c                usbdc_register_function
 .text.usbdc_start
                0x00011b48       0x30 D:\CCDev\EnhancedClearCoreLibrary\libClearCore\Debug\libClearCore.a(usbdc.o)
                0x00011b48                usbdc_start
 .text.usbdc_attach
                0x00011b78        0x4 D:\CCDev\EnhancedClearCoreLibrary\libClearCore\Debug\libClearCore.a(usbdc.o)
                0x00011b78                usbdc_attach
 .text.usbdc_get_ctrl_buffer
                0x00011b7c        0xc D:\CCDev\EnhancedClearCoreLibrary\libClearCore\Debug\libClearCore.a(usbdc.o)
                0x00011b7c                usbdc_get_ctrl_buffer
 .text.usbdc_get_state
                0x00011b88       0x14 D:\CCDev\EnhancedClearCoreLibrary\libClearCore\Debug\libClearCore.a(usbdc.o)
                0x00011b88                usbdc_get_state
 .text.usb_find_desc
                0x00011b9c       0x34 D:\CCDev\EnhancedClearCoreLibrary\libClearCore\Debug\libClearCore.a(usb_protocol.o)
                0x00011b9c                usb_find_desc
 .text.usb_find_ep_desc
                0x00011bd0       0x34 D:\CCDev\EnhancedClearCoreLibrary\libClearCore\Debug\libClearCore.a(usb_protocol.o)
                0x00011bd0                usb_find_ep_desc
 .text.usb_find_cfg_desc
                0x00011c04       0x58 D:\CCDev\EnhancedClearCoreLibrary\libClearCore\Debug\libClearCore.a(usb_protocol.o)
                0x00011c04                usb_find_cfg_desc
 .text.usb_find_str_desc
                0x00011c5c       0x38 D:\CCDev\EnhancedClearCoreLibrary\libClearCore\Debug\libClearCore.a(usb_protocol.o)
                0x00011c5c                usb_find_str_desc
 .text.usb_d_dummy_cb_false
                0x00011c94        0x4 D:\CCDev\EnhancedClearCoreLibrary\libClearCore\Debug\libClearCore.a(hal_usb_device.o)
 .text.usb_d_cb_trans_more
                0x00011c98       0x44 D:\CCDev\EnhancedClearCoreLibrary\libClearCore\Debug\libClearCore.a(hal_usb_device.o)
 .text._usb_d_cb_trans_done
                0x00011cdc      0x13c D:\CCDev\EnhancedClearCoreLibrary\libClearCore\Debug\libClearCore.a(hal_usb_device.o)
 .text.usb_d_cb_trans_setup
                0x00011e18       0xa4 D:\CCDev\EnhancedClearCoreLibrary\libClearCore\Debug\libClearCore.a(hal_usb_device.o)
 .text.usb_d_init
                0x00011ebc      0x104 D:\CCDev\EnhancedClearCoreLibrary\libClearCore\Debug\libClearCore.a(hal_usb_device.o)
                0x00011ebc                usb_d_init
 .text.usb_d_register_callback
                0x00011fc0        0x4 D:\CCDev\EnhancedClearCoreLibrary\libClearCore\Debug\libClearCore.a(hal_usb_device.o)
                0x00011fc0                usb_d_register_callback
 .text.usb_d_enable
                0x00011fc4        0x4 D:\CCDev\EnhancedClearCoreLibrary\libClearCore\Debug\libClearCore.a(hal_usb_device.o)
                0x00011fc4                usb_d_enable
 .text.usb_d_attach
                0x00011fc8        0x4 D:\CCDev\EnhancedClearCoreLibrary\libClearCore\Debug\libClearCore.a(hal_usb_device.o)
                0x00011fc8                usb_d_attach
 .text.usb_d_set_address
                0x00011fcc        0x4 D:\CCDev\EnhancedClearCoreLibrary\libClearCore\Debug\libClearCore.a(hal_usb_device.o)
                0x00011fcc                usb_d_set_address
 .text.usb_d_ep0_init
                0x00011fd0       0x9c D:\CCDev\EnhancedClearCoreLibrary\libClearCore\Debug\libClearCore.a(hal_usb_device.o)
                0x00011fd0                usb_d_ep0_init
 .text.usb_d_ep_init
                0x0001206c       0x6c D:\CCDev\EnhancedClearCoreLibrary\libClearCore\Debug\libClearCore.a(hal_usb_device.o)
                0x0001206c                usb_d_ep_init
 .text.usb_d_ep_deinit
                0x000120d8       0x38 D:\CCDev\EnhancedClearCoreLibrary\libClearCore\Debug\libClearCore.a(hal_usb_device.o)
                0x000120d8                usb_d_ep_deinit
 .text.usb_d_ep_enable
                0x00012110       0x54 D:\CCDev\EnhancedClearCoreLibrary\libClearCore\Debug\libClearCore.a(hal_usb_device.o)
                0x00012110                usb_d_ep_enable
 .text.usb_d_ep_transfer
                0x00012164      0x128 D:\CCDev\EnhancedClearCoreLibrary\libClearCore\Debug\libClearCore.a(hal_usb_device.o)
                0x00012164                usb_d_ep_transfer
 .text.usb_d_ep_abort
                0x0001228c       0x3c D:\CCDev\EnhancedClearCoreLibrary\libClearCore\Debug\libClearCore.a(hal_usb_device.o)
                0x0001228c                usb_d_ep_abort
 .text.usb_d_ep_halt
                0x000122c8       0x70 D:\CCDev\EnhancedClearCoreLibrary\libClearCore\Debug\libClearCore.a(hal_usb_device.o)
                0x000122c8                usb_d_ep_halt
 .text.usb_d_ep_register_callback
                0x00012338       0x5c D:\CCDev\EnhancedClearCoreLibrary\libClearCore\Debug\libClearCore.a(hal_usb_device.o)
                0x00012338                usb_d_ep_register_callback
 .text.assert   0x00012394        0x8 D:\CCDev\EnhancedClearCoreLibrary\libClearCore\Debug\libClearCore.a(utils_assert.o)
                0x00012394                assert
 .text.list_insert_at_end
                0x0001239c       0x48 D:\CCDev\EnhancedClearCoreLibrary\libClearCore\Debug\libClearCore.a(utils_list.o)
                0x0001239c                list_insert_at_end
 .text._ZN9ClearCore10AdcManager8InstanceEv
                0x000123e4       0x88 D:\CCDev\EnhancedClearCoreLibrary\libClearCore\Debug\libClearCore.a(AdcManager.o)
                0x000123e4                ClearCore::AdcManager::Instance()
 .text._ZN9ClearCore10AdcManager10InitializeEv
                0x0001246c      0x374 D:\CCDev\EnhancedClearCoreLibrary\libClearCore\Debug\libClearCore.a(AdcManager.o)
                0x0001246c                ClearCore::AdcManager::Initialize()
 .text._ZN9ClearCore10AdcManager6UpdateEv
                0x000127e0      0x244 D:\CCDev\EnhancedClearCoreLibrary\libClearCore\Debug\libClearCore.a(AdcManager.o)
                0x000127e0                ClearCore::AdcManager::Update()
 .text._ZN9ClearCore10AdcManager8FilterTcENS0_11AdcChannelsEtNS0_11FilterUnitsE
                0x00012a24       0x9c D:\CCDev\EnhancedClearCoreLibrary\libClearCore\Debug\libClearCore.a(AdcManager.o)
                0x00012a24                ClearCore::AdcManager::FilterTc(ClearCore::AdcManager::AdcChannels, unsigned short, ClearCore::AdcManager::FilterUnits)
 .text.startup._GLOBAL__sub_I__ZN9ClearCore6AdcMgrE
                0x00012ac0       0x4c D:\CCDev\EnhancedClearCoreLibrary\libClearCore\Debug\libClearCore.a(AdcManager.o)
 .text._ZN9ClearCore12DigitalInOut11IsInHwFaultEv
                0x00012b0c        0x8 D:\CCDev\EnhancedClearCoreLibrary\libClearCore\Debug\libClearCore.a(DigitalInOutAnalogOut.o)
                0x00012b0c                ClearCore::DigitalInOut::IsInHwFault()
 .text._ZN9ClearCore21DigitalInOutAnalogOut4ModeEv
                0x00012b14        0x4 D:\CCDev\EnhancedClearCoreLibrary\libClearCore\Debug\libClearCore.a(DigitalInOutAnalogOut.o)
                0x00012b14                ClearCore::DigitalInOutAnalogOut::Mode()
 .text._ZN9ClearCore21DigitalInOutAnalogOut4TypeEv
                0x00012b18        0x4 D:\CCDev\EnhancedClearCoreLibrary\libClearCore\Debug\libClearCore.a(DigitalInOutAnalogOut.o)
                0x00012b18                ClearCore::DigitalInOutAnalogOut::Type()
 .text._ZN9ClearCore21DigitalInOutAnalogOut10IsWritableEv
                0x00012b1c       0x14 D:\CCDev\EnhancedClearCoreLibrary\libClearCore\Debug\libClearCore.a(DigitalInOutAnalogOut.o)
                0x00012b1c                ClearCore::DigitalInOutAnalogOut::IsWritable()
 .text._ZN9ClearCore21DigitalInOutAnalogOutC2ENS_13ShiftRegister5MasksEPK15PeripheralRouteS5_S5_b
                0x00012b30       0x34 D:\CCDev\EnhancedClearCoreLibrary\libClearCore\Debug\libClearCore.a(DigitalInOutAnalogOut.o)
                0x00012b30                ClearCore::DigitalInOutAnalogOut::DigitalInOutAnalogOut(ClearCore::ShiftRegister::Masks, PeripheralRoute const*, PeripheralRoute const*, PeripheralRoute const*, bool)
                0x00012b30                ClearCore::DigitalInOutAnalogOut::DigitalInOutAnalogOut(ClearCore::ShiftRegister::Masks, PeripheralRoute const*, PeripheralRoute const*, PeripheralRoute const*, bool)
 .text._ZN9ClearCore21DigitalInOutAnalogOut13DacInitializeEv
                0x00012b64      0x100 D:\CCDev\EnhancedClearCoreLibrary\libClearCore\Debug\libClearCore.a(DigitalInOutAnalogOut.o)
                0x00012b64                ClearCore::DigitalInOutAnalogOut::DacInitialize()
 .text._ZN9ClearCore21DigitalInOutAnalogOut9DacEnableEv
                0x00012c64       0xc8 D:\CCDev\EnhancedClearCoreLibrary\libClearCore\Debug\libClearCore.a(DigitalInOutAnalogOut.o)
                0x00012c64                ClearCore::DigitalInOutAnalogOut::DacEnable()
 .text._ZN9ClearCore21DigitalInOutAnalogOut7RefreshEv
                0x00012d2c       0x18 D:\CCDev\EnhancedClearCoreLibrary\libClearCore\Debug\libClearCore.a(DigitalInOutAnalogOut.o)
                0x00012d2c                ClearCore::DigitalInOutAnalogOut::Refresh()
 .text._ZN9ClearCore21DigitalInOutAnalogOut4ModeENS_9Connector14ConnectorModesE
                0x00012d44       0xf8 D:\CCDev\EnhancedClearCoreLibrary\libClearCore\Debug\libClearCore.a(DigitalInOutAnalogOut.o)
                0x00012d44                ClearCore::DigitalInOutAnalogOut::Mode(ClearCore::Connector::ConnectorModes)
 .text._ZN9ClearCore21DigitalInOutAnalogOut5StateEv
                0x00012e3c       0x1c D:\CCDev\EnhancedClearCoreLibrary\libClearCore\Debug\libClearCore.a(DigitalInOutAnalogOut.o)
                0x00012e3c                ClearCore::DigitalInOutAnalogOut::State()
 .text._ZN9ClearCore21DigitalInOutAnalogOut5StateEs
                0x00012e58       0x9c D:\CCDev\EnhancedClearCoreLibrary\libClearCore\Debug\libClearCore.a(DigitalInOutAnalogOut.o)
                0x00012e58                ClearCore::DigitalInOutAnalogOut::State(short)
 .text._ZN9ClearCore21DigitalInOutAnalogOut10InitializeE13ClearCorePins
                0x00012ef4       0xa0 D:\CCDev\EnhancedClearCoreLibrary\libClearCore\Debug\libClearCore.a(DigitalInOutAnalogOut.o)
                0x00012ef4                ClearCore::DigitalInOutAnalogOut::Initialize(ClearCorePins)
 .text._ZN9ClearCore9DigitalIn11IsInHwFaultEv
                0x00012f94        0x4 D:\CCDev\EnhancedClearCoreLibrary\libClearCore\Debug\libClearCore.a(DigitalInAnalogIn.o)
                0x00012f94                ClearCore::DigitalIn::IsInHwFault()
 .text._ZN9ClearCore17DigitalInAnalogIn4ModeEv
                0x00012f98        0x4 D:\CCDev\EnhancedClearCoreLibrary\libClearCore\Debug\libClearCore.a(DigitalInAnalogIn.o)
                0x00012f98                ClearCore::DigitalInAnalogIn::Mode()
 .text._ZN9ClearCore17DigitalInAnalogIn4TypeEv
                0x00012f9c        0x4 D:\CCDev\EnhancedClearCoreLibrary\libClearCore\Debug\libClearCore.a(DigitalInAnalogIn.o)
                0x00012f9c                ClearCore::DigitalInAnalogIn::Type()
 .text._ZN9ClearCore17DigitalInAnalogIn10IsWritableEv
                0x00012fa0        0x4 D:\CCDev\EnhancedClearCoreLibrary\libClearCore\Debug\libClearCore.a(DigitalInAnalogIn.o)
                0x00012fa0                ClearCore::DigitalInAnalogIn::IsWritable()
 .text._ZN9ClearCore17DigitalInAnalogIn5StateEs
                0x00012fa4        0x4 D:\CCDev\EnhancedClearCoreLibrary\libClearCore\Debug\libClearCore.a(DigitalInAnalogIn.o)
                0x00012fa4                ClearCore::DigitalInAnalogIn::State(short)
 .text._ZN9ClearCore17DigitalInAnalogIn4ModeENS_9Connector14ConnectorModesE
                0x00012fa8       0xfc D:\CCDev\EnhancedClearCoreLibrary\libClearCore\Debug\libClearCore.a(DigitalInAnalogIn.o)
                0x00012fa8                ClearCore::DigitalInAnalogIn::Mode(ClearCore::Connector::ConnectorModes)
 .text._ZN9ClearCore17DigitalInAnalogInC2ENS_13ShiftRegister5MasksES2_PK15PeripheralRouteNS_10AdcManager11AdcChannelsE
                0x000130a4       0x2c D:\CCDev\EnhancedClearCoreLibrary\libClearCore\Debug\libClearCore.a(DigitalInAnalogIn.o)
                0x000130a4                ClearCore::DigitalInAnalogIn::DigitalInAnalogIn(ClearCore::ShiftRegister::Masks, ClearCore::ShiftRegister::Masks, PeripheralRoute const*, ClearCore::AdcManager::AdcChannels)
                0x000130a4                ClearCore::DigitalInAnalogIn::DigitalInAnalogIn(ClearCore::ShiftRegister::Masks, ClearCore::ShiftRegister::Masks, PeripheralRoute const*, ClearCore::AdcManager::AdcChannels)
 .text._ZN9ClearCore17DigitalInAnalogIn7RefreshEv
                0x000130d0       0x78 D:\CCDev\EnhancedClearCoreLibrary\libClearCore\Debug\libClearCore.a(DigitalInAnalogIn.o)
                0x000130d0                ClearCore::DigitalInAnalogIn::Refresh()
 .text._ZN9ClearCore17DigitalInAnalogIn10InitializeE13ClearCorePins
                0x00013148       0xb4 D:\CCDev\EnhancedClearCoreLibrary\libClearCore\Debug\libClearCore.a(DigitalInAnalogIn.o)
                0x00013148                ClearCore::DigitalInAnalogIn::Initialize(ClearCorePins)
 .text._ZN9ClearCore17DigitalInAnalogIn5StateEv
                0x000131fc       0x48 D:\CCDev\EnhancedClearCoreLibrary\libClearCore\Debug\libClearCore.a(DigitalInAnalogIn.o)
                0x000131fc                ClearCore::DigitalInAnalogIn::State()
 .text._ZN9ClearCore12DigitalInOut4ModeEv
                0x00013244        0x4 D:\CCDev\EnhancedClearCoreLibrary\libClearCore\Debug\libClearCore.a(DigitalInOut.o)
                0x00013244                ClearCore::DigitalInOut::Mode()
 .text._ZN9ClearCore12DigitalInOut4TypeEv
                0x00013248        0x4 D:\CCDev\EnhancedClearCoreLibrary\libClearCore\Debug\libClearCore.a(DigitalInOut.o)
                0x00013248                ClearCore::DigitalInOut::Type()
 .text._ZN9ClearCore12DigitalInOut10IsWritableEv
                0x0001324c       0x14 D:\CCDev\EnhancedClearCoreLibrary\libClearCore\Debug\libClearCore.a(DigitalInOut.o)
                0x0001324c                ClearCore::DigitalInOut::IsWritable()
 .text._ZN9ClearCore12DigitalInOut5StateEs
                0x00013260       0xb8 D:\CCDev\EnhancedClearCoreLibrary\libClearCore\Debug\libClearCore.a(DigitalInOut.o)
                0x00013260                ClearCore::DigitalInOut::State(short)
 .text._ZN9ClearCore12DigitalInOut4ModeENS_9Connector14ConnectorModesE
                0x00013318      0x224 D:\CCDev\EnhancedClearCoreLibrary\libClearCore\Debug\libClearCore.a(DigitalInOut.o)
                0x00013318                ClearCore::DigitalInOut::Mode(ClearCore::Connector::ConnectorModes)
 .text._ZN9ClearCore12DigitalInOutC2ENS_13ShiftRegister5MasksEPK15PeripheralRouteS5_b
                0x0001353c       0x6c D:\CCDev\EnhancedClearCoreLibrary\libClearCore\Debug\libClearCore.a(DigitalInOut.o)
                0x0001353c                ClearCore::DigitalInOut::DigitalInOut(ClearCore::ShiftRegister::Masks, PeripheralRoute const*, PeripheralRoute const*, bool)
                0x0001353c                ClearCore::DigitalInOut::DigitalInOut(ClearCore::ShiftRegister::Masks, PeripheralRoute const*, PeripheralRoute const*, bool)
 .text._ZN9ClearCore12DigitalInOut7RefreshEv
                0x000135a8      0x20c D:\CCDev\EnhancedClearCoreLibrary\libClearCore\Debug\libClearCore.a(DigitalInOut.o)
                0x000135a8                ClearCore::DigitalInOut::Refresh()
 .text._ZN9ClearCore12DigitalInOut5StateEv
                0x000137b4       0x40 D:\CCDev\EnhancedClearCoreLibrary\libClearCore\Debug\libClearCore.a(DigitalInOut.o)
                0x000137b4                ClearCore::DigitalInOut::State()
 .text._ZN9ClearCore12DigitalInOut10InitializeE13ClearCorePins
                0x000137f4       0x74 D:\CCDev\EnhancedClearCoreLibrary\libClearCore\Debug\libClearCore.a(DigitalInOut.o)
                0x000137f4                ClearCore::DigitalInOut::Initialize(ClearCorePins)
 .text._ZN9ClearCore9Connector4ModeEv
                0x00013868        0x4 D:\CCDev\EnhancedClearCoreLibrary\libClearCore\Debug\libClearCore.a(DigitalIn.o)
                0x00013868                ClearCore::Connector::Mode()
 .text._ZN9ClearCore9DigitalIn4ModeEv
                0x0001386c        0x4 D:\CCDev\EnhancedClearCoreLibrary\libClearCore\Debug\libClearCore.a(DigitalIn.o)
                0x0001386c                ClearCore::DigitalIn::Mode()
 .text._ZN9ClearCore9DigitalIn4ModeENS_9Connector14ConnectorModesE
                0x00013870        0xc D:\CCDev\EnhancedClearCoreLibrary\libClearCore\Debug\libClearCore.a(DigitalIn.o)
                0x00013870                ClearCore::DigitalIn::Mode(ClearCore::Connector::ConnectorModes)
 .text._ZN9ClearCore9DigitalIn4TypeEv
                0x0001387c        0x4 D:\CCDev\EnhancedClearCoreLibrary\libClearCore\Debug\libClearCore.a(DigitalIn.o)
                0x0001387c                ClearCore::DigitalIn::Type()
 .text._ZN9ClearCore9DigitalIn10IsWritableEv
                0x00013880        0x4 D:\CCDev\EnhancedClearCoreLibrary\libClearCore\Debug\libClearCore.a(DigitalIn.o)
                0x00013880                ClearCore::DigitalIn::IsWritable()
 .text._ZN9ClearCore9DigitalIn5StateEv
                0x00013884       0x28 D:\CCDev\EnhancedClearCoreLibrary\libClearCore\Debug\libClearCore.a(DigitalIn.o)
                0x00013884                ClearCore::DigitalIn::State()
 .text._ZN9ClearCore9DigitalIn10InitializeE13ClearCorePins
                0x000138ac       0xcc D:\CCDev\EnhancedClearCoreLibrary\libClearCore\Debug\libClearCore.a(DigitalIn.o)
                0x000138ac                ClearCore::DigitalIn::Initialize(ClearCorePins)
 .text._ZN9ClearCore9DigitalIn7RefreshEv
                0x00013978      0x14c D:\CCDev\EnhancedClearCoreLibrary\libClearCore\Debug\libClearCore.a(DigitalIn.o)
                0x00013978                ClearCore::DigitalIn::Refresh()
 .text._ZN9ClearCore9ConnectorC2Ev
                0x00013ac4       0x14 D:\CCDev\EnhancedClearCoreLibrary\libClearCore\Debug\libClearCore.a(DigitalIn.o)
                0x00013ac4                ClearCore::Connector::Connector()
                0x00013ac4                ClearCore::Connector::Connector()
 .text._ZN9ClearCore9DigitalInC2ENS_13ShiftRegister5MasksEPK15PeripheralRoute
                0x00013ad8       0x48 D:\CCDev\EnhancedClearCoreLibrary\libClearCore\Debug\libClearCore.a(DigitalIn.o)
                0x00013ad8                ClearCore::DigitalIn::DigitalIn(ClearCore::ShiftRegister::Masks, PeripheralRoute const*)
                0x00013ad8                ClearCore::DigitalIn::DigitalIn(ClearCore::ShiftRegister::Masks, PeripheralRoute const*)
 .text._ZN9ClearCore9DigitalIn7StateRTEv
                0x00013b20       0x1c D:\CCDev\EnhancedClearCoreLibrary\libClearCore\Debug\libClearCore.a(DigitalIn.o)
                0x00013b20                ClearCore::DigitalIn::StateRT()
 .text._ZN9ClearCore9DigitalIn17UpdateFilterStateEv
                0x00013b3c       0x9c D:\CCDev\EnhancedClearCoreLibrary\libClearCore\Debug\libClearCore.a(DigitalIn.o)
                0x00013b3c                ClearCore::DigitalIn::UpdateFilterState()
 .text._ZN9ClearCore19DigitalInOutHBridge4ModeEv
                0x00013bd8        0x4 D:\CCDev\EnhancedClearCoreLibrary\libClearCore\Debug\libClearCore.a(DigitalInOutHBridge.o)
                0x00013bd8                ClearCore::DigitalInOutHBridge::Mode()
 .text._ZN9ClearCore19DigitalInOutHBridge4TypeEv
                0x00013bdc        0x4 D:\CCDev\EnhancedClearCoreLibrary\libClearCore\Debug\libClearCore.a(DigitalInOutHBridge.o)
                0x00013bdc                ClearCore::DigitalInOutHBridge::Type()
 .text._ZN9ClearCore19DigitalInOutHBridge10IsWritableEv
                0x00013be0       0x10 D:\CCDev\EnhancedClearCoreLibrary\libClearCore\Debug\libClearCore.a(DigitalInOutHBridge.o)
                0x00013be0                ClearCore::DigitalInOutHBridge::IsWritable()
 .text._ZN9ClearCore19DigitalInOutHBridgeC2ENS_13ShiftRegister5MasksEPK15PeripheralRouteS5_S5_S5_4IRQnb
                0x00013bf0       0x60 D:\CCDev\EnhancedClearCoreLibrary\libClearCore\Debug\libClearCore.a(DigitalInOutHBridge.o)
                0x00013bf0                ClearCore::DigitalInOutHBridge::DigitalInOutHBridge(ClearCore::ShiftRegister::Masks, PeripheralRoute const*, PeripheralRoute const*, PeripheralRoute const*, PeripheralRoute const*, IRQn, bool)
                0x00013bf0                ClearCore::DigitalInOutHBridge::DigitalInOutHBridge(ClearCore::ShiftRegister::Masks, PeripheralRoute const*, PeripheralRoute const*, PeripheralRoute const*, PeripheralRoute const*, IRQn, bool)
 .text._ZN9ClearCore19DigitalInOutHBridge10FaultStateEb
                0x00013c50       0x54 D:\CCDev\EnhancedClearCoreLibrary\libClearCore\Debug\libClearCore.a(DigitalInOutHBridge.o)
                0x00013c50                ClearCore::DigitalInOutHBridge::FaultState(bool)
 .text._ZN9ClearCore19DigitalInOutHBridge5StateEv
                0x00013ca4       0x3c D:\CCDev\EnhancedClearCoreLibrary\libClearCore\Debug\libClearCore.a(DigitalInOutHBridge.o)
                0x00013ca4                ClearCore::DigitalInOutHBridge::State()
 .text._ZN9ClearCore19DigitalInOutHBridge5StateEs
                0x00013ce0       0x70 D:\CCDev\EnhancedClearCoreLibrary\libClearCore\Debug\libClearCore.a(DigitalInOutHBridge.o)
                0x00013ce0                ClearCore::DigitalInOutHBridge::State(short)
 .text._ZN9ClearCore19DigitalInOutHBridge10ToneUpdateEv
                0x00013d50      0x144 D:\CCDev\EnhancedClearCoreLibrary\libClearCore\Debug\libClearCore.a(DigitalInOutHBridge.o)
                0x00013d50                ClearCore::DigitalInOutHBridge::ToneUpdate()
 .text._ZN9ClearCore19DigitalInOutHBridge7RefreshEv
                0x00013e94      0x114 D:\CCDev\EnhancedClearCoreLibrary\libClearCore\Debug\libClearCore.a(DigitalInOutHBridge.o)
                0x00013e94                ClearCore::DigitalInOutHBridge::Refresh()
 .text._ZN9ClearCore19DigitalInOutHBridge10InitializeE13ClearCorePins
                0x00013fa8       0xc8 D:\CCDev\EnhancedClearCoreLibrary\libClearCore\Debug\libClearCore.a(DigitalInOutHBridge.o)
                0x00013fa8                ClearCore::DigitalInOutHBridge::Initialize(ClearCorePins)
 .text._ZN9ClearCore19DigitalInOutHBridge4ModeENS_9Connector14ConnectorModesE
                0x00014070      0x1a4 D:\CCDev\EnhancedClearCoreLibrary\libClearCore\Debug\libClearCore.a(DigitalInOutHBridge.o)
                0x00014070                ClearCore::DigitalInOutHBridge::Mode(ClearCore::Connector::ConnectorModes)
 .text._ZN9ClearCore10DmaManager8InstanceEv
                0x00014214       0x28 D:\CCDev\EnhancedClearCoreLibrary\libClearCore\Debug\libClearCore.a(DmaManager.o)
                0x00014214                ClearCore::DmaManager::Instance()
 .text._ZN9ClearCore10DmaManager10InitializeEv
                0x0001423c       0x64 D:\CCDev\EnhancedClearCoreLibrary\libClearCore\Debug\libClearCore.a(DmaManager.o)
                0x0001423c                ClearCore::DmaManager::Initialize()
 .text._ZN9ClearCore10DmaManager7ChannelENS_11DmaChannelsE
                0x000142a0       0x14 D:\CCDev\EnhancedClearCoreLibrary\libClearCore\Debug\libClearCore.a(DmaManager.o)
                0x000142a0                ClearCore::DmaManager::Channel(ClearCore::DmaChannels)
 .text._ZN9ClearCore10DmaManager14BaseDescriptorENS_11DmaChannelsE
                0x000142b4       0x14 D:\CCDev\EnhancedClearCoreLibrary\libClearCore\Debug\libClearCore.a(DmaManager.o)
                0x000142b4                ClearCore::DmaManager::BaseDescriptor(ClearCore::DmaChannels)
 .text.startup._GLOBAL__sub_I__ZN9ClearCore10DmaManager19writeBackDescriptorE
                0x000142c8       0x10 D:\CCDev\EnhancedClearCoreLibrary\libClearCore\Debug\libClearCore.a(DmaManager.o)
 .text._ZN9ClearCore16CcioBoardManager12CcioDiscoverEPNS_12SerialDriverE.part.1
                0x000142d8      0x488 D:\CCDev\EnhancedClearCoreLibrary\libClearCore\Debug\libClearCore.a(CcioBoardManager.o)
 .text._ZN9ClearCore16CcioBoardManager8InstanceEv
                0x00014760      0x118 D:\CCDev\EnhancedClearCoreLibrary\libClearCore\Debug\libClearCore.a(CcioBoardManager.o)
                0x00014760                ClearCore::CcioBoardManager::Instance()
 .text._ZN9ClearCore16CcioBoardManager10InitializeEv
                0x00014878       0xb8 D:\CCDev\EnhancedClearCoreLibrary\libClearCore\Debug\libClearCore.a(CcioBoardManager.o)
                0x00014878                ClearCore::CcioBoardManager::Initialize()
 .text._ZN9ClearCore16CcioBoardManager8PinStateE13ClearCorePins
                0x00014930       0x30 D:\CCDev\EnhancedClearCoreLibrary\libClearCore\Debug\libClearCore.a(CcioBoardManager.o)
                0x00014930                ClearCore::CcioBoardManager::PinState(ClearCorePins)
 .text._ZN9ClearCore16CcioBoardManager7RefreshEv
                0x00014960      0x5c4 D:\CCDev\EnhancedClearCoreLibrary\libClearCore\Debug\libClearCore.a(CcioBoardManager.o)
                0x00014960                ClearCore::CcioBoardManager::Refresh()
 .text._ZN9ClearCore16CcioBoardManager11RefreshSlowEv
                0x00014f24       0x3c D:\CCDev\EnhancedClearCoreLibrary\libClearCore\Debug\libClearCore.a(CcioBoardManager.o)
                0x00014f24                ClearCore::CcioBoardManager::RefreshSlow()
 .text._ZN9ClearCore16CcioBoardManager9LinkCloseEv
                0x00014f60       0x40 D:\CCDev\EnhancedClearCoreLibrary\libClearCore\Debug\libClearCore.a(CcioBoardManager.o)
                0x00014f60                ClearCore::CcioBoardManager::LinkClose()
 .text._ZN9ClearCore16CcioBoardManager12CcioDiscoverEPNS_12SerialDriverE
                0x00014fa0       0x38 D:\CCDev\EnhancedClearCoreLibrary\libClearCore\Debug\libClearCore.a(CcioBoardManager.o)
                0x00014fa0                ClearCore::CcioBoardManager::CcioDiscover(ClearCore::SerialDriver*)
 .text._ZN9ClearCore16CcioBoardManager10PinByIndexE13ClearCorePins
                0x00014fd8       0x18 D:\CCDev\EnhancedClearCoreLibrary\libClearCore\Debug\libClearCore.a(CcioBoardManager.o)
                0x00014fd8                ClearCore::CcioBoardManager::PinByIndex(ClearCorePins)
 .text.startup._GLOBAL__sub_I__ZN9ClearCore7CcioMgrE
                0x00014ff0       0x10 D:\CCDev\EnhancedClearCoreLibrary\libClearCore\Debug\libClearCore.a(CcioBoardManager.o)
 .text._ZN9ClearCore7CcioPin4ModeEv
                0x00015000        0x4 D:\CCDev\EnhancedClearCoreLibrary\libClearCore\Debug\libClearCore.a(CcioPin.o)
                0x00015000                ClearCore::CcioPin::Mode()
 .text._ZN9ClearCore7CcioPin4TypeEv
                0x00015004        0x4 D:\CCDev\EnhancedClearCoreLibrary\libClearCore\Debug\libClearCore.a(CcioPin.o)
                0x00015004                ClearCore::CcioPin::Type()
 .text._ZN9ClearCore7CcioPin10IsWritableEv
                0x00015008       0x10 D:\CCDev\EnhancedClearCoreLibrary\libClearCore\Debug\libClearCore.a(CcioPin.o)
                0x00015008                ClearCore::CcioPin::IsWritable()
 .text._ZN9ClearCore7CcioPin7RefreshEv
                0x00015018        0x4 D:\CCDev\EnhancedClearCoreLibrary\libClearCore\Debug\libClearCore.a(CcioPin.o)
                0x00015018                ClearCore::CcioPin::Refresh()
 .text._ZN9ClearCore7CcioPin10InitializeE13ClearCorePins
                0x0001501c       0x40 D:\CCDev\EnhancedClearCoreLibrary\libClearCore\Debug\libClearCore.a(CcioPin.o)
                0x0001501c                ClearCore::CcioPin::Initialize(ClearCorePins)
 .text._ZN9ClearCore7CcioPin4ModeENS_9Connector14ConnectorModesE
                0x0001505c       0x70 D:\CCDev\EnhancedClearCoreLibrary\libClearCore\Debug\libClearCore.a(CcioPin.o)
                0x0001505c                ClearCore::CcioPin::Mode(ClearCore::Connector::ConnectorModes)
 .text._ZN9ClearCore7CcioPin5StateEv
                0x000150cc       0x3c D:\CCDev\EnhancedClearCoreLibrary\libClearCore\Debug\libClearCore.a(CcioPin.o)
                0x000150cc                ClearCore::CcioPin::State()
 .text._ZN9ClearCore7CcioPin11IsInHwFaultEv
                0x00015108       0x20 D:\CCDev\EnhancedClearCoreLibrary\libClearCore\Debug\libClearCore.a(CcioPin.o)
                0x00015108                ClearCore::CcioPin::IsInHwFault()
 .text._ZN9ClearCore7CcioPin5StateEs
                0x00015128       0x48 D:\CCDev\EnhancedClearCoreLibrary\libClearCore\Debug\libClearCore.a(CcioPin.o)
                0x00015128                ClearCore::CcioPin::State(short)
 .text._ZN9ClearCore7CcioPinC2Ev
                0x00015170       0x34 D:\CCDev\EnhancedClearCoreLibrary\libClearCore\Debug\libClearCore.a(CcioPin.o)
                0x00015170                ClearCore::CcioPin::CcioPin()
                0x00015170                ClearCore::CcioPin::CcioPin()
 .text._ZN9ClearCore12InputManager8InstanceEv
                0x000151a4       0x5c D:\CCDev\EnhancedClearCoreLibrary\libClearCore\Debug\libClearCore.a(InputManager.o)
                0x000151a4                ClearCore::InputManager::Instance()
 .text._ZN9ClearCore12InputManager10InitializeEv
                0x00015200       0x18 D:\CCDev\EnhancedClearCoreLibrary\libClearCore\Debug\libClearCore.a(InputManager.o)
                0x00015200                ClearCore::InputManager::Initialize()
 .text._ZN9ClearCore12InputManager15InterruptEnableEabb
                0x00015218       0x78 D:\CCDev\EnhancedClearCoreLibrary\libClearCore\Debug\libClearCore.a(InputManager.o)
                0x00015218                ClearCore::InputManager::InterruptEnable(signed char, bool, bool)
 .text._ZN9ClearCore12InputManager11EIC_HandlerEh
                0x00015290       0x5c D:\CCDev\EnhancedClearCoreLibrary\libClearCore\Debug\libClearCore.a(InputManager.o)
                0x00015290                ClearCore::InputManager::EIC_Handler(unsigned char)
 .text._ZN9ClearCore12InputManager11UpdateBeginEv
                0x000152ec       0x28 D:\CCDev\EnhancedClearCoreLibrary\libClearCore\Debug\libClearCore.a(InputManager.o)
                0x000152ec                ClearCore::InputManager::UpdateBegin()
 .text._ZN9ClearCore12InputManager9UpdateEndEv
                0x00015314       0x54 D:\CCDev\EnhancedClearCoreLibrary\libClearCore\Debug\libClearCore.a(InputManager.o)
                0x00015314                ClearCore::InputManager::UpdateEnd()
 .text.startup._GLOBAL__sub_I__ZN9ClearCore8InputMgrE
                0x00015368       0x10 D:\CCDev\EnhancedClearCoreLibrary\libClearCore\Debug\libClearCore.a(InputManager.o)
 .text._ZN9ClearCore12SdCardDriverC2EPK15PeripheralRouteS3_S3_S3_h
                0x00015378       0x40 D:\CCDev\EnhancedClearCoreLibrary\libClearCore\Debug\libClearCore.a(SdCardDriver.o)
                0x00015378                ClearCore::SdCardDriver::SdCardDriver(PeripheralRoute const*, PeripheralRoute const*, PeripheralRoute const*, PeripheralRoute const*, unsigned char)
                0x00015378                ClearCore::SdCardDriver::SdCardDriver(PeripheralRoute const*, PeripheralRoute const*, PeripheralRoute const*, PeripheralRoute const*, unsigned char)
 .text._ZN9ClearCore10SerialBase10PortIsOpenEv
                0x000153b8        0x8 D:\CCDev\EnhancedClearCoreLibrary\libClearCore\Debug\libClearCore.a(SerialBase.o)
                0x000153b8                ClearCore::SerialBase::PortIsOpen()
 .text._ZN9ClearCore10SerialBase5FlushEv