A message was lost!!!
	total count change:1
	total count: 1---
header:
  stamp:
    sec: 1791162344
    nanosec: 80162728
  frame_id: base_link
name:
- joint_x
- joint_y
position:
- 0.0
- 0.0
velocity:
- 0.0
- 0.0
effort:
- .nan
- .nan
---
header:
  stamp:
    sec: 1791162344
    nanosec: 100168328
  frame_id: base_link
name:
- joint_x
- joint_y
position:
- 0.0
- 0.0
velocity:
- 0.0
- 0.0
effort:
- .nan
- .nan
---
header:
  stamp:
    sec: 1791162344
    nanosec: 120185723
  frame_id: base_link
name:
- joint_x
- joint_y
position:
- 0.0
- 0.0
velocity:
- 0.0
- 0.0
effort:
- .nan
- .nan
---
header:
  stamp:
    sec: 1791162344
    nanosec: 140171777
  frame_id: base_link
name:
- joint_x
- joint_y
position:
- 0.0
- 0.0
velocity:
- 0.0
- 0.0
effort:
- .nan
- .nan
---
header:
  stamp:
    sec: 1791162344
    nanosec: 160179479
  frame_id: base_link
name:
- joint_x
- joint_y
position:
- 0.0
- 0.0
velocity:
- 0.0
- 0.0
effort:
- .nan
- .nan
---
header:
  stamp:
    sec: 1791162344
    nanosec: 180173296
  frame_id: base_link
name:
- joint_x
- joint_y
position:
- 0.0
- 0.0
velocity:
- 0.0
- 0.0
effort:
- .nan
- .nan
---
header:
  stamp:
    sec: 1791162344
    nanosec: 200171849
  frame_id: base_link
name:
- joint_x
- joint_y
position:
- 0.0
- 0.0
velocity:
- 0.0
- 0.0
effort:
- .nan
- .nan
---
header:
  stamp:
    sec: 1791162344
    nanosec: 220179892
  frame_id: base_link
name:
- joint_x
- joint_y
position:
- 0.0
- 0.0
velocity:
- 0.0
- 0.0
effort:
- .nan
- .nan
---
header:
  stamp:
    sec: 1791162344
    nanosec: 240176007
  frame_id: base_link
name:
- joint_x
- joint_y
position:
- 0.0
- 0.0
velocity:
- 0.0
- 0.0
effort:
- .nan
- .nan
---
header:
  stamp:
    sec: 1791162344
    nanosec: 260181793
  frame_id: base_link
name:
- joint_x
- joint_y
position:
- 0.0
- 0.0
velocity:
- 0.0
- 0.0
effort:
- .nan
- .nan
---
header:
  stamp:
    sec: 1791162344
    nanosec: 280193394
  frame_id: base_link
name:
- joint_x
- joint_y
position:
- 0.0
- 0.0
velocity:
- 0.0
- 0.0
effort:
- .nan
- .nan
---
header:
  stamp:
    sec: 1791162344
    nanosec: 300173446
  frame_id: base_link
name:
- joint_x
- joint_y
position:
- 0.0
- 0.0
velocity:
- 0.0
- 0.0
effort:
- .nan
- .nan
---
header:
  stamp:
    sec: 1791162344
    nanosec: 320179167
  frame_id: base_link
name:
- joint_x
- joint_y
position:
- 0.0
- 0.0
velocity:
- 0.0
- 0.0
effort:
- .nan
- .nan
---
header:
  stamp:
    sec: 1791162344
    nanosec: 340170012
  frame_id: base_link
name:
- joint_x
- joint_y
position:
- 0.0
- 0.0
velocity:
- 0.0
- 0.0
effort:
- .nan
- .nan
---
header:
  stamp:
    sec: 1791162344
    nanosec: 360168718
  frame_id: base_link
name:
- joint_x
- joint_y
position:
- 0.0
- 0.0
velocity:
- 0.0
- 0.0
effort:
- .nan
- .nan
---
header:
  stamp:
    sec: 1791162344
    nanosec: 380171337
  frame_id: base_link
name:
- joint_x
- joint_y
position:
- 0.0
- 0.0
velocity:
- 0.0
- 0.0
effort:
- .nan
- .nan
---
header:
  stamp:
    sec: 1791162344
    nanosec: 400170555
  frame_id: base_link
name:
- joint_x
- joint_y
position:
- 0.0
- 0.0
velocity:
- 0.0
- 0.0
effort:
- .nan
- .nan
---
header:
  stamp:
    sec: 1791162344
    nanosec: 420171976
  frame_id: base_link
name:
- joint_x
- joint_y
position:
- 0.0
- 0.0
velocity:
- 0.0
- 0.0
effort:
- .nan
- .nan
---
header:
  stamp:
    sec: 1791162344
    nanosec: 440172469
  frame_id: base_link
name:
- joint_x
- joint_y
position:
- 0.0
- 0.0
velocity:
- 0.0
- 0.0
effort:
- .nan
- .nan
---
header:
  stamp:
    sec: 1791162344
    nanosec: 460185689
  frame_id: base_link
name:
- joint_x
- joint_y
position:
- 0.0
- 0.0
velocity:
- 0.0
- 0.0
effort:
- .nan
- .nan
---
header:
  stamp:
    sec: 1791162344
    nanosec: 480170812
  frame_id: base_link
name:
- joint_x
- joint_y
position:
- 0.0
- 0.0
velocity:
- 0.0
- 0.0
effort:
- .nan
- .nan
---
header:
  stamp:
    sec: 1791162344
    nanosec: 500170896
  frame_id: base_link
name:
- joint_x
- joint_y
position:
- 0.0
- 0.0
velocity:
- 0.0
- 0.0
effort:
- .nan
- .nan
---
header:
  stamp:
    sec: 1791162344
    nanosec: 520174724
  frame_id: base_link
name:
- joint_x
- joint_y
position:
- 0.0
- 0.0
velocity:
- 0.0
- 0.0
effort:
- .nan
- .nan
---
header:
  stamp:
    sec: 1791162344
    nanosec: 540171060
  frame_id: base_link
name:
- joint_x
- joint_y
position:
- 0.0
- 0.0
velocity:
- 0.0
- 0.0
effort:
- .nan
- .nan
---
header:
  stamp:
    sec: 1791162344
    nanosec: 560172428
  frame_id: base_link
name:
- joint_x
- joint_y
position:
- 0.0
- 0.0
velocity:
- 0.0
- 0.0
effort:
- .nan
- .nan
---
header:
  stamp:
    sec: 1791162344
    nanosec: 580173512
  frame_id: base_link
name:
- joint_x
- joint_y
position:
- 0.0
- 0.0
velocity:
- 0.0
- 0.0
effort:
- .nan
- .nan
---
header:
  stamp:
    sec: 1791162344
    nanosec: 600174656
  frame_id: base_link
name:
- joint_x
- joint_y
position:
- 0.0
- 0.0
velocity:
- 0.0
- 0.0
effort:
- .nan
- .nan
---
header:
  stamp:
    sec: 1791162344
    nanosec: 620172815
  frame_id: base_link
name:
- joint_x
- joint_y
position:
- 0.0
- 0.0
velocity:
- 0.0
- 0.0
effort:
- .nan
- .nan
---
header:
  stamp:
    sec: 1791162344
    nanosec: 640255868
  frame_id: base_link
name:
- joint_x
- joint_y
position:
- 0.0
- 0.0
velocity:
- 0.0
- 0.0
effort:
- .nan
- .nan
---
header:
  stamp:
    sec: 1791162344
    nanosec: 660176010
  frame_id: base_link
name:
- joint_x
- joint_y
position:
- 0.0
- 0.0
velocity:
- 0.0
- 0.0
effort:
- .nan
- .nan
---
header:
  stamp:
    sec: 1791162344
    nanosec: 680169617
  frame_id: base_link
name:
- joint_x
- joint_y
position:
- 0.0
- 0.0
velocity:
- 0.0
- 0.0
effort:
- .nan
- .nan
---
header:
  stamp:
    sec: 1791162344
    nanosec: 700170195
  frame_id: base_link
name:
- joint_x
- joint_y
position:
- 0.0
- 0.0
velocity:
- 0.0
- 0.0
effort:
- .nan
- .nan
---
header:
  stamp:
    sec: 1791162344
    nanosec: 720176745
  frame_id: base_link
name:
- joint_x
- joint_y
position:
- 0.0
- 0.0
velocity:
- 0.0
- 0.0
effort:
- .nan
- .nan
---
header:
  stamp:
    sec: 1791162344
    nanosec: 740174495
  frame_id: base_link
name:
- joint_x
- joint_y
position:
- 0.0
- 0.0
velocity:
- 0.0
- 0.0
effort:
- .nan
- .nan
---
header:
  stamp:
    sec: 1791162344
    nanosec: 760189805
  frame_id: base_link
name:
- joint_x
- joint_y
position:
- 0.0
- 0.0
velocity:
- 0.0
- 0.0
effort:
- .nan
- .nan
---
header:
  stamp:
    sec: 1791162344
    nanosec: 780235198
  frame_id: base_link
name:
- joint_x
- joint_y
position:
- 0.0
- 0.0
velocity:
- 0.0
- 0.0
effort:
- .nan
- .nan
---
header:
  stamp:
    sec: 1791162344
    nanosec: 800219308
  frame_id: base_link
name:
- joint_x
- joint_y
position:
- 0.0
- 0.0
velocity:
- 0.0
- 0.0
effort:
- .nan
- .nan
---
header:
  stamp:
    sec: 1791162344
    nanosec: 820191341
  frame_id: base_link
name:
- joint_x
- joint_y
position:
- 0.0
- 0.0
velocity:
- 0.0
- 0.0
effort:
- .nan
- .nan
---
header:
  stamp:
    sec: 1791162344
    nanosec: 840194950
  frame_id: base_link
name:
- joint_x
- joint_y
position:
- 0.0
- 0.0
velocity:
- 0.0
- 0.0
effort:
- .nan
- .nan
---
header:
  stamp:
    sec: 1791162344
    nanosec: 860175334
  frame_id: base_link
name:
- joint_x
- joint_y
position:
- 0.0
- 0.0
velocity:
- 0.0
- 0.0
effort:
- .nan
- .nan
---
header:
  stamp:
    sec: 1791162344
    nanosec: 880181129
  frame_id: base_link
name:
- joint_x
- joint_y
position:
- 0.0
- 0.0
velocity:
- 0.0
- 0.0
effort:
- .nan
- .nan
---
header:
  stamp:
    sec: 1791162344
    nanosec: 900170786
  frame_id: base_link
name:
- joint_x
- joint_y
position:
- 0.0
- 0.0
velocity:
- 0.0
- 0.0
effort:
- .nan
- .nan
---
header:
  stamp:
    sec: 1791162344
    nanosec: 920213571
  frame_id: base_link
name:
- joint_x
- joint_y
position:
- 0.0
- 0.0
velocity:
- 0.0
- 0.0
effort:
- .nan
- .nan
---
header:
  stamp:
    sec: 1791162344
    nanosec: 940171542
  frame_id: base_link
name:
- joint_x
- joint_y
position:
- 0.0
- 0.0
velocity:
- 0.0
- 0.0
effort:
- .nan
- .nan
---
header:
  stamp:
    sec: 1791162344
    nanosec: 960169878
  frame_id: base_link
name:
- joint_x
- joint_y
position:
- 0.0
- 0.0
velocity:
- 0.0
- 0.0
effort:
- .nan
- .nan
---
header:
  stamp:
    sec: 1791162344
    nanosec: 980185993
  frame_id: base_link
name:
- joint_x
- joint_y
position:
- 0.0
- 0.0
velocity:
- 0.0
- 0.0
effort:
- .nan
- .nan
---
header:
  stamp:
    sec: 1791162345
    nanosec: 178869
  frame_id: base_link
name:
- joint_x
- joint_y
position:
- 0.0
- 0.0
velocity:
- 0.0
- 0.0
effort:
- .nan
- .nan
---
header:
  stamp:
    sec: 1791162345
    nanosec: 20194046
  frame_id: base_link
name:
- joint_x
- joint_y
position:
- 0.0
- 0.0
velocity:
- 0.0
- 0.0
effort:
- .nan
- .nan
---
header:
  stamp:
    sec: 1791162345
    nanosec: 40174912
  frame_id: base_link
name:
- joint_x
- joint_y
position:
- 0.0
- 0.0
velocity:
- 0.0
- 0.0
effort:
- .nan
- .nan
---
header:
  stamp:
    sec: 1791162345
    nanosec: 60176833
  frame_id: base_link
name:
- joint_x
- joint_y
position:
- 0.0
- 0.0
velocity:
- 0.0
- 0.0
effort:
- .nan
- .nan
---
header:
  stamp:
    sec: 1791162345
    nanosec: 80162664
  frame_id: base_link
name:
- joint_x
- joint_y
position:
- 0.0
- 0.0
velocity:
- 0.0
- 0.0
effort:
- .nan
- .nan
---
header:
  stamp:
    sec: 1791162345
    nanosec: 100175726
  frame_id: base_link
name:
- joint_x
- joint_y
position:
- 0.0
- 0.0
velocity:
- 0.0
- 0.0
effort:
- .nan
- .nan
---
header:
  stamp:
    sec: 1791162345
    nanosec: 120167862
  frame_id: base_link
name:
- joint_x
- joint_y
position:
- 0.0
- 0.0
velocity:
- 0.0
- 0.0
effort:
- .nan
- .nan
---
header:
  stamp:
    sec: 1791162345
    nanosec: 140158524
  frame_id: base_link
name:
- joint_x
- joint_y
position:
- 0.0
- 0.0
velocity:
- 0.0
- 0.0
effort:
- .nan
- .nan
---
header:
  stamp:
    sec: 1791162345
    nanosec: 160170763
  frame_id: base_link
name:
- joint_x
- joint_y
position:
- 0.0
- 0.0
velocity:
- 0.0
- 0.0
effort:
- .nan
- .nan
---
header:
  stamp:
    sec: 1791162345
    nanosec: 180167776
  frame_id: base_link
name:
- joint_x
- joint_y
position:
- 0.0
- 0.0
velocity:
- 0.0
- 0.0
effort:
- .nan
- .nan
---
header:
  stamp:
    sec: 1791162345
    nanosec: 200175731
  frame_id: base_link
name:
- joint_x
- joint_y
position:
- 0.0
- 0.0
velocity:
- 0.0
- 0.0
effort:
- .nan
- .nan
---
header:
  stamp:
    sec: 1791162345
    nanosec: 220185604
  frame_id: base_link
name:
- joint_x
- joint_y
position:
- 0.0
- 0.0
velocity:
- 0.0
- 0.0
effort:
- .nan
- .nan
---
header:
  stamp:
    sec: 1791162345
    nanosec: 240176191
  frame_id: base_link
name:
- joint_x
- joint_y
position:
- 0.0
- 0.0
velocity:
- 0.0
- 0.0
effort:
- .nan
- .nan
---
header:
  stamp:
    sec: 1791162345
    nanosec: 260173414
  frame_id: base_link
name:
- joint_x
- joint_y
position:
- 0.0
- 0.0
velocity:
- 0.0
- 0.0
effort:
- .nan
- .nan
---
header:
  stamp:
    sec: 1791162345
    nanosec: 280186852
  frame_id: base_link
name:
- joint_x
- joint_y
position:
- 0.0
- 0.0
velocity:
- 0.0
- 0.0
effort:
- .nan
- .nan
---
header:
  stamp:
    sec: 1791162345
    nanosec: 300180064
  frame_id: base_link
name:
- joint_x
- joint_y
position:
- 0.0
- 0.0
velocity:
- 0.0
- 0.0
effort:
- .nan
- .nan
---
header:
  stamp:
    sec: 1791162345
    nanosec: 320180986
  frame_id: base_link
name:
- joint_x
- joint_y
position:
- 0.0
- 0.0
velocity:
- 0.0
- 0.0
effort:
- .nan
- .nan
---
header:
  stamp:
    sec: 1791162345
    nanosec: 340158910
  frame_id: base_link
name:
- joint_x
- joint_y
position:
- 0.0
- 0.0
velocity:
- 0.0
- 0.0
effort:
- .nan
- .nan
---
header:
  stamp:
    sec: 1791162345
    nanosec: 360167333
  frame_id: base_link
name:
- joint_x
- joint_y
position:
- 0.0
- 0.0
velocity:
- 0.0
- 0.0
effort:
- .nan
- .nan
---
header:
  stamp:
    sec: 1791162345
    nanosec: 380151309
  frame_id: base_link
name:
- joint_x
- joint_y
position:
- 0.0
- 0.0
velocity:
- 0.0
- 0.0
effort:
- .nan
- .nan
---
header:
  stamp:
    sec: 1791162345
    nanosec: 400161726
  frame_id: base_link
name:
- joint_x
- joint_y
position:
- 0.0
- 0.0
velocity:
- 0.0
- 0.0
effort:
- .nan
- .nan
---
header:
  stamp:
    sec: 1791162345
    nanosec: 420147539
  frame_id: base_link
name:
- joint_x
- joint_y
position:
- 0.0
- 0.0
velocity:
- 0.0
- 0.0
effort:
- .nan
- .nan
---
header:
  stamp:
    sec: 1791162345
    nanosec: 440147905
  frame_id: base_link
name:
- joint_x
- joint_y
position:
- 0.0
- 0.0
velocity:
- 0.0
- 0.0
effort:
- .nan
- .nan
---
header:
  stamp:
    sec: 1791162345
    nanosec: 460152418
  frame_id: base_link
name:
- joint_x
- joint_y
position:
- 0.0
- 0.0
velocity:
- 0.0
- 0.0
effort:
- .nan
- .nan
---
header:
  stamp:
    sec: 1791162345
    nanosec: 480149677
  frame_id: base_link
name:
- joint_x
- joint_y
position:
- 0.0
- 0.0
velocity:
- 0.0
- 0.0
effort:
- .nan
- .nan
---
header:
  stamp:
    sec: 1791162345
    nanosec: 500197659
  frame_id: base_link
name:
- joint_x
- joint_y
position:
- 0.0
- 0.0
velocity:
- 0.0
- 0.0
effort:
- .nan
- .nan
---
header:
  stamp:
    sec: 1791162345
    nanosec: 520182338
  frame_id: base_link
name:
- joint_x
- joint_y
position:
- 0.0
- 0.0
velocity:
- 0.0
- 0.0
effort:
- .nan
- .nan
---
header:
  stamp:
    sec: 1791162345
    nanosec: 540169951
  frame_id: base_link
name:
- joint_x
- joint_y
position:
- 0.0
- 0.0
velocity:
- 0.0
- 0.0
effort:
- .nan
- .nan
---
header:
  stamp:
    sec: 1791162345
    nanosec: 560181909
  frame_id: base_link
name:
- joint_x
- joint_y
position:
- 0.0
- 0.0
velocity:
- 0.0
- 0.0
effort:
- .nan
- .nan
---
header:
  stamp:
    sec: 1791162345
    nanosec: 580191208
  frame_id: base_link
name:
- joint_x
- joint_y
position:
- 0.0
- 0.0
velocity:
- 0.0
- 0.0
effort:
- .nan
- .nan
---
header:
  stamp:
    sec: 1791162345
    nanosec: 600198621
  frame_id: base_link
name:
- joint_x
- joint_y
position:
- 0.0
- 0.0
velocity:
- 0.0
- 0.0
effort:
- .nan
- .nan
---
header:
  stamp:
    sec: 1791162345
    nanosec: 620188742
  frame_id: base_link
name:
- joint_x
- joint_y
position:
- 0.0
- 0.0
velocity:
- 0.0
- 0.0
effort:
- .nan
- .nan
---
header:
  stamp:
    sec: 1791162345
    nanosec: 640196352
  frame_id: base_link
name:
- joint_x
- joint_y
position:
- 0.0
- 0.0
velocity:
- 0.0
- 0.0
effort:
- .nan
- .nan
---
header:
  stamp:
    sec: 1791162345
    nanosec: 660224521
  frame_id: base_link
name:
- joint_x
- joint_y
position:
- 0.0
- 0.0
velocity:
- 0.0
- 0.0
effort:
- .nan
- .nan
---
header:
  stamp:
    sec: 1791162345
    nanosec: 680509342
  frame_id: base_link
name:
- joint_x
- joint_y
position:
- 0.0
- 0.0
velocity:
- 0.0
- 0.0
effort:
- .nan
- .nan
---
header:
  stamp:
    sec: 1791162345
    nanosec: 700194814
  frame_id: base_link
name:
- joint_x
- joint_y
position:
- 0.0
- 0.0
velocity:
- 0.0
- 0.0
effort:
- .nan
- .nan
---
header:
  stamp:
    sec: 1791162345
    nanosec: 720193170
  frame_id: base_link
name:
- joint_x
- joint_y
position:
- 0.0
- 0.0
velocity:
- 0.0
- 0.0
effort:
- .nan
- .nan
---
header:
  stamp:
    sec: 1791162345
    nanosec: 740557196
  frame_id: base_link
name:
- joint_x
- joint_y
position:
- 0.0
- 0.0
velocity:
- 0.0
- 0.0
effort:
- .nan
- .nan
---
header:
  stamp:
    sec: 1791162345
    nanosec: 760807951
  frame_id: base_link
name:
- joint_x
- joint_y
position:
- 0.0
- 0.0
velocity:
- 0.0
- 0.0
effort:
- .nan
- .nan
---
header:
  stamp:
    sec: 1791162345
    nanosec: 780431085
  frame_id: base_link
name:
- joint_x
- joint_y
position:
- 0.0
- 0.0
velocity:
- 0.0
- 0.0
effort:
- .nan
- .nan
---
header:
  stamp:
    sec: 1791162345
    nanosec: 800640044
  frame_id: base_link
name:
- joint_x
- joint_y
position:
- 0.0
- 0.0
velocity:
- 0.0
- 0.0
effort:
- .nan
- .nan
---
header:
  stamp:
    sec: 1791162345
    nanosec: 820426998
  frame_id: base_link
name:
- joint_x
- joint_y
position:
- 0.0
- 0.0
velocity:
- 0.0
- 0.0
effort:
- .nan
- .nan
---
header:
  stamp:
    sec: 1791162345
    nanosec: 840180121
  frame_id: base_link
name:
- joint_x
- joint_y
position:
- 0.0
- 0.0
velocity:
- 0.0
- 0.0
effort:
- .nan
- .nan
---
header:
  stamp:
    sec: 1791162345
    nanosec: 860286224
  frame_id: base_link
name:
- joint_x
- joint_y
position:
- 0.0
- 0.0
velocity:
- 0.0
- 0.0
effort:
- .nan
- .nan
---
header:
  stamp:
    sec: 1791162345
    nanosec: 880173242
  frame_id: base_link
name:
- joint_x
- joint_y
position:
- 0.0
- 0.0
velocity:
- 0.0
- 0.0
effort:
- .nan
- .nan
---
header:
  stamp:
    sec: 1791162345
    nanosec: 900162505
  frame_id: base_link
name:
- joint_x
- joint_y
position:
- 0.0
- 0.0
velocity:
- 0.0
- 0.0
effort:
- .nan
- .nan
---
header:
  stamp:
    sec: 1791162345
    nanosec: 920172568
  frame_id: base_link
name:
- joint_x
- joint_y
position:
- 0.0
- 0.0
velocity:
- 0.0
- 0.0
effort:
- .nan
- .nan
---
header:
  stamp:
    sec: 1791162345
    nanosec: 940166042
  frame_id: base_link
name:
- joint_x
- joint_y
position:
- 0.0
- 0.0
velocity:
- 0.0
- 0.0
effort:
- .nan
- .nan
---
header:
  stamp:
    sec: 1791162345
    nanosec: 960172495
  frame_id: base_link
name:
- joint_x
- joint_y
position:
- 0.0
- 0.0
velocity:
- 0.0
- 0.0
effort:
- .nan
- .nan
---
header:
  stamp:
    sec: 1791162345
    nanosec: 980185820
  frame_id: base_link
name:
- joint_x
- joint_y
position:
- 0.0
- 0.0
velocity:
- 0.0
- 0.0
effort:
- .nan
- .nan
---
header:
  stamp:
    sec: 1791162346
    nanosec: 174884
  frame_id: base_link
name:
- joint_x
- joint_y
position:
- 0.0
- 0.0
velocity:
- 0.0
- 0.0
effort:
- .nan
- .nan
---
header:
  stamp:
    sec: 1791162346
    nanosec: 20172653
  frame_id: base_link
name:
- joint_x
- joint_y
position:
- 6.24999984211172e-06
- 6.24999984211172e-06
velocity:
- 0.0003124999930150807
- 0.0003124999930150807
effort:
- .nan
- .nan
---
header:
  stamp:
    sec: 1791162346
    nanosec: 40170689
  frame_id: base_link
name:
- joint_x
- joint_y
position:
- 3.125000148429535e-05
- 3.125000148429535e-05
velocity:
- 0.0012499999720603228
- 0.0012499999720603228
effort:
- .nan
- .nan
---
header:
  stamp:
    sec: 1791162346
    nanosec: 60172240
  frame_id: base_link
name:
- joint_x
- joint_y
position:
- 6.874999962747097e-05
- 6.874999962747097e-05
velocity:
- 0.0018749999580904841
- 0.0018749999580904841
effort:
- .nan
- .nan
---
header:
  stamp:
    sec: 1791162346
    nanosec: 80166516
  frame_id: base_link
name:
- joint_x
- joint_y
position:
- 0.0001250000059371814
- 0.0001250000059371814
velocity:
- 0.002812500111758709
- 0.002812500111758709
effort:
- .nan
- .nan
---
header:
  stamp:
    sec: 1791162346
    nanosec: 100164630
  frame_id: base_link
name:
- joint_x
- joint_y
position:
- 0.00019999999494757503
- 0.00019999999494757503
velocity:
- 0.0037499999161809683
- 0.0037499999161809683
effort:
- .nan
- .nan
---
header:
  stamp:
    sec: 1791162346
    nanosec: 120188283
  frame_id: base_link
name:
- joint_x
- joint_y
position:
- 0.00028750000637955964
- 0.00028750000637955964
velocity:
- 0.0043750000186264515
- 0.0043750000186264515
effort:
- .nan
- .nan
---
header:
  stamp:
    sec: 1791162346
    nanosec: 140180674
  frame_id: base_link
name:
- joint_x
- joint_y
position:
- 0.0003937500005122274
- 0.00038750001112930477
velocity:
- 0.005059523973613977
- 0.004761904943734407
effort:
- .nan
- .nan
---
header:
  stamp:
    sec: 1791162346
    nanosec: 160174074
  frame_id: base_link
name:
- joint_x
- joint_y
position:
- 0.0006375000230036676
- 0.0006375000230036676
velocity:
- 0.0062500000931322575
- 0.0062500000931322575
effort:
- .nan
- .nan
---
header:
  stamp:
    sec: 1791162346
    nanosec: 180180663
  frame_id: base_link
name:
- joint_x
- joint_y
position:
- 0.0007812500116415322
- 0.0007812500116415322
velocity:
- 0.0071875001303851604
- 0.0071875001303851604
effort:
- .nan
- .nan
---
header:
  stamp:
    sec: 1791162346
    nanosec: 200159627
  frame_id: base_link
name:
- joint_x
- joint_y
position:
- 0.0009374999790452421
- 0.0009374999790452421
velocity:
- 0.0078125
- 0.0078125
effort:
- .nan
- .nan
---
header:
  stamp:
    sec: 1791162346
    nanosec: 220164246
  frame_id: base_link
name:
- joint_x
- joint_y
position:
- 0.0011124999728053808
- 0.0011124999728053808
velocity:
- 0.008750000037252903
- 0.008750000037252903
effort:
- .nan
- .nan
---
header:
  stamp:
    sec: 1791162346
    nanosec: 240164100
  frame_id: base_link
name:
- joint_x
- joint_y
position:
- 0.0012875000247731805
- 0.0012875000247731805
velocity:
- 0.008750000037252903
- 0.008750000037252903
effort:
- .nan
- .nan
---
header:
  stamp:
    sec: 1791162346
    nanosec: 260156483
  frame_id: base_link
name:
- joint_x
- joint_y
position:
- 0.001481250044889748
- 0.001481250044889748
velocity:
- 0.009687500074505806
- 0.009687500074505806
effort:
- .nan
- .nan
---
header:
  stamp:
    sec: 1791162346
    nanosec: 280177716
  frame_id: base_link
name:
- joint_x
- joint_y
position:
- 0.0016749999485909939
- 0.0016749999485909939
velocity:
- 0.009687500074505806
- 0.009687500074505806
effort:
- .nan
- .nan
---
header:
  stamp:
    sec: 1791162346
    nanosec: 300164538
  frame_id: base_link
name:
- joint_x
- joint_y
position:
- 0.0018875000532716513
- 0.0018875000532716513
velocity:
- 0.010625000111758709
- 0.010625000111758709
effort:
- .nan
- .nan
---
header:
  stamp:
    sec: 1791162346
    nanosec: 320182012
  frame_id: base_link
name:
- joint_x
- joint_y
position:
- 0.0021187500096857548
- 0.0021187500096857548
velocity:
- 0.011562500149011612
- 0.011562500149011612
effort:
- .nan
- .nan
---
header:
  stamp:
    sec: 1791162346
    nanosec: 340212850
  frame_id: base_link
name:
- joint_x
- joint_y
position:
- 0.0025875000283122063
- 0.0025875000283122063
velocity:
- 0.011874999850988388
- 0.011874999850988388
effort:
- .nan
- .nan
---
header:
  stamp:
    sec: 1791162346
    nanosec: 360172498
  frame_id: base_link
name:
- joint_x
- joint_y
position:
- 0.0028375000692903996
- 0.0028375000692903996
velocity:
- 0.012500000186264515
- 0.012500000186264515
effort:
- .nan
- .nan
---
header:
  stamp:
    sec: 1791162346
    nanosec: 380181359
  frame_id: base_link
name:
- joint_x
- joint_y
position:
- 0.003106249962002039
- 0.003106249962002039
velocity:
- 0.013437500223517418
- 0.013437500223517418
effort:
- .nan
- .nan
---
header:
  stamp:
    sec: 1791162346
    nanosec: 400158616
  frame_id: base_link
name:
- joint_x
- joint_y
position:
- 0.003375000087544322
- 0.003375000087544322
velocity:
- 0.013437500223517418
- 0.013437500223517418
effort:
- .nan
- .nan
---
header:
  stamp:
    sec: 1791162346
    nanosec: 420185592
  frame_id: base_link
name:
- joint_x
- joint_y
position:
- 0.003650000086054206
- 0.003650000086054206
velocity:
- 0.013749999925494194
- 0.013749999925494194
effort:
- .nan
- .nan
---
header:
  stamp:
    sec: 1791162346
    nanosec: 440171628
  frame_id: base_link
name:
- joint_x
- joint_y
position:
- 0.003931249957531691
- 0.003937500063329935
velocity:
- 0.01406249962747097
- 0.014375000260770321
effort:
- .nan
- .nan
---
header:
  stamp:
    sec: 1791162346
    nanosec: 460163656
  frame_id: base_link
name:
- joint_x
- joint_y
position:
- 0.004224999807775021
- 0.004224999807775021
velocity:
- 0.014687499962747097
- 0.014375000260770321
effort:
- .nan
- .nan
---
header:
  stamp:
    sec: 1791162346
    nanosec: 480183885
  frame_id: base_link
name:
- joint_x
- joint_y
position:
- 0.004537499975413084
- 0.004537499975413084
velocity:
- 0.014880952425301075
- 0.014880952425301075
effort:
- .nan
- .nan
---
header:
  stamp:
    sec: 1791162346
    nanosec: 500169691
  frame_id: base_link
name:
- joint_x
- joint_y
position:
- 0.004862499888986349
- 0.004862499888986349
velocity:
- 0.016249999403953552
- 0.016249999403953552
effort:
- .nan
- .nan
---
header:
  stamp:
    sec: 1791162346
    nanosec: 520141399
  frame_id: base_link
name:
- joint_x
- joint_y
position:
- 0.0051750000566244125
- 0.0051750000566244125
velocity:
- 0.015625
- 0.015625
effort:
- .nan
- .nan
---
header:
  stamp:
    sec: 1791162346
    nanosec: 540148218
  frame_id: base_link
name:
- joint_x
- joint_y
position:
- 0.005818749777972698
- 0.005818749777972698
velocity:
- 0.016249999403953552
- 0.016249999403953552
effort:
- .nan
- .nan
---
header:
  stamp:
    sec: 1791162346
    nanosec: 560143151
  frame_id: base_link
name:
- joint_x
- joint_y
position:
- 0.006168750114738941
- 0.006168750114738941
velocity:
- 0.017500000074505806
- 0.01718750037252903
effort:
- .nan
- .nan
---
header:
  stamp:
    sec: 1791162346
    nanosec: 580144709
  frame_id: base_link
name:
- joint_x
- joint_y
position:
- 0.006506249774247408
- 0.006506249774247408
velocity:
- 0.016875000670552254
- 0.016875000670552254
effort:
- .nan
- .nan
---
header:
  stamp:
    sec: 1791162346
    nanosec: 600145368
  frame_id: base_link
name:
- joint_x
- joint_y
position:
- 0.006856250111013651
- 0.006850000005215406
velocity:
- 0.01718750037252903
- 0.017500000074505806
effort:
- .nan
- .nan
---
header:
  stamp:
    sec: 1791162346
    nanosec: 620147968
  frame_id: base_link
name:
- joint_x
- joint_y
position:
- 0.007206249982118607
- 0.007199999876320362
velocity:
- 0.017500000074505806
- 0.017500000074505806
effort:
- .nan
- .nan
---
header:
  stamp:
    sec: 1791162346
    nanosec: 640147346
  frame_id: base_link
name:
- joint_x
- joint_y
position:
- 0.007562499959021807
- 0.007556249853223562
velocity:
- 0.017812499776482582
- 0.017812499776482582
effort:
- .nan
- .nan
---
header:
  stamp:
    sec: 1791162346
    nanosec: 660150386
  frame_id: base_link
name:
- joint_x
- joint_y
position:
- 0.00793750025331974
- 0.00793750025331974
velocity:
- 0.01815476268529892
- 0.01815476268529892
effort:
- .nan
- .nan
---
header:
  stamp:
    sec: 1791162346
    nanosec: 680149905
  frame_id: base_link
name:
- joint_x
- joint_y
position:
- 0.008318750187754631
- 0.008325000293552876
velocity:
- 0.019062500447034836
- 0.019062500447034836
effort:
- .nan
- .nan
---
header:
  stamp:
    sec: 1791162346
    nanosec: 700151737
  frame_id: base_link
name:
- joint_x
- joint_y
position:
- 0.008693750016391277
- 0.008687499910593033
velocity:
- 0.01875000074505806
- 0.018437499180436134
effort:
- .nan
- .nan
---
header:
  stamp:
    sec: 1791162346
    nanosec: 720161014
  frame_id: base_link
name:
- joint_x
- joint_y
position:
- 0.009431250393390656
- 0.009431250393390656
velocity:
- 0.01875000074505806
- 0.01875000074505806
effort:
- .nan
- .nan
---
header:
  stamp:
    sec: 1791162346
    nanosec: 740150788
  frame_id: base_link
name:
- joint_x
- joint_y
position:
- 0.00983749981969595
- 0.00983749981969595
velocity:
- 0.019999999552965164
- 0.019999999552965164
effort:
- .nan
- .nan
---
header:
  stamp:
    sec: 1791162346
    nanosec: 760157145
  frame_id: base_link
name:
- joint_x
- joint_y
position:
- 0.010224999859929085
- 0.01021874975413084
velocity:
- 0.019375000149011612
- 0.019375000149011612
effort:
- .nan
- .nan
---
header:
  stamp:
    sec: 1791162346
    nanosec: 780159016
  frame_id: base_link
name:
- joint_x
- joint_y
position:
- 0.01061249990016222
- 0.010606249794363976
velocity:
- 0.019375000149011612
- 0.019375000149011612
effort:
- .nan
- .nan
---
header:
  stamp:
    sec: 1791162346
    nanosec: 800162435
  frame_id: base_link
name:
- joint_x
- joint_y
position:
- 0.010999999940395355
- 0.010999999940395355
velocity:
- 0.019687499850988388
- 0.019687499850988388
effort:
- .nan
- .nan
---
header:
  stamp:
    sec: 1791162346
    nanosec: 820156246
  frame_id: base_link
name:
- joint_x
- joint_y
position:
- 0.011393750086426735
- 0.011393750086426735
velocity:
- 0.019375000149011612
- 0.019687499850988388
effort:
- .nan
- .nan
---
header:
  stamp:
    sec: 1791162346
    nanosec: 840183861
  frame_id: base_link
name:
- joint_x
- joint_y
position:
- 0.011806249618530273
- 0.011806249618530273
velocity:
- 0.01994047686457634
- 0.01964285783469677
effort:
- .nan
- .nan
---
header:
  stamp:
    sec: 1791162346
    nanosec: 860162194
  frame_id: base_link
name:
- joint_x
- joint_y
position:
- 0.012231250293552876
- 0.012225000187754631
velocity:
- 0.020937500521540642
- 0.020937500521540642
effort:
- .nan
- .nan
---
header:
  stamp:
    sec: 1791162346
    nanosec: 880159171
  frame_id: base_link
name:
- joint_x
- joint_y
position:
- 0.012631249614059925
- 0.012625000439584255
velocity:
- 0.019999999552965164
- 0.019999999552965164
effort:
- .nan
- .nan
---
header:
  stamp:
    sec: 1791162346
    nanosec: 900170892
  frame_id: base_link
name:
- joint_x
- joint_y
position:
- 0.01303124986588955
- 0.01303124986588955
velocity:
- 0.019999999552965164
- 0.019999999552965164
effort:
- .nan
- .nan
---
header:
  stamp:
    sec: 1791162346
    nanosec: 920168814
  frame_id: base_link
name:
- joint_x
- joint_y
position:
- 0.013849999755620956
- 0.013849999755620956
velocity:
- 0.021250000223517418
- 0.020937500521540642
effort:
- .nan
- .nan
---
header:
  stamp:
    sec: 1791162346
    nanosec: 940172393
  frame_id: base_link
name:
- joint_x
- joint_y
position:
- 0.014256250113248825
- 0.01425000000745058
velocity:
- 0.019999999552965164
- 0.02031249925494194
effort:
- .nan
- .nan
---
header:
  stamp:
    sec: 1791162346
    nanosec: 960176266
  frame_id: base_link
name:
- joint_x
- joint_y
position:
- 0.01465625036507845
- 0.01465625036507845
velocity:
- 0.02031249925494194
- 0.02031249925494194
effort:
- .nan
- .nan
---
header:
  stamp:
    sec: 1791162346
    nanosec: 980167478
  frame_id: base_link
name:
- joint_x
- joint_y
position:
- 0.015062499791383743
- 0.015062499791383743
velocity:
- 0.02031249925494194
- 0.02031249925494194
effort:
- .nan
- .nan
---
header:
  stamp:
    sec: 1791162347
    nanosec: 170488
  frame_id: base_link
name:
- joint_x
- joint_y
position:
- 0.015462500043213367
- 0.015462500043213367
velocity:
- 0.019999999552965164
- 0.019999999552965164
effort:
- .nan
- .nan
---
header:
  stamp:
    sec: 1791162347
    nanosec: 20169548
  frame_id: base_link
name:
- joint_x
- joint_y
position:
- 0.01588750071823597
- 0.01588750071823597
velocity:
- 0.02023809589445591
- 0.02023809589445591
effort:
- .nan
- .nan
---
header:
  stamp:
    sec: 1791162347
    nanosec: 40166441
  frame_id: base_link
name:
- joint_x
- joint_y
position:
- 0.016318749636411667
- 0.016318749636411667
velocity:
- 0.021250000223517418
- 0.021250000223517418
effort:
- .nan
- .nan
---
header:
  stamp:
    sec: 1791162347
    nanosec: 60166377
  frame_id: base_link
name:
- joint_x
- joint_y
position:
- 0.016718750819563866
- 0.016718750819563866
velocity:
- 0.02031249925494194
- 0.019999999552965164
effort:
- .nan
- .nan
---
header:
  stamp:
    sec: 1791162347
    nanosec: 80189360
  frame_id: base_link
name:
- joint_x
- joint_y
position:
- 0.017118750140070915
- 0.017118750140070915
velocity:
- 0.019999999552965164
- 0.019999999552965164
effort:
- .nan
- .nan
---
header:
  stamp:
    sec: 1791162347
    nanosec: 100170014
  frame_id: base_link
name:
- joint_x
- joint_y
position:
- 0.017931250855326653
- 0.017931250855326653
velocity:
- 0.020937500521540642
- 0.020937500521540642
effort:
- .nan
- .nan
---
header:
  stamp:
    sec: 1791162347
    nanosec: 120178416
  frame_id: base_link
name:
- joint_x
- joint_y
position:
- 0.018331250175833702
- 0.018331250175833702
velocity:
- 0.019687499850988388
- 0.019687499850988388
effort:
- .nan
- .nan
---
header:
  stamp:
    sec: 1791162347
    nanosec: 140172480
  frame_id: base_link
name:
- joint_x
- joint_y
position:
- 0.018725000321865082
- 0.018725000321865082
velocity:
- 0.019999999552965164
- 0.019687499850988388
effort:
- .nan
- .nan
---
header:
  stamp:
    sec: 1791162347
    nanosec: 160171642
  frame_id: base_link
name:
- joint_x
- joint_y
position:
- 0.01911875046789646
- 0.019112499430775642
velocity:
- 0.019375000149011612
- 0.019687499850988388
effort:
- .nan
- .nan
---
header:
  stamp:
    sec: 1791162347
    nanosec: 180179217
  frame_id: base_link
name:
- joint_x
- joint_y
position:
- 0.019506249576807022
- 0.019506249576807022
velocity:
- 0.019375000149011612
- 0.019375000149011612
effort:
- .nan
- .nan
---
header:
  stamp:
    sec: 1791162347
    nanosec: 200180615
  frame_id: base_link
name:
- joint_x
- joint_y
position:
- 0.01991249993443489
- 0.01990625075995922
velocity:
- 0.01964285783469677
- 0.0193452388048172
effort:
- .nan
- .nan
---
header:
  stamp:
    sec: 1791162347
    nanosec: 220174546
  frame_id: base_link
name:
- joint_x
- joint_y
position:
- 0.02031249925494194
- 0.02031249925494194
velocity:
- 0.019999999552965164
- 0.02031249925494194
effort:
- .nan
- .nan
---
header:
  stamp:
    sec: 1791162347
    nanosec: 240175245
  frame_id: base_link
name:
- joint_x
- joint_y
position:
- 0.02069374918937683
- 0.02069374918937683
velocity:
- 0.019062500447034836
- 0.019062500447034836
effort:
- .nan
- .nan
---
header:
  stamp:
    sec: 1791162347
    nanosec: 260175126
  frame_id: base_link
name:
- joint_x
- joint_y
position:
- 0.021068749949336052
- 0.021068749949336052
velocity:
- 0.01875000074505806
- 0.01875000074505806
effort:
- .nan
- .nan
---
header:
  stamp:
    sec: 1791162347
    nanosec: 280175904
  frame_id: base_link
name:
- joint_x
- joint_y
position:
- 0.021437499672174454
- 0.021443750709295273
velocity:
- 0.018437499180436134
- 0.018437499180436134
effort:
- .nan
- .nan
---
header:
  stamp:
    sec: 1791162347
    nanosec: 300181374
  frame_id: base_link
name:
- joint_x
- joint_y
position:
- 0.022206250578165054
- 0.022206250578165054
velocity:
- 0.019062500447034836
- 0.019062500447034836
effort:
- .nan
- .nan
---
header:
  stamp:
    sec: 1791162347
    nanosec: 320183444
  frame_id: base_link
name:
- joint_x
- joint_y
position:
- 0.022568749263882637
- 0.022568749263882637
velocity:
- 0.018124999478459358
- 0.018124999478459358
effort:
- .nan
- .nan
---
header:
  stamp:
    sec: 1791162347
    nanosec: 340181654
  frame_id: base_link
name:
- joint_x
- joint_y
position:
- 0.02291874960064888
- 0.02291874960064888
velocity:
- 0.017500000074505806
- 0.017500000074505806
effort:
- .nan
- .nan
---
header:
  stamp:
    sec: 1791162347
    nanosec: 360230766
  frame_id: base_link
name:
- joint_x
- joint_y
position:
- 0.023268749937415123
- 0.023262500762939453
velocity:
- 0.017500000074505806
- 0.01718750037252903
effort:
- .nan
- .nan
---
header:
  stamp:
    sec: 1791162347
    nanosec: 380181125
  frame_id: base_link
name:
- joint_x
- joint_y
position:
- 0.023624999448657036
- 0.023624999448657036
velocity:
- 0.01696428656578064
- 0.01726190559566021
effort:
- .nan
- .nan
---
header:
  stamp:
    sec: 1791162347
    nanosec: 400187983
  frame_id: base_link
name:
- joint_x
- joint_y
position:
- 0.023981250822544098
- 0.023981250822544098
velocity:
- 0.017500000074505806
- 0.017500000074505806
effort:
- .nan
- .nan
---
header:
  stamp:
    sec: 1791162347
    nanosec: 420183745
  frame_id: base_link
name:
- joint_x
- joint_y
position:
- 0.024306250736117363
- 0.024306250736117363
velocity:
- 0.01656249910593033
- 0.01656249910593033
effort:
- .nan
- .nan
---
header:
  stamp:
    sec: 1791162347
    nanosec: 440189328
  frame_id: base_link
name:
- joint_x
- joint_y
position:
- 0.024631250649690628
- 0.024631250649690628
velocity:
- 0.016249999403953552
- 0.016249999403953552
effort:
- .nan
- .nan
---
header:
  stamp:
    sec: 1791162347
    nanosec: 460193563
  frame_id: base_link
name:
- joint_x
- joint_y
position:
- 0.024949999526143074
- 0.024949999526143074
velocity:
- 0.015937499701976776
- 0.015937499701976776
effort:
- .nan
- .nan
---
header:
  stamp:
    sec: 1791162347
    nanosec: 480189586
  frame_id: base_link
name:
- joint_x
- joint_y
position:
- 0.02526249922811985
- 0.02525625005364418
velocity:
- 0.015625
- 0.015312500298023224
effort:
- .nan
- .nan
---
header:
  stamp:
    sec: 1791162347
    nanosec: 500152130
  frame_id: base_link
name:
- joint_x
- joint_y
position:
- 0.025868749246001244
- 0.025868749246001244
velocity:
- 0.014687499962747097
- 0.014687499962747097
effort:
- .nan
- .nan
---
header:
  stamp:
    sec: 1791162347
    nanosec: 520150670
  frame_id: base_link
name:
- joint_x
- joint_y
position:
- 0.02615625038743019
- 0.02615625038743019
velocity:
- 0.014375000260770321
- 0.014375000260770321
effort:
- .nan
- .nan
---
header:
  stamp:
    sec: 1791162347
    nanosec: 540169204
  frame_id: base_link
name:
- joint_x
- joint_y
position:
- 0.02643750049173832
- 0.02643750049173832
velocity:
- 0.01406249962747097
- 0.01406249962747097
effort:
- .nan
- .nan
---
header:
  stamp:
    sec: 1791162347
    nanosec: 560213127
  frame_id: base_link
name:
- joint_x
- joint_y
position:
- 0.02670625038444996
- 0.02670625038444996
velocity:
- 0.013437500223517418
- 0.013437500223517418
effort:
- .nan
- .nan
---
header:
  stamp:
    sec: 1791162347
    nanosec: 580193191
  frame_id: base_link
name:
- joint_x
- joint_y
position:
- 0.026987500488758087
- 0.026987500488758087
velocity:
- 0.01406249962747097
- 0.01406249962747097
effort:
- .nan
- .nan
---
header:
  stamp:
    sec: 1791162347
    nanosec: 600197568
  frame_id: base_link
name:
- joint_x
- joint_y
position:
- 0.02723749913275242
- 0.027243750169873238
velocity:
- 0.012500000186264515
- 0.012500000186264515
effort:
- .nan
- .nan
---
header:
  stamp:
    sec: 1791162347
    nanosec: 620211900
  frame_id: base_link
name:
- joint_x
- joint_y
position:
- 0.0274874996393919
- 0.0274874996393919
velocity:
- 0.012500000186264515
- 0.012500000186264515
effort:
- .nan
- .nan
---
header:
  stamp:
    sec: 1791162347
    nanosec: 640219958
  frame_id: base_link
name:
- joint_x
- joint_y
position:
- 0.02772499993443489
- 0.02772499993443489
velocity:
- 0.011874999850988388
- 0.011874999850988388
effort:
- .nan
- .nan
---
header:
  stamp:
    sec: 1791162347
    nanosec: 660195488
  frame_id: base_link
name:
- joint_x
- joint_y
position:
- 0.027968749403953552
- 0.027962500229477882
velocity:
- 0.011309524066746235
- 0.011309524066746235
effort:
- .nan
- .nan
---
header:
  stamp:
    sec: 1791162347
    nanosec: 680198585
  frame_id: base_link
name:
- joint_x
- joint_y
position:
- 0.0284000001847744
- 0.02839374914765358
velocity:
- 0.009999999776482582
- 0.010312500409781933
effort:
- .nan
- .nan
---
header:
  stamp:
    sec: 1791162347
    nanosec: 700189306
  frame_id: base_link
name:
- joint_x
- joint_y
position:
- 0.028593750670552254
- 0.028593750670552254
velocity:
- 0.009999999776482582
- 0.009999999776482582
effort:
- .nan
- .nan
---
header:
  stamp:
    sec: 1791162347
    nanosec: 720183519
  frame_id: base_link
name:
- joint_x
- joint_y
position:
- 0.02877499908208847
- 0.02877499908208847
velocity:
- 0.009062499739229679
- 0.009062499739229679
effort:
- .nan
- .nan
---
header:
  stamp:
    sec: 1791162347
    nanosec: 740189021
  frame_id: base_link
name:
- joint_x
- joint_y
position:
- 0.028956249356269836
- 0.028956249356269836
velocity:
- 0.009062499739229679
- 0.009062499739229679
effort:
- .nan
- .nan
---
header:
  stamp:
    sec: 1791162347
    nanosec: 760184935
  frame_id: base_link
name:
- joint_x
- joint_y
position:
- 0.029124999418854713
- 0.029124999418854713
velocity:
- 0.008437500335276127
- 0.008437500335276127
effort:
- .nan
- .nan
---
header:
  stamp:
    sec: 1791162347
    nanosec: 780181358
  frame_id: base_link
name:
- joint_x
- joint_y
position:
- 0.0292812492698431
- 0.0292812492698431
velocity:
- 0.0078125
- 0.0078125
effort:
- .nan
- .nan
---
header:
  stamp:
    sec: 1791162347
    nanosec: 800192397
  frame_id: base_link
name:
- joint_x
- joint_y
position:
- 0.02941874973475933
- 0.02941874973475933
velocity:
- 0.006874999962747097
- 0.006874999962747097
effort:
- .nan
- .nan
---
header:
  stamp:
    sec: 1791162347
    nanosec: 820186145
  frame_id: base_link
name:
- joint_x
- joint_y
position:
- 0.02954999916255474
- 0.02954999916255474
velocity:
- 0.006562499795109034
- 0.006562499795109034
effort:
- .nan
- .nan
---
header:
  stamp:
    sec: 1791162347
    nanosec: 840189836
  frame_id: base_link
name:
- joint_x
- joint_y
position:
- 0.02966875024139881
- 0.02966875024139881
velocity:
- 0.005937499925494194
- 0.005937499925494194
effort:
- .nan
- .nan
---
header:
  stamp:
    sec: 1791162347
    nanosec: 860199585
  frame_id: base_link
name:
- joint_x
- joint_y
position:
- 0.029874999076128006
- 0.029874999076128006
velocity:
- 0.004687500186264515
- 0.004687500186264515
effort:
- .nan
- .nan
---
header:
  stamp:
    sec: 1791162347
    nanosec: 880184187
  frame_id: base_link
name:
- joint_x
- joint_y
position:
- 0.02995624952018261
- 0.02995624952018261
velocity:
- 0.0037499999161809683
- 0.0037499999161809683
effort:
- .nan
- .nan
---
header:
  stamp:
    sec: 1791162347
    nanosec: 900184371
  frame_id: base_link
name:
- joint_x
- joint_y
position:
- 0.030018750578165054
- 0.030018750578165054
velocity:
- 0.0034374999813735485
- 0.0034374999813735485
effort:
- .nan
- .nan
---
header:
  stamp:
    sec: 1791162347
    nanosec: 920195190
  frame_id: base_link
name:
- joint_x
- joint_y
position:
- 0.03007500059902668
- 0.03007500059902668
velocity:
- 0.0026785715017467737
- 0.0026785715017467737
effort:
- .nan
- .nan
---
header:
  stamp:
    sec: 1791162347
    nanosec: 940183875
  frame_id: base_link
name:
- joint_x
- joint_y
position:
- 0.030118750408291817
- 0.030118750408291817
velocity:
- 0.0021875000093132257
- 0.0021875000093132257
effort:
- .nan
- .nan
---
header:
  stamp:
    sec: 1791162347
    nanosec: 960184073
  frame_id: base_link
name:
- joint_x
- joint_y
position:
- 0.030137499794363976
- 0.030143750831484795
velocity:
- 0.0009374999790452421
- 0.0012499999720603228
effort:
- .nan
- .nan
---
header:
  stamp:
    sec: 1791162347
    nanosec: 980181056
  frame_id: base_link
name:
- joint_x
- joint_y
position:
- 0.030150000005960464
- 0.030150000005960464
velocity:
- 0.0006249999860301614
- 0.0003124999930150807
effort:
- .nan
- .nan
---
header:
  stamp:
    sec: 1791162348
    nanosec: 187243
  frame_id: base_link
name:
- joint_x
- joint_y
position:
- 0.030143750831484795
- 0.030156249180436134
velocity:
- -0.0003124999930150807
- 0.0003124999930150807
effort:
- .nan
- .nan
---
header:
  stamp:
    sec: 1791162348
    nanosec: 20189041
  frame_id: base_link
name:
- joint_x
- joint_y
position:
- 0.030131250619888306
- 0.030137499794363976
velocity:
- -0.0006249999860301614
- -0.0009374999790452421
effort:
- .nan
- .nan
---
header:
  stamp:
    sec: 1791162348
    nanosec: 40139594
  frame_id: base_link
name:
- joint_x
- joint_y
position:
- 0.030050000175833702
- 0.030056249350309372
velocity:
- -0.0021875000093132257
- -0.0024999999441206455
effort:
- .nan
- .nan
---
header:
  stamp:
    sec: 1791162348
    nanosec: 60188824
  frame_id: base_link
name:
- joint_x
- joint_y
position:
- 0.029987499117851257
- 0.029993750154972076
velocity:
- -0.0031250000465661287
- -0.0031250000465661287
effort:
- .nan
- .nan
---
header:
  stamp:
    sec: 1791162348
    nanosec: 80182256
  frame_id: base_link
name:
- joint_x
- joint_y
position:
- 0.029912499710917473
- 0.029912499710917473
velocity:
- -0.0037499999161809683
- -0.0037499999161809683
effort:
- .nan
- .nan
---
header:
  stamp:
    sec: 1791162348
    nanosec: 100192440
  frame_id: base_link
name:
- joint_x
- joint_y
position:
- 0.02981875091791153
- 0.0298250000923872
velocity:
- -0.004687500186264515
- -0.004687500186264515
effort:
- .nan
- .nan
---
header:
  stamp:
    sec: 1791162348
    nanosec: 120189666
  frame_id: base_link
name:
- joint_x
- joint_y
position:
- 0.029718749225139618
- 0.029718749225139618
velocity:
- -0.004999999888241291
- -0.0053125000558793545
effort:
- .nan
- .nan
---
header:
  stamp:
    sec: 1791162348
    nanosec: 140189431
  frame_id: base_link
name:
- joint_x
- joint_y
position:
- 0.029600000008940697
- 0.029606249183416367
velocity:
- -0.005937499925494194
- -0.005625000223517418
effort:
- .nan
- .nan
---
header:
  stamp:
    sec: 1791162348
    nanosec: 160183648
  frame_id: base_link
name:
- joint_x
- joint_y
position:
- 0.029474999755620956
- 0.029481250792741776
velocity:
- -0.0062500000931322575
- -0.0062500000931322575
effort:
- .nan
- .nan
---
header:
  stamp:
    sec: 1791162348
    nanosec: 180188720
  frame_id: base_link
name:
- joint_x
- joint_y
position:
- 0.029337499290704727
- 0.029337499290704727
velocity:
- -0.006874999962747097
- -0.0071875001303851604
effort:
- .nan
- .nan
---
header:
  stamp:
    sec: 1791162348
    nanosec: 200185243
  frame_id: base_link
name:
- joint_x
- joint_y
position:
- 0.02918124943971634
- 0.02918124943971634
velocity:
- -0.0074404762126505375
- -0.0074404762126505375
effort:
- .nan
- .nan
---
header:
  stamp:
    sec: 1791162348
    nanosec: 220184043
  frame_id: base_link
name:
- joint_x
- joint_y
position:
- 0.029012499377131462
- 0.029012499377131462
velocity:
- -0.008437500335276127
- -0.008437500335276127
effort:
- .nan
- .nan
---
header:
  stamp:
    sec: 1791162348
    nanosec: 240185539
  frame_id: base_link
name:
- joint_x
- joint_y
position:
- 0.02865624986588955
- 0.02865624986588955
velocity:
- -0.009062499739229679
- -0.009062499739229679
effort:
- .nan
- .nan
---
header:
  stamp:
    sec: 1791162348
    nanosec: 260191797
  frame_id: base_link
name:
- joint_x
- joint_y
position:
- 0.028456250205636024
- 0.028456250205636024
velocity:
- -0.009999999776482582
- -0.009687500074505806
effort:
- .nan
- .nan
---
header:
  stamp:
    sec: 1791162348
    nanosec: 280190314
  frame_id: base_link
name:
- joint_x
- joint_y
position:
- 0.02824375033378601
- 0.02824375033378601
velocity:
- -0.010119047947227955
- -0.010416666977107525
effort:
- .nan
- .nan
---
header:
  stamp:
    sec: 1791162348
    nanosec: 300191039
  frame_id: base_link
name:
- joint_x
- joint_y
position:
- 0.02801249921321869
- 0.02801249921321869
velocity:
- -0.011562500149011612
- -0.011562500149011612
effort:
- .nan
- .nan
---
header:
  stamp:
    sec: 1791162348
    nanosec: 320185352
  frame_id: base_link
name:
- joint_x
- joint_y
position:
- 0.027787499129772186
- 0.027787499129772186
velocity:
- -0.011250000447034836
- -0.011250000447034836
effort:
- .nan
- .nan
---
header:
  stamp:
    sec: 1791162348
    nanosec: 340208008
  frame_id: base_link
name:
- joint_x
- joint_y
position:
- 0.027550000697374344
- 0.027550000697374344
velocity:
- -0.011874999850988388
- -0.011562500149011612
effort:
- .nan
- .nan
---
header:
  stamp:
    sec: 1791162348
    nanosec: 360205814
  frame_id: base_link
name:
- joint_x
- joint_y
position:
- 0.027306249365210533
- 0.027306249365210533
velocity:
- -0.012187499552965164
- -0.012500000186264515
effort:
- .nan
- .nan
---
header:
  stamp:
    sec: 1791162348
    nanosec: 380190597
  frame_id: base_link
name:
- joint_x
- joint_y
position:
- 0.027049999684095383
- 0.027056250721216202
velocity:
- -0.012500000186264515
- -0.012500000186264515
effort:
- .nan
- .nan
---
header:
  stamp:
    sec: 1791162348
    nanosec: 400194694
  frame_id: base_link
name:
- joint_x
- joint_y
position:
- 0.026775000616908073
- 0.026781249791383743
velocity:
- -0.013392857275903225
- -0.013095238246023655
effort:
- .nan
- .nan
---
header:
  stamp:
    sec: 1791162348
    nanosec: 420187697
  frame_id: base_link
name:
- joint_x
- joint_y
position:
- 0.026493750512599945
- 0.026493750512599945
velocity:
- -0.01406249962747097
- -0.014375000260770321
effort:
- .nan
- .nan
---
header:
  stamp:
    sec: 1791162348
    nanosec: 440190408
  frame_id: base_link
name:
- joint_x
- joint_y
position:
- 0.02592499926686287
- 0.02593125030398369
velocity:
- -0.014375000260770321
- -0.014375000260770321
effort:
- .nan
- .nan
---
header:
  stamp:
    sec: 1791162348
    nanosec: 460187506
  frame_id: base_link
name:
- joint_x
- joint_y
position:
- 0.0256312508136034
- 0.02563749998807907
velocity:
- -0.014687499962747097
- -0.014687499962747097
effort:
- .nan
- .nan
---
header:
  stamp:
    sec: 1791162348
    nanosec: 480204474
  frame_id: base_link
name:
- joint_x
- joint_y
position:
- 0.025312500074505806
- 0.025312500074505806
velocity:
- -0.015937499701976776
- -0.015937499701976776
effort:
- .nan
- .nan
---
header:
  stamp:
    sec: 1791162348
    nanosec: 500205374
  frame_id: base_link
name:
- joint_x
- joint_y
position:
- 0.0250062495470047
- 0.0250062495470047
velocity:
- -0.015312500298023224
- -0.015625
effort:
- .nan
- .nan
---
header:
  stamp:
    sec: 1791162348
    nanosec: 520189982
  frame_id: base_link
name:
- joint_x
- joint_y
position:
- 0.024681249633431435
- 0.024687500670552254
velocity:
- -0.015937499701976776
- -0.015937499701976776
effort:
- .nan
- .nan
---
header:
  stamp:
    sec: 1791162348
    nanosec: 540188202
  frame_id: base_link
name:
- joint_x
- joint_y
position:
- 0.02436250075697899
- 0.02436250075697899
velocity:
- -0.016249999403953552
- -0.016249999403953552
effort:
- .nan
- .nan
---
header:
  stamp:
    sec: 1791162348
    nanosec: 560185465
  frame_id: base_link
name:
- joint_x
- joint_y
position:
- 0.024031249806284904
- 0.024031249806284904
velocity:
- -0.016249999403953552
- -0.016249999403953552
effort:
- .nan
- .nan
---
header:
  stamp:
    sec: 1791162348
    nanosec: 580185345
  frame_id: base_link
name:
- joint_x
- joint_y
position:
- 0.02368124946951866
- 0.02368124946951866
velocity:
- -0.01696428656578064
- -0.01696428656578064
effort:
- .nan
- .nan
---
header:
  stamp:
    sec: 1791162348
    nanosec: 600141431
  frame_id: base_link
name:
- joint_x
- joint_y
position:
- 0.02331875078380108
- 0.02331875078380108
velocity:
- -0.018124999478459358
- -0.017812499776482582
effort:
- .nan
- .nan
---
header:
  stamp:
    sec: 1791162348
    nanosec: 620138838
  frame_id: base_link
name:
- joint_x
- joint_y
position:
- 0.022624999284744263
- 0.022624999284744263
velocity:
- -0.017500000074505806
- -0.017500000074505806
effort:
- .nan
- .nan
---
header:
  stamp:
    sec: 1791162348
    nanosec: 640137458
  frame_id: base_link
name:
- joint_x
- joint_y
position:
- 0.02226250059902668
- 0.02226250059902668
velocity:
- -0.017812499776482582
- -0.017812499776482582
effort:
- .nan
- .nan
---
header:
  stamp:
    sec: 1791162348
    nanosec: 660139219
  frame_id: base_link
name:
- joint_x
- joint_y
position:
- 0.02188125066459179
- 0.02188749983906746
velocity:
- -0.01845238171517849
- -0.01815476268529892
effort:
- .nan
- .nan
---
header:
  stamp:
    sec: 1791162348
    nanosec: 680137717
  frame_id: base_link
name:
- joint_x
- joint_y
position:
- 0.0215000007301569
- 0.02149374969303608
velocity:
- -0.019062500447034836
- -0.019375000149011612
effort:
- .nan
- .nan
---
header:
  stamp:
    sec: 1791162348
    nanosec: 700136795
  frame_id: base_link
name:
- joint_x
- joint_y
position:
- 0.021124999970197678
- 0.021124999970197678
velocity:
- -0.01875000074505806
- -0.01875000074505806
effort:
- .nan
- .nan
---
header:
  stamp:
    sec: 1791162348
    nanosec: 720141748
  frame_id: base_link
name:
- joint_x
- joint_y
position:
- 0.020749999210238457
- 0.020749999210238457
velocity:
- -0.01875000074505806
- -0.01875000074505806
effort:
- .nan
- .nan
---
header:
  stamp:
    sec: 1791162348
    nanosec: 740143060
  frame_id: base_link
name:
- joint_x
- joint_y
position:
- 0.020368749275803566
- 0.020368749275803566
velocity:
- -0.01875000074505806
- -0.01875000074505806
effort:
- .nan
- .nan
---
header:
  stamp:
    sec: 1791162348
    nanosec: 760139332
  frame_id: base_link
name:
- joint_x
- joint_y
position:
- 0.019987499341368675
- 0.019987499341368675
velocity:
- -0.019062500447034836
- -0.019062500447034836
effort:
- .nan
- .nan
---
header:
  stamp:
    sec: 1791162348
    nanosec: 780145165
  frame_id: base_link
name:
- joint_x
- joint_y
position:
- 0.019581250846385956
- 0.019581250846385956
velocity:
- -0.01964285783469677
- -0.01964285783469677
effort:
- .nan
- .nan
---
header:
  stamp:
    sec: 1791162348
    nanosec: 800141632
  frame_id: base_link
name:
- joint_x
- joint_y
position:
- 0.019168749451637268
- 0.019168749451637268
velocity:
- -0.02031249925494194
- -0.02031249925494194
effort:
- .nan
- .nan
---
header:
  stamp:
    sec: 1791162348
    nanosec: 820144929
  frame_id: base_link
name:
- joint_x
- joint_y
position:
- 0.018393749371170998
- 0.018393749371170998
velocity:
- -0.019375000149011612
- -0.019375000149011612
effort:
- .nan
- .nan
---
header:
  stamp:
    sec: 1791162348
    nanosec: 840142050
  frame_id: base_link
name:
- joint_x
- joint_y
position:
- 0.017993750050663948
- 0.017993750050663948
velocity:
- -0.019999999552965164
- -0.019687499850988388
effort:
- .nan
- .nan
---
header:
  stamp:
    sec: 1791162348
    nanosec: 860161830
  frame_id: base_link
name:
- joint_x
- joint_y
position:
- 0.01757499948143959
- 0.01757499948143959
velocity:
- -0.020625000819563866
- -0.021250000223517418
effort:
- .nan
- .nan
---
header:
  stamp:
    sec: 1791162348
    nanosec: 880148558
  frame_id: base_link
name:
- joint_x
- joint_y
position:
- 0.01717500016093254
- 0.01717500016093254
velocity:
- -0.02031249925494194
- -0.019999999552965164
effort:
- .nan
- .nan
---
header:
  stamp:
    sec: 1791162348
    nanosec: 900154776
  frame_id: base_link
name:
- joint_x
- joint_y
position:
- 0.01677500084042549
- 0.01677500084042549
velocity:
- -0.019999999552965164
- -0.019999999552965164
effort:
- .nan
- .nan
---
header:
  stamp:
    sec: 1791162348
    nanosec: 920147436
  frame_id: base_link
name:
- joint_x
- joint_y
position:
- 0.016368750482797623
- 0.016374999657273293
velocity:
- -0.02031249925494194
- -0.019999999552965164
effort:
- .nan
- .nan
---
header:
  stamp:
    sec: 1791162348
    nanosec: 940153017
  frame_id: base_link
name:
- joint_x
- joint_y
position:
- 0.015968749299645424
- 0.015968749299645424
velocity:
- -0.019999999552965164
- -0.02031249925494194
effort:
- .nan
- .nan
---
header:
  stamp:
    sec: 1791162348
    nanosec: 960148613
  frame_id: base_link
name:
- joint_x
- joint_y
position:
- 0.01556249987334013
- 0.01556249987334013
velocity:
- -0.02031249925494194
- -0.02031249925494194
effort:
- .nan
- .nan
---
header:
  stamp:
    sec: 1791162348
    nanosec: 980151638
  frame_id: base_link
name:
- joint_x
- joint_y
position:
- 0.015131250023841858
- 0.015137500129640102
velocity:
- -0.021250000223517418
- -0.021250000223517418
effort:
- .nan
- .nan
---
header:
  stamp:
    sec: 1791162349
    nanosec: 157661
  frame_id: base_link
name:
- joint_x
- joint_y
position:
- 0.014337499625980854
- 0.014337499625980854
velocity:
- -0.019999999552965164
- -0.019999999552965164
effort:
- .nan
- .nan
---
header:
  stamp:
    sec: 1791162349
    nanosec: 20149793
  frame_id: base_link
name:
- joint_x
- joint_y
position:
- 0.01393125019967556
- 0.01393125019967556
velocity:
- -0.02031249925494194
- -0.02031249925494194
effort:
- .nan
- .nan
---
header:
  stamp:
    sec: 1791162349
    nanosec: 40154915
  frame_id: base_link
name:
- joint_x
- joint_y
position:
- 0.013506250455975533
- 0.013506250455975533
velocity:
- -0.021250000223517418
- -0.021250000223517418
effort:
- .nan
- .nan
---
header:
  stamp:
    sec: 1791162349
    nanosec: 60152692
  frame_id: base_link
name:
- joint_x
- joint_y
position:
- 0.013100000098347664
- 0.013106250204145908
velocity:
- -0.019999999552965164
- -0.019999999552965164
effort:
- .nan
- .nan
---
header:
  stamp:
    sec: 1791162349
    nanosec: 80152689
  frame_id: base_link
name:
- joint_x
- joint_y
position:
- 0.01269999984651804
- 0.012706249952316284
velocity:
- -0.02031249925494194
- -0.019999999552965164
effort:
- .nan
- .nan
---
header:
  stamp:
    sec: 1791162349
    nanosec: 100157448
  frame_id: base_link
name:
- joint_x
- joint_y
position:
- 0.01230624970048666
- 0.01230624970048666
velocity:
- -0.019687499850988388
- -0.019999999552965164
effort:
- .nan
- .nan
---
header:
  stamp:
    sec: 1791162349
    nanosec: 120156278
  frame_id: base_link
name:
- joint_x
- joint_y
position:
- 0.01190625037997961
- 0.01190625037997961
velocity:
- -0.019999999552965164
- -0.019999999552965164
effort:
- .nan
- .nan
---
header:
  stamp:
    sec: 1791162349
    nanosec: 140156301
  frame_id: base_link
name:
- joint_x
- joint_y
position:
- 0.01151250023394823
- 0.01151250023394823
velocity:
- -0.019687499850988388
- -0.019687499850988388
effort:
- .nan
- .nan
---
header:
  stamp:
    sec: 1791162349
    nanosec: 160160936
  frame_id: base_link
name:
- joint_x
- joint_y
position:
- 0.011093749664723873
- 0.011093749664723873
velocity:
- -0.020937500521540642
- -0.020937500521540642
effort:
- .nan
- .nan
---
header:
  stamp:
    sec: 1791162349
    nanosec: 180166588
  frame_id: base_link
name:
- joint_x
- joint_y
position:
- 0.010324999690055847
- 0.010324999690055847
velocity:
- -0.019375000149011612
- -0.019375000149011612
effort:
- .nan
- .nan
---
header:
  stamp:
    sec: 1791162349
    nanosec: 200161370
  frame_id: base_link
name:
- joint_x
- joint_y
position:
- 0.009937499649822712
- 0.009937499649822712
velocity:
- -0.019375000149011612
- -0.019375000149011612
effort:
- .nan
- .nan
---
header:
  stamp:
    sec: 1791162349
    nanosec: 220166903
  frame_id: base_link
name:
- joint_x
- joint_y
position:
- 0.009537500329315662
- 0.009537500329315662
velocity:
- -0.019999999552965164
- -0.019999999552965164
effort:
- .nan
- .nan
---
header:
  stamp:
    sec: 1791162349
    nanosec: 240168401
  frame_id: base_link
name:
- joint_x
- joint_y
position:
- 0.009156250394880772
- 0.009156250394880772
velocity:
- -0.01875000074505806
- -0.01875000074505806
effort:
- .nan
- .nan
---
header:
  stamp:
    sec: 1791162349
    nanosec: 260160461
  frame_id: base_link
name:
- joint_x
- joint_y
position:
- 0.00878124963492155
- 0.00878124963492155
velocity:
- -0.01875000074505806
- -0.01875000074505806
effort:
- .nan
- .nan
---
header:
  stamp:
    sec: 1791162349
    nanosec: 280168824
  frame_id: base_link
name:
- joint_x
- joint_y
position:
- 0.008412499912083149
- 0.008412499912083149
velocity:
- -0.018437499180436134
- -0.018437499180436134
effort:
- .nan
- .nan
---
header:
  stamp:
    sec: 1791162349
    nanosec: 300168905
  frame_id: base_link
name:
- joint_x
- joint_y
position:
- 0.008050000295042992
- 0.008050000295042992
velocity:
- -0.018437499180436134
- -0.018437499180436134
effort:
- .nan
- .nan
---
header:
  stamp:
    sec: 1791162349
    nanosec: 320169891
  frame_id: base_link
name:
- joint_x
- joint_y
position:
- 0.007668749894946814
- 0.007668749894946814
velocity:
- -0.01815476268529892
- -0.01815476268529892
effort:
- .nan
- .nan
---
header:
  stamp:
    sec: 1791162349
    nanosec: 340199761
  frame_id: base_link
name:
- joint_x
- joint_y
position:
- 0.007293750066310167
- 0.007293750066310167
velocity:
- -0.01875000074505806
- -0.01875000074505806
effort:
- .nan
- .nan
---
header:
  stamp:
    sec: 1791162349
    nanosec: 360181067
  frame_id: base_link
name:
- joint_x
- joint_y
position:
- 0.006599999964237213
- 0.006599999964237213
velocity:
- -0.01718750037252903
- -0.01718750037252903
effort:
- .nan
- .nan
---
header:
  stamp:
    sec: 1791162349
    nanosec: 380168540
  frame_id: base_link
name:
- joint_x
- joint_y
position:
- 0.006262499839067459
- 0.006262499839067459
velocity:
- -0.016875000670552254
- -0.016875000670552254
effort:
- .nan
- .nan
---
header:
  stamp:
    sec: 1791162349
    nanosec: 400175330
  frame_id: base_link
name:
- joint_x
- joint_y
position:
- 0.005906249862164259
- 0.005906249862164259
velocity:
- -0.017812499776482582
- -0.017812499776482582
effort:
- .nan
- .nan
---
header:
  stamp:
    sec: 1791162349
    nanosec: 420175265
  frame_id: base_link
name:
- joint_x
- joint_y
position:
- 0.005581249948590994
- 0.005581249948590994
velocity:
- -0.016249999403953552
- -0.016249999403953552
effort:
- .nan
- .nan
---
header:
  stamp:
    sec: 1791162349
    nanosec: 440172875
  frame_id: base_link
name:
- joint_x
- joint_y
position:
- 0.005256250035017729
- 0.005262500140815973
velocity:
- -0.016249999403953552
- -0.015937499701976776
effort:
- .nan
- .nan
---
header:
  stamp:
    sec: 1791162349
    nanosec: 460174515
  frame_id: base_link
name:
- joint_x
- joint_y
position:
- 0.004943749867379665
- 0.004943749867379665
velocity:
- -0.015625
- -0.015937499701976776
effort:
- .nan
- .nan
---
header:
  stamp:
    sec: 1791162349
    nanosec: 480178987
  frame_id: base_link
name:
- joint_x
- joint_y
position:
- 0.004637499805539846
- 0.004637499805539846
velocity:
- -0.015312500298023224
- -0.015312500298023224
effort:
- .nan
- .nan
---
header:
  stamp:
    sec: 1791162349
    nanosec: 500177581
  frame_id: base_link
name:
- joint_x
- joint_y
position:
- 0.004337499849498272
- 0.004337499849498272
velocity:
- -0.014999999664723873
- -0.014999999664723873
effort:
- .nan
- .nan
---
header:
  stamp:
    sec: 1791162349
    nanosec: 520178189
  frame_id: base_link
name:
- joint_x
- joint_y
position:
- 0.004025000147521496
- 0.004025000147521496
velocity:
- -0.015625
- -0.015312500298023224
effort:
- .nan
- .nan
---
header:
  stamp:
    sec: 1791162349
    nanosec: 540184438
  frame_id: base_link
name:
- joint_x
- joint_y
position:
- 0.0034687500447034836
- 0.0034687500447034836
velocity:
- -0.013749999925494194
- -0.013749999925494194
effort:
- .nan
- .nan
---
header:
  stamp:
    sec: 1791162349
    nanosec: 560182661
  frame_id: base_link
name:
- joint_x
- joint_y
position:
- 0.0031999999191612005
- 0.0031999999191612005
velocity:
- -0.013437500223517418
- -0.013437500223517418
effort:
- .nan
- .nan
---
header:
  stamp:
    sec: 1791162349
    nanosec: 580179972
  frame_id: base_link
name:
- joint_x
- joint_y
position:
- 0.0029249999206513166
- 0.0029249999206513166
velocity:
- -0.013095238246023655
- -0.013095238246023655
effort:
- .nan
- .nan
---
header:
  stamp:
    sec: 1791162349
    nanosec: 600196416
  frame_id: base_link
name:
- joint_x
- joint_y
position:
- 0.002675000112503767
- 0.002675000112503767
velocity:
- -0.013095238246023655
- -0.013095238246023655
effort:
- .nan
- .nan
---
header:
  stamp:
    sec: 1791162349
    nanosec: 620179607
  frame_id: base_link
name:
- joint_x
- joint_y
position:
- 0.0024312499444931746
- 0.0024312499444931746
velocity:
- -0.012660256586968899
- -0.012660256586968899
effort:
- .nan
- .nan
---
header:
  stamp:
    sec: 1791162349
    nanosec: 640178200
  frame_id: base_link
name:
- joint_x
- joint_y
position:
- 0.0021937501151114702
- 0.002199999988079071
velocity:
- -0.011562500149011612
- -0.011562500149011612
effort:
- .nan
- .nan
---
header:
  stamp:
    sec: 1791162349
    nanosec: 660190634
  frame_id: base_link
name:
- joint_x
- joint_y
position:
- 0.0019749999046325684
- 0.0019749999046325684
velocity:
- -0.011250000447034836
- -0.011250000447034836
effort:
- .nan
- .nan
---
header:
  stamp:
    sec: 1791162349
    nanosec: 680180184
  frame_id: base_link
name:
- joint_x
- joint_y
position:
- 0.0017500000540167093
- 0.0017500000540167093
velocity:
- -0.010714286006987095
- -0.010714286006987095
effort:
- .nan
- .nan
---
header:
  stamp:
    sec: 1791162349
    nanosec: 700146267
  frame_id: base_link
name:
- joint_x
- joint_y
position:
- 0.0015312499599531293
- 0.0015312499599531293
velocity:
- -0.010937499813735485
- -0.010625000111758709
effort:
- .nan
- .nan
---
header:
  stamp:
    sec: 1791162349
    nanosec: 720202077
  frame_id: base_link
name:
- joint_x
- joint_y
position:
- 0.0013375000562518835
- 0.0013375000562518835
velocity:
- -0.009687500074505806
- -0.009687500074505806
effort:
- .nan
- .nan
---
header:
  stamp:
    sec: 1791162349
    nanosec: 740190002
  frame_id: base_link
name:
- joint_x
- joint_y
position:
- 0.0009874999523162842
- 0.0009874999523162842
velocity:
- -0.008437500335276127
- -0.008437500335276127
effort:
- .nan
- .nan
---
header:
  stamp:
    sec: 1791162349
    nanosec: 760191755
  frame_id: base_link
name:
- joint_x
- joint_y
position:
- 0.000818750006146729
- 0.000818750006146729
velocity:
- -0.008437500335276127
- -0.008437500335276127
effort:
- .nan
- .nan
---
header:
  stamp:
    sec: 1791162349
    nanosec: 780145536
  frame_id: base_link
name:
- joint_x
- joint_y
position:
- 0.0006687500281259418
- 0.0006687500281259418
velocity:
- -0.007499999832361937
- -0.007499999832361937
effort:
- .nan
- .nan
---
header:
  stamp:
    sec: 1791162349
    nanosec: 800149077
  frame_id: base_link
name:
- joint_x
- joint_y
position:
- 0.0005312500288709998
- 0.0005312500288709998
velocity:
- -0.006874999962747097
- -0.006874999962747097
effort:
- .nan
- .nan
---
header:
  stamp:
    sec: 1791162349
    nanosec: 820159936
  frame_id: base_link
name:
- joint_x
- joint_y
position:
- 0.00040625000838190317
- 0.00040625000838190317
velocity:
- -0.0062500000931322575
- -0.0062500000931322575
effort:
- .nan
- .nan
---
header:
  stamp:
    sec: 1791162349
    nanosec: 840167118
  frame_id: base_link
name:
- joint_x
- joint_y
position:
- 0.0002937499957624823
- 0.0002937499957624823
velocity:
- -0.005625000223517418
- -0.005625000223517418
effort:
- .nan
- .nan
---
header:
  stamp:
    sec: 1791162349
    nanosec: 860172166
  frame_id: base_link
name:
- joint_x
- joint_y
position:
- 0.0001875000016298145
- 0.0001875000016298145
velocity:
- -0.005059523973613977
- -0.005059523973613977
effort:
- .nan
- .nan
---
header:
  stamp:
    sec: 1791162349
    nanosec: 880179649
  frame_id: base_link
name:
- joint_x
- joint_y
position:
- 9.375000081490725e-05
- 9.375000081490725e-05
velocity:
- -0.004687500186264515
- -0.004687500186264515
effort:
- .nan
- .nan
---
header:
  stamp:
    sec: 1791162349
    nanosec: 900185887
  frame_id: base_link
name:
- joint_x
- joint_y
position:
- 1.8750000890577212e-05
- 1.8750000890577212e-05
velocity:
- -0.0037499999161809683
- -0.0037499999161809683
effort:
- .nan
- .nan
---
header:
  stamp:
    sec: 1791162349
    nanosec: 920148672
  frame_id: base_link
name:
- joint_x
- joint_y
position:
- -9.375000081490725e-05
- -9.375000081490725e-05
velocity:
- -0.0024999999441206455
- -0.0024999999441206455
effort:
- .nan
- .nan
---
header:
  stamp:
    sec: 1791162349
    nanosec: 940176584
  frame_id: base_link
name:
- joint_x
- joint_y
position:
- -0.0001250000059371814
- -0.0001250000059371814
velocity:
- -0.0015625000232830644
- -0.0015625000232830644
effort:
- .nan
- .nan
---
header:
  stamp:
    sec: 1791162349
    nanosec: 960181873
  frame_id: base_link
name:
- joint_x
- joint_y
position:
- -0.00014375000318977982
- -0.0001500000071246177
velocity:
- -0.0009374999790452421
- -0.0012499999720603228
effort:
- .nan
- .nan
---
header:
  stamp:
    sec: 1791162349
    nanosec: 980177368
  frame_id: base_link
name:
- joint_x
- joint_y
position:
- -0.0001500000071246177
- -0.00015624999650754035
velocity:
- -0.0003124999930150807
- -0.0003124999930150807
effort:
- .nan
- .nan
---
header:
  stamp:
    sec: 1791162350
    nanosec: 180473
  frame_id: base_link
name:
- joint_x
- joint_y
position:
- -0.0001500000071246177
- -0.0001500000071246177
velocity:
- 0.0
- 0.0003124999930150807
effort:
- .nan
- .nan
---
header:
  stamp:
    sec: 1791162350
    nanosec: 20189599
  frame_id: base_link
name:
- joint_x
- joint_y
position:
- -0.00011875000200234354
- -0.00011875000200234354
velocity:
- 0.0015625000232830644
- 0.0015625000232830644
effort:
- .nan
- .nan
---
header:
  stamp:
    sec: 1791162350
    nanosec: 40162363
  frame_id: base_link
name:
- joint_x
- joint_y
position:
- -8.125000022118911e-05
- -8.125000022118911e-05
velocity:
- 0.0018749999580904841
- 0.0018749999580904841
effort:
- .nan
- .nan
---
header:
  stamp:
    sec: 1791162350
    nanosec: 60167914
  frame_id: base_link
name:
- joint_x
- joint_y
position:
- -1.249999968422344e-05
- -6.24999984211172e-06
velocity:
- 0.0034374999813735485
- 0.0037499999161809683
effort:
- .nan
- .nan
---
header:
  stamp:
    sec: 1791162350
    nanosec: 80181543
  frame_id: base_link
name:
- joint_x
- joint_y
position:
- 0.0
- 0.0
velocity:
- 0.0006249999860301614
- 0.0003124999930150807
effort:
- .nan
- .nan
---
header:
  stamp:
    sec: 1791162350
    nanosec: 100174431
  frame_id: base_link
name:
- joint_x
- joint_y
position:
- 0.0
- 0.0
velocity:
- 0.0
- 0.0
effort:
- .nan
- .nan
---
header:
  stamp:
    sec: 1791162350
    nanosec: 120179413
  frame_id: base_link
name:
- joint_x
- joint_y
position:
- 0.0
- 0.0
velocity:
- 0.0
- 0.0
effort:
- .nan
- .nan
---
header:
  stamp:
    sec: 1791162350
    nanosec: 140167071
  frame_id: base_link
name:
- joint_x
- joint_y
position:
- 0.0
- 0.0
velocity:
- 0.0
- 0.0
effort:
- .nan
- .nan
---
header:
  stamp:
    sec: 1791162350
    nanosec: 160168356
  frame_id: base_link
name:
- joint_x
- joint_y
position:
- 0.0
- 0.0
velocity:
- 0.0
- 0.0
effort:
- .nan
- .nan
---
header:
  stamp:
    sec: 1791162350
    nanosec: 180184759
  frame_id: base_link
name:
- joint_x
- joint_y
position:
- 0.0
- 0.0
velocity:
- 0.0
- 0.0
effort:
- .nan
- .nan
---
header:
  stamp:
    sec: 1791162350
    nanosec: 200176003
  frame_id: base_link
name:
- joint_x
- joint_y
position:
- 0.0
- 0.0
velocity:
- 0.0
- 0.0
effort:
- .nan
- .nan
---
header:
  stamp:
    sec: 1791162350
    nanosec: 220187462
  frame_id: base_link
name:
- joint_x
- joint_y
position:
- 0.0
- 0.0
velocity:
- 0.0
- 0.0
effort:
- .nan
- .nan
---
header:
  stamp:
    sec: 1791162350
    nanosec: 240187164
  frame_id: base_link
name:
- joint_x
- joint_y
position:
- 0.0
- 0.0
velocity:
- 0.0
- 0.0
effort:
- .nan
- .nan
---
