A message was lost!!!
	total count change:1
	total count: 1---
header:
  stamp:
    sec: 1791158763
    nanosec: 442573815
  frame_id: base_link
name:
- joint_x
- joint_y
position:
- 0.0
- 0.0
velocity:
- 0.0
- 0.0
effort:
- .nan
- .nan
---
header:
  stamp:
    sec: 1791158763
    nanosec: 462570160
  frame_id: base_link
name:
- joint_x
- joint_y
position:
- 0.0
- 0.0
velocity:
- 0.0
- 0.0
effort:
- .nan
- .nan
---
header:
  stamp:
    sec: 1791158763
    nanosec: 482566983
  frame_id: base_link
name:
- joint_x
- joint_y
position:
- 0.0
- 0.0
velocity:
- 0.0
- 0.0
effort:
- .nan
- .nan
---
header:
  stamp:
    sec: 1791158763
    nanosec: 502584663
  frame_id: base_link
name:
- joint_x
- joint_y
position:
- 0.0
- 0.0
velocity:
- 0.0
- 0.0
effort:
- .nan
- .nan
---
header:
  stamp:
    sec: 1791158763
    nanosec: 522561931
  frame_id: base_link
name:
- joint_x
- joint_y
position:
- 0.0
- 0.0
velocity:
- 0.0
- 0.0
effort:
- .nan
- .nan
---
header:
  stamp:
    sec: 1791158763
    nanosec: 542568742
  frame_id: base_link
name:
- joint_x
- joint_y
position:
- 0.0
- 0.0
velocity:
- 0.0
- 0.0
effort:
- .nan
- .nan
---
header:
  stamp:
    sec: 1791158763
    nanosec: 562573922
  frame_id: base_link
name:
- joint_x
- joint_y
position:
- 0.0
- 0.0
velocity:
- 0.0
- 0.0
effort:
- .nan
- .nan
---
header:
  stamp:
    sec: 1791158763
    nanosec: 582587371
  frame_id: base_link
name:
- joint_x
- joint_y
position:
- 0.0
- 0.0
velocity:
- 0.0
- 0.0
effort:
- .nan
- .nan
---
header:
  stamp:
    sec: 1791158763
    nanosec: 602594153
  frame_id: base_link
name:
- joint_x
- joint_y
position:
- 0.0
- 0.0
velocity:
- 0.0
- 0.0
effort:
- .nan
- .nan
---
header:
  stamp:
    sec: 1791158763
    nanosec: 622616956
  frame_id: base_link
name:
- joint_x
- joint_y
position:
- 0.0
- 0.0
velocity:
- 0.0
- 0.0
effort:
- .nan
- .nan
---
header:
  stamp:
    sec: 1791158763
    nanosec: 642593855
  frame_id: base_link
name:
- joint_x
- joint_y
position:
- 0.0
- 0.0
velocity:
- 0.0
- 0.0
effort:
- .nan
- .nan
---
header:
  stamp:
    sec: 1791158763
    nanosec: 662597604
  frame_id: base_link
name:
- joint_x
- joint_y
position:
- 0.0
- 0.0
velocity:
- 0.0
- 0.0
effort:
- .nan
- .nan
---
header:
  stamp:
    sec: 1791158763
    nanosec: 682613601
  frame_id: base_link
name:
- joint_x
- joint_y
position:
- 0.0
- 0.0
velocity:
- 0.0
- 0.0
effort:
- .nan
- .nan
---
header:
  stamp:
    sec: 1791158763
    nanosec: 702588104
  frame_id: base_link
name:
- joint_x
- joint_y
position:
- 0.0
- 0.0
velocity:
- 0.0
- 0.0
effort:
- .nan
- .nan
---
header:
  stamp:
    sec: 1791158763
    nanosec: 722575395
  frame_id: base_link
name:
- joint_x
- joint_y
position:
- 0.0
- 0.0
velocity:
- 0.0
- 0.0
effort:
- .nan
- .nan
---
header:
  stamp:
    sec: 1791158763
    nanosec: 742576544
  frame_id: base_link
name:
- joint_x
- joint_y
position:
- 0.0
- 0.0
velocity:
- 0.0
- 0.0
effort:
- .nan
- .nan
---
header:
  stamp:
    sec: 1791158763
    nanosec: 762568591
  frame_id: base_link
name:
- joint_x
- joint_y
position:
- 0.0
- 0.0
velocity:
- 0.0
- 0.0
effort:
- .nan
- .nan
---
header:
  stamp:
    sec: 1791158763
    nanosec: 782583776
  frame_id: base_link
name:
- joint_x
- joint_y
position:
- 0.0
- 0.0
velocity:
- 0.0
- 0.0
effort:
- .nan
- .nan
---
header:
  stamp:
    sec: 1791158763
    nanosec: 802581621
  frame_id: base_link
name:
- joint_x
- joint_y
position:
- 0.0
- 0.0
velocity:
- 0.0
- 0.0
effort:
- .nan
- .nan
---
header:
  stamp:
    sec: 1791158763
    nanosec: 822570065
  frame_id: base_link
name:
- joint_x
- joint_y
position:
- 0.0
- 0.0
velocity:
- 0.0
- 0.0
effort:
- .nan
- .nan
---
header:
  stamp:
    sec: 1791158763
    nanosec: 842569035
  frame_id: base_link
name:
- joint_x
- joint_y
position:
- 0.0
- 0.0
velocity:
- 0.0
- 0.0
effort:
- .nan
- .nan
---
header:
  stamp:
    sec: 1791158763
    nanosec: 862574545
  frame_id: base_link
name:
- joint_x
- joint_y
position:
- 0.0
- 0.0
velocity:
- 0.0
- 0.0
effort:
- .nan
- .nan
---
header:
  stamp:
    sec: 1791158763
    nanosec: 882570735
  frame_id: base_link
name:
- joint_x
- joint_y
position:
- 0.0
- 0.0
velocity:
- 0.0
- 0.0
effort:
- .nan
- .nan
---
header:
  stamp:
    sec: 1791158763
    nanosec: 902564964
  frame_id: base_link
name:
- joint_x
- joint_y
position:
- 0.0
- 0.0
velocity:
- 0.0
- 0.0
effort:
- .nan
- .nan
---
header:
  stamp:
    sec: 1791158763
    nanosec: 922582394
  frame_id: base_link
name:
- joint_x
- joint_y
position:
- 0.0
- 0.0
velocity:
- 0.0
- 0.0
effort:
- .nan
- .nan
---
header:
  stamp:
    sec: 1791158763
    nanosec: 942574406
  frame_id: base_link
name:
- joint_x
- joint_y
position:
- 0.0
- 0.0
velocity:
- 0.0
- 0.0
effort:
- .nan
- .nan
---
header:
  stamp:
    sec: 1791158763
    nanosec: 962566662
  frame_id: base_link
name:
- joint_x
- joint_y
position:
- 0.0
- 0.0
velocity:
- 0.0
- 0.0
effort:
- .nan
- .nan
---
header:
  stamp:
    sec: 1791158763
    nanosec: 982571049
  frame_id: base_link
name:
- joint_x
- joint_y
position:
- 0.0
- 0.0
velocity:
- 0.0
- 0.0
effort:
- .nan
- .nan
---
header:
  stamp:
    sec: 1791158764
    nanosec: 2565104
  frame_id: base_link
name:
- joint_x
- joint_y
position:
- 0.0
- 0.0
velocity:
- 0.0
- 0.0
effort:
- .nan
- .nan
---
header:
  stamp:
    sec: 1791158764
    nanosec: 22570916
  frame_id: base_link
name:
- joint_x
- joint_y
position:
- 0.0
- 0.0
velocity:
- 0.0
- 0.0
effort:
- .nan
- .nan
---
header:
  stamp:
    sec: 1791158764
    nanosec: 42552950
  frame_id: base_link
name:
- joint_x
- joint_y
position:
- 0.0
- 0.0
velocity:
- 0.0
- 0.0
effort:
- .nan
- .nan
---
header:
  stamp:
    sec: 1791158764
    nanosec: 62555781
  frame_id: base_link
name:
- joint_x
- joint_y
position:
- 0.0
- 0.0
velocity:
- 0.0
- 0.0
effort:
- .nan
- .nan
---
header:
  stamp:
    sec: 1791158764
    nanosec: 82576874
  frame_id: base_link
name:
- joint_x
- joint_y
position:
- 0.0
- 0.0
velocity:
- 0.0
- 0.0
effort:
- .nan
- .nan
---
header:
  stamp:
    sec: 1791158764
    nanosec: 102576535
  frame_id: base_link
name:
- joint_x
- joint_y
position:
- 0.0
- 0.0
velocity:
- 0.0
- 0.0
effort:
- .nan
- .nan
---
header:
  stamp:
    sec: 1791158764
    nanosec: 122573120
  frame_id: base_link
name:
- joint_x
- joint_y
position:
- 0.0
- 0.0
velocity:
- 0.0
- 0.0
effort:
- .nan
- .nan
---
header:
  stamp:
    sec: 1791158764
    nanosec: 142569414
  frame_id: base_link
name:
- joint_x
- joint_y
position:
- 0.0
- 0.0
velocity:
- 0.0
- 0.0
effort:
- .nan
- .nan
---
header:
  stamp:
    sec: 1791158764
    nanosec: 162569755
  frame_id: base_link
name:
- joint_x
- joint_y
position:
- 0.0
- 0.0
velocity:
- 0.0
- 0.0
effort:
- .nan
- .nan
---
header:
  stamp:
    sec: 1791158764
    nanosec: 182567064
  frame_id: base_link
name:
- joint_x
- joint_y
position:
- 0.0
- 0.0
velocity:
- 0.0
- 0.0
effort:
- .nan
- .nan
---
header:
  stamp:
    sec: 1791158764
    nanosec: 202565482
  frame_id: base_link
name:
- joint_x
- joint_y
position:
- 0.0
- 0.0
velocity:
- 0.0
- 0.0
effort:
- .nan
- .nan
---
header:
  stamp:
    sec: 1791158764
    nanosec: 222573830
  frame_id: base_link
name:
- joint_x
- joint_y
position:
- 0.0
- 0.0
velocity:
- 0.0
- 0.0
effort:
- .nan
- .nan
---
header:
  stamp:
    sec: 1791158764
    nanosec: 242566301
  frame_id: base_link
name:
- joint_x
- joint_y
position:
- 0.0
- 0.0
velocity:
- 0.0
- 0.0
effort:
- .nan
- .nan
---
header:
  stamp:
    sec: 1791158764
    nanosec: 262580487
  frame_id: base_link
name:
- joint_x
- joint_y
position:
- 0.0
- 0.0
velocity:
- 0.0
- 0.0
effort:
- .nan
- .nan
---
header:
  stamp:
    sec: 1791158764
    nanosec: 282573382
  frame_id: base_link
name:
- joint_x
- joint_y
position:
- 0.0
- 0.0
velocity:
- 0.0
- 0.0
effort:
- .nan
- .nan
---
header:
  stamp:
    sec: 1791158764
    nanosec: 302573893
  frame_id: base_link
name:
- joint_x
- joint_y
position:
- 0.0
- 0.0
velocity:
- 0.0
- 0.0
effort:
- .nan
- .nan
---
header:
  stamp:
    sec: 1791158764
    nanosec: 322552041
  frame_id: base_link
name:
- joint_x
- joint_y
position:
- 0.0
- 0.0
velocity:
- 0.0
- 0.0
effort:
- .nan
- .nan
---
header:
  stamp:
    sec: 1791158764
    nanosec: 342559985
  frame_id: base_link
name:
- joint_x
- joint_y
position:
- 0.0
- 0.0
velocity:
- 0.0
- 0.0
effort:
- .nan
- .nan
---
header:
  stamp:
    sec: 1791158764
    nanosec: 362561000
  frame_id: base_link
name:
- joint_x
- joint_y
position:
- 0.0
- 0.0
velocity:
- 0.0
- 0.0
effort:
- .nan
- .nan
---
header:
  stamp:
    sec: 1791158764
    nanosec: 382559907
  frame_id: base_link
name:
- joint_x
- joint_y
position:
- 0.0
- 0.0
velocity:
- 0.0
- 0.0
effort:
- .nan
- .nan
---
header:
  stamp:
    sec: 1791158764
    nanosec: 402563897
  frame_id: base_link
name:
- joint_x
- joint_y
position:
- 0.0
- 0.0
velocity:
- 0.0
- 0.0
effort:
- .nan
- .nan
---
header:
  stamp:
    sec: 1791158764
    nanosec: 422546929
  frame_id: base_link
name:
- joint_x
- joint_y
position:
- 0.0
- 0.0
velocity:
- 0.0
- 0.0
effort:
- .nan
- .nan
---
header:
  stamp:
    sec: 1791158764
    nanosec: 442552458
  frame_id: base_link
name:
- joint_x
- joint_y
position:
- 0.0
- 0.0
velocity:
- 0.0
- 0.0
effort:
- .nan
- .nan
---
header:
  stamp:
    sec: 1791158764
    nanosec: 462558508
  frame_id: base_link
name:
- joint_x
- joint_y
position:
- 0.0
- 0.0
velocity:
- 0.0
- 0.0
effort:
- .nan
- .nan
---
header:
  stamp:
    sec: 1791158764
    nanosec: 482571177
  frame_id: base_link
name:
- joint_x
- joint_y
position:
- 0.0
- 0.0
velocity:
- 0.0
- 0.0
effort:
- .nan
- .nan
---
header:
  stamp:
    sec: 1791158764
    nanosec: 502583277
  frame_id: base_link
name:
- joint_x
- joint_y
position:
- 0.0
- 0.0
velocity:
- 0.0
- 0.0
effort:
- .nan
- .nan
---
header:
  stamp:
    sec: 1791158764
    nanosec: 522579805
  frame_id: base_link
name:
- joint_x
- joint_y
position:
- 0.0
- 0.0
velocity:
- 0.0
- 0.0
effort:
- .nan
- .nan
---
header:
  stamp:
    sec: 1791158764
    nanosec: 542590549
  frame_id: base_link
name:
- joint_x
- joint_y
position:
- 0.0
- 0.0
velocity:
- 0.0
- 0.0
effort:
- .nan
- .nan
---
header:
  stamp:
    sec: 1791158764
    nanosec: 562579324
  frame_id: base_link
name:
- joint_x
- joint_y
position:
- 0.0
- 0.0
velocity:
- 0.0
- 0.0
effort:
- .nan
- .nan
---
header:
  stamp:
    sec: 1791158764
    nanosec: 582590389
  frame_id: base_link
name:
- joint_x
- joint_y
position:
- 0.0
- 0.0
velocity:
- 0.0
- 0.0
effort:
- .nan
- .nan
---
header:
  stamp:
    sec: 1791158764
    nanosec: 602589683
  frame_id: base_link
name:
- joint_x
- joint_y
position:
- 0.0
- 0.0
velocity:
- 0.0
- 0.0
effort:
- .nan
- .nan
---
header:
  stamp:
    sec: 1791158764
    nanosec: 622579321
  frame_id: base_link
name:
- joint_x
- joint_y
position:
- 0.0
- 0.0
velocity:
- 0.0
- 0.0
effort:
- .nan
- .nan
---
header:
  stamp:
    sec: 1791158764
    nanosec: 642651982
  frame_id: base_link
name:
- joint_x
- joint_y
position:
- 0.0
- 0.0
velocity:
- 0.0
- 0.0
effort:
- .nan
- .nan
---
header:
  stamp:
    sec: 1791158764
    nanosec: 662585788
  frame_id: base_link
name:
- joint_x
- joint_y
position:
- 0.0
- 0.0
velocity:
- 0.0
- 0.0
effort:
- .nan
- .nan
---
header:
  stamp:
    sec: 1791158764
    nanosec: 682590216
  frame_id: base_link
name:
- joint_x
- joint_y
position:
- 0.0
- 0.0
velocity:
- 0.0
- 0.0
effort:
- .nan
- .nan
---
header:
  stamp:
    sec: 1791158764
    nanosec: 702663473
  frame_id: base_link
name:
- joint_x
- joint_y
position:
- 0.0
- 0.0
velocity:
- 0.0
- 0.0
effort:
- .nan
- .nan
---
header:
  stamp:
    sec: 1791158764
    nanosec: 722574987
  frame_id: base_link
name:
- joint_x
- joint_y
position:
- 0.0
- 0.0
velocity:
- 0.0
- 0.0
effort:
- .nan
- .nan
---
header:
  stamp:
    sec: 1791158764
    nanosec: 742567193
  frame_id: base_link
name:
- joint_x
- joint_y
position:
- 0.0
- 0.0
velocity:
- 0.0
- 0.0
effort:
- .nan
- .nan
---
header:
  stamp:
    sec: 1791158764
    nanosec: 762591298
  frame_id: base_link
name:
- joint_x
- joint_y
position:
- 0.0
- 0.0
velocity:
- 0.0
- 0.0
effort:
- .nan
- .nan
---
header:
  stamp:
    sec: 1791158764
    nanosec: 782572632
  frame_id: base_link
name:
- joint_x
- joint_y
position:
- 0.0
- 0.0
velocity:
- 0.0
- 0.0
effort:
- .nan
- .nan
---
header:
  stamp:
    sec: 1791158764
    nanosec: 802575817
  frame_id: base_link
name:
- joint_x
- joint_y
position:
- 0.0
- 0.0
velocity:
- 0.0
- 0.0
effort:
- .nan
- .nan
---
header:
  stamp:
    sec: 1791158764
    nanosec: 822580720
  frame_id: base_link
name:
- joint_x
- joint_y
position:
- 0.0
- 0.0
velocity:
- 0.0
- 0.0
effort:
- .nan
- .nan
---
header:
  stamp:
    sec: 1791158764
    nanosec: 842576871
  frame_id: base_link
name:
- joint_x
- joint_y
position:
- 0.0
- 0.0
velocity:
- 0.0
- 0.0
effort:
- .nan
- .nan
---
header:
  stamp:
    sec: 1791158764
    nanosec: 862576601
  frame_id: base_link
name:
- joint_x
- joint_y
position:
- 0.0
- 0.0
velocity:
- 0.0
- 0.0
effort:
- .nan
- .nan
---
header:
  stamp:
    sec: 1791158764
    nanosec: 882648634
  frame_id: base_link
name:
- joint_x
- joint_y
position:
- 0.0
- 0.0
velocity:
- 0.0
- 0.0
effort:
- .nan
- .nan
---
header:
  stamp:
    sec: 1791158764
    nanosec: 902570318
  frame_id: base_link
name:
- joint_x
- joint_y
position:
- 0.0
- 0.0
velocity:
- 0.0
- 0.0
effort:
- .nan
- .nan
---
header:
  stamp:
    sec: 1791158764
    nanosec: 922591552
  frame_id: base_link
name:
- joint_x
- joint_y
position:
- 0.0
- 0.0
velocity:
- 0.0
- 0.0
effort:
- .nan
- .nan
---
header:
  stamp:
    sec: 1791158764
    nanosec: 942651409
  frame_id: base_link
name:
- joint_x
- joint_y
position:
- 0.0
- 0.0
velocity:
- 0.0
- 0.0
effort:
- .nan
- .nan
---
header:
  stamp:
    sec: 1791158764
    nanosec: 962594722
  frame_id: base_link
name:
- joint_x
- joint_y
position:
- 0.0
- 0.0
velocity:
- 0.0
- 0.0
effort:
- .nan
- .nan
---
header:
  stamp:
    sec: 1791158764
    nanosec: 982588688
  frame_id: base_link
name:
- joint_x
- joint_y
position:
- 0.0
- 0.0
velocity:
- 0.0
- 0.0
effort:
- .nan
- .nan
---
header:
  stamp:
    sec: 1791158765
    nanosec: 2587378
  frame_id: base_link
name:
- joint_x
- joint_y
position:
- 0.0
- 0.0
velocity:
- 0.0
- 0.0
effort:
- .nan
- .nan
---
header:
  stamp:
    sec: 1791158765
    nanosec: 22609995
  frame_id: base_link
name:
- joint_x
- joint_y
position:
- 0.0
- 0.0
velocity:
- 0.0
- 0.0
effort:
- .nan
- .nan
---
header:
  stamp:
    sec: 1791158765
    nanosec: 49474743
  frame_id: base_link
name:
- joint_x
- joint_y
position:
- 0.0
- 0.0
velocity:
- 0.0
- 0.0
effort:
- .nan
- .nan
---
header:
  stamp:
    sec: 1791158765
    nanosec: 62582312
  frame_id: base_link
name:
- joint_x
- joint_y
position:
- 0.0
- 0.0
velocity:
- 0.0
- 0.0
effort:
- .nan
- .nan
---
header:
  stamp:
    sec: 1791158765
    nanosec: 82629862
  frame_id: base_link
name:
- joint_x
- joint_y
position:
- 0.0
- 0.0
velocity:
- 0.0
- 0.0
effort:
- .nan
- .nan
---
header:
  stamp:
    sec: 1791158765
    nanosec: 102614090
  frame_id: base_link
name:
- joint_x
- joint_y
position:
- 0.0
- 0.0
velocity:
- 0.0
- 0.0
effort:
- .nan
- .nan
---
header:
  stamp:
    sec: 1791158765
    nanosec: 122745157
  frame_id: base_link
name:
- joint_x
- joint_y
position:
- 0.0
- 0.0
velocity:
- 0.0
- 0.0
effort:
- .nan
- .nan
---
header:
  stamp:
    sec: 1791158765
    nanosec: 142595464
  frame_id: base_link
name:
- joint_x
- joint_y
position:
- 0.0
- 0.0
velocity:
- 0.0
- 0.0
effort:
- .nan
- .nan
---
header:
  stamp:
    sec: 1791158765
    nanosec: 163654770
  frame_id: base_link
name:
- joint_x
- joint_y
position:
- 0.0
- 0.0
velocity:
- 0.0
- 0.0
effort:
- .nan
- .nan
---
header:
  stamp:
    sec: 1791158765
    nanosec: 182940878
  frame_id: base_link
name:
- joint_x
- joint_y
position:
- 0.0
- 0.0
velocity:
- 0.0
- 0.0
effort:
- .nan
- .nan
---
header:
  stamp:
    sec: 1791158765
    nanosec: 203018453
  frame_id: base_link
name:
- joint_x
- joint_y
position:
- 0.0
- 0.0
velocity:
- 0.0
- 0.0
effort:
- .nan
- .nan
---
header:
  stamp:
    sec: 1791158765
    nanosec: 222735941
  frame_id: base_link
name:
- joint_x
- joint_y
position:
- 0.0
- 0.0
velocity:
- 0.0
- 0.0
effort:
- .nan
- .nan
---
header:
  stamp:
    sec: 1791158765
    nanosec: 242562011
  frame_id: base_link
name:
- joint_x
- joint_y
position:
- 0.0
- 0.0
velocity:
- 0.0
- 0.0
effort:
- .nan
- .nan
---
header:
  stamp:
    sec: 1791158765
    nanosec: 262554985
  frame_id: base_link
name:
- joint_x
- joint_y
position:
- 0.0
- 0.0
velocity:
- 0.0
- 0.0
effort:
- .nan
- .nan
---
header:
  stamp:
    sec: 1791158765
    nanosec: 282554181
  frame_id: base_link
name:
- joint_x
- joint_y
position:
- 0.0
- 0.0
velocity:
- 0.0
- 0.0
effort:
- .nan
- .nan
---
header:
  stamp:
    sec: 1791158765
    nanosec: 302569328
  frame_id: base_link
name:
- joint_x
- joint_y
position:
- 0.0
- 0.0
velocity:
- 0.0
- 0.0
effort:
- .nan
- .nan
---
header:
  stamp:
    sec: 1791158765
    nanosec: 322558526
  frame_id: base_link
name:
- joint_x
- joint_y
position:
- 0.0
- 0.0
velocity:
- 0.0
- 0.0
effort:
- .nan
- .nan
---
header:
  stamp:
    sec: 1791158765
    nanosec: 342565103
  frame_id: base_link
name:
- joint_x
- joint_y
position:
- 0.0
- 0.0
velocity:
- 0.0
- 0.0
effort:
- .nan
- .nan
---
header:
  stamp:
    sec: 1791158765
    nanosec: 362573123
  frame_id: base_link
name:
- joint_x
- joint_y
position:
- 0.0
- 0.0
velocity:
- 0.0
- 0.0
effort:
- .nan
- .nan
---
header:
  stamp:
    sec: 1791158765
    nanosec: 382574940
  frame_id: base_link
name:
- joint_x
- joint_y
position:
- 0.0
- 0.0
velocity:
- 0.0
- 0.0
effort:
- .nan
- .nan
---
header:
  stamp:
    sec: 1791158765
    nanosec: 402570571
  frame_id: base_link
name:
- joint_x
- joint_y
position:
- 0.0
- 0.0
velocity:
- 0.0
- 0.0
effort:
- .nan
- .nan
---
header:
  stamp:
    sec: 1791158765
    nanosec: 422548241
  frame_id: base_link
name:
- joint_x
- joint_y
position:
- 6.24999984211172e-06
- 6.24999984211172e-06
velocity:
- 0.0003124999930150807
- 0.0003124999930150807
effort:
- .nan
- .nan
---
header:
  stamp:
    sec: 1791158765
    nanosec: 442584023
  frame_id: base_link
name:
- joint_x
- joint_y
position:
- 8.749999688006938e-05
- 8.749999688006938e-05
velocity:
- 0.0024999999441206455
- 0.0024999999441206455
effort:
- .nan
- .nan
---
header:
  stamp:
    sec: 1791158765
    nanosec: 462580991
  frame_id: base_link
name:
- joint_x
- joint_y
position:
- 0.0001500000071246177
- 0.0001500000071246177
velocity:
- 0.0031250000465661287
- 0.0031250000465661287
effort:
- .nan
- .nan
---
header:
  stamp:
    sec: 1791158765
    nanosec: 482580890
  frame_id: base_link
name:
- joint_x
- joint_y
position:
- 0.0002312500000698492
- 0.0002312500000698492
velocity:
- 0.004062499850988388
- 0.004062499850988388
effort:
- .nan
- .nan
---
header:
  stamp:
    sec: 1791158765
    nanosec: 502558489
  frame_id: base_link
name:
- joint_x
- joint_y
position:
- 0.0003312499902676791
- 0.0003312499902676791
velocity:
- 0.004761904943734407
- 0.004761904943734407
effort:
- .nan
- .nan
---
header:
  stamp:
    sec: 1791158765
    nanosec: 522554036
  frame_id: base_link
name:
- joint_x
- joint_y
position:
- 0.0004437500028871
- 0.0004437500028871
velocity:
- 0.005625000223517418
- 0.005625000223517418
effort:
- .nan
- .nan
---
header:
  stamp:
    sec: 1791158765
    nanosec: 542560583
  frame_id: base_link
name:
- joint_x
- joint_y
position:
- 0.0005624999757856131
- 0.0005624999757856131
velocity:
- 0.005937499925494194
- 0.005937499925494194
effort:
- .nan
- .nan
---
header:
  stamp:
    sec: 1791158765
    nanosec: 562558168
  frame_id: base_link
name:
- joint_x
- joint_y
position:
- 0.000699999975040555
- 0.000699999975040555
velocity:
- 0.006874999962747097
- 0.006562499795109034
effort:
- .nan
- .nan
---
header:
  stamp:
    sec: 1791158765
    nanosec: 582551819
  frame_id: base_link
name:
- joint_x
- joint_y
position:
- 0.0008437500218860805
- 0.0008437500218860805
velocity:
- 0.0071875001303851604
- 0.007499999832361937
effort:
- .nan
- .nan
---
header:
  stamp:
    sec: 1791158765
    nanosec: 602555623
  frame_id: base_link
name:
- joint_x
- joint_y
position:
- 0.0010000000474974513
- 0.0010000000474974513
velocity:
- 0.0078125
- 0.0078125
effort:
- .nan
- .nan
---
header:
  stamp:
    sec: 1791158765
    nanosec: 622579078
  frame_id: base_link
name:
- joint_x
- joint_y
position:
- 0.001362500013783574
- 0.001362500013783574
velocity:
- 0.009062499739229679
- 0.009062499739229679
effort:
- .nan
- .nan
---
header:
  stamp:
    sec: 1791158765
    nanosec: 642570978
  frame_id: base_link
name:
- joint_x
- joint_y
position:
- 0.0015562500339001417
- 0.0015562500339001417
velocity:
- 0.009687500074505806
- 0.009687500074505806
effort:
- .nan
- .nan
---
header:
  stamp:
    sec: 1791158765
    nanosec: 662560920
  frame_id: base_link
name:
- joint_x
- joint_y
position:
- 0.0017625000327825546
- 0.0017625000327825546
velocity:
- 0.010312500409781933
- 0.010312500409781933
effort:
- .nan
- .nan
---
header:
  stamp:
    sec: 1791158765
    nanosec: 682560556
  frame_id: base_link
name:
- joint_x
- joint_y
position:
- 0.0019875001162290573
- 0.0019875001162290573
velocity:
- 0.011250000447034836
- 0.011250000447034836
effort:
- .nan
- .nan
---
header:
  stamp:
    sec: 1791158765
    nanosec: 702558042
  frame_id: base_link
name:
- joint_x
- joint_y
position:
- 0.0022124999668449163
- 0.0022124999668449163
velocity:
- 0.011250000447034836
- 0.011250000447034836
effort:
- .nan
- .nan
---
header:
  stamp:
    sec: 1791158765
    nanosec: 722570402
  frame_id: base_link
name:
- joint_x
- joint_y
position:
- 0.0024500000290572643
- 0.00244374992325902
velocity:
- 0.011562500149011612
- 0.011562500149011612
effort:
- .nan
- .nan
---
header:
  stamp:
    sec: 1791158765
    nanosec: 742556436
  frame_id: base_link
name:
- joint_x
- joint_y
position:
- 0.0026875000912696123
- 0.0026875000912696123
velocity:
- 0.012187499552965164
- 0.012187499552965164
effort:
- .nan
- .nan
---
header:
  stamp:
    sec: 1791158765
    nanosec: 762546932
  frame_id: base_link
name:
- joint_x
- joint_y
position:
- 0.0029437500052154064
- 0.0029437500052154064
velocity:
- 0.012500000186264515
- 0.012500000186264515
effort:
- .nan
- .nan
---
header:
  stamp:
    sec: 1791158765
    nanosec: 782566452
  frame_id: base_link
name:
- joint_x
- joint_y
position:
- 0.0032187500037252903
- 0.003212499897927046
velocity:
- 0.01406249962747097
- 0.013749999925494194
effort:
- .nan
- .nan
---
header:
  stamp:
    sec: 1791158765
    nanosec: 802565443
  frame_id: base_link
name:
- joint_x
- joint_y
position:
- 0.0037624998949468136
- 0.0037562500219792128
velocity:
- 0.013749999925494194
- 0.013749999925494194
effort:
- .nan
- .nan
---
header:
  stamp:
    sec: 1791158765
    nanosec: 822554304
  frame_id: base_link
name:
- joint_x
- joint_y
position:
- 0.004050000105053186
- 0.004043749999254942
velocity:
- 0.014375000260770321
- 0.014375000260770321
effort:
- .nan
- .nan
---
header:
  stamp:
    sec: 1791158765
    nanosec: 842555458
  frame_id: base_link
name:
- joint_x
- joint_y
position:
- 0.004356250166893005
- 0.004356250166893005
velocity:
- 0.014880952425301075
- 0.014880952425301075
effort:
- .nan
- .nan
---
header:
  stamp:
    sec: 1791158765
    nanosec: 862565326
  frame_id: base_link
name:
- joint_x
- joint_y
position:
- 0.004674999974668026
- 0.004674999974668026
velocity:
- 0.015937499701976776
- 0.015937499701976776
effort:
- .nan
- .nan
---
header:
  stamp:
    sec: 1791158765
    nanosec: 882567514
  frame_id: base_link
name:
- joint_x
- joint_y
position:
- 0.004981250036507845
- 0.004981250036507845
velocity:
- 0.015312500298023224
- 0.015312500298023224
effort:
- .nan
- .nan
---
header:
  stamp:
    sec: 1791158765
    nanosec: 902583143
  frame_id: base_link
name:
- joint_x
- joint_y
position:
- 0.0052999998442828655
- 0.0052999998442828655
velocity:
- 0.015937499701976776
- 0.015937499701976776
effort:
- .nan
- .nan
---
header:
  stamp:
    sec: 1791158765
    nanosec: 922556962
  frame_id: base_link
name:
- joint_x
- joint_y
position:
- 0.005625000223517418
- 0.005625000223517418
velocity:
- 0.016249999403953552
- 0.016249999403953552
effort:
- .nan
- .nan
---
header:
  stamp:
    sec: 1791158765
    nanosec: 942561193
  frame_id: base_link
name:
- joint_x
- joint_y
position:
- 0.005950000137090683
- 0.005950000137090683
velocity:
- 0.016249999403953552
- 0.016249999403953552
effort:
- .nan
- .nan
---
header:
  stamp:
    sec: 1791158765
    nanosec: 962576350
  frame_id: base_link
name:
- joint_x
- joint_y
position:
- 0.006306250113993883
- 0.006306250113993883
velocity:
- 0.017812499776482582
- 0.017500000074505806
effort:
- .nan
- .nan
---
header:
  stamp:
    sec: 1791158765
    nanosec: 982563630
  frame_id: base_link
name:
- joint_x
- joint_y
position:
- 0.006987500004470348
- 0.006987500004470348
velocity:
- 0.01718750037252903
- 0.01718750037252903
effort:
- .nan
- .nan
---
header:
  stamp:
    sec: 1791158766
    nanosec: 2614795
  frame_id: base_link
name:
- joint_x
- joint_y
position:
- 0.0073437499813735485
- 0.007337499875575304
velocity:
- 0.017812499776482582
- 0.017500000074505806
effort:
- .nan
- .nan
---
header:
  stamp:
    sec: 1791158766
    nanosec: 22570840
  frame_id: base_link
name:
- joint_x
- joint_y
position:
- 0.007718749810010195
- 0.007718749810010195
velocity:
- 0.018437499180436134
- 0.01875000074505806
effort:
- .nan
- .nan
---
header:
  stamp:
    sec: 1791158766
    nanosec: 42577091
  frame_id: base_link
name:
- joint_x
- joint_y
position:
- 0.00808124989271164
- 0.008074999786913395
velocity:
- 0.018124999478459358
- 0.018124999478459358
effort:
- .nan
- .nan
---
header:
  stamp:
    sec: 1791158766
    nanosec: 62570491
  frame_id: base_link
name:
- joint_x
- joint_y
position:
- 0.008443750441074371
- 0.008443750441074371
velocity:
- 0.018437499180436134
- 0.018437499180436134
effort:
- .nan
- .nan
---
header:
  stamp:
    sec: 1791158766
    nanosec: 82572129
  frame_id: base_link
name:
- joint_x
- joint_y
position:
- 0.008818750269711018
- 0.008818750269711018
velocity:
- 0.018437499180436134
- 0.018437499180436134
effort:
- .nan
- .nan
---
header:
  stamp:
    sec: 1791158766
    nanosec: 102591923
  frame_id: base_link
name:
- joint_x
- joint_y
position:
- 0.009193750098347664
- 0.009193750098347664
velocity:
- 0.01875000074505806
- 0.01875000074505806
effort:
- .nan
- .nan
---
header:
  stamp:
    sec: 1791158766
    nanosec: 122570045
  frame_id: base_link
name:
- joint_x
- joint_y
position:
- 0.009587500244379044
- 0.009587500244379044
velocity:
- 0.01904761977493763
- 0.01904761977493763
effort:
- .nan
- .nan
---
header:
  stamp:
    sec: 1791158766
    nanosec: 142563890
  frame_id: base_link
name:
- joint_x
- joint_y
position:
- 0.009987499564886093
- 0.009987499564886093
velocity:
- 0.019999999552965164
- 0.019999999552965164
effort:
- .nan
- .nan
---
header:
  stamp:
    sec: 1791158766
    nanosec: 162548553
  frame_id: base_link
name:
- joint_x
- joint_y
position:
- 0.010374999605119228
- 0.010374999605119228
velocity:
- 0.019375000149011612
- 0.019375000149011612
effort:
- .nan
- .nan
---
header:
  stamp:
    sec: 1791158766
    nanosec: 182559646
  frame_id: base_link
name:
- joint_x
- joint_y
position:
- 0.011175000108778477
- 0.011168750002980232
velocity:
- 0.01964285783469677
- 0.0193452388048172
effort:
- .nan
- .nan
---
header:
  stamp:
    sec: 1791158766
    nanosec: 202549586
  frame_id: base_link
name:
- joint_x
- joint_y
position:
- 0.011587499640882015
- 0.011587499640882015
velocity:
- 0.020625000819563866
- 0.020937500521540642
effort:
- .nan
- .nan
---
header:
  stamp:
    sec: 1791158766
    nanosec: 222550243
  frame_id: base_link
name:
- joint_x
- joint_y
position:
- 0.011981249786913395
- 0.011981249786913395
velocity:
- 0.019687499850988388
- 0.019687499850988388
effort:
- .nan
- .nan
---
header:
  stamp:
    sec: 1791158766
    nanosec: 242580347
  frame_id: base_link
name:
- joint_x
- joint_y
position:
- 0.012381250038743019
- 0.012381250038743019
velocity:
- 0.019999999552965164
- 0.019999999552965164
effort:
- .nan
- .nan
---
header:
  stamp:
    sec: 1791158766
    nanosec: 262565532
  frame_id: base_link
name:
- joint_x
- joint_y
position:
- 0.012781250290572643
- 0.012781250290572643
velocity:
- 0.019999999552965164
- 0.019999999552965164
effort:
- .nan
- .nan
---
header:
  stamp:
    sec: 1791158766
    nanosec: 282566958
  frame_id: base_link
name:
- joint_x
- joint_y
position:
- 0.013181249611079693
- 0.013181249611079693
velocity:
- 0.019999999552965164
- 0.019999999552965164
effort:
- .nan
- .nan
---
header:
  stamp:
    sec: 1791158766
    nanosec: 302576838
  frame_id: base_link
name:
- joint_x
- joint_y
position:
- 0.013606250286102295
- 0.013606250286102295
velocity:
- 0.02023809589445591
- 0.02023809589445591
effort:
- .nan
- .nan
---
header:
  stamp:
    sec: 1791158766
    nanosec: 322576129
  frame_id: base_link
name:
- joint_x
- joint_y
position:
- 0.014031250029802322
- 0.014031250029802322
velocity:
- 0.021250000223517418
- 0.020937500521540642
effort:
- .nan
- .nan
---
header:
  stamp:
    sec: 1791158766
    nanosec: 342567317
  frame_id: base_link
name:
- joint_x
- joint_y
position:
- 0.014437500387430191
- 0.014437500387430191
velocity:
- 0.019999999552965164
- 0.02031249925494194
effort:
- .nan
- .nan
---
header:
  stamp:
    sec: 1791158766
    nanosec: 362597855
  frame_id: base_link
name:
- joint_x
- joint_y
position:
- 0.014843749813735485
- 0.014843749813735485
velocity:
- 0.02031249925494194
- 0.02031249925494194
effort:
- .nan
- .nan
---
header:
  stamp:
    sec: 1791158766
    nanosec: 382594970
  frame_id: base_link
name:
- joint_x
- joint_y
position:
- 0.015662500634789467
- 0.015662500634789467
velocity:
- 0.021250000223517418
- 0.021250000223517418
effort:
- .nan
- .nan
---
header:
  stamp:
    sec: 1791158766
    nanosec: 402596656
  frame_id: base_link
name:
- joint_x
- joint_y
position:
- 0.016068749129772186
- 0.016068749129772186
velocity:
- 0.019999999552965164
- 0.019999999552965164
effort:
- .nan
- .nan
---
header:
  stamp:
    sec: 1791158766
    nanosec: 422619839
  frame_id: base_link
name:
- joint_x
- joint_y
position:
- 0.016474999487400055
- 0.016468750312924385
velocity:
- 0.02031249925494194
- 0.02031249925494194
effort:
- .nan
- .nan
---
header:
  stamp:
    sec: 1791158766
    nanosec: 442610547
  frame_id: base_link
name:
- joint_x
- joint_y
position:
- 0.016875000670552254
- 0.016868749633431435
velocity:
- 0.019999999552965164
- 0.019999999552965164
effort:
- .nan
- .nan
---
header:
  stamp:
    sec: 1791158766
    nanosec: 462651217
  frame_id: base_link
name:
- joint_x
- joint_y
position:
- 0.017274999991059303
- 0.017268750816583633
velocity:
- 0.019999999552965164
- 0.019999999552965164
effort:
- .nan
- .nan
---
header:
  stamp:
    sec: 1791158766
    nanosec: 482582626
  frame_id: base_link
name:
- joint_x
- joint_y
position:
- 0.01769375056028366
- 0.017687499523162842
velocity:
- 0.02023809589445591
- 0.01994047686457634
effort:
- .nan
- .nan
---
header:
  stamp:
    sec: 1791158766
    nanosec: 502596628
  frame_id: base_link
name:
- joint_x
- joint_y
position:
- 0.01811249926686287
- 0.01811249926686287
velocity:
- 0.020937500521540642
- 0.020937500521540642
effort:
- .nan
- .nan
---
header:
  stamp:
    sec: 1791158766
    nanosec: 522606957
  frame_id: base_link
name:
- joint_x
- joint_y
position:
- 0.01850624941289425
- 0.01850624941289425
velocity:
- 0.019687499850988388
- 0.019999999552965164
effort:
- .nan
- .nan
---
header:
  stamp:
    sec: 1791158766
    nanosec: 542601254
  frame_id: base_link
name:
- joint_x
- joint_y
position:
- 0.01889999955892563
- 0.01889999955892563
velocity:
- 0.019687499850988388
- 0.019375000149011612
effort:
- .nan
- .nan
---
header:
  stamp:
    sec: 1791158766
    nanosec: 562614104
  frame_id: base_link
name:
- joint_x
- joint_y
position:
- 0.019693750888109207
- 0.019687499850988388
velocity:
- 0.02031249925494194
- 0.019999999552965164
effort:
- .nan
- .nan
---
header:
  stamp:
    sec: 1791158766
    nanosec: 582593437
  frame_id: base_link
name:
- joint_x
- joint_y
position:
- 0.020081249997019768
- 0.020081249997019768
velocity:
- 0.019062500447034836
- 0.019375000149011612
effort:
- .nan
- .nan
---
header:
  stamp:
    sec: 1791158766
    nanosec: 602585275
  frame_id: base_link
name:
- joint_x
- joint_y
position:
- 0.02046249993145466
- 0.02046249993145466
velocity:
- 0.019375000149011612
- 0.019062500447034836
effort:
- .nan
- .nan
---
header:
  stamp:
    sec: 1791158766
    nanosec: 622610537
  frame_id: base_link
name:
- joint_x
- joint_y
position:
- 0.02083750069141388
- 0.02083750069141388
velocity:
- 0.01875000074505806
- 0.019062500447034836
effort:
- .nan
- .nan
---
header:
  stamp:
    sec: 1791158766
    nanosec: 642596140
  frame_id: base_link
name:
- joint_x
- joint_y
position:
- 0.02121249958872795
- 0.02121249958872795
velocity:
- 0.01875000074505806
- 0.018437499180436134
effort:
- .nan
- .nan
---
header:
  stamp:
    sec: 1791158766
    nanosec: 662582084
  frame_id: base_link
name:
- joint_x
- joint_y
position:
- 0.02160000056028366
- 0.02160000056028366
velocity:
- 0.01845238171517849
- 0.01875000074505806
effort:
- .nan
- .nan
---
header:
  stamp:
    sec: 1791158766
    nanosec: 682593097
  frame_id: base_link
name:
- joint_x
- joint_y
position:
- 0.02199375070631504
- 0.02198749966919422
velocity:
- 0.019375000149011612
- 0.019375000149011612
effort:
- .nan
- .nan
---
header:
  stamp:
    sec: 1791158766
    nanosec: 702584802
  frame_id: base_link
name:
- joint_x
- joint_y
position:
- 0.022350000217556953
- 0.022350000217556953
velocity:
- 0.018124999478459358
- 0.017812499776482582
effort:
- .nan
- .nan
---
header:
  stamp:
    sec: 1791158766
    nanosec: 722572285
  frame_id: base_link
name:
- joint_x
- joint_y
position:
- 0.022706249728798866
- 0.022706249728798866
velocity:
- 0.017812499776482582
- 0.017812499776482582
effort:
- .nan
- .nan
---
header:
  stamp:
    sec: 1791158766
    nanosec: 742578582
  frame_id: base_link
name:
- joint_x
- joint_y
position:
- 0.02305625006556511
- 0.02305625006556511
velocity:
- 0.017500000074505806
- 0.017500000074505806
effort:
- .nan
- .nan
---
header:
  stamp:
    sec: 1791158766
    nanosec: 762577185
  frame_id: base_link
name:
- joint_x
- joint_y
position:
- 0.023775000125169754
- 0.023768749088048935
velocity:
- 0.017812499776482582
- 0.017812499776482582
effort:
- .nan
- .nan
---
header:
  stamp:
    sec: 1791158766
    nanosec: 782577132
  frame_id: base_link
name:
- joint_x
- joint_y
position:
- 0.02410624921321869
- 0.02410624921321869
velocity:
- 0.01656249910593033
- 0.016875000670552254
effort:
- .nan
- .nan
---
header:
  stamp:
    sec: 1791158766
    nanosec: 802578508
  frame_id: base_link
name:
- joint_x
- joint_y
position:
- 0.024431249126791954
- 0.024431249126791954
velocity:
- 0.016249999403953552
- 0.016249999403953552
effort:
- .nan
- .nan
---
header:
  stamp:
    sec: 1791158766
    nanosec: 822588889
  frame_id: base_link
name:
- joint_x
- joint_y
position:
- 0.02475625090301037
- 0.02474999986588955
velocity:
- 0.016249999403953552
- 0.015937499701976776
effort:
- .nan
- .nan
---
header:
  stamp:
    sec: 1791158766
    nanosec: 842579264
  frame_id: base_link
name:
- joint_x
- joint_y
position:
- 0.025068750604987144
- 0.025068750604987144
velocity:
- 0.015625
- 0.015937499701976776
effort:
- .nan
- .nan
---
header:
  stamp:
    sec: 1791158766
    nanosec: 862577106
  frame_id: base_link
name:
- joint_x
- joint_y
position:
- 0.02539375051856041
- 0.02538749948143959
velocity:
- 0.016249999403953552
- 0.015937499701976776
effort:
- .nan
- .nan
---
header:
  stamp:
    sec: 1791158766
    nanosec: 882548889
  frame_id: base_link
name:
- joint_x
- joint_y
position:
- 0.025693750008940697
- 0.025687500834465027
velocity:
- 0.014999999664723873
- 0.014999999664723873
effort:
- .nan
- .nan
---
header:
  stamp:
    sec: 1791158766
    nanosec: 902577171
  frame_id: base_link
name:
- joint_x
- joint_y
position:
- 0.025981249287724495
- 0.025981249287724495
velocity:
- 0.014375000260770321
- 0.014687499962747097
effort:
- .nan
- .nan
---
header:
  stamp:
    sec: 1791158766
    nanosec: 922574269
  frame_id: base_link
name:
- joint_x
- joint_y
position:
- 0.026268750429153442
- 0.026268750429153442
velocity:
- 0.014375000260770321
- 0.014375000260770321
effort:
- .nan
- .nan
---
header:
  stamp:
    sec: 1791158766
    nanosec: 942577131
  frame_id: base_link
name:
- joint_x
- joint_y
position:
- 0.0268312506377697
- 0.02682499960064888
velocity:
- 0.013749999925494194
- 0.01406249962747097
effort:
- .nan
- .nan
---
header:
  stamp:
    sec: 1791158766
    nanosec: 962572047
  frame_id: base_link
name:
- joint_x
- joint_y
position:
- 0.02708750031888485
- 0.02708750031888485
velocity:
- 0.013124999590218067
- 0.013124999590218067
effort:
- .nan
- .nan
---
header:
  stamp:
    sec: 1791158766
    nanosec: 982603913
  frame_id: base_link
name:
- joint_x
- joint_y
position:
- 0.02733750082552433
- 0.02733750082552433
velocity:
- 0.012500000186264515
- 0.012500000186264515
effort:
- .nan
- .nan
---
header:
  stamp:
    sec: 1791158767
    nanosec: 2578324
  frame_id: base_link
name:
- joint_x
- joint_y
position:
- 0.02758125029504299
- 0.02758125029504299
velocity:
- 0.012187499552965164
- 0.011874999850988388
effort:
- .nan
- .nan
---
header:
  stamp:
    sec: 1791158767
    nanosec: 22578820
  frame_id: base_link
name:
- joint_x
- joint_y
position:
- 0.027824999764561653
- 0.027824999764561653
velocity:
- 0.011607143096625805
- 0.011904762126505375
effort:
- .nan
- .nan
---
header:
  stamp:
    sec: 1791158767
    nanosec: 42574545
  frame_id: base_link
name:
- joint_x
- joint_y
position:
- 0.028062500059604645
- 0.028056250885128975
velocity:
- 0.011874999850988388
- 0.011562500149011612
effort:
- .nan
- .nan
---
header:
  stamp:
    sec: 1791158767
    nanosec: 62572242
  frame_id: base_link
name:
- joint_x
- joint_y
position:
- 0.02827499993145466
- 0.02827499993145466
velocity:
- 0.010625000111758709
- 0.010937499813735485
effort:
- .nan
- .nan
---
header:
  stamp:
    sec: 1791158767
    nanosec: 82571267
  frame_id: base_link
name:
- joint_x
- joint_y
position:
- 0.028474999591708183
- 0.028474999591708183
velocity:
- 0.009999999776482582
- 0.009999999776482582
effort:
- .nan
- .nan
---
header:
  stamp:
    sec: 1791158767
    nanosec: 102602328
  frame_id: base_link
name:
- joint_x
- joint_y
position:
- 0.028668750077486038
- 0.028668750077486038
velocity:
- 0.009687500074505806
- 0.009687500074505806
effort:
- .nan
- .nan
---
header:
  stamp:
    sec: 1791158767
    nanosec: 122588666
  frame_id: base_link
name:
- joint_x
- joint_y
position:
- 0.028862500563263893
- 0.028862500563263893
velocity:
- 0.009226190857589245
- 0.009226190857589245
effort:
- .nan
- .nan
---
header:
  stamp:
    sec: 1791158767
    nanosec: 142588055
  frame_id: base_link
name:
- joint_x
- joint_y
position:
- 0.029200000688433647
- 0.029193749651312828
velocity:
- 0.0078125
- 0.0078125
effort:
- .nan
- .nan
---
header:
  stamp:
    sec: 1791158767
    nanosec: 162582173
  frame_id: base_link
name:
- joint_x
- joint_y
position:
- 0.029343750327825546
- 0.029343750327825546
velocity:
- 0.007499999832361937
- 0.007499999832361937
effort:
- .nan
- .nan
---
header:
  stamp:
    sec: 1791158767
    nanosec: 182569155
  frame_id: base_link
name:
- joint_x
- joint_y
position:
- 0.029481250792741776
- 0.029481250792741776
velocity:
- 0.006874999962747097
- 0.006562499795109034
effort:
- .nan
- .nan
---
header:
  stamp:
    sec: 1791158767
    nanosec: 202573088
  frame_id: base_link
name:
- joint_x
- joint_y
position:
- 0.029612500220537186
- 0.029612500220537186
velocity:
- 0.0062500000931322575
- 0.0065476191230118275
effort:
- .nan
- .nan
---
header:
  stamp:
    sec: 1791158767
    nanosec: 222574857
  frame_id: base_link
name:
- joint_x
- joint_y
position:
- 0.029731249436736107
- 0.029731249436736107
velocity:
- 0.005937499925494194
- 0.005625000223517418
effort:
- .nan
- .nan
---
header:
  stamp:
    sec: 1791158767
    nanosec: 242575054
  frame_id: base_link
name:
- joint_x
- joint_y
position:
- 0.0298250000923872
- 0.0298250000923872
velocity:
- 0.004687500186264515
- 0.004999999888241291
effort:
- .nan
- .nan
---
header:
  stamp:
    sec: 1791158767
    nanosec: 262578350
  frame_id: base_link
name:
- joint_x
- joint_y
position:
- 0.029912499710917473
- 0.029912499710917473
velocity:
- 0.0043750000186264515
- 0.0043750000186264515
effort:
- .nan
- .nan
---
header:
  stamp:
    sec: 1791158767
    nanosec: 282685000
  frame_id: base_link
name:
- joint_x
- joint_y
position:
- 0.029987499117851257
- 0.029987499117851257
velocity:
- 0.0037499999161809683
- 0.0037499999161809683
effort:
- .nan
- .nan
---
header:
  stamp:
    sec: 1791158767
    nanosec: 302567863
  frame_id: base_link
name:
- joint_x
- joint_y
position:
- 0.030050000175833702
- 0.030050000175833702
velocity:
- 0.0031250000465661287
- 0.0031250000465661287
effort:
- .nan
- .nan
---
header:
  stamp:
    sec: 1791158767
    nanosec: 322584307
  frame_id: base_link
name:
- joint_x
- joint_y
position:
- 0.030131250619888306
- 0.030131250619888306
velocity:
- 0.0015625000232830644
- 0.0015625000232830644
effort:
- .nan
- .nan
---
header:
  stamp:
    sec: 1791158767
    nanosec: 342580975
  frame_id: base_link
name:
- joint_x
- joint_y
position:
- 0.030150000005960464
- 0.030150000005960464
velocity:
- 0.0009374999790452421
- 0.0009374999790452421
effort:
- .nan
- .nan
---
header:
  stamp:
    sec: 1791158767
    nanosec: 362571639
  frame_id: base_link
name:
- joint_x
- joint_y
position:
- 0.030150000005960464
- 0.030150000005960464
velocity:
- 0.0
- 0.0
effort:
- .nan
- .nan
---
header:
  stamp:
    sec: 1791158767
    nanosec: 382575723
  frame_id: base_link
name:
- joint_x
- joint_y
position:
- 0.030150000005960464
- 0.030150000005960464
velocity:
- 0.0
- 0.0
effort:
- .nan
- .nan
---
header:
  stamp:
    sec: 1791158767
    nanosec: 402585660
  frame_id: base_link
name:
- joint_x
- joint_y
position:
- 0.030124999582767487
- 0.030124999582767487
velocity:
- -0.0012499999720603228
- -0.0012499999720603228
effort:
- .nan
- .nan
---
header:
  stamp:
    sec: 1791158767
    nanosec: 422575499
  frame_id: base_link
name:
- joint_x
- joint_y
position:
- 0.03008124977350235
- 0.03008124977350235
velocity:
- -0.0021875000093132257
- -0.0021875000093132257
effort:
- .nan
- .nan
---
header:
  stamp:
    sec: 1791158767
    nanosec: 442551116
  frame_id: base_link
name:
- joint_x
- joint_y
position:
- 0.030024999752640724
- 0.030024999752640724
velocity:
- -0.002812500111758709
- -0.002812500111758709
effort:
- .nan
- .nan
---
header:
  stamp:
    sec: 1791158767
    nanosec: 462572203
  frame_id: base_link
name:
- joint_x
- joint_y
position:
- 0.02996250055730343
- 0.02996250055730343
velocity:
- -0.0031250000465661287
- -0.0031250000465661287
effort:
- .nan
- .nan
---
header:
  stamp:
    sec: 1791158767
    nanosec: 482571651
  frame_id: base_link
name:
- joint_x
- joint_y
position:
- 0.029874999076128006
- 0.029874999076128006
velocity:
- -0.004166666883975267
- -0.004166666883975267
effort:
- .nan
- .nan
---
header:
  stamp:
    sec: 1791158767
    nanosec: 502571390
  frame_id: base_link
name:
- joint_x
- joint_y
position:
- 0.029774999246001244
- 0.029774999246001244
velocity:
- -0.004999999888241291
- -0.004999999888241291
effort:
- .nan
- .nan
---
header:
  stamp:
    sec: 1791158767
    nanosec: 522596809
  frame_id: base_link
name:
- joint_x
- joint_y
position:
- 0.02954374998807907
- 0.02954374998807907
velocity:
- -0.0062500000931322575
- -0.0062500000931322575
effort:
- .nan
- .nan
---
header:
  stamp:
    sec: 1791158767
    nanosec: 542572993
  frame_id: base_link
name:
- joint_x
- joint_y
position:
- 0.02941250056028366
- 0.02941250056028366
velocity:
- -0.006562499795109034
- -0.006562499795109034
effort:
- .nan
- .nan
---
header:
  stamp:
    sec: 1791158767
    nanosec: 562575088
  frame_id: base_link
name:
- joint_x
- joint_y
position:
- 0.029262499883770943
- 0.029256250709295273
velocity:
- -0.007499999832361937
- -0.007499999832361937
effort:
- .nan
- .nan
---
header:
  stamp:
    sec: 1791158767
    nanosec: 582557776
  frame_id: base_link
name:
- joint_x
- joint_y
position:
- 0.029106250032782555
- 0.029100000858306885
velocity:
- -0.0078125
- -0.0078125
effort:
- .nan
- .nan
---
header:
  stamp:
    sec: 1791158767
    nanosec: 602576499
  frame_id: base_link
name:
- joint_x
- joint_y
position:
- 0.028937499970197678
- 0.028937499970197678
velocity:
- -0.008437500335276127
- -0.008437500335276127
effort:
- .nan
- .nan
---
header:
  stamp:
    sec: 1791158767
    nanosec: 622571787
  frame_id: base_link
name:
- joint_x
- joint_y
position:
- 0.02875624969601631
- 0.02875624969601631
velocity:
- -0.009062499739229679
- -0.009062499739229679
effort:
- .nan
- .nan
---
header:
  stamp:
    sec: 1791158767
    nanosec: 642568870
  frame_id: base_link
name:
- joint_x
- joint_y
position:
- 0.028568750247359276
- 0.028568750247359276
velocity:
- -0.00937500037252903
- -0.00937500037252903
effort:
- .nan
- .nan
---
header:
  stamp:
    sec: 1791158767
    nanosec: 662569877
  frame_id: base_link
name:
- joint_x
- joint_y
position:
- 0.028356250375509262
- 0.028362499549984932
velocity:
- -0.010119047947227955
- -0.009821428917348385
effort:
- .nan
- .nan
---
header:
  stamp:
    sec: 1791158767
    nanosec: 682588240
  frame_id: base_link
name:
- joint_x
- joint_y
position:
- 0.02813749946653843
- 0.02813749946653843
velocity:
- -0.010937499813735485
- -0.011250000447034836
effort:
- .nan
- .nan
---
header:
  stamp:
    sec: 1791158767
    nanosec: 702585142
  frame_id: base_link
name:
- joint_x
- joint_y
position:
- 0.027687499299645424
- 0.027687499299645424
velocity:
- -0.011562500149011612
- -0.011562500149011612
effort:
- .nan
- .nan
---
header:
  stamp:
    sec: 1791158767
    nanosec: 722557327
  frame_id: base_link
name:
- joint_x
- joint_y
position:
- 0.02745000086724758
- 0.02745000086724758
velocity:
- -0.011874999850988388
- -0.011874999850988388
effort:
- .nan
- .nan
---
header:
  stamp:
    sec: 1791158767
    nanosec: 742570838
  frame_id: base_link
name:
- joint_x
- joint_y
position:
- 0.027181249111890793
- 0.027181249111890793
velocity:
- -0.013124999590218067
- -0.013437500223517418
effort:
- .nan
- .nan
---
header:
  stamp:
    sec: 1791158767
    nanosec: 762576168
  frame_id: base_link
name:
- joint_x
- joint_y
position:
- 0.026924999430775642
- 0.026924999430775642
velocity:
- -0.013124999590218067
- -0.012812499888241291
effort:
- .nan
- .nan
---
header:
  stamp:
    sec: 1791158767
    nanosec: 782570588
  frame_id: base_link
name:
- joint_x
- joint_y
position:
- 0.026662500575184822
- 0.026662500575184822
velocity:
- -0.013124999590218067
- -0.013124999590218067
effort:
- .nan
- .nan
---
header:
  stamp:
    sec: 1791158767
    nanosec: 802573673
  frame_id: base_link
name:
- joint_x
- joint_y
position:
- 0.026381250470876694
- 0.026387499645352364
velocity:
- -0.01406249962747097
- -0.013749999925494194
effort:
- .nan
- .nan
---
header:
  stamp:
    sec: 1791158767
    nanosec: 822574712
  frame_id: base_link
name:
- joint_x
- joint_y
position:
- 0.026100000366568565
- 0.026106249541044235
velocity:
- -0.01406249962747097
- -0.01406249962747097
effort:
- .nan
- .nan
---
header:
  stamp:
    sec: 1791158767
    nanosec: 842579468
  frame_id: base_link
name:
- joint_x
- joint_y
position:
- 0.025812499225139618
- 0.025812499225139618
velocity:
- -0.014375000260770321
- -0.014687499962747097
effort:
- .nan
- .nan
---
header:
  stamp:
    sec: 1791158767
    nanosec: 862556490
  frame_id: base_link
name:
- joint_x
- joint_y
position:
- 0.025493750348687172
- 0.025499999523162842
velocity:
- -0.015625
- -0.015625
effort:
- .nan
- .nan
---
header:
  stamp:
    sec: 1791158767
    nanosec: 882574673
  frame_id: base_link
name:
- joint_x
- joint_y
position:
- 0.02488124929368496
- 0.02488750033080578
velocity:
- -0.015625
- -0.015312500298023224
effort:
- .nan
- .nan
---
header:
  stamp:
    sec: 1791158767
    nanosec: 902564775
  frame_id: base_link
name:
- joint_x
- joint_y
position:
- 0.024562500417232513
- 0.024562500417232513
velocity:
- -0.015937499701976776
- -0.016249999403953552
effort:
- .nan
- .nan
---
header:
  stamp:
    sec: 1791158767
    nanosec: 922586724
  frame_id: base_link
name:
- joint_x
- joint_y
position:
- 0.02421874925494194
- 0.02421874925494194
velocity:
- -0.01718750037252903
- -0.016875000670552254
effort:
- .nan
- .nan
---
header:
  stamp:
    sec: 1791158767
    nanosec: 942543617
  frame_id: base_link
name:
- joint_x
- joint_y
position:
- 0.023887500166893005
- 0.023887500166893005
velocity:
- -0.01656249910593033
- -0.01656249910593033
effort:
- .nan
- .nan
---
header:
  stamp:
    sec: 1791158767
    nanosec: 962541451
  frame_id: base_link
name:
- joint_x
- joint_y
position:
- 0.02355000004172325
- 0.02355000004172325
velocity:
- -0.016875000670552254
- -0.01718750037252903
effort:
- .nan
- .nan
---
header:
  stamp:
    sec: 1791158767
    nanosec: 982551451
  frame_id: base_link
name:
- joint_x
- joint_y
position:
- 0.023206250742077827
- 0.023206250742077827
velocity:
- -0.01718750037252903
- -0.01718750037252903
effort:
- .nan
- .nan
---
header:
  stamp:
    sec: 1791158768
    nanosec: 2575069
  frame_id: base_link
name:
- joint_x
- joint_y
position:
- 0.022856250405311584
- 0.022856250405311584
velocity:
- -0.017500000074505806
- -0.01718750037252903
effort:
- .nan
- .nan
---
header:
  stamp:
    sec: 1791158768
    nanosec: 22593922
  frame_id: base_link
name:
- joint_x
- joint_y
position:
- 0.022481249645352364
- 0.022487500682473183
velocity:
- -0.01785714365541935
- -0.01785714365541935
effort:
- .nan
- .nan
---
header:
  stamp:
    sec: 1791158768
    nanosec: 42568106
  frame_id: base_link
name:
- joint_x
- joint_y
position:
- 0.022099999710917473
- 0.022106250748038292
velocity:
- -0.01875000074505806
- -0.019062500447034836
effort:
- .nan
- .nan
---
header:
  stamp:
    sec: 1791158768
    nanosec: 62590660
  frame_id: base_link
name:
- joint_x
- joint_y
position:
- 0.02173749916255474
- 0.02173749916255474
velocity:
- -0.018124999478459358
- -0.018124999478459358
effort:
- .nan
- .nan
---
header:
  stamp:
    sec: 1791158768
    nanosec: 82582911
  frame_id: base_link
name:
- joint_x
- joint_y
position:
- 0.021006250753998756
- 0.021006250753998756
velocity:
- -0.018437499180436134
- -0.018437499180436134
effort:
- .nan
- .nan
---
header:
  stamp:
    sec: 1791158768
    nanosec: 102579443
  frame_id: base_link
name:
- joint_x
- joint_y
position:
- 0.020606249570846558
- 0.020606249570846558
velocity:
- -0.019687499850988388
- -0.019999999552965164
effort:
- .nan
- .nan
---
header:
  stamp:
    sec: 1791158768
    nanosec: 122582187
  frame_id: base_link
name:
- joint_x
- joint_y
position:
- 0.020224999636411667
- 0.020231250673532486
velocity:
- -0.019375000149011612
- -0.01875000074505806
effort:
- .nan
- .nan
---
header:
  stamp:
    sec: 1791158768
    nanosec: 142581201
  frame_id: base_link
name:
- joint_x
- joint_y
position:
- 0.019843749701976776
- 0.019843749701976776
velocity:
- -0.019062500447034836
- -0.019375000149011612
effort:
- .nan
- .nan
---
header:
  stamp:
    sec: 1791158768
    nanosec: 162581208
  frame_id: base_link
name:
- joint_x
- joint_y
position:
- 0.019456250593066216
- 0.019456250593066216
velocity:
- -0.019375000149011612
- -0.019375000149011612
effort:
- .nan
- .nan
---
header:
  stamp:
    sec: 1791158768
    nanosec: 182602306
  frame_id: base_link
name:
- joint_x
- joint_y
position:
- 0.019062500447034836
- 0.019062500447034836
velocity:
- -0.019687499850988388
- -0.019687499850988388
effort:
- .nan
- .nan
---
header:
  stamp:
    sec: 1791158768
    nanosec: 202576249
  frame_id: base_link
name:
- joint_x
- joint_y
position:
- 0.018650000914931297
- 0.018656250089406967
velocity:
- -0.01964285783469677
- -0.0193452388048172
effort:
- .nan
- .nan
---
header:
  stamp:
    sec: 1791158768
    nanosec: 222582342
  frame_id: base_link
name:
- joint_x
- joint_y
position:
- 0.01823749952018261
- 0.01823749952018261
velocity:
- -0.020625000819563866
- -0.020937500521540642
effort:
- .nan
- .nan
---
header:
  stamp:
    sec: 1791158768
    nanosec: 242594849
  frame_id: base_link
name:
- joint_x
- joint_y
position:
- 0.01783750019967556
- 0.01783750019967556
velocity:
- -0.019687499850988388
- -0.019999999552965164
effort:
- .nan
- .nan
---
header:
  stamp:
    sec: 1791158768
    nanosec: 262605993
  frame_id: base_link
name:
- joint_x
- joint_y
position:
- 0.0170499999076128
- 0.0170499999076128
velocity:
- -0.019687499850988388
- -0.019687499850988388
effort:
- .nan
- .nan
---
header:
  stamp:
    sec: 1791158768
    nanosec: 282575274
  frame_id: base_link
name:
- joint_x
- joint_y
position:
- 0.016625000163912773
- 0.016625000163912773
velocity:
- -0.02023809589445591
- -0.02023809589445591
effort:
- .nan
- .nan
---
header:
  stamp:
    sec: 1791158768
    nanosec: 302596436
  frame_id: base_link
name:
- joint_x
- joint_y
position:
- 0.016200000420212746
- 0.016206249594688416
velocity:
- -0.021250000223517418
- -0.020937500521540642
effort:
- .nan
- .nan
---
header:
  stamp:
    sec: 1791158768
    nanosec: 322571021
  frame_id: base_link
name:
- joint_x
- joint_y
position:
- 0.015799999237060547
- 0.015799999237060547
velocity:
- -0.019999999552965164
- -0.02031249925494194
effort:
- .nan
- .nan
---
header:
  stamp:
    sec: 1791158768
    nanosec: 342531900
  frame_id: base_link
name:
- joint_x
- joint_y
position:
- 0.015393749810755253
- 0.015393749810755253
velocity:
- -0.02031249925494194
- -0.02031249925494194
effort:
- .nan
- .nan
---
header:
  stamp:
    sec: 1791158768
    nanosec: 362576016
  frame_id: base_link
name:
- joint_x
- joint_y
position:
- 0.014993749558925629
- 0.014987500384449959
velocity:
- -0.019999999552965164
- -0.019999999552965164
effort:
- .nan
- .nan
---
header:
  stamp:
    sec: 1791158768
    nanosec: 382552393
  frame_id: base_link
name:
- joint_x
- joint_y
position:
- 0.014587500132620335
- 0.014587500132620335
velocity:
- -0.02031249925494194
- -0.02031249925494194
effort:
- .nan
- .nan
---
header:
  stamp:
    sec: 1791158768
    nanosec: 402564355
  frame_id: base_link
name:
- joint_x
- joint_y
position:
- 0.014156250283122063
- 0.014162500388920307
velocity:
- -0.02053571492433548
- -0.02023809589445591
effort:
- .nan
- .nan
---
header:
  stamp:
    sec: 1791158768
    nanosec: 422581840
  frame_id: base_link
name:
- joint_x
- joint_y
position:
- 0.01373124960809946
- 0.01373124960809946
velocity:
- -0.021250000223517418
- -0.021250000223517418
effort:
- .nan
- .nan
---
header:
  stamp:
    sec: 1791158768
    nanosec: 442549954
  frame_id: base_link
name:
- joint_x
- joint_y
position:
- 0.013325000181794167
- 0.013325000181794167
velocity:
- -0.019999999552965164
- -0.02031249925494194
effort:
- .nan
- .nan
---
header:
  stamp:
    sec: 1791158768
    nanosec: 462581687
  frame_id: base_link
name:
- joint_x
- joint_y
position:
- 0.012531249783933163
- 0.012537499889731407
velocity:
- -0.019999999552965164
- -0.019687499850988388
effort:
- .nan
- .nan
---
header:
  stamp:
    sec: 1791158768
    nanosec: 482581124
  frame_id: base_link
name:
- joint_x
- joint_y
position:
- 0.01211250014603138
- 0.01211250014603138
velocity:
- -0.020937500521540642
- -0.021250000223517418
effort:
- .nan
- .nan
---
header:
  stamp:
    sec: 1791158768
    nanosec: 502567822
  frame_id: base_link
name:
- joint_x
- joint_y
position:
- 0.011712499894201756
- 0.011712499894201756
velocity:
- -0.019687499850988388
- -0.019999999552965164
effort:
- .nan
- .nan
---
header:
  stamp:
    sec: 1791158768
    nanosec: 522564723
  frame_id: base_link
name:
- joint_x
- joint_y
position:
- 0.011318749748170376
- 0.011318749748170376
velocity:
- -0.019687499850988388
- -0.019687499850988388
effort:
- .nan
- .nan
---
header:
  stamp:
    sec: 1791158768
    nanosec: 542585648
  frame_id: base_link
name:
- joint_x
- joint_y
position:
- 0.010924999602138996
- 0.010924999602138996
velocity:
- -0.019687499850988388
- -0.019687499850988388
effort:
- .nan
- .nan
---
header:
  stamp:
    sec: 1791158768
    nanosec: 562568159
  frame_id: base_link
name:
- joint_x
- joint_y
position:
- 0.010537499561905861
- 0.010537499561905861
velocity:
- -0.019375000149011612
- -0.019375000149011612
effort:
- .nan
- .nan
---
header:
  stamp:
    sec: 1791158768
    nanosec: 582575269
  frame_id: base_link
name:
- joint_x
- joint_y
position:
- 0.010131250135600567
- 0.010131250135600567
velocity:
- -0.01964285783469677
- -0.0193452388048172
effort:
- .nan
- .nan
---
header:
  stamp:
    sec: 1791158768
    nanosec: 602591556
  frame_id: base_link
name:
- joint_x
- joint_y
position:
- 0.009724999777972698
- 0.009724999777972698
velocity:
- -0.019999999552965164
- -0.019999999552965164
effort:
- .nan
- .nan
---
header:
  stamp:
    sec: 1791158768
    nanosec: 622568906
  frame_id: base_link
name:
- joint_x
- joint_y
position:
- 0.009349999949336052
- 0.009349999949336052
velocity:
- -0.019062500447034836
- -0.019062500447034836
effort:
- .nan
- .nan
---
header:
  stamp:
    sec: 1791158768
    nanosec: 642574132
  frame_id: base_link
name:
- joint_x
- joint_y
position:
- 0.008606250397861004
- 0.008606250397861004
velocity:
- -0.018437499180436134
- -0.018437499180436134
effort:
- .nan
- .nan
---
header:
  stamp:
    sec: 1791158768
    nanosec: 662583372
  frame_id: base_link
name:
- joint_x
- joint_y
position:
- 0.008218750357627869
- 0.008218750357627869
velocity:
- -0.019375000149011612
- -0.019375000149011612
effort:
- .nan
- .nan
---
header:
  stamp:
    sec: 1791158768
    nanosec: 682569765
  frame_id: base_link
name:
- joint_x
- joint_y
position:
- 0.007849999703466892
- 0.007856249809265137
velocity:
- -0.018437499180436134
- -0.018124999478459358
effort:
- .nan
- .nan
---
header:
  stamp:
    sec: 1791158768
    nanosec: 702569012
  frame_id: base_link
name:
- joint_x
- joint_y
position:
- 0.007493750192224979
- 0.007493750192224979
velocity:
- -0.017812499776482582
- -0.018124999478459358
effort:
- .nan
- .nan
---
header:
  stamp:
    sec: 1791158768
    nanosec: 722600983
  frame_id: base_link
name:
- joint_x
- joint_y
position:
- 0.007143749855458736
- 0.007143749855458736
velocity:
- -0.017500000074505806
- -0.017500000074505806
effort:
- .nan
- .nan
---
header:
  stamp:
    sec: 1791158768
    nanosec: 742548212
  frame_id: base_link
name:
- joint_x
- joint_y
position:
- 0.006793749984353781
- 0.006793749984353781
velocity:
- -0.017500000074505806
- -0.017500000074505806
effort:
- .nan
- .nan
---
header:
  stamp:
    sec: 1791158768
    nanosec: 762538326
  frame_id: base_link
name:
- joint_x
- joint_y
position:
- 0.0064500002190470695
- 0.0064500002190470695
velocity:
- -0.01718750037252903
- -0.01718750037252903
effort:
- .nan
- .nan
---
header:
  stamp:
    sec: 1791158768
    nanosec: 782565237
  frame_id: base_link
name:
- joint_x
- joint_y
position:
- 0.006093749776482582
- 0.006093749776482582
velocity:
- -0.017812499776482582
- -0.017812499776482582
effort:
- .nan
- .nan
---
header:
  stamp:
    sec: 1791158768
    nanosec: 802543536
  frame_id: base_link
name:
- joint_x
- joint_y
position:
- 0.00576250022277236
- 0.005768749862909317
velocity:
- -0.01656249910593033
- -0.016249999403953552
effort:
- .nan
- .nan
---
header:
  stamp:
    sec: 1791158768
    nanosec: 822544472
  frame_id: base_link
name:
- joint_x
- joint_y
position:
- 0.005125000141561031
- 0.005125000141561031
velocity:
- -0.015937499701976776
- -0.015937499701976776
effort:
- .nan
- .nan
---
header:
  stamp:
    sec: 1791158768
    nanosec: 842542031
  frame_id: base_link
name:
- joint_x
- joint_y
position:
- 0.004793750122189522
- 0.004793750122189522
velocity:
- -0.016249999403953552
- -0.01656249910593033
effort:
- .nan
- .nan
---
header:
  stamp:
    sec: 1791158768
    nanosec: 862536390
  frame_id: base_link
name:
- joint_x
- joint_y
position:
- 0.004493750166147947
- 0.004493750166147947
velocity:
- -0.015312500298023224
- -0.014999999664723873
effort:
- .nan
- .nan
---
header:
  stamp:
    sec: 1791158768
    nanosec: 882540943
  frame_id: base_link
name:
- joint_x
- joint_y
position:
- 0.004193750210106373
- 0.004193750210106373
velocity:
- -0.014687499962747097
- -0.014687499962747097
effort:
- .nan
- .nan
---
header:
  stamp:
    sec: 1791158768
    nanosec: 902548593
  frame_id: base_link
name:
- joint_x
- joint_y
position:
- 0.00390625
- 0.00390625
velocity:
- -0.014687499962747097
- -0.014375000260770321
effort:
- .nan
- .nan
---
header:
  stamp:
    sec: 1791158768
    nanosec: 922536733
  frame_id: base_link
name:
- joint_x
- joint_y
position:
- 0.0036249998956918716
- 0.0036249998956918716
velocity:
- -0.01406249962747097
- -0.01406249962747097
effort:
- .nan
- .nan
---
header:
  stamp:
    sec: 1791158768
    nanosec: 942541337
  frame_id: base_link
name:
- joint_x
- joint_y
position:
- 0.0033374999184161425
- 0.0033374999184161425
velocity:
- -0.013690476305782795
- -0.013988095335662365
effort:
- .nan
- .nan
---
header:
  stamp:
    sec: 1791158768
    nanosec: 962551381
  frame_id: base_link
name:
- joint_x
- joint_y
position:
- 0.0030562500469386578
- 0.0030562500469386578
velocity:
- -0.01406249962747097
- -0.01406249962747097
effort:
- .nan
- .nan
---
header:
  stamp:
    sec: 1791158768
    nanosec: 982543851
  frame_id: base_link
name:
- joint_x
- joint_y
position:
- 0.00279999990016222
- 0.00279999990016222
velocity:
- -0.012812499888241291
- -0.012812499888241291
effort:
- .nan
- .nan
---
header:
  stamp:
    sec: 1791158769
    nanosec: 2542888
  frame_id: base_link
name:
- joint_x
- joint_y
position:
- 0.0025500000920146704
- 0.002556249964982271
velocity:
- -0.012500000186264515
- -0.012187499552965164
effort:
- .nan
- .nan
---
header:
  stamp:
    sec: 1791158769
    nanosec: 22571113
  frame_id: base_link
name:
- joint_x
- joint_y
position:
- 0.0020749999675899744
- 0.0020749999675899744
velocity:
- -0.011874999850988388
- -0.011874999850988388
effort:
- .nan
- .nan
---
header:
  stamp:
    sec: 1791158769
    nanosec: 42550596
  frame_id: base_link
name:
- joint_x
- joint_y
position:
- 0.0018562499899417162
- 0.0018562499899417162
velocity:
- -0.010937499813735485
- -0.010937499813735485
effort:
- .nan
- .nan
---
header:
  stamp:
    sec: 1791158769
    nanosec: 62548698
  frame_id: base_link
name:
- joint_x
- joint_y
position:
- 0.0016437500016763806
- 0.0016499999910593033
velocity:
- -0.010312500409781933
- -0.010312500409781933
effort:
- .nan
- .nan
---
header:
  stamp:
    sec: 1791158769
    nanosec: 82555951
  frame_id: base_link
name:
- joint_x
- joint_y
position:
- 0.001449999981559813
- 0.001449999981559813
velocity:
- -0.009999999776482582
- -0.009999999776482582
effort:
- .nan
- .nan
---
header:
  stamp:
    sec: 1791158769
    nanosec: 102541399
  frame_id: base_link
name:
- joint_x
- joint_y
position:
- 0.001262499950826168
- 0.001262499950826168
velocity:
- -0.00937500037252903
- -0.00937500037252903
effort:
- .nan
- .nan
---
header:
  stamp:
    sec: 1791158769
    nanosec: 122549888
  frame_id: base_link
name:
- joint_x
- joint_y
position:
- 0.001075000036507845
- 0.001075000036507845
velocity:
- -0.008928571827709675
- -0.008928571827709675
effort:
- .nan
- .nan
---
header:
  stamp:
    sec: 1791158769
    nanosec: 142586916
  frame_id: base_link
name:
- joint_x
- joint_y
position:
- 0.0008937499951571226
- 0.0008999999845400453
velocity:
- -0.008750000037252903
- -0.008750000037252903
effort:
- .nan
- .nan
---
header:
  stamp:
    sec: 1791158769
    nanosec: 162578925
  frame_id: base_link
name:
- joint_x
- joint_y
position:
- 0.0007437500171363354
- 0.0007437500171363354
velocity:
- -0.0078125
- -0.0078125
effort:
- .nan
- .nan
---
header:
  stamp:
    sec: 1791158769
    nanosec: 182573481
  frame_id: base_link
name:
- joint_x
- joint_y
position:
- 0.0006000000284984708
- 0.0006000000284984708
velocity:
- -0.0071875001303851604
- -0.0071875001303851604
effort:
- .nan
- .nan
---
header:
  stamp:
    sec: 1791158769
    nanosec: 202583652
  frame_id: base_link
name:
- joint_x
- joint_y
position:
- 0.00046874998952262104
- 0.00046874998952262104
velocity:
- -0.006562499795109034
- -0.006562499795109034
effort:
- .nan
- .nan
---
header:
  stamp:
    sec: 1791158769
    nanosec: 222582305
  frame_id: base_link
name:
- joint_x
- joint_y
position:
- 0.00023750000400468707
- 0.00023750000400468707
velocity:
- -0.0053125000558793545
- -0.0053125000558793545
effort:
- .nan
- .nan
---
header:
  stamp:
    sec: 1791158769
    nanosec: 242574008
  frame_id: base_link
name:
- joint_x
- joint_y
position:
- 0.00014375000318977982
- 0.00014375000318977982
velocity:
- -0.004687500186264515
- -0.004687500186264515
effort:
- .nan
- .nan
---
header:
  stamp:
    sec: 1791158769
    nanosec: 262601232
  frame_id: base_link
name:
- joint_x
- joint_y
position:
- 6.25000029685907e-05
- 6.25000029685907e-05
velocity:
- -0.004062499850988388
- -0.004062499850988388
effort:
- .nan
- .nan
---
header:
  stamp:
    sec: 1791158769
    nanosec: 282564677
  frame_id: base_link
name:
- joint_x
- joint_y
position:
- -1.249999968422344e-05
- -6.24999984211172e-06
velocity:
- -0.0034374999813735485
- -0.0034374999813735485
effort:
- .nan
- .nan
---
header:
  stamp:
    sec: 1791158769
    nanosec: 302556350
  frame_id: base_link
name:
- joint_x
- joint_y
position:
- -6.874999962747097e-05
- -6.874999962747097e-05
velocity:
- -0.0029761905316263437
- -0.0029761905316263437
effort:
- .nan
- .nan
---
header:
  stamp:
    sec: 1791158769
    nanosec: 322588005
  frame_id: base_link
name:
- joint_x
- joint_y
position:
- -0.00011249999806750566
- -0.00011249999806750566
velocity:
- -0.0021875000093132257
- -0.0021875000093132257
effort:
- .nan
- .nan
---
header:
  stamp:
    sec: 1791158769
    nanosec: 342558955
  frame_id: base_link
name:
- joint_x
- joint_y
position:
- -0.00013749999925494194
- -0.00013749999925494194
velocity:
- -0.0012499999720603228
- -0.0012499999720603228
effort:
- .nan
- .nan
---
header:
  stamp:
    sec: 1791158769
    nanosec: 362553566
  frame_id: base_link
name:
- joint_x
- joint_y
position:
- -0.0001500000071246177
- -0.0001500000071246177
velocity:
- -0.0006249999860301614
- -0.0006249999860301614
effort:
- .nan
- .nan
---
header:
  stamp:
    sec: 1791158769
    nanosec: 382606601
  frame_id: base_link
name:
- joint_x
- joint_y
position:
- -0.00014375000318977982
- -0.0001500000071246177
velocity:
- 0.0003124999930150807
- 0.0
effort:
- .nan
- .nan
---
header:
  stamp:
    sec: 1791158769
    nanosec: 402557791
  frame_id: base_link
name:
- joint_x
- joint_y
position:
- -8.749999688006938e-05
- -8.749999688006938e-05
velocity:
- 0.0018749999580904841
- 0.0018749999580904841
effort:
- .nan
- .nan
---
header:
  stamp:
    sec: 1791158769
    nanosec: 422550267
  frame_id: base_link
name:
- joint_x
- joint_y
position:
- -6.25000029685907e-05
- -6.25000029685907e-05
velocity:
- 0.0015625000232830644
- 0.0015625000232830644
effort:
- .nan
- .nan
---
header:
  stamp:
    sec: 1791158769
    nanosec: 442566288
  frame_id: base_link
name:
- joint_x
- joint_y
position:
- 0.0
- 0.0
velocity:
- 0.0031250000465661287
- 0.0031250000465661287
effort:
- .nan
- .nan
---
header:
  stamp:
    sec: 1791158769
    nanosec: 462579034
  frame_id: base_link
name:
- joint_x
- joint_y
position:
- 0.0
- 0.0
velocity:
- 0.0
- 0.0
effort:
- .nan
- .nan
---
header:
  stamp:
    sec: 1791158769
    nanosec: 482576151
  frame_id: base_link
name:
- joint_x
- joint_y
position:
- 0.0
- 0.0
velocity:
- 0.0
- 0.0
effort:
- .nan
- .nan
---
header:
  stamp:
    sec: 1791158769
    nanosec: 502576637
  frame_id: base_link
name:
- joint_x
- joint_y
position:
- 0.0
- 0.0
velocity:
- 0.0
- 0.0
effort:
- .nan
- .nan
---
header:
  stamp:
    sec: 1791158769
    nanosec: 522585387
  frame_id: base_link
name:
- joint_x
- joint_y
position:
- 0.0
- 0.0
velocity:
- 0.0
- 0.0
effort:
- .nan
- .nan
---
header:
  stamp:
    sec: 1791158769
    nanosec: 542574841
  frame_id: base_link
name:
- joint_x
- joint_y
position:
- 0.0
- 0.0
velocity:
- 0.0
- 0.0
effort:
- .nan
- .nan
---
header:
  stamp:
    sec: 1791158769
    nanosec: 562569841
  frame_id: base_link
name:
- joint_x
- joint_y
position:
- 0.0
- 0.0
velocity:
- 0.0
- 0.0
effort:
- .nan
- .nan
---
header:
  stamp:
    sec: 1791158769
    nanosec: 582591133
  frame_id: base_link
name:
- joint_x
- joint_y
position:
- 0.0
- 0.0
velocity:
- 0.0
- 0.0
effort:
- .nan
- .nan
---
header:
  stamp:
    sec: 1791158769
    nanosec: 602631302
  frame_id: base_link
name:
- joint_x
- joint_y
position:
- 0.0
- 0.0
velocity:
- 0.0
- 0.0
effort:
- .nan
- .nan
---
header:
  stamp:
    sec: 1791158769
    nanosec: 622619429
  frame_id: base_link
name:
- joint_x
- joint_y
position:
- 0.0
- 0.0
velocity:
- 0.0
- 0.0
effort:
- .nan
- .nan
---
