header:
  stamp:
    sec: 1791158924
    nanosec: 62916741
  frame_id: base_link
name:
- joint_x
- joint_y
position:
- 0.0
- 0.0
velocity:
- 0.0
- 0.0
effort:
- .nan
- .nan
---
header:
  stamp:
    sec: 1791158924
    nanosec: 82937655
  frame_id: base_link
name:
- joint_x
- joint_y
position:
- 0.0
- 0.0
velocity:
- 0.0
- 0.0
effort:
- .nan
- .nan
---
header:
  stamp:
    sec: 1791158924
    nanosec: 102941749
  frame_id: base_link
name:
- joint_x
- joint_y
position:
- 0.0
- 0.0
velocity:
- 0.0
- 0.0
effort:
- .nan
- .nan
---
header:
  stamp:
    sec: 1791158924
    nanosec: 122923690
  frame_id: base_link
name:
- joint_x
- joint_y
position:
- 0.0
- 0.0
velocity:
- 0.0
- 0.0
effort:
- .nan
- .nan
---
header:
  stamp:
    sec: 1791158924
    nanosec: 142924066
  frame_id: base_link
name:
- joint_x
- joint_y
position:
- 0.0
- 0.0
velocity:
- 0.0
- 0.0
effort:
- .nan
- .nan
---
header:
  stamp:
    sec: 1791158924
    nanosec: 162924110
  frame_id: base_link
name:
- joint_x
- joint_y
position:
- 0.0
- 0.0
velocity:
- 0.0
- 0.0
effort:
- .nan
- .nan
---
header:
  stamp:
    sec: 1791158924
    nanosec: 182936555
  frame_id: base_link
name:
- joint_x
- joint_y
position:
- 0.0
- 0.0
velocity:
- 0.0
- 0.0
effort:
- .nan
- .nan
---
header:
  stamp:
    sec: 1791158924
    nanosec: 202936439
  frame_id: base_link
name:
- joint_x
- joint_y
position:
- 0.0
- 0.0
velocity:
- 0.0
- 0.0
effort:
- .nan
- .nan
---
header:
  stamp:
    sec: 1791158924
    nanosec: 222932485
  frame_id: base_link
name:
- joint_x
- joint_y
position:
- 0.0
- 0.0
velocity:
- 0.0
- 0.0
effort:
- .nan
- .nan
---
header:
  stamp:
    sec: 1791158924
    nanosec: 242930452
  frame_id: base_link
name:
- joint_x
- joint_y
position:
- 0.0
- 0.0
velocity:
- 0.0
- 0.0
effort:
- .nan
- .nan
---
header:
  stamp:
    sec: 1791158924
    nanosec: 262934667
  frame_id: base_link
name:
- joint_x
- joint_y
position:
- 0.0
- 0.0
velocity:
- 0.0
- 0.0
effort:
- .nan
- .nan
---
header:
  stamp:
    sec: 1791158924
    nanosec: 282934098
  frame_id: base_link
name:
- joint_x
- joint_y
position:
- 0.0
- 0.0
velocity:
- 0.0
- 0.0
effort:
- .nan
- .nan
---
header:
  stamp:
    sec: 1791158924
    nanosec: 302927243
  frame_id: base_link
name:
- joint_x
- joint_y
position:
- 0.0
- 0.0
velocity:
- 0.0
- 0.0
effort:
- .nan
- .nan
---
header:
  stamp:
    sec: 1791158924
    nanosec: 322999416
  frame_id: base_link
name:
- joint_x
- joint_y
position:
- 0.0
- 0.0
velocity:
- 0.0
- 0.0
effort:
- .nan
- .nan
---
header:
  stamp:
    sec: 1791158924
    nanosec: 342928891
  frame_id: base_link
name:
- joint_x
- joint_y
position:
- 0.0
- 0.0
velocity:
- 0.0
- 0.0
effort:
- .nan
- .nan
---
header:
  stamp:
    sec: 1791158924
    nanosec: 362929574
  frame_id: base_link
name:
- joint_x
- joint_y
position:
- 0.0
- 0.0
velocity:
- 0.0
- 0.0
effort:
- .nan
- .nan
---
header:
  stamp:
    sec: 1791158924
    nanosec: 382927355
  frame_id: base_link
name:
- joint_x
- joint_y
position:
- 0.0
- 0.0
velocity:
- 0.0
- 0.0
effort:
- .nan
- .nan
---
header:
  stamp:
    sec: 1791158924
    nanosec: 402928609
  frame_id: base_link
name:
- joint_x
- joint_y
position:
- 0.0
- 0.0
velocity:
- 0.0
- 0.0
effort:
- .nan
- .nan
---
header:
  stamp:
    sec: 1791158924
    nanosec: 422923601
  frame_id: base_link
name:
- joint_x
- joint_y
position:
- 0.0
- 0.0
velocity:
- 0.0
- 0.0
effort:
- .nan
- .nan
---
header:
  stamp:
    sec: 1791158924
    nanosec: 442924123
  frame_id: base_link
name:
- joint_x
- joint_y
position:
- 0.0
- 0.0
velocity:
- 0.0
- 0.0
effort:
- .nan
- .nan
---
header:
  stamp:
    sec: 1791158924
    nanosec: 462932241
  frame_id: base_link
name:
- joint_x
- joint_y
position:
- 0.0
- 0.0
velocity:
- 0.0
- 0.0
effort:
- .nan
- .nan
---
header:
  stamp:
    sec: 1791158924
    nanosec: 482921995
  frame_id: base_link
name:
- joint_x
- joint_y
position:
- 0.0
- 0.0
velocity:
- 0.0
- 0.0
effort:
- .nan
- .nan
---
header:
  stamp:
    sec: 1791158924
    nanosec: 502929705
  frame_id: base_link
name:
- joint_x
- joint_y
position:
- 0.0
- 0.0
velocity:
- 0.0
- 0.0
effort:
- .nan
- .nan
---
header:
  stamp:
    sec: 1791158924
    nanosec: 522930395
  frame_id: base_link
name:
- joint_x
- joint_y
position:
- 0.0
- 0.0
velocity:
- 0.0
- 0.0
effort:
- .nan
- .nan
---
header:
  stamp:
    sec: 1791158924
    nanosec: 542928279
  frame_id: base_link
name:
- joint_x
- joint_y
position:
- 0.0
- 0.0
velocity:
- 0.0
- 0.0
effort:
- .nan
- .nan
---
header:
  stamp:
    sec: 1791158924
    nanosec: 562930612
  frame_id: base_link
name:
- joint_x
- joint_y
position:
- 0.0
- 0.0
velocity:
- 0.0
- 0.0
effort:
- .nan
- .nan
---
header:
  stamp:
    sec: 1791158924
    nanosec: 582919232
  frame_id: base_link
name:
- joint_x
- joint_y
position:
- 0.0
- 0.0
velocity:
- 0.0
- 0.0
effort:
- .nan
- .nan
---
header:
  stamp:
    sec: 1791158924
    nanosec: 602936732
  frame_id: base_link
name:
- joint_x
- joint_y
position:
- 0.0
- 0.0
velocity:
- 0.0
- 0.0
effort:
- .nan
- .nan
---
header:
  stamp:
    sec: 1791158924
    nanosec: 622935224
  frame_id: base_link
name:
- joint_x
- joint_y
position:
- 0.0
- 0.0
velocity:
- 0.0
- 0.0
effort:
- .nan
- .nan
---
header:
  stamp:
    sec: 1791158924
    nanosec: 642925232
  frame_id: base_link
name:
- joint_x
- joint_y
position:
- 0.0
- 0.0
velocity:
- 0.0
- 0.0
effort:
- .nan
- .nan
---
header:
  stamp:
    sec: 1791158924
    nanosec: 662923962
  frame_id: base_link
name:
- joint_x
- joint_y
position:
- 0.0
- 0.0
velocity:
- 0.0
- 0.0
effort:
- .nan
- .nan
---
header:
  stamp:
    sec: 1791158924
    nanosec: 682928156
  frame_id: base_link
name:
- joint_x
- joint_y
position:
- 0.0
- 0.0
velocity:
- 0.0
- 0.0
effort:
- .nan
- .nan
---
header:
  stamp:
    sec: 1791158924
    nanosec: 702958247
  frame_id: base_link
name:
- joint_x
- joint_y
position:
- 0.0
- 0.0
velocity:
- 0.0
- 0.0
effort:
- .nan
- .nan
---
header:
  stamp:
    sec: 1791158924
    nanosec: 722924409
  frame_id: base_link
name:
- joint_x
- joint_y
position:
- 0.0
- 0.0
velocity:
- 0.0
- 0.0
effort:
- .nan
- .nan
---
header:
  stamp:
    sec: 1791158924
    nanosec: 742931436
  frame_id: base_link
name:
- joint_x
- joint_y
position:
- 0.0
- 0.0
velocity:
- 0.0
- 0.0
effort:
- .nan
- .nan
---
header:
  stamp:
    sec: 1791158924
    nanosec: 762952105
  frame_id: base_link
name:
- joint_x
- joint_y
position:
- 0.0
- 0.0
velocity:
- 0.0
- 0.0
effort:
- .nan
- .nan
---
header:
  stamp:
    sec: 1791158924
    nanosec: 782938826
  frame_id: base_link
name:
- joint_x
- joint_y
position:
- 0.0
- 0.0
velocity:
- 0.0
- 0.0
effort:
- .nan
- .nan
---
header:
  stamp:
    sec: 1791158924
    nanosec: 802934387
  frame_id: base_link
name:
- joint_x
- joint_y
position:
- 0.0
- 0.0
velocity:
- 0.0
- 0.0
effort:
- .nan
- .nan
---
header:
  stamp:
    sec: 1791158924
    nanosec: 822941862
  frame_id: base_link
name:
- joint_x
- joint_y
position:
- 0.0
- 0.0
velocity:
- 0.0
- 0.0
effort:
- .nan
- .nan
---
header:
  stamp:
    sec: 1791158924
    nanosec: 842921778
  frame_id: base_link
name:
- joint_x
- joint_y
position:
- 0.0
- 0.0
velocity:
- 0.0
- 0.0
effort:
- .nan
- .nan
---
header:
  stamp:
    sec: 1791158924
    nanosec: 862929661
  frame_id: base_link
name:
- joint_x
- joint_y
position:
- 0.0
- 0.0
velocity:
- 0.0
- 0.0
effort:
- .nan
- .nan
---
header:
  stamp:
    sec: 1791158924
    nanosec: 882936382
  frame_id: base_link
name:
- joint_x
- joint_y
position:
- 0.0
- 0.0
velocity:
- 0.0
- 0.0
effort:
- .nan
- .nan
---
header:
  stamp:
    sec: 1791158924
    nanosec: 902924281
  frame_id: base_link
name:
- joint_x
- joint_y
position:
- 0.0
- 0.0
velocity:
- 0.0
- 0.0
effort:
- .nan
- .nan
---
header:
  stamp:
    sec: 1791158924
    nanosec: 922922054
  frame_id: base_link
name:
- joint_x
- joint_y
position:
- 0.0
- 0.0
velocity:
- 0.0
- 0.0
effort:
- .nan
- .nan
---
header:
  stamp:
    sec: 1791158924
    nanosec: 942933966
  frame_id: base_link
name:
- joint_x
- joint_y
position:
- 0.0
- 0.0
velocity:
- 0.0
- 0.0
effort:
- .nan
- .nan
---
header:
  stamp:
    sec: 1791158924
    nanosec: 962939793
  frame_id: base_link
name:
- joint_x
- joint_y
position:
- 0.0
- 0.0
velocity:
- 0.0
- 0.0
effort:
- .nan
- .nan
---
header:
  stamp:
    sec: 1791158924
    nanosec: 982936918
  frame_id: base_link
name:
- joint_x
- joint_y
position:
- 0.0
- 0.0
velocity:
- 0.0
- 0.0
effort:
- .nan
- .nan
---
header:
  stamp:
    sec: 1791158925
    nanosec: 2933429
  frame_id: base_link
name:
- joint_x
- joint_y
position:
- 0.0
- 0.0
velocity:
- 0.0
- 0.0
effort:
- .nan
- .nan
---
header:
  stamp:
    sec: 1791158925
    nanosec: 22938745
  frame_id: base_link
name:
- joint_x
- joint_y
position:
- 0.0
- 0.0
velocity:
- 0.0
- 0.0
effort:
- .nan
- .nan
---
header:
  stamp:
    sec: 1791158925
    nanosec: 42935029
  frame_id: base_link
name:
- joint_x
- joint_y
position:
- 0.0
- 0.0
velocity:
- 0.0
- 0.0
effort:
- .nan
- .nan
---
header:
  stamp:
    sec: 1791158925
    nanosec: 62938094
  frame_id: base_link
name:
- joint_x
- joint_y
position:
- 0.0
- 0.0
velocity:
- 0.0
- 0.0
effort:
- .nan
- .nan
---
header:
  stamp:
    sec: 1791158925
    nanosec: 82947832
  frame_id: base_link
name:
- joint_x
- joint_y
position:
- 0.0
- 0.0
velocity:
- 0.0
- 0.0
effort:
- .nan
- .nan
---
header:
  stamp:
    sec: 1791158925
    nanosec: 102947813
  frame_id: base_link
name:
- joint_x
- joint_y
position:
- 0.0
- 0.0
velocity:
- 0.0
- 0.0
effort:
- .nan
- .nan
---
header:
  stamp:
    sec: 1791158925
    nanosec: 122990486
  frame_id: base_link
name:
- joint_x
- joint_y
position:
- 0.0
- 0.0
velocity:
- 0.0
- 0.0
effort:
- .nan
- .nan
---
header:
  stamp:
    sec: 1791158925
    nanosec: 142932357
  frame_id: base_link
name:
- joint_x
- joint_y
position:
- 0.0
- 0.0
velocity:
- 0.0
- 0.0
effort:
- .nan
- .nan
---
header:
  stamp:
    sec: 1791158925
    nanosec: 162966766
  frame_id: base_link
name:
- joint_x
- joint_y
position:
- 0.0
- 0.0
velocity:
- 0.0
- 0.0
effort:
- .nan
- .nan
---
header:
  stamp:
    sec: 1791158925
    nanosec: 182973822
  frame_id: base_link
name:
- joint_x
- joint_y
position:
- 0.0
- 0.0
velocity:
- 0.0
- 0.0
effort:
- .nan
- .nan
---
header:
  stamp:
    sec: 1791158925
    nanosec: 202959783
  frame_id: base_link
name:
- joint_x
- joint_y
position:
- 0.0
- 0.0
velocity:
- 0.0
- 0.0
effort:
- .nan
- .nan
---
header:
  stamp:
    sec: 1791158925
    nanosec: 222962500
  frame_id: base_link
name:
- joint_x
- joint_y
position:
- 0.0
- 0.0
velocity:
- 0.0
- 0.0
effort:
- .nan
- .nan
---
header:
  stamp:
    sec: 1791158925
    nanosec: 242960063
  frame_id: base_link
name:
- joint_x
- joint_y
position:
- 0.0
- 0.0
velocity:
- 0.0
- 0.0
effort:
- .nan
- .nan
---
header:
  stamp:
    sec: 1791158925
    nanosec: 262938957
  frame_id: base_link
name:
- joint_x
- joint_y
position:
- 0.0
- 0.0
velocity:
- 0.0
- 0.0
effort:
- .nan
- .nan
---
header:
  stamp:
    sec: 1791158925
    nanosec: 283024888
  frame_id: base_link
name:
- joint_x
- joint_y
position:
- 0.0
- 0.0
velocity:
- 0.0
- 0.0
effort:
- .nan
- .nan
---
header:
  stamp:
    sec: 1791158925
    nanosec: 302947466
  frame_id: base_link
name:
- joint_x
- joint_y
position:
- 0.0
- 0.0
velocity:
- 0.0
- 0.0
effort:
- .nan
- .nan
---
header:
  stamp:
    sec: 1791158925
    nanosec: 322941645
  frame_id: base_link
name:
- joint_x
- joint_y
position:
- 0.0
- 0.0
velocity:
- 0.0
- 0.0
effort:
- .nan
- .nan
---
header:
  stamp:
    sec: 1791158925
    nanosec: 342956445
  frame_id: base_link
name:
- joint_x
- joint_y
position:
- 0.0
- 0.0
velocity:
- 0.0
- 0.0
effort:
- .nan
- .nan
---
header:
  stamp:
    sec: 1791158925
    nanosec: 362943167
  frame_id: base_link
name:
- joint_x
- joint_y
position:
- 0.0
- 0.0
velocity:
- 0.0
- 0.0
effort:
- .nan
- .nan
---
header:
  stamp:
    sec: 1791158925
    nanosec: 382941273
  frame_id: base_link
name:
- joint_x
- joint_y
position:
- 0.0
- 0.0
velocity:
- 0.0
- 0.0
effort:
- .nan
- .nan
---
header:
  stamp:
    sec: 1791158925
    nanosec: 402943099
  frame_id: base_link
name:
- joint_x
- joint_y
position:
- 0.0
- 0.0
velocity:
- 0.0
- 0.0
effort:
- .nan
- .nan
---
header:
  stamp:
    sec: 1791158925
    nanosec: 422960249
  frame_id: base_link
name:
- joint_x
- joint_y
position:
- 0.0
- 0.0
velocity:
- 0.0
- 0.0
effort:
- .nan
- .nan
---
header:
  stamp:
    sec: 1791158925
    nanosec: 442942134
  frame_id: base_link
name:
- joint_x
- joint_y
position:
- 0.0
- 0.0
velocity:
- 0.0
- 0.0
effort:
- .nan
- .nan
---
header:
  stamp:
    sec: 1791158925
    nanosec: 462935291
  frame_id: base_link
name:
- joint_x
- joint_y
position:
- 0.0
- 0.0
velocity:
- 0.0
- 0.0
effort:
- .nan
- .nan
---
header:
  stamp:
    sec: 1791158925
    nanosec: 482945588
  frame_id: base_link
name:
- joint_x
- joint_y
position:
- 0.0
- 0.0
velocity:
- 0.0
- 0.0
effort:
- .nan
- .nan
---
header:
  stamp:
    sec: 1791158925
    nanosec: 502908583
  frame_id: base_link
name:
- joint_x
- joint_y
position:
- 0.0
- 0.0
velocity:
- 0.0
- 0.0
effort:
- .nan
- .nan
---
header:
  stamp:
    sec: 1791158925
    nanosec: 522915773
  frame_id: base_link
name:
- joint_x
- joint_y
position:
- 0.0
- 0.0
velocity:
- 0.0
- 0.0
effort:
- .nan
- .nan
---
header:
  stamp:
    sec: 1791158925
    nanosec: 542952352
  frame_id: base_link
name:
- joint_x
- joint_y
position:
- 0.0
- 0.0
velocity:
- 0.0
- 0.0
effort:
- .nan
- .nan
---
header:
  stamp:
    sec: 1791158925
    nanosec: 562955241
  frame_id: base_link
name:
- joint_x
- joint_y
position:
- 0.0
- 0.0
velocity:
- 0.0
- 0.0
effort:
- .nan
- .nan
---
header:
  stamp:
    sec: 1791158925
    nanosec: 582966309
  frame_id: base_link
name:
- joint_x
- joint_y
position:
- 0.0
- 0.0
velocity:
- 0.0
- 0.0
effort:
- .nan
- .nan
---
header:
  stamp:
    sec: 1791158925
    nanosec: 602978618
  frame_id: base_link
name:
- joint_x
- joint_y
position:
- 0.0
- 0.0
velocity:
- 0.0
- 0.0
effort:
- .nan
- .nan
---
header:
  stamp:
    sec: 1791158925
    nanosec: 623735190
  frame_id: base_link
name:
- joint_x
- joint_y
position:
- 0.0
- 0.0
velocity:
- 0.0
- 0.0
effort:
- .nan
- .nan
---
header:
  stamp:
    sec: 1791158925
    nanosec: 642969921
  frame_id: base_link
name:
- joint_x
- joint_y
position:
- 0.0
- 0.0
velocity:
- 0.0
- 0.0
effort:
- .nan
- .nan
---
header:
  stamp:
    sec: 1791158925
    nanosec: 663364436
  frame_id: base_link
name:
- joint_x
- joint_y
position:
- 0.0
- 0.0
velocity:
- 0.0
- 0.0
effort:
- .nan
- .nan
---
header:
  stamp:
    sec: 1791158925
    nanosec: 683309155
  frame_id: base_link
name:
- joint_x
- joint_y
position:
- 0.0
- 0.0
velocity:
- 0.0
- 0.0
effort:
- .nan
- .nan
---
header:
  stamp:
    sec: 1791158925
    nanosec: 702947564
  frame_id: base_link
name:
- joint_x
- joint_y
position:
- 0.0
- 0.0
velocity:
- 0.0
- 0.0
effort:
- .nan
- .nan
---
header:
  stamp:
    sec: 1791158925
    nanosec: 723358774
  frame_id: base_link
name:
- joint_x
- joint_y
position:
- 0.0
- 0.0
velocity:
- 0.0
- 0.0
effort:
- .nan
- .nan
---
header:
  stamp:
    sec: 1791158925
    nanosec: 742934512
  frame_id: base_link
name:
- joint_x
- joint_y
position:
- 0.0
- 0.0
velocity:
- 0.0
- 0.0
effort:
- .nan
- .nan
---
header:
  stamp:
    sec: 1791158925
    nanosec: 762902417
  frame_id: base_link
name:
- joint_x
- joint_y
position:
- 0.0
- 0.0
velocity:
- 0.0
- 0.0
effort:
- .nan
- .nan
---
header:
  stamp:
    sec: 1791158925
    nanosec: 782985751
  frame_id: base_link
name:
- joint_x
- joint_y
position:
- 0.0
- 0.0
velocity:
- 0.0
- 0.0
effort:
- .nan
- .nan
---
header:
  stamp:
    sec: 1791158925
    nanosec: 803128778
  frame_id: base_link
name:
- joint_x
- joint_y
position:
- 0.0
- 0.0
velocity:
- 0.0
- 0.0
effort:
- .nan
- .nan
---
header:
  stamp:
    sec: 1791158925
    nanosec: 822961589
  frame_id: base_link
name:
- joint_x
- joint_y
position:
- 0.0
- 0.0
velocity:
- 0.0
- 0.0
effort:
- .nan
- .nan
---
header:
  stamp:
    sec: 1791158925
    nanosec: 842947749
  frame_id: base_link
name:
- joint_x
- joint_y
position:
- 0.0
- 0.0
velocity:
- 0.0
- 0.0
effort:
- .nan
- .nan
---
header:
  stamp:
    sec: 1791158925
    nanosec: 862964630
  frame_id: base_link
name:
- joint_x
- joint_y
position:
- 0.0
- 0.0
velocity:
- 0.0
- 0.0
effort:
- .nan
- .nan
---
header:
  stamp:
    sec: 1791158925
    nanosec: 882954693
  frame_id: base_link
name:
- joint_x
- joint_y
position:
- 0.0
- 0.0
velocity:
- 0.0
- 0.0
effort:
- .nan
- .nan
---
header:
  stamp:
    sec: 1791158925
    nanosec: 902983888
  frame_id: base_link
name:
- joint_x
- joint_y
position:
- 0.0
- 0.0
velocity:
- 0.0
- 0.0
effort:
- .nan
- .nan
---
header:
  stamp:
    sec: 1791158925
    nanosec: 922964438
  frame_id: base_link
name:
- joint_x
- joint_y
position:
- 0.0
- 0.0
velocity:
- 0.0
- 0.0
effort:
- .nan
- .nan
---
header:
  stamp:
    sec: 1791158925
    nanosec: 942967913
  frame_id: base_link
name:
- joint_x
- joint_y
position:
- 0.0
- 0.0
velocity:
- 0.0
- 0.0
effort:
- .nan
- .nan
---
header:
  stamp:
    sec: 1791158925
    nanosec: 962965235
  frame_id: base_link
name:
- joint_x
- joint_y
position:
- 6.24999984211172e-06
- 6.24999984211172e-06
velocity:
- 0.0003124999930150807
- 0.0003124999930150807
effort:
- .nan
- .nan
---
header:
  stamp:
    sec: 1791158925
    nanosec: 982957771
  frame_id: base_link
name:
- joint_x
- joint_y
position:
- 2.499999936844688e-05
- 2.499999936844688e-05
velocity:
- 0.0009374999790452421
- 0.0009374999790452421
effort:
- .nan
- .nan
---
header:
  stamp:
    sec: 1791158926
    nanosec: 2962987
  frame_id: base_link
name:
- joint_x
- joint_y
position:
- 6.25000029685907e-05
- 6.25000029685907e-05
velocity:
- 0.0018749999580904841
- 0.0018749999580904841
effort:
- .nan
- .nan
---
header:
  stamp:
    sec: 1791158926
    nanosec: 22947110
  frame_id: base_link
name:
- joint_x
- joint_y
position:
- 0.0001250000059371814
- 0.0001250000059371814
velocity:
- 0.0031250000465661287
- 0.0031250000465661287
effort:
- .nan
- .nan
---
header:
  stamp:
    sec: 1791158926
    nanosec: 42936041
  frame_id: base_link
name:
- joint_x
- joint_y
position:
- 0.00019375000556465238
- 0.00019375000556465238
velocity:
- 0.0034374999813735485
- 0.0034374999813735485
effort:
- .nan
- .nan
---
header:
  stamp:
    sec: 1791158926
    nanosec: 62964335
  frame_id: base_link
name:
- joint_x
- joint_y
position:
- 0.00028124998789280653
- 0.00028124998789280653
velocity:
- 0.0043750000186264515
- 0.0043750000186264515
effort:
- .nan
- .nan
---
header:
  stamp:
    sec: 1791158926
    nanosec: 82968772
  frame_id: base_link
name:
- joint_x
- joint_y
position:
- 0.00038124999264255166
- 0.00038124999264255166
velocity:
- 0.004999999888241291
- 0.004999999888241291
effort:
- .nan
- .nan
---
header:
  stamp:
    sec: 1791158926
    nanosec: 102963028
  frame_id: base_link
name:
- joint_x
- joint_y
position:
- 0.0006249999860301614
- 0.000631249975413084
velocity:
- 0.0062500000931322575
- 0.0062500000931322575
effort:
- .nan
- .nan
---
header:
  stamp:
    sec: 1791158926
    nanosec: 122973554
  frame_id: base_link
name:
- joint_x
- joint_y
position:
- 0.000768749974668026
- 0.000768749974668026
velocity:
- 0.0071875001303851604
- 0.0071875001303851604
effort:
- .nan
- .nan
---
header:
  stamp:
    sec: 1791158926
    nanosec: 142923190
  frame_id: base_link
name:
- joint_x
- joint_y
position:
- 0.0009250000002793968
- 0.0009250000002793968
velocity:
- 0.0078125
- 0.0078125
effort:
- .nan
- .nan
---
header:
  stamp:
    sec: 1791158926
    nanosec: 162940632
  frame_id: base_link
name:
- joint_x
- joint_y
position:
- 0.0010875000152736902
- 0.0010875000152736902
velocity:
- 0.008124999701976776
- 0.008124999701976776
effort:
- .nan
- .nan
---
header:
  stamp:
    sec: 1791158926
    nanosec: 182969349
  frame_id: base_link
name:
- joint_x
- joint_y
position:
- 0.0012750000460073352
- 0.0012750000460073352
velocity:
- 0.009062499739229679
- 0.009062499739229679
effort:
- .nan
- .nan
---
header:
  stamp:
    sec: 1791158926
    nanosec: 202962689
  frame_id: base_link
name:
- joint_x
- joint_y
position:
- 0.0014624999603256583
- 0.0014624999603256583
velocity:
- 0.00937500037252903
- 0.00937500037252903
effort:
- .nan
- .nan
---
header:
  stamp:
    sec: 1791158926
    nanosec: 222984845
  frame_id: base_link
name:
- joint_x
- joint_y
position:
- 0.0016624999698251486
- 0.001656249980442226
velocity:
- 0.009999999776482582
- 0.009999999776482582
effort:
- .nan
- .nan
---
header:
  stamp:
    sec: 1791158926
    nanosec: 242917956
  frame_id: base_link
name:
- joint_x
- joint_y
position:
- 0.0018687499687075615
- 0.0018687499687075615
velocity:
- 0.010625000111758709
- 0.010312500409781933
effort:
- .nan
- .nan
---
header:
  stamp:
    sec: 1791158926
    nanosec: 262918736
  frame_id: base_link
name:
- joint_x
- joint_y
position:
- 0.002099999925121665
- 0.002093750052154064
velocity:
- 0.011011905036866665
- 0.011011905036866665
effort:
- .nan
- .nan
---
header:
  stamp:
    sec: 1791158926
    nanosec: 282915601
  frame_id: base_link
name:
- joint_x
- joint_y
position:
- 0.002575000049546361
- 0.002575000049546361
velocity:
- 0.011874999850988388
- 0.011874999850988388
effort:
- .nan
- .nan
---
header:
  stamp:
    sec: 1791158926
    nanosec: 302910250
  frame_id: base_link
name:
- joint_x
- joint_y
position:
- 0.0028250000905245543
- 0.0028250000905245543
velocity:
- 0.012500000186264515
- 0.012500000186264515
effort:
- .nan
- .nan
---
header:
  stamp:
    sec: 1791158926
    nanosec: 322904922
  frame_id: base_link
name:
- joint_x
- joint_y
position:
- 0.0030812500044703484
- 0.0030812500044703484
velocity:
- 0.012812499888241291
- 0.012812499888241291
effort:
- .nan
- .nan
---
header:
  stamp:
    sec: 1791158926
    nanosec: 342911796
  frame_id: base_link
name:
- joint_x
- joint_y
position:
- 0.0033499998971819878
- 0.0033499998971819878
velocity:
- 0.013437500223517418
- 0.013437500223517418
effort:
- .nan
- .nan
---
header:
  stamp:
    sec: 1791158926
    nanosec: 362898789
  frame_id: base_link
name:
- joint_x
- joint_y
position:
- 0.0036375001072883606
- 0.0036375001072883606
velocity:
- 0.014375000260770321
- 0.014375000260770321
effort:
- .nan
- .nan
---
header:
  stamp:
    sec: 1791158926
    nanosec: 382901324
  frame_id: base_link
name:
- joint_x
- joint_y
position:
- 0.003918750211596489
- 0.003918750211596489
velocity:
- 0.01406249962747097
- 0.01406249962747097
effort:
- .nan
- .nan
---
header:
  stamp:
    sec: 1791158926
    nanosec: 402899999
  frame_id: base_link
name:
- joint_x
- joint_y
position:
- 0.004212500061839819
- 0.0042062499560415745
velocity:
- 0.014687499962747097
- 0.014375000260770321
effort:
- .nan
- .nan
---
header:
  stamp:
    sec: 1791158926
    nanosec: 422905082
  frame_id: base_link
name:
- joint_x
- joint_y
position:
- 0.004506249912083149
- 0.004506249912083149
velocity:
- 0.014687499962747097
- 0.014999999664723873
effort:
- .nan
- .nan
---
header:
  stamp:
    sec: 1791158926
    nanosec: 442910736
  frame_id: base_link
name:
- joint_x
- joint_y
position:
- 0.004812499973922968
- 0.004812499973922968
velocity:
- 0.015312500298023224
- 0.015312500298023224
effort:
- .nan
- .nan
---
header:
  stamp:
    sec: 1791158926
    nanosec: 462907916
  frame_id: base_link
name:
- joint_x
- joint_y
position:
- 0.005456250160932541
- 0.005456250160932541
velocity:
- 0.015937499701976776
- 0.015937499701976776
effort:
- .nan
- .nan
---
header:
  stamp:
    sec: 1791158926
    nanosec: 482904847
  frame_id: base_link
name:
- joint_x
- joint_y
position:
- 0.005781250074505806
- 0.005781250074505806
velocity:
- 0.016249999403953552
- 0.016249999403953552
effort:
- .nan
- .nan
---
header:
  stamp:
    sec: 1791158926
    nanosec: 502944352
  frame_id: base_link
name:
- joint_x
- joint_y
position:
- 0.0061125000938773155
- 0.0061125000938773155
velocity:
- 0.01656249910593033
- 0.01656249910593033
effort:
- .nan
- .nan
---
header:
  stamp:
    sec: 1791158926
    nanosec: 522914035
  frame_id: base_link
name:
- joint_x
- joint_y
position:
- 0.00647500017657876
- 0.00647500017657876
velocity:
- 0.017812499776482582
- 0.017812499776482582
effort:
- .nan
- .nan
---
header:
  stamp:
    sec: 1791158926
    nanosec: 542920347
  frame_id: base_link
name:
- joint_x
- joint_y
position:
- 0.006818749941885471
- 0.006818749941885471
velocity:
- 0.01718750037252903
- 0.01718750037252903
effort:
- .nan
- .nan
---
header:
  stamp:
    sec: 1791158926
    nanosec: 562919154
  frame_id: base_link
name:
- joint_x
- joint_y
position:
- 0.007168749812990427
- 0.007168749812990427
velocity:
- 0.017500000074505806
- 0.017500000074505806
effort:
- .nan
- .nan
---
header:
  stamp:
    sec: 1791158926
    nanosec: 582917086
  frame_id: base_link
name:
- joint_x
- joint_y
position:
- 0.007524999789893627
- 0.007524999789893627
velocity:
- 0.017812499776482582
- 0.017812499776482582
effort:
- .nan
- .nan
---
header:
  stamp:
    sec: 1791158926
    nanosec: 602911131
  frame_id: base_link
name:
- joint_x
- joint_y
position:
- 0.007881250232458115
- 0.007881250232458115
velocity:
- 0.017812499776482582
- 0.017812499776482582
effort:
- .nan
- .nan
---
header:
  stamp:
    sec: 1791158926
    nanosec: 622924555
  frame_id: base_link
name:
- joint_x
- joint_y
position:
- 0.008262500166893005
- 0.008262500166893005
velocity:
- 0.01845238171517849
- 0.01845238171517849
effort:
- .nan
- .nan
---
header:
  stamp:
    sec: 1791158926
    nanosec: 642918913
  frame_id: base_link
name:
- joint_x
- joint_y
position:
- 0.009018749929964542
- 0.009018749929964542
velocity:
- 0.018437499180436134
- 0.018437499180436134
effort:
- .nan
- .nan
---
header:
  stamp:
    sec: 1791158926
    nanosec: 662913688
  frame_id: base_link
name:
- joint_x
- joint_y
position:
- 0.009399999864399433
- 0.009399999864399433
velocity:
- 0.019062500447034836
- 0.019062500447034836
effort:
- .nan
- .nan
---
header:
  stamp:
    sec: 1791158926
    nanosec: 682914620
  frame_id: base_link
name:
- joint_x
- joint_y
position:
- 0.009781249798834324
- 0.00977499969303608
velocity:
- 0.019062500447034836
- 0.01875000074505806
effort:
- .nan
- .nan
---
header:
  stamp:
    sec: 1791158926
    nanosec: 702926762
  frame_id: base_link
name:
- joint_x
- joint_y
position:
- 0.010187500156462193
- 0.010181250050663948
velocity:
- 0.019999999552965164
- 0.02031249925494194
effort:
- .nan
- .nan
---
header:
  stamp:
    sec: 1791158926
    nanosec: 722917104
  frame_id: base_link
name:
- joint_x
- joint_y
position:
- 0.010575000196695328
- 0.010568750090897083
velocity:
- 0.019375000149011612
- 0.019375000149011612
effort:
- .nan
- .nan
---
header:
  stamp:
    sec: 1791158926
    nanosec: 742919953
  frame_id: base_link
name:
- joint_x
- joint_y
position:
- 0.010962500236928463
- 0.010962500236928463
velocity:
- 0.019375000149011612
- 0.019375000149011612
effort:
- .nan
- .nan
---
header:
  stamp:
    sec: 1791158926
    nanosec: 762941852
  frame_id: base_link
name:
- joint_x
- joint_y
position:
- 0.011350000277161598
- 0.011350000277161598
velocity:
- 0.019687499850988388
- 0.019687499850988388
effort:
- .nan
- .nan
---
header:
  stamp:
    sec: 1791158926
    nanosec: 782928991
  frame_id: base_link
name:
- joint_x
- joint_y
position:
- 0.011749999597668648
- 0.011743750423192978
velocity:
- 0.019687499850988388
- 0.019687499850988388
effort:
- .nan
- .nan
---
header:
  stamp:
    sec: 1791158926
    nanosec: 802925234
  frame_id: base_link
name:
- joint_x
- joint_y
position:
- 0.012162500061094761
- 0.012162500061094761
velocity:
- 0.01994047686457634
- 0.01994047686457634
effort:
- .nan
- .nan
---
header:
  stamp:
    sec: 1791158926
    nanosec: 822935059
  frame_id: base_link
name:
- joint_x
- joint_y
position:
- 0.012587499804794788
- 0.012587499804794788
velocity:
- 0.020937500521540642
- 0.020937500521540642
effort:
- .nan
- .nan
---
header:
  stamp:
    sec: 1791158926
    nanosec: 842928109
  frame_id: base_link
name:
- joint_x
- joint_y
position:
- 0.013381250202655792
- 0.013381250202655792
velocity:
- 0.019999999552965164
- 0.019999999552965164
effort:
- .nan
- .nan
---
header:
  stamp:
    sec: 1791158926
    nanosec: 862930083
  frame_id: base_link
name:
- joint_x
- joint_y
position:
- 0.013781250454485416
- 0.013787499628961086
velocity:
- 0.019999999552965164
- 0.019999999552965164
effort:
- .nan
- .nan
---
header:
  stamp:
    sec: 1791158926
    nanosec: 882932435
  frame_id: base_link
name:
- joint_x
- joint_y
position:
- 0.014212500303983688
- 0.014206250198185444
velocity:
- 0.021250000223517418
- 0.021250000223517418
effort:
- .nan
- .nan
---
header:
  stamp:
    sec: 1791158926
    nanosec: 902934261
  frame_id: base_link
name:
- joint_x
- joint_y
position:
- 0.014618749730288982
- 0.014612499624490738
velocity:
- 0.02031249925494194
- 0.019999999552965164
effort:
- .nan
- .nan
---
header:
  stamp:
    sec: 1791158926
    nanosec: 922932431
  frame_id: base_link
name:
- joint_x
- joint_y
position:
- 0.015018749982118607
- 0.015018749982118607
velocity:
- 0.019999999552965164
- 0.02031249925494194
effort:
- .nan
- .nan
---
header:
  stamp:
    sec: 1791158926
    nanosec: 942927059
  frame_id: base_link
name:
- joint_x
- joint_y
position:
- 0.015425000339746475
- 0.01541875023394823
velocity:
- 0.02031249925494194
- 0.02031249925494194
effort:
- .nan
- .nan
---
header:
  stamp:
    sec: 1791158926
    nanosec: 962932078
  frame_id: base_link
name:
- joint_x
- joint_y
position:
- 0.015824999660253525
- 0.015824999660253525
velocity:
- 0.019999999552965164
- 0.019999999552965164
effort:
- .nan
- .nan
---
header:
  stamp:
    sec: 1791158926
    nanosec: 982950639
  frame_id: base_link
name:
- joint_x
- joint_y
position:
- 0.016249999403953552
- 0.016249999403953552
velocity:
- 0.02053571492433548
- 0.02053571492433548
effort:
- .nan
- .nan
---
header:
  stamp:
    sec: 1791158927
    nanosec: 2937615
  frame_id: base_link
name:
- joint_x
- joint_y
position:
- 0.01667499914765358
- 0.01667499914765358
velocity:
- 0.021250000223517418
- 0.021250000223517418
effort:
- .nan
- .nan
---
header:
  stamp:
    sec: 1791158927
    nanosec: 22944105
  frame_id: base_link
name:
- joint_x
- joint_y
position:
- 0.017468750476837158
- 0.017468750476837158
velocity:
- 0.019999999552965164
- 0.019999999552965164
effort:
- .nan
- .nan
---
header:
  stamp:
    sec: 1791158927
    nanosec: 42954049
  frame_id: base_link
name:
- joint_x
- joint_y
position:
- 0.017868749797344208
- 0.017868749797344208
velocity:
- 0.019999999552965164
- 0.019999999552965164
effort:
- .nan
- .nan
---
header:
  stamp:
    sec: 1791158927
    nanosec: 62945682
  frame_id: base_link
name:
- joint_x
- joint_y
position:
- 0.018281249329447746
- 0.018281249329447746
velocity:
- 0.020625000819563866
- 0.020625000819563866
effort:
- .nan
- .nan
---
header:
  stamp:
    sec: 1791158927
    nanosec: 82938021
  frame_id: base_link
name:
- joint_x
- joint_y
position:
- 0.018681250512599945
- 0.018681250512599945
velocity:
- 0.019999999552965164
- 0.019999999552965164
effort:
- .nan
- .nan
---
header:
  stamp:
    sec: 1791158927
    nanosec: 102947210
  frame_id: base_link
name:
- joint_x
- joint_y
position:
- 0.019068749621510506
- 0.019068749621510506
velocity:
- 0.019375000149011612
- 0.019375000149011612
effort:
- .nan
- .nan
---
header:
  stamp:
    sec: 1791158927
    nanosec: 122938648
  frame_id: base_link
name:
- joint_x
- joint_y
position:
- 0.019462499767541885
- 0.019462499767541885
velocity:
- 0.019687499850988388
- 0.019687499850988388
effort:
- .nan
- .nan
---
header:
  stamp:
    sec: 1791158927
    nanosec: 142938513
  frame_id: base_link
name:
- joint_x
- joint_y
position:
- 0.019850000739097595
- 0.019843749701976776
velocity:
- 0.019375000149011612
- 0.019062500447034836
effort:
- .nan
- .nan
---
header:
  stamp:
    sec: 1791158927
    nanosec: 162939897
  frame_id: base_link
name:
- joint_x
- joint_y
position:
- 0.020256249234080315
- 0.020250000059604645
velocity:
- 0.019999999552965164
- 0.02031249925494194
effort:
- .nan
- .nan
---
header:
  stamp:
    sec: 1791158927
    nanosec: 182957070
  frame_id: base_link
name:
- joint_x
- joint_y
position:
- 0.020631249994039536
- 0.020631249994039536
velocity:
- 0.01875000074505806
- 0.01875000074505806
effort:
- .nan
- .nan
---
header:
  stamp:
    sec: 1791158927
    nanosec: 202938773
  frame_id: base_link
name:
- joint_x
- joint_y
position:
- 0.02136874943971634
- 0.02136874943971634
velocity:
- 0.018124999478459358
- 0.018437499180436134
effort:
- .nan
- .nan
---
header:
  stamp:
    sec: 1791158927
    nanosec: 222914101
  frame_id: base_link
name:
- joint_x
- joint_y
position:
- 0.02176249958574772
- 0.02176249958574772
velocity:
- 0.019375000149011612
- 0.019375000149011612
effort:
- .nan
- .nan
---
header:
  stamp:
    sec: 1791158927
    nanosec: 242927268
  frame_id: base_link
name:
- joint_x
- joint_y
position:
- 0.02212500013411045
- 0.02212500013411045
velocity:
- 0.018437499180436134
- 0.018437499180436134
effort:
- .nan
- .nan
---
header:
  stamp:
    sec: 1791158927
    nanosec: 262934411
  frame_id: base_link
name:
- joint_x
- joint_y
position:
- 0.022487500682473183
- 0.022481249645352364
velocity:
- 0.017812499776482582
- 0.017812499776482582
effort:
- .nan
- .nan
---
header:
  stamp:
    sec: 1791158927
    nanosec: 282945645
  frame_id: base_link
name:
- joint_x
- joint_y
position:
- 0.022837499156594276
- 0.022837499156594276
velocity:
- 0.017812499776482582
- 0.017500000074505806
effort:
- .nan
- .nan
---
header:
  stamp:
    sec: 1791158927
    nanosec: 302943119
  frame_id: base_link
name:
- joint_x
- joint_y
position:
- 0.02318749949336052
- 0.02318749949336052
velocity:
- 0.01718750037252903
- 0.017500000074505806
effort:
- .nan
- .nan
---
header:
  stamp:
    sec: 1791158927
    nanosec: 322995016
  frame_id: base_link
name:
- joint_x
- joint_y
position:
- 0.02355000004172325
- 0.02355000004172325
velocity:
- 0.01755952462553978
- 0.01755952462553978
effort:
- .nan
- .nan
---
header:
  stamp:
    sec: 1791158927
    nanosec: 342926359
  frame_id: base_link
name:
- joint_x
- joint_y
position:
- 0.023906249552965164
- 0.023900000378489494
velocity:
- 0.017812499776482582
- 0.017500000074505806
effort:
- .nan
- .nan
---
header:
  stamp:
    sec: 1791158927
    nanosec: 362925412
  frame_id: base_link
name:
- joint_x
- joint_y
position:
- 0.02423124946653843
- 0.02423124946653843
velocity:
- 0.016249999403953552
- 0.01656249910593033
effort:
- .nan
- .nan
---
header:
  stamp:
    sec: 1791158927
    nanosec: 382939412
  frame_id: base_link
name:
- joint_x
- joint_y
position:
- 0.024556249380111694
- 0.024556249380111694
velocity:
- 0.016249999403953552
- 0.016249999403953552
effort:
- .nan
- .nan
---
header:
  stamp:
    sec: 1791158927
    nanosec: 402967619
  frame_id: base_link
name:
- joint_x
- joint_y
position:
- 0.025218749418854713
- 0.025218749418854713
velocity:
- 0.016249999403953552
- 0.016249999403953552
effort:
- .nan
- .nan
---
header:
  stamp:
    sec: 1791158927
    nanosec: 422940664
  frame_id: base_link
name:
- joint_x
- joint_y
position:
- 0.02552499994635582
- 0.02552499994635582
velocity:
- 0.015312500298023224
- 0.014999999664723873
effort:
- .nan
- .nan
---
header:
  stamp:
    sec: 1791158927
    nanosec: 442921931
  frame_id: base_link
name:
- joint_x
- joint_y
position:
- 0.025818750262260437
- 0.025818750262260437
velocity:
- 0.014687499962747097
- 0.014999999664723873
effort:
- .nan
- .nan
---
header:
  stamp:
    sec: 1791158927
    nanosec: 462941864
  frame_id: base_link
name:
- joint_x
- joint_y
position:
- 0.026112500578165054
- 0.026106249541044235
velocity:
- 0.014375000260770321
- 0.014375000260770321
effort:
- .nan
- .nan
---
header:
  stamp:
    sec: 1791158927
    nanosec: 482941723
  frame_id: base_link
name:
- joint_x
- joint_y
position:
- 0.026387499645352364
- 0.026387499645352364
velocity:
- 0.01406249962747097
- 0.01406249962747097
effort:
- .nan
- .nan
---
header:
  stamp:
    sec: 1791158927
    nanosec: 502938833
  frame_id: base_link
name:
- joint_x
- joint_y
position:
- 0.02668124996125698
- 0.02667500078678131
velocity:
- 0.013988095335662365
- 0.013690476305782795
effort:
- .nan
- .nan
---
header:
  stamp:
    sec: 1791158927
    nanosec: 522950229
  frame_id: base_link
name:
- joint_x
- joint_y
position:
- 0.02695625089108944
- 0.02695625089108944
velocity:
- 0.013749999925494194
- 0.01406249962747097
effort:
- .nan
- .nan
---
header:
  stamp:
    sec: 1791158927
    nanosec: 542925987
  frame_id: base_link
name:
- joint_x
- joint_y
position:
- 0.02721250057220459
- 0.02721250057220459
velocity:
- 0.012812499888241291
- 0.012812499888241291
effort:
- .nan
- .nan
---
header:
  stamp:
    sec: 1791158927
    nanosec: 562931675
  frame_id: base_link
name:
- joint_x
- joint_y
position:
- 0.02746249921619892
- 0.02746249921619892
velocity:
- 0.012187499552965164
- 0.012187499552965164
effort:
- .nan
- .nan
---
header:
  stamp:
    sec: 1791158927
    nanosec: 582934682
  frame_id: base_link
name:
- joint_x
- joint_y
position:
- 0.027699999511241913
- 0.027699999511241913
velocity:
- 0.012187499552965164
- 0.012187499552965164
effort:
- .nan
- .nan
---
header:
  stamp:
    sec: 1791158927
    nanosec: 602948591
  frame_id: base_link
name:
- joint_x
- joint_y
position:
- 0.028149999678134918
- 0.028149999678134918
velocity:
- 0.010937499813735485
- 0.010937499813735485
effort:
- .nan
- .nan
---
header:
  stamp:
    sec: 1791158927
    nanosec: 622936765
  frame_id: base_link
name:
- joint_x
- joint_y
position:
- 0.028362499549984932
- 0.028362499549984932
velocity:
- 0.010625000111758709
- 0.010312500409781933
effort:
- .nan
- .nan
---
header:
  stamp:
    sec: 1791158927
    nanosec: 642938065
  frame_id: base_link
name:
- joint_x
- joint_y
position:
- 0.028556250035762787
- 0.028556250035762787
velocity:
- 0.009687500074505806
- 0.009999999776482582
effort:
- .nan
- .nan
---
header:
  stamp:
    sec: 1791158927
    nanosec: 662935759
  frame_id: base_link
name:
- joint_x
- joint_y
position:
- 0.028743749484419823
- 0.028743749484419823
velocity:
- 0.00937500037252903
- 0.00937500037252903
effort:
- .nan
- .nan
---
header:
  stamp:
    sec: 1791158927
    nanosec: 682931746
  frame_id: base_link
name:
- joint_x
- joint_y
position:
- 0.028931250795722008
- 0.028931250795722008
velocity:
- 0.008928571827709675
- 0.008928571827709675
effort:
- .nan
- .nan
---
header:
  stamp:
    sec: 1791158927
    nanosec: 702942902
  frame_id: base_link
name:
- joint_x
- joint_y
position:
- 0.029106250032782555
- 0.029106250032782555
velocity:
- 0.008750000037252903
- 0.008750000037252903
effort:
- .nan
- .nan
---
header:
  stamp:
    sec: 1791158927
    nanosec: 722965018
  frame_id: base_link
name:
- joint_x
- joint_y
position:
- 0.029262499883770943
- 0.029262499883770943
velocity:
- 0.0078125
- 0.0078125
effort:
- .nan
- .nan
---
header:
  stamp:
    sec: 1791158927
    nanosec: 742934805
  frame_id: base_link
name:
- joint_x
- joint_y
position:
- 0.029406249523162842
- 0.029406249523162842
velocity:
- 0.0071875001303851604
- 0.0071875001303851604
effort:
- .nan
- .nan
---
header:
  stamp:
    sec: 1791158927
    nanosec: 762934448
  frame_id: base_link
name:
- joint_x
- joint_y
position:
- 0.0295375008136034
- 0.0295375008136034
velocity:
- 0.006562499795109034
- 0.006562499795109034
effort:
- .nan
- .nan
---
header:
  stamp:
    sec: 1791158927
    nanosec: 782934349
  frame_id: base_link
name:
- joint_x
- joint_y
position:
- 0.029774999246001244
- 0.029774999246001244
velocity:
- 0.005625000223517418
- 0.005625000223517418
effort:
- .nan
- .nan
---
header:
  stamp:
    sec: 1791158927
    nanosec: 802946554
  frame_id: base_link
name:
- joint_x
- joint_y
position:
- 0.029868749901652336
- 0.029868749901652336
velocity:
- 0.004687500186264515
- 0.004687500186264515
effort:
- .nan
- .nan
---
header:
  stamp:
    sec: 1791158927
    nanosec: 822941658
  frame_id: base_link
name:
- joint_x
- joint_y
position:
- 0.02995000034570694
- 0.02995000034570694
velocity:
- 0.004062499850988388
- 0.0037499999161809683
effort:
- .nan
- .nan
---
header:
  stamp:
    sec: 1791158927
    nanosec: 842920949
  frame_id: base_link
name:
- joint_x
- joint_y
position:
- 0.030012499541044235
- 0.030012499541044235
velocity:
- 0.0031250000465661287
- 0.0034374999813735485
effort:
- .nan
- .nan
---
header:
  stamp:
    sec: 1791158927
    nanosec: 862942212
  frame_id: base_link
name:
- joint_x
- joint_y
position:
- 0.03007500059902668
- 0.03007500059902668
velocity:
- 0.0031250000465661287
- 0.002812500111758709
effort:
- .nan
- .nan
---
header:
  stamp:
    sec: 1791158927
    nanosec: 882964806
  frame_id: base_link
name:
- joint_x
- joint_y
position:
- 0.030112499371170998
- 0.030112499371170998
velocity:
- 0.0018749999580904841
- 0.0021875000093132257
effort:
- .nan
- .nan
---
header:
  stamp:
    sec: 1791158927
    nanosec: 902935516
  frame_id: base_link
name:
- joint_x
- joint_y
position:
- 0.030137499794363976
- 0.030137499794363976
velocity:
- 0.0012499999720603228
- 0.0012499999720603228
effort:
- .nan
- .nan
---
header:
  stamp:
    sec: 1791158927
    nanosec: 922941485
  frame_id: base_link
name:
- joint_x
- joint_y
position:
- 0.030150000005960464
- 0.030150000005960464
velocity:
- 0.0006249999860301614
- 0.0006249999860301614
effort:
- .nan
- .nan
---
header:
  stamp:
    sec: 1791158927
    nanosec: 942967171
  frame_id: base_link
name:
- joint_x
- joint_y
position:
- 0.030156249180436134
- 0.030156249180436134
velocity:
- 0.0003124999930150807
- 0.0003124999930150807
effort:
- .nan
- .nan
---
header:
  stamp:
    sec: 1791158927
    nanosec: 962934601
  frame_id: base_link
name:
- joint_x
- joint_y
position:
- 0.030137499794363976
- 0.030143750831484795
velocity:
- -0.0008928571478463709
- -0.0005952381179668009
effort:
- .nan
- .nan
---
header:
  stamp:
    sec: 1791158927
    nanosec: 982944045
  frame_id: base_link
name:
- joint_x
- joint_y
position:
- 0.030056249350309372
- 0.030056249350309372
velocity:
- -0.0024999999441206455
- -0.0024999999441206455
effort:
- .nan
- .nan
---
header:
  stamp:
    sec: 1791158928
    nanosec: 2945398
  frame_id: base_link
name:
- joint_x
- joint_y
position:
- 0.029993750154972076
- 0.029993750154972076
velocity:
- -0.0031250000465661287
- -0.0031250000465661287
effort:
- .nan
- .nan
---
header:
  stamp:
    sec: 1791158928
    nanosec: 22943256
  frame_id: base_link
name:
- joint_x
- joint_y
position:
- 0.029918750748038292
- 0.029924999922513962
velocity:
- -0.0037499999161809683
- -0.0034374999813735485
effort:
- .nan
- .nan
---
header:
  stamp:
    sec: 1791158928
    nanosec: 42924359
  frame_id: base_link
name:
- joint_x
- joint_y
position:
- 0.02983124926686287
- 0.02983124926686287
velocity:
- -0.0043750000186264515
- -0.004687500186264515
effort:
- .nan
- .nan
---
header:
  stamp:
    sec: 1791158928
    nanosec: 62920419
  frame_id: base_link
name:
- joint_x
- joint_y
position:
- 0.029725000262260437
- 0.029731249436736107
velocity:
- -0.0053125000558793545
- -0.004999999888241291
effort:
- .nan
- .nan
---
header:
  stamp:
    sec: 1791158928
    nanosec: 82942686
  frame_id: base_link
name:
- joint_x
- joint_y
position:
- 0.029612500220537186
- 0.029612500220537186
velocity:
- -0.005625000223517418
- -0.005937499925494194
effort:
- .nan
- .nan
---
header:
  stamp:
    sec: 1791158928
    nanosec: 102939076
  frame_id: base_link
name:
- joint_x
- joint_y
position:
- 0.029487499967217445
- 0.029487499967217445
velocity:
- -0.0062500000931322575
- -0.0062500000931322575
effort:
- .nan
- .nan
---
header:
  stamp:
    sec: 1791158928
    nanosec: 122937504
  frame_id: base_link
name:
- joint_x
- joint_y
position:
- 0.029349999502301216
- 0.029349999502301216
velocity:
- -0.006874999962747097
- -0.006874999962747097
effort:
- .nan
- .nan
---
header:
  stamp:
    sec: 1791158928
    nanosec: 142940235
  frame_id: base_link
name:
- joint_x
- joint_y
position:
- 0.029193749651312828
- 0.029193749651312828
velocity:
- -0.0078125
- -0.0078125
effort:
- .nan
- .nan
---
header:
  stamp:
    sec: 1791158928
    nanosec: 162928003
  frame_id: base_link
name:
- joint_x
- joint_y
position:
- 0.028862500563263893
- 0.028862500563263893
velocity:
- -0.008437500335276127
- -0.008437500335276127
effort:
- .nan
- .nan
---
header:
  stamp:
    sec: 1791158928
    nanosec: 182931212
  frame_id: base_link
name:
- joint_x
- joint_y
position:
- 0.028681250289082527
- 0.028681250289082527
velocity:
- -0.009062499739229679
- -0.009062499739229679
effort:
- .nan
- .nan
---
header:
  stamp:
    sec: 1791158928
    nanosec: 202933445
  frame_id: base_link
name:
- joint_x
- joint_y
position:
- 0.028474999591708183
- 0.028474999591708183
velocity:
- -0.010312500409781933
- -0.010312500409781933
effort:
- .nan
- .nan
---
header:
  stamp:
    sec: 1791158928
    nanosec: 222944132
  frame_id: base_link
name:
- joint_x
- joint_y
position:
- 0.02826875075697899
- 0.02826875075697899
velocity:
- -0.010312500409781933
- -0.010312500409781933
effort:
- .nan
- .nan
---
header:
  stamp:
    sec: 1791158928
    nanosec: 242919946
  frame_id: base_link
name:
- joint_x
- joint_y
position:
- 0.028049999848008156
- 0.028056250885128975
velocity:
- -0.010625000111758709
- -0.010625000111758709
effort:
- .nan
- .nan
---
header:
  stamp:
    sec: 1791158928
    nanosec: 262932079
  frame_id: base_link
name:
- joint_x
- joint_y
position:
- 0.027831250801682472
- 0.027831250801682472
velocity:
- -0.011250000447034836
- -0.011250000447034836
effort:
- .nan
- .nan
---
header:
  stamp:
    sec: 1791158928
    nanosec: 282945573
  frame_id: base_link
name:
- joint_x
- joint_y
position:
- 0.02759375050663948
- 0.02759999968111515
velocity:
- -0.011562500149011612
- -0.011562500149011612
effort:
- .nan
- .nan
---
header:
  stamp:
    sec: 1791158928
    nanosec: 302974960
  frame_id: base_link
name:
- joint_x
- joint_y
position:
- 0.02734375
- 0.02734375
velocity:
- -0.012202381156384945
- -0.012202381156384945
effort:
- .nan
- .nan
---
header:
  stamp:
    sec: 1791158928
    nanosec: 322939205
  frame_id: base_link
name:
- joint_x
- joint_y
position:
- 0.02707500010728836
- 0.02707500010728836
velocity:
- -0.013437500223517418
- -0.013437500223517418
effort:
- .nan
- .nan
---
header:
  stamp:
    sec: 1791158928
    nanosec: 342933624
  frame_id: base_link
name:
- joint_x
- joint_y
position:
- 0.02655000053346157
- 0.02655000053346157
velocity:
- -0.013124999590218067
- -0.013437500223517418
effort:
- .nan
- .nan
---
header:
  stamp:
    sec: 1791158928
    nanosec: 362932133
  frame_id: base_link
name:
- joint_x
- joint_y
position:
- 0.026268750429153442
- 0.026268750429153442
velocity:
- -0.01406249962747097
- -0.01406249962747097
effort:
- .nan
- .nan
---
header:
  stamp:
    sec: 1791158928
    nanosec: 382946507
  frame_id: base_link
name:
- joint_x
- joint_y
position:
- 0.025968749076128006
- 0.025968749076128006
velocity:
- -0.014999999664723873
- -0.014999999664723873
effort:
- .nan
- .nan
---
header:
  stamp:
    sec: 1791158928
    nanosec: 402940281
  frame_id: base_link
name:
- joint_x
- joint_y
position:
- 0.02566874958574772
- 0.025675000622868538
velocity:
- -0.014687499962747097
- -0.014687499962747097
effort:
- .nan
- .nan
---
header:
  stamp:
    sec: 1791158928
    nanosec: 422945380
  frame_id: base_link
name:
- joint_x
- joint_y
position:
- 0.02536875009536743
- 0.02536875009536743
velocity:
- -0.014999999664723873
- -0.014999999664723873
effort:
- .nan
- .nan
---
header:
  stamp:
    sec: 1791158928
    nanosec: 442942773
  frame_id: base_link
name:
- joint_x
- joint_y
position:
- 0.025062499567866325
- 0.025062499567866325
velocity:
- -0.015625
- -0.015625
effort:
- .nan
- .nan
---
header:
  stamp:
    sec: 1791158928
    nanosec: 462929391
  frame_id: base_link
name:
- joint_x
- joint_y
position:
- 0.02474999986588955
- 0.02474375069141388
velocity:
- -0.015625
- -0.015625
effort:
- .nan
- .nan
---
header:
  stamp:
    sec: 1791158928
    nanosec: 482931122
  frame_id: base_link
name:
- joint_x
- joint_y
position:
- 0.024406250566244125
- 0.024406250566244125
velocity:
- -0.01718750037252903
- -0.01718750037252903
effort:
- .nan
- .nan
---
header:
  stamp:
    sec: 1791158928
    nanosec: 502911066
  frame_id: base_link
name:
- joint_x
- joint_y
position:
- 0.02407499961555004
- 0.02408125065267086
velocity:
- -0.01656249910593033
- -0.016249999403953552
effort:
- .nan
- .nan
---
header:
  stamp:
    sec: 1791158928
    nanosec: 522926714
  frame_id: base_link
name:
- joint_x
- joint_y
position:
- 0.023406250402331352
- 0.023406250402331352
velocity:
- -0.01656249910593033
- -0.016875000670552254
effort:
- .nan
- .nan
---
header:
  stamp:
    sec: 1791158928
    nanosec: 542925518
  frame_id: base_link
name:
- joint_x
- joint_y
position:
- 0.02304374985396862
- 0.02304374985396862
velocity:
- -0.01755952462553978
- -0.01755952462553978
effort:
- .nan
- .nan
---
header:
  stamp:
    sec: 1791158928
    nanosec: 562912462
  frame_id: base_link
name:
- joint_x
- joint_y
position:
- 0.02267500013113022
- 0.02267500013113022
velocity:
- -0.018437499180436134
- -0.018437499180436134
effort:
- .nan
- .nan
---
header:
  stamp:
    sec: 1791158928
    nanosec: 582925529
  frame_id: base_link
name:
- joint_x
- joint_y
position:
- 0.022312499582767487
- 0.022312499582767487
velocity:
- -0.017812499776482582
- -0.017812499776482582
effort:
- .nan
- .nan
---
header:
  stamp:
    sec: 1791158928
    nanosec: 602921237
  frame_id: base_link
name:
- joint_x
- joint_y
position:
- 0.021950000897049904
- 0.021950000897049904
velocity:
- -0.018124999478459358
- -0.018124999478459358
effort:
- .nan
- .nan
---
header:
  stamp:
    sec: 1791158928
    nanosec: 622919417
  frame_id: base_link
name:
- joint_x
- joint_y
position:
- 0.021587500348687172
- 0.021587500348687172
velocity:
- -0.018437499180436134
- -0.018437499180436134
effort:
- .nan
- .nan
---
header:
  stamp:
    sec: 1791158928
    nanosec: 642917742
  frame_id: base_link
name:
- joint_x
- joint_y
position:
- 0.02121249958872795
- 0.02121875062584877
velocity:
- -0.018437499180436134
- -0.018437499180436134
effort:
- .nan
- .nan
---
header:
  stamp:
    sec: 1791158928
    nanosec: 662942211
  frame_id: base_link
name:
- joint_x
- joint_y
position:
- 0.02081874944269657
- 0.02082500047981739
velocity:
- -0.01904761977493763
- -0.01875000074505806
effort:
- .nan
- .nan
---
header:
  stamp:
    sec: 1791158928
    nanosec: 682959498
  frame_id: base_link
name:
- joint_x
- joint_y
position:
- 0.02042499929666519
- 0.02042499929666519
velocity:
- -0.019687499850988388
- -0.019999999552965164
effort:
- .nan
- .nan
---
header:
  stamp:
    sec: 1791158928
    nanosec: 702950898
  frame_id: base_link
name:
- joint_x
- joint_y
position:
- 0.02003750018775463
- 0.0200437493622303
velocity:
- -0.019375000149011612
- -0.019062500447034836
effort:
- .nan
- .nan
---
header:
  stamp:
    sec: 1791158928
    nanosec: 722971950
  frame_id: base_link
name:
- joint_x
- joint_y
position:
- 0.01927500031888485
- 0.01927500031888485
velocity:
- -0.019375000149011612
- -0.019375000149011612
effort:
- .nan
- .nan
---
header:
  stamp:
    sec: 1791158928
    nanosec: 742950049
  frame_id: base_link
name:
- joint_x
- joint_y
position:
- 0.01886250078678131
- 0.018856249749660492
velocity:
- -0.020625000819563866
- -0.020625000819563866
effort:
- .nan
- .nan
---
header:
  stamp:
    sec: 1791158928
    nanosec: 762965982
  frame_id: base_link
name:
- joint_x
- joint_y
position:
- 0.018462499603629112
- 0.018462499603629112
velocity:
- -0.019687499850988388
- -0.019687499850988388
effort:
- .nan
- .nan
---
header:
  stamp:
    sec: 1791158928
    nanosec: 782945519
  frame_id: base_link
name:
- joint_x
- joint_y
position:
- 0.018068749457597733
- 0.018068749457597733
velocity:
- -0.019687499850988388
- -0.019687499850988388
effort:
- .nan
- .nan
---
header:
  stamp:
    sec: 1791158928
    nanosec: 802937702
  frame_id: base_link
name:
- joint_x
- joint_y
position:
- 0.017674999311566353
- 0.017674999311566353
velocity:
- -0.019999999552965164
- -0.019999999552965164
effort:
- .nan
- .nan
---
header:
  stamp:
    sec: 1791158928
    nanosec: 822937503
  frame_id: base_link
name:
- joint_x
- joint_y
position:
- 0.017274999991059303
- 0.017274999991059303
velocity:
- -0.019999999552965164
- -0.019999999552965164
effort:
- .nan
- .nan
---
header:
  stamp:
    sec: 1791158928
    nanosec: 842942750
  frame_id: base_link
name:
- joint_x
- joint_y
position:
- 0.016850000247359276
- 0.016856249421834946
velocity:
- -0.02023809589445591
- -0.01994047686457634
effort:
- .nan
- .nan
---
header:
  stamp:
    sec: 1791158928
    nanosec: 862944140
  frame_id: base_link
name:
- joint_x
- joint_y
position:
- 0.01642500050365925
- 0.01642500050365925
velocity:
- -0.020937500521540642
- -0.021250000223517418
effort:
- .nan
- .nan
---
header:
  stamp:
    sec: 1791158928
    nanosec: 882936669
  frame_id: base_link
name:
- joint_x
- joint_y
position:
- 0.01601875014603138
- 0.01601875014603138
velocity:
- -0.02031249925494194
- -0.02031249925494194
effort:
- .nan
- .nan
---
header:
  stamp:
    sec: 1791158928
    nanosec: 902938100
  frame_id: base_link
name:
- joint_x
- joint_y
position:
- 0.015224999748170376
- 0.015218749642372131
velocity:
- -0.019999999552965164
- -0.019999999552965164
effort:
- .nan
- .nan
---
header:
  stamp:
    sec: 1791158928
    nanosec: 922949069
  frame_id: base_link
name:
- joint_x
- joint_y
position:
- 0.014793749898672104
- 0.014793749898672104
velocity:
- -0.021562499925494194
- -0.021562499925494194
effort:
- .nan
- .nan
---
header:
  stamp:
    sec: 1791158928
    nanosec: 942938242
  frame_id: base_link
name:
- joint_x
- joint_y
position:
- 0.014387499541044235
- 0.014387499541044235
velocity:
- -0.02031249925494194
- -0.02031249925494194
effort:
- .nan
- .nan
---
header:
  stamp:
    sec: 1791158928
    nanosec: 962931681
  frame_id: base_link
name:
- joint_x
- joint_y
position:
- 0.013987500220537186
- 0.013987500220537186
velocity:
- -0.019999999552965164
- -0.019999999552965164
effort:
- .nan
- .nan
---
header:
  stamp:
    sec: 1791158928
    nanosec: 982937869
  frame_id: base_link
name:
- joint_x
- joint_y
position:
- 0.013581249862909317
- 0.013581249862909317
velocity:
- -0.02031249925494194
- -0.02031249925494194
effort:
- .nan
- .nan
---
header:
  stamp:
    sec: 1791158929
    nanosec: 2940655
  frame_id: base_link
name:
- joint_x
- joint_y
position:
- 0.013181249611079693
- 0.013181249611079693
velocity:
- -0.019999999552965164
- -0.019999999552965164
effort:
- .nan
- .nan
---
header:
  stamp:
    sec: 1791158929
    nanosec: 22920704
  frame_id: base_link
name:
- joint_x
- joint_y
position:
- 0.012756249867379665
- 0.01276249997317791
velocity:
- -0.02023809589445591
- -0.01994047686457634
effort:
- .nan
- .nan
---
header:
  stamp:
    sec: 1791158929
    nanosec: 42886542
  frame_id: base_link
name:
- joint_x
- joint_y
position:
- 0.012337500229477882
- 0.012337500229477882
velocity:
- -0.020937500521540642
- -0.020937500521540642
effort:
- .nan
- .nan
---
header:
  stamp:
    sec: 1791158929
    nanosec: 62908253
  frame_id: base_link
name:
- joint_x
- joint_y
position:
- 0.011937499977648258
- 0.011943750083446503
velocity:
- -0.019687499850988388
- -0.019999999552965164
effort:
- .nan
- .nan
---
header:
  stamp:
    sec: 1791158929
    nanosec: 82917296
  frame_id: base_link
name:
- joint_x
- joint_y
position:
- 0.011543749831616879
- 0.011543749831616879
velocity:
- -0.019687499850988388
- -0.019687499850988388
effort:
- .nan
- .nan
---
header:
  stamp:
    sec: 1791158929
    nanosec: 102940145
  frame_id: base_link
name:
- joint_x
- joint_y
position:
- 0.010743750259280205
- 0.010743750259280205
velocity:
- -0.02031249925494194
- -0.020625000819563866
effort:
- .nan
- .nan
---
header:
  stamp:
    sec: 1791158929
    nanosec: 122938056
  frame_id: base_link
name:
- joint_x
- joint_y
position:
- 0.01035625021904707
- 0.01035625021904707
velocity:
- -0.019687499850988388
- -0.019375000149011612
effort:
- .nan
- .nan
---
header:
  stamp:
    sec: 1791158929
    nanosec: 142952301
  frame_id: base_link
name:
- joint_x
- joint_y
position:
- 0.009968750178813934
- 0.009975000284612179
velocity:
- -0.019375000149011612
- -0.019062500447034836
effort:
- .nan
- .nan
---
header:
  stamp:
    sec: 1791158929
    nanosec: 162935067
  frame_id: base_link
name:
- joint_x
- joint_y
position:
- 0.009593750350177288
- 0.009593750350177288
velocity:
- -0.01875000074505806
- -0.019062500447034836
effort:
- .nan
- .nan
---
header:
  stamp:
    sec: 1791158929
    nanosec: 182934184
  frame_id: base_link
name:
- joint_x
- joint_y
position:
- 0.009212500415742397
- 0.009212500415742397
velocity:
- -0.019062500447034836
- -0.019062500447034836
effort:
- .nan
- .nan
---
header:
  stamp:
    sec: 1791158929
    nanosec: 202966571
  frame_id: base_link
name:
- joint_x
- joint_y
position:
- 0.008837499655783176
- 0.008837499655783176
velocity:
- -0.01875000074505806
- -0.01875000074505806
effort:
- .nan
- .nan
---
header:
  stamp:
    sec: 1791158929
    nanosec: 222941635
  frame_id: base_link
name:
- joint_x
- joint_y
position:
- 0.008449999615550041
- 0.008449999615550041
velocity:
- -0.019375000149011612
- -0.019375000149011612
effort:
- .nan
- .nan
---
header:
  stamp:
    sec: 1791158929
    nanosec: 242923741
  frame_id: base_link
name:
- joint_x
- joint_y
position:
- 0.00808124989271164
- 0.00808124989271164
velocity:
- -0.018437499180436134
- -0.018124999478459358
effort:
- .nan
- .nan
---
header:
  stamp:
    sec: 1791158929
    nanosec: 262943288
  frame_id: base_link
name:
- joint_x
- joint_y
position:
- 0.007718749810010195
- 0.007718749810010195
velocity:
- -0.018124999478459358
- -0.018124999478459358
effort:
- .nan
- .nan
---
header:
  stamp:
    sec: 1791158929
    nanosec: 282947280
  frame_id: base_link
name:
- joint_x
- joint_y
position:
- 0.006993750110268593
- 0.007000000216066837
velocity:
- -0.01875000074505806
- -0.018124999478459358
effort:
- .nan
- .nan
---
header:
  stamp:
    sec: 1791158929
    nanosec: 302944232
  frame_id: base_link
name:
- joint_x
- joint_y
position:
- 0.00664374977350235
- 0.006649999879300594
velocity:
- -0.01718750037252903
- -0.017500000074505806
effort:
- .nan
- .nan
---
header:
  stamp:
    sec: 1791158929
    nanosec: 322946689
  frame_id: base_link
name:
- joint_x
- joint_y
position:
- 0.006306250113993883
- 0.006306250113993883
velocity:
- -0.016875000670552254
- -0.016875000670552254
effort:
- .nan
- .nan
---
header:
  stamp:
    sec: 1791158929
    nanosec: 342925803
  frame_id: base_link
name:
- joint_x
- joint_y
position:
- 0.005975000094622374
- 0.005975000094622374
velocity:
- -0.016875000670552254
- -0.016875000670552254
effort:
- .nan
- .nan
---
header:
  stamp:
    sec: 1791158929
    nanosec: 362927083
  frame_id: base_link
name:
- joint_x
- joint_y
position:
- 0.005643750075250864
- 0.005643750075250864
velocity:
- -0.016249999403953552
- -0.016249999403953552
effort:
- .nan
- .nan
---
header:
  stamp:
    sec: 1791158929
    nanosec: 382925830
  frame_id: base_link
name:
- joint_x
- joint_y
position:
- 0.00530624995008111
- 0.00530624995008111
velocity:
- -0.0163690485060215
- -0.0163690485060215
effort:
- .nan
- .nan
---
header:
  stamp:
    sec: 1791158929
    nanosec: 402934558
  frame_id: base_link
name:
- joint_x
- joint_y
position:
- 0.0049749999307096004
- 0.0049749999307096004
velocity:
- -0.01656249910593033
- -0.01656249910593033
effort:
- .nan
- .nan
---
header:
  stamp:
    sec: 1791158929
    nanosec: 422942097
  frame_id: base_link
name:
- joint_x
- joint_y
position:
- 0.004662500228732824
- 0.0046687498688697815
velocity:
- -0.015625
- -0.015312500298023224
effort:
- .nan
- .nan
---
header:
  stamp:
    sec: 1791158929
    nanosec: 442920245
  frame_id: base_link
name:
- joint_x
- joint_y
position:
- 0.0043624998070299625
- 0.004368749912828207
velocity:
- -0.014999999664723873
- -0.014999999664723873
effort:
- .nan
- .nan
---
header:
  stamp:
    sec: 1791158929
    nanosec: 462934490
  frame_id: base_link
name:
- joint_x
- joint_y
position:
- 0.0040687499567866325
- 0.0040687499567866325
velocity:
- -0.014687499962747097
- -0.014999999664723873
effort:
- .nan
- .nan
---
header:
  stamp:
    sec: 1791158929
    nanosec: 482945013
  frame_id: base_link
name:
- joint_x
- joint_y
position:
- 0.003493750002235174
- 0.003493750002235174
velocity:
- -0.013749999925494194
- -0.01406249962747097
effort:
- .nan
- .nan
---
header:
  stamp:
    sec: 1791158929
    nanosec: 502940560
  frame_id: base_link
name:
- joint_x
- joint_y
position:
- 0.0032250001095235348
- 0.0032250001095235348
velocity:
- -0.013437500223517418
- -0.013437500223517418
effort:
- .nan
- .nan
---
header:
  stamp:
    sec: 1791158929
    nanosec: 522889717
  frame_id: base_link
name:
- joint_x
- joint_y
position:
- 0.002962500089779496
- 0.002962500089779496
velocity:
- -0.013124999590218067
- -0.012812499888241291
effort:
- .nan
- .nan
---
header:
  stamp:
    sec: 1791158929
    nanosec: 542926935
  frame_id: base_link
name:
- joint_x
- joint_y
position:
- 0.0027062499430030584
- 0.002712500048801303
velocity:
- -0.012500000186264515
- -0.012812499888241291
effort:
- .nan
- .nan
---
header:
  stamp:
    sec: 1791158929
    nanosec: 562946191
  frame_id: base_link
name:
- joint_x
- joint_y
position:
- 0.0024500000290572643
- 0.002456249902024865
velocity:
- -0.012500000186264515
- -0.012202381156384945
effort:
- .nan
- .nan
---
header:
  stamp:
    sec: 1791158929
    nanosec: 582929813
  frame_id: base_link
name:
- joint_x
- joint_y
position:
- 0.0022062500938773155
- 0.0022062500938773155
velocity:
- -0.012187499552965164
- -0.012500000186264515
effort:
- .nan
- .nan
---
header:
  stamp:
    sec: 1791158929
    nanosec: 602941870
  frame_id: base_link
name:
- joint_x
- joint_y
position:
- 0.001981250010430813
- 0.001981250010430813
velocity:
- -0.011250000447034836
- -0.011250000447034836
effort:
- .nan
- .nan
---
header:
  stamp:
    sec: 1791158929
    nanosec: 622891511
  frame_id: base_link
name:
- joint_x
- joint_y
position:
- 0.0017687500221654773
- 0.0017625000327825546
velocity:
- -0.010625000111758709
- -0.010625000111758709
effort:
- .nan
- .nan
---
header:
  stamp:
    sec: 1791158929
    nanosec: 642927017
  frame_id: base_link
name:
- joint_x
- joint_y
position:
- 0.0015625000232830644
- 0.0015625000232830644
velocity:
- -0.010312500409781933
- -0.010312500409781933
effort:
- .nan
- .nan
---
header:
  stamp:
    sec: 1791158929
    nanosec: 662925926
  frame_id: base_link
name:
- joint_x
- joint_y
position:
- 0.0013562500244006515
- 0.0013562500244006515
velocity:
- -0.009821428917348385
- -0.009821428917348385
effort:
- .nan
- .nan
---
header:
  stamp:
    sec: 1791158929
    nanosec: 682936156
  frame_id: base_link
name:
- joint_x
- joint_y
position:
- 0.0009937500581145287
- 0.0009937500581145287
velocity:
- -0.008750000037252903
- -0.008437500335276127
effort:
- .nan
- .nan
---
header:
  stamp:
    sec: 1791158929
    nanosec: 702936606
  frame_id: base_link
name:
- joint_x
- joint_y
position:
- 0.0008312499849125743
- 0.0008312499849125743
velocity:
- -0.008124999701976776
- -0.008124999701976776
effort:
- .nan
- .nan
---
header:
  stamp:
    sec: 1791158929
    nanosec: 722893455
  frame_id: base_link
name:
- joint_x
- joint_y
position:
- 0.000681250006891787
- 0.000681250006891787
velocity:
- -0.007499999832361937
- -0.007499999832361937
effort:
- .nan
- .nan
---
header:
  stamp:
    sec: 1791158929
    nanosec: 742931934
  frame_id: base_link
name:
- joint_x
- joint_y
position:
- 0.0005437500076368451
- 0.0005437500076368451
velocity:
- -0.006874999962747097
- -0.006874999962747097
effort:
- .nan
- .nan
---
header:
  stamp:
    sec: 1791158929
    nanosec: 762937890
  frame_id: base_link
name:
- joint_x
- joint_y
position:
- 0.0004124999977648258
- 0.0004124999977648258
velocity:
- -0.006562499795109034
- -0.006562499795109034
effort:
- .nan
- .nan
---
header:
  stamp:
    sec: 1791158929
    nanosec: 782932932
  frame_id: base_link
name:
- joint_x
- joint_y
position:
- 0.0003000000142492354
- 0.0003000000142492354
velocity:
- -0.005625000223517418
- -0.005625000223517418
effort:
- .nan
- .nan
---
header:
  stamp:
    sec: 1791158929
    nanosec: 802937334
  frame_id: base_link
name:
- joint_x
- joint_y
position:
- 0.00019375000556465238
- 0.00019375000556465238
velocity:
- -0.0053125000558793545
- -0.0053125000558793545
effort:
- .nan
- .nan
---
header:
  stamp:
    sec: 1791158929
    nanosec: 822891759
  frame_id: base_link
name:
- joint_x
- joint_y
position:
- 0.0001062500014086254
- 0.0001062500014086254
velocity:
- -0.0043750000186264515
- -0.0043750000186264515
effort:
- .nan
- .nan
---
header:
  stamp:
    sec: 1791158929
    nanosec: 842928505
  frame_id: base_link
name:
- joint_x
- joint_y
position:
- 2.499999936844688e-05
- 2.499999936844688e-05
velocity:
- -0.0038690476212650537
- -0.0038690476212650537
effort:
- .nan
- .nan
---
header:
  stamp:
    sec: 1791158929
    nanosec: 862931053
  frame_id: base_link
name:
- joint_x
- joint_y
position:
- -8.749999688006938e-05
- -8.749999688006938e-05
velocity:
- -0.0021875000093132257
- -0.0024999999441206455
effort:
- .nan
- .nan
---
header:
  stamp:
    sec: 1791158929
    nanosec: 882936880
  frame_id: base_link
name:
- joint_x
- joint_y
position:
- -0.0001250000059371814
- -0.0001250000059371814
velocity:
- -0.0018749999580904841
- -0.0018749999580904841
effort:
- .nan
- .nan
---
header:
  stamp:
    sec: 1791158929
    nanosec: 902934800
  frame_id: base_link
name:
- joint_x
- joint_y
position:
- -0.00014375000318977982
- -0.00014375000318977982
velocity:
- -0.0009374999790452421
- -0.0009374999790452421
effort:
- .nan
- .nan
---
header:
  stamp:
    sec: 1791158929
    nanosec: 922896723
  frame_id: base_link
name:
- joint_x
- joint_y
position:
- -0.0001500000071246177
- -0.0001500000071246177
velocity:
- -0.00029761905898340046
- -0.00029761905898340046
effort:
- .nan
- .nan
---
header:
  stamp:
    sec: 1791158929
    nanosec: 942955816
  frame_id: base_link
name:
- joint_x
- joint_y
position:
- -0.00013749999925494194
- -0.00013749999925494194
velocity:
- 0.0006249999860301614
- 0.0006249999860301614
effort:
- .nan
- .nan
---
header:
  stamp:
    sec: 1791158929
    nanosec: 962887168
  frame_id: base_link
name:
- joint_x
- joint_y
position:
- -0.0001062500014086254
- -0.00011249999806750566
velocity:
- 0.0012499999720603228
- 0.0012499999720603228
effort:
- .nan
- .nan
---
header:
  stamp:
    sec: 1791158929
    nanosec: 982886854
  frame_id: base_link
name:
- joint_x
- joint_y
position:
- -7.500000356230885e-05
- -7.500000356230885e-05
velocity:
- 0.0018749999580904841
- 0.0018749999580904841
effort:
- .nan
- .nan
---
header:
  stamp:
    sec: 1791158930
    nanosec: 2891453
  frame_id: base_link
name:
- joint_x
- joint_y
position:
- -6.24999984211172e-06
- -6.24999984211172e-06
velocity:
- 0.0034374999813735485
- 0.0034374999813735485
effort:
- .nan
- .nan
---
header:
  stamp:
    sec: 1791158930
    nanosec: 22967684
  frame_id: base_link
name:
- joint_x
- joint_y
position:
- 0.0
- 0.0
velocity:
- 0.0003124999930150807
- 0.0003124999930150807
effort:
- .nan
- .nan
---
header:
  stamp:
    sec: 1791158930
    nanosec: 42978862
  frame_id: base_link
name:
- joint_x
- joint_y
position:
- 0.0
- 0.0
velocity:
- 0.0
- 0.0
effort:
- .nan
- .nan
---
header:
  stamp:
    sec: 1791158930
    nanosec: 62954295
  frame_id: base_link
name:
- joint_x
- joint_y
position:
- 0.0
- 0.0
velocity:
- 0.0
- 0.0
effort:
- .nan
- .nan
---
header:
  stamp:
    sec: 1791158930
    nanosec: 82905921
  frame_id: base_link
name:
- joint_x
- joint_y
position:
- 0.0
- 0.0
velocity:
- 0.0
- 0.0
effort:
- .nan
- .nan
---
header:
  stamp:
    sec: 1791158930
    nanosec: 102946622
  frame_id: base_link
name:
- joint_x
- joint_y
position:
- 0.0
- 0.0
velocity:
- 0.0
- 0.0
effort:
- .nan
- .nan
---
header:
  stamp:
    sec: 1791158930
    nanosec: 122901093
  frame_id: base_link
name:
- joint_x
- joint_y
position:
- 0.0
- 0.0
velocity:
- 0.0
- 0.0
effort:
- .nan
- .nan
---
header:
  stamp:
    sec: 1791158930
    nanosec: 142933459
  frame_id: base_link
name:
- joint_x
- joint_y
position:
- 0.0
- 0.0
velocity:
- 0.0
- 0.0
effort:
- .nan
- .nan
---
header:
  stamp:
    sec: 1791158930
    nanosec: 162917380
  frame_id: base_link
name:
- joint_x
- joint_y
position:
- 0.0
- 0.0
velocity:
- 0.0
- 0.0
effort:
- .nan
- .nan
---
