A message was lost!!!
	total count change:1
	total count: 1---
header:
  stamp:
    sec: 1791159560
    nanosec: 623008411
  frame_id: base_link
name:
- joint_x
- joint_y
position:
- 0.0
- 0.0
velocity:
- 0.0
- 0.0
effort:
- .nan
- .nan
---
header:
  stamp:
    sec: 1791159560
    nanosec: 643015075
  frame_id: base_link
name:
- joint_x
- joint_y
position:
- 0.0
- 0.0
velocity:
- 0.0
- 0.0
effort:
- .nan
- .nan
---
header:
  stamp:
    sec: 1791159560
    nanosec: 663018161
  frame_id: base_link
name:
- joint_x
- joint_y
position:
- 0.0
- 0.0
velocity:
- 0.0
- 0.0
effort:
- .nan
- .nan
---
header:
  stamp:
    sec: 1791159560
    nanosec: 683014262
  frame_id: base_link
name:
- joint_x
- joint_y
position:
- 0.0
- 0.0
velocity:
- 0.0
- 0.0
effort:
- .nan
- .nan
---
header:
  stamp:
    sec: 1791159560
    nanosec: 703026132
  frame_id: base_link
name:
- joint_x
- joint_y
position:
- 0.0
- 0.0
velocity:
- 0.0
- 0.0
effort:
- .nan
- .nan
---
header:
  stamp:
    sec: 1791159560
    nanosec: 723019913
  frame_id: base_link
name:
- joint_x
- joint_y
position:
- 0.0
- 0.0
velocity:
- 0.0
- 0.0
effort:
- .nan
- .nan
---
header:
  stamp:
    sec: 1791159560
    nanosec: 743019261
  frame_id: base_link
name:
- joint_x
- joint_y
position:
- 0.0
- 0.0
velocity:
- 0.0
- 0.0
effort:
- .nan
- .nan
---
header:
  stamp:
    sec: 1791159560
    nanosec: 763017256
  frame_id: base_link
name:
- joint_x
- joint_y
position:
- 0.0
- 0.0
velocity:
- 0.0
- 0.0
effort:
- .nan
- .nan
---
header:
  stamp:
    sec: 1791159560
    nanosec: 783025504
  frame_id: base_link
name:
- joint_x
- joint_y
position:
- 0.0
- 0.0
velocity:
- 0.0
- 0.0
effort:
- .nan
- .nan
---
header:
  stamp:
    sec: 1791159560
    nanosec: 803023017
  frame_id: base_link
name:
- joint_x
- joint_y
position:
- 0.0
- 0.0
velocity:
- 0.0
- 0.0
effort:
- .nan
- .nan
---
header:
  stamp:
    sec: 1791159560
    nanosec: 823020605
  frame_id: base_link
name:
- joint_x
- joint_y
position:
- 0.0
- 0.0
velocity:
- 0.0
- 0.0
effort:
- .nan
- .nan
---
header:
  stamp:
    sec: 1791159560
    nanosec: 843022334
  frame_id: base_link
name:
- joint_x
- joint_y
position:
- 0.0
- 0.0
velocity:
- 0.0
- 0.0
effort:
- .nan
- .nan
---
header:
  stamp:
    sec: 1791159560
    nanosec: 863031012
  frame_id: base_link
name:
- joint_x
- joint_y
position:
- 0.0
- 0.0
velocity:
- 0.0
- 0.0
effort:
- .nan
- .nan
---
header:
  stamp:
    sec: 1791159560
    nanosec: 883021325
  frame_id: base_link
name:
- joint_x
- joint_y
position:
- 0.0
- 0.0
velocity:
- 0.0
- 0.0
effort:
- .nan
- .nan
---
header:
  stamp:
    sec: 1791159560
    nanosec: 903030036
  frame_id: base_link
name:
- joint_x
- joint_y
position:
- 0.0
- 0.0
velocity:
- 0.0
- 0.0
effort:
- .nan
- .nan
---
header:
  stamp:
    sec: 1791159560
    nanosec: 923031495
  frame_id: base_link
name:
- joint_x
- joint_y
position:
- 0.0
- 0.0
velocity:
- 0.0
- 0.0
effort:
- .nan
- .nan
---
header:
  stamp:
    sec: 1791159560
    nanosec: 943024835
  frame_id: base_link
name:
- joint_x
- joint_y
position:
- 0.0
- 0.0
velocity:
- 0.0
- 0.0
effort:
- .nan
- .nan
---
header:
  stamp:
    sec: 1791159560
    nanosec: 963026733
  frame_id: base_link
name:
- joint_x
- joint_y
position:
- 0.0
- 0.0
velocity:
- 0.0
- 0.0
effort:
- .nan
- .nan
---
header:
  stamp:
    sec: 1791159560
    nanosec: 983034372
  frame_id: base_link
name:
- joint_x
- joint_y
position:
- 0.0
- 0.0
velocity:
- 0.0
- 0.0
effort:
- .nan
- .nan
---
header:
  stamp:
    sec: 1791159561
    nanosec: 3032731
  frame_id: base_link
name:
- joint_x
- joint_y
position:
- 0.0
- 0.0
velocity:
- 0.0
- 0.0
effort:
- .nan
- .nan
---
header:
  stamp:
    sec: 1791159561
    nanosec: 23034493
  frame_id: base_link
name:
- joint_x
- joint_y
position:
- 0.0
- 0.0
velocity:
- 0.0
- 0.0
effort:
- .nan
- .nan
---
header:
  stamp:
    sec: 1791159561
    nanosec: 43034355
  frame_id: base_link
name:
- joint_x
- joint_y
position:
- 0.0
- 0.0
velocity:
- 0.0
- 0.0
effort:
- .nan
- .nan
---
header:
  stamp:
    sec: 1791159561
    nanosec: 63011593
  frame_id: base_link
name:
- joint_x
- joint_y
position:
- 0.0
- 0.0
velocity:
- 0.0
- 0.0
effort:
- .nan
- .nan
---
header:
  stamp:
    sec: 1791159561
    nanosec: 83017784
  frame_id: base_link
name:
- joint_x
- joint_y
position:
- 0.0
- 0.0
velocity:
- 0.0
- 0.0
effort:
- .nan
- .nan
---
header:
  stamp:
    sec: 1791159561
    nanosec: 103050615
  frame_id: base_link
name:
- joint_x
- joint_y
position:
- 0.0
- 0.0
velocity:
- 0.0
- 0.0
effort:
- .nan
- .nan
---
header:
  stamp:
    sec: 1791159561
    nanosec: 123013222
  frame_id: base_link
name:
- joint_x
- joint_y
position:
- 0.0
- 0.0
velocity:
- 0.0
- 0.0
effort:
- .nan
- .nan
---
header:
  stamp:
    sec: 1791159561
    nanosec: 143061887
  frame_id: base_link
name:
- joint_x
- joint_y
position:
- 0.0
- 0.0
velocity:
- 0.0
- 0.0
effort:
- .nan
- .nan
---
header:
  stamp:
    sec: 1791159561
    nanosec: 163010620
  frame_id: base_link
name:
- joint_x
- joint_y
position:
- 0.0
- 0.0
velocity:
- 0.0
- 0.0
effort:
- .nan
- .nan
---
header:
  stamp:
    sec: 1791159561
    nanosec: 183005737
  frame_id: base_link
name:
- joint_x
- joint_y
position:
- 0.0
- 0.0
velocity:
- 0.0
- 0.0
effort:
- .nan
- .nan
---
header:
  stamp:
    sec: 1791159561
    nanosec: 203005900
  frame_id: base_link
name:
- joint_x
- joint_y
position:
- 0.0
- 0.0
velocity:
- 0.0
- 0.0
effort:
- .nan
- .nan
---
header:
  stamp:
    sec: 1791159561
    nanosec: 223011808
  frame_id: base_link
name:
- joint_x
- joint_y
position:
- 0.0
- 0.0
velocity:
- 0.0
- 0.0
effort:
- .nan
- .nan
---
header:
  stamp:
    sec: 1791159561
    nanosec: 243012162
  frame_id: base_link
name:
- joint_x
- joint_y
position:
- 0.0
- 0.0
velocity:
- 0.0
- 0.0
effort:
- .nan
- .nan
---
header:
  stamp:
    sec: 1791159561
    nanosec: 263009682
  frame_id: base_link
name:
- joint_x
- joint_y
position:
- 0.0
- 0.0
velocity:
- 0.0
- 0.0
effort:
- .nan
- .nan
---
header:
  stamp:
    sec: 1791159561
    nanosec: 283047274
  frame_id: base_link
name:
- joint_x
- joint_y
position:
- 0.0
- 0.0
velocity:
- 0.0
- 0.0
effort:
- .nan
- .nan
---
header:
  stamp:
    sec: 1791159561
    nanosec: 303070761
  frame_id: base_link
name:
- joint_x
- joint_y
position:
- 0.0
- 0.0
velocity:
- 0.0
- 0.0
effort:
- .nan
- .nan
---
header:
  stamp:
    sec: 1791159561
    nanosec: 323066902
  frame_id: base_link
name:
- joint_x
- joint_y
position:
- 0.0
- 0.0
velocity:
- 0.0
- 0.0
effort:
- .nan
- .nan
---
header:
  stamp:
    sec: 1791159561
    nanosec: 343065896
  frame_id: base_link
name:
- joint_x
- joint_y
position:
- 0.0
- 0.0
velocity:
- 0.0
- 0.0
effort:
- .nan
- .nan
---
header:
  stamp:
    sec: 1791159561
    nanosec: 363051884
  frame_id: base_link
name:
- joint_x
- joint_y
position:
- 0.0
- 0.0
velocity:
- 0.0
- 0.0
effort:
- .nan
- .nan
---
header:
  stamp:
    sec: 1791159561
    nanosec: 383054140
  frame_id: base_link
name:
- joint_x
- joint_y
position:
- 0.0
- 0.0
velocity:
- 0.0
- 0.0
effort:
- .nan
- .nan
---
header:
  stamp:
    sec: 1791159561
    nanosec: 403067569
  frame_id: base_link
name:
- joint_x
- joint_y
position:
- 0.0
- 0.0
velocity:
- 0.0
- 0.0
effort:
- .nan
- .nan
---
header:
  stamp:
    sec: 1791159561
    nanosec: 423042539
  frame_id: base_link
name:
- joint_x
- joint_y
position:
- 0.0
- 0.0
velocity:
- 0.0
- 0.0
effort:
- .nan
- .nan
---
header:
  stamp:
    sec: 1791159561
    nanosec: 443036371
  frame_id: base_link
name:
- joint_x
- joint_y
position:
- 0.0
- 0.0
velocity:
- 0.0
- 0.0
effort:
- .nan
- .nan
---
header:
  stamp:
    sec: 1791159561
    nanosec: 463042351
  frame_id: base_link
name:
- joint_x
- joint_y
position:
- 0.0
- 0.0
velocity:
- 0.0
- 0.0
effort:
- .nan
- .nan
---
header:
  stamp:
    sec: 1791159561
    nanosec: 483030651
  frame_id: base_link
name:
- joint_x
- joint_y
position:
- 0.0
- 0.0
velocity:
- 0.0
- 0.0
effort:
- .nan
- .nan
---
header:
  stamp:
    sec: 1791159561
    nanosec: 503039028
  frame_id: base_link
name:
- joint_x
- joint_y
position:
- 0.0
- 0.0
velocity:
- 0.0
- 0.0
effort:
- .nan
- .nan
---
header:
  stamp:
    sec: 1791159561
    nanosec: 523039680
  frame_id: base_link
name:
- joint_x
- joint_y
position:
- 0.0
- 0.0
velocity:
- 0.0
- 0.0
effort:
- .nan
- .nan
---
header:
  stamp:
    sec: 1791159561
    nanosec: 543016433
  frame_id: base_link
name:
- joint_x
- joint_y
position:
- 0.0
- 0.0
velocity:
- 0.0
- 0.0
effort:
- .nan
- .nan
---
header:
  stamp:
    sec: 1791159561
    nanosec: 563038788
  frame_id: base_link
name:
- joint_x
- joint_y
position:
- 0.0
- 0.0
velocity:
- 0.0
- 0.0
effort:
- .nan
- .nan
---
header:
  stamp:
    sec: 1791159561
    nanosec: 583037905
  frame_id: base_link
name:
- joint_x
- joint_y
position:
- 0.0
- 0.0
velocity:
- 0.0
- 0.0
effort:
- .nan
- .nan
---
header:
  stamp:
    sec: 1791159561
    nanosec: 603313623
  frame_id: base_link
name:
- joint_x
- joint_y
position:
- 0.0
- 0.0
velocity:
- 0.0
- 0.0
effort:
- .nan
- .nan
---
header:
  stamp:
    sec: 1791159561
    nanosec: 623046836
  frame_id: base_link
name:
- joint_x
- joint_y
position:
- 0.0
- 0.0
velocity:
- 0.0
- 0.0
effort:
- .nan
- .nan
---
header:
  stamp:
    sec: 1791159561
    nanosec: 643055585
  frame_id: base_link
name:
- joint_x
- joint_y
position:
- 0.0
- 0.0
velocity:
- 0.0
- 0.0
effort:
- .nan
- .nan
---
header:
  stamp:
    sec: 1791159561
    nanosec: 663046035
  frame_id: base_link
name:
- joint_x
- joint_y
position:
- 0.0
- 0.0
velocity:
- 0.0
- 0.0
effort:
- .nan
- .nan
---
header:
  stamp:
    sec: 1791159561
    nanosec: 683069822
  frame_id: base_link
name:
- joint_x
- joint_y
position:
- 0.0
- 0.0
velocity:
- 0.0
- 0.0
effort:
- .nan
- .nan
---
header:
  stamp:
    sec: 1791159561
    nanosec: 703047131
  frame_id: base_link
name:
- joint_x
- joint_y
position:
- 0.0
- 0.0
velocity:
- 0.0
- 0.0
effort:
- .nan
- .nan
---
header:
  stamp:
    sec: 1791159561
    nanosec: 723023570
  frame_id: base_link
name:
- joint_x
- joint_y
position:
- 0.0
- 0.0
velocity:
- 0.0
- 0.0
effort:
- .nan
- .nan
---
header:
  stamp:
    sec: 1791159561
    nanosec: 743052407
  frame_id: base_link
name:
- joint_x
- joint_y
position:
- 0.0
- 0.0
velocity:
- 0.0
- 0.0
effort:
- .nan
- .nan
---
header:
  stamp:
    sec: 1791159561
    nanosec: 763054224
  frame_id: base_link
name:
- joint_x
- joint_y
position:
- 0.0
- 0.0
velocity:
- 0.0
- 0.0
effort:
- .nan
- .nan
---
header:
  stamp:
    sec: 1791159561
    nanosec: 783055902
  frame_id: base_link
name:
- joint_x
- joint_y
position:
- 0.0
- 0.0
velocity:
- 0.0
- 0.0
effort:
- .nan
- .nan
---
header:
  stamp:
    sec: 1791159561
    nanosec: 803051445
  frame_id: base_link
name:
- joint_x
- joint_y
position:
- 0.0
- 0.0
velocity:
- 0.0
- 0.0
effort:
- .nan
- .nan
---
header:
  stamp:
    sec: 1791159561
    nanosec: 823034942
  frame_id: base_link
name:
- joint_x
- joint_y
position:
- 0.0
- 0.0
velocity:
- 0.0
- 0.0
effort:
- .nan
- .nan
---
header:
  stamp:
    sec: 1791159561
    nanosec: 843054734
  frame_id: base_link
name:
- joint_x
- joint_y
position:
- 0.0
- 0.0
velocity:
- 0.0
- 0.0
effort:
- .nan
- .nan
---
header:
  stamp:
    sec: 1791159561
    nanosec: 863054240
  frame_id: base_link
name:
- joint_x
- joint_y
position:
- 0.0
- 0.0
velocity:
- 0.0
- 0.0
effort:
- .nan
- .nan
---
header:
  stamp:
    sec: 1791159561
    nanosec: 883054193
  frame_id: base_link
name:
- joint_x
- joint_y
position:
- 0.0
- 0.0
velocity:
- 0.0
- 0.0
effort:
- .nan
- .nan
---
header:
  stamp:
    sec: 1791159561
    nanosec: 903046423
  frame_id: base_link
name:
- joint_x
- joint_y
position:
- 0.0
- 0.0
velocity:
- 0.0
- 0.0
effort:
- .nan
- .nan
---
header:
  stamp:
    sec: 1791159561
    nanosec: 923021027
  frame_id: base_link
name:
- joint_x
- joint_y
position:
- 0.0
- 0.0
velocity:
- 0.0
- 0.0
effort:
- .nan
- .nan
---
header:
  stamp:
    sec: 1791159561
    nanosec: 943078168
  frame_id: base_link
name:
- joint_x
- joint_y
position:
- 0.0
- 0.0
velocity:
- 0.0
- 0.0
effort:
- .nan
- .nan
---
header:
  stamp:
    sec: 1791159561
    nanosec: 963058239
  frame_id: base_link
name:
- joint_x
- joint_y
position:
- 0.0
- 0.0
velocity:
- 0.0
- 0.0
effort:
- .nan
- .nan
---
header:
  stamp:
    sec: 1791159561
    nanosec: 983071679
  frame_id: base_link
name:
- joint_x
- joint_y
position:
- 0.0
- 0.0
velocity:
- 0.0
- 0.0
effort:
- .nan
- .nan
---
header:
  stamp:
    sec: 1791159562
    nanosec: 3087400
  frame_id: base_link
name:
- joint_x
- joint_y
position:
- 0.0
- 0.0
velocity:
- 0.0
- 0.0
effort:
- .nan
- .nan
---
header:
  stamp:
    sec: 1791159562
    nanosec: 23030113
  frame_id: base_link
name:
- joint_x
- joint_y
position:
- 0.0
- 0.0
velocity:
- 0.0
- 0.0
effort:
- .nan
- .nan
---
header:
  stamp:
    sec: 1791159562
    nanosec: 43024662
  frame_id: base_link
name:
- joint_x
- joint_y
position:
- 0.0
- 0.0
velocity:
- 0.0
- 0.0
effort:
- .nan
- .nan
---
header:
  stamp:
    sec: 1791159562
    nanosec: 63081884
  frame_id: base_link
name:
- joint_x
- joint_y
position:
- 0.0
- 0.0
velocity:
- 0.0
- 0.0
effort:
- .nan
- .nan
---
header:
  stamp:
    sec: 1791159562
    nanosec: 83023411
  frame_id: base_link
name:
- joint_x
- joint_y
position:
- 0.0
- 0.0
velocity:
- 0.0
- 0.0
effort:
- .nan
- .nan
---
header:
  stamp:
    sec: 1791159562
    nanosec: 103057621
  frame_id: base_link
name:
- joint_x
- joint_y
position:
- 0.0
- 0.0
velocity:
- 0.0
- 0.0
effort:
- .nan
- .nan
---
header:
  stamp:
    sec: 1791159562
    nanosec: 123034235
  frame_id: base_link
name:
- joint_x
- joint_y
position:
- 0.0
- 0.0
velocity:
- 0.0
- 0.0
effort:
- .nan
- .nan
---
header:
  stamp:
    sec: 1791159562
    nanosec: 143033787
  frame_id: base_link
name:
- joint_x
- joint_y
position:
- 0.0
- 0.0
velocity:
- 0.0
- 0.0
effort:
- .nan
- .nan
---
header:
  stamp:
    sec: 1791159562
    nanosec: 163069802
  frame_id: base_link
name:
- joint_x
- joint_y
position:
- 0.0
- 0.0
velocity:
- 0.0
- 0.0
effort:
- .nan
- .nan
---
header:
  stamp:
    sec: 1791159562
    nanosec: 183052198
  frame_id: base_link
name:
- joint_x
- joint_y
position:
- 0.0
- 0.0
velocity:
- 0.0
- 0.0
effort:
- .nan
- .nan
---
header:
  stamp:
    sec: 1791159562
    nanosec: 203073590
  frame_id: base_link
name:
- joint_x
- joint_y
position:
- 0.0
- 0.0
velocity:
- 0.0
- 0.0
effort:
- .nan
- .nan
---
header:
  stamp:
    sec: 1791159562
    nanosec: 223025628
  frame_id: base_link
name:
- joint_x
- joint_y
position:
- 0.0
- 0.0
velocity:
- 0.0
- 0.0
effort:
- .nan
- .nan
---
header:
  stamp:
    sec: 1791159562
    nanosec: 243052739
  frame_id: base_link
name:
- joint_x
- joint_y
position:
- 0.0
- 0.0
velocity:
- 0.0
- 0.0
effort:
- .nan
- .nan
---
header:
  stamp:
    sec: 1791159562
    nanosec: 263041601
  frame_id: base_link
name:
- joint_x
- joint_y
position:
- 0.0
- 0.0
velocity:
- 0.0
- 0.0
effort:
- .nan
- .nan
---
header:
  stamp:
    sec: 1791159562
    nanosec: 283200074
  frame_id: base_link
name:
- joint_x
- joint_y
position:
- 0.0
- 0.0
velocity:
- 0.0
- 0.0
effort:
- .nan
- .nan
---
header:
  stamp:
    sec: 1791159562
    nanosec: 303042491
  frame_id: base_link
name:
- joint_x
- joint_y
position:
- 0.0
- 0.0
velocity:
- 0.0
- 0.0
effort:
- .nan
- .nan
---
header:
  stamp:
    sec: 1791159562
    nanosec: 323028527
  frame_id: base_link
name:
- joint_x
- joint_y
position:
- 0.0
- 0.0
velocity:
- 0.0
- 0.0
effort:
- .nan
- .nan
---
header:
  stamp:
    sec: 1791159562
    nanosec: 343029163
  frame_id: base_link
name:
- joint_x
- joint_y
position:
- 0.0
- 0.0
velocity:
- 0.0
- 0.0
effort:
- .nan
- .nan
---
header:
  stamp:
    sec: 1791159562
    nanosec: 363026054
  frame_id: base_link
name:
- joint_x
- joint_y
position:
- 0.0
- 0.0
velocity:
- 0.0
- 0.0
effort:
- .nan
- .nan
---
header:
  stamp:
    sec: 1791159562
    nanosec: 383052966
  frame_id: base_link
name:
- joint_x
- joint_y
position:
- 0.0
- 0.0
velocity:
- 0.0
- 0.0
effort:
- .nan
- .nan
---
header:
  stamp:
    sec: 1791159562
    nanosec: 403017417
  frame_id: base_link
name:
- joint_x
- joint_y
position:
- 0.0
- 0.0
velocity:
- 0.0
- 0.0
effort:
- .nan
- .nan
---
header:
  stamp:
    sec: 1791159562
    nanosec: 423035987
  frame_id: base_link
name:
- joint_x
- joint_y
position:
- 0.0
- 0.0
velocity:
- 0.0
- 0.0
effort:
- .nan
- .nan
---
header:
  stamp:
    sec: 1791159562
    nanosec: 443021798
  frame_id: base_link
name:
- joint_x
- joint_y
position:
- 0.0
- 0.0
velocity:
- 0.0
- 0.0
effort:
- .nan
- .nan
---
header:
  stamp:
    sec: 1791159562
    nanosec: 463030278
  frame_id: base_link
name:
- joint_x
- joint_y
position:
- 0.0
- 0.0
velocity:
- 0.0
- 0.0
effort:
- .nan
- .nan
---
header:
  stamp:
    sec: 1791159562
    nanosec: 483033650
  frame_id: base_link
name:
- joint_x
- joint_y
position:
- 0.0
- 0.0
velocity:
- 0.0
- 0.0
effort:
- .nan
- .nan
---
header:
  stamp:
    sec: 1791159562
    nanosec: 503033940
  frame_id: base_link
name:
- joint_x
- joint_y
position:
- 0.0
- 0.0
velocity:
- 0.0
- 0.0
effort:
- .nan
- .nan
---
header:
  stamp:
    sec: 1791159562
    nanosec: 523033110
  frame_id: base_link
name:
- joint_x
- joint_y
position:
- 0.0
- 0.0
velocity:
- 0.0
- 0.0
effort:
- .nan
- .nan
---
header:
  stamp:
    sec: 1791159562
    nanosec: 543055581
  frame_id: base_link
name:
- joint_x
- joint_y
position:
- 0.0
- 0.0
velocity:
- 0.0
- 0.0
effort:
- .nan
- .nan
---
header:
  stamp:
    sec: 1791159562
    nanosec: 563053497
  frame_id: base_link
name:
- joint_x
- joint_y
position:
- 0.0
- 0.0
velocity:
- 0.0
- 0.0
effort:
- .nan
- .nan
---
header:
  stamp:
    sec: 1791159562
    nanosec: 583045199
  frame_id: base_link
name:
- joint_x
- joint_y
position:
- 3.7500001781154424e-05
- 3.7500001781154424e-05
velocity:
- 0.0014880952658131719
- 0.0014880952658131719
effort:
- .nan
- .nan
---
header:
  stamp:
    sec: 1791159562
    nanosec: 603050112
  frame_id: base_link
name:
- joint_x
- joint_y
position:
- 8.749999688006938e-05
- 8.749999688006938e-05
velocity:
- 0.0024999999441206455
- 0.0024999999441206455
effort:
- .nan
- .nan
---
header:
  stamp:
    sec: 1791159562
    nanosec: 623050654
  frame_id: base_link
name:
- joint_x
- joint_y
position:
- 0.0001500000071246177
- 0.0001500000071246177
velocity:
- 0.0031250000465661287
- 0.0031250000465661287
effort:
- .nan
- .nan
---
header:
  stamp:
    sec: 1791159562
    nanosec: 643062492
  frame_id: base_link
name:
- joint_x
- joint_y
position:
- 0.0002312500000698492
- 0.0002312500000698492
velocity:
- 0.004062499850988388
- 0.004062499850988388
effort:
- .nan
- .nan
---
header:
  stamp:
    sec: 1791159562
    nanosec: 663069858
  frame_id: base_link
name:
- joint_x
- joint_y
position:
- 0.00032500000088475645
- 0.00032500000088475645
velocity:
- 0.004687500186264515
- 0.004687500186264515
effort:
- .nan
- .nan
---
header:
  stamp:
    sec: 1791159562
    nanosec: 683055633
  frame_id: base_link
name:
- joint_x
- joint_y
position:
- 0.0004312499950174242
- 0.0004312499950174242
velocity:
- 0.0053125000558793545
- 0.004999999888241291
effort:
- .nan
- .nan
---
header:
  stamp:
    sec: 1791159562
    nanosec: 703044641
  frame_id: base_link
name:
- joint_x
- joint_y
position:
- 0.0005562499864026904
- 0.0005562499864026904
velocity:
- 0.0059523810632526875
- 0.0062500000931322575
effort:
- .nan
- .nan
---
header:
  stamp:
    sec: 1791159562
    nanosec: 723056206
  frame_id: base_link
name:
- joint_x
- joint_y
position:
- 0.0006937499856576324
- 0.0006937499856576324
velocity:
- 0.006874999962747097
- 0.006874999962747097
effort:
- .nan
- .nan
---
header:
  stamp:
    sec: 1791159562
    nanosec: 743041888
  frame_id: base_link
name:
- joint_x
- joint_y
position:
- 0.0008374999742954969
- 0.0008437500218860805
velocity:
- 0.0071875001303851604
- 0.0071875001303851604
effort:
- .nan
- .nan
---
header:
  stamp:
    sec: 1791159562
    nanosec: 763083888
  frame_id: base_link
name:
- joint_x
- joint_y
position:
- 0.0011687499936670065
- 0.0011687499936670065
velocity:
- 0.008437500335276127
- 0.008437500335276127
effort:
- .nan
- .nan
---
header:
  stamp:
    sec: 1791159562
    nanosec: 783074727
  frame_id: base_link
name:
- joint_x
- joint_y
position:
- 0.0013562500244006515
- 0.0013562500244006515
velocity:
- 0.00937500037252903
- 0.00937500037252903
effort:
- .nan
- .nan
---
header:
  stamp:
    sec: 1791159562
    nanosec: 803067342
  frame_id: base_link
name:
- joint_x
- joint_y
position:
- 0.001550000044517219
- 0.001550000044517219
velocity:
- 0.009687500074505806
- 0.009687500074505806
effort:
- .nan
- .nan
---
header:
  stamp:
    sec: 1791159562
    nanosec: 823049979
  frame_id: base_link
name:
- joint_x
- joint_y
position:
- 0.001756250043399632
- 0.001756250043399632
velocity:
- 0.010312500409781933
- 0.010312500409781933
effort:
- .nan
- .nan
---
header:
  stamp:
    sec: 1791159562
    nanosec: 843045527
  frame_id: base_link
name:
- joint_x
- joint_y
position:
- 0.0019687500316649675
- 0.0019687500316649675
velocity:
- 0.010625000111758709
- 0.010625000111758709
effort:
- .nan
- .nan
---
header:
  stamp:
    sec: 1791159562
    nanosec: 863048804
  frame_id: base_link
name:
- joint_x
- joint_y
position:
- 0.0021937501151114702
- 0.0021937501151114702
velocity:
- 0.011250000447034836
- 0.011250000447034836
effort:
- .nan
- .nan
---
header:
  stamp:
    sec: 1791159562
    nanosec: 883048743
  frame_id: base_link
name:
- joint_x
- joint_y
position:
- 0.00244374992325902
- 0.00244374992325902
velocity:
- 0.012187499552965164
- 0.012500000186264515
effort:
- .nan
- .nan
---
header:
  stamp:
    sec: 1791159562
    nanosec: 903063773
  frame_id: base_link
name:
- joint_x
- joint_y
position:
- 0.0026875000912696123
- 0.002681249985471368
velocity:
- 0.012187499552965164
- 0.011874999850988388
effort:
- .nan
- .nan
---
header:
  stamp:
    sec: 1791159562
    nanosec: 923062178
  frame_id: base_link
name:
- joint_x
- joint_y
position:
- 0.002937499899417162
- 0.002937499899417162
velocity:
- 0.012812499888241291
- 0.012812499888241291
effort:
- .nan
- .nan
---
header:
  stamp:
    sec: 1791159562
    nanosec: 943060627
  frame_id: base_link
name:
- joint_x
- joint_y
position:
- 0.0031999999191612005
- 0.0031937500461935997
velocity:
- 0.013124999590218067
- 0.012812499888241291
effort:
- .nan
- .nan
---
header:
  stamp:
    sec: 1791159562
    nanosec: 963034112
  frame_id: base_link
name:
- joint_x
- joint_y
position:
- 0.003768750000745058
- 0.003768750000745058
velocity:
- 0.014375000260770321
- 0.014687499962747097
effort:
- .nan
- .nan
---
header:
  stamp:
    sec: 1791159562
    nanosec: 983038651
  frame_id: base_link
name:
- joint_x
- joint_y
position:
- 0.004062499850988388
- 0.004056250210851431
velocity:
- 0.014687499962747097
- 0.014375000260770321
effort:
- .nan
- .nan
---
header:
  stamp:
    sec: 1791159563
    nanosec: 3043912
  frame_id: base_link
name:
- joint_x
- joint_y
position:
- 0.004356250166893005
- 0.004350000061094761
velocity:
- 0.014687499962747097
- 0.014687499962747097
effort:
- .nan
- .nan
---
header:
  stamp:
    sec: 1791159563
    nanosec: 23057451
  frame_id: base_link
name:
- joint_x
- joint_y
position:
- 0.00465625012293458
- 0.004650000017136335
velocity:
- 0.014999999664723873
- 0.014999999664723873
effort:
- .nan
- .nan
---
header:
  stamp:
    sec: 1791159563
    nanosec: 43035168
  frame_id: base_link
name:
- joint_x
- joint_y
position:
- 0.004962500184774399
- 0.004962500184774399
velocity:
- 0.015312500298023224
- 0.015625
effort:
- .nan
- .nan
---
header:
  stamp:
    sec: 1791159563
    nanosec: 63059758
  frame_id: base_link
name:
- joint_x
- joint_y
position:
- 0.0052999998442828655
- 0.005293750204145908
velocity:
- 0.016875000670552254
- 0.01656249910593033
effort:
- .nan
- .nan
---
header:
  stamp:
    sec: 1791159563
    nanosec: 83028455
  frame_id: base_link
name:
- joint_x
- joint_y
position:
- 0.005618750117719173
- 0.005618750117719173
velocity:
- 0.015937499701976776
- 0.016249999403953552
effort:
- .nan
- .nan
---
header:
  stamp:
    sec: 1791159563
    nanosec: 103061092
  frame_id: base_link
name:
- joint_x
- joint_y
position:
- 0.005950000137090683
- 0.0059437500312924385
velocity:
- 0.01656249910593033
- 0.016249999403953552
effort:
- .nan
- .nan
---
header:
  stamp:
    sec: 1791159563
    nanosec: 123051380
  frame_id: base_link
name:
- joint_x
- joint_y
position:
- 0.0062812501564621925
- 0.0062812501564621925
velocity:
- 0.01656249910593033
- 0.016875000670552254
effort:
- .nan
- .nan
---
header:
  stamp:
    sec: 1791159563
    nanosec: 143028495
  frame_id: base_link
name:
- joint_x
- joint_y
position:
- 0.00664374977350235
- 0.006637500133365393
velocity:
- 0.01726190559566021
- 0.01696428656578064
effort:
- .nan
- .nan
---
header:
  stamp:
    sec: 1791159563
    nanosec: 163058658
  frame_id: base_link
name:
- joint_x
- joint_y
position:
- 0.0073562501929700375
- 0.007350000087171793
velocity:
- 0.017500000074505806
- 0.017500000074505806
effort:
- .nan
- .nan
---
header:
  stamp:
    sec: 1791159563
    nanosec: 183028147
  frame_id: base_link
name:
- joint_x
- joint_y
position:
- 0.007712500169873238
- 0.007706250064074993
velocity:
- 0.017812499776482582
- 0.017812499776482582
effort:
- .nan
- .nan
---
header:
  stamp:
    sec: 1791159563
    nanosec: 203044358
  frame_id: base_link
name:
- joint_x
- joint_y
position:
- 0.008074999786913395
- 0.00806874968111515
velocity:
- 0.018124999478459358
- 0.018124999478459358
effort:
- .nan
- .nan
---
header:
  stamp:
    sec: 1791159563
    nanosec: 223045911
  frame_id: base_link
name:
- joint_x
- joint_y
position:
- 0.00846249982714653
- 0.008456249721348286
velocity:
- 0.01875000074505806
- 0.01845238171517849
effort:
- .nan
- .nan
---
header:
  stamp:
    sec: 1791159563
    nanosec: 243048331
  frame_id: base_link
name:
- joint_x
- joint_y
position:
- 0.008849999867379665
- 0.008849999867379665
velocity:
- 0.019375000149011612
- 0.019375000149011612
effort:
- .nan
- .nan
---
header:
  stamp:
    sec: 1791159563
    nanosec: 263047112
  frame_id: base_link
name:
- joint_x
- joint_y
position:
- 0.009224999696016312
- 0.009224999696016312
velocity:
- 0.01875000074505806
- 0.01875000074505806
effort:
- .nan
- .nan
---
header:
  stamp:
    sec: 1791159563
    nanosec: 283023705
  frame_id: base_link
name:
- joint_x
- joint_y
position:
- 0.009606249630451202
- 0.009600000455975533
velocity:
- 0.01875000074505806
- 0.019062500447034836
effort:
- .nan
- .nan
---
header:
  stamp:
    sec: 1791159563
    nanosec: 303046152
  frame_id: base_link
name:
- joint_x
- joint_y
position:
- 0.009987499564886093
- 0.009987499564886093
velocity:
- 0.019062500447034836
- 0.019062500447034836
effort:
- .nan
- .nan
---
header:
  stamp:
    sec: 1791159563
    nanosec: 323047503
  frame_id: base_link
name:
- joint_x
- joint_y
position:
- 0.010374999605119228
- 0.010368750430643559
velocity:
- 0.019375000149011612
- 0.019375000149011612
effort:
- .nan
- .nan
---
header:
  stamp:
    sec: 1791159563
    nanosec: 343054545
  frame_id: base_link
name:
- joint_x
- joint_y
position:
- 0.011168750002980232
- 0.011162499897181988
velocity:
- 0.019375000149011612
- 0.019375000149011612
effort:
- .nan
- .nan
---
header:
  stamp:
    sec: 1791159563
    nanosec: 363036030
  frame_id: base_link
name:
- joint_x
- joint_y
position:
- 0.011562500149011612
- 0.011556250043213367
velocity:
- 0.019999999552965164
- 0.019687499850988388
effort:
- .nan
- .nan
---
header:
  stamp:
    sec: 1791159563
    nanosec: 383049742
  frame_id: base_link
name:
- joint_x
- joint_y
position:
- 0.011956250295042992
- 0.011956250295042992
velocity:
- 0.019687499850988388
- 0.019999999552965164
effort:
- .nan
- .nan
---
header:
  stamp:
    sec: 1791159563
    nanosec: 403052932
  frame_id: base_link
name:
- joint_x
- joint_y
position:
- 0.012356249615550041
- 0.012356249615550041
velocity:
- 0.019999999552965164
- 0.019999999552965164
effort:
- .nan
- .nan
---
header:
  stamp:
    sec: 1791159563
    nanosec: 423049338
  frame_id: base_link
name:
- joint_x
- joint_y
position:
- 0.012775000184774399
- 0.012775000184774399
velocity:
- 0.020937500521540642
- 0.020937500521540642
effort:
- .nan
- .nan
---
header:
  stamp:
    sec: 1791159563
    nanosec: 443068118
  frame_id: base_link
name:
- joint_x
- joint_y
position:
- 0.013175000436604023
- 0.013175000436604023
velocity:
- 0.019999999552965164
- 0.019999999552965164
effort:
- .nan
- .nan
---
header:
  stamp:
    sec: 1791159563
    nanosec: 463050660
  frame_id: base_link
name:
- joint_x
- joint_y
position:
- 0.013581249862909317
- 0.013574999757111073
velocity:
- 0.02031249925494194
- 0.019999999552965164
effort:
- .nan
- .nan
---
header:
  stamp:
    sec: 1791159563
    nanosec: 483050588
  frame_id: base_link
name:
- joint_x
- joint_y
position:
- 0.013981250114738941
- 0.013981250114738941
velocity:
- 0.019999999552965164
- 0.02031249925494194
effort:
- .nan
- .nan
---
header:
  stamp:
    sec: 1791159563
    nanosec: 503048219
  frame_id: base_link
name:
- joint_x
- joint_y
position:
- 0.014387499541044235
- 0.014387499541044235
velocity:
- 0.02031249925494194
- 0.02031249925494194
effort:
- .nan
- .nan
---
header:
  stamp:
    sec: 1791159563
    nanosec: 523057593
  frame_id: base_link
name:
- joint_x
- joint_y
position:
- 0.015212499536573887
- 0.015212499536573887
velocity:
- 0.019999999552965164
- 0.019999999552965164
effort:
- .nan
- .nan
---
header:
  stamp:
    sec: 1791159563
    nanosec: 543049622
  frame_id: base_link
name:
- joint_x
- joint_y
position:
- 0.015618749894201756
- 0.015612499788403511
velocity:
- 0.019999999552965164
- 0.02031249925494194
effort:
- .nan
- .nan
---
header:
  stamp:
    sec: 1791159563
    nanosec: 563059037
  frame_id: base_link
name:
- joint_x
- joint_y
position:
- 0.01601875014603138
- 0.01601875014603138
velocity:
- 0.02031249925494194
- 0.02031249925494194
effort:
- .nan
- .nan
---
header:
  stamp:
    sec: 1791159563
    nanosec: 583051035
  frame_id: base_link
name:
- joint_x
- joint_y
position:
- 0.016443749889731407
- 0.016443749889731407
velocity:
- 0.02023809589445591
- 0.02023809589445591
effort:
- .nan
- .nan
---
header:
  stamp:
    sec: 1791159563
    nanosec: 603046610
  frame_id: base_link
name:
- joint_x
- joint_y
position:
- 0.016868749633431435
- 0.016868749633431435
velocity:
- 0.021250000223517418
- 0.021250000223517418
effort:
- .nan
- .nan
---
header:
  stamp:
    sec: 1791159563
    nanosec: 623055443
  frame_id: base_link
name:
- joint_x
- joint_y
position:
- 0.017268750816583633
- 0.017268750816583633
velocity:
- 0.019999999552965164
- 0.019687499850988388
effort:
- .nan
- .nan
---
header:
  stamp:
    sec: 1791159563
    nanosec: 643051871
  frame_id: base_link
name:
- joint_x
- joint_y
position:
- 0.017668750137090683
- 0.017668750137090683
velocity:
- 0.019687499850988388
- 0.019999999552965164
effort:
- .nan
- .nan
---
header:
  stamp:
    sec: 1791159563
    nanosec: 663049561
  frame_id: base_link
name:
- joint_x
- joint_y
position:
- 0.018062500283122063
- 0.018068749457597733
velocity:
- 0.019999999552965164
- 0.019999999552965164
effort:
- .nan
- .nan
---
header:
  stamp:
    sec: 1791159563
    nanosec: 683050990
  frame_id: base_link
name:
- joint_x
- joint_y
position:
- 0.018462499603629112
- 0.018462499603629112
velocity:
- 0.019999999552965164
- 0.019999999552965164
effort:
- .nan
- .nan
---
header:
  stamp:
    sec: 1791159563
    nanosec: 703056199
  frame_id: base_link
name:
- joint_x
- joint_y
position:
- 0.01925624907016754
- 0.01926250010728836
velocity:
- 0.019062500447034836
- 0.019375000149011612
effort:
- .nan
- .nan
---
header:
  stamp:
    sec: 1791159563
    nanosec: 723057447
  frame_id: base_link
name:
- joint_x
- joint_y
position:
- 0.01964999921619892
- 0.01964999921619892
velocity:
- 0.019375000149011612
- 0.019375000149011612
effort:
- .nan
- .nan
---
header:
  stamp:
    sec: 1791159563
    nanosec: 743053547
  frame_id: base_link
name:
- joint_x
- joint_y
position:
- 0.02003750018775463
- 0.02003750018775463
velocity:
- 0.019375000149011612
- 0.019062500447034836
effort:
- .nan
- .nan
---
header:
  stamp:
    sec: 1791159563
    nanosec: 763055611
  frame_id: base_link
name:
- joint_x
- joint_y
position:
- 0.02043749950826168
- 0.02043749950826168
velocity:
- 0.0193452388048172
- 0.0193452388048172
effort:
- .nan
- .nan
---
header:
  stamp:
    sec: 1791159563
    nanosec: 783050640
  frame_id: base_link
name:
- joint_x
- joint_y
position:
- 0.02083750069141388
- 0.02083750069141388
velocity:
- 0.019687499850988388
- 0.019687499850988388
effort:
- .nan
- .nan
---
header:
  stamp:
    sec: 1791159563
    nanosec: 803050340
  frame_id: base_link
name:
- joint_x
- joint_y
position:
- 0.02120625041425228
- 0.02120625041425228
velocity:
- 0.01875000074505806
- 0.01875000074505806
effort:
- .nan
- .nan
---
header:
  stamp:
    sec: 1791159563
    nanosec: 823050223
  frame_id: base_link
name:
- joint_x
- joint_y
position:
- 0.021575000137090683
- 0.021581249311566353
velocity:
- 0.018437499180436134
- 0.018437499180436134
effort:
- .nan
- .nan
---
header:
  stamp:
    sec: 1791159563
    nanosec: 843060931
  frame_id: base_link
name:
- joint_x
- joint_y
position:
- 0.021943749859929085
- 0.021950000897049904
velocity:
- 0.018437499180436134
- 0.018437499180436134
effort:
- .nan
- .nan
---
header:
  stamp:
    sec: 1791159563
    nanosec: 863054109
  frame_id: base_link
name:
- joint_x
- joint_y
position:
- 0.022306250408291817
- 0.022306250408291817
velocity:
- 0.018124999478459358
- 0.018124999478459358
effort:
- .nan
- .nan
---
header:
  stamp:
    sec: 1791159563
    nanosec: 883030679
  frame_id: base_link
name:
- joint_x
- joint_y
position:
- 0.02268124930560589
- 0.02268124930560589
velocity:
- 0.01875000074505806
- 0.01875000074505806
effort:
- .nan
- .nan
---
header:
  stamp:
    sec: 1791159563
    nanosec: 903053726
  frame_id: base_link
name:
- joint_x
- joint_y
position:
- 0.023375000804662704
- 0.023375000804662704
velocity:
- 0.01718750037252903
- 0.01718750037252903
effort:
- .nan
- .nan
---
header:
  stamp:
    sec: 1791159563
    nanosec: 923051707
  frame_id: base_link
name:
- joint_x
- joint_y
position:
- 0.02371875010430813
- 0.02371875010430813
velocity:
- 0.016875000670552254
- 0.016875000670552254
effort:
- .nan
- .nan
---
header:
  stamp:
    sec: 1791159563
    nanosec: 943053238
  frame_id: base_link
name:
- joint_x
- joint_y
position:
- 0.02406875044107437
- 0.02406875044107437
velocity:
- 0.017812499776482582
- 0.017812499776482582
effort:
- .nan
- .nan
---
header:
  stamp:
    sec: 1791159563
    nanosec: 963055569
  frame_id: base_link
name:
- joint_x
- joint_y
position:
- 0.024393750354647636
- 0.024393750354647636
velocity:
- 0.016249999403953552
- 0.016249999403953552
effort:
- .nan
- .nan
---
header:
  stamp:
    sec: 1791159563
    nanosec: 983006748
  frame_id: base_link
name:
- joint_x
- joint_y
position:
- 0.0247187502682209
- 0.024712499231100082
velocity:
- 0.016249999403953552
- 0.015937499701976776
effort:
- .nan
- .nan
---
header:
  stamp:
    sec: 1791159564
    nanosec: 3059306
  frame_id: base_link
name:
- joint_x
- joint_y
position:
- 0.025031249970197678
- 0.025031249970197678
velocity:
- 0.015625
- 0.015937499701976776
effort:
- .nan
- .nan
---
header:
  stamp:
    sec: 1791159564
    nanosec: 23060318
  frame_id: base_link
name:
- joint_x
- joint_y
position:
- 0.025343749672174454
- 0.025337500497698784
velocity:
- 0.015625
- 0.015312500298023224
effort:
- .nan
- .nan
---
header:
  stamp:
    sec: 1791159564
    nanosec: 43001869
  frame_id: base_link
name:
- joint_x
- joint_y
position:
- 0.02564374916255474
- 0.02563749998807907
velocity:
- 0.014999999664723873
- 0.014999999664723873
effort:
- .nan
- .nan
---
header:
  stamp:
    sec: 1791159564
    nanosec: 63005636
  frame_id: base_link
name:
- joint_x
- joint_y
position:
- 0.025949999690055847
- 0.025949999690055847
velocity:
- 0.015312500298023224
- 0.015625
effort:
- .nan
- .nan
---
header:
  stamp:
    sec: 1791159564
    nanosec: 83017925
  frame_id: base_link
name:
- joint_x
- joint_y
position:
- 0.026512499898672104
- 0.026506250724196434
velocity:
- 0.01406249962747097
- 0.013749999925494194
effort:
- .nan
- .nan
---
header:
  stamp:
    sec: 1791159564
    nanosec: 103014909
  frame_id: base_link
name:
- joint_x
- joint_y
position:
- 0.026781249791383743
- 0.026781249791383743
velocity:
- 0.013437500223517418
- 0.013749999925494194
effort:
- .nan
- .nan
---
header:
  stamp:
    sec: 1791159564
    nanosec: 123013209
  frame_id: base_link
name:
- joint_x
- joint_y
position:
- 0.027056250721216202
- 0.027056250721216202
velocity:
- 0.013749999925494194
- 0.013749999925494194
effort:
- .nan
- .nan
---
header:
  stamp:
    sec: 1791159564
    nanosec: 143050334
  frame_id: base_link
name:
- joint_x
- joint_y
position:
- 0.027306249365210533
- 0.027306249365210533
velocity:
- 0.012500000186264515
- 0.012500000186264515
effort:
- .nan
- .nan
---
header:
  stamp:
    sec: 1791159564
    nanosec: 163014196
  frame_id: base_link
name:
- joint_x
- joint_y
position:
- 0.027550000697374344
- 0.027550000697374344
velocity:
- 0.012187499552965164
- 0.012187499552965164
effort:
- .nan
- .nan
---
header:
  stamp:
    sec: 1791159564
    nanosec: 183035588
  frame_id: base_link
name:
- joint_x
- joint_y
position:
- 0.027781249955296516
- 0.027781249955296516
velocity:
- 0.011562500149011612
- 0.011562500149011612
effort:
- .nan
- .nan
---
header:
  stamp:
    sec: 1791159564
    nanosec: 203032285
  frame_id: base_link
name:
- joint_x
- joint_y
position:
- 0.02801249921321869
- 0.02800625003874302
velocity:
- 0.011562500149011612
- 0.011250000447034836
effort:
- .nan
- .nan
---
header:
  stamp:
    sec: 1791159564
    nanosec: 223028008
  frame_id: base_link
name:
- joint_x
- joint_y
position:
- 0.02823749929666519
- 0.02823749929666519
velocity:
- 0.011250000447034836
- 0.011562500149011612
effort:
- .nan
- .nan
---
header:
  stamp:
    sec: 1791159564
    nanosec: 243014686
  frame_id: base_link
name:
- joint_x
- joint_y
position:
- 0.028443749994039536
- 0.028443749994039536
velocity:
- 0.009999999776482582
- 0.009999999776482582
effort:
- .nan
- .nan
---
header:
  stamp:
    sec: 1791159564
    nanosec: 263020796
  frame_id: base_link
name:
- joint_x
- joint_y
position:
- 0.028818750753998756
- 0.028818750753998756
velocity:
- 0.009062499739229679
- 0.009062499739229679
effort:
- .nan
- .nan
---
header:
  stamp:
    sec: 1791159564
    nanosec: 283031105
  frame_id: base_link
name:
- joint_x
- joint_y
position:
- 0.028999999165534973
- 0.028999999165534973
velocity:
- 0.009062499739229679
- 0.009062499739229679
effort:
- .nan
- .nan
---
header:
  stamp:
    sec: 1791159564
    nanosec: 303013927
  frame_id: base_link
name:
- joint_x
- joint_y
position:
- 0.02916250005364418
- 0.02916250005364418
velocity:
- 0.008124999701976776
- 0.008124999701976776
effort:
- .nan
- .nan
---
header:
  stamp:
    sec: 1791159564
    nanosec: 323015180
  frame_id: base_link
name:
- joint_x
- joint_y
position:
- 0.0293125007301569
- 0.0293125007301569
velocity:
- 0.0071875001303851604
- 0.007499999832361937
effort:
- .nan
- .nan
---
header:
  stamp:
    sec: 1791159564
    nanosec: 343051256
  frame_id: base_link
name:
- joint_x
- joint_y
position:
- 0.02944999933242798
- 0.02944999933242798
velocity:
- 0.0071875001303851604
- 0.006874999962747097
effort:
- .nan
- .nan
---
header:
  stamp:
    sec: 1791159564
    nanosec: 363054342
  frame_id: base_link
name:
- joint_x
- joint_y
position:
- 0.02957499958574772
- 0.02957499958574772
velocity:
- 0.0062500000931322575
- 0.0062500000931322575
effort:
- .nan
- .nan
---
header:
  stamp:
    sec: 1791159564
    nanosec: 383043917
  frame_id: base_link
name:
- joint_x
- joint_y
position:
- 0.02969999983906746
- 0.02969999983906746
velocity:
- 0.0059523810632526875
- 0.0059523810632526875
effort:
- .nan
- .nan
---
header:
  stamp:
    sec: 1791159564
    nanosec: 403044716
  frame_id: base_link
name:
- joint_x
- joint_y
position:
- 0.02980625070631504
- 0.02980625070631504
velocity:
- 0.0053125000558793545
- 0.0053125000558793545
effort:
- .nan
- .nan
---
header:
  stamp:
    sec: 1791159564
    nanosec: 423041785
  frame_id: base_link
name:
- joint_x
- joint_y
position:
- 0.029893750324845314
- 0.029893750324845314
velocity:
- 0.0043750000186264515
- 0.0043750000186264515
effort:
- .nan
- .nan
---
header:
  stamp:
    sec: 1791159564
    nanosec: 443070910
  frame_id: base_link
name:
- joint_x
- joint_y
position:
- 0.029975000768899918
- 0.029975000768899918
velocity:
- 0.004062499850988388
- 0.004062499850988388
effort:
- .nan
- .nan
---
header:
  stamp:
    sec: 1791159564
    nanosec: 463047897
  frame_id: base_link
name:
- joint_x
- joint_y
position:
- 0.03008750081062317
- 0.03008750081062317
velocity:
- 0.0024999999441206455
- 0.0024999999441206455
effort:
- .nan
- .nan
---
header:
  stamp:
    sec: 1791159564
    nanosec: 483041068
  frame_id: base_link
name:
- joint_x
- joint_y
position:
- 0.030124999582767487
- 0.030124999582767487
velocity:
- 0.0018749999580904841
- 0.0018749999580904841
effort:
- .nan
- .nan
---
header:
  stamp:
    sec: 1791159564
    nanosec: 503043555
  frame_id: base_link
name:
- joint_x
- joint_y
position:
- 0.030143750831484795
- 0.030143750831484795
velocity:
- 0.0009374999790452421
- 0.0009374999790452421
effort:
- .nan
- .nan
---
header:
  stamp:
    sec: 1791159564
    nanosec: 523095341
  frame_id: base_link
name:
- joint_x
- joint_y
position:
- 0.030150000005960464
- 0.030150000005960464
velocity:
- 0.0003124999930150807
- 0.0003124999930150807
effort:
- .nan
- .nan
---
header:
  stamp:
    sec: 1791159564
    nanosec: 543022589
  frame_id: base_link
name:
- joint_x
- joint_y
position:
- 0.030150000005960464
- 0.030150000005960464
velocity:
- 0.0
- 0.0
effort:
- .nan
- .nan
---
header:
  stamp:
    sec: 1791159564
    nanosec: 563045516
  frame_id: base_link
name:
- joint_x
- joint_y
position:
- 0.030124999582767487
- 0.030124999582767487
velocity:
- -0.0009374999790452421
- -0.0012499999720603228
effort:
- .nan
- .nan
---
header:
  stamp:
    sec: 1791159564
    nanosec: 583044324
  frame_id: base_link
name:
- joint_x
- joint_y
position:
- 0.03008750081062317
- 0.03008750081062317
velocity:
- -0.0018749999580904841
- -0.0018749999580904841
effort:
- .nan
- .nan
---
header:
  stamp:
    sec: 1791159564
    nanosec: 603046275
  frame_id: base_link
name:
- joint_x
- joint_y
position:
- 0.030037499964237213
- 0.030037499964237213
velocity:
- -0.002812500111758709
- -0.0024999999441206455
effort:
- .nan
- .nan
---
header:
  stamp:
    sec: 1791159564
    nanosec: 623044119
  frame_id: base_link
name:
- joint_x
- joint_y
position:
- 0.029975000768899918
- 0.029975000768899918
velocity:
- -0.0031250000465661287
- -0.0031250000465661287
effort:
- .nan
- .nan
---
header:
  stamp:
    sec: 1791159564
    nanosec: 643050614
  frame_id: base_link
name:
- joint_x
- joint_y
position:
- 0.02979375049471855
- 0.02979375049471855
velocity:
- -0.004999999888241291
- -0.004999999888241291
effort:
- .nan
- .nan
---
header:
  stamp:
    sec: 1791159564
    nanosec: 663052862
  frame_id: base_link
name:
- joint_x
- joint_y
position:
- 0.02968749962747097
- 0.02968749962747097
velocity:
- -0.0053125000558793545
- -0.0053125000558793545
effort:
- .nan
- .nan
---
header:
  stamp:
    sec: 1791159564
    nanosec: 683044422
  frame_id: base_link
name:
- joint_x
- joint_y
position:
- 0.02956875041127205
- 0.02956875041127205
velocity:
- -0.005937499925494194
- -0.005937499925494194
effort:
- .nan
- .nan
---
header:
  stamp:
    sec: 1791159564
    nanosec: 703044888
  frame_id: base_link
name:
- joint_x
- joint_y
position:
- 0.02943749912083149
- 0.02943749912083149
velocity:
- -0.006562499795109034
- -0.006562499795109034
effort:
- .nan
- .nan
---
header:
  stamp:
    sec: 1791159564
    nanosec: 723045104
  frame_id: base_link
name:
- joint_x
- joint_y
position:
- 0.02929374948143959
- 0.02929374948143959
velocity:
- -0.0071875001303851604
- -0.0071875001303851604
effort:
- .nan
- .nan
---
header:
  stamp:
    sec: 1791159564
    nanosec: 743045703
  frame_id: base_link
name:
- joint_x
- joint_y
position:
- 0.029131250455975533
- 0.029131250455975533
velocity:
- -0.008124999701976776
- -0.0078125
effort:
- .nan
- .nan
---
header:
  stamp:
    sec: 1791159564
    nanosec: 763054057
  frame_id: base_link
name:
- joint_x
- joint_y
position:
- 0.028962500393390656
- 0.028968749567866325
velocity:
- -0.008124999701976776
- -0.008437500335276127
effort:
- .nan
- .nan
---
header:
  stamp:
    sec: 1791159564
    nanosec: 783030423
  frame_id: base_link
name:
- joint_x
- joint_y
position:
- 0.02878749929368496
- 0.02879375033080578
velocity:
- -0.008750000037252903
- -0.008750000037252903
effort:
- .nan
- .nan
---
header:
  stamp:
    sec: 1791159564
    nanosec: 803045589
  frame_id: base_link
name:
- joint_x
- joint_y
position:
- 0.028599999845027924
- 0.028606250882148743
velocity:
- -0.00937500037252903
- -0.00937500037252903
effort:
- .nan
- .nan
---
header:
  stamp:
    sec: 1791159564
    nanosec: 823048362
  frame_id: base_link
name:
- joint_x
- joint_y
position:
- 0.028187500312924385
- 0.028187500312924385
velocity:
- -0.010937499813735485
- -0.011250000447034836
effort:
- .nan
- .nan
---
header:
  stamp:
    sec: 1791159564
    nanosec: 843045850
  frame_id: base_link
name:
- joint_x
- joint_y
position:
- 0.027968749403953552
- 0.027968749403953552
velocity:
- -0.010937499813735485
- -0.010937499813735485
effort:
- .nan
- .nan
---
header:
  stamp:
    sec: 1791159564
    nanosec: 863054822
  frame_id: base_link
name:
- joint_x
- joint_y
position:
- 0.02773750014603138
- 0.02774374932050705
velocity:
- -0.011562500149011612
- -0.011250000447034836
effort:
- .nan
- .nan
---
header:
  stamp:
    sec: 1791159564
    nanosec: 883031075
  frame_id: base_link
name:
- joint_x
- joint_y
position:
- 0.027499999850988388
- 0.027506250888109207
velocity:
- -0.011874999850988388
- -0.011874999850988388
effort:
- .nan
- .nan
---
header:
  stamp:
    sec: 1791159564
    nanosec: 903050715
  frame_id: base_link
name:
- joint_x
- joint_y
position:
- 0.027256250381469727
- 0.027256250381469727
velocity:
- -0.012187499552965164
- -0.012500000186264515
effort:
- .nan
- .nan
---
header:
  stamp:
    sec: 1791159564
    nanosec: 923049263
  frame_id: base_link
name:
- joint_x
- joint_y
position:
- 0.026987500488758087
- 0.026987500488758087
velocity:
- -0.013437500223517418
- -0.013437500223517418
effort:
- .nan
- .nan
---
header:
  stamp:
    sec: 1791159564
    nanosec: 943052834
  frame_id: base_link
name:
- joint_x
- joint_y
position:
- 0.026718750596046448
- 0.026718750596046448
velocity:
- -0.013124999590218067
- -0.013124999590218067
effort:
- .nan
- .nan
---
header:
  stamp:
    sec: 1791159564
    nanosec: 963050167
  frame_id: base_link
name:
- joint_x
- joint_y
position:
- 0.02645000070333481
- 0.02645000070333481
velocity:
- -0.013749999925494194
- -0.013749999925494194
effort:
- .nan
- .nan
---
header:
  stamp:
    sec: 1791159564
    nanosec: 983026123
  frame_id: base_link
name:
- joint_x
- joint_y
position:
- 0.02616875059902668
- 0.02616875059902668
velocity:
- -0.01406249962747097
- -0.013749999925494194
effort:
- .nan
- .nan
---
header:
  stamp:
    sec: 1791159565
    nanosec: 3047036
  frame_id: base_link
name:
- joint_x
- joint_y
position:
- 0.025568749755620956
- 0.025575000792741776
velocity:
- -0.015312500298023224
- -0.015625
effort:
- .nan
- .nan
---
header:
  stamp:
    sec: 1791159565
    nanosec: 23054825
  frame_id: base_link
name:
- joint_x
- joint_y
position:
- 0.02526875026524067
- 0.02526875026524067
velocity:
- -0.015312500298023224
- -0.015312500298023224
effort:
- .nan
- .nan
---
header:
  stamp:
    sec: 1791159565
    nanosec: 43052948
  frame_id: base_link
name:
- joint_x
- joint_y
position:
- 0.024956250563263893
- 0.024956250563263893
velocity:
- -0.015312500298023224
- -0.015312500298023224
effort:
- .nan
- .nan
---
header:
  stamp:
    sec: 1791159565
    nanosec: 63043740
  frame_id: base_link
name:
- joint_x
- joint_y
position:
- 0.024637499824166298
- 0.024643750861287117
velocity:
- -0.015937499701976776
- -0.015937499701976776
effort:
- .nan
- .nan
---
header:
  stamp:
    sec: 1791159565
    nanosec: 83026911
  frame_id: base_link
name:
- joint_x
- joint_y
position:
- 0.024299999698996544
- 0.024299999698996544
velocity:
- -0.0163690485060215
- -0.0163690485060215
effort:
- .nan
- .nan
---
header:
  stamp:
    sec: 1791159565
    nanosec: 103041611
  frame_id: base_link
name:
- joint_x
- joint_y
position:
- 0.0239499993622303
- 0.0239499993622303
velocity:
- -0.017500000074505806
- -0.01718750037252903
effort:
- .nan
- .nan
---
header:
  stamp:
    sec: 1791159565
    nanosec: 123039947
  frame_id: base_link
name:
- joint_x
- joint_y
position:
- 0.023612499237060547
- 0.023612499237060547
velocity:
- -0.016875000670552254
- -0.016875000670552254
effort:
- .nan
- .nan
---
header:
  stamp:
    sec: 1791159565
    nanosec: 143052342
  frame_id: base_link
name:
- joint_x
- joint_y
position:
- 0.023274999111890793
- 0.023274999111890793
velocity:
- -0.016875000670552254
- -0.01718750037252903
effort:
- .nan
- .nan
---
header:
  stamp:
    sec: 1791159565
    nanosec: 163046775
  frame_id: base_link
name:
- joint_x
- joint_y
position:
- 0.0229250006377697
- 0.0229250006377697
velocity:
- -0.017500000074505806
- -0.017500000074505806
effort:
- .nan
- .nan
---
header:
  stamp:
    sec: 1791159565
    nanosec: 183028116
  frame_id: base_link
name:
- joint_x
- joint_y
position:
- 0.022575000301003456
- 0.022568749263882637
velocity:
- -0.017500000074505806
- -0.017500000074505806
effort:
- .nan
- .nan
---
header:
  stamp:
    sec: 1791159565
    nanosec: 203055412
  frame_id: base_link
name:
- joint_x
- joint_y
position:
- 0.021837500855326653
- 0.021837500855326653
velocity:
- -0.018124999478459358
- -0.018124999478459358
effort:
- .nan
- .nan
---
header:
  stamp:
    sec: 1791159565
    nanosec: 223045712
  frame_id: base_link
name:
- joint_x
- joint_y
position:
- 0.0214687492698431
- 0.0214687492698431
velocity:
- -0.018124999478459358
- -0.018124999478459358
effort:
- .nan
- .nan
---
header:
  stamp:
    sec: 1791159565
    nanosec: 243046876
  frame_id: base_link
name:
- joint_x
- joint_y
position:
- 0.0210999995470047
- 0.0210999995470047
velocity:
- -0.01875000074505806
- -0.01875000074505806
effort:
- .nan
- .nan
---
header:
  stamp:
    sec: 1791159565
    nanosec: 263046396
  frame_id: base_link
name:
- joint_x
- joint_y
position:
- 0.02070000022649765
- 0.02070000022649765
velocity:
- -0.01904761977493763
- -0.01904761977493763
effort:
- .nan
- .nan
---
header:
  stamp:
    sec: 1791159565
    nanosec: 283053109
  frame_id: base_link
name:
- joint_x
- joint_y
position:
- 0.0203000009059906
- 0.0203000009059906
velocity:
- -0.019999999552965164
- -0.019999999552965164
effort:
- .nan
- .nan
---
header:
  stamp:
    sec: 1791159565
    nanosec: 303048683
  frame_id: base_link
name:
- joint_x
- joint_y
position:
- 0.01991874910891056
- 0.01991874910891056
velocity:
- -0.019062500447034836
- -0.019062500447034836
effort:
- .nan
- .nan
---
header:
  stamp:
    sec: 1791159565
    nanosec: 323047006
  frame_id: base_link
name:
- joint_x
- joint_y
position:
- 0.01952500082552433
- 0.01952500082552433
velocity:
- -0.019375000149011612
- -0.019375000149011612
effort:
- .nan
- .nan
---
header:
  stamp:
    sec: 1791159565
    nanosec: 343009328
  frame_id: base_link
name:
- joint_x
- joint_y
position:
- 0.01913749985396862
- 0.01913749985396862
velocity:
- -0.019375000149011612
- -0.019375000149011612
effort:
- .nan
- .nan
---
header:
  stamp:
    sec: 1791159565
    nanosec: 363012096
  frame_id: base_link
name:
- joint_x
- joint_y
position:
- 0.01874374970793724
- 0.01874374970793724
velocity:
- -0.019687499850988388
- -0.019687499850988388
effort:
- .nan
- .nan
---
header:
  stamp:
    sec: 1791159565
    nanosec: 383029282
  frame_id: base_link
name:
- joint_x
- joint_y
position:
- 0.017937500029802322
- 0.017943749204277992
velocity:
- -0.019375000149011612
- -0.019687499850988388
effort:
- .nan
- .nan
---
header:
  stamp:
    sec: 1791159565
    nanosec: 403047162
  frame_id: base_link
name:
- joint_x
- joint_y
position:
- 0.017543749883770943
- 0.017543749883770943
velocity:
- -0.019999999552965164
- -0.019999999552965164
effort:
- .nan
- .nan
---
header:
  stamp:
    sec: 1791159565
    nanosec: 423046783
  frame_id: base_link
name:
- joint_x
- joint_y
position:
- 0.017143750563263893
- 0.017143750563263893
velocity:
- -0.019999999552965164
- -0.019999999552965164
effort:
- .nan
- .nan
---
header:
  stamp:
    sec: 1791159565
    nanosec: 443050567
  frame_id: base_link
name:
- joint_x
- joint_y
position:
- 0.016718750819563866
- 0.016724999994039536
velocity:
- -0.02023809589445591
- -0.01994047686457634
effort:
- .nan
- .nan
---
header:
  stamp:
    sec: 1791159569
    nanosec: 47154015
  frame_id: base_link
name:
- joint_x
- joint_y
position:
- 0.01629374921321869
- 0.01629374921321869
velocity:
- -0.020937500521540642
- -0.021250000223517418
effort:
- .nan
- .nan
---
header:
  stamp:
    sec: 1791159569
    nanosec: 67131486
  frame_id: base_link
name:
- joint_x
- joint_y
position:
- 0.01588750071823597
- 0.01589374989271164
velocity:
- -0.02031249925494194
- -0.02031249925494194
effort:
- .nan
- .nan
---
header:
  stamp:
    sec: 1791159569
    nanosec: 87187328
  frame_id: base_link
name:
- joint_x
- joint_y
position:
- 0.01548749953508377
- 0.01548749953508377
velocity:
- -0.019999999552965164
- -0.019999999552965164
effort:
- .nan
- .nan
---
header:
  stamp:
    sec: 1791159569
    nanosec: 107140536
  frame_id: base_link
name:
- joint_x
- joint_y
position:
- 0.015081250108778477
- 0.015087500214576721
velocity:
- -0.02031249925494194
- -0.02031249925494194
effort:
- .nan
- .nan
---
header:
  stamp:
    sec: 1791159569
    nanosec: 127111983
  frame_id: base_link
name:
- joint_x
- joint_y
position:
- 0.014674999751150608
- 0.014681249856948853
velocity:
- -0.02031249925494194
- -0.02031249925494194
effort:
- .nan
- .nan
---
header:
  stamp:
    sec: 1791159569
    nanosec: 147145248
  frame_id: base_link
name:
- joint_x
- joint_y
position:
- 0.01425000000745058
- 0.01425000000745058
velocity:
- -0.02053571492433548
- -0.02053571492433548
effort:
- .nan
- .nan
---
header:
  stamp:
    sec: 1791159569
    nanosec: 167138039
  frame_id: base_link
name:
- joint_x
- joint_y
position:
- 0.013431250117719173
- 0.013431250117719173
velocity:
- -0.019999999552965164
- -0.019999999552965164
effort:
- .nan
- .nan
---
header:
  stamp:
    sec: 1791159569
    nanosec: 187145394
  frame_id: base_link
name:
- joint_x
- joint_y
position:
- 0.01303124986588955
- 0.01303124986588955
velocity:
- -0.019999999552965164
- -0.019999999552965164
effort:
- .nan
- .nan
---
header:
  stamp:
    sec: 1791159569
    nanosec: 207148365
  frame_id: base_link
name:
- joint_x
- joint_y
position:
- 0.012631249614059925
- 0.012625000439584255
velocity:
- -0.019999999552965164
- -0.019999999552965164
effort:
- .nan
- .nan
---
header:
  stamp:
    sec: 1791159569
    nanosec: 227151850
  frame_id: base_link
name:
- joint_x
- joint_y
position:
- 0.012206249870359898
- 0.012206249870359898
velocity:
- -0.020937500521540642
- -0.020937500521540642
effort:
- .nan
- .nan
---
header:
  stamp:
    sec: 1791159569
    nanosec: 247143791
  frame_id: base_link
name:
- joint_x
- joint_y
position:
- 0.011812499724328518
- 0.011812499724328518
velocity:
- -0.019999999552965164
- -0.019999999552965164
effort:
- .nan
- .nan
---
header:
  stamp:
    sec: 1791159569
    nanosec: 267109271
  frame_id: base_link
name:
- joint_x
- joint_y
position:
- 0.011412500403821468
- 0.011418749578297138
velocity:
- -0.019687499850988388
- -0.019687499850988388
effort:
- .nan
- .nan
---
header:
  stamp:
    sec: 1791159569
    nanosec: 287144295
  frame_id: base_link
name:
- joint_x
- joint_y
position:
- 0.011025000363588333
- 0.011025000363588333
velocity:
- -0.019687499850988388
- -0.019687499850988388
effort:
- .nan
- .nan
---
header:
  stamp:
    sec: 1791159569
    nanosec: 307142182
  frame_id: base_link
name:
- joint_x
- joint_y
position:
- 0.010631250217556953
- 0.010631250217556953
velocity:
- -0.019375000149011612
- -0.019687499850988388
effort:
- .nan
- .nan
---
header:
  stamp:
    sec: 1791159569
    nanosec: 327146047
  frame_id: base_link
name:
- joint_x
- joint_y
position:
- 0.010224999859929085
- 0.010224999859929085
velocity:
- -0.01964285783469677
- -0.0193452388048172
effort:
- .nan
- .nan
---
header:
  stamp:
    sec: 1791159569
    nanosec: 347157531
  frame_id: base_link
name:
- joint_x
- joint_y
position:
- 0.00944374967366457
- 0.00944374967366457
velocity:
- -0.01875000074505806
- -0.019062500447034836
effort:
- .nan
- .nan
---
header:
  stamp:
    sec: 1791159569
    nanosec: 367140163
  frame_id: base_link
name:
- joint_x
- joint_y
position:
- 0.009062499739229679
- 0.009068749845027924
velocity:
- -0.01875000074505806
- -0.01875000074505806
effort:
- .nan
- .nan
---
header:
  stamp:
    sec: 1791159569
    nanosec: 387143399
  frame_id: base_link
name:
- joint_x
- joint_y
position:
- 0.008693750016391277
- 0.008693750016391277
velocity:
- -0.01875000074505806
- -0.01875000074505806
effort:
- .nan
- .nan
---
header:
  stamp:
    sec: 1791159569
    nanosec: 407144978
  frame_id: base_link
name:
- joint_x
- joint_y
position:
- 0.008299999870359898
- 0.008306249976158142
velocity:
- -0.01875000074505806
- -0.01845238171517849
effort:
- .nan
- .nan
---
header:
  stamp:
    sec: 1791159569
    nanosec: 427154053
  frame_id: base_link
name:
- joint_x
- joint_y
position:
- 0.007918749935925007
- 0.007918749935925007
velocity:
- -0.019062500447034836
- -0.019062500447034836
effort:
- .nan
- .nan
---
header:
  stamp:
    sec: 1791159569
    nanosec: 447142905
  frame_id: base_link
name:
- joint_x
- joint_y
position:
- 0.007556249853223562
- 0.007556249853223562
velocity:
- -0.017812499776482582
- -0.018124999478459358
effort:
- .nan
- .nan
---
header:
  stamp:
    sec: 1791159569
    nanosec: 467131128
  frame_id: base_link
name:
- joint_x
- joint_y
position:
- 0.007199999876320362
- 0.007206249982118607
velocity:
- -0.017812499776482582
- -0.017812499776482582
effort:
- .nan
- .nan
---
header:
  stamp:
    sec: 1791159569
    nanosec: 487139060
  frame_id: base_link
name:
- joint_x
- joint_y
position:
- 0.006850000005215406
- 0.006856250111013651
velocity:
- -0.017500000074505806
- -0.017500000074505806
effort:
- .nan
- .nan
---
header:
  stamp:
    sec: 1791159569
    nanosec: 507149511
  frame_id: base_link
name:
- joint_x
- joint_y
position:
- 0.006506249774247408
- 0.006506249774247408
velocity:
- -0.01718750037252903
- -0.01718750037252903
effort:
- .nan
- .nan
---
header:
  stamp:
    sec: 1791159569
    nanosec: 527145261
  frame_id: base_link
name:
- joint_x
- joint_y
position:
- 0.006156249903142452
- 0.006156249903142452
velocity:
- -0.01696428656578064
- -0.01696428656578064
effort:
- .nan
- .nan
---
header:
  stamp:
    sec: 1791159569
    nanosec: 547144289
  frame_id: base_link
name:
- joint_x
- joint_y
position:
- 0.0054812501184642315
- 0.0054812501184642315
velocity:
- -0.016249999403953552
- -0.016249999403953552
effort:
- .nan
- .nan
---
header:
  stamp:
    sec: 1791159569
    nanosec: 567123446
  frame_id: base_link
name:
- joint_x
- joint_y
position:
- 0.005162499845027924
- 0.005162499845027924
velocity:
- -0.015937499701976776
- -0.015937499701976776
effort:
- .nan
- .nan
---
header:
  stamp:
    sec: 1791159569
    nanosec: 587139133
  frame_id: base_link
name:
- joint_x
- joint_y
position:
- 0.0048500001430511475
- 0.0048500001430511475
velocity:
- -0.015625
- -0.015625
effort:
- .nan
- .nan
---
header:
  stamp:
    sec: 1791159569
    nanosec: 607140624
  frame_id: base_link
name:
- joint_x
- joint_y
position:
- 0.004525000229477882
- 0.0045312498696148396
velocity:
- -0.015937499701976776
- -0.015937499701976776
effort:
- .nan
- .nan
---
header:
  stamp:
    sec: 1791159569
    nanosec: 627108062
  frame_id: base_link
name:
- joint_x
- joint_y
position:
- 0.004231249913573265
- 0.004231249913573265
velocity:
- -0.014999999664723873
- -0.014999999664723873
effort:
- .nan
- .nan
---
header:
  stamp:
    sec: 1791159569
    nanosec: 647143055
  frame_id: base_link
name:
- joint_x
- joint_y
position:
- 0.003937500063329935
- 0.003937500063329935
velocity:
- -0.014375000260770321
- -0.014375000260770321
effort:
- .nan
- .nan
---
header:
  stamp:
    sec: 1791159569
    nanosec: 667128673
  frame_id: base_link
name:
- joint_x
- joint_y
position:
- 0.0036562499590218067
- 0.0036562499590218067
velocity:
- -0.014375000260770321
- -0.01406249962747097
effort:
- .nan
- .nan
---
header:
  stamp:
    sec: 1791159569
    nanosec: 687145628
  frame_id: base_link
name:
- joint_x
- joint_y
position:
- 0.003381249960511923
- 0.003381249960511923
velocity:
- -0.013437500223517418
- -0.013749999925494194
effort:
- .nan
- .nan
---
header:
  stamp:
    sec: 1791159569
    nanosec: 707112565
  frame_id: base_link
name:
- joint_x
- joint_y
position:
- 0.003106249962002039
- 0.003106249962002039
velocity:
- -0.013392857275903225
- -0.013392857275903225
effort:
- .nan
- .nan
---
header:
  stamp:
    sec: 1791159569
    nanosec: 727151221
  frame_id: base_link
name:
- joint_x
- joint_y
position:
- 0.002831249963492155
- 0.002831249963492155
velocity:
- -0.013749999925494194
- -0.013749999925494194
effort:
- .nan
- .nan
---
header:
  stamp:
    sec: 1791159569
    nanosec: 747162556
  frame_id: base_link
name:
- joint_x
- joint_y
position:
- 0.0023437500931322575
- 0.0023499999660998583
velocity:
- -0.012187499552965164
- -0.011874999850988388
effort:
- .nan
- .nan
---
header:
  stamp:
    sec: 1791159569
    nanosec: 767128151
  frame_id: base_link
name:
- joint_x
- joint_y
position:
- 0.0021187500096857548
- 0.0021187500096857548
velocity:
- -0.011250000447034836
- -0.011562500149011612
effort:
- .nan
- .nan
---
header:
  stamp:
    sec: 1791159569
    nanosec: 787145315
  frame_id: base_link
name:
- joint_x
- joint_y
position:
- 0.0018875000532716513
- 0.0018875000532716513
velocity:
- -0.011562500149011612
- -0.011562500149011612
effort:
- .nan
- .nan
---
header:
  stamp:
    sec: 1791159569
    nanosec: 807104517
  frame_id: base_link
name:
- joint_x
- joint_y
position:
- 0.0016749999485909939
- 0.0016749999485909939
velocity:
- -0.010625000111758709
- -0.010625000111758709
effort:
- .nan
- .nan
---
header:
  stamp:
    sec: 1791159569
    nanosec: 827110459
  frame_id: base_link
name:
- joint_x
- joint_y
position:
- 0.0014750000555068254
- 0.0014750000555068254
velocity:
- -0.009999999776482582
- -0.009999999776482582
effort:
- .nan
- .nan
---
header:
  stamp:
    sec: 1791159569
    nanosec: 847142479
  frame_id: base_link
name:
- joint_x
- joint_y
position:
- 0.0012812500353902578
- 0.0012875000247731805
velocity:
- -0.00937500037252903
- -0.00937500037252903
effort:
- .nan
- .nan
---
header:
  stamp:
    sec: 1791159569
    nanosec: 867141375
  frame_id: base_link
name:
- joint_x
- joint_y
position:
- 0.0011062499834224582
- 0.0011062499834224582
velocity:
- -0.009062499739229679
- -0.009062499739229679
effort:
- .nan
- .nan
---
header:
  stamp:
    sec: 1791159569
    nanosec: 887150874
  frame_id: base_link
name:
- joint_x
- joint_y
position:
- 0.0009250000002793968
- 0.0009312499896623194
velocity:
- -0.008630952797830105
- -0.008333333767950535
effort:
- .nan
- .nan
---
header:
  stamp:
    sec: 1791159569
    nanosec: 907144565
  frame_id: base_link
name:
- joint_x
- joint_y
position:
- 0.0007624999852851033
- 0.0007624999852851033
velocity:
- -0.008124999701976776
- -0.008437500335276127
effort:
- .nan
- .nan
---
header:
  stamp:
    sec: 1791159569
    nanosec: 927156096
  frame_id: base_link
name:
- joint_x
- joint_y
position:
- 0.00048749998677521944
- 0.00048749998677521944
velocity:
- -0.006562499795109034
- -0.006562499795109034
effort:
- .nan
- .nan
---
header:
  stamp:
    sec: 1791159569
    nanosec: 947145085
  frame_id: base_link
name:
- joint_x
- joint_y
position:
- 0.00036249999538995326
- 0.00036249999538995326
velocity:
- -0.0062500000931322575
- -0.0062500000931322575
effort:
- .nan
- .nan
---
header:
  stamp:
    sec: 1791159569
    nanosec: 967133492
  frame_id: base_link
name:
- joint_x
- joint_y
position:
- 0.0002500000118743628
- 0.0002500000118743628
velocity:
- -0.005625000223517418
- -0.005625000223517418
effort:
- .nan
- .nan
---
header:
  stamp:
    sec: 1791159569
    nanosec: 987144863
  frame_id: base_link
name:
- joint_x
- joint_y
position:
- 0.00015624999650754035
- 0.00015624999650754035
velocity:
- -0.004687500186264515
- -0.004687500186264515
effort:
- .nan
- .nan
---
header:
  stamp:
    sec: 1791159570
    nanosec: 7142820
  frame_id: base_link
name:
- joint_x
- joint_y
position:
- 6.874999962747097e-05
- 6.874999962747097e-05
velocity:
- -0.0043750000186264515
- -0.0043750000186264515
effort:
- .nan
- .nan
---
header:
  stamp:
    sec: 1791159570
    nanosec: 27146877
  frame_id: base_link
name:
- joint_x
- joint_y
position:
- 0.0
- 0.0
velocity:
- -0.0034374999813735485
- -0.0034374999813735485
effort:
- .nan
- .nan
---
header:
  stamp:
    sec: 1791159570
    nanosec: 47146035
  frame_id: base_link
name:
- joint_x
- joint_y
position:
- -5.624999903375283e-05
- -5.624999903375283e-05
velocity:
- -0.002812500111758709
- -0.002812500111758709
effort:
- .nan
- .nan
---
header:
  stamp:
    sec: 1791159570
    nanosec: 67147844
  frame_id: base_link
name:
- joint_x
- joint_y
position:
- -0.0001062500014086254
- -0.0001062500014086254
velocity:
- -0.0024999999441206455
- -0.0024999999441206455
effort:
- .nan
- .nan
---
header:
  stamp:
    sec: 1791159570
    nanosec: 87146696
  frame_id: base_link
name:
- joint_x
- joint_y
position:
- -0.00013124999532010406
- -0.00013124999532010406
velocity:
- -0.0012499999720603228
- -0.0012499999720603228
effort:
- .nan
- .nan
---
header:
  stamp:
    sec: 1791159570
    nanosec: 107148295
  frame_id: base_link
name:
- joint_x
- joint_y
position:
- -0.0001500000071246177
- -0.0001500000071246177
velocity:
- 0.0
- 0.0
effort:
- .nan
- .nan
---
header:
  stamp:
    sec: 1791159570
    nanosec: 127108728
  frame_id: base_link
name:
- joint_x
- joint_y
position:
- -0.00013124999532010406
- -0.00013124999532010406
velocity:
- 0.0006249999860301614
- 0.0009374999790452421
effort:
- .nan
- .nan
---
header:
  stamp:
    sec: 1791159570
    nanosec: 147145377
  frame_id: base_link
name:
- joint_x
- joint_y
position:
- -9.999999747378752e-05
- -9.999999747378752e-05
velocity:
- 0.0018749999580904841
- 0.0015625000232830644
effort:
- .nan
- .nan
---
header:
  stamp:
    sec: 1791159570
    nanosec: 167134303
  frame_id: base_link
name:
- joint_x
- joint_y
position:
- -6.874999962747097e-05
- -6.874999962747097e-05
velocity:
- 0.0015625000232830644
- 0.0015625000232830644
effort:
- .nan
- .nan
---
header:
  stamp:
    sec: 1791159570
    nanosec: 187153065
  frame_id: base_link
name:
- joint_x
- joint_y
position:
- 0.0
- 0.0
velocity:
- 0.0034374999813735485
- 0.0034374999813735485
effort:
- .nan
- .nan
---
header:
  stamp:
    sec: 1791159570
    nanosec: 207136059
  frame_id: base_link
name:
- joint_x
- joint_y
position:
- 0.0
- 0.0
velocity:
- 0.0
- 0.0
effort:
- .nan
- .nan
---
header:
  stamp:
    sec: 1791159570
    nanosec: 227141641
  frame_id: base_link
name:
- joint_x
- joint_y
position:
- 0.0
- 0.0
velocity:
- 0.0
- 0.0
effort:
- .nan
- .nan
---
header:
  stamp:
    sec: 1791159570
    nanosec: 247160448
  frame_id: base_link
name:
- joint_x
- joint_y
position:
- 0.0
- 0.0
velocity:
- 0.0
- 0.0
effort:
- .nan
- .nan
---
header:
  stamp:
    sec: 1791159570
    nanosec: 267141917
  frame_id: base_link
name:
- joint_x
- joint_y
position:
- 0.0
- 0.0
velocity:
- 0.0
- 0.0
effort:
- .nan
- .nan
---
header:
  stamp:
    sec: 1791159570
    nanosec: 287147422
  frame_id: base_link
name:
- joint_x
- joint_y
position:
- 0.0
- 0.0
velocity:
- 0.0
- 0.0
effort:
- .nan
- .nan
---
header:
  stamp:
    sec: 1791159570
    nanosec: 307153556
  frame_id: base_link
name:
- joint_x
- joint_y
position:
- 0.0
- 0.0
velocity:
- 0.0
- 0.0
effort:
- .nan
- .nan
---
header:
  stamp:
    sec: 1791159570
    nanosec: 327282914
  frame_id: base_link
name:
- joint_x
- joint_y
position:
- 0.0
- 0.0
velocity:
- 0.0
- 0.0
effort:
- .nan
- .nan
---
header:
  stamp:
    sec: 1791159570
    nanosec: 347135973
  frame_id: base_link
name:
- joint_x
- joint_y
position:
- 0.0
- 0.0
velocity:
- 0.0
- 0.0
effort:
- .nan
- .nan
---
header:
  stamp:
    sec: 1791159570
    nanosec: 367121419
  frame_id: base_link
name:
- joint_x
- joint_y
position:
- 0.0
- 0.0
velocity:
- 0.0
- 0.0
effort:
- .nan
- .nan
---
