A message was lost!!!
	total count change:1
	total count: 1---
header:
  stamp:
    sec: 1791158714
    nanosec: 187163795
  frame_id: base_link
name:
- joint_x
- joint_y
position:
- 0.0
- 0.0
velocity:
- 0.0
- 0.0
effort:
- .nan
- .nan
---
header:
  stamp:
    sec: 1791158714
    nanosec: 207161977
  frame_id: base_link
name:
- joint_x
- joint_y
position:
- 0.0
- 0.0
velocity:
- 0.0
- 0.0
effort:
- .nan
- .nan
---
header:
  stamp:
    sec: 1791158714
    nanosec: 227151785
  frame_id: base_link
name:
- joint_x
- joint_y
position:
- 0.0
- 0.0
velocity:
- 0.0
- 0.0
effort:
- .nan
- .nan
---
header:
  stamp:
    sec: 1791158714
    nanosec: 247137623
  frame_id: base_link
name:
- joint_x
- joint_y
position:
- 0.0
- 0.0
velocity:
- 0.0
- 0.0
effort:
- .nan
- .nan
---
header:
  stamp:
    sec: 1791158714
    nanosec: 267136564
  frame_id: base_link
name:
- joint_x
- joint_y
position:
- 0.0
- 0.0
velocity:
- 0.0
- 0.0
effort:
- .nan
- .nan
---
header:
  stamp:
    sec: 1791158714
    nanosec: 287141226
  frame_id: base_link
name:
- joint_x
- joint_y
position:
- 0.0
- 0.0
velocity:
- 0.0
- 0.0
effort:
- .nan
- .nan
---
header:
  stamp:
    sec: 1791158714
    nanosec: 307155363
  frame_id: base_link
name:
- joint_x
- joint_y
position:
- 0.0
- 0.0
velocity:
- 0.0
- 0.0
effort:
- .nan
- .nan
---
header:
  stamp:
    sec: 1791158714
    nanosec: 327140307
  frame_id: base_link
name:
- joint_x
- joint_y
position:
- 0.0
- 0.0
velocity:
- 0.0
- 0.0
effort:
- .nan
- .nan
---
header:
  stamp:
    sec: 1791158714
    nanosec: 347140336
  frame_id: base_link
name:
- joint_x
- joint_y
position:
- 0.0
- 0.0
velocity:
- 0.0
- 0.0
effort:
- .nan
- .nan
---
header:
  stamp:
    sec: 1791158714
    nanosec: 367155190
  frame_id: base_link
name:
- joint_x
- joint_y
position:
- 0.0
- 0.0
velocity:
- 0.0
- 0.0
effort:
- .nan
- .nan
---
header:
  stamp:
    sec: 1791158714
    nanosec: 387141312
  frame_id: base_link
name:
- joint_x
- joint_y
position:
- 0.0
- 0.0
velocity:
- 0.0
- 0.0
effort:
- .nan
- .nan
---
header:
  stamp:
    sec: 1791158714
    nanosec: 407161385
  frame_id: base_link
name:
- joint_x
- joint_y
position:
- 0.0
- 0.0
velocity:
- 0.0
- 0.0
effort:
- .nan
- .nan
---
header:
  stamp:
    sec: 1791158714
    nanosec: 427147166
  frame_id: base_link
name:
- joint_x
- joint_y
position:
- 0.0
- 0.0
velocity:
- 0.0
- 0.0
effort:
- .nan
- .nan
---
header:
  stamp:
    sec: 1791158714
    nanosec: 447137867
  frame_id: base_link
name:
- joint_x
- joint_y
position:
- 0.0
- 0.0
velocity:
- 0.0
- 0.0
effort:
- .nan
- .nan
---
header:
  stamp:
    sec: 1791158714
    nanosec: 467151230
  frame_id: base_link
name:
- joint_x
- joint_y
position:
- 0.0
- 0.0
velocity:
- 0.0
- 0.0
effort:
- .nan
- .nan
---
header:
  stamp:
    sec: 1791158714
    nanosec: 487158714
  frame_id: base_link
name:
- joint_x
- joint_y
position:
- 0.0
- 0.0
velocity:
- 0.0
- 0.0
effort:
- .nan
- .nan
---
header:
  stamp:
    sec: 1791158714
    nanosec: 507164136
  frame_id: base_link
name:
- joint_x
- joint_y
position:
- 0.0
- 0.0
velocity:
- 0.0
- 0.0
effort:
- .nan
- .nan
---
header:
  stamp:
    sec: 1791158714
    nanosec: 527161114
  frame_id: base_link
name:
- joint_x
- joint_y
position:
- 0.0
- 0.0
velocity:
- 0.0
- 0.0
effort:
- .nan
- .nan
---
header:
  stamp:
    sec: 1791158714
    nanosec: 547165061
  frame_id: base_link
name:
- joint_x
- joint_y
position:
- 0.0
- 0.0
velocity:
- 0.0
- 0.0
effort:
- .nan
- .nan
---
header:
  stamp:
    sec: 1791158714
    nanosec: 567168785
  frame_id: base_link
name:
- joint_x
- joint_y
position:
- 0.0
- 0.0
velocity:
- 0.0
- 0.0
effort:
- .nan
- .nan
---
header:
  stamp:
    sec: 1791158714
    nanosec: 587162566
  frame_id: base_link
name:
- joint_x
- joint_y
position:
- 0.0
- 0.0
velocity:
- 0.0
- 0.0
effort:
- .nan
- .nan
---
header:
  stamp:
    sec: 1791158714
    nanosec: 607151261
  frame_id: base_link
name:
- joint_x
- joint_y
position:
- 0.0
- 0.0
velocity:
- 0.0
- 0.0
effort:
- .nan
- .nan
---
header:
  stamp:
    sec: 1791158714
    nanosec: 627158976
  frame_id: base_link
name:
- joint_x
- joint_y
position:
- 0.0
- 0.0
velocity:
- 0.0
- 0.0
effort:
- .nan
- .nan
---
header:
  stamp:
    sec: 1791158714
    nanosec: 647144201
  frame_id: base_link
name:
- joint_x
- joint_y
position:
- 0.0
- 0.0
velocity:
- 0.0
- 0.0
effort:
- .nan
- .nan
---
header:
  stamp:
    sec: 1791158714
    nanosec: 667140784
  frame_id: base_link
name:
- joint_x
- joint_y
position:
- 0.0
- 0.0
velocity:
- 0.0
- 0.0
effort:
- .nan
- .nan
---
header:
  stamp:
    sec: 1791158714
    nanosec: 687139887
  frame_id: base_link
name:
- joint_x
- joint_y
position:
- 0.0
- 0.0
velocity:
- 0.0
- 0.0
effort:
- .nan
- .nan
---
header:
  stamp:
    sec: 1791158714
    nanosec: 707150470
  frame_id: base_link
name:
- joint_x
- joint_y
position:
- 0.0
- 0.0
velocity:
- 0.0
- 0.0
effort:
- .nan
- .nan
---
header:
  stamp:
    sec: 1791158714
    nanosec: 727146271
  frame_id: base_link
name:
- joint_x
- joint_y
position:
- 0.0
- 0.0
velocity:
- 0.0
- 0.0
effort:
- .nan
- .nan
---
header:
  stamp:
    sec: 1791158714
    nanosec: 747144686
  frame_id: base_link
name:
- joint_x
- joint_y
position:
- 0.0
- 0.0
velocity:
- 0.0
- 0.0
effort:
- .nan
- .nan
---
header:
  stamp:
    sec: 1791158714
    nanosec: 767165118
  frame_id: base_link
name:
- joint_x
- joint_y
position:
- 0.0
- 0.0
velocity:
- 0.0
- 0.0
effort:
- .nan
- .nan
---
header:
  stamp:
    sec: 1791158714
    nanosec: 787144385
  frame_id: base_link
name:
- joint_x
- joint_y
position:
- 0.0
- 0.0
velocity:
- 0.0
- 0.0
effort:
- .nan
- .nan
---
header:
  stamp:
    sec: 1791158714
    nanosec: 807139329
  frame_id: base_link
name:
- joint_x
- joint_y
position:
- 0.0
- 0.0
velocity:
- 0.0
- 0.0
effort:
- .nan
- .nan
---
header:
  stamp:
    sec: 1791158714
    nanosec: 827155662
  frame_id: base_link
name:
- joint_x
- joint_y
position:
- 0.0
- 0.0
velocity:
- 0.0
- 0.0
effort:
- .nan
- .nan
---
header:
  stamp:
    sec: 1791158714
    nanosec: 847140802
  frame_id: base_link
name:
- joint_x
- joint_y
position:
- 0.0
- 0.0
velocity:
- 0.0
- 0.0
effort:
- .nan
- .nan
---
header:
  stamp:
    sec: 1791158714
    nanosec: 867147446
  frame_id: base_link
name:
- joint_x
- joint_y
position:
- 0.0
- 0.0
velocity:
- 0.0
- 0.0
effort:
- .nan
- .nan
---
header:
  stamp:
    sec: 1791158714
    nanosec: 887169218
  frame_id: base_link
name:
- joint_x
- joint_y
position:
- 0.0
- 0.0
velocity:
- 0.0
- 0.0
effort:
- .nan
- .nan
---
header:
  stamp:
    sec: 1791158714
    nanosec: 907141166
  frame_id: base_link
name:
- joint_x
- joint_y
position:
- 0.0
- 0.0
velocity:
- 0.0
- 0.0
effort:
- .nan
- .nan
---
header:
  stamp:
    sec: 1791158714
    nanosec: 927139385
  frame_id: base_link
name:
- joint_x
- joint_y
position:
- 0.0
- 0.0
velocity:
- 0.0
- 0.0
effort:
- .nan
- .nan
---
header:
  stamp:
    sec: 1791158714
    nanosec: 947149871
  frame_id: base_link
name:
- joint_x
- joint_y
position:
- 0.0
- 0.0
velocity:
- 0.0
- 0.0
effort:
- .nan
- .nan
---
header:
  stamp:
    sec: 1791158714
    nanosec: 967136900
  frame_id: base_link
name:
- joint_x
- joint_y
position:
- 0.0
- 0.0
velocity:
- 0.0
- 0.0
effort:
- .nan
- .nan
---
header:
  stamp:
    sec: 1791158714
    nanosec: 987137278
  frame_id: base_link
name:
- joint_x
- joint_y
position:
- 0.0
- 0.0
velocity:
- 0.0
- 0.0
effort:
- .nan
- .nan
---
header:
  stamp:
    sec: 1791158715
    nanosec: 7142601
  frame_id: base_link
name:
- joint_x
- joint_y
position:
- 0.0
- 0.0
velocity:
- 0.0
- 0.0
effort:
- .nan
- .nan
---
header:
  stamp:
    sec: 1791158715
    nanosec: 27150082
  frame_id: base_link
name:
- joint_x
- joint_y
position:
- 0.0
- 0.0
velocity:
- 0.0
- 0.0
effort:
- .nan
- .nan
---
header:
  stamp:
    sec: 1791158715
    nanosec: 47137995
  frame_id: base_link
name:
- joint_x
- joint_y
position:
- 0.0
- 0.0
velocity:
- 0.0
- 0.0
effort:
- .nan
- .nan
---
header:
  stamp:
    sec: 1791158715
    nanosec: 67163242
  frame_id: base_link
name:
- joint_x
- joint_y
position:
- 0.0
- 0.0
velocity:
- 0.0
- 0.0
effort:
- .nan
- .nan
---
header:
  stamp:
    sec: 1791158715
    nanosec: 87142831
  frame_id: base_link
name:
- joint_x
- joint_y
position:
- 0.0
- 0.0
velocity:
- 0.0
- 0.0
effort:
- .nan
- .nan
---
header:
  stamp:
    sec: 1791158715
    nanosec: 107139520
  frame_id: base_link
name:
- joint_x
- joint_y
position:
- 0.0
- 0.0
velocity:
- 0.0
- 0.0
effort:
- .nan
- .nan
---
header:
  stamp:
    sec: 1791158715
    nanosec: 127151525
  frame_id: base_link
name:
- joint_x
- joint_y
position:
- 0.0
- 0.0
velocity:
- 0.0
- 0.0
effort:
- .nan
- .nan
---
header:
  stamp:
    sec: 1791158715
    nanosec: 147143424
  frame_id: base_link
name:
- joint_x
- joint_y
position:
- 0.0
- 0.0
velocity:
- 0.0
- 0.0
effort:
- .nan
- .nan
---
header:
  stamp:
    sec: 1791158715
    nanosec: 167139376
  frame_id: base_link
name:
- joint_x
- joint_y
position:
- 0.0
- 0.0
velocity:
- 0.0
- 0.0
effort:
- .nan
- .nan
---
header:
  stamp:
    sec: 1791158715
    nanosec: 187175028
  frame_id: base_link
name:
- joint_x
- joint_y
position:
- 0.0
- 0.0
velocity:
- 0.0
- 0.0
effort:
- .nan
- .nan
---
header:
  stamp:
    sec: 1791158715
    nanosec: 207146946
  frame_id: base_link
name:
- joint_x
- joint_y
position:
- 0.0
- 0.0
velocity:
- 0.0
- 0.0
effort:
- .nan
- .nan
---
header:
  stamp:
    sec: 1791158715
    nanosec: 227152556
  frame_id: base_link
name:
- joint_x
- joint_y
position:
- 0.0
- 0.0
velocity:
- 0.0
- 0.0
effort:
- .nan
- .nan
---
header:
  stamp:
    sec: 1791158715
    nanosec: 247180656
  frame_id: base_link
name:
- joint_x
- joint_y
position:
- 0.0
- 0.0
velocity:
- 0.0
- 0.0
effort:
- .nan
- .nan
---
header:
  stamp:
    sec: 1791158715
    nanosec: 267156944
  frame_id: base_link
name:
- joint_x
- joint_y
position:
- 0.0
- 0.0
velocity:
- 0.0
- 0.0
effort:
- .nan
- .nan
---
header:
  stamp:
    sec: 1791158715
    nanosec: 287163753
  frame_id: base_link
name:
- joint_x
- joint_y
position:
- 0.0
- 0.0
velocity:
- 0.0
- 0.0
effort:
- .nan
- .nan
---
header:
  stamp:
    sec: 1791158715
    nanosec: 307166792
  frame_id: base_link
name:
- joint_x
- joint_y
position:
- 0.0
- 0.0
velocity:
- 0.0
- 0.0
effort:
- .nan
- .nan
---
header:
  stamp:
    sec: 1791158715
    nanosec: 327170887
  frame_id: base_link
name:
- joint_x
- joint_y
position:
- 0.0
- 0.0
velocity:
- 0.0
- 0.0
effort:
- .nan
- .nan
---
header:
  stamp:
    sec: 1791158715
    nanosec: 347175275
  frame_id: base_link
name:
- joint_x
- joint_y
position:
- 0.0
- 0.0
velocity:
- 0.0
- 0.0
effort:
- .nan
- .nan
---
header:
  stamp:
    sec: 1791158715
    nanosec: 367121265
  frame_id: base_link
name:
- joint_x
- joint_y
position:
- 0.0
- 0.0
velocity:
- 0.0
- 0.0
effort:
- .nan
- .nan
---
header:
  stamp:
    sec: 1791158715
    nanosec: 387140371
  frame_id: base_link
name:
- joint_x
- joint_y
position:
- 0.0
- 0.0
velocity:
- 0.0
- 0.0
effort:
- .nan
- .nan
---
header:
  stamp:
    sec: 1791158715
    nanosec: 407144620
  frame_id: base_link
name:
- joint_x
- joint_y
position:
- 0.0
- 0.0
velocity:
- 0.0
- 0.0
effort:
- .nan
- .nan
---
header:
  stamp:
    sec: 1791158715
    nanosec: 427177772
  frame_id: base_link
name:
- joint_x
- joint_y
position:
- 0.0
- 0.0
velocity:
- 0.0
- 0.0
effort:
- .nan
- .nan
---
header:
  stamp:
    sec: 1791158715
    nanosec: 447193762
  frame_id: base_link
name:
- joint_x
- joint_y
position:
- 0.0
- 0.0
velocity:
- 0.0
- 0.0
effort:
- .nan
- .nan
---
header:
  stamp:
    sec: 1791158715
    nanosec: 467165438
  frame_id: base_link
name:
- joint_x
- joint_y
position:
- 0.0
- 0.0
velocity:
- 0.0
- 0.0
effort:
- .nan
- .nan
---
header:
  stamp:
    sec: 1791158715
    nanosec: 487163274
  frame_id: base_link
name:
- joint_x
- joint_y
position:
- 0.0
- 0.0
velocity:
- 0.0
- 0.0
effort:
- .nan
- .nan
---
header:
  stamp:
    sec: 1791158715
    nanosec: 507170394
  frame_id: base_link
name:
- joint_x
- joint_y
position:
- 0.0
- 0.0
velocity:
- 0.0
- 0.0
effort:
- .nan
- .nan
---
header:
  stamp:
    sec: 1791158715
    nanosec: 527165962
  frame_id: base_link
name:
- joint_x
- joint_y
position:
- 0.0
- 0.0
velocity:
- 0.0
- 0.0
effort:
- .nan
- .nan
---
header:
  stamp:
    sec: 1791158715
    nanosec: 547187420
  frame_id: base_link
name:
- joint_x
- joint_y
position:
- 0.0
- 0.0
velocity:
- 0.0
- 0.0
effort:
- .nan
- .nan
---
header:
  stamp:
    sec: 1791158715
    nanosec: 567165373
  frame_id: base_link
name:
- joint_x
- joint_y
position:
- 0.0
- 0.0
velocity:
- 0.0
- 0.0
effort:
- .nan
- .nan
---
header:
  stamp:
    sec: 1791158715
    nanosec: 587172612
  frame_id: base_link
name:
- joint_x
- joint_y
position:
- 0.0
- 0.0
velocity:
- 0.0
- 0.0
effort:
- .nan
- .nan
---
header:
  stamp:
    sec: 1791158715
    nanosec: 607167582
  frame_id: base_link
name:
- joint_x
- joint_y
position:
- 0.0
- 0.0
velocity:
- 0.0
- 0.0
effort:
- .nan
- .nan
---
header:
  stamp:
    sec: 1791158715
    nanosec: 627166558
  frame_id: base_link
name:
- joint_x
- joint_y
position:
- 0.0
- 0.0
velocity:
- 0.0
- 0.0
effort:
- .nan
- .nan
---
header:
  stamp:
    sec: 1791158715
    nanosec: 647176216
  frame_id: base_link
name:
- joint_x
- joint_y
position:
- 0.0
- 0.0
velocity:
- 0.0
- 0.0
effort:
- .nan
- .nan
---
header:
  stamp:
    sec: 1791158715
    nanosec: 667164786
  frame_id: base_link
name:
- joint_x
- joint_y
position:
- 0.0
- 0.0
velocity:
- 0.0
- 0.0
effort:
- .nan
- .nan
---
header:
  stamp:
    sec: 1791158715
    nanosec: 687175806
  frame_id: base_link
name:
- joint_x
- joint_y
position:
- 0.0
- 0.0
velocity:
- 0.0
- 0.0
effort:
- .nan
- .nan
---
header:
  stamp:
    sec: 1791158715
    nanosec: 707170756
  frame_id: base_link
name:
- joint_x
- joint_y
position:
- 0.0
- 0.0
velocity:
- 0.0
- 0.0
effort:
- .nan
- .nan
---
header:
  stamp:
    sec: 1791158715
    nanosec: 727158095
  frame_id: base_link
name:
- joint_x
- joint_y
position:
- 0.0
- 0.0
velocity:
- 0.0
- 0.0
effort:
- .nan
- .nan
---
header:
  stamp:
    sec: 1791158715
    nanosec: 747143277
  frame_id: base_link
name:
- joint_x
- joint_y
position:
- 0.0
- 0.0
velocity:
- 0.0
- 0.0
effort:
- .nan
- .nan
---
header:
  stamp:
    sec: 1791158715
    nanosec: 767141071
  frame_id: base_link
name:
- joint_x
- joint_y
position:
- 0.0
- 0.0
velocity:
- 0.0
- 0.0
effort:
- .nan
- .nan
---
header:
  stamp:
    sec: 1791158715
    nanosec: 787176742
  frame_id: base_link
name:
- joint_x
- joint_y
position:
- 0.0
- 0.0
velocity:
- 0.0
- 0.0
effort:
- .nan
- .nan
---
header:
  stamp:
    sec: 1791158715
    nanosec: 807682696
  frame_id: base_link
name:
- joint_x
- joint_y
position:
- 0.0
- 0.0
velocity:
- 0.0
- 0.0
effort:
- .nan
- .nan
---
header:
  stamp:
    sec: 1791158715
    nanosec: 827336220
  frame_id: base_link
name:
- joint_x
- joint_y
position:
- 0.0
- 0.0
velocity:
- 0.0
- 0.0
effort:
- .nan
- .nan
---
header:
  stamp:
    sec: 1791158715
    nanosec: 847154181
  frame_id: base_link
name:
- joint_x
- joint_y
position:
- 0.0
- 0.0
velocity:
- 0.0
- 0.0
effort:
- .nan
- .nan
---
header:
  stamp:
    sec: 1791158715
    nanosec: 867129473
  frame_id: base_link
name:
- joint_x
- joint_y
position:
- 0.0
- 0.0
velocity:
- 0.0
- 0.0
effort:
- .nan
- .nan
---
header:
  stamp:
    sec: 1791158715
    nanosec: 887284372
  frame_id: base_link
name:
- joint_x
- joint_y
position:
- 0.0
- 0.0
velocity:
- 0.0
- 0.0
effort:
- .nan
- .nan
---
header:
  stamp:
    sec: 1791158715
    nanosec: 912553847
  frame_id: base_link
name:
- joint_x
- joint_y
position:
- 0.0
- 0.0
velocity:
- 0.0
- 0.0
effort:
- .nan
- .nan
---
header:
  stamp:
    sec: 1791158715
    nanosec: 927324614
  frame_id: base_link
name:
- joint_x
- joint_y
position:
- 0.0
- 0.0
velocity:
- 0.0
- 0.0
effort:
- .nan
- .nan
---
header:
  stamp:
    sec: 1791158715
    nanosec: 947200109
  frame_id: base_link
name:
- joint_x
- joint_y
position:
- 0.0
- 0.0
velocity:
- 0.0
- 0.0
effort:
- .nan
- .nan
---
header:
  stamp:
    sec: 1791158715
    nanosec: 967141170
  frame_id: base_link
name:
- joint_x
- joint_y
position:
- 0.0
- 0.0
velocity:
- 0.0
- 0.0
effort:
- .nan
- .nan
---
header:
  stamp:
    sec: 1791158715
    nanosec: 987296266
  frame_id: base_link
name:
- joint_x
- joint_y
position:
- 0.0
- 0.0
velocity:
- 0.0
- 0.0
effort:
- .nan
- .nan
---
header:
  stamp:
    sec: 1791158716
    nanosec: 7104807
  frame_id: base_link
name:
- joint_x
- joint_y
position:
- 0.0
- 0.0
velocity:
- 0.0
- 0.0
effort:
- .nan
- .nan
---
header:
  stamp:
    sec: 1791158716
    nanosec: 27156590
  frame_id: base_link
name:
- joint_x
- joint_y
position:
- 0.0
- 0.0
velocity:
- 0.0
- 0.0
effort:
- .nan
- .nan
---
header:
  stamp:
    sec: 1791158716
    nanosec: 47143807
  frame_id: base_link
name:
- joint_x
- joint_y
position:
- 0.0
- 0.0
velocity:
- 0.0
- 0.0
effort:
- .nan
- .nan
---
header:
  stamp:
    sec: 1791158716
    nanosec: 67159290
  frame_id: base_link
name:
- joint_x
- joint_y
position:
- 0.0
- 0.0
velocity:
- 0.0
- 0.0
effort:
- .nan
- .nan
---
header:
  stamp:
    sec: 1791158716
    nanosec: 87159979
  frame_id: base_link
name:
- joint_x
- joint_y
position:
- 0.0
- 0.0
velocity:
- 0.0
- 0.0
effort:
- .nan
- .nan
---
header:
  stamp:
    sec: 1791158716
    nanosec: 107168050
  frame_id: base_link
name:
- joint_x
- joint_y
position:
- 0.0
- 0.0
velocity:
- 0.0
- 0.0
effort:
- .nan
- .nan
---
header:
  stamp:
    sec: 1791158716
    nanosec: 127124014
  frame_id: base_link
name:
- joint_x
- joint_y
position:
- 0.0
- 0.0
velocity:
- 0.0
- 0.0
effort:
- .nan
- .nan
---
header:
  stamp:
    sec: 1791158716
    nanosec: 147151175
  frame_id: base_link
name:
- joint_x
- joint_y
position:
- 6.24999984211172e-06
- 6.24999984211172e-06
velocity:
- 0.0003124999930150807
- 0.0003124999930150807
effort:
- .nan
- .nan
---
header:
  stamp:
    sec: 1791158716
    nanosec: 167145791
  frame_id: base_link
name:
- joint_x
- joint_y
position:
- 2.499999936844688e-05
- 2.499999936844688e-05
velocity:
- 0.0009374999790452421
- 0.0009374999790452421
effort:
- .nan
- .nan
---
header:
  stamp:
    sec: 1791158716
    nanosec: 187159069
  frame_id: base_link
name:
- joint_x
- joint_y
position:
- 6.874999962747097e-05
- 6.874999962747097e-05
velocity:
- 0.0021875000093132257
- 0.0021875000093132257
effort:
- .nan
- .nan
---
header:
  stamp:
    sec: 1791158716
    nanosec: 207161077
  frame_id: base_link
name:
- joint_x
- joint_y
position:
- 0.00011875000200234354
- 0.00011875000200234354
velocity:
- 0.0024999999441206455
- 0.0024999999441206455
effort:
- .nan
- .nan
---
header:
  stamp:
    sec: 1791158716
    nanosec: 227152411
  frame_id: base_link
name:
- joint_x
- joint_y
position:
- 0.0001875000016298145
- 0.0001875000016298145
velocity:
- 0.0034374999813735485
- 0.0034374999813735485
effort:
- .nan
- .nan
---
header:
  stamp:
    sec: 1791158716
    nanosec: 247142531
  frame_id: base_link
name:
- joint_x
- joint_y
position:
- 0.0002749999985098839
- 0.0002749999985098839
velocity:
- 0.0043750000186264515
- 0.0043750000186264515
effort:
- .nan
- .nan
---
header:
  stamp:
    sec: 1791158716
    nanosec: 267147649
  frame_id: base_link
name:
- joint_x
- joint_y
position:
- 0.00038124999264255166
- 0.00038124999264255166
velocity:
- 0.005059523973613977
- 0.005059523973613977
effort:
- .nan
- .nan
---
header:
  stamp:
    sec: 1791158716
    nanosec: 287150168
  frame_id: base_link
name:
- joint_x
- joint_y
position:
- 0.000631249975413084
- 0.000631249975413084
velocity:
- 0.006562499795109034
- 0.006562499795109034
effort:
- .nan
- .nan
---
header:
  stamp:
    sec: 1791158716
    nanosec: 307149732
  frame_id: base_link
name:
- joint_x
- joint_y
position:
- 0.000768749974668026
- 0.000768749974668026
velocity:
- 0.006874999962747097
- 0.006874999962747097
effort:
- .nan
- .nan
---
header:
  stamp:
    sec: 1791158716
    nanosec: 327155963
  frame_id: base_link
name:
- joint_x
- joint_y
position:
- 0.0009250000002793968
- 0.0009250000002793968
velocity:
- 0.0078125
- 0.0078125
effort:
- .nan
- .nan
---
header:
  stamp:
    sec: 1791158716
    nanosec: 347149853
  frame_id: base_link
name:
- joint_x
- joint_y
position:
- 0.0010999999940395355
- 0.0010999999940395355
velocity:
- 0.008333333767950535
- 0.008333333767950535
effort:
- .nan
- .nan
---
header:
  stamp:
    sec: 1791158716
    nanosec: 367141396
  frame_id: base_link
name:
- joint_x
- joint_y
position:
- 0.0012875000247731805
- 0.0012875000247731805
velocity:
- 0.00937500037252903
- 0.00937500037252903
effort:
- .nan
- .nan
---
header:
  stamp:
    sec: 1791158716
    nanosec: 387154743
  frame_id: base_link
name:
- joint_x
- joint_y
position:
- 0.0014750000555068254
- 0.0014750000555068254
velocity:
- 0.00937500037252903
- 0.00937500037252903
effort:
- .nan
- .nan
---
header:
  stamp:
    sec: 1791158716
    nanosec: 407143919
  frame_id: base_link
name:
- joint_x
- joint_y
position:
- 0.0016749999485909939
- 0.0016749999485909939
velocity:
- 0.009999999776482582
- 0.009999999776482582
effort:
- .nan
- .nan
---
header:
  stamp:
    sec: 1791158716
    nanosec: 427152504
  frame_id: base_link
name:
- joint_x
- joint_y
position:
- 0.0018812499474734068
- 0.0018812499474734068
velocity:
- 0.010312500409781933
- 0.010312500409781933
effort:
- .nan
- .nan
---
header:
  stamp:
    sec: 1791158716
    nanosec: 447157766
  frame_id: base_link
name:
- joint_x
- joint_y
position:
- 0.002099999925121665
- 0.002099999925121665
velocity:
- 0.010937499813735485
- 0.010937499813735485
effort:
- .nan
- .nan
---
header:
  stamp:
    sec: 1791158716
    nanosec: 467150294
  frame_id: base_link
name:
- joint_x
- joint_y
position:
- 0.002581249922513962
- 0.002581249922513962
velocity:
- 0.011874999850988388
- 0.011874999850988388
effort:
- .nan
- .nan
---
header:
  stamp:
    sec: 1791158716
    nanosec: 487148036
  frame_id: base_link
name:
- joint_x
- joint_y
position:
- 0.002831249963492155
- 0.002831249963492155
velocity:
- 0.012500000186264515
- 0.012500000186264515
effort:
- .nan
- .nan
---
header:
  stamp:
    sec: 1791158716
    nanosec: 507152026
  frame_id: base_link
name:
- joint_x
- joint_y
position:
- 0.003087500110268593
- 0.003087500110268593
velocity:
- 0.012812499888241291
- 0.012812499888241291
effort:
- .nan
- .nan
---
header:
  stamp:
    sec: 1791158716
    nanosec: 527144792
  frame_id: base_link
name:
- joint_x
- joint_y
position:
- 0.0033687499817460775
- 0.0033687499817460775
velocity:
- 0.01406249962747097
- 0.01406249962747097
effort:
- .nan
- .nan
---
header:
  stamp:
    sec: 1791158716
    nanosec: 547147420
  frame_id: base_link
name:
- joint_x
- joint_y
position:
- 0.0036437499802559614
- 0.0036437499802559614
velocity:
- 0.013749999925494194
- 0.013749999925494194
effort:
- .nan
- .nan
---
header:
  stamp:
    sec: 1791158716
    nanosec: 567181755
  frame_id: base_link
name:
- joint_x
- joint_y
position:
- 0.003931249957531691
- 0.003924999851733446
velocity:
- 0.01406249962747097
- 0.01406249962747097
effort:
- .nan
- .nan
---
header:
  stamp:
    sec: 1791158716
    nanosec: 587145658
  frame_id: base_link
name:
- joint_x
- joint_y
position:
- 0.004218750167638063
- 0.004218750167638063
velocity:
- 0.014687499962747097
- 0.014375000260770321
effort:
- .nan
- .nan
---
header:
  stamp:
    sec: 1791158716
    nanosec: 607141219
  frame_id: base_link
name:
- joint_x
- joint_y
position:
- 0.004518750123679638
- 0.004518750123679638
velocity:
- 0.014687499962747097
- 0.014999999664723873
effort:
- .nan
- .nan
---
header:
  stamp:
    sec: 1791158716
    nanosec: 627153938
  frame_id: base_link
name:
- joint_x
- joint_y
position:
- 0.0048374999314546585
- 0.0048374999314546585
velocity:
- 0.015476190485060215
- 0.015476190485060215
effort:
- .nan
- .nan
---
header:
  stamp:
    sec: 1791158716
    nanosec: 647155995
  frame_id: base_link
name:
- joint_x
- joint_y
position:
- 0.0054812501184642315
- 0.0054812501184642315
velocity:
- 0.015625
- 0.015937499701976776
effort:
- .nan
- .nan
---
header:
  stamp:
    sec: 1791158716
    nanosec: 667140242
  frame_id: base_link
name:
- joint_x
- joint_y
position:
- 0.005812500137835741
- 0.005806250032037497
velocity:
- 0.01656249910593033
- 0.016249999403953552
effort:
- .nan
- .nan
---
header:
  stamp:
    sec: 1791158716
    nanosec: 687142637
  frame_id: base_link
name:
- joint_x
- joint_y
position:
- 0.006143750157207251
- 0.006143750157207251
velocity:
- 0.01656249910593033
- 0.016875000670552254
effort:
- .nan
- .nan
---
header:
  stamp:
    sec: 1791158716
    nanosec: 707141624
  frame_id: base_link
name:
- joint_x
- joint_y
position:
- 0.006500000134110451
- 0.006493750028312206
velocity:
- 0.017812499776482582
- 0.017500000074505806
effort:
- .nan
- .nan
---
header:
  stamp:
    sec: 1791158716
    nanosec: 727150481
  frame_id: base_link
name:
- joint_x
- joint_y
position:
- 0.0068374997936189175
- 0.0068374997936189175
velocity:
- 0.016875000670552254
- 0.01718750037252903
effort:
- .nan
- .nan
---
header:
  stamp:
    sec: 1791158716
    nanosec: 747149934
  frame_id: base_link
name:
- joint_x
- joint_y
position:
- 0.0071875001303851604
- 0.0071875001303851604
velocity:
- 0.017500000074505806
- 0.017500000074505806
effort:
- .nan
- .nan
---
header:
  stamp:
    sec: 1791158716
    nanosec: 767148272
  frame_id: base_link
name:
- joint_x
- joint_y
position:
- 0.007543750107288361
- 0.007543750107288361
velocity:
- 0.017812499776482582
- 0.017812499776482582
effort:
- .nan
- .nan
---
header:
  stamp:
    sec: 1791158716
    nanosec: 787132586
  frame_id: base_link
name:
- joint_x
- joint_y
position:
- 0.007906249724328518
- 0.007906249724328518
velocity:
- 0.018124999478459358
- 0.018124999478459358
effort:
- .nan
- .nan
---
header:
  stamp:
    sec: 1791158716
    nanosec: 807173390
  frame_id: base_link
name:
- joint_x
- joint_y
position:
- 0.008293749764561653
- 0.008293749764561653
velocity:
- 0.019375000149011612
- 0.019062500447034836
effort:
- .nan
- .nan
---
header:
  stamp:
    sec: 1791158716
    nanosec: 827147855
  frame_id: base_link
name:
- joint_x
- joint_y
position:
- 0.009031250141561031
- 0.009025000035762787
velocity:
- 0.018437499180436134
- 0.018437499180436134
effort:
- .nan
- .nan
---
header:
  stamp:
    sec: 1791158716
    nanosec: 847143978
  frame_id: base_link
name:
- joint_x
- joint_y
position:
- 0.009406249970197678
- 0.009406249970197678
velocity:
- 0.01875000074505806
- 0.019062500447034836
effort:
- .nan
- .nan
---
header:
  stamp:
    sec: 1791158716
    nanosec: 867161154
  frame_id: base_link
name:
- joint_x
- joint_y
position:
- 0.009812500327825546
- 0.009806250222027302
velocity:
- 0.019999999552965164
- 0.019999999552965164
effort:
- .nan
- .nan
---
header:
  stamp:
    sec: 1791158716
    nanosec: 887149208
  frame_id: base_link
name:
- joint_x
- joint_y
position:
- 0.010193750262260437
- 0.010193750262260437
velocity:
- 0.019062500447034836
- 0.019062500447034836
effort:
- .nan
- .nan
---
header:
  stamp:
    sec: 1791158716
    nanosec: 907150198
  frame_id: base_link
name:
- joint_x
- joint_y
position:
- 0.010581250302493572
- 0.010581250302493572
velocity:
- 0.019375000149011612
- 0.019687499850988388
effort:
- .nan
- .nan
---
header:
  stamp:
    sec: 1791158716
    nanosec: 927114238
  frame_id: base_link
name:
- joint_x
- joint_y
position:
- 0.010968750342726707
- 0.010968750342726707
velocity:
- 0.019687499850988388
- 0.019375000149011612
effort:
- .nan
- .nan
---
header:
  stamp:
    sec: 1791158716
    nanosec: 947143839
  frame_id: base_link
name:
- joint_x
- joint_y
position:
- 0.011362499557435513
- 0.011362499557435513
velocity:
- 0.019687499850988388
- 0.019687499850988388
effort:
- .nan
- .nan
---
header:
  stamp:
    sec: 1791158716
    nanosec: 967144364
  frame_id: base_link
name:
- joint_x
- joint_y
position:
- 0.011756249703466892
- 0.011756249703466892
velocity:
- 0.019687499850988388
- 0.019687499850988388
effort:
- .nan
- .nan
---
header:
  stamp:
    sec: 1791158716
    nanosec: 987144320
  frame_id: base_link
name:
- joint_x
- joint_y
position:
- 0.01217500027269125
- 0.01217500027269125
velocity:
- 0.020937500521540642
- 0.020625000819563866
effort:
- .nan
- .nan
---
header:
  stamp:
    sec: 1791158717
    nanosec: 7159484
  frame_id: base_link
name:
- joint_x
- joint_y
position:
- 0.012968749739229679
- 0.012962499633431435
velocity:
- 0.019999999552965164
- 0.019687499850988388
effort:
- .nan
- .nan
---
header:
  stamp:
    sec: 1791158717
    nanosec: 27155092
  frame_id: base_link
name:
- joint_x
- joint_y
position:
- 0.013368749991059303
- 0.013368749991059303
velocity:
- 0.019999999552965164
- 0.02031249925494194
effort:
- .nan
- .nan
---
header:
  stamp:
    sec: 1791158717
    nanosec: 47147897
  frame_id: base_link
name:
- joint_x
- joint_y
position:
- 0.013799999840557575
- 0.01379374973475933
velocity:
- 0.021250000223517418
- 0.021250000223517418
effort:
- .nan
- .nan
---
header:
  stamp:
    sec: 1791158717
    nanosec: 67141148
  frame_id: base_link
name:
- joint_x
- joint_y
position:
- 0.0142000000923872
- 0.0142000000923872
velocity:
- 0.019999999552965164
- 0.019999999552965164
effort:
- .nan
- .nan
---
header:
  stamp:
    sec: 1791158717
    nanosec: 87145945
  frame_id: base_link
name:
- joint_x
- joint_y
position:
- 0.014600000344216824
- 0.014600000344216824
velocity:
- 0.02031249925494194
- 0.019999999552965164
effort:
- .nan
- .nan
---
header:
  stamp:
    sec: 1791158717
    nanosec: 107151526
  frame_id: base_link
name:
- joint_x
- joint_y
position:
- 0.015006249770522118
- 0.015006249770522118
velocity:
- 0.019999999552965164
- 0.02031249925494194
effort:
- .nan
- .nan
---
header:
  stamp:
    sec: 1791158717
    nanosec: 127149266
  frame_id: base_link
name:
- joint_x
- joint_y
position:
- 0.015412500128149986
- 0.015406250022351742
velocity:
- 0.02031249925494194
- 0.02031249925494194
effort:
- .nan
- .nan
---
header:
  stamp:
    sec: 1791158717
    nanosec: 147147930
  frame_id: base_link
name:
- joint_x
- joint_y
position:
- 0.015837499871850014
- 0.015831250697374344
velocity:
- 0.02053571492433548
- 0.02023809589445591
effort:
- .nan
- .nan
---
header:
  stamp:
    sec: 1791158717
    nanosec: 167151992
  frame_id: base_link
name:
- joint_x
- joint_y
position:
- 0.01626249961555004
- 0.01625625044107437
velocity:
- 0.021250000223517418
- 0.021250000223517418
effort:
- .nan
- .nan
---
header:
  stamp:
    sec: 1791158717
    nanosec: 187148060
  frame_id: base_link
name:
- joint_x
- joint_y
position:
- 0.01666250079870224
- 0.01666250079870224
velocity:
- 0.019999999552965164
- 0.019999999552965164
effort:
- .nan
- .nan
---
header:
  stamp:
    sec: 1791158717
    nanosec: 207148515
  frame_id: base_link
name:
- joint_x
- joint_y
position:
- 0.01746249943971634
- 0.01745625026524067
velocity:
- 0.019999999552965164
- 0.019687499850988388
effort:
- .nan
- .nan
---
header:
  stamp:
    sec: 1791158717
    nanosec: 227156836
  frame_id: base_link
name:
- joint_x
- joint_y
position:
- 0.017881250008940697
- 0.017881250008940697
velocity:
- 0.020937500521540642
- 0.020937500521540642
effort:
- .nan
- .nan
---
header:
  stamp:
    sec: 1791158717
    nanosec: 247143521
  frame_id: base_link
name:
- joint_x
- joint_y
position:
- 0.018275000154972076
- 0.018275000154972076
velocity:
- 0.019687499850988388
- 0.019999999552965164
effort:
- .nan
- .nan
---
header:
  stamp:
    sec: 1791158717
    nanosec: 267153968
  frame_id: base_link
name:
- joint_x
- joint_y
position:
- 0.018668750301003456
- 0.018668750301003456
velocity:
- 0.019687499850988388
- 0.019687499850988388
effort:
- .nan
- .nan
---
header:
  stamp:
    sec: 1791158717
    nanosec: 287155928
  frame_id: base_link
name:
- joint_x
- joint_y
position:
- 0.019062500447034836
- 0.019062500447034836
velocity:
- 0.019687499850988388
- 0.019375000149011612
effort:
- .nan
- .nan
---
header:
  stamp:
    sec: 1791158717
    nanosec: 307142027
  frame_id: base_link
name:
- joint_x
- joint_y
position:
- 0.019449999555945396
- 0.019449999555945396
velocity:
- 0.019375000149011612
- 0.019687499850988388
effort:
- .nan
- .nan
---
header:
  stamp:
    sec: 1791158717
    nanosec: 327148220
  frame_id: base_link
name:
- joint_x
- joint_y
position:
- 0.019862499088048935
- 0.019856249913573265
velocity:
- 0.02031249925494194
- 0.02031249925494194
effort:
- .nan
- .nan
---
header:
  stamp:
    sec: 1791158717
    nanosec: 347164103
  frame_id: base_link
name:
- joint_x
- joint_y
position:
- 0.020243750885128975
- 0.020243750885128975
velocity:
- 0.019062500447034836
- 0.019062500447034836
effort:
- .nan
- .nan
---
header:
  stamp:
    sec: 1791158717
    nanosec: 367143663
  frame_id: base_link
name:
- joint_x
- joint_y
position:
- 0.020625000819563866
- 0.020618749782443047
velocity:
- 0.019062500447034836
- 0.019062500447034836
effort:
- .nan
- .nan
---
header:
  stamp:
    sec: 1791158717
    nanosec: 387158619
  frame_id: base_link
name:
- joint_x
- joint_y
position:
- 0.021387500688433647
- 0.021381249651312828
velocity:
- 0.019375000149011612
- 0.019375000149011612
effort:
- .nan
- .nan
---
header:
  stamp:
    sec: 1791158717
    nanosec: 407138697
  frame_id: base_link
name:
- joint_x
- joint_y
position:
- 0.02175625041127205
- 0.02174999937415123
velocity:
- 0.01875000074505806
- 0.018437499180436134
effort:
- .nan
- .nan
---
header:
  stamp:
    sec: 1791158717
    nanosec: 427158249
  frame_id: base_link
name:
- joint_x
- joint_y
position:
- 0.02211874909698963
- 0.022112499922513962
velocity:
- 0.018124999478459358
- 0.018124999478459358
effort:
- .nan
- .nan
---
header:
  stamp:
    sec: 1791158717
    nanosec: 447147323
  frame_id: base_link
name:
- joint_x
- joint_y
position:
- 0.022475000470876694
- 0.022475000470876694
velocity:
- 0.017812499776482582
- 0.018124999478459358
effort:
- .nan
- .nan
---
header:
  stamp:
    sec: 1791158717
    nanosec: 467156329
  frame_id: base_link
name:
- joint_x
- joint_y
position:
- 0.022831249982118607
- 0.022831249982118607
velocity:
- 0.017500000074505806
- 0.017500000074505806
effort:
- .nan
- .nan
---
header:
  stamp:
    sec: 1791158717
    nanosec: 487144154
  frame_id: base_link
name:
- joint_x
- joint_y
position:
- 0.02319999970495701
- 0.02319375053048134
velocity:
- 0.01785714365541935
- 0.01755952462553978
effort:
- .nan
- .nan
---
header:
  stamp:
    sec: 1791158717
    nanosec: 507143037
  frame_id: base_link
name:
- joint_x
- joint_y
position:
- 0.02355624921619892
- 0.02355624921619892
velocity:
- 0.017812499776482582
- 0.018124999478459358
effort:
- .nan
- .nan
---
header:
  stamp:
    sec: 1791158717
    nanosec: 527145181
  frame_id: base_link
name:
- joint_x
- joint_y
position:
- 0.023893749341368675
- 0.023893749341368675
velocity:
- 0.016875000670552254
- 0.016875000670552254
effort:
- .nan
- .nan
---
header:
  stamp:
    sec: 1791158717
    nanosec: 547142391
  frame_id: base_link
name:
- joint_x
- joint_y
position:
- 0.02422500029206276
- 0.02422500029206276
velocity:
- 0.01656249910593033
- 0.01656249910593033
effort:
- .nan
- .nan
---
header:
  stamp:
    sec: 1791158717
    nanosec: 567149332
  frame_id: base_link
name:
- joint_x
- joint_y
position:
- 0.024550000205636024
- 0.024550000205636024
velocity:
- 0.016249999403953552
- 0.016249999403953552
effort:
- .nan
- .nan
---
header:
  stamp:
    sec: 1791158717
    nanosec: 587146264
  frame_id: base_link
name:
- joint_x
- joint_y
position:
- 0.025193750858306885
- 0.025193750858306885
velocity:
- 0.015625
- 0.015625
effort:
- .nan
- .nan
---
header:
  stamp:
    sec: 1791158717
    nanosec: 607145845
  frame_id: base_link
name:
- joint_x
- joint_y
position:
- 0.025493750348687172
- 0.025499999523162842
velocity:
- 0.014999999664723873
- 0.014999999664723873
effort:
- .nan
- .nan
---
header:
  stamp:
    sec: 1791158717
    nanosec: 627147309
  frame_id: base_link
name:
- joint_x
- joint_y
position:
- 0.02579374983906746
- 0.02579374983906746
velocity:
- 0.014999999664723873
- 0.014999999664723873
effort:
- .nan
- .nan
---
header:
  stamp:
    sec: 1791158717
    nanosec: 647144840
  frame_id: base_link
name:
- joint_x
- joint_y
position:
- 0.026081249117851257
- 0.026087500154972076
velocity:
- 0.014375000260770321
- 0.014375000260770321
effort:
- .nan
- .nan
---
header:
  stamp:
    sec: 1791158717
    nanosec: 667142382
  frame_id: base_link
name:
- joint_x
- joint_y
position:
- 0.026381250470876694
- 0.026381250470876694
velocity:
- 0.014999999664723873
- 0.014999999664723873
effort:
- .nan
- .nan
---
header:
  stamp:
    sec: 1791158717
    nanosec: 687141206
  frame_id: base_link
name:
- joint_x
- joint_y
position:
- 0.026656249538064003
- 0.026650000363588333
velocity:
- 0.013437500223517418
- 0.013437500223517418
effort:
- .nan
- .nan
---
header:
  stamp:
    sec: 1791158717
    nanosec: 707148965
  frame_id: base_link
name:
- joint_x
- joint_y
position:
- 0.026918750256299973
- 0.026918750256299973
velocity:
- 0.013437500223517418
- 0.013437500223517418
effort:
- .nan
- .nan
---
header:
  stamp:
    sec: 1791158717
    nanosec: 727143279
  frame_id: base_link
name:
- joint_x
- joint_y
position:
- 0.027181249111890793
- 0.027174999937415123
velocity:
- 0.012812499888241291
- 0.012812499888241291
effort:
- .nan
- .nan
---
header:
  stamp:
    sec: 1791158717
    nanosec: 747154295
  frame_id: base_link
name:
- joint_x
- joint_y
position:
- 0.027674999088048935
- 0.027674999088048935
velocity:
- 0.012187499552965164
- 0.012187499552965164
effort:
- .nan
- .nan
---
header:
  stamp:
    sec: 1791158717
    nanosec: 767146697
  frame_id: base_link
name:
- joint_x
- joint_y
position:
- 0.027899999171495438
- 0.027899999171495438
velocity:
- 0.011562500149011612
- 0.011562500149011612
effort:
- .nan
- .nan
---
header:
  stamp:
    sec: 1791158717
    nanosec: 787122125
  frame_id: base_link
name:
- joint_x
- joint_y
position:
- 0.02811875008046627
- 0.02811875008046627
velocity:
- 0.010937499813735485
- 0.010937499813735485
effort:
- .nan
- .nan
---
header:
  stamp:
    sec: 1791158717
    nanosec: 807145447
  frame_id: base_link
name:
- joint_x
- joint_y
position:
- 0.028331249952316284
- 0.028331249952316284
velocity:
- 0.010625000111758709
- 0.010625000111758709
effort:
- .nan
- .nan
---
header:
  stamp:
    sec: 1791158717
    nanosec: 827107610
  frame_id: base_link
name:
- joint_x
- joint_y
position:
- 0.028543749824166298
- 0.028537500649690628
velocity:
- 0.010119047947227955
- 0.009821428917348385
effort:
- .nan
- .nan
---
header:
  stamp:
    sec: 1791158717
    nanosec: 847142820
  frame_id: base_link
name:
- joint_x
- joint_y
position:
- 0.028743749484419823
- 0.028737500309944153
velocity:
- 0.009687500074505806
- 0.009999999776482582
effort:
- .nan
- .nan
---
header:
  stamp:
    sec: 1791158717
    nanosec: 867148083
  frame_id: base_link
name:
- joint_x
- joint_y
position:
- 0.02891875058412552
- 0.02891875058412552
velocity:
- 0.009062499739229679
- 0.009062499739229679
effort:
- .nan
- .nan
---
header:
  stamp:
    sec: 1791158717
    nanosec: 887155732
  frame_id: base_link
name:
- joint_x
- joint_y
position:
- 0.029087500646710396
- 0.029087500646710396
velocity:
- 0.008437500335276127
- 0.008437500335276127
effort:
- .nan
- .nan
---
header:
  stamp:
    sec: 1791158717
    nanosec: 907146761
  frame_id: base_link
name:
- joint_x
- joint_y
position:
- 0.029243750497698784
- 0.029243750497698784
velocity:
- 0.0078125
- 0.0078125
effort:
- .nan
- .nan
---
header:
  stamp:
    sec: 1791158717
    nanosec: 927114381
  frame_id: base_link
name:
- joint_x
- joint_y
position:
- 0.029387500137090683
- 0.029387500137090683
velocity:
- 0.0071875001303851604
- 0.0071875001303851604
effort:
- .nan
- .nan
---
header:
  stamp:
    sec: 1791158717
    nanosec: 947159921
  frame_id: base_link
name:
- joint_x
- joint_y
position:
- 0.029643749818205833
- 0.029643749818205833
velocity:
- 0.005937499925494194
- 0.005937499925494194
effort:
- .nan
- .nan
---
header:
  stamp:
    sec: 1791158717
    nanosec: 967141472
  frame_id: base_link
name:
- joint_x
- joint_y
position:
- 0.029750000685453415
- 0.029750000685453415
velocity:
- 0.0053125000558793545
- 0.0053125000558793545
effort:
- .nan
- .nan
---
header:
  stamp:
    sec: 1791158717
    nanosec: 987143867
  frame_id: base_link
name:
- joint_x
- joint_y
position:
- 0.029850000515580177
- 0.029850000515580177
velocity:
- 0.004999999888241291
- 0.004999999888241291
effort:
- .nan
- .nan
---
header:
  stamp:
    sec: 1791158718
    nanosec: 7155312
  frame_id: base_link
name:
- joint_x
- joint_y
position:
- 0.02993750013411045
- 0.02993750013411045
velocity:
- 0.0043750000186264515
- 0.0043750000186264515
effort:
- .nan
- .nan
---
header:
  stamp:
    sec: 1791158718
    nanosec: 27142229
  frame_id: base_link
name:
- joint_x
- joint_y
position:
- 0.030006250366568565
- 0.030006250366568565
velocity:
- 0.0034374999813735485
- 0.0034374999813735485
effort:
- .nan
- .nan
---
header:
  stamp:
    sec: 1791158718
    nanosec: 47145796
  frame_id: base_link
name:
- joint_x
- joint_y
position:
- 0.03006250038743019
- 0.03006250038743019
velocity:
- 0.002812500111758709
- 0.002812500111758709
effort:
- .nan
- .nan
---
header:
  stamp:
    sec: 1791158718
    nanosec: 67152063
  frame_id: base_link
name:
- joint_x
- joint_y
position:
- 0.030106250196695328
- 0.030106250196695328
velocity:
- 0.0021875000093132257
- 0.0021875000093132257
effort:
- .nan
- .nan
---
header:
  stamp:
    sec: 1791158718
    nanosec: 87152513
  frame_id: base_link
name:
- joint_x
- joint_y
position:
- 0.030137499794363976
- 0.030137499794363976
velocity:
- 0.0015625000232830644
- 0.0015625000232830644
effort:
- .nan
- .nan
---
header:
  stamp:
    sec: 1791158718
    nanosec: 107151834
  frame_id: base_link
name:
- joint_x
- joint_y
position:
- 0.030150000005960464
- 0.030150000005960464
velocity:
- 0.0005952381179668009
- 0.0005952381179668009
effort:
- .nan
- .nan
---
header:
  stamp:
    sec: 1791158718
    nanosec: 127172720
  frame_id: base_link
name:
- joint_x
- joint_y
position:
- 0.030131250619888306
- 0.030143750831484795
velocity:
- -0.0006249999860301614
- -0.0006249999860301614
effort:
- .nan
- .nan
---
header:
  stamp:
    sec: 1791158718
    nanosec: 147149276
  frame_id: base_link
name:
- joint_x
- joint_y
position:
- 0.03009999915957451
- 0.030112499371170998
velocity:
- -0.0015625000232830644
- -0.0015625000232830644
effort:
- .nan
- .nan
---
header:
  stamp:
    sec: 1791158718
    nanosec: 167142247
  frame_id: base_link
name:
- joint_x
- joint_y
position:
- 0.03006250038743019
- 0.03006874956190586
velocity:
- -0.0018749999580904841
- -0.0021875000093132257
effort:
- .nan
- .nan
---
header:
  stamp:
    sec: 1791158718
    nanosec: 187139616
  frame_id: base_link
name:
- joint_x
- joint_y
position:
- 0.029999999329447746
- 0.030006250366568565
velocity:
- -0.0031250000465661287
- -0.0031250000465661287
effort:
- .nan
- .nan
---
header:
  stamp:
    sec: 1791158718
    nanosec: 207155549
  frame_id: base_link
name:
- joint_x
- joint_y
position:
- 0.029924999922513962
- 0.02993124909698963
velocity:
- -0.0037499999161809683
- -0.0037499999161809683
effort:
- .nan
- .nan
---
header:
  stamp:
    sec: 1791158718
    nanosec: 227145102
  frame_id: base_link
name:
- joint_x
- joint_y
position:
- 0.029843749478459358
- 0.029843749478459358
velocity:
- -0.004062499850988388
- -0.0043750000186264515
effort:
- .nan
- .nan
---
header:
  stamp:
    sec: 1791158718
    nanosec: 247154423
  frame_id: base_link
name:
- joint_x
- joint_y
position:
- 0.029743749648332596
- 0.029750000685453415
velocity:
- -0.004999999888241291
- -0.004687500186264515
effort:
- .nan
- .nan
---
header:
  stamp:
    sec: 1791158718
    nanosec: 267139133
  frame_id: base_link
name:
- joint_x
- joint_y
position:
- 0.029631249606609344
- 0.029637500643730164
velocity:
- -0.005625000223517418
- -0.005625000223517418
effort:
- .nan
- .nan
---
header:
  stamp:
    sec: 1791158718
    nanosec: 287142999
  frame_id: base_link
name:
- joint_x
- joint_y
position:
- 0.029500000178813934
- 0.029506249353289604
velocity:
- -0.0062500000931322575
- -0.006562499795109034
effort:
- .nan
- .nan
---
header:
  stamp:
    sec: 1791158718
    nanosec: 307165561
  frame_id: base_link
name:
- joint_x
- joint_y
position:
- 0.029224999248981476
- 0.029224999248981476
velocity:
- -0.0071875001303851604
- -0.0071875001303851604
effort:
- .nan
- .nan
---
header:
  stamp:
    sec: 1791158718
    nanosec: 327142219
  frame_id: base_link
name:
- joint_x
- joint_y
position:
- 0.029062500223517418
- 0.029062500223517418
velocity:
- -0.008124999701976776
- -0.008124999701976776
effort:
- .nan
- .nan
---
header:
  stamp:
    sec: 1791158718
    nanosec: 347151592
  frame_id: base_link
name:
- joint_x
- joint_y
position:
- 0.028887499123811722
- 0.028887499123811722
velocity:
- -0.008750000037252903
- -0.008750000037252903
effort:
- .nan
- .nan
---
header:
  stamp:
    sec: 1791158718
    nanosec: 367154191
  frame_id: base_link
name:
- joint_x
- joint_y
position:
- 0.028699999675154686
- 0.028706250712275505
velocity:
- -0.009062499739229679
- -0.009062499739229679
effort:
- .nan
- .nan
---
header:
  stamp:
    sec: 1791158718
    nanosec: 387156051
  frame_id: base_link
name:
- joint_x
- joint_y
position:
- 0.02851250022649765
- 0.02851250022649765
velocity:
- -0.009687500074505806
- -0.009687500074505806
effort:
- .nan
- .nan
---
header:
  stamp:
    sec: 1791158718
    nanosec: 407151831
  frame_id: base_link
name:
- joint_x
- joint_y
position:
- 0.028306249529123306
- 0.028306249529123306
velocity:
- -0.010312500409781933
- -0.010312500409781933
effort:
- .nan
- .nan
---
header:
  stamp:
    sec: 1791158718
    nanosec: 427180514
  frame_id: base_link
name:
- joint_x
- joint_y
position:
- 0.028093749657273293
- 0.02810000069439411
velocity:
- -0.010312500409781933
- -0.010312500409781933
effort:
- .nan
- .nan
---
header:
  stamp:
    sec: 1791158718
    nanosec: 447169077
  frame_id: base_link
name:
- joint_x
- joint_y
position:
- 0.02786250039935112
- 0.02786250039935112
velocity:
- -0.011309524066746235
- -0.011309524066746235
effort:
- .nan
- .nan
---
header:
  stamp:
    sec: 1791158718
    nanosec: 467156470
  frame_id: base_link
name:
- joint_x
- joint_y
position:
- 0.02761249989271164
- 0.02761875092983246
velocity:
- -0.012187499552965164
- -0.012187499552965164
effort:
- .nan
- .nan
---
header:
  stamp:
    sec: 1791158718
    nanosec: 487146131
  frame_id: base_link
name:
- joint_x
- joint_y
position:
- 0.027374999597668648
- 0.027374999597668648
velocity:
- -0.012187499552965164
- -0.012187499552965164
effort:
- .nan
- .nan
---
header:
  stamp:
    sec: 1791158718
    nanosec: 507143957
  frame_id: base_link
name:
- joint_x
- joint_y
position:
- 0.026868749409914017
- 0.026868749409914017
velocity:
- -0.012812499888241291
- -0.013124999590218067
effort:
- .nan
- .nan
---
header:
  stamp:
    sec: 1791158718
    nanosec: 527139290
  frame_id: base_link
name:
- joint_x
- joint_y
position:
- 0.02658125013113022
- 0.02658749930560589
velocity:
- -0.01406249962747097
- -0.01406249962747097
effort:
- .nan
- .nan
---
header:
  stamp:
    sec: 1791158718
    nanosec: 547140602
  frame_id: base_link
name:
- joint_x
- joint_y
position:
- 0.02630624920129776
- 0.02630624920129776
velocity:
- -0.01406249962747097
- -0.01406249962747097
effort:
- .nan
- .nan
---
header:
  stamp:
    sec: 1791158718
    nanosec: 567178297
  frame_id: base_link
name:
- joint_x
- joint_y
position:
- 0.026018749922513962
- 0.02602499909698963
velocity:
- -0.01406249962747097
- -0.01406249962747097
effort:
- .nan
- .nan
---
header:
  stamp:
    sec: 1791158718
    nanosec: 587139863
  frame_id: base_link
name:
- joint_x
- joint_y
position:
- 0.025724999606609344
- 0.025731250643730164
velocity:
- -0.014687499962747097
- -0.014687499962747097
effort:
- .nan
- .nan
---
header:
  stamp:
    sec: 1791158718
    nanosec: 607156016
  frame_id: base_link
name:
- joint_x
- joint_y
position:
- 0.025425000116229057
- 0.025431249290704727
velocity:
- -0.014999999664723873
- -0.014999999664723873
effort:
- .nan
- .nan
---
header:
  stamp:
    sec: 1791158718
    nanosec: 627102023
  frame_id: base_link
name:
- joint_x
- joint_y
position:
- 0.025106249377131462
- 0.025106249377131462
velocity:
- -0.015476190485060215
- -0.015476190485060215
effort:
- .nan
- .nan
---
header:
  stamp:
    sec: 1791158718
    nanosec: 647143932
  frame_id: base_link
name:
- joint_x
- joint_y
position:
- 0.024768749251961708
- 0.024775000289082527
velocity:
- -0.01656249910593033
- -0.01656249910593033
effort:
- .nan
- .nan
---
header:
  stamp:
    sec: 1791158718
    nanosec: 667147955
  frame_id: base_link
name:
- joint_x
- joint_y
position:
- 0.024450000375509262
- 0.024450000375509262
velocity:
- -0.016249999403953552
- -0.015937499701976776
effort:
- .nan
- .nan
---
header:
  stamp:
    sec: 1791158718
    nanosec: 687153506
  frame_id: base_link
name:
- joint_x
- joint_y
position:
- 0.023793749511241913
- 0.023800000548362732
velocity:
- -0.01656249910593033
- -0.01656249910593033
effort:
- .nan
- .nan
---
header:
  stamp:
    sec: 1791158718
    nanosec: 707153247
  frame_id: base_link
name:
- joint_x
- joint_y
position:
- 0.0234375
- 0.0234375
velocity:
- -0.017812499776482582
- -0.017812499776482582
effort:
- .nan
- .nan
---
header:
  stamp:
    sec: 1791158718
    nanosec: 727184675
  frame_id: base_link
name:
- joint_x
- joint_y
position:
- 0.023087499663233757
- 0.023093750700354576
velocity:
- -0.01718750037252903
- -0.017500000074505806
effort:
- .nan
- .nan
---
header:
  stamp:
    sec: 1791158718
    nanosec: 747153553
  frame_id: base_link
name:
- joint_x
- joint_y
position:
- 0.022737499326467514
- 0.022737499326467514
velocity:
- -0.017812499776482582
- -0.017500000074505806
effort:
- .nan
- .nan
---
header:
  stamp:
    sec: 1791158718
    nanosec: 767157469
  frame_id: base_link
name:
- joint_x
- joint_y
position:
- 0.0223812498152256
- 0.0223812498152256
velocity:
- -0.017812499776482582
- -0.017812499776482582
effort:
- .nan
- .nan
---
header:
  stamp:
    sec: 1791158718
    nanosec: 787166225
  frame_id: base_link
name:
- joint_x
- joint_y
position:
- 0.02201874926686287
- 0.02202500030398369
velocity:
- -0.017812499776482582
- -0.018124999478459358
effort:
- .nan
- .nan
---
header:
  stamp:
    sec: 1791158718
    nanosec: 807157324
  frame_id: base_link
name:
- joint_x
- joint_y
position:
- 0.02163749933242798
- 0.02163749933242798
velocity:
- -0.01845238171517849
- -0.01845238171517849
effort:
- .nan
- .nan
---
header:
  stamp:
    sec: 1791158718
    nanosec: 827142496
  frame_id: base_link
name:
- joint_x
- joint_y
position:
- 0.0212437491863966
- 0.0212437491863966
velocity:
- -0.019375000149011612
- -0.019375000149011612
effort:
- .nan
- .nan
---
header:
  stamp:
    sec: 1791158718
    nanosec: 847150338
  frame_id: base_link
name:
- joint_x
- joint_y
position:
- 0.020868750289082527
- 0.020868750289082527
velocity:
- -0.01875000074505806
- -0.01875000074505806
effort:
- .nan
- .nan
---
header:
  stamp:
    sec: 1791158718
    nanosec: 867155557
  frame_id: base_link
name:
- joint_x
- joint_y
position:
- 0.020118750631809235
- 0.020118750631809235
velocity:
- -0.01875000074505806
- -0.019062500447034836
effort:
- .nan
- .nan
---
header:
  stamp:
    sec: 1791158718
    nanosec: 887143561
  frame_id: base_link
name:
- joint_x
- joint_y
position:
- 0.019712500274181366
- 0.019712500274181366
velocity:
- -0.02031249925494194
- -0.02031249925494194
effort:
- .nan
- .nan
---
header:
  stamp:
    sec: 1791158718
    nanosec: 907153482
  frame_id: base_link
name:
- joint_x
- joint_y
position:
- 0.019324999302625656
- 0.019324999302625656
velocity:
- -0.019375000149011612
- -0.019375000149011612
effort:
- .nan
- .nan
---
header:
  stamp:
    sec: 1791158718
    nanosec: 927139601
  frame_id: base_link
name:
- joint_x
- joint_y
position:
- 0.018931249156594276
- 0.018931249156594276
velocity:
- -0.019687499850988388
- -0.019687499850988388
effort:
- .nan
- .nan
---
header:
  stamp:
    sec: 1791158718
    nanosec: 947150522
  frame_id: base_link
name:
- joint_x
- joint_y
position:
- 0.018543750047683716
- 0.018543750047683716
velocity:
- -0.019375000149011612
- -0.019375000149011612
effort:
- .nan
- .nan
---
header:
  stamp:
    sec: 1791158718
    nanosec: 967148266
  frame_id: base_link
name:
- joint_x
- joint_y
position:
- 0.018143750727176666
- 0.018149999901652336
velocity:
- -0.019999999552965164
- -0.019687499850988388
effort:
- .nan
- .nan
---
header:
  stamp:
    sec: 1791158718
    nanosec: 987149474
  frame_id: base_link
name:
- joint_x
- joint_y
position:
- 0.017750000581145287
- 0.017750000581145287
velocity:
- -0.019687499850988388
- -0.019999999552965164
effort:
- .nan
- .nan
---
header:
  stamp:
    sec: 1791158719
    nanosec: 7144544
  frame_id: base_link
name:
- joint_x
- joint_y
position:
- 0.01733125001192093
- 0.01733125001192093
velocity:
- -0.020937500521540642
- -0.020937500521540642
effort:
- .nan
- .nan
---
header:
  stamp:
    sec: 1791158719
    nanosec: 27145864
  frame_id: base_link
name:
- joint_x
- joint_y
position:
- 0.01693125069141388
- 0.01693125069141388
velocity:
- -0.019999999552965164
- -0.019999999552965164
effort:
- .nan
- .nan
---
header:
  stamp:
    sec: 1791158719
    nanosec: 47155581
  frame_id: base_link
name:
- joint_x
- joint_y
position:
- 0.01613125018775463
- 0.01613125018775463
velocity:
- -0.019999999552965164
- -0.019999999552965164
effort:
- .nan
- .nan
---
header:
  stamp:
    sec: 1791158719
    nanosec: 67169158
  frame_id: base_link
name:
- joint_x
- joint_y
position:
- 0.015699999406933784
- 0.015706250444054604
velocity:
- -0.021250000223517418
- -0.021250000223517418
effort:
- .nan
- .nan
---
header:
  stamp:
    sec: 1791158719
    nanosec: 87143895
  frame_id: base_link
name:
- joint_x
- joint_y
position:
- 0.01529374998062849
- 0.015300000086426735
velocity:
- -0.02031249925494194
- -0.02031249925494194
effort:
- .nan
- .nan
---
header:
  stamp:
    sec: 1791158719
    nanosec: 107140807
  frame_id: base_link
name:
- joint_x
- joint_y
position:
- 0.014893749728798866
- 0.014893749728798866
velocity:
- -0.02031249925494194
- -0.02031249925494194
effort:
- .nan
- .nan
---
header:
  stamp:
    sec: 1791158719
    nanosec: 127151200
  frame_id: base_link
name:
- joint_x
- joint_y
position:
- 0.014487500302493572
- 0.014487500302493572
velocity:
- -0.019999999552965164
- -0.019999999552965164
effort:
- .nan
- .nan
---
header:
  stamp:
    sec: 1791158719
    nanosec: 147143492
  frame_id: base_link
name:
- joint_x
- joint_y
position:
- 0.014087500050663948
- 0.014087500050663948
velocity:
- -0.02031249925494194
- -0.02031249925494194
effort:
- .nan
- .nan
---
header:
  stamp:
    sec: 1791158719
    nanosec: 167149265
  frame_id: base_link
name:
- joint_x
- joint_y
position:
- 0.01366250030696392
- 0.01366250030696392
velocity:
- -0.02023809589445591
- -0.02023809589445591
effort:
- .nan
- .nan
---
header:
  stamp:
    sec: 1791158719
    nanosec: 187146659
  frame_id: base_link
name:
- joint_x
- joint_y
position:
- 0.013237499631941319
- 0.013237499631941319
velocity:
- -0.021250000223517418
- -0.021250000223517418
effort:
- .nan
- .nan
---
header:
  stamp:
    sec: 1791158719
    nanosec: 207232457
  frame_id: base_link
name:
- joint_x
- joint_y
position:
- 0.012831250205636024
- 0.012837500311434269
velocity:
- -0.019999999552965164
- -0.019999999552965164
effort:
- .nan
- .nan
---
header:
  stamp:
    sec: 1791158719
    nanosec: 227143605
  frame_id: base_link
name:
- joint_x
- joint_y
position:
- 0.012437500059604645
- 0.012437500059604645
velocity:
- -0.019999999552965164
- -0.019999999552965164
effort:
- .nan
- .nan
---
header:
  stamp:
    sec: 1791158719
    nanosec: 247146810
  frame_id: base_link
name:
- joint_x
- joint_y
position:
- 0.011625000275671482
- 0.011625000275671482
velocity:
- -0.020625000819563866
- -0.020625000819563866
effort:
- .nan
- .nan
---
header:
  stamp:
    sec: 1791158719
    nanosec: 267157923
  frame_id: base_link
name:
- joint_x
- joint_y
position:
- 0.011231250129640102
- 0.011231250129640102
velocity:
- -0.019999999552965164
- -0.019999999552965164
effort:
- .nan
- .nan
---
header:
  stamp:
    sec: 1791158719
    nanosec: 287139823
  frame_id: base_link
name:
- joint_x
- joint_y
position:
- 0.010837499983608723
- 0.010837499983608723
velocity:
- -0.019375000149011612
- -0.019375000149011612
effort:
- .nan
- .nan
---
header:
  stamp:
    sec: 1791158719
    nanosec: 307137867
  frame_id: base_link
name:
- joint_x
- joint_y
position:
- 0.010449999943375587
- 0.010449999943375587
velocity:
- -0.019375000149011612
- -0.019375000149011612
effort:
- .nan
- .nan
---
header:
  stamp:
    sec: 1791158719
    nanosec: 327141891
  frame_id: base_link
name:
- joint_x
- joint_y
position:
- 0.010068750008940697
- 0.010068750008940697
velocity:
- -0.019375000149011612
- -0.019375000149011612
effort:
- .nan
- .nan
---
header:
  stamp:
    sec: 1791158719
    nanosec: 347142647
  frame_id: base_link
name:
- joint_x
- joint_y
position:
- 0.009662499651312828
- 0.009662499651312828
velocity:
- -0.0193452388048172
- -0.0193452388048172
effort:
- .nan
- .nan
---
header:
  stamp:
    sec: 1791158719
    nanosec: 367140255
  frame_id: base_link
name:
- joint_x
- joint_y
position:
- 0.009262500330805779
- 0.009262500330805779
velocity:
- -0.019687499850988388
- -0.019687499850988388
effort:
- .nan
- .nan
---
header:
  stamp:
    sec: 1791158719
    nanosec: 387138240
  frame_id: base_link
name:
- joint_x
- joint_y
position:
- 0.008887499570846558
- 0.008887499570846558
velocity:
- -0.01875000074505806
- -0.01875000074505806
effort:
- .nan
- .nan
---
header:
  stamp:
    sec: 1791158719
    nanosec: 407149223
  frame_id: base_link
name:
- joint_x
- joint_y
position:
- 0.008518749848008156
- 0.008518749848008156
velocity:
- -0.01875000074505806
- -0.018437499180436134
effort:
- .nan
- .nan
---
header:
  stamp:
    sec: 1791158719
    nanosec: 427149906
  frame_id: base_link
name:
- joint_x
- joint_y
position:
- 0.008150000125169754
- 0.008150000125169754
velocity:
- -0.018437499180436134
- -0.018437499180436134
effort:
- .nan
- .nan
---
header:
  stamp:
    sec: 1791158719
    nanosec: 447159112
  frame_id: base_link
name:
- joint_x
- joint_y
position:
- 0.007412500213831663
- 0.007412500213831663
velocity:
- -0.017812499776482582
- -0.017812499776482582
effort:
- .nan
- .nan
---
header:
  stamp:
    sec: 1791158719
    nanosec: 467151253
  frame_id: base_link
name:
- joint_x
- joint_y
position:
- 0.00706249987706542
- 0.00706249987706542
velocity:
- -0.017500000074505806
- -0.017500000074505806
effort:
- .nan
- .nan
---
header:
  stamp:
    sec: 1791158719
    nanosec: 487138441
  frame_id: base_link
name:
- joint_x
- joint_y
position:
- 0.006718750111758709
- 0.006718750111758709
velocity:
- -0.017500000074505806
- -0.017500000074505806
effort:
- .nan
- .nan
---
header:
  stamp:
    sec: 1791158719
    nanosec: 507141009
  frame_id: base_link
name:
- joint_x
- joint_y
position:
- 0.0063749998807907104
- 0.0063749998807907104
velocity:
- -0.01718750037252903
- -0.01718750037252903
effort:
- .nan
- .nan
---
header:
  stamp:
    sec: 1791158719
    nanosec: 527139226
  frame_id: base_link
name:
- joint_x
- joint_y
position:
- 0.00601874990388751
- 0.006025000009685755
velocity:
- -0.01696428656578064
- -0.01666666753590107
effort:
- .nan
- .nan
---
header:
  stamp:
    sec: 1791158719
    nanosec: 547141474
  frame_id: base_link
name:
- joint_x
- joint_y
position:
- 0.005668750032782555
- 0.005675000138580799
velocity:
- -0.01718750037252903
- -0.017500000074505806
effort:
- .nan
- .nan
---
header:
  stamp:
    sec: 1791158719
    nanosec: 567148001
  frame_id: base_link
name:
- joint_x
- joint_y
position:
- 0.005350000225007534
- 0.005350000225007534
velocity:
- -0.016249999403953552
- -0.016249999403953552
effort:
- .nan
- .nan
---
header:
  stamp:
    sec: 1791158719
    nanosec: 587143155
  frame_id: base_link
name:
- joint_x
- joint_y
position:
- 0.005031249951571226
- 0.005031249951571226
velocity:
- -0.015625
- -0.015625
effort:
- .nan
- .nan
---
header:
  stamp:
    sec: 1791158719
    nanosec: 607145215
  frame_id: base_link
name:
- joint_x
- joint_y
position:
- 0.004724999889731407
- 0.004724999889731407
velocity:
- -0.015625
- -0.015625
effort:
- .nan
- .nan
---
header:
  stamp:
    sec: 1791158719
    nanosec: 627152576
  frame_id: base_link
name:
- joint_x
- joint_y
position:
- 0.0044062500819563866
- 0.0044062500819563866
velocity:
- -0.015178571455180645
- -0.015178571455180645
effort:
- .nan
- .nan
---
header:
  stamp:
    sec: 1791158719
    nanosec: 647150213
  frame_id: base_link
name:
- joint_x
- joint_y
position:
- 0.0038125000428408384
- 0.0038125000428408384
velocity:
- -0.014375000260770321
- -0.014375000260770321
effort:
- .nan
- .nan
---
header:
  stamp:
    sec: 1791158719
    nanosec: 667152830
  frame_id: base_link
name:
- joint_x
- joint_y
position:
- 0.00353124993853271
- 0.00353124993853271
velocity:
- -0.01406249962747097
- -0.01406249962747097
effort:
- .nan
- .nan
---
header:
  stamp:
    sec: 1791158719
    nanosec: 687150772
  frame_id: base_link
name:
- joint_x
- joint_y
position:
- 0.0032625000458210707
- 0.0032625000458210707
velocity:
- -0.013437500223517418
- -0.013437500223517418
effort:
- .nan
- .nan
---
header:
  stamp:
    sec: 1791158719
    nanosec: 707141632
  frame_id: base_link
name:
- joint_x
- joint_y
position:
- 0.002987500047311187
- 0.002987500047311187
velocity:
- -0.013095238246023655
- -0.013095238246023655
effort:
- .nan
- .nan
---
header:
  stamp:
    sec: 1791158719
    nanosec: 727139510
  frame_id: base_link
name:
- joint_x
- joint_y
position:
- 0.0027187499217689037
- 0.0027187499217689037
velocity:
- -0.013437500223517418
- -0.013437500223517418
effort:
- .nan
- .nan
---
header:
  stamp:
    sec: 1791158719
    nanosec: 747150812
  frame_id: base_link
name:
- joint_x
- joint_y
position:
- 0.002474999986588955
- 0.002474999986588955
velocity:
- -0.012187499552965164
- -0.012187499552965164
effort:
- .nan
- .nan
---
header:
  stamp:
    sec: 1791158719
    nanosec: 767137537
  frame_id: base_link
name:
- joint_x
- joint_y
position:
- 0.002237499924376607
- 0.002237499924376607
velocity:
- -0.011562500149011612
- -0.011562500149011612
effort:
- .nan
- .nan
---
header:
  stamp:
    sec: 1791158719
    nanosec: 787171617
  frame_id: base_link
name:
- joint_x
- joint_y
position:
- 0.002012500073760748
- 0.002012500073760748
velocity:
- -0.011562500149011612
- -0.011562500149011612
effort:
- .nan
- .nan
---
header:
  stamp:
    sec: 1791158719
    nanosec: 807147767
  frame_id: base_link
name:
- joint_x
- joint_y
position:
- 0.0017937499796971679
- 0.0017937499796971679
velocity:
- -0.010625000111758709
- -0.010625000111758709
effort:
- .nan
- .nan
---
header:
  stamp:
    sec: 1791158719
    nanosec: 827143966
  frame_id: base_link
name:
- joint_x
- joint_y
position:
- 0.0013874999713152647
- 0.0013874999713152647
velocity:
- -0.009687500074505806
- -0.009687500074505806
effort:
- .nan
- .nan
---
header:
  stamp:
    sec: 1791158719
    nanosec: 847138847
  frame_id: base_link
name:
- joint_x
- joint_y
position:
- 0.0012000000569969416
- 0.0012000000569969416
velocity:
- -0.00937500037252903
- -0.00937500037252903
effort:
- .nan
- .nan
---
header:
  stamp:
    sec: 1791158719
    nanosec: 867160698
  frame_id: base_link
name:
- joint_x
- joint_y
position:
- 0.001025000005029142
- 0.0010312499944120646
velocity:
- -0.008750000037252903
- -0.008437500335276127
effort:
- .nan
- .nan
---
header:
  stamp:
    sec: 1791158719
    nanosec: 887141148
  frame_id: base_link
name:
- joint_x
- joint_y
position:
- 0.0008624999900348485
- 0.0008624999900348485
velocity:
- -0.008124999701976776
- -0.008437500335276127
effort:
- .nan
- .nan
---
header:
  stamp:
    sec: 1791158719
    nanosec: 907141570
  frame_id: base_link
name:
- joint_x
- joint_y
position:
- 0.0007062500226311386
- 0.0007062500226311386
velocity:
- -0.0078125
- -0.0078125
effort:
- .nan
- .nan
---
header:
  stamp:
    sec: 1791158719
    nanosec: 927160139
  frame_id: base_link
name:
- joint_x
- joint_y
position:
- 0.0005624999757856131
- 0.0005624999757856131
velocity:
- -0.0071875001303851604
- -0.0071875001303851604
effort:
- .nan
- .nan
---
header:
  stamp:
    sec: 1791158719
    nanosec: 947143032
  frame_id: base_link
name:
- joint_x
- joint_y
position:
- 0.00043750001350417733
- 0.00043750001350417733
velocity:
- -0.0062500000931322575
- -0.0062500000931322575
effort:
- .nan
- .nan
---
header:
  stamp:
    sec: 1791158719
    nanosec: 967151977
  frame_id: base_link
name:
- joint_x
- joint_y
position:
- 0.0003187500115018338
- 0.0003187500115018338
velocity:
- -0.005937499925494194
- -0.005937499925494194
effort:
- .nan
- .nan
---
header:
  stamp:
    sec: 1791158719
    nanosec: 987159474
  frame_id: base_link
name:
- joint_x
- joint_y
position:
- 0.0002125000028172508
- 0.0002125000028172508
velocity:
- -0.0053125000558793545
- -0.0053125000558793545
effort:
- .nan
- .nan
---
header:
  stamp:
    sec: 1791158720
    nanosec: 7172499
  frame_id: base_link
name:
- joint_x
- joint_y
position:
- 3.7500001781154424e-05
- 3.7500001781154424e-05
velocity:
- -0.004062499850988388
- -0.004062499850988388
effort:
- .nan
- .nan
---
header:
  stamp:
    sec: 1791158720
    nanosec: 27162604
  frame_id: base_link
name:
- joint_x
- joint_y
position:
- -2.499999936844688e-05
- -2.499999936844688e-05
velocity:
- -0.0031250000465661287
- -0.0031250000465661287
effort:
- .nan
- .nan
---
header:
  stamp:
    sec: 1791158720
    nanosec: 47163351
  frame_id: base_link
name:
- joint_x
- joint_y
position:
- -7.500000356230885e-05
- -7.500000356230885e-05
velocity:
- -0.0024999999441206455
- -0.0024999999441206455
effort:
- .nan
- .nan
---
header:
  stamp:
    sec: 1791158720
    nanosec: 67169284
  frame_id: base_link
name:
- joint_x
- joint_y
position:
- -0.00011875000200234354
- -0.00011875000200234354
velocity:
- -0.0021875000093132257
- -0.0021875000093132257
effort:
- .nan
- .nan
---
header:
  stamp:
    sec: 1791158720
    nanosec: 87173315
  frame_id: base_link
name:
- joint_x
- joint_y
position:
- -0.00014375000318977982
- -0.00014375000318977982
velocity:
- -0.0012499999720603228
- -0.0012499999720603228
effort:
- .nan
- .nan
---
header:
  stamp:
    sec: 1791158720
    nanosec: 107172101
  frame_id: base_link
name:
- joint_x
- joint_y
position:
- -0.0001500000071246177
- -0.0001500000071246177
velocity:
- -0.0003124999930150807
- -0.0003124999930150807
effort:
- .nan
- .nan
---
header:
  stamp:
    sec: 1791158720
    nanosec: 127158371
  frame_id: base_link
name:
- joint_x
- joint_y
position:
- -0.00015624999650754035
- -0.00015624999650754035
velocity:
- -0.0003124999930150807
- -0.0003124999930150807
effort:
- .nan
- .nan
---
header:
  stamp:
    sec: 1791158720
    nanosec: 147153167
  frame_id: base_link
name:
- joint_x
- joint_y
position:
- -0.00013124999532010406
- -0.00013124999532010406
velocity:
- 0.0012499999720603228
- 0.0012499999720603228
effort:
- .nan
- .nan
---
header:
  stamp:
    sec: 1791158720
    nanosec: 167181204
  frame_id: base_link
name:
- joint_x
- joint_y
position:
- -9.375000081490725e-05
- -9.375000081490725e-05
velocity:
- 0.0018749999580904841
- 0.0018749999580904841
effort:
- .nan
- .nan
---
header:
  stamp:
    sec: 1791158720
    nanosec: 187168718
  frame_id: base_link
name:
- joint_x
- joint_y
position:
- 0.0
- 0.0
velocity:
- 0.0024999999441206455
- 0.0024999999441206455
effort:
- .nan
- .nan
---
header:
  stamp:
    sec: 1791158720
    nanosec: 207154958
  frame_id: base_link
name:
- joint_x
- joint_y
position:
- 0.0
- 0.0
velocity:
- 0.0
- 0.0
effort:
- .nan
- .nan
---
header:
  stamp:
    sec: 1791158720
    nanosec: 227154835
  frame_id: base_link
name:
- joint_x
- joint_y
position:
- 0.0
- 0.0
velocity:
- 0.0
- 0.0
effort:
- .nan
- .nan
---
header:
  stamp:
    sec: 1791158720
    nanosec: 247136489
  frame_id: base_link
name:
- joint_x
- joint_y
position:
- 0.0
- 0.0
velocity:
- 0.0
- 0.0
effort:
- .nan
- .nan
---
header:
  stamp:
    sec: 1791158720
    nanosec: 267137622
  frame_id: base_link
name:
- joint_x
- joint_y
position:
- 0.0
- 0.0
velocity:
- 0.0
- 0.0
effort:
- .nan
- .nan
---
header:
  stamp:
    sec: 1791158720
    nanosec: 287146284
  frame_id: base_link
name:
- joint_x
- joint_y
position:
- 0.0
- 0.0
velocity:
- 0.0
- 0.0
effort:
- .nan
- .nan
---
header:
  stamp:
    sec: 1791158720
    nanosec: 307138827
  frame_id: base_link
name:
- joint_x
- joint_y
position:
- 0.0
- 0.0
velocity:
- 0.0
- 0.0
effort:
- .nan
- .nan
---
