A message was lost!!!
	total count change:1
	total count: 1---
header:
  stamp:
    sec: 1791162127
    nanosec: 234974067
  frame_id: base_link
name:
- joint_x
- joint_y
position:
- 0.0
- 0.0
velocity:
- 0.0
- 0.0
effort:
- .nan
- .nan
---
header:
  stamp:
    sec: 1791162127
    nanosec: 254969365
  frame_id: base_link
name:
- joint_x
- joint_y
position:
- 0.0
- 0.0
velocity:
- 0.0
- 0.0
effort:
- .nan
- .nan
---
header:
  stamp:
    sec: 1791162127
    nanosec: 274976719
  frame_id: base_link
name:
- joint_x
- joint_y
position:
- 0.0
- 0.0
velocity:
- 0.0
- 0.0
effort:
- .nan
- .nan
---
header:
  stamp:
    sec: 1791162127
    nanosec: 295008394
  frame_id: base_link
name:
- joint_x
- joint_y
position:
- 0.0
- 0.0
velocity:
- 0.0
- 0.0
effort:
- .nan
- .nan
---
header:
  stamp:
    sec: 1791162127
    nanosec: 314967805
  frame_id: base_link
name:
- joint_x
- joint_y
position:
- 0.0
- 0.0
velocity:
- 0.0
- 0.0
effort:
- .nan
- .nan
---
header:
  stamp:
    sec: 1791162127
    nanosec: 334975658
  frame_id: base_link
name:
- joint_x
- joint_y
position:
- 0.0
- 0.0
velocity:
- 0.0
- 0.0
effort:
- .nan
- .nan
---
header:
  stamp:
    sec: 1791162127
    nanosec: 355011477
  frame_id: base_link
name:
- joint_x
- joint_y
position:
- 0.0
- 0.0
velocity:
- 0.0
- 0.0
effort:
- .nan
- .nan
---
header:
  stamp:
    sec: 1791162127
    nanosec: 374965396
  frame_id: base_link
name:
- joint_x
- joint_y
position:
- 0.0
- 0.0
velocity:
- 0.0
- 0.0
effort:
- .nan
- .nan
---
header:
  stamp:
    sec: 1791162127
    nanosec: 394973459
  frame_id: base_link
name:
- joint_x
- joint_y
position:
- 0.0
- 0.0
velocity:
- 0.0
- 0.0
effort:
- .nan
- .nan
---
header:
  stamp:
    sec: 1791162127
    nanosec: 414961830
  frame_id: base_link
name:
- joint_x
- joint_y
position:
- 0.0
- 0.0
velocity:
- 0.0
- 0.0
effort:
- .nan
- .nan
---
header:
  stamp:
    sec: 1791162127
    nanosec: 434966687
  frame_id: base_link
name:
- joint_x
- joint_y
position:
- 0.0
- 0.0
velocity:
- 0.0
- 0.0
effort:
- .nan
- .nan
---
header:
  stamp:
    sec: 1791162127
    nanosec: 454970642
  frame_id: base_link
name:
- joint_x
- joint_y
position:
- 0.0
- 0.0
velocity:
- 0.0
- 0.0
effort:
- .nan
- .nan
---
header:
  stamp:
    sec: 1791162127
    nanosec: 474963350
  frame_id: base_link
name:
- joint_x
- joint_y
position:
- 0.0
- 0.0
velocity:
- 0.0
- 0.0
effort:
- .nan
- .nan
---
header:
  stamp:
    sec: 1791162127
    nanosec: 494969508
  frame_id: base_link
name:
- joint_x
- joint_y
position:
- 0.0
- 0.0
velocity:
- 0.0
- 0.0
effort:
- .nan
- .nan
---
header:
  stamp:
    sec: 1791162127
    nanosec: 514962555
  frame_id: base_link
name:
- joint_x
- joint_y
position:
- 0.0
- 0.0
velocity:
- 0.0
- 0.0
effort:
- .nan
- .nan
---
header:
  stamp:
    sec: 1791162127
    nanosec: 534968784
  frame_id: base_link
name:
- joint_x
- joint_y
position:
- 0.0
- 0.0
velocity:
- 0.0
- 0.0
effort:
- .nan
- .nan
---
header:
  stamp:
    sec: 1791162127
    nanosec: 554973013
  frame_id: base_link
name:
- joint_x
- joint_y
position:
- 0.0
- 0.0
velocity:
- 0.0
- 0.0
effort:
- .nan
- .nan
---
header:
  stamp:
    sec: 1791162127
    nanosec: 575013641
  frame_id: base_link
name:
- joint_x
- joint_y
position:
- 0.0
- 0.0
velocity:
- 0.0
- 0.0
effort:
- .nan
- .nan
---
header:
  stamp:
    sec: 1791162127
    nanosec: 594995291
  frame_id: base_link
name:
- joint_x
- joint_y
position:
- 0.0
- 0.0
velocity:
- 0.0
- 0.0
effort:
- .nan
- .nan
---
header:
  stamp:
    sec: 1791162127
    nanosec: 614984323
  frame_id: base_link
name:
- joint_x
- joint_y
position:
- 0.0
- 0.0
velocity:
- 0.0
- 0.0
effort:
- .nan
- .nan
---
header:
  stamp:
    sec: 1791162127
    nanosec: 634974977
  frame_id: base_link
name:
- joint_x
- joint_y
position:
- 0.0
- 0.0
velocity:
- 0.0
- 0.0
effort:
- .nan
- .nan
---
header:
  stamp:
    sec: 1791162127
    nanosec: 655009953
  frame_id: base_link
name:
- joint_x
- joint_y
position:
- 0.0
- 0.0
velocity:
- 0.0
- 0.0
effort:
- .nan
- .nan
---
header:
  stamp:
    sec: 1791162127
    nanosec: 675007346
  frame_id: base_link
name:
- joint_x
- joint_y
position:
- 0.0
- 0.0
velocity:
- 0.0
- 0.0
effort:
- .nan
- .nan
---
header:
  stamp:
    sec: 1791162127
    nanosec: 694971960
  frame_id: base_link
name:
- joint_x
- joint_y
position:
- 0.0
- 0.0
velocity:
- 0.0
- 0.0
effort:
- .nan
- .nan
---
header:
  stamp:
    sec: 1791162127
    nanosec: 714979909
  frame_id: base_link
name:
- joint_x
- joint_y
position:
- 0.0
- 0.0
velocity:
- 0.0
- 0.0
effort:
- .nan
- .nan
---
header:
  stamp:
    sec: 1791162127
    nanosec: 734973901
  frame_id: base_link
name:
- joint_x
- joint_y
position:
- 0.0
- 0.0
velocity:
- 0.0
- 0.0
effort:
- .nan
- .nan
---
header:
  stamp:
    sec: 1791162127
    nanosec: 754977798
  frame_id: base_link
name:
- joint_x
- joint_y
position:
- 0.0
- 0.0
velocity:
- 0.0
- 0.0
effort:
- .nan
- .nan
---
header:
  stamp:
    sec: 1791162127
    nanosec: 774975688
  frame_id: base_link
name:
- joint_x
- joint_y
position:
- 0.0
- 0.0
velocity:
- 0.0
- 0.0
effort:
- .nan
- .nan
---
header:
  stamp:
    sec: 1791162127
    nanosec: 794995171
  frame_id: base_link
name:
- joint_x
- joint_y
position:
- 0.0
- 0.0
velocity:
- 0.0
- 0.0
effort:
- .nan
- .nan
---
header:
  stamp:
    sec: 1791162127
    nanosec: 814981224
  frame_id: base_link
name:
- joint_x
- joint_y
position:
- 0.0
- 0.0
velocity:
- 0.0
- 0.0
effort:
- .nan
- .nan
---
header:
  stamp:
    sec: 1791162127
    nanosec: 834998760
  frame_id: base_link
name:
- joint_x
- joint_y
position:
- 0.0
- 0.0
velocity:
- 0.0
- 0.0
effort:
- .nan
- .nan
---
header:
  stamp:
    sec: 1791162127
    nanosec: 854984835
  frame_id: base_link
name:
- joint_x
- joint_y
position:
- 0.0
- 0.0
velocity:
- 0.0
- 0.0
effort:
- .nan
- .nan
---
header:
  stamp:
    sec: 1791162127
    nanosec: 874980820
  frame_id: base_link
name:
- joint_x
- joint_y
position:
- 0.0
- 0.0
velocity:
- 0.0
- 0.0
effort:
- .nan
- .nan
---
header:
  stamp:
    sec: 1791162127
    nanosec: 894973358
  frame_id: base_link
name:
- joint_x
- joint_y
position:
- 0.0
- 0.0
velocity:
- 0.0
- 0.0
effort:
- .nan
- .nan
---
header:
  stamp:
    sec: 1791162127
    nanosec: 914971300
  frame_id: base_link
name:
- joint_x
- joint_y
position:
- 0.0
- 0.0
velocity:
- 0.0
- 0.0
effort:
- .nan
- .nan
---
header:
  stamp:
    sec: 1791162127
    nanosec: 934979868
  frame_id: base_link
name:
- joint_x
- joint_y
position:
- 0.0
- 0.0
velocity:
- 0.0
- 0.0
effort:
- .nan
- .nan
---
header:
  stamp:
    sec: 1791162127
    nanosec: 954983158
  frame_id: base_link
name:
- joint_x
- joint_y
position:
- 0.0
- 0.0
velocity:
- 0.0
- 0.0
effort:
- .nan
- .nan
---
header:
  stamp:
    sec: 1791162127
    nanosec: 975011064
  frame_id: base_link
name:
- joint_x
- joint_y
position:
- 0.0
- 0.0
velocity:
- 0.0
- 0.0
effort:
- .nan
- .nan
---
header:
  stamp:
    sec: 1791162127
    nanosec: 994986186
  frame_id: base_link
name:
- joint_x
- joint_y
position:
- 0.0
- 0.0
velocity:
- 0.0
- 0.0
effort:
- .nan
- .nan
---
header:
  stamp:
    sec: 1791162128
    nanosec: 14981403
  frame_id: base_link
name:
- joint_x
- joint_y
position:
- 0.0
- 0.0
velocity:
- 0.0
- 0.0
effort:
- .nan
- .nan
---
header:
  stamp:
    sec: 1791162128
    nanosec: 34997777
  frame_id: base_link
name:
- joint_x
- joint_y
position:
- 0.0
- 0.0
velocity:
- 0.0
- 0.0
effort:
- .nan
- .nan
---
header:
  stamp:
    sec: 1791162128
    nanosec: 54988071
  frame_id: base_link
name:
- joint_x
- joint_y
position:
- 0.0
- 0.0
velocity:
- 0.0
- 0.0
effort:
- .nan
- .nan
---
header:
  stamp:
    sec: 1791162128
    nanosec: 74983053
  frame_id: base_link
name:
- joint_x
- joint_y
position:
- 0.0
- 0.0
velocity:
- 0.0
- 0.0
effort:
- .nan
- .nan
---
header:
  stamp:
    sec: 1791162128
    nanosec: 94991893
  frame_id: base_link
name:
- joint_x
- joint_y
position:
- 0.0
- 0.0
velocity:
- 0.0
- 0.0
effort:
- .nan
- .nan
---
header:
  stamp:
    sec: 1791162128
    nanosec: 114993915
  frame_id: base_link
name:
- joint_x
- joint_y
position:
- 0.0
- 0.0
velocity:
- 0.0
- 0.0
effort:
- .nan
- .nan
---
header:
  stamp:
    sec: 1791162128
    nanosec: 135000130
  frame_id: base_link
name:
- joint_x
- joint_y
position:
- 0.0
- 0.0
velocity:
- 0.0
- 0.0
effort:
- .nan
- .nan
---
header:
  stamp:
    sec: 1791162128
    nanosec: 154988322
  frame_id: base_link
name:
- joint_x
- joint_y
position:
- 0.0
- 0.0
velocity:
- 0.0
- 0.0
effort:
- .nan
- .nan
---
header:
  stamp:
    sec: 1791162128
    nanosec: 174989276
  frame_id: base_link
name:
- joint_x
- joint_y
position:
- 0.0
- 0.0
velocity:
- 0.0
- 0.0
effort:
- .nan
- .nan
---
header:
  stamp:
    sec: 1791162128
    nanosec: 194989393
  frame_id: base_link
name:
- joint_x
- joint_y
position:
- 0.0
- 0.0
velocity:
- 0.0
- 0.0
effort:
- .nan
- .nan
---
header:
  stamp:
    sec: 1791162128
    nanosec: 215011020
  frame_id: base_link
name:
- joint_x
- joint_y
position:
- 0.0
- 0.0
velocity:
- 0.0
- 0.0
effort:
- .nan
- .nan
---
header:
  stamp:
    sec: 1791162128
    nanosec: 235014819
  frame_id: base_link
name:
- joint_x
- joint_y
position:
- 0.0
- 0.0
velocity:
- 0.0
- 0.0
effort:
- .nan
- .nan
---
header:
  stamp:
    sec: 1791162128
    nanosec: 255003762
  frame_id: base_link
name:
- joint_x
- joint_y
position:
- 0.0
- 0.0
velocity:
- 0.0
- 0.0
effort:
- .nan
- .nan
---
header:
  stamp:
    sec: 1791162128
    nanosec: 275009916
  frame_id: base_link
name:
- joint_x
- joint_y
position:
- 0.0
- 0.0
velocity:
- 0.0
- 0.0
effort:
- .nan
- .nan
---
header:
  stamp:
    sec: 1791162128
    nanosec: 295009231
  frame_id: base_link
name:
- joint_x
- joint_y
position:
- 0.0
- 0.0
velocity:
- 0.0
- 0.0
effort:
- .nan
- .nan
---
header:
  stamp:
    sec: 1791162128
    nanosec: 315021199
  frame_id: base_link
name:
- joint_x
- joint_y
position:
- 0.0
- 0.0
velocity:
- 0.0
- 0.0
effort:
- .nan
- .nan
---
header:
  stamp:
    sec: 1791162128
    nanosec: 335028091
  frame_id: base_link
name:
- joint_x
- joint_y
position:
- 0.0
- 0.0
velocity:
- 0.0
- 0.0
effort:
- .nan
- .nan
---
header:
  stamp:
    sec: 1791162128
    nanosec: 355027293
  frame_id: base_link
name:
- joint_x
- joint_y
position:
- 0.0
- 0.0
velocity:
- 0.0
- 0.0
effort:
- .nan
- .nan
---
header:
  stamp:
    sec: 1791162128
    nanosec: 375016610
  frame_id: base_link
name:
- joint_x
- joint_y
position:
- 0.0
- 0.0
velocity:
- 0.0
- 0.0
effort:
- .nan
- .nan
---
header:
  stamp:
    sec: 1791162128
    nanosec: 395032443
  frame_id: base_link
name:
- joint_x
- joint_y
position:
- 0.0
- 0.0
velocity:
- 0.0
- 0.0
effort:
- .nan
- .nan
---
header:
  stamp:
    sec: 1791162128
    nanosec: 415014329
  frame_id: base_link
name:
- joint_x
- joint_y
position:
- 0.0
- 0.0
velocity:
- 0.0
- 0.0
effort:
- .nan
- .nan
---
header:
  stamp:
    sec: 1791162128
    nanosec: 435012049
  frame_id: base_link
name:
- joint_x
- joint_y
position:
- 0.0
- 0.0
velocity:
- 0.0
- 0.0
effort:
- .nan
- .nan
---
header:
  stamp:
    sec: 1791162128
    nanosec: 455032350
  frame_id: base_link
name:
- joint_x
- joint_y
position:
- 0.0
- 0.0
velocity:
- 0.0
- 0.0
effort:
- .nan
- .nan
---
header:
  stamp:
    sec: 1791162128
    nanosec: 475036795
  frame_id: base_link
name:
- joint_x
- joint_y
position:
- 0.0
- 0.0
velocity:
- 0.0
- 0.0
effort:
- .nan
- .nan
---
header:
  stamp:
    sec: 1791162128
    nanosec: 495059091
  frame_id: base_link
name:
- joint_x
- joint_y
position:
- 0.0
- 0.0
velocity:
- 0.0
- 0.0
effort:
- .nan
- .nan
---
header:
  stamp:
    sec: 1791162128
    nanosec: 515008647
  frame_id: base_link
name:
- joint_x
- joint_y
position:
- 0.0
- 0.0
velocity:
- 0.0
- 0.0
effort:
- .nan
- .nan
---
header:
  stamp:
    sec: 1791162128
    nanosec: 534992440
  frame_id: base_link
name:
- joint_x
- joint_y
position:
- 0.0
- 0.0
velocity:
- 0.0
- 0.0
effort:
- .nan
- .nan
---
header:
  stamp:
    sec: 1791162128
    nanosec: 555013347
  frame_id: base_link
name:
- joint_x
- joint_y
position:
- 0.0
- 0.0
velocity:
- 0.0
- 0.0
effort:
- .nan
- .nan
---
header:
  stamp:
    sec: 1791162128
    nanosec: 575030739
  frame_id: base_link
name:
- joint_x
- joint_y
position:
- 0.0
- 0.0
velocity:
- 0.0
- 0.0
effort:
- .nan
- .nan
---
header:
  stamp:
    sec: 1791162128
    nanosec: 595037610
  frame_id: base_link
name:
- joint_x
- joint_y
position:
- 0.0
- 0.0
velocity:
- 0.0
- 0.0
effort:
- .nan
- .nan
---
header:
  stamp:
    sec: 1791162128
    nanosec: 615051073
  frame_id: base_link
name:
- joint_x
- joint_y
position:
- 0.0
- 0.0
velocity:
- 0.0
- 0.0
effort:
- .nan
- .nan
---
header:
  stamp:
    sec: 1791162128
    nanosec: 635038692
  frame_id: base_link
name:
- joint_x
- joint_y
position:
- 0.0
- 0.0
velocity:
- 0.0
- 0.0
effort:
- .nan
- .nan
---
header:
  stamp:
    sec: 1791162128
    nanosec: 655019033
  frame_id: base_link
name:
- joint_x
- joint_y
position:
- 0.0
- 0.0
velocity:
- 0.0
- 0.0
effort:
- .nan
- .nan
---
header:
  stamp:
    sec: 1791162128
    nanosec: 675027456
  frame_id: base_link
name:
- joint_x
- joint_y
position:
- 0.0
- 0.0
velocity:
- 0.0
- 0.0
effort:
- .nan
- .nan
---
header:
  stamp:
    sec: 1791162128
    nanosec: 695023912
  frame_id: base_link
name:
- joint_x
- joint_y
position:
- 0.0
- 0.0
velocity:
- 0.0
- 0.0
effort:
- .nan
- .nan
---
header:
  stamp:
    sec: 1791162128
    nanosec: 715007484
  frame_id: base_link
name:
- joint_x
- joint_y
position:
- 0.0
- 0.0
velocity:
- 0.0
- 0.0
effort:
- .nan
- .nan
---
header:
  stamp:
    sec: 1791162128
    nanosec: 735028242
  frame_id: base_link
name:
- joint_x
- joint_y
position:
- 0.0
- 0.0
velocity:
- 0.0
- 0.0
effort:
- .nan
- .nan
---
header:
  stamp:
    sec: 1791162128
    nanosec: 755026913
  frame_id: base_link
name:
- joint_x
- joint_y
position:
- 0.0
- 0.0
velocity:
- 0.0
- 0.0
effort:
- .nan
- .nan
---
header:
  stamp:
    sec: 1791162128
    nanosec: 775024413
  frame_id: base_link
name:
- joint_x
- joint_y
position:
- 0.0
- 0.0
velocity:
- 0.0
- 0.0
effort:
- .nan
- .nan
---
header:
  stamp:
    sec: 1791162128
    nanosec: 795021660
  frame_id: base_link
name:
- joint_x
- joint_y
position:
- 0.0
- 0.0
velocity:
- 0.0
- 0.0
effort:
- .nan
- .nan
---
header:
  stamp:
    sec: 1791162128
    nanosec: 824998316
  frame_id: base_link
name:
- joint_x
- joint_y
position:
- 0.0
- 0.0
velocity:
- 0.0
- 0.0
effort:
- .nan
- .nan
---
header:
  stamp:
    sec: 1791162128
    nanosec: 835007905
  frame_id: base_link
name:
- joint_x
- joint_y
position:
- 0.0
- 0.0
velocity:
- 0.0
- 0.0
effort:
- .nan
- .nan
---
header:
  stamp:
    sec: 1791162128
    nanosec: 855032661
  frame_id: base_link
name:
- joint_x
- joint_y
position:
- 0.0
- 0.0
velocity:
- 0.0
- 0.0
effort:
- .nan
- .nan
---
header:
  stamp:
    sec: 1791162128
    nanosec: 875042186
  frame_id: base_link
name:
- joint_x
- joint_y
position:
- 0.0
- 0.0
velocity:
- 0.0
- 0.0
effort:
- .nan
- .nan
---
header:
  stamp:
    sec: 1791162128
    nanosec: 895027121
  frame_id: base_link
name:
- joint_x
- joint_y
position:
- 0.0
- 0.0
velocity:
- 0.0
- 0.0
effort:
- .nan
- .nan
---
header:
  stamp:
    sec: 1791162128
    nanosec: 915581753
  frame_id: base_link
name:
- joint_x
- joint_y
position:
- 0.0
- 0.0
velocity:
- 0.0
- 0.0
effort:
- .nan
- .nan
---
header:
  stamp:
    sec: 1791162128
    nanosec: 935043353
  frame_id: base_link
name:
- joint_x
- joint_y
position:
- 0.0
- 0.0
velocity:
- 0.0
- 0.0
effort:
- .nan
- .nan
---
header:
  stamp:
    sec: 1791162128
    nanosec: 955030759
  frame_id: base_link
name:
- joint_x
- joint_y
position:
- 0.0
- 0.0
velocity:
- 0.0
- 0.0
effort:
- .nan
- .nan
---
header:
  stamp:
    sec: 1791162128
    nanosec: 975035537
  frame_id: base_link
name:
- joint_x
- joint_y
position:
- 0.0
- 0.0
velocity:
- 0.0
- 0.0
effort:
- .nan
- .nan
---
header:
  stamp:
    sec: 1791162128
    nanosec: 995021490
  frame_id: base_link
name:
- joint_x
- joint_y
position:
- 0.0
- 0.0
velocity:
- 0.0
- 0.0
effort:
- .nan
- .nan
---
header:
  stamp:
    sec: 1791162129
    nanosec: 15005950
  frame_id: base_link
name:
- joint_x
- joint_y
position:
- 0.0
- 0.0
velocity:
- 0.0
- 0.0
effort:
- .nan
- .nan
---
header:
  stamp:
    sec: 1791162129
    nanosec: 35041512
  frame_id: base_link
name:
- joint_x
- joint_y
position:
- 0.0
- 0.0
velocity:
- 0.0
- 0.0
effort:
- .nan
- .nan
---
header:
  stamp:
    sec: 1791162129
    nanosec: 55034998
  frame_id: base_link
name:
- joint_x
- joint_y
position:
- 0.0
- 0.0
velocity:
- 0.0
- 0.0
effort:
- .nan
- .nan
---
header:
  stamp:
    sec: 1791162129
    nanosec: 75033053
  frame_id: base_link
name:
- joint_x
- joint_y
position:
- 0.0
- 0.0
velocity:
- 0.0
- 0.0
effort:
- .nan
- .nan
---
header:
  stamp:
    sec: 1791162129
    nanosec: 95037853
  frame_id: base_link
name:
- joint_x
- joint_y
position:
- 0.0
- 0.0
velocity:
- 0.0
- 0.0
effort:
- .nan
- .nan
---
header:
  stamp:
    sec: 1791162129
    nanosec: 115045934
  frame_id: base_link
name:
- joint_x
- joint_y
position:
- 0.0
- 0.0
velocity:
- 0.0
- 0.0
effort:
- .nan
- .nan
---
header:
  stamp:
    sec: 1791162129
    nanosec: 135030536
  frame_id: base_link
name:
- joint_x
- joint_y
position:
- 0.0
- 0.0
velocity:
- 0.0
- 0.0
effort:
- .nan
- .nan
---
header:
  stamp:
    sec: 1791162129
    nanosec: 155057331
  frame_id: base_link
name:
- joint_x
- joint_y
position:
- 0.0
- 0.0
velocity:
- 0.0
- 0.0
effort:
- .nan
- .nan
---
header:
  stamp:
    sec: 1791162129
    nanosec: 174994617
  frame_id: base_link
name:
- joint_x
- joint_y
position:
- 0.0
- 0.0
velocity:
- 0.0
- 0.0
effort:
- .nan
- .nan
---
header:
  stamp:
    sec: 1791162129
    nanosec: 195004553
  frame_id: base_link
name:
- joint_x
- joint_y
position:
- 0.0
- 0.0
velocity:
- 0.0
- 0.0
effort:
- .nan
- .nan
---
header:
  stamp:
    sec: 1791162129
    nanosec: 214995103
  frame_id: base_link
name:
- joint_x
- joint_y
position:
- 1.8750000890577212e-05
- 1.8750000890577212e-05
velocity:
- 0.0009374999790452421
- 0.0009374999790452421
effort:
- .nan
- .nan
---
header:
  stamp:
    sec: 1791162129
    nanosec: 235002560
  frame_id: base_link
name:
- joint_x
- joint_y
position:
- 4.999999873689376e-05
- 4.999999873689376e-05
velocity:
- 0.0015625000232830644
- 0.0015625000232830644
effort:
- .nan
- .nan
---
header:
  stamp:
    sec: 1791162129
    nanosec: 255004334
  frame_id: base_link
name:
- joint_x
- joint_y
position:
- 0.0001062500014086254
- 0.0001062500014086254
velocity:
- 0.0026785715017467737
- 0.0026785715017467737
effort:
- .nan
- .nan
---
header:
  stamp:
    sec: 1791162129
    nanosec: 275011162
  frame_id: base_link
name:
- joint_x
- joint_y
position:
- 0.0002624999906402081
- 0.0002562500012572855
velocity:
- 0.0043750000186264515
- 0.004062499850988388
effort:
- .nan
- .nan
---
header:
  stamp:
    sec: 1791162129
    nanosec: 295003349
  frame_id: base_link
name:
- joint_x
- joint_y
position:
- 0.0003562500060070306
- 0.0003562500060070306
velocity:
- 0.004687500186264515
- 0.004999999888241291
effort:
- .nan
- .nan
---
header:
  stamp:
    sec: 1791162129
    nanosec: 314999106
  frame_id: base_link
name:
- joint_x
- joint_y
position:
- 0.00046874998952262104
- 0.00046874998952262104
velocity:
- 0.005625000223517418
- 0.005625000223517418
effort:
- .nan
- .nan
---
header:
  stamp:
    sec: 1791162129
    nanosec: 334993227
  frame_id: base_link
name:
- joint_x
- joint_y
position:
- 0.0006062500178813934
- 0.0006000000284984708
velocity:
- 0.006562499795109034
- 0.006562499795109034
effort:
- .nan
- .nan
---
header:
  stamp:
    sec: 1791162129
    nanosec: 355006324
  frame_id: base_link
name:
- joint_x
- joint_y
position:
- 0.0007437500171363354
- 0.0007437500171363354
velocity:
- 0.006874999962747097
- 0.006874999962747097
effort:
- .nan
- .nan
---
header:
  stamp:
    sec: 1791162129
    nanosec: 375009209
  frame_id: base_link
name:
- joint_x
- joint_y
position:
- 0.0008937499951571226
- 0.0008937499951571226
velocity:
- 0.007499999832361937
- 0.007499999832361937
effort:
- .nan
- .nan
---
header:
  stamp:
    sec: 1791162129
    nanosec: 395002299
  frame_id: base_link
name:
- joint_x
- joint_y
position:
- 0.0010562499519437551
- 0.0010562499519437551
velocity:
- 0.008124999701976776
- 0.008124999701976776
effort:
- .nan
- .nan
---
header:
  stamp:
    sec: 1791162129
    nanosec: 415009127
  frame_id: base_link
name:
- joint_x
- joint_y
position:
- 0.0012250000145286322
- 0.0012250000145286322
velocity:
- 0.008750000037252903
- 0.008750000037252903
effort:
- .nan
- .nan
---
header:
  stamp:
    sec: 1791162129
    nanosec: 434999466
  frame_id: base_link
name:
- joint_x
- joint_y
position:
- 0.0014187500346451998
- 0.0014187500346451998
velocity:
- 0.009226190857589245
- 0.009226190857589245
effort:
- .nan
- .nan
---
header:
  stamp:
    sec: 1791162129
    nanosec: 455001024
  frame_id: base_link
name:
- joint_x
- joint_y
position:
- 0.0016250000335276127
- 0.0016250000335276127
velocity:
- 0.010312500409781933
- 0.010312500409781933
effort:
- .nan
- .nan
---
header:
  stamp:
    sec: 1791162129
    nanosec: 475051283
  frame_id: base_link
name:
- joint_x
- joint_y
position:
- 0.002050000010058284
- 0.002050000010058284
velocity:
- 0.010937499813735485
- 0.010937499813735485
effort:
- .nan
- .nan
---
header:
  stamp:
    sec: 1791162129
    nanosec: 495005784
  frame_id: base_link
name:
- joint_x
- joint_y
position:
- 0.0022812499664723873
- 0.0022812499664723873
velocity:
- 0.011562500149011612
- 0.011562500149011612
effort:
- .nan
- .nan
---
header:
  stamp:
    sec: 1791162129
    nanosec: 514995919
  frame_id: base_link
name:
- joint_x
- joint_y
position:
- 0.0025312500074505806
- 0.0025312500074505806
velocity:
- 0.012187499552965164
- 0.012187499552965164
effort:
- .nan
- .nan
---
header:
  stamp:
    sec: 1791162129
    nanosec: 534998342
  frame_id: base_link
name:
- joint_x
- joint_y
position:
- 0.0027749999426305294
- 0.0027749999426305294
velocity:
- 0.012500000186264515
- 0.012500000186264515
effort:
- .nan
- .nan
---
header:
  stamp:
    sec: 1791162129
    nanosec: 554999143
  frame_id: base_link
name:
- joint_x
- joint_y
position:
- 0.003031250089406967
- 0.003031250089406967
velocity:
- 0.012812499888241291
- 0.012812499888241291
effort:
- .nan
- .nan
---
header:
  stamp:
    sec: 1791162129
    nanosec: 575004154
  frame_id: base_link
name:
- joint_x
- joint_y
position:
- 0.0032937501091510057
- 0.0032937501091510057
velocity:
- 0.013124999590218067
- 0.013124999590218067
effort:
- .nan
- .nan
---
header:
  stamp:
    sec: 1791162129
    nanosec: 594995817
  frame_id: base_link
name:
- joint_x
- joint_y
position:
- 0.0035687501076608896
- 0.0035687501076608896
velocity:
- 0.013749999925494194
- 0.013437500223517418
effort:
- .nan
- .nan
---
header:
  stamp:
    sec: 1791162129
    nanosec: 614997176
  frame_id: base_link
name:
- joint_x
- joint_y
position:
- 0.0038624999579042196
- 0.0038624999579042196
velocity:
- 0.013988095335662365
- 0.014285714365541935
effort:
- .nan
- .nan
---
header:
  stamp:
    sec: 1791162129
    nanosec: 635017695
  frame_id: base_link
name:
- joint_x
- joint_y
position:
- 0.004168749786913395
- 0.004168749786913395
velocity:
- 0.015312500298023224
- 0.015312500298023224
effort:
- .nan
- .nan
---
header:
  stamp:
    sec: 1791162129
    nanosec: 655019798
  frame_id: base_link
name:
- joint_x
- joint_y
position:
- 0.004768750164657831
- 0.004762500058859587
velocity:
- 0.015312500298023224
- 0.014999999664723873
effort:
- .nan
- .nan
---
header:
  stamp:
    sec: 1791162129
    nanosec: 675008244
  frame_id: base_link
name:
- joint_x
- joint_y
position:
- 0.005081249866634607
- 0.005081249866634607
velocity:
- 0.015625
- 0.015937499701976776
effort:
- .nan
- .nan
---
header:
  stamp:
    sec: 1791162129
    nanosec: 694995741
  frame_id: base_link
name:
- joint_x
- joint_y
position:
- 0.005418749991804361
- 0.005412499886006117
velocity:
- 0.01656249910593033
- 0.01656249910593033
effort:
- .nan
- .nan
---
header:
  stamp:
    sec: 1791162129
    nanosec: 714994546
  frame_id: base_link
name:
- joint_x
- joint_y
position:
- 0.005743749905377626
- 0.005737499799579382
velocity:
- 0.016249999403953552
- 0.016249999403953552
effort:
- .nan
- .nan
---
header:
  stamp:
    sec: 1791162129
    nanosec: 735001754
  frame_id: base_link
name:
- joint_x
- joint_y
position:
- 0.006074999924749136
- 0.0060687498189508915
velocity:
- 0.01656249910593033
- 0.01656249910593033
effort:
- .nan
- .nan
---
header:
  stamp:
    sec: 1791162129
    nanosec: 754997075
  frame_id: base_link
name:
- joint_x
- joint_y
position:
- 0.00641250004991889
- 0.00641250004991889
velocity:
- 0.016875000670552254
- 0.016875000670552254
effort:
- .nan
- .nan
---
header:
  stamp:
    sec: 1791162129
    nanosec: 775002540
  frame_id: base_link
name:
- joint_x
- joint_y
position:
- 0.006756249815225601
- 0.006756249815225601
velocity:
- 0.01718750037252903
- 0.01718750037252903
effort:
- .nan
- .nan
---
header:
  stamp:
    sec: 1791162129
    nanosec: 795008232
  frame_id: base_link
name:
- joint_x
- joint_y
position:
- 0.007118749897927046
- 0.007118749897927046
velocity:
- 0.01755952462553978
- 0.01755952462553978
effort:
- .nan
- .nan
---
header:
  stamp:
    sec: 1791162129
    nanosec: 815005510
  frame_id: base_link
name:
- joint_x
- joint_y
position:
- 0.007493750192224979
- 0.007493750192224979
velocity:
- 0.01875000074505806
- 0.018437499180436134
effort:
- .nan
- .nan
---
header:
  stamp:
    sec: 1791162129
    nanosec: 835014508
  frame_id: base_link
name:
- joint_x
- joint_y
position:
- 0.007849999703466892
- 0.007849999703466892
velocity:
- 0.017812499776482582
- 0.018124999478459358
effort:
- .nan
- .nan
---
header:
  stamp:
    sec: 1791162129
    nanosec: 855005127
  frame_id: base_link
name:
- joint_x
- joint_y
position:
- 0.008574999868869781
- 0.008574999868869781
velocity:
- 0.018124999478459358
- 0.018124999478459358
effort:
- .nan
- .nan
---
header:
  stamp:
    sec: 1791162129
    nanosec: 875024307
  frame_id: base_link
name:
- joint_x
- joint_y
position:
- 0.008968750014901161
- 0.008968750014901161
velocity:
- 0.019687499850988388
- 0.019375000149011612
effort:
- .nan
- .nan
---
header:
  stamp:
    sec: 1791162129
    nanosec: 895007273
  frame_id: base_link
name:
- joint_x
- joint_y
position:
- 0.009343749843537807
- 0.009343749843537807
velocity:
- 0.01875000074505806
- 0.019062500447034836
effort:
- .nan
- .nan
---
header:
  stamp:
    sec: 1791162129
    nanosec: 915003040
  frame_id: base_link
name:
- joint_x
- joint_y
position:
- 0.009724999777972698
- 0.009724999777972698
velocity:
- 0.019062500447034836
- 0.019062500447034836
effort:
- .nan
- .nan
---
header:
  stamp:
    sec: 1791162129
    nanosec: 934997703
  frame_id: base_link
name:
- joint_x
- joint_y
position:
- 0.010112499818205833
- 0.010112499818205833
velocity:
- 0.019062500447034836
- 0.019062500447034836
effort:
- .nan
- .nan
---
header:
  stamp:
    sec: 1791162129
    nanosec: 955005073
  frame_id: base_link
name:
- joint_x
- joint_y
position:
- 0.010499999858438969
- 0.010499999858438969
velocity:
- 0.019375000149011612
- 0.019375000149011612
effort:
- .nan
- .nan
---
header:
  stamp:
    sec: 1791162129
    nanosec: 975031473
  frame_id: base_link
name:
- joint_x
- joint_y
position:
- 0.010906250216066837
- 0.010906250216066837
velocity:
- 0.01964285783469677
- 0.01964285783469677
effort:
- .nan
- .nan
---
header:
  stamp:
    sec: 1791162129
    nanosec: 995006697
  frame_id: base_link
name:
- joint_x
- joint_y
position:
- 0.011318749748170376
- 0.011318749748170376
velocity:
- 0.020625000819563866
- 0.020625000819563866
effort:
- .nan
- .nan
---
header:
  stamp:
    sec: 1791162130
    nanosec: 14996465
  frame_id: base_link
name:
- joint_x
- joint_y
position:
- 0.01171875
- 0.01171875
velocity:
- 0.019999999552965164
- 0.019687499850988388
effort:
- .nan
- .nan
---
header:
  stamp:
    sec: 1791162130
    nanosec: 35015124
  frame_id: base_link
name:
- joint_x
- joint_y
position:
- 0.01250625029206276
- 0.01250625029206276
velocity:
- 0.019687499850988388
- 0.019687499850988388
effort:
- .nan
- .nan
---
header:
  stamp:
    sec: 1791162130
    nanosec: 54998682
  frame_id: base_link
name:
- joint_x
- joint_y
position:
- 0.012931250035762787
- 0.012924999929964542
velocity:
- 0.020937500521540642
- 0.020937500521540642
effort:
- .nan
- .nan
---
header:
  stamp:
    sec: 1791162130
    nanosec: 75004704
  frame_id: base_link
name:
- joint_x
- joint_y
position:
- 0.013331250287592411
- 0.013331250287592411
velocity:
- 0.019999999552965164
- 0.019999999552965164
effort:
- .nan
- .nan
---
header:
  stamp:
    sec: 1791162130
    nanosec: 95010181
  frame_id: base_link
name:
- joint_x
- joint_y
position:
- 0.01373124960809946
- 0.01373124960809946
velocity:
- 0.02031249925494194
- 0.019999999552965164
effort:
- .nan
- .nan
---
header:
  stamp:
    sec: 1791162130
    nanosec: 115007905
  frame_id: base_link
name:
- joint_x
- joint_y
position:
- 0.01413749996572733
- 0.01413749996572733
velocity:
- 0.019999999552965164
- 0.020625000819563866
effort:
- .nan
- .nan
---
header:
  stamp:
    sec: 1791162130
    nanosec: 135042378
  frame_id: base_link
name:
- joint_x
- joint_y
position:
- 0.014537500217556953
- 0.014537500217556953
velocity:
- 0.02031249925494194
- 0.019999999552965164
effort:
- .nan
- .nan
---
header:
  stamp:
    sec: 1791162130
    nanosec: 154999144
  frame_id: base_link
name:
- joint_x
- joint_y
position:
- 0.014962499961256981
- 0.014962499961256981
velocity:
- 0.02023809589445591
- 0.02023809589445591
effort:
- .nan
- .nan
---
header:
  stamp:
    sec: 1791162130
    nanosec: 175014862
  frame_id: base_link
name:
- joint_x
- joint_y
position:
- 0.015393749810755253
- 0.015387499704957008
velocity:
- 0.021250000223517418
- 0.021250000223517418
effort:
- .nan
- .nan
---
header:
  stamp:
    sec: 1791162130
    nanosec: 194995651
  frame_id: base_link
name:
- joint_x
- joint_y
position:
- 0.015793750062584877
- 0.015793750062584877
velocity:
- 0.02031249925494194
- 0.019999999552965164
effort:
- .nan
- .nan
---
header:
  stamp:
    sec: 1791162130
    nanosec: 214999552
  frame_id: base_link
name:
- joint_x
- joint_y
position:
- 0.016200000420212746
- 0.016193749383091927
velocity:
- 0.019999999552965164
- 0.02031249925494194
effort:
- .nan
- .nan
---
header:
  stamp:
    sec: 1791162130
    nanosec: 234999770
  frame_id: base_link
name:
- joint_x
- joint_y
position:
- 0.017018750309944153
- 0.017012499272823334
velocity:
- 0.020937500521540642
- 0.021250000223517418
effort:
- .nan
- .nan
---
header:
  stamp:
    sec: 1791162130
    nanosec: 254997853
  frame_id: base_link
name:
- joint_x
- joint_y
position:
- 0.017418749630451202
- 0.017412500455975533
velocity:
- 0.019999999552965164
- 0.019999999552965164
effort:
- .nan
- .nan
---
header:
  stamp:
    sec: 1791162130
    nanosec: 275029178
  frame_id: base_link
name:
- joint_x
- joint_y
position:
- 0.0178187508136034
- 0.017812499776482582
velocity:
- 0.019999999552965164
- 0.019999999552965164
effort:
- .nan
- .nan
---
header:
  stamp:
    sec: 1791162130
    nanosec: 294999876
  frame_id: base_link
name:
- joint_x
- joint_y
position:
- 0.01821249909698963
- 0.01821249909698963
velocity:
- 0.019999999552965164
- 0.019687499850988388
effort:
- .nan
- .nan
---
header:
  stamp:
    sec: 1791162130
    nanosec: 315003382
  frame_id: base_link
name:
- joint_x
- joint_y
position:
- 0.01860624924302101
- 0.01860624924302101
velocity:
- 0.019687499850988388
- 0.019687499850988388
effort:
- .nan
- .nan
---
header:
  stamp:
    sec: 1791162130
    nanosec: 335004899
  frame_id: base_link
name:
- joint_x
- joint_y
position:
- 0.0190187506377697
- 0.0190187506377697
velocity:
- 0.01964285783469677
- 0.01994047686457634
effort:
- .nan
- .nan
---
header:
  stamp:
    sec: 1791162130
    nanosec: 355012158
  frame_id: base_link
name:
- joint_x
- joint_y
position:
- 0.019431250169873238
- 0.019431250169873238
velocity:
- 0.020625000819563866
- 0.020625000819563866
effort:
- .nan
- .nan
---
header:
  stamp:
    sec: 1791162130
    nanosec: 375016930
  frame_id: base_link
name:
- joint_x
- joint_y
position:
- 0.019818749278783798
- 0.019818749278783798
velocity:
- 0.019375000149011612
- 0.019375000149011612
effort:
- .nan
- .nan
---
header:
  stamp:
    sec: 1791162130
    nanosec: 394995502
  frame_id: base_link
name:
- joint_x
- joint_y
position:
- 0.020206250250339508
- 0.02019999921321869
velocity:
- 0.019062500447034836
- 0.019062500447034836
effort:
- .nan
- .nan
---
header:
  stamp:
    sec: 1791162130
    nanosec: 415002795
  frame_id: base_link
name:
- joint_x
- joint_y
position:
- 0.02097499929368496
- 0.02097499929368496
velocity:
- 0.019375000149011612
- 0.019687499850988388
effort:
- .nan
- .nan
---
header:
  stamp:
    sec: 1791162130
    nanosec: 435004478
  frame_id: base_link
name:
- joint_x
- joint_y
position:
- 0.02135000005364418
- 0.02134375087916851
velocity:
- 0.01875000074505806
- 0.01875000074505806
effort:
- .nan
- .nan
---
header:
  stamp:
    sec: 1791162130
    nanosec: 454996505
  frame_id: base_link
name:
- joint_x
- joint_y
position:
- 0.021718749776482582
- 0.021718749776482582
velocity:
- 0.018437499180436134
- 0.018437499180436134
effort:
- .nan
- .nan
---
header:
  stamp:
    sec: 1791162130
    nanosec: 475025925
  frame_id: base_link
name:
- joint_x
- joint_y
position:
- 0.022081250324845314
- 0.022081250324845314
velocity:
- 0.018437499180436134
- 0.018124999478459358
effort:
- .nan
- .nan
---
header:
  stamp:
    sec: 1791162130
    nanosec: 495014372
  frame_id: base_link
name:
- joint_x
- joint_y
position:
- 0.022443750873208046
- 0.022437499836087227
velocity:
- 0.017812499776482582
- 0.018124999478459358
effort:
- .nan
- .nan
---
header:
  stamp:
    sec: 1791162130
    nanosec: 515013795
  frame_id: base_link
name:
- joint_x
- joint_y
position:
- 0.022812500596046448
- 0.022812500596046448
velocity:
- 0.01785714365541935
- 0.01785714365541935
effort:
- .nan
- .nan
---
header:
  stamp:
    sec: 1791162130
    nanosec: 534999688
  frame_id: base_link
name:
- joint_x
- joint_y
position:
- 0.02318125031888485
- 0.02318125031888485
velocity:
- 0.018437499180436134
- 0.018437499180436134
effort:
- .nan
- .nan
---
header:
  stamp:
    sec: 1791162130
    nanosec: 555003168
  frame_id: base_link
name:
- joint_x
- joint_y
position:
- 0.023524999618530273
- 0.023518750444054604
velocity:
- 0.01718750037252903
- 0.016875000670552254
effort:
- .nan
- .nan
---
header:
  stamp:
    sec: 1791162130
    nanosec: 575002110
  frame_id: base_link
name:
- joint_x
- joint_y
position:
- 0.023862499743700027
- 0.023856250569224358
velocity:
- 0.016875000670552254
- 0.016875000670552254
effort:
- .nan
- .nan
---
header:
  stamp:
    sec: 1791162130
    nanosec: 594997684
  frame_id: base_link
name:
- joint_x
- joint_y
position:
- 0.02419375069439411
- 0.02419375069439411
velocity:
- 0.01656249910593033
- 0.01656249910593033
effort:
- .nan
- .nan
---
header:
  stamp:
    sec: 1791162130
    nanosec: 615006570
  frame_id: base_link
name:
- joint_x
- joint_y
position:
- 0.02484999969601631
- 0.02484999969601631
velocity:
- 0.015937499701976776
- 0.015937499701976776
effort:
- .nan
- .nan
---
header:
  stamp:
    sec: 1791162130
    nanosec: 635001362
  frame_id: base_link
name:
- joint_x
- joint_y
position:
- 0.025162499397993088
- 0.025162499397993088
velocity:
- 0.015625
- 0.015312500298023224
effort:
- .nan
- .nan
---
header:
  stamp:
    sec: 1791162130
    nanosec: 654996945
  frame_id: base_link
name:
- joint_x
- joint_y
position:
- 0.025468749925494194
- 0.025468749925494194
velocity:
- 0.014999999664723873
- 0.015312500298023224
effort:
- .nan
- .nan
---
header:
  stamp:
    sec: 1791162130
    nanosec: 675017818
  frame_id: base_link
name:
- joint_x
- joint_y
position:
- 0.02576250024139881
- 0.02576250024139881
velocity:
- 0.014999999664723873
- 0.014999999664723873
effort:
- .nan
- .nan
---
header:
  stamp:
    sec: 1791162130
    nanosec: 695007629
  frame_id: base_link
name:
- joint_x
- joint_y
position:
- 0.026068750768899918
- 0.026068750768899918
velocity:
- 0.015312500298023224
- 0.015312500298023224
effort:
- .nan
- .nan
---
header:
  stamp:
    sec: 1791162130
    nanosec: 715000897
  frame_id: base_link
name:
- joint_x
- joint_y
position:
- 0.026356250047683716
- 0.026350000873208046
velocity:
- 0.01406249962747097
- 0.01406249962747097
effort:
- .nan
- .nan
---
header:
  stamp:
    sec: 1791162130
    nanosec: 735022708
  frame_id: base_link
name:
- joint_x
- joint_y
position:
- 0.026624999940395355
- 0.026624999940395355
velocity:
- 0.013749999925494194
- 0.013749999925494194
effort:
- .nan
- .nan
---
header:
  stamp:
    sec: 1791162130
    nanosec: 755032595
  frame_id: base_link
name:
- joint_x
- joint_y
position:
- 0.026893749833106995
- 0.026893749833106995
velocity:
- 0.013437500223517418
- 0.013437500223517418
effort:
- .nan
- .nan
---
header:
  stamp:
    sec: 1791162130
    nanosec: 775004893
  frame_id: base_link
name:
- joint_x
- joint_y
position:
- 0.027149999514222145
- 0.027149999514222145
velocity:
- 0.012812499888241291
- 0.012812499888241291
effort:
- .nan
- .nan
---
header:
  stamp:
    sec: 1791162130
    nanosec: 795015832
  frame_id: base_link
name:
- joint_x
- joint_y
position:
- 0.027650000527501106
- 0.027650000527501106
velocity:
- 0.011874999850988388
- 0.012187499552965164
effort:
- .nan
- .nan
---
header:
  stamp:
    sec: 1791162130
    nanosec: 815006189
  frame_id: base_link
name:
- joint_x
- joint_y
position:
- 0.02788124978542328
- 0.02788124978542328
velocity:
- 0.011562500149011612
- 0.011562500149011612
effort:
- .nan
- .nan
---
header:
  stamp:
    sec: 1791162130
    nanosec: 835020200
  frame_id: base_link
name:
- joint_x
- joint_y
position:
- 0.02810000069439411
- 0.02810000069439411
velocity:
- 0.010937499813735485
- 0.010937499813735485
effort:
- .nan
- .nan
---
header:
  stamp:
    sec: 1791162130
    nanosec: 855011862
  frame_id: base_link
name:
- joint_x
- joint_y
position:
- 0.028325000777840614
- 0.028318749740719795
velocity:
- 0.010714286006987095
- 0.010416666977107525
effort:
- .nan
- .nan
---
header:
  stamp:
    sec: 1791162130
    nanosec: 875022868
  frame_id: base_link
name:
- joint_x
- joint_y
position:
- 0.02853124961256981
- 0.02853124961256981
velocity:
- 0.010312500409781933
- 0.010625000111758709
effort:
- .nan
- .nan
---
header:
  stamp:
    sec: 1791162130
    nanosec: 895002952
  frame_id: base_link
name:
- joint_x
- joint_y
position:
- 0.028725000098347664
- 0.028725000098347664
velocity:
- 0.00937500037252903
- 0.009687500074505806
effort:
- .nan
- .nan
---
header:
  stamp:
    sec: 1791162130
    nanosec: 915001442
  frame_id: base_link
name:
- joint_x
- joint_y
position:
- 0.02889999933540821
- 0.02889999933540821
velocity:
- 0.009062499739229679
- 0.008750000037252903
effort:
- .nan
- .nan
---
header:
  stamp:
    sec: 1791162130
    nanosec: 935007369
  frame_id: base_link
name:
- joint_x
- joint_y
position:
- 0.029068749397993088
- 0.029068749397993088
velocity:
- 0.008437500335276127
- 0.008437500335276127
effort:
- .nan
- .nan
---
header:
  stamp:
    sec: 1791162130
    nanosec: 954998515
  frame_id: base_link
name:
- joint_x
- joint_y
position:
- 0.029224999248981476
- 0.029231250286102295
velocity:
- 0.0078125
- 0.0078125
effort:
- .nan
- .nan
---
header:
  stamp:
    sec: 1791162130
    nanosec: 975005281
  frame_id: base_link
name:
- joint_x
- joint_y
position:
- 0.029512500390410423
- 0.029512500390410423
velocity:
- 0.006562499795109034
- 0.006562499795109034
effort:
- .nan
- .nan
---
header:
  stamp:
    sec: 1791162130
    nanosec: 995070352
  frame_id: base_link
name:
- joint_x
- joint_y
position:
- 0.029631249606609344
- 0.029631249606609344
velocity:
- 0.005937499925494194
- 0.005937499925494194
effort:
- .nan
- .nan
---
header:
  stamp:
    sec: 1791162131
    nanosec: 15012422
  frame_id: base_link
name:
- joint_x
- joint_y
position:
- 0.029743749648332596
- 0.029743749648332596
velocity:
- 0.005625000223517418
- 0.005625000223517418
effort:
- .nan
- .nan
---
header:
  stamp:
    sec: 1791162131
    nanosec: 34999663
  frame_id: base_link
name:
- joint_x
- joint_y
position:
- 0.029843749478459358
- 0.029843749478459358
velocity:
- 0.004999999888241291
- 0.004999999888241291
effort:
- .nan
- .nan
---
header:
  stamp:
    sec: 1791162131
    nanosec: 55001534
  frame_id: base_link
name:
- joint_x
- joint_y
position:
- 0.02993124909698963
- 0.02993124909698963
velocity:
- 0.0043750000186264515
- 0.004062499850988388
effort:
- .nan
- .nan
---
header:
  stamp:
    sec: 1791162131
    nanosec: 75011134
  frame_id: base_link
name:
- joint_x
- joint_y
position:
- 0.029999999329447746
- 0.029999999329447746
velocity:
- 0.0034374999813735485
- 0.0037499999161809683
effort:
- .nan
- .nan
---
header:
  stamp:
    sec: 1791162131
    nanosec: 95005652
  frame_id: base_link
name:
- joint_x
- joint_y
position:
- 0.030056249350309372
- 0.030056249350309372
velocity:
- 0.002812500111758709
- 0.002812500111758709
effort:
- .nan
- .nan
---
header:
  stamp:
    sec: 1791162131
    nanosec: 115002220
  frame_id: base_link
name:
- joint_x
- joint_y
position:
- 0.03009999915957451
- 0.03009999915957451
velocity:
- 0.0021875000093132257
- 0.0021875000093132257
effort:
- .nan
- .nan
---
header:
  stamp:
    sec: 1791162131
    nanosec: 135028149
  frame_id: base_link
name:
- joint_x
- joint_y
position:
- 0.030137499794363976
- 0.030137499794363976
velocity:
- 0.0017857142956927419
- 0.0017857142956927419
effort:
- .nan
- .nan
---
header:
  stamp:
    sec: 1791162131
    nanosec: 155016824
  frame_id: base_link
name:
- joint_x
- joint_y
position:
- 0.030150000005960464
- 0.030156249180436134
velocity:
- 0.0
- 0.0003124999930150807
effort:
- .nan
- .nan
---
header:
  stamp:
    sec: 1791162131
    nanosec: 175003896
  frame_id: base_link
name:
- joint_x
- joint_y
position:
- 0.030143750831484795
- 0.030143750831484795
velocity:
- -0.0003124999930150807
- -0.0006249999860301614
effort:
- .nan
- .nan
---
header:
  stamp:
    sec: 1791162131
    nanosec: 195021917
  frame_id: base_link
name:
- joint_x
- joint_y
position:
- 0.030112499371170998
- 0.030112499371170998
velocity:
- -0.0014880952658131719
- -0.0014880952658131719
effort:
- .nan
- .nan
---
header:
  stamp:
    sec: 1791162131
    nanosec: 215002085
  frame_id: base_link
name:
- joint_x
- joint_y
position:
- 0.03006874956190586
- 0.03006874956190586
velocity:
- -0.0021875000093132257
- -0.0021875000093132257
effort:
- .nan
- .nan
---
header:
  stamp:
    sec: 1791162131
    nanosec: 234995044
  frame_id: base_link
name:
- joint_x
- joint_y
position:
- 0.030006250366568565
- 0.030006250366568565
velocity:
- -0.0031250000465661287
- -0.0031250000465661287
effort:
- .nan
- .nan
---
header:
  stamp:
    sec: 1791162131
    nanosec: 255001687
  frame_id: base_link
name:
- joint_x
- joint_y
position:
- 0.02993750013411045
- 0.02993750013411045
velocity:
- -0.0034374999813735485
- -0.0034374999813735485
effort:
- .nan
- .nan
---
header:
  stamp:
    sec: 1791162131
    nanosec: 275002768
  frame_id: base_link
name:
- joint_x
- joint_y
position:
- 0.029850000515580177
- 0.029850000515580177
velocity:
- -0.0043750000186264515
- -0.0043750000186264515
effort:
- .nan
- .nan
---
header:
  stamp:
    sec: 1791162131
    nanosec: 295008259
  frame_id: base_link
name:
- joint_x
- joint_y
position:
- 0.029750000685453415
- 0.029750000685453415
velocity:
- -0.004999999888241291
- -0.004999999888241291
effort:
- .nan
- .nan
---
header:
  stamp:
    sec: 1791162131
    nanosec: 315010426
  frame_id: base_link
name:
- joint_x
- joint_y
position:
- 0.029637500643730164
- 0.029637500643730164
velocity:
- -0.0053571430034935474
- -0.0053571430034935474
effort:
- .nan
- .nan
---
header:
  stamp:
    sec: 1791162131
    nanosec: 335001308
  frame_id: base_link
name:
- joint_x
- joint_y
position:
- 0.029506249353289604
- 0.029506249353289604
velocity:
- -0.006562499795109034
- -0.006562499795109034
effort:
- .nan
- .nan
---
header:
  stamp:
    sec: 1791162131
    nanosec: 355004506
  frame_id: base_link
name:
- joint_x
- joint_y
position:
- 0.029224999248981476
- 0.029224999248981476
velocity:
- -0.0071875001303851604
- -0.0071875001303851604
effort:
- .nan
- .nan
---
header:
  stamp:
    sec: 1791162131
    nanosec: 375018625
  frame_id: base_link
name:
- joint_x
- joint_y
position:
- 0.029062500223517418
- 0.029062500223517418
velocity:
- -0.008124999701976776
- -0.008124999701976776
effort:
- .nan
- .nan
---
header:
  stamp:
    sec: 1791162131
    nanosec: 395009540
  frame_id: base_link
name:
- joint_x
- joint_y
position:
- 0.028881249949336052
- 0.028881249949336052
velocity:
- -0.008750000037252903
- -0.009062499739229679
effort:
- .nan
- .nan
---
header:
  stamp:
    sec: 1791162131
    nanosec: 414995108
  frame_id: base_link
name:
- joint_x
- joint_y
position:
- 0.028699999675154686
- 0.028699999675154686
velocity:
- -0.00937500037252903
- -0.009062499739229679
effort:
- .nan
- .nan
---
header:
  stamp:
    sec: 1791162131
    nanosec: 435011872
  frame_id: base_link
name:
- joint_x
- joint_y
position:
- 0.02850624918937683
- 0.02850624918937683
velocity:
- -0.009687500074505806
- -0.009687500074505806
effort:
- .nan
- .nan
---
header:
  stamp:
    sec: 1791162131
    nanosec: 455007192
  frame_id: base_link
name:
- joint_x
- joint_y
position:
- 0.028306249529123306
- 0.028306249529123306
velocity:
- -0.009999999776482582
- -0.009999999776482582
effort:
- .nan
- .nan
---
header:
  stamp:
    sec: 1791162131
    nanosec: 475000644
  frame_id: base_link
name:
- joint_x
- joint_y
position:
- 0.028093749657273293
- 0.028093749657273293
velocity:
- -0.010625000111758709
- -0.010625000111758709
effort:
- .nan
- .nan
---
header:
  stamp:
    sec: 1791162131
    nanosec: 495003667
  frame_id: base_link
name:
- joint_x
- joint_y
position:
- 0.02786874957382679
- 0.02787500061094761
velocity:
- -0.011250000447034836
- -0.010937499813735485
effort:
- .nan
- .nan
---
header:
  stamp:
    sec: 1791162131
    nanosec: 515003342
  frame_id: base_link
name:
- joint_x
- joint_y
position:
- 0.02762500010430813
- 0.027631249278783798
velocity:
- -0.012187499552965164
- -0.012187499552965164
effort:
- .nan
- .nan
---
header:
  stamp:
    sec: 1791162131
    nanosec: 535005915
  frame_id: base_link
name:
- joint_x
- joint_y
position:
- 0.027137499302625656
- 0.027137499302625656
velocity:
- -0.012500000186264515
- -0.012500000186264515
effort:
- .nan
- .nan
---
header:
  stamp:
    sec: 1791162131
    nanosec: 554998908
  frame_id: base_link
name:
- joint_x
- joint_y
position:
- 0.026875000447034836
- 0.026875000447034836
velocity:
- -0.013124999590218067
- -0.013124999590218067
effort:
- .nan
- .nan
---
header:
  stamp:
    sec: 1791162131
    nanosec: 575023831
  frame_id: base_link
name:
- joint_x
- joint_y
position:
- 0.026593750342726707
- 0.026593750342726707
velocity:
- -0.01406249962747097
- -0.01406249962747097
effort:
- .nan
- .nan
---
header:
  stamp:
    sec: 1791162131
    nanosec: 595006601
  frame_id: base_link
name:
- joint_x
- joint_y
position:
- 0.02631250023841858
- 0.02631874941289425
velocity:
- -0.013749999925494194
- -0.013749999925494194
effort:
- .nan
- .nan
---
header:
  stamp:
    sec: 1791162131
    nanosec: 615007829
  frame_id: base_link
name:
- joint_x
- joint_y
position:
- 0.02603125013411045
- 0.02603125013411045
velocity:
- -0.014375000260770321
- -0.01406249962747097
effort:
- .nan
- .nan
---
header:
  stamp:
    sec: 1791162131
    nanosec: 635029610
  frame_id: base_link
name:
- joint_x
- joint_y
position:
- 0.025737499818205833
- 0.025737499818205833
velocity:
- -0.014687499962747097
- -0.014687499962747097
effort:
- .nan
- .nan
---
header:
  stamp:
    sec: 1791162131
    nanosec: 655029864
  frame_id: base_link
name:
- joint_x
- joint_y
position:
- 0.025437500327825546
- 0.025437500327825546
velocity:
- -0.014687499962747097
- -0.014999999664723873
effort:
- .nan
- .nan
---
header:
  stamp:
    sec: 1791162131
    nanosec: 675009665
  frame_id: base_link
name:
- joint_x
- joint_y
position:
- 0.02511874958872795
- 0.02511874958872795
velocity:
- -0.015476190485060215
- -0.015476190485060215
effort:
- .nan
- .nan
---
header:
  stamp:
    sec: 1791162131
    nanosec: 695003976
  frame_id: base_link
name:
- joint_x
- joint_y
position:
- 0.024787500500679016
- 0.024787500500679016
velocity:
- -0.01656249910593033
- -0.01656249910593033
effort:
- .nan
- .nan
---
header:
  stamp:
    sec: 1791162131
    nanosec: 715020801
  frame_id: base_link
name:
- joint_x
- joint_y
position:
- 0.02446874976158142
- 0.02446250058710575
velocity:
- -0.015937499701976776
- -0.015937499701976776
effort:
- .nan
- .nan
---
header:
  stamp:
    sec: 1791162131
    nanosec: 735003921
  frame_id: base_link
name:
- joint_x
- joint_y
position:
- 0.023806249722838402
- 0.02381250075995922
velocity:
- -0.016875000670552254
- -0.01656249910593033
effort:
- .nan
- .nan
---
header:
  stamp:
    sec: 1791162131
    nanosec: 755000078
  frame_id: base_link
name:
- joint_x
- joint_y
position:
- 0.02345000021159649
- 0.02345000021159649
velocity:
- -0.017812499776482582
- -0.018124999478459358
effort:
- .nan
- .nan
---
header:
  stamp:
    sec: 1791162131
    nanosec: 775002535
  frame_id: base_link
name:
- joint_x
- joint_y
position:
- 0.023106250911951065
- 0.023106250911951065
velocity:
- -0.01718750037252903
- -0.01718750037252903
effort:
- .nan
- .nan
---
header:
  stamp:
    sec: 1791162131
    nanosec: 795027313
  frame_id: base_link
name:
- joint_x
- joint_y
position:
- 0.022749999538064003
- 0.022756250575184822
velocity:
- -0.017500000074505806
- -0.017500000074505806
effort:
- .nan
- .nan
---
header:
  stamp:
    sec: 1791162131
    nanosec: 815011693
  frame_id: base_link
name:
- joint_x
- joint_y
position:
- 0.02239375002682209
- 0.02239999920129776
velocity:
- -0.017812499776482582
- -0.017812499776482582
effort:
- .nan
- .nan
---
header:
  stamp:
    sec: 1791162131
    nanosec: 835026832
  frame_id: base_link
name:
- joint_x
- joint_y
position:
- 0.022037500515580177
- 0.022037500515580177
velocity:
- -0.018124999478459358
- -0.018124999478459358
effort:
- .nan
- .nan
---
header:
  stamp:
    sec: 1791162131
    nanosec: 855047296
  frame_id: base_link
name:
- joint_x
- joint_y
position:
- 0.021649999544024467
- 0.021656250581145287
velocity:
- -0.01845238171517849
- -0.01815476268529892
effort:
- .nan
- .nan
---
header:
  stamp:
    sec: 1791162131
    nanosec: 875027097
  frame_id: base_link
name:
- joint_x
- joint_y
position:
- 0.021262500435113907
- 0.021262500435113907
velocity:
- -0.019375000149011612
- -0.019375000149011612
effort:
- .nan
- .nan
---
header:
  stamp:
    sec: 1791162131
    nanosec: 895055332
  frame_id: base_link
name:
- joint_x
- joint_y
position:
- 0.020887499675154686
- 0.020887499675154686
velocity:
- -0.01875000074505806
- -0.019062500447034836
effort:
- .nan
- .nan
---
header:
  stamp:
    sec: 1791162131
    nanosec: 915036880
  frame_id: base_link
name:
- joint_x
- joint_y
position:
- 0.020131250843405724
- 0.020131250843405724
velocity:
- -0.01875000074505806
- -0.01875000074505806
effort:
- .nan
- .nan
---
header:
  stamp:
    sec: 1791162131
    nanosec: 934998021
  frame_id: base_link
name:
- joint_x
- joint_y
position:
- 0.019725000485777855
- 0.019731249660253525
velocity:
- -0.01964285783469677
- -0.0193452388048172
effort:
- .nan
- .nan
---
header:
  stamp:
    sec: 1791162131
    nanosec: 955002370
  frame_id: base_link
name:
- joint_x
- joint_y
position:
- 0.019318750128149986
- 0.019318750128149986
velocity:
- -0.02031249925494194
- -0.02031249925494194
effort:
- .nan
- .nan
---
header:
  stamp:
    sec: 1791162131
    nanosec: 975000148
  frame_id: base_link
name:
- joint_x
- joint_y
position:
- 0.018931249156594276
- 0.018924999982118607
velocity:
- -0.019375000149011612
- -0.019687499850988388
effort:
- .nan
- .nan
---
header:
  stamp:
    sec: 1791162131
    nanosec: 995004331
  frame_id: base_link
name:
- joint_x
- joint_y
position:
- 0.018537500873208046
- 0.018531249836087227
velocity:
- -0.019687499850988388
- -0.019687499850988388
effort:
- .nan
- .nan
---
header:
  stamp:
    sec: 1791162132
    nanosec: 14998666
  frame_id: base_link
name:
- joint_x
- joint_y
position:
- 0.018137499690055847
- 0.018137499690055847
velocity:
- -0.019999999552965164
- -0.019687499850988388
effort:
- .nan
- .nan
---
header:
  stamp:
    sec: 1791162132
    nanosec: 35000101
  frame_id: base_link
name:
- joint_x
- joint_y
position:
- 0.017737500369548798
- 0.017743749544024467
velocity:
- -0.019687499850988388
- -0.019999999552965164
effort:
- .nan
- .nan
---
header:
  stamp:
    sec: 1791162132
    nanosec: 55004421
  frame_id: base_link
name:
- joint_x
- joint_y
position:
- 0.01731874980032444
- 0.01732500083744526
velocity:
- -0.02023809589445591
- -0.01994047686457634
effort:
- .nan
- .nan
---
header:
  stamp:
    sec: 1791162132
    nanosec: 75002532
  frame_id: base_link
name:
- joint_x
- joint_y
position:
- 0.016899999231100082
- 0.016893750056624413
velocity:
- -0.020937500521540642
- -0.021250000223517418
effort:
- .nan
- .nan
---
header:
  stamp:
    sec: 1791162132
    nanosec: 95028116
  frame_id: base_link
name:
- joint_x
- joint_y
position:
- 0.016493750736117363
- 0.016493750736117363
velocity:
- -0.02031249925494194
- -0.019999999552965164
effort:
- .nan
- .nan
---
header:
  stamp:
    sec: 1791162132
    nanosec: 115006668
  frame_id: base_link
name:
- joint_x
- joint_y
position:
- 0.015693750232458115
- 0.015699999406933784
velocity:
- -0.019999999552965164
- -0.019687499850988388
effort:
- .nan
- .nan
---
header:
  stamp:
    sec: 1791162132
    nanosec: 135009712
  frame_id: base_link
name:
- joint_x
- joint_y
position:
- 0.015268749557435513
- 0.015268749557435513
velocity:
- -0.020937500521540642
- -0.021562499925494194
effort:
- .nan
- .nan
---
header:
  stamp:
    sec: 1791162132
    nanosec: 155025301
  frame_id: base_link
name:
- joint_x
- joint_y
position:
- 0.014862500131130219
- 0.014862500131130219
velocity:
- -0.020625000819563866
- -0.02031249925494194
effort:
- .nan
- .nan
---
header:
  stamp:
    sec: 1791162132
    nanosec: 174997013
  frame_id: base_link
name:
- joint_x
- joint_y
position:
- 0.01445624977350235
- 0.014462499879300594
velocity:
- -0.02031249925494194
- -0.019999999552965164
effort:
- .nan
- .nan
---
header:
  stamp:
    sec: 1791162132
    nanosec: 195002879
  frame_id: base_link
name:
- joint_x
- joint_y
position:
- 0.0140562504529953
- 0.0140562504529953
velocity:
- -0.019999999552965164
- -0.02031249925494194
effort:
- .nan
- .nan
---
header:
  stamp:
    sec: 1791162132
    nanosec: 215015408
  frame_id: base_link
name:
- joint_x
- joint_y
position:
- 0.013656250201165676
- 0.013656250201165676
velocity:
- -0.019999999552965164
- -0.019999999552965164
effort:
- .nan
- .nan
---
header:
  stamp:
    sec: 1791162132
    nanosec: 235006115
  frame_id: base_link
name:
- joint_x
- joint_y
position:
- 0.013249999843537807
- 0.013249999843537807
velocity:
- -0.02031249925494194
- -0.02031249925494194
effort:
- .nan
- .nan
---
header:
  stamp:
    sec: 1791162132
    nanosec: 254998017
  frame_id: base_link
name:
- joint_x
- joint_y
position:
- 0.012831250205636024
- 0.012831250205636024
velocity:
- -0.020937500521540642
- -0.020937500521540642
effort:
- .nan
- .nan
---
header:
  stamp:
    sec: 1791162132
    nanosec: 275022911
  frame_id: base_link
name:
- joint_x
- joint_y
position:
- 0.012424999848008156
- 0.0124312499538064
velocity:
- -0.02031249925494194
- -0.019999999552965164
effort:
- .nan
- .nan
---
header:
  stamp:
    sec: 1791162132
    nanosec: 295029136
  frame_id: base_link
name:
- joint_x
- joint_y
position:
- 0.011618750169873238
- 0.011618750169873238
velocity:
- -0.01994047686457634
- -0.01994047686457634
effort:
- .nan
- .nan
---
header:
  stamp:
    sec: 1791162132
    nanosec: 315011150
  frame_id: base_link
name:
- joint_x
- joint_y
position:
- 0.01119999960064888
- 0.011206249706447124
velocity:
- -0.020625000819563866
- -0.020625000819563866
effort:
- .nan
- .nan
---
header:
  stamp:
    sec: 1791162132
    nanosec: 335007028
  frame_id: base_link
name:
- joint_x
- joint_y
position:
- 0.010812499560415745
- 0.010812499560415745
velocity:
- -0.019687499850988388
- -0.019687499850988388
effort:
- .nan
- .nan
---
header:
  stamp:
    sec: 1791162132
    nanosec: 355009436
  frame_id: base_link
name:
- joint_x
- joint_y
position:
- 0.01041875034570694
- 0.010425000451505184
velocity:
- -0.019687499850988388
- -0.019375000149011612
effort:
- .nan
- .nan
---
header:
  stamp:
    sec: 1791162132
    nanosec: 375006694
  frame_id: base_link
name:
- joint_x
- joint_y
position:
- 0.010037500411272049
- 0.010037500411272049
velocity:
- -0.019062500447034836
- -0.019375000149011612
effort:
- .nan
- .nan
---
header:
  stamp:
    sec: 1791162132
    nanosec: 394998744
  frame_id: base_link
name:
- joint_x
- joint_y
position:
- 0.009656249545514584
- 0.009656249545514584
velocity:
- -0.019062500447034836
- -0.019062500447034836
effort:
- .nan
- .nan
---
header:
  stamp:
    sec: 1791162132
    nanosec: 415002977
  frame_id: base_link
name:
- joint_x
- joint_y
position:
- 0.009274999611079693
- 0.009274999611079693
velocity:
- -0.019062500447034836
- -0.019062500447034836
effort:
- .nan
- .nan
---
header:
  stamp:
    sec: 1791162132
    nanosec: 435004168
  frame_id: base_link
name:
- joint_x
- joint_y
position:
- 0.008875000290572643
- 0.008881250396370888
velocity:
- -0.01904761977493763
- -0.01875000074505806
effort:
- .nan
- .nan
---
header:
  stamp:
    sec: 1791162132
    nanosec: 454999618
  frame_id: base_link
name:
- joint_x
- joint_y
position:
- 0.008487500250339508
- 0.008487500250339508
velocity:
- -0.019375000149011612
- -0.019687499850988388
effort:
- .nan
- .nan
---
header:
  stamp:
    sec: 1791162132
    nanosec: 475014211
  frame_id: base_link
name:
- joint_x
- joint_y
position:
- 0.008118749596178532
- 0.008124999701976776
velocity:
- -0.018437499180436134
- -0.018124999478459358
effort:
- .nan
- .nan
---
header:
  stamp:
    sec: 1791162132
    nanosec: 495011419
  frame_id: base_link
name:
- joint_x
- joint_y
position:
- 0.007406250108033419
- 0.007406250108033419
velocity:
- -0.017500000074505806
- -0.017812499776482582
effort:
- .nan
- .nan
---
header:
  stamp:
    sec: 1791162132
    nanosec: 515045567
  frame_id: base_link
name:
- joint_x
- joint_y
position:
- 0.007031249813735485
- 0.007031249813735485
velocity:
- -0.01875000074505806
- -0.018437499180436134
effort:
- .nan
- .nan
---
header:
  stamp:
    sec: 1791162132
    nanosec: 535020631
  frame_id: base_link
name:
- joint_x
- joint_y
position:
- 0.006681249942630529
- 0.006687500048428774
velocity:
- -0.01718750037252903
- -0.017500000074505806
effort:
- .nan
- .nan
---
header:
  stamp:
    sec: 1791162132
    nanosec: 554999534
  frame_id: base_link
name:
- joint_x
- joint_y
position:
- 0.006343749817460775
- 0.006343749817460775
velocity:
- -0.01718750037252903
- -0.016875000670552254
effort:
- .nan
- .nan
---
header:
  stamp:
    sec: 1791162132
    nanosec: 575011395
  frame_id: base_link
name:
- joint_x
- joint_y
position:
- 0.006006250157952309
- 0.006012499798089266
velocity:
- -0.01656249910593033
- -0.016875000670552254
effort:
- .nan
- .nan
---
header:
  stamp:
    sec: 1791162132
    nanosec: 595000622
  frame_id: base_link
name:
- joint_x
- joint_y
position:
- 0.005681249778717756
- 0.005681249778717756
velocity:
- -0.01656249910593033
- -0.01656249910593033
effort:
- .nan
- .nan
---
header:
  stamp:
    sec: 1791162132
    nanosec: 615003824
  frame_id: base_link
name:
- joint_x
- joint_y
position:
- 0.005337500013411045
- 0.005337500013411045
velocity:
- -0.0163690485060215
- -0.0163690485060215
effort:
- .nan
- .nan
---
header:
  stamp:
    sec: 1791162132
    nanosec: 635020179
  frame_id: base_link
name:
- joint_x
- joint_y
position:
- 0.0050062499940395355
- 0.0050062499940395355
velocity:
- -0.01656249910593033
- -0.01656249910593033
effort:
- .nan
- .nan
---
header:
  stamp:
    sec: 1791162132
    nanosec: 655029292
  frame_id: base_link
name:
- joint_x
- joint_y
position:
- 0.004699999932199717
- 0.004693749826401472
velocity:
- -0.015312500298023224
- -0.015312500298023224
effort:
- .nan
- .nan
---
header:
  stamp:
    sec: 1791162132
    nanosec: 675036939
  frame_id: base_link
name:
- joint_x
- joint_y
position:
- 0.004106250125914812
- 0.004106250125914812
velocity:
- -0.014375000260770321
- -0.014375000260770321
effort:
- .nan
- .nan
---
header:
  stamp:
    sec: 1791162132
    nanosec: 695010689
  frame_id: base_link
name:
- joint_x
- joint_y
position:
- 0.003800000064074993
- 0.003800000064074993
velocity:
- -0.014999999664723873
- -0.014999999664723873
effort:
- .nan
- .nan
---
header:
  stamp:
    sec: 1791162132
    nanosec: 715003737
  frame_id: base_link
name:
- joint_x
- joint_y
position:
- 0.0035250000655651093
- 0.0035250000655651093
velocity:
- -0.01406249962747097
- -0.01406249962747097
effort:
- .nan
- .nan
---
header:
  stamp:
    sec: 1791162132
    nanosec: 735000202
  frame_id: base_link
name:
- joint_x
- joint_y
position:
- 0.003256249940022826
- 0.0032500000670552254
velocity:
- -0.013437500223517418
- -0.013437500223517418
effort:
- .nan
- .nan
---
header:
  stamp:
    sec: 1791162132
    nanosec: 755050125
  frame_id: base_link
name:
- joint_x
- joint_y
position:
- 0.0029937499202787876
- 0.002987500047311187
velocity:
- -0.013124999590218067
- -0.013437500223517418
effort:
- .nan
- .nan
---
header:
  stamp:
    sec: 1791162132
    nanosec: 775003742
  frame_id: base_link
name:
- joint_x
- joint_y
position:
- 0.0027375000063329935
- 0.0027375000063329935
velocity:
- -0.012812499888241291
- -0.012500000186264515
effort:
- .nan
- .nan
---
header:
  stamp:
    sec: 1791162132
    nanosec: 795037188
  frame_id: base_link
name:
- joint_x
- joint_y
position:
- 0.0024812500923871994
- 0.0024812500923871994
velocity:
- -0.012202381156384945
- -0.012202381156384945
effort:
- .nan
- .nan
---
header:
  stamp:
    sec: 1791162132
    nanosec: 815022774
  frame_id: base_link
name:
- joint_x
- joint_y
position:
- 0.002231250051409006
- 0.002231250051409006
velocity:
- -0.012500000186264515
- -0.012500000186264515
effort:
- .nan
- .nan
---
header:
  stamp:
    sec: 1791162132
    nanosec: 835008006
  frame_id: base_link
name:
- joint_x
- joint_y
position:
- 0.0020062499679625034
- 0.0020062499679625034
velocity:
- -0.011250000447034836
- -0.011250000447034836
effort:
- .nan
- .nan
---
header:
  stamp:
    sec: 1791162132
    nanosec: 855001998
  frame_id: base_link
name:
- joint_x
- joint_y
position:
- 0.0017874999903142452
- 0.0017874999903142452
velocity:
- -0.010625000111758709
- -0.010625000111758709
effort:
- .nan
- .nan
---
header:
  stamp:
    sec: 1791162132
    nanosec: 875011041
  frame_id: base_link
name:
- joint_x
- joint_y
position:
- 0.001381249981932342
- 0.001381249981932342
velocity:
- -0.009999999776482582
- -0.009999999776482582
effort:
- .nan
- .nan
---
header:
  stamp:
    sec: 1791162132
    nanosec: 895008593
  frame_id: base_link
name:
- joint_x
- joint_y
position:
- 0.001193749951198697
- 0.001193749951198697
velocity:
- -0.009062499739229679
- -0.00937500037252903
effort:
- .nan
- .nan
---
header:
  stamp:
    sec: 1791162132
    nanosec: 915004470
  frame_id: base_link
name:
- joint_x
- joint_y
position:
- 0.001025000005029142
- 0.0010187500156462193
velocity:
- -0.008750000037252903
- -0.008750000037252903
effort:
- .nan
- .nan
---
header:
  stamp:
    sec: 1791162132
    nanosec: 935000828
  frame_id: base_link
name:
- joint_x
- joint_y
position:
- 0.0008624999900348485
- 0.0008562500006519258
velocity:
- -0.008124999701976776
- -0.008124999701976776
effort:
- .nan
- .nan
---
header:
  stamp:
    sec: 1791162132
    nanosec: 955009629
  frame_id: base_link
name:
- joint_x
- joint_y
position:
- 0.0007062500226311386
- 0.0007062500226311386
velocity:
- -0.0078125
- -0.007499999832361937
effort:
- .nan
- .nan
---
header:
  stamp:
    sec: 1791162132
    nanosec: 975003148
  frame_id: base_link
name:
- joint_x
- joint_y
position:
- 0.0005562499864026904
- 0.0005562499864026904
velocity:
- -0.0071428571827709675
- -0.0071428571827709675
effort:
- .nan
- .nan
---
header:
  stamp:
    sec: 1791162132
    nanosec: 995152636
  frame_id: base_link
name:
- joint_x
- joint_y
position:
- 0.0004250000056345016
- 0.0004250000056345016
velocity:
- -0.006562499795109034
- -0.006562499795109034
effort:
- .nan
- .nan
---
header:
  stamp:
    sec: 1791162133
    nanosec: 15003163
  frame_id: base_link
name:
- joint_x
- joint_y
position:
- 0.00030625000363215804
- 0.00030625000363215804
velocity:
- -0.005625000223517418
- -0.005937499925494194
effort:
- .nan
- .nan
---
header:
  stamp:
    sec: 1791162133
    nanosec: 34999519
  frame_id: base_link
name:
- joint_x
- joint_y
position:
- 0.0002062499988824129
- 0.0002062499988824129
velocity:
- -0.0053125000558793545
- -0.004999999888241291
effort:
- .nan
- .nan
---
header:
  stamp:
    sec: 1791162133
    nanosec: 54999363
  frame_id: base_link
name:
- joint_x
- joint_y
position:
- 0.00011249999806750566
- 0.00011249999806750566
velocity:
- -0.004687500186264515
- -0.004687500186264515
effort:
- .nan
- .nan
---
header:
  stamp:
    sec: 1791162133
    nanosec: 75055223
  frame_id: base_link
name:
- joint_x
- joint_y
position:
- -3.125000148429535e-05
- -3.125000148429535e-05
velocity:
- -0.0034374999813735485
- -0.0031250000465661287
effort:
- .nan
- .nan
---
header:
  stamp:
    sec: 1791162133
    nanosec: 95034217
  frame_id: base_link
name:
- joint_x
- joint_y
position:
- -8.125000022118911e-05
- -8.125000022118911e-05
velocity:
- -0.0024999999441206455
- -0.0024999999441206455
effort:
- .nan
- .nan
---
header:
  stamp:
    sec: 1791162133
    nanosec: 115039487
  frame_id: base_link
name:
- joint_x
- joint_y
position:
- -0.00011875000200234354
- -0.00011875000200234354
velocity:
- -0.0018749999580904841
- -0.0018749999580904841
effort:
- .nan
- .nan
---
header:
  stamp:
    sec: 1791162133
    nanosec: 135051734
  frame_id: base_link
name:
- joint_x
- joint_y
position:
- -0.00014375000318977982
- -0.00014375000318977982
velocity:
- -0.0012499999720603228
- -0.0012499999720603228
effort:
- .nan
- .nan
---
header:
  stamp:
    sec: 1791162133
    nanosec: 155085563
  frame_id: base_link
name:
- joint_x
- joint_y
position:
- -0.0001500000071246177
- -0.0001500000071246177
velocity:
- -0.00029761905898340046
- -0.00029761905898340046
effort:
- .nan
- .nan
---
header:
  stamp:
    sec: 1791162133
    nanosec: 175037269
  frame_id: base_link
name:
- joint_x
- joint_y
position:
- -0.00014375000318977982
- -0.00014375000318977982
velocity:
- 0.0003124999930150807
- 0.0003124999930150807
effort:
- .nan
- .nan
---
header:
  stamp:
    sec: 1791162133
    nanosec: 195021727
  frame_id: base_link
name:
- joint_x
- joint_y
position:
- -0.00011875000200234354
- -0.00011875000200234354
velocity:
- 0.0012499999720603228
- 0.0012499999720603228
effort:
- .nan
- .nan
---
header:
  stamp:
    sec: 1791162133
    nanosec: 215046434
  frame_id: base_link
name:
- joint_x
- joint_y
position:
- -8.125000022118911e-05
- -8.125000022118911e-05
velocity:
- 0.0018749999580904841
- 0.0018749999580904841
effort:
- .nan
- .nan
---
header:
  stamp:
    sec: 1791162133
    nanosec: 234988854
  frame_id: base_link
name:
- joint_x
- joint_y
position:
- -3.125000148429535e-05
- -3.125000148429535e-05
velocity:
- 0.0024999999441206455
- 0.0024999999441206455
effort:
- .nan
- .nan
---
header:
  stamp:
    sec: 1791162133
    nanosec: 255013524
  frame_id: base_link
name:
- joint_x
- joint_y
position:
- 0.0
- 0.0
velocity:
- 0.0
- 0.0
effort:
- .nan
- .nan
---
header:
  stamp:
    sec: 1791162133
    nanosec: 275002743
  frame_id: base_link
name:
- joint_x
- joint_y
position:
- 0.0
- 0.0
velocity:
- 0.0
- 0.0
effort:
- .nan
- .nan
---
header:
  stamp:
    sec: 1791162133
    nanosec: 295004094
  frame_id: base_link
name:
- joint_x
- joint_y
position:
- 0.0
- 0.0
velocity:
- 0.0
- 0.0
effort:
- .nan
- .nan
---
header:
  stamp:
    sec: 1791162133
    nanosec: 315004647
  frame_id: base_link
name:
- joint_x
- joint_y
position:
- 0.0
- 0.0
velocity:
- 0.0
- 0.0
effort:
- .nan
- .nan
---
header:
  stamp:
    sec: 1791162133
    nanosec: 335076586
  frame_id: base_link
name:
- joint_x
- joint_y
position:
- 0.0
- 0.0
velocity:
- 0.0
- 0.0
effort:
- .nan
- .nan
---
header:
  stamp:
    sec: 1791162133
    nanosec: 355019755
  frame_id: base_link
name:
- joint_x
- joint_y
position:
- 0.0
- 0.0
velocity:
- 0.0
- 0.0
effort:
- .nan
- .nan
---
header:
  stamp:
    sec: 1791162133
    nanosec: 375010243
  frame_id: base_link
name:
- joint_x
- joint_y
position:
- 0.0
- 0.0
velocity:
- 0.0
- 0.0
effort:
- .nan
- .nan
---
