[INFO] [launch]: All log files can be found below /home/adam/.ros/log/2026-10-04-18-04-57-224383-DESKTOP-HF5K4CO-1145
[INFO] [launch]: Default logging verbosity is set to INFO
[INFO] [robot_state_publisher-1]: process started with pid [1185]
[INFO] [ros2_control_node-2]: process started with pid [1187]
[INFO] [spawner-3]: process started with pid [1189]
[INFO] [spawner-4]: process started with pid [1191]
[robot_state_publisher-1] [INFO] [1791155097.829806600] [robot_state_publisher]: Robot initialized
[ros2_control_node-2] [INFO] [1791155097.849112767] [controller_manager]: Using Steady (Monotonic) clock for triggering controller manager cycles.
[ros2_control_node-2] [INFO] [1791155098.308694966] [controller_manager]: Subscribing to '/robot_description' topic for robot description.
[ros2_control_node-2] [INFO] [1791155098.308746376] [controller_manager]: update rate is 50 Hz
[ros2_control_node-2] [INFO] [1791155098.308750395] [controller_manager]: Overruns handling is : enabled
[ros2_control_node-2] [INFO] [1791155098.308753103] [controller_manager]: Spawning controller_manager RT thread with scheduler priority: 50
[ros2_control_node-2] [WARN] [1791155098.308814748] [controller_manager]: Could not enable FIFO RT scheduling policy: with error number <1>(Operation not permitted). See [https://control.ros.org/master/doc/ros2_control/controller_manager/doc/userdoc.html] for details on how to enable realtime scheduling.
[ros2_control_node-2] [INFO] [1791155098.319034158] [controller_manager]: Received robot description from topic.
[ros2_control_node-2] [INFO] [1791155098.319066604] [controller_manager]: Enforcing command limits is disabled. Command limits from URDF will be ignored.
[spawner-4] [INFO] [1791155098.339076313] [spawner_joint_trajectory_controller]: waiting for service /controller_manager/list_controllers to become available...
[ros2_control_node-2] [INFO] [1791155098.350751106] [controller_manager]: Loading hardware 'ClearCore' 
[ros2_control_node-2] [INFO] [1791155098.400865083] [controller_manager]: Loaded hardware 'ClearCore' from plugin 'clearcore_hardware/ClearCoreSystemHardware'
[ros2_control_node-2] [INFO] [1791155098.400956802] [controller_manager]: Initialize hardware 'ClearCore' 
[ros2_control_node-2] [INFO] [1791155098.406250690] [controller_manager]: Successful initialization of hardware 'ClearCore'
[ros2_control_node-2] [INFO] [1791155098.406436963] [controller_manager]: Activating component 'ClearCore'.
[ros2_control_node-2] [INFO] [1791155098.406446087] [resource_manager]: 'configure' hardware 'ClearCore' 
[ros2_control_node-2] [INFO] [1791155098.406449074] [resource_manager]: Successful 'configure' of hardware 'ClearCore'
[ros2_control_node-2] [INFO] [1791155098.406451371] [resource_manager]: 'activate' hardware 'ClearCore' 
[ros2_control_node-2] [INFO] [1791155098.445017299] [resource_manager]: Successful 'activate' of hardware 'ClearCore'
[ros2_control_node-2] [INFO] [1791155098.445083188] [controller_manager]: Registering statistics for : ClearCore
[ros2_control_node-2] [INFO] [1791155098.445159888] [controller_manager]: Resource Manager has been successfully initialized. Starting Controller Manager services...
[ros2_control_node-2] [INFO] [1791155098.590846804] [controller_manager]: Loading controller : 'joint_trajectory_controller' of type 'joint_trajectory_controller/JointTrajectoryController'
[ros2_control_node-2] [INFO] [1791155098.590891660] [controller_manager]: Loading controller 'joint_trajectory_controller'
[ros2_control_node-2] [INFO] [1791155098.600560172] [controller_manager]: Controller 'joint_trajectory_controller' node arguments: --ros-args --params-file /mnt/d/CCDev/EnhancedClearCoreLibrary/ClearCoreROS/ros2_ws/install/clearcore_hardware/share/clearcore_hardware/config/controllers.yaml --params-file /tmp/launch_params_e9ktqq0l 
[spawner-4] [INFO] [1791155098.650216578] [spawner_joint_trajectory_controller]: Loaded joint_trajectory_controller
[ros2_control_node-2] [INFO] [1791155098.651189689] [controller_manager]: Configuring controller: 'joint_trajectory_controller'
[ros2_control_node-2] [INFO] [1791155098.651297210] [joint_trajectory_controller]: No specific joint names are used for command interfaces. Using 'joints' parameter.
[ros2_control_node-2] [INFO] [1791155098.651319481] [joint_trajectory_controller]: Command interfaces are [position] and state interfaces are [position velocity].
[ros2_control_node-2] [INFO] [1791155098.651332195] [joint_trajectory_controller]: Using 'splines' interpolation method.
[ros2_control_node-2] [INFO] [1791155098.654221155] [joint_trajectory_controller]: Action status changes will be monitored at 20.00 Hz.
[ros2_control_node-2] [INFO] [1791155098.657535317] [joint_trajectory_controller]: Setting initial scaling factor to 1.000000
[ros2_control_node-2] [INFO] [1791155098.657568559] [joint_trajectory_controller]: No scaling interface set. This controller will not read speed scaling from the hardware.
[ros2_control_node-2] [INFO] [1791155098.670813150] [controller_manager]: Activating controllers: [ joint_trajectory_controller ]
[ros2_control_node-2] [INFO] [1791155098.689298369] [controller_manager]: Successfully switched controllers!
[spawner-4] [INFO] [1791155098.710044297] [spawner_joint_trajectory_controller]: Configured and activated joint_trajectory_controller
[spawner-3] [INFO] [1791155098.786840513] [spawner_joint_state_broadcaster]: waiting for service /controller_manager/list_controllers to become available...
[INFO] [spawner-4]: process has finished cleanly [pid 1191]
[ros2_control_node-2] [INFO] [1791155099.303189036] [controller_manager]: Loading controller : 'joint_state_broadcaster' of type 'joint_state_broadcaster/JointStateBroadcaster'
[ros2_control_node-2] [INFO] [1791155099.303237497] [controller_manager]: Loading controller 'joint_state_broadcaster'
[ros2_control_node-2] [INFO] [1791155099.340154257] [controller_manager]: Controller 'joint_state_broadcaster' node arguments: --ros-args --params-file /mnt/d/CCDev/EnhancedClearCoreLibrary/ClearCoreROS/ros2_ws/install/clearcore_hardware/share/clearcore_hardware/config/controllers.yaml --params-file /tmp/launch_params_e9ktqq0l 
[spawner-3] [INFO] [1791155099.370253440] [spawner_joint_state_broadcaster]: Loaded joint_state_broadcaster
[ros2_control_node-2] [INFO] [1791155099.371344902] [controller_manager]: Configuring controller: 'joint_state_broadcaster'
[ros2_control_node-2] [INFO] [1791155099.371428014] [joint_state_broadcaster]: 'joints' or 'interfaces' parameter is empty. All available state interfaces will be published
[ros2_control_node-2] [INFO] [1791155099.390594904] [controller_manager]: Activating controllers: [ joint_state_broadcaster ]
[ros2_control_node-2] [INFO] [1791155099.409209104] [controller_manager]: Successfully switched controllers!
[spawner-3] [INFO] [1791155099.430106584] [spawner_joint_state_broadcaster]: Configured and activated joint_state_broadcaster
[INFO] [spawner-3]: process has finished cleanly [pid 1189]
[ros2_control_node-2] [INFO] [1791155102.532564034] [joint_trajectory_controller]: Received new action goal
[ros2_control_node-2] [INFO] [1791155102.532602007] [joint_trajectory_controller]: Accepted new action goal
[robot_state_publisher-1] [WARN] [1791154946.221595768] [robot_state_publisher]: Moved backwards in time, re-publishing joint transforms!
[ros2_control_node-2] [INFO] [1791155106.548736402] [joint_trajectory_controller]: Goal reached, success!
[WARNING] [launch]: user interrupted with ctrl-c (SIGINT)
[INFO] [ros2_control_node-2]: sending signal 'SIGINT' to process[ros2_control_node-2]
[INFO] [robot_state_publisher-1]: sending signal 'SIGINT' to process[robot_state_publisher-1]
[ros2_control_node-2] [INFO] [1791155106.943064930] [rclcpp]: signal_handler(SIGINT/SIGTERM)
[ros2_control_node-2] [INFO] [1791155106.943119917] [controller_manager]: Shutdown request received....
[ros2_control_node-2] [INFO] [1791155106.943163303] [controller_manager]: Shutting down all controllers in the controller manager.
[ros2_control_node-2] [INFO] [1791155106.943176232] [controller_manager]: Deactivating controller 'joint_state_broadcaster'
[ros2_control_node-2] [INFO] [1791155106.943198680] [controller_manager]: Shutting down controller 'joint_state_broadcaster'
[ros2_control_node-2] [INFO] [1791155106.943266950] [controller_manager]: Deactivating controller 'joint_trajectory_controller'
[ros2_control_node-2] [INFO] [1791155106.943290901] [controller_manager]: Shutting down controller 'joint_trajectory_controller'
[ros2_control_node-2] [INFO] [1791155106.943317570] [resource_manager]: 'deactivate' hardware 'ClearCore' 
[robot_state_publisher-1] [INFO] [1791155106.943546896] [rclcpp]: signal_handler(SIGINT/SIGTERM)
[ros2_control_node-2] [INFO] [1791155106.944435210] [resource_manager]: Successful 'deactivate' of hardware 'ClearCore'
[ros2_control_node-2] [INFO] [1791155106.944446733] [resource_manager]: 'shutdown' hardware 'ClearCore' 
[ros2_control_node-2] [INFO] [1791155106.944450029] [resource_manager]: Successful 'shutdown' of hardware 'ClearCore'
[ros2_control_node-2] [INFO] [1791155106.944484096] [controller_manager]: Shutting down the controller manager.
[ros2_control_node-2] [ERROR] [1791155106.945315318] [controller_manager.pal_statistics]: Exception in publisher thread: context cannot be slept with because it's invalid!. Aborting!
[ros2_control_node-2] [ERROR] [1791155106.945349600] [controller_manager.pal_statistics]: Exception in publisher thread: context cannot be slept with because it's invalid!. Aborting!
[ros2_control_node-2] [INFO] [1791155106.948777000] [controller_manager.pal_statistics]: Async messages lost 0
[ros2_control_node-2] [INFO] [1791155106.948793344] [controller_manager.pal_statistics]: publish_async_failures_ 0
[ros2_control_node-2] [INFO] [1791155106.949486278] [controller_manager.pal_statistics]: Async messages lost 0
[ros2_control_node-2] [INFO] [1791155106.949502128] [controller_manager.pal_statistics]: publish_async_failures_ 0
[INFO] [robot_state_publisher-1]: process has finished cleanly [pid 1185]
[INFO] [ros2_control_node-2]: process has finished cleanly [pid 1187]
