header:
  stamp:
    sec: 1791164324
    nanosec: 6906680
  frame_id: base_link
name:
- joint_x
- joint_y
position:
- 0.0
- 0.0
velocity:
- 0.0
- 0.0
effort:
- .nan
- .nan
---
header:
  stamp:
    sec: 1791164324
    nanosec: 26907102
  frame_id: base_link
name:
- joint_x
- joint_y
position:
- 0.0
- 0.0
velocity:
- 0.0
- 0.0
effort:
- .nan
- .nan
---
header:
  stamp:
    sec: 1791164324
    nanosec: 46902380
  frame_id: base_link
name:
- joint_x
- joint_y
position:
- 0.0
- 0.0
velocity:
- 0.0
- 0.0
effort:
- .nan
- .nan
---
header:
  stamp:
    sec: 1791164324
    nanosec: 66875074
  frame_id: base_link
name:
- joint_x
- joint_y
position:
- 0.0
- 0.0
velocity:
- 0.0
- 0.0
effort:
- .nan
- .nan
---
header:
  stamp:
    sec: 1791164324
    nanosec: 86910214
  frame_id: base_link
name:
- joint_x
- joint_y
position:
- 0.0
- 0.0
velocity:
- 0.0
- 0.0
effort:
- .nan
- .nan
---
header:
  stamp:
    sec: 1791164324
    nanosec: 106908334
  frame_id: base_link
name:
- joint_x
- joint_y
position:
- 0.0
- 0.0
velocity:
- 0.0
- 0.0
effort:
- .nan
- .nan
---
header:
  stamp:
    sec: 1791164324
    nanosec: 126906534
  frame_id: base_link
name:
- joint_x
- joint_y
position:
- 0.0
- 0.0
velocity:
- 0.0
- 0.0
effort:
- .nan
- .nan
---
header:
  stamp:
    sec: 1791164324
    nanosec: 146904184
  frame_id: base_link
name:
- joint_x
- joint_y
position:
- 0.0
- 0.0
velocity:
- 0.0
- 0.0
effort:
- .nan
- .nan
---
header:
  stamp:
    sec: 1791164324
    nanosec: 166899878
  frame_id: base_link
name:
- joint_x
- joint_y
position:
- 0.0
- 0.0
velocity:
- 0.0
- 0.0
effort:
- .nan
- .nan
---
header:
  stamp:
    sec: 1791164324
    nanosec: 186905094
  frame_id: base_link
name:
- joint_x
- joint_y
position:
- 0.0
- 0.0
velocity:
- 0.0
- 0.0
effort:
- .nan
- .nan
---
header:
  stamp:
    sec: 1791164324
    nanosec: 206911598
  frame_id: base_link
name:
- joint_x
- joint_y
position:
- 0.0
- 0.0
velocity:
- 0.0
- 0.0
effort:
- .nan
- .nan
---
header:
  stamp:
    sec: 1791164324
    nanosec: 226902319
  frame_id: base_link
name:
- joint_x
- joint_y
position:
- 0.0
- 0.0
velocity:
- 0.0
- 0.0
effort:
- .nan
- .nan
---
header:
  stamp:
    sec: 1791164324
    nanosec: 246903162
  frame_id: base_link
name:
- joint_x
- joint_y
position:
- 0.0
- 0.0
velocity:
- 0.0
- 0.0
effort:
- .nan
- .nan
---
header:
  stamp:
    sec: 1791164324
    nanosec: 266925187
  frame_id: base_link
name:
- joint_x
- joint_y
position:
- 0.0
- 0.0
velocity:
- 0.0
- 0.0
effort:
- .nan
- .nan
---
header:
  stamp:
    sec: 1791164324
    nanosec: 286900113
  frame_id: base_link
name:
- joint_x
- joint_y
position:
- 0.0
- 0.0
velocity:
- 0.0
- 0.0
effort:
- .nan
- .nan
---
header:
  stamp:
    sec: 1791164324
    nanosec: 306899106
  frame_id: base_link
name:
- joint_x
- joint_y
position:
- 0.0
- 0.0
velocity:
- 0.0
- 0.0
effort:
- .nan
- .nan
---
header:
  stamp:
    sec: 1791164324
    nanosec: 326899741
  frame_id: base_link
name:
- joint_x
- joint_y
position:
- 0.0
- 0.0
velocity:
- 0.0
- 0.0
effort:
- .nan
- .nan
---
header:
  stamp:
    sec: 1791164324
    nanosec: 346899467
  frame_id: base_link
name:
- joint_x
- joint_y
position:
- 0.0
- 0.0
velocity:
- 0.0
- 0.0
effort:
- .nan
- .nan
---
header:
  stamp:
    sec: 1791164324
    nanosec: 366862839
  frame_id: base_link
name:
- joint_x
- joint_y
position:
- 0.0
- 0.0
velocity:
- 0.0
- 0.0
effort:
- .nan
- .nan
---
header:
  stamp:
    sec: 1791164324
    nanosec: 386898288
  frame_id: base_link
name:
- joint_x
- joint_y
position:
- 0.0
- 0.0
velocity:
- 0.0
- 0.0
effort:
- .nan
- .nan
---
header:
  stamp:
    sec: 1791164324
    nanosec: 406905303
  frame_id: base_link
name:
- joint_x
- joint_y
position:
- 0.0
- 0.0
velocity:
- 0.0
- 0.0
effort:
- .nan
- .nan
---
header:
  stamp:
    sec: 1791164324
    nanosec: 426899179
  frame_id: base_link
name:
- joint_x
- joint_y
position:
- 0.0
- 0.0
velocity:
- 0.0
- 0.0
effort:
- .nan
- .nan
---
header:
  stamp:
    sec: 1791164324
    nanosec: 446886303
  frame_id: base_link
name:
- joint_x
- joint_y
position:
- 0.0
- 0.0
velocity:
- 0.0
- 0.0
effort:
- .nan
- .nan
---
header:
  stamp:
    sec: 1791164324
    nanosec: 466881247
  frame_id: base_link
name:
- joint_x
- joint_y
position:
- 0.0
- 0.0
velocity:
- 0.0
- 0.0
effort:
- .nan
- .nan
---
header:
  stamp:
    sec: 1791164324
    nanosec: 486855652
  frame_id: base_link
name:
- joint_x
- joint_y
position:
- 0.0
- 0.0
velocity:
- 0.0
- 0.0
effort:
- .nan
- .nan
---
header:
  stamp:
    sec: 1791164324
    nanosec: 506852971
  frame_id: base_link
name:
- joint_x
- joint_y
position:
- 0.0
- 0.0
velocity:
- 0.0
- 0.0
effort:
- .nan
- .nan
---
header:
  stamp:
    sec: 1791164324
    nanosec: 526855493
  frame_id: base_link
name:
- joint_x
- joint_y
position:
- 0.0
- 0.0
velocity:
- 0.0
- 0.0
effort:
- .nan
- .nan
---
header:
  stamp:
    sec: 1791164324
    nanosec: 546855205
  frame_id: base_link
name:
- joint_x
- joint_y
position:
- 0.0
- 0.0
velocity:
- 0.0
- 0.0
effort:
- .nan
- .nan
---
header:
  stamp:
    sec: 1791164324
    nanosec: 566856939
  frame_id: base_link
name:
- joint_x
- joint_y
position:
- 0.0
- 0.0
velocity:
- 0.0
- 0.0
effort:
- .nan
- .nan
---
header:
  stamp:
    sec: 1791164324
    nanosec: 586853979
  frame_id: base_link
name:
- joint_x
- joint_y
position:
- 0.0
- 0.0
velocity:
- 0.0
- 0.0
effort:
- .nan
- .nan
---
header:
  stamp:
    sec: 1791164324
    nanosec: 606861571
  frame_id: base_link
name:
- joint_x
- joint_y
position:
- 0.0
- 0.0
velocity:
- 0.0
- 0.0
effort:
- .nan
- .nan
---
header:
  stamp:
    sec: 1791164324
    nanosec: 626855563
  frame_id: base_link
name:
- joint_x
- joint_y
position:
- 0.0
- 0.0
velocity:
- 0.0
- 0.0
effort:
- .nan
- .nan
---
header:
  stamp:
    sec: 1791164324
    nanosec: 646856652
  frame_id: base_link
name:
- joint_x
- joint_y
position:
- 0.0
- 0.0
velocity:
- 0.0
- 0.0
effort:
- .nan
- .nan
---
header:
  stamp:
    sec: 1791164324
    nanosec: 666880166
  frame_id: base_link
name:
- joint_x
- joint_y
position:
- 0.0
- 0.0
velocity:
- 0.0
- 0.0
effort:
- .nan
- .nan
---
header:
  stamp:
    sec: 1791164324
    nanosec: 686863466
  frame_id: base_link
name:
- joint_x
- joint_y
position:
- 0.0
- 0.0
velocity:
- 0.0
- 0.0
effort:
- .nan
- .nan
---
header:
  stamp:
    sec: 1791164324
    nanosec: 706859679
  frame_id: base_link
name:
- joint_x
- joint_y
position:
- 0.0
- 0.0
velocity:
- 0.0
- 0.0
effort:
- .nan
- .nan
---
header:
  stamp:
    sec: 1791164324
    nanosec: 726866096
  frame_id: base_link
name:
- joint_x
- joint_y
position:
- 0.0
- 0.0
velocity:
- 0.0
- 0.0
effort:
- .nan
- .nan
---
header:
  stamp:
    sec: 1791164324
    nanosec: 746862603
  frame_id: base_link
name:
- joint_x
- joint_y
position:
- 0.0
- 0.0
velocity:
- 0.0
- 0.0
effort:
- .nan
- .nan
---
header:
  stamp:
    sec: 1791164324
    nanosec: 766863924
  frame_id: base_link
name:
- joint_x
- joint_y
position:
- 0.0
- 0.0
velocity:
- 0.0
- 0.0
effort:
- .nan
- .nan
---
header:
  stamp:
    sec: 1791164324
    nanosec: 786880461
  frame_id: base_link
name:
- joint_x
- joint_y
position:
- 0.0
- 0.0
velocity:
- 0.0
- 0.0
effort:
- .nan
- .nan
---
header:
  stamp:
    sec: 1791164324
    nanosec: 806875644
  frame_id: base_link
name:
- joint_x
- joint_y
position:
- 0.0
- 0.0
velocity:
- 0.0
- 0.0
effort:
- .nan
- .nan
---
header:
  stamp:
    sec: 1791164324
    nanosec: 826868915
  frame_id: base_link
name:
- joint_x
- joint_y
position:
- 0.0
- 0.0
velocity:
- 0.0
- 0.0
effort:
- .nan
- .nan
---
header:
  stamp:
    sec: 1791164324
    nanosec: 846866897
  frame_id: base_link
name:
- joint_x
- joint_y
position:
- 0.0
- 0.0
velocity:
- 0.0
- 0.0
effort:
- .nan
- .nan
---
header:
  stamp:
    sec: 1791164324
    nanosec: 866868304
  frame_id: base_link
name:
- joint_x
- joint_y
position:
- 0.0
- 0.0
velocity:
- 0.0
- 0.0
effort:
- .nan
- .nan
---
header:
  stamp:
    sec: 1791164324
    nanosec: 886874551
  frame_id: base_link
name:
- joint_x
- joint_y
position:
- 0.0
- 0.0
velocity:
- 0.0
- 0.0
effort:
- .nan
- .nan
---
header:
  stamp:
    sec: 1791164324
    nanosec: 906872240
  frame_id: base_link
name:
- joint_x
- joint_y
position:
- 0.0
- 0.0
velocity:
- 0.0
- 0.0
effort:
- .nan
- .nan
---
header:
  stamp:
    sec: 1791164324
    nanosec: 926875367
  frame_id: base_link
name:
- joint_x
- joint_y
position:
- 0.0
- 0.0
velocity:
- 0.0
- 0.0
effort:
- .nan
- .nan
---
header:
  stamp:
    sec: 1791164324
    nanosec: 946876719
  frame_id: base_link
name:
- joint_x
- joint_y
position:
- 0.0
- 0.0
velocity:
- 0.0
- 0.0
effort:
- .nan
- .nan
---
header:
  stamp:
    sec: 1791164324
    nanosec: 966881557
  frame_id: base_link
name:
- joint_x
- joint_y
position:
- 6.24999984211172e-06
- 6.24999984211172e-06
velocity:
- 0.0003124999930150807
- 0.0003124999930150807
effort:
- .nan
- .nan
---
header:
  stamp:
    sec: 1791164324
    nanosec: 986879210
  frame_id: base_link
name:
- joint_x
- joint_y
position:
- 2.499999936844688e-05
- 2.499999936844688e-05
velocity:
- 0.0008928571478463709
- 0.0008928571478463709
effort:
- .nan
- .nan
---
header:
  stamp:
    sec: 1791164325
    nanosec: 6871447
  frame_id: base_link
name:
- joint_x
- joint_y
position:
- 6.874999962747097e-05
- 6.874999962747097e-05
velocity:
- 0.0021875000093132257
- 0.0021875000093132257
effort:
- .nan
- .nan
---
header:
  stamp:
    sec: 1791164325
    nanosec: 26880943
  frame_id: base_link
name:
- joint_x
- joint_y
position:
- 0.00013124999532010406
- 0.00013124999532010406
velocity:
- 0.0031250000465661287
- 0.0031250000465661287
effort:
- .nan
- .nan
---
header:
  stamp:
    sec: 1791164325
    nanosec: 46902521
  frame_id: base_link
name:
- joint_x
- joint_y
position:
- 0.0002062499988824129
- 0.00019999999494757503
velocity:
- 0.0034374999813735485
- 0.0034374999813735485
effort:
- .nan
- .nan
---
header:
  stamp:
    sec: 1791164325
    nanosec: 66884514
  frame_id: base_link
name:
- joint_x
- joint_y
position:
- 0.0002937499957624823
- 0.0002937499957624823
velocity:
- 0.004687500186264515
- 0.0043750000186264515
effort:
- .nan
- .nan
---
header:
  stamp:
    sec: 1791164325
    nanosec: 86880110
  frame_id: base_link
name:
- joint_x
- joint_y
position:
- 0.0003937500005122274
- 0.0003937500005122274
velocity:
- 0.004999999888241291
- 0.0053125000558793545
effort:
- .nan
- .nan
---
header:
  stamp:
    sec: 1791164325
    nanosec: 106880177
  frame_id: base_link
name:
- joint_x
- joint_y
position:
- 0.0005187499918974936
- 0.0005187499918974936
velocity:
- 0.0062500000931322575
- 0.0062500000931322575
effort:
- .nan
- .nan
---
header:
  stamp:
    sec: 1791164325
    nanosec: 126888067
  frame_id: base_link
name:
- joint_x
- joint_y
position:
- 0.0007937499904073775
- 0.0007937499904073775
velocity:
- 0.0071875001303851604
- 0.0071875001303851604
effort:
- .nan
- .nan
---
header:
  stamp:
    sec: 1791164325
    nanosec: 146881002
  frame_id: base_link
name:
- joint_x
- joint_y
position:
- 0.0009500000160187483
- 0.0009500000160187483
velocity:
- 0.0078125
- 0.0078125
effort:
- .nan
- .nan
---
header:
  stamp:
    sec: 1791164325
    nanosec: 166880786
  frame_id: base_link
name:
- joint_x
- joint_y
position:
- 0.0011312500573694706
- 0.0011249999515712261
velocity:
- 0.008630952797830105
- 0.008333333767950535
effort:
- .nan
- .nan
---
header:
  stamp:
    sec: 1791164325
    nanosec: 186884571
  frame_id: base_link
name:
- joint_x
- joint_y
position:
- 0.0013187499716877937
- 0.0013187499716877937
velocity:
- 0.00937500037252903
- 0.009687500074505806
effort:
- .nan
- .nan
---
header:
  stamp:
    sec: 1791164325
    nanosec: 206884102
  frame_id: base_link
name:
- joint_x
- joint_y
position:
- 0.0015124999918043613
- 0.0015124999918043613
velocity:
- 0.009687500074505806
- 0.009687500074505806
effort:
- .nan
- .nan
---
header:
  stamp:
    sec: 1791164325
    nanosec: 226890588
  frame_id: base_link
name:
- joint_x
- joint_y
position:
- 0.0017187499906867743
- 0.0017187499906867743
velocity:
- 0.010312500409781933
- 0.010312500409781933
effort:
- .nan
- .nan
---
header:
  stamp:
    sec: 1791164325
    nanosec: 246881926
  frame_id: base_link
name:
- joint_x
- joint_y
position:
- 0.0019312499789521098
- 0.0019312499789521098
velocity:
- 0.010625000111758709
- 0.010625000111758709
effort:
- .nan
- .nan
---
header:
  stamp:
    sec: 1791164325
    nanosec: 266890419
  frame_id: base_link
name:
- joint_x
- joint_y
position:
- 0.0021562499459832907
- 0.002162500051781535
velocity:
- 0.011250000447034836
- 0.011250000447034836
effort:
- .nan
- .nan
---
header:
  stamp:
    sec: 1791164325
    nanosec: 286885802
  frame_id: base_link
name:
- joint_x
- joint_y
position:
- 0.002406249986961484
- 0.002406249986961484
velocity:
- 0.012500000186264515
- 0.012500000186264515
effort:
- .nan
- .nan
---
header:
  stamp:
    sec: 1791164325
    nanosec: 306888936
  frame_id: base_link
name:
- joint_x
- joint_y
position:
- 0.0026562500279396772
- 0.0026562500279396772
velocity:
- 0.012500000186264515
- 0.012500000186264515
effort:
- .nan
- .nan
---
header:
  stamp:
    sec: 1791164325
    nanosec: 326890535
  frame_id: base_link
name:
- joint_x
- joint_y
position:
- 0.0029124999418854713
- 0.0029124999418854713
velocity:
- 0.012812499888241291
- 0.012812499888241291
effort:
- .nan
- .nan
---
header:
  stamp:
    sec: 1791164325
    nanosec: 346897463
  frame_id: base_link
name:
- joint_x
- joint_y
position:
- 0.00317499996162951
- 0.00317499996162951
velocity:
- 0.013124999590218067
- 0.013124999590218067
effort:
- .nan
- .nan
---
header:
  stamp:
    sec: 1791164325
    nanosec: 366888086
  frame_id: base_link
name:
- joint_x
- joint_y
position:
- 0.003462499938905239
- 0.003462499938905239
velocity:
- 0.013690476305782795
- 0.013690476305782795
effort:
- .nan
- .nan
---
header:
  stamp:
    sec: 1791164325
    nanosec: 386897870
  frame_id: base_link
name:
- joint_x
- joint_y
position:
- 0.004050000105053186
- 0.004043749999254942
velocity:
- 0.014687499962747097
- 0.014375000260770321
effort:
- .nan
- .nan
---
header:
  stamp:
    sec: 1791164325
    nanosec: 406895476
  frame_id: base_link
name:
- joint_x
- joint_y
position:
- 0.004350000061094761
- 0.004350000061094761
velocity:
- 0.014999999664723873
- 0.015312500298023224
effort:
- .nan
- .nan
---
header:
  stamp:
    sec: 1791164325
    nanosec: 426895052
  frame_id: base_link
name:
- joint_x
- joint_y
position:
- 0.00465625012293458
- 0.00465625012293458
velocity:
- 0.015312500298023224
- 0.015312500298023224
effort:
- .nan
- .nan
---
header:
  stamp:
    sec: 1791164325
    nanosec: 446896887
  frame_id: base_link
name:
- joint_x
- joint_y
position:
- 0.004968749824911356
- 0.004968749824911356
velocity:
- 0.015625
- 0.015625
effort:
- .nan
- .nan
---
header:
  stamp:
    sec: 1791164325
    nanosec: 466900091
  frame_id: base_link
name:
- joint_x
- joint_y
position:
- 0.0053125000558793545
- 0.0053125000558793545
velocity:
- 0.016875000670552254
- 0.01718750037252903
effort:
- .nan
- .nan
---
header:
  stamp:
    sec: 1791164325
    nanosec: 486914696
  frame_id: base_link
name:
- joint_x
- joint_y
position:
- 0.005643750075250864
- 0.0056374999694526196
velocity:
- 0.01656249910593033
- 0.016249999403953552
effort:
- .nan
- .nan
---
header:
  stamp:
    sec: 1791164325
    nanosec: 506908049
  frame_id: base_link
name:
- joint_x
- joint_y
position:
- 0.005975000094622374
- 0.005975000094622374
velocity:
- 0.016875000670552254
- 0.016875000670552254
effort:
- .nan
- .nan
---
header:
  stamp:
    sec: 1791164325
    nanosec: 526901717
  frame_id: base_link
name:
- joint_x
- joint_y
position:
- 0.006318749859929085
- 0.006312500219792128
velocity:
- 0.016875000670552254
- 0.016875000670552254
effort:
- .nan
- .nan
---
header:
  stamp:
    sec: 1791164325
    nanosec: 546909187
  frame_id: base_link
name:
- joint_x
- joint_y
position:
- 0.006662500090897083
- 0.006662500090897083
velocity:
- 0.017500000074505806
- 0.017500000074505806
effort:
- .nan
- .nan
---
header:
  stamp:
    sec: 1791164325
    nanosec: 566911755
  frame_id: base_link
name:
- joint_x
- joint_y
position:
- 0.0070374999195337296
- 0.0070374999195337296
velocity:
- 0.01785714365541935
- 0.01785714365541935
effort:
- .nan
- .nan
---
header:
  stamp:
    sec: 1791164325
    nanosec: 586898790
  frame_id: base_link
name:
- joint_x
- joint_y
position:
- 0.00741874985396862
- 0.00741874985396862
velocity:
- 0.01875000074505806
- 0.01875000074505806
effort:
- .nan
- .nan
---
header:
  stamp:
    sec: 1791164325
    nanosec: 606913211
  frame_id: base_link
name:
- joint_x
- joint_y
position:
- 0.00814375001937151
- 0.00814375001937151
velocity:
- 0.018124999478459358
- 0.018124999478459358
effort:
- .nan
- .nan
---
header:
  stamp:
    sec: 1791164325
    nanosec: 626895447
  frame_id: base_link
name:
- joint_x
- joint_y
position:
- 0.008518749848008156
- 0.008518749848008156
velocity:
- 0.01875000074505806
- 0.01875000074505806
effort:
- .nan
- .nan
---
header:
  stamp:
    sec: 1791164325
    nanosec: 646897961
  frame_id: base_link
name:
- joint_x
- joint_y
position:
- 0.00891875009983778
- 0.00891875009983778
velocity:
- 0.019687499850988388
- 0.019687499850988388
effort:
- .nan
- .nan
---
header:
  stamp:
    sec: 1791164325
    nanosec: 666908168
  frame_id: base_link
name:
- joint_x
- joint_y
position:
- 0.00930000003427267
- 0.009293749928474426
velocity:
- 0.019062500447034836
- 0.019062500447034836
effort:
- .nan
- .nan
---
header:
  stamp:
    sec: 1791164325
    nanosec: 686897637
  frame_id: base_link
name:
- joint_x
- joint_y
position:
- 0.009687500074505806
- 0.009681249968707561
velocity:
- 0.019687499850988388
- 0.019375000149011612
effort:
- .nan
- .nan
---
header:
  stamp:
    sec: 1791164325
    nanosec: 706899095
  frame_id: base_link
name:
- joint_x
- joint_y
position:
- 0.010075000114738941
- 0.010075000114738941
velocity:
- 0.019375000149011612
- 0.019687499850988388
effort:
- .nan
- .nan
---
header:
  stamp:
    sec: 1791164325
    nanosec: 726904308
  frame_id: base_link
name:
- joint_x
- joint_y
position:
- 0.010468750260770321
- 0.010468750260770321
velocity:
- 0.019687499850988388
- 0.019687499850988388
effort:
- .nan
- .nan
---
header:
  stamp:
    sec: 1791164325
    nanosec: 746902029
  frame_id: base_link
name:
- joint_x
- joint_y
position:
- 0.01086874958127737
- 0.01086874958127737
velocity:
- 0.019999999552965164
- 0.019999999552965164
effort:
- .nan
- .nan
---
header:
  stamp:
    sec: 1791164325
    nanosec: 766908750
  frame_id: base_link
name:
- joint_x
- joint_y
position:
- 0.011287500150501728
- 0.011287500150501728
velocity:
- 0.020937500521540642
- 0.020937500521540642
effort:
- .nan
- .nan
---
header:
  stamp:
    sec: 1791164325
    nanosec: 786898702
  frame_id: base_link
name:
- joint_x
- joint_y
position:
- 0.011693749576807022
- 0.011687500402331352
velocity:
- 0.019999999552965164
- 0.019999999552965164
effort:
- .nan
- .nan
---
header:
  stamp:
    sec: 1791164325
    nanosec: 806903667
  frame_id: base_link
name:
- joint_x
- joint_y
position:
- 0.012087499722838402
- 0.012093749828636646
velocity:
- 0.019999999552965164
- 0.019999999552965164
effort:
- .nan
- .nan
---
header:
  stamp:
    sec: 1791164325
    nanosec: 826906401
  frame_id: base_link
name:
- joint_x
- joint_y
position:
- 0.012918749824166298
- 0.012918749824166298
velocity:
- 0.021250000223517418
- 0.021250000223517418
effort:
- .nan
- .nan
---
header:
  stamp:
    sec: 1791164325
    nanosec: 846896035
  frame_id: base_link
name:
- joint_x
- joint_y
position:
- 0.013325000181794167
- 0.013325000181794167
velocity:
- 0.020625000819563866
- 0.020625000819563866
effort:
- .nan
- .nan
---
header:
  stamp:
    sec: 1791164325
    nanosec: 866906153
  frame_id: base_link
name:
- joint_x
- joint_y
position:
- 0.013737499713897705
- 0.013737499713897705
velocity:
- 0.02031249925494194
- 0.02031249925494194
effort:
- .nan
- .nan
---
header:
  stamp:
    sec: 1791164325
    nanosec: 886906471
  frame_id: base_link
name:
- joint_x
- joint_y
position:
- 0.014150000177323818
- 0.014150000177323818
velocity:
- 0.020625000819563866
- 0.020625000819563866
effort:
- .nan
- .nan
---
header:
  stamp:
    sec: 1791164325
    nanosec: 906928648
  frame_id: base_link
name:
- joint_x
- joint_y
position:
- 0.014562499709427357
- 0.014562499709427357
velocity:
- 0.020625000819563866
- 0.020625000819563866
effort:
- .nan
- .nan
---
header:
  stamp:
    sec: 1791164325
    nanosec: 926905399
  frame_id: base_link
name:
- joint_x
- joint_y
position:
- 0.014993749558925629
- 0.014993749558925629
velocity:
- 0.02083333395421505
- 0.02083333395421505
effort:
- .nan
- .nan
---
header:
  stamp:
    sec: 1791164325
    nanosec: 946901565
  frame_id: base_link
name:
- joint_x
- joint_y
position:
- 0.015425000339746475
- 0.015425000339746475
velocity:
- 0.021562499925494194
- 0.021562499925494194
effort:
- .nan
- .nan
---
header:
  stamp:
    sec: 1791164325
    nanosec: 966896407
  frame_id: base_link
name:
- joint_x
- joint_y
position:
- 0.015831250697374344
- 0.015831250697374344
velocity:
- 0.02031249925494194
- 0.02031249925494194
effort:
- .nan
- .nan
---
header:
  stamp:
    sec: 1791164325
    nanosec: 986908698
  frame_id: base_link
name:
- joint_x
- joint_y
position:
- 0.016243750229477882
- 0.016243750229477882
velocity:
- 0.020625000819563866
- 0.020625000819563866
effort:
- .nan
- .nan
---
header:
  stamp:
    sec: 1791164326
    nanosec: 6947606
  frame_id: base_link
name:
- joint_x
- joint_y
position:
- 0.01665624976158142
- 0.01666250079870224
velocity:
- 0.020625000819563866
- 0.020625000819563866
effort:
- .nan
- .nan
---
header:
  stamp:
    sec: 1791164326
    nanosec: 26901222
  frame_id: base_link
name:
- joint_x
- joint_y
position:
- 0.01706874929368496
- 0.01706874929368496
velocity:
- 0.020625000819563866
- 0.020625000819563866
effort:
- .nan
- .nan
---
header:
  stamp:
    sec: 1791164326
    nanosec: 46906624
  frame_id: base_link
name:
- joint_x
- joint_y
position:
- 0.017500000074505806
- 0.017500000074505806
velocity:
- 0.02053571492433548
- 0.02053571492433548
effort:
- .nan
- .nan
---
header:
  stamp:
    sec: 1791164326
    nanosec: 66909386
  frame_id: base_link
name:
- joint_x
- joint_y
position:
- 0.018324999138712883
- 0.018324999138712883
velocity:
- 0.019999999552965164
- 0.02031249925494194
effort:
- .nan
- .nan
---
header:
  stamp:
    sec: 1791164326
    nanosec: 86904494
  frame_id: base_link
name:
- joint_x
- joint_y
position:
- 0.018725000321865082
- 0.018725000321865082
velocity:
- 0.02031249925494194
- 0.019999999552965164
effort:
- .nan
- .nan
---
header:
  stamp:
    sec: 1791164326
    nanosec: 106924416
  frame_id: base_link
name:
- joint_x
- joint_y
position:
- 0.01912499964237213
- 0.01911875046789646
velocity:
- 0.019999999552965164
- 0.019687499850988388
effort:
- .nan
- .nan
---
header:
  stamp:
    sec: 1791164326
    nanosec: 126858348
  frame_id: base_link
name:
- joint_x
- joint_y
position:
- 0.01953749917447567
- 0.01953749917447567
velocity:
- 0.020625000819563866
- 0.020937500521540642
effort:
- .nan
- .nan
---
header:
  stamp:
    sec: 1791164326
    nanosec: 146875377
  frame_id: base_link
name:
- joint_x
- joint_y
position:
- 0.01993750035762787
- 0.01993750035762787
velocity:
- 0.019687499850988388
- 0.019687499850988388
effort:
- .nan
- .nan
---
header:
  stamp:
    sec: 1791164326
    nanosec: 166891379
  frame_id: base_link
name:
- joint_x
- joint_y
position:
- 0.02032499946653843
- 0.02032499946653843
velocity:
- 0.019375000149011612
- 0.019375000149011612
effort:
- .nan
- .nan
---
header:
  stamp:
    sec: 1791164326
    nanosec: 186895325
  frame_id: base_link
name:
- joint_x
- joint_y
position:
- 0.02071250043809414
- 0.02070624940097332
velocity:
- 0.019375000149011612
- 0.019375000149011612
effort:
- .nan
- .nan
---
header:
  stamp:
    sec: 1791164326
    nanosec: 206915129
  frame_id: base_link
name:
- joint_x
- joint_y
position:
- 0.02109375037252903
- 0.02108749933540821
velocity:
- 0.019062500447034836
- 0.019062500447034836
effort:
- .nan
- .nan
---
header:
  stamp:
    sec: 1791164326
    nanosec: 226910480
  frame_id: base_link
name:
- joint_x
- joint_y
position:
- 0.02148750051856041
- 0.02148750051856041
velocity:
- 0.01904761977493763
- 0.01904761977493763
effort:
- .nan
- .nan
---
header:
  stamp:
    sec: 1791164326
    nanosec: 246895207
  frame_id: base_link
name:
- joint_x
- joint_y
position:
- 0.02188125066459179
- 0.02188125066459179
velocity:
- 0.019687499850988388
- 0.019687499850988388
effort:
- .nan
- .nan
---
header:
  stamp:
    sec: 1791164326
    nanosec: 266891436
  frame_id: base_link
name:
- joint_x
- joint_y
position:
- 0.02225000038743019
- 0.02225000038743019
velocity:
- 0.018437499180436134
- 0.018437499180436134
effort:
- .nan
- .nan
---
header:
  stamp:
    sec: 1791164326
    nanosec: 286892571
  frame_id: base_link
name:
- joint_x
- joint_y
position:
- 0.022968750447034836
- 0.022968750447034836
velocity:
- 0.017812499776482582
- 0.017812499776482582
effort:
- .nan
- .nan
---
header:
  stamp:
    sec: 1791164326
    nanosec: 306890902
  frame_id: base_link
name:
- joint_x
- joint_y
position:
- 0.023343749344348907
- 0.023343749344348907
velocity:
- 0.01875000074505806
- 0.018437499180436134
effort:
- .nan
- .nan
---
header:
  stamp:
    sec: 1791164326
    nanosec: 326882634
  frame_id: base_link
name:
- joint_x
- joint_y
position:
- 0.02368750050663948
- 0.02368750050663948
velocity:
- 0.01718750037252903
- 0.017500000074505806
effort:
- .nan
- .nan
---
header:
  stamp:
    sec: 1791164326
    nanosec: 346912670
  frame_id: base_link
name:
- joint_x
- joint_y
position:
- 0.024031249806284904
- 0.024025000631809235
velocity:
- 0.01718750037252903
- 0.016875000670552254
effort:
- .nan
- .nan
---
header:
  stamp:
    sec: 1791164326
    nanosec: 366886010
  frame_id: base_link
name:
- joint_x
- joint_y
position:
- 0.02436250075697899
- 0.02436250075697899
velocity:
- 0.01656249910593033
- 0.016875000670552254
effort:
- .nan
- .nan
---
header:
  stamp:
    sec: 1791164326
    nanosec: 386881084
  frame_id: base_link
name:
- joint_x
- joint_y
position:
- 0.024693749845027924
- 0.024687500670552254
velocity:
- 0.01656249910593033
- 0.016249999403953552
effort:
- .nan
- .nan
---
header:
  stamp:
    sec: 1791164326
    nanosec: 406912623
  frame_id: base_link
name:
- joint_x
- joint_y
position:
- 0.02501250058412552
- 0.02501250058412552
velocity:
- 0.015937499701976776
- 0.016249999403953552
effort:
- .nan
- .nan
---
header:
  stamp:
    sec: 1791164326
    nanosec: 426882977
  frame_id: base_link
name:
- joint_x
- joint_y
position:
- 0.025343749672174454
- 0.025343749672174454
velocity:
- 0.01656249910593033
- 0.01656249910593033
effort:
- .nan
- .nan
---
header:
  stamp:
    sec: 1791164326
    nanosec: 446887137
  frame_id: base_link
name:
- joint_x
- joint_y
position:
- 0.02565000019967556
- 0.02565000019967556
velocity:
- 0.015312500298023224
- 0.015312500298023224
effort:
- .nan
- .nan
---
header:
  stamp:
    sec: 1791164326
    nanosec: 466884773
  frame_id: base_link
name:
- joint_x
- joint_y
position:
- 0.025949999690055847
- 0.025949999690055847
velocity:
- 0.014999999664723873
- 0.014999999664723873
effort:
- .nan
- .nan
---
header:
  stamp:
    sec: 1791164326
    nanosec: 486889095
  frame_id: base_link
name:
- joint_x
- joint_y
position:
- 0.026243750005960464
- 0.026237500831484795
velocity:
- 0.014375000260770321
- 0.014375000260770321
effort:
- .nan
- .nan
---
header:
  stamp:
    sec: 1791164326
    nanosec: 506892126
  frame_id: base_link
name:
- joint_x
- joint_y
position:
- 0.026525000110268593
- 0.026518749073147774
velocity:
- 0.014375000260770321
- 0.01406249962747097
effort:
- .nan
- .nan
---
header:
  stamp:
    sec: 1791164326
    nanosec: 526891325
  frame_id: base_link
name:
- joint_x
- joint_y
position:
- 0.02707500010728836
- 0.02706874907016754
velocity:
- 0.013124999590218067
- 0.013124999590218067
effort:
- .nan
- .nan
---
header:
  stamp:
    sec: 1791164326
    nanosec: 546892848
  frame_id: base_link
name:
- joint_x
- joint_y
position:
- 0.02733124978840351
- 0.02732500061392784
velocity:
- 0.013124999590218067
- 0.012812499888241291
effort:
- .nan
- .nan
---
header:
  stamp:
    sec: 1791164326
    nanosec: 566879344
  frame_id: base_link
name:
- joint_x
- joint_y
position:
- 0.027574999257922173
- 0.027574999257922173
velocity:
- 0.012187499552965164
- 0.012500000186264515
effort:
- .nan
- .nan
---
header:
  stamp:
    sec: 1791164326
    nanosec: 586880620
  frame_id: base_link
name:
- joint_x
- joint_y
position:
- 0.027824999764561653
- 0.027824999764561653
velocity:
- 0.011904762126505375
- 0.011904762126505375
effort:
- .nan
- .nan
---
header:
  stamp:
    sec: 1791164326
    nanosec: 606892914
  frame_id: base_link
name:
- joint_x
- joint_y
position:
- 0.028062500059604645
- 0.028062500059604645
velocity:
- 0.011874999850988388
- 0.011874999850988388
effort:
- .nan
- .nan
---
header:
  stamp:
    sec: 1791164326
    nanosec: 626884492
  frame_id: base_link
name:
- joint_x
- joint_y
position:
- 0.02828124910593033
- 0.02828124910593033
velocity:
- 0.010625000111758709
- 0.010937499813735485
effort:
- .nan
- .nan
---
header:
  stamp:
    sec: 1791164326
    nanosec: 646893347
  frame_id: base_link
name:
- joint_x
- joint_y
position:
- 0.028487499803304672
- 0.028481250628829002
velocity:
- 0.010312500409781933
- 0.009999999776482582
effort:
- .nan
- .nan
---
header:
  stamp:
    sec: 1791164326
    nanosec: 666894440
  frame_id: base_link
name:
- joint_x
- joint_y
position:
- 0.028681250289082527
- 0.028681250289082527
velocity:
- 0.009999999776482582
- 0.009999999776482582
effort:
- .nan
- .nan
---
header:
  stamp:
    sec: 1791164326
    nanosec: 686882292
  frame_id: base_link
name:
- joint_x
- joint_y
position:
- 0.028862500563263893
- 0.028862500563263893
velocity:
- 0.009062499739229679
- 0.009062499739229679
effort:
- .nan
- .nan
---
header:
  stamp:
    sec: 1791164326
    nanosec: 706880443
  frame_id: base_link
name:
- joint_x
- joint_y
position:
- 0.02903749980032444
- 0.02903749980032444
velocity:
- 0.008750000037252903
- 0.008750000037252903
effort:
- .nan
- .nan
---
header:
  stamp:
    sec: 1791164326
    nanosec: 726883404
  frame_id: base_link
name:
- joint_x
- joint_y
position:
- 0.029206249862909317
- 0.029206249862909317
velocity:
- 0.008437500335276127
- 0.008437500335276127
effort:
- .nan
- .nan
---
header:
  stamp:
    sec: 1791164326
    nanosec: 746888156
  frame_id: base_link
name:
- joint_x
- joint_y
position:
- 0.029493749141693115
- 0.029493749141693115
velocity:
- 0.006874999962747097
- 0.006874999962747097
effort:
- .nan
- .nan
---
header:
  stamp:
    sec: 1791164326
    nanosec: 766877876
  frame_id: base_link
name:
- joint_x
- joint_y
position:
- 0.029618749395012856
- 0.029618749395012856
velocity:
- 0.0062500000931322575
- 0.0062500000931322575
effort:
- .nan
- .nan
---
header:
  stamp:
    sec: 1791164326
    nanosec: 786889210
  frame_id: base_link
name:
- joint_x
- joint_y
position:
- 0.029737500473856926
- 0.029737500473856926
velocity:
- 0.005937499925494194
- 0.005625000223517418
effort:
- .nan
- .nan
---
header:
  stamp:
    sec: 1791164326
    nanosec: 806891882
  frame_id: base_link
name:
- joint_x
- joint_y
position:
- 0.02983750030398369
- 0.02983124926686287
velocity:
- 0.004687500186264515
- 0.004999999888241291
effort:
- .nan
- .nan
---
header:
  stamp:
    sec: 1791164326
    nanosec: 826883087
  frame_id: base_link
name:
- joint_x
- joint_y
position:
- 0.029918750748038292
- 0.029918750748038292
velocity:
- 0.0043750000186264515
- 0.0043750000186264515
effort:
- .nan
- .nan
---
header:
  stamp:
    sec: 1791164326
    nanosec: 846912780
  frame_id: base_link
name:
- joint_x
- joint_y
position:
- 0.029993750154972076
- 0.029987499117851257
velocity:
- 0.0037499999161809683
- 0.0034374999813735485
effort:
- .nan
- .nan
---
header:
  stamp:
    sec: 1791164326
    nanosec: 866903358
  frame_id: base_link
name:
- joint_x
- joint_y
position:
- 0.030050000175833702
- 0.030050000175833702
velocity:
- 0.002812500111758709
- 0.0031250000465661287
effort:
- .nan
- .nan
---
header:
  stamp:
    sec: 1791164326
    nanosec: 886900934
  frame_id: base_link
name:
- joint_x
- joint_y
position:
- 0.03009999915957451
- 0.03009374998509884
velocity:
- 0.0023809524718672037
- 0.0020833334419876337
effort:
- .nan
- .nan
---
header:
  stamp:
    sec: 1791164326
    nanosec: 906908391
  frame_id: base_link
name:
- joint_x
- joint_y
position:
- 0.030131250619888306
- 0.030131250619888306
velocity:
- 0.0015625000232830644
- 0.0015625000232830644
effort:
- .nan
- .nan
---
header:
  stamp:
    sec: 1791164326
    nanosec: 926879251
  frame_id: base_link
name:
- joint_x
- joint_y
position:
- 0.030143750831484795
- 0.030143750831484795
velocity:
- 0.0006249999860301614
- 0.0009374999790452421
effort:
- .nan
- .nan
---
header:
  stamp:
    sec: 1791164326
    nanosec: 946878565
  frame_id: base_link
name:
- joint_x
- joint_y
position:
- 0.030137499794363976
- 0.030137499794363976
velocity:
- -0.0003124999930150807
- -0.0003124999930150807
effort:
- .nan
- .nan
---
header:
  stamp:
    sec: 1791164326
    nanosec: 966883103
  frame_id: base_link
name:
- joint_x
- joint_y
position:
- 0.030124999582767487
- 0.030124999582767487
velocity:
- -0.0006249999860301614
- -0.0006249999860301614
effort:
- .nan
- .nan
---
header:
  stamp:
    sec: 1791164326
    nanosec: 986887091
  frame_id: base_link
name:
- joint_x
- joint_y
position:
- 0.03009374998509884
- 0.03009374998509884
velocity:
- -0.0014880952658131719
- -0.0014880952658131719
effort:
- .nan
- .nan
---
header:
  stamp:
    sec: 1791164327
    nanosec: 6880191
  frame_id: base_link
name:
- joint_x
- joint_y
position:
- 0.029981249943375587
- 0.029981249943375587
velocity:
- -0.0031250000465661287
- -0.0031250000465661287
effort:
- .nan
- .nan
---
header:
  stamp:
    sec: 1791164327
    nanosec: 26882418
  frame_id: base_link
name:
- joint_x
- joint_y
position:
- 0.029906250536441803
- 0.029906250536441803
velocity:
- -0.0037499999161809683
- -0.0037499999161809683
effort:
- .nan
- .nan
---
header:
  stamp:
    sec: 1791164327
    nanosec: 46882955
  frame_id: base_link
name:
- joint_x
- joint_y
position:
- 0.02981875091791153
- 0.02981875091791153
velocity:
- -0.0043750000186264515
- -0.0043750000186264515
effort:
- .nan
- .nan
---
header:
  stamp:
    sec: 1791164327
    nanosec: 66877910
  frame_id: base_link
name:
- joint_x
- joint_y
position:
- 0.029718749225139618
- 0.029718749225139618
velocity:
- -0.004999999888241291
- -0.004999999888241291
effort:
- .nan
- .nan
---
header:
  stamp:
    sec: 1791164327
    nanosec: 86934348
  frame_id: base_link
name:
- joint_x
- joint_y
position:
- 0.029593750834465027
- 0.029593750834465027
velocity:
- -0.0062500000931322575
- -0.0062500000931322575
effort:
- .nan
- .nan
---
header:
  stamp:
    sec: 1791164327
    nanosec: 106886358
  frame_id: base_link
name:
- joint_x
- joint_y
position:
- 0.029462499544024467
- 0.029462499544024467
velocity:
- -0.0062500000931322575
- -0.0062500000931322575
effort:
- .nan
- .nan
---
header:
  stamp:
    sec: 1791164327
    nanosec: 126879771
  frame_id: base_link
name:
- joint_x
- joint_y
position:
- 0.029324999079108238
- 0.029324999079108238
velocity:
- -0.0071875001303851604
- -0.0071875001303851604
effort:
- .nan
- .nan
---
header:
  stamp:
    sec: 1791164327
    nanosec: 146882634
  frame_id: base_link
name:
- joint_x
- joint_y
position:
- 0.02916874922811985
- 0.02916874922811985
velocity:
- -0.007499999832361937
- -0.007499999832361937
effort:
- .nan
- .nan
---
header:
  stamp:
    sec: 1791164327
    nanosec: 166891034
  frame_id: base_link
name:
- joint_x
- joint_y
position:
- 0.029006250202655792
- 0.029006250202655792
velocity:
- -0.008437500335276127
- -0.008124999701976776
effort:
- .nan
- .nan
---
header:
  stamp:
    sec: 1791164327
    nanosec: 186888726
  frame_id: base_link
name:
- joint_x
- joint_y
position:
- 0.028824999928474426
- 0.028824999928474426
velocity:
- -0.009062499739229679
- -0.00937500037252903
effort:
- .nan
- .nan
---
header:
  stamp:
    sec: 1791164327
    nanosec: 206884655
  frame_id: base_link
name:
- joint_x
- joint_y
position:
- 0.028437500819563866
- 0.028437500819563866
velocity:
- -0.009687500074505806
- -0.009687500074505806
effort:
- .nan
- .nan
---
header:
  stamp:
    sec: 1791164327
    nanosec: 226891670
  frame_id: base_link
name:
- joint_x
- joint_y
position:
- 0.028224999085068703
- 0.028231250122189522
velocity:
- -0.010625000111758709
- -0.010625000111758709
effort:
- .nan
- .nan
---
header:
  stamp:
    sec: 1791164327
    nanosec: 246896843
  frame_id: base_link
name:
- joint_x
- joint_y
position:
- 0.02799374982714653
- 0.02799374982714653
velocity:
- -0.011309524066746235
- -0.011309524066746235
effort:
- .nan
- .nan
---
header:
  stamp:
    sec: 1791164327
    nanosec: 266904300
  frame_id: base_link
name:
- joint_x
- joint_y
position:
- 0.02775000035762787
- 0.02775000035762787
velocity:
- -0.012187499552965164
- -0.011874999850988388
effort:
- .nan
- .nan
---
header:
  stamp:
    sec: 1791164327
    nanosec: 286905853
  frame_id: base_link
name:
- joint_x
- joint_y
position:
- 0.027506250888109207
- 0.027512500062584877
velocity:
- -0.011874999850988388
- -0.012187499552965164
effort:
- .nan
- .nan
---
header:
  stamp:
    sec: 1791164327
    nanosec: 306913367
  frame_id: base_link
name:
- joint_x
- joint_y
position:
- 0.027256250381469727
- 0.027262499555945396
velocity:
- -0.012500000186264515
- -0.012500000186264515
effort:
- .nan
- .nan
---
header:
  stamp:
    sec: 1791164327
    nanosec: 326882792
  frame_id: base_link
name:
- joint_x
- joint_y
position:
- 0.027000000700354576
- 0.027000000700354576
velocity:
- -0.013124999590218067
- -0.013124999590218067
effort:
- .nan
- .nan
---
header:
  stamp:
    sec: 1791164327
    nanosec: 346912608
  frame_id: base_link
name:
- joint_x
- joint_y
position:
- 0.026731250807642937
- 0.026731250807642937
velocity:
- -0.013437500223517418
- -0.013437500223517418
effort:
- .nan
- .nan
---
header:
  stamp:
    sec: 1791164327
    nanosec: 366882356
  frame_id: base_link
name:
- joint_x
- joint_y
position:
- 0.02645000070333481
- 0.026456249877810478
velocity:
- -0.01406249962747097
- -0.013749999925494194
effort:
- .nan
- .nan
---
header:
  stamp:
    sec: 1791164327
    nanosec: 386883316
  frame_id: base_link
name:
- joint_x
- joint_y
position:
- 0.026149999350309372
- 0.02615625038743019
velocity:
- -0.014999999664723873
- -0.014999999664723873
effort:
- .nan
- .nan
---
header:
  stamp:
    sec: 1791164327
    nanosec: 406880909
  frame_id: base_link
name:
- joint_x
- joint_y
position:
- 0.025856250897049904
- 0.025862500071525574
velocity:
- -0.014687499962747097
- -0.014687499962747097
effort:
- .nan
- .nan
---
header:
  stamp:
    sec: 1791164327
    nanosec: 426890539
  frame_id: base_link
name:
- joint_x
- joint_y
position:
- 0.025556249544024467
- 0.025556249544024467
velocity:
- -0.014999999664723873
- -0.015312500298023224
effort:
- .nan
- .nan
---
header:
  stamp:
    sec: 1791164327
    nanosec: 446890577
  frame_id: base_link
name:
- joint_x
- joint_y
position:
- 0.024918749928474426
- 0.024918749928474426
velocity:
- -0.01656249910593033
- -0.01656249910593033
effort:
- .nan
- .nan
---
header:
  stamp:
    sec: 1791164327
    nanosec: 466876274
  frame_id: base_link
name:
- joint_x
- joint_y
position:
- 0.02459375001490116
- 0.02459375001490116
velocity:
- -0.016249999403953552
- -0.016249999403953552
effort:
- .nan
- .nan
---
header:
  stamp:
    sec: 1791164327
    nanosec: 486875701
  frame_id: base_link
name:
- joint_x
- joint_y
position:
- 0.024262500926852226
- 0.024262500926852226
velocity:
- -0.01656249910593033
- -0.01656249910593033
effort:
- .nan
- .nan
---
header:
  stamp:
    sec: 1791164327
    nanosec: 506875307
  frame_id: base_link
name:
- joint_x
- joint_y
position:
- 0.023925000801682472
- 0.023925000801682472
velocity:
- -0.016875000670552254
- -0.016875000670552254
effort:
- .nan
- .nan
---
header:
  stamp:
    sec: 1791164327
    nanosec: 526877455
  frame_id: base_link
name:
- joint_x
- joint_y
position:
- 0.02357500046491623
- 0.0235812496393919
velocity:
- -0.01718750037252903
- -0.01718750037252903
effort:
- .nan
- .nan
---
header:
  stamp:
    sec: 1791164327
    nanosec: 546904285
  frame_id: base_link
name:
- joint_x
- joint_y
position:
- 0.023212499916553497
- 0.023212499916553497
velocity:
- -0.01755952462553978
- -0.01755952462553978
effort:
- .nan
- .nan
---
header:
  stamp:
    sec: 1791164327
    nanosec: 566903328
  frame_id: base_link
name:
- joint_x
- joint_y
position:
- 0.022831249982118607
- 0.022837499156594276
velocity:
- -0.01875000074505806
- -0.01875000074505806
effort:
- .nan
- .nan
---
header:
  stamp:
    sec: 1791164327
    nanosec: 586871614
  frame_id: base_link
name:
- joint_x
- joint_y
position:
- 0.022475000470876694
- 0.022475000470876694
velocity:
- -0.018124999478459358
- -0.017812499776482582
effort:
- .nan
- .nan
---
header:
  stamp:
    sec: 1791164327
    nanosec: 606902068
  frame_id: base_link
name:
- joint_x
- joint_y
position:
- 0.022112499922513962
- 0.022112499922513962
velocity:
- -0.018124999478459358
- -0.018437499180436134
effort:
- .nan
- .nan
---
header:
  stamp:
    sec: 1791164327
    nanosec: 626907640
  frame_id: base_link
name:
- joint_x
- joint_y
position:
- 0.02173749916255474
- 0.02174375019967556
velocity:
- -0.018437499180436134
- -0.018437499180436134
effort:
- .nan
- .nan
---
header:
  stamp:
    sec: 1791164327
    nanosec: 646902455
  frame_id: base_link
name:
- joint_x
- joint_y
position:
- 0.02136250026524067
- 0.02136250026524067
velocity:
- -0.01875000074505806
- -0.019062500447034836
effort:
- .nan
- .nan
---
header:
  stamp:
    sec: 1791164327
    nanosec: 666898418
  frame_id: base_link
name:
- joint_x
- joint_y
position:
- 0.02096249908208847
- 0.02096249908208847
velocity:
- -0.0193452388048172
- -0.01904761977493763
effort:
- .nan
- .nan
---
header:
  stamp:
    sec: 1791164327
    nanosec: 686888624
  frame_id: base_link
name:
- joint_x
- joint_y
position:
- 0.02017500065267086
- 0.02017500065267086
velocity:
- -0.019375000149011612
- -0.019062500447034836
effort:
- .nan
- .nan
---
header:
  stamp:
    sec: 1791164327
    nanosec: 706907672
  frame_id: base_link
name:
- joint_x
- joint_y
position:
- 0.01978125050663948
- 0.01978749968111515
velocity:
- -0.019375000149011612
- -0.019687499850988388
effort:
- .nan
- .nan
---
header:
  stamp:
    sec: 1791164327
    nanosec: 726899888
  frame_id: base_link
name:
- joint_x
- joint_y
position:
- 0.0193875003606081
- 0.01939374953508377
velocity:
- -0.019687499850988388
- -0.019687499850988388
effort:
- .nan
- .nan
---
header:
  stamp:
    sec: 1791164327
    nanosec: 746901455
  frame_id: base_link
name:
- joint_x
- joint_y
position:
- 0.018987499177455902
- 0.01899375021457672
velocity:
- -0.02031249925494194
- -0.019999999552965164
effort:
- .nan
- .nan
---
header:
  stamp:
    sec: 1791164327
    nanosec: 766916914
  frame_id: base_link
name:
- joint_x
- joint_y
position:
- 0.018568750470876694
- 0.018568750470876694
velocity:
- -0.020937500521540642
- -0.021250000223517418
effort:
- .nan
- .nan
---
header:
  stamp:
    sec: 1791164327
    nanosec: 786878930
  frame_id: base_link
name:
- joint_x
- joint_y
position:
- 0.018162500113248825
- 0.018162500113248825
velocity:
- -0.019999999552965164
- -0.019999999552965164
effort:
- .nan
- .nan
---
header:
  stamp:
    sec: 1791164327
    nanosec: 806884350
  frame_id: base_link
name:
- joint_x
- joint_y
position:
- 0.017756249755620956
- 0.017762500792741776
velocity:
- -0.02031249925494194
- -0.02031249925494194
effort:
- .nan
- .nan
---
header:
  stamp:
    sec: 1791164327
    nanosec: 826901571
  frame_id: base_link
name:
- joint_x
- joint_y
position:
- 0.017349999397993088
- 0.017356250435113907
velocity:
- -0.02031249925494194
- -0.02031249925494194
effort:
- .nan
- .nan
---
header:
  stamp:
    sec: 1791164327
    nanosec: 846896758
  frame_id: base_link
name:
- joint_x
- joint_y
position:
- 0.016950000077486038
- 0.016950000077486038
velocity:
- -0.02031249925494194
- -0.02031249925494194
effort:
- .nan
- .nan
---
header:
  stamp:
    sec: 1791164327
    nanosec: 866922282
  frame_id: base_link
name:
- joint_x
- joint_y
position:
- 0.01651874929666519
- 0.01651874929666519
velocity:
- -0.021562499925494194
- -0.021562499925494194
effort:
- .nan
- .nan
---
header:
  stamp:
    sec: 1791164327
    nanosec: 886880508
  frame_id: base_link
name:
- joint_x
- joint_y
position:
- 0.016106249764561653
- 0.016112500801682472
velocity:
- -0.020625000819563866
- -0.02031249925494194
effort:
- .nan
- .nan
---
header:
  stamp:
    sec: 1791164327
    nanosec: 906880558
  frame_id: base_link
name:
- joint_x
- joint_y
position:
- 0.01529374998062849
- 0.01529374998062849
velocity:
- -0.020625000819563866
- -0.02031249925494194
effort:
- .nan
- .nan
---
header:
  stamp:
    sec: 1791164327
    nanosec: 926878972
  frame_id: base_link
name:
- joint_x
- joint_y
position:
- 0.014856250025331974
- 0.014862500131130219
velocity:
- -0.02083333395421505
- -0.02083333395421505
effort:
- .nan
- .nan
---
header:
  stamp:
    sec: 1791164327
    nanosec: 946926333
  frame_id: base_link
name:
- joint_x
- joint_y
position:
- 0.014425000175833702
- 0.014431250281631947
velocity:
- -0.021562499925494194
- -0.021562499925494194
effort:
- .nan
- .nan
---
header:
  stamp:
    sec: 1791164327
    nanosec: 966882729
  frame_id: base_link
name:
- joint_x
- joint_y
position:
- 0.014018749818205833
- 0.014012499712407589
velocity:
- -0.02031249925494194
- -0.020625000819563866
effort:
- .nan
- .nan
---
header:
  stamp:
    sec: 1791164327
    nanosec: 986884750
  frame_id: base_link
name:
- joint_x
- joint_y
position:
- 0.01360000018030405
- 0.013606250286102295
velocity:
- -0.020625000819563866
- -0.020625000819563866
effort:
- .nan
- .nan
---
header:
  stamp:
    sec: 1791164328
    nanosec: 6881558
  frame_id: base_link
name:
- joint_x
- joint_y
position:
- 0.013199999928474426
- 0.013193749822676182
velocity:
- -0.02031249925494194
- -0.02031249925494194
effort:
- .nan
- .nan
---
header:
  stamp:
    sec: 1791164328
    nanosec: 26889595
  frame_id: base_link
name:
- joint_x
- joint_y
position:
- 0.012787500396370888
- 0.012781250290572643
velocity:
- -0.020625000819563866
- -0.020625000819563866
effort:
- .nan
- .nan
---
header:
  stamp:
    sec: 1791164328
    nanosec: 46909639
  frame_id: base_link
name:
- joint_x
- joint_y
position:
- 0.012356249615550041
- 0.012356249615550041
velocity:
- -0.021562499925494194
- -0.021562499925494194
effort:
- .nan
- .nan
---
header:
  stamp:
    sec: 1791164328
    nanosec: 66878515
  frame_id: base_link
name:
- joint_x
- joint_y
position:
- 0.011950000189244747
- 0.011950000189244747
velocity:
- -0.02031249925494194
- -0.02031249925494194
effort:
- .nan
- .nan
---
header:
  stamp:
    sec: 1791164328
    nanosec: 86880788
  frame_id: base_link
name:
- joint_x
- joint_y
position:
- 0.011543749831616879
- 0.011543749831616879
velocity:
- -0.019999999552965164
- -0.02031249925494194
effort:
- .nan
- .nan
---
header:
  stamp:
    sec: 1791164328
    nanosec: 106882426
  frame_id: base_link
name:
- joint_x
- joint_y
position:
- 0.011143749579787254
- 0.011143749579787254
velocity:
- -0.019999999552965164
- -0.019999999552965164
effort:
- .nan
- .nan
---
header:
  stamp:
    sec: 1791164328
    nanosec: 126883464
  frame_id: base_link
name:
- joint_x
- joint_y
position:
- 0.01075000036507845
- 0.01075000036507845
velocity:
- -0.019999999552965164
- -0.019687499850988388
effort:
- .nan
- .nan
---
header:
  stamp:
    sec: 1791164328
    nanosec: 146966946
  frame_id: base_link
name:
- joint_x
- joint_y
position:
- 0.009949999861419201
- 0.009949999861419201
velocity:
- -0.019375000149011612
- -0.019375000149011612
effort:
- .nan
- .nan
---
header:
  stamp:
    sec: 1791164328
    nanosec: 166888417
  frame_id: base_link
name:
- joint_x
- joint_y
position:
- 0.009556249715387821
- 0.009556249715387821
velocity:
- -0.019687499850988388
- -0.019687499850988388
effort:
- .nan
- .nan
---
header:
  stamp:
    sec: 1791164328
    nanosec: 186897035
  frame_id: base_link
name:
- joint_x
- joint_y
position:
- 0.009168749675154686
- 0.00917499978095293
velocity:
- -0.019375000149011612
- -0.019062500447034836
effort:
- .nan
- .nan
---
header:
  stamp:
    sec: 1791164328
    nanosec: 206885751
  frame_id: base_link
name:
- joint_x
- joint_y
position:
- 0.008787499740719795
- 0.00879374984651804
velocity:
- -0.019062500447034836
- -0.019062500447034836
effort:
- .nan
- .nan
---
header:
  stamp:
    sec: 1791164328
    nanosec: 226906212
  frame_id: base_link
name:
- joint_x
- joint_y
position:
- 0.008393749594688416
- 0.008393749594688416
velocity:
- -0.019687499850988388
- -0.019687499850988388
effort:
- .nan
- .nan
---
header:
  stamp:
    sec: 1791164328
    nanosec: 246923004
  frame_id: base_link
name:
- joint_x
- joint_y
position:
- 0.00801874976605177
- 0.008024999871850014
velocity:
- -0.018437499180436134
- -0.01875000074505806
effort:
- .nan
- .nan
---
header:
  stamp:
    sec: 1791164328
    nanosec: 266930364
  frame_id: base_link
name:
- joint_x
- joint_y
position:
- 0.007656250149011612
- 0.007656250149011612
velocity:
- -0.018437499180436134
- -0.018124999478459358
effort:
- .nan
- .nan
---
header:
  stamp:
    sec: 1791164328
    nanosec: 286917142
  frame_id: base_link
name:
- joint_x
- joint_y
position:
- 0.007293750066310167
- 0.007293750066310167
velocity:
- -0.018124999478459358
- -0.018124999478459358
effort:
- .nan
- .nan
---
header:
  stamp:
    sec: 1791164328
    nanosec: 306903697
  frame_id: base_link
name:
- joint_x
- joint_y
position:
- 0.006937500089406967
- 0.006937500089406967
velocity:
- -0.017812499776482582
- -0.017812499776482582
effort:
- .nan
- .nan
---
header:
  stamp:
    sec: 1791164328
    nanosec: 326901661
  frame_id: base_link
name:
- joint_x
- joint_y
position:
- 0.006568749900907278
- 0.006568749900907278
velocity:
- -0.01755952462553978
- -0.01785714365541935
effort:
- .nan
- .nan
---
header:
  stamp:
    sec: 1791164328
    nanosec: 346899713
  frame_id: base_link
name:
- joint_x
- joint_y
position:
- 0.006200000178068876
- 0.006200000178068876
velocity:
- -0.018124999478459358
- -0.018124999478459358
effort:
- .nan
- .nan
---
header:
  stamp:
    sec: 1791164328
    nanosec: 366910464
  frame_id: base_link
name:
- joint_x
- joint_y
position:
- 0.005537500139325857
- 0.005537500139325857
velocity:
- -0.016249999403953552
- -0.01656249910593033
effort:
- .nan
- .nan
---
header:
  stamp:
    sec: 1791164328
    nanosec: 386898815
  frame_id: base_link
name:
- joint_x
- joint_y
position:
- 0.005206250119954348
- 0.005206250119954348
velocity:
- -0.016249999403953552
- -0.016249999403953552
effort:
- .nan
- .nan
---
header:
  stamp:
    sec: 1791164328
    nanosec: 406893992
  frame_id: base_link
name:
- joint_x
- joint_y
position:
- 0.004875000100582838
- 0.004875000100582838
velocity:
- -0.01607142947614193
- -0.01607142947614193
effort:
- .nan
- .nan
---
header:
  stamp:
    sec: 1791164328
    nanosec: 426889914
  frame_id: base_link
name:
- joint_x
- joint_y
position:
- 0.0045437500812113285
- 0.0045437500812113285
velocity:
- -0.01656249910593033
- -0.016249999403953552
effort:
- .nan
- .nan
---
header:
  stamp:
    sec: 1791164328
    nanosec: 446891602
  frame_id: base_link
name:
- joint_x
- joint_y
position:
- 0.0042375000193715096
- 0.004243750125169754
velocity:
- -0.014999999664723873
- -0.015312500298023224
effort:
- .nan
- .nan
---
header:
  stamp:
    sec: 1791164328
    nanosec: 466883820
  frame_id: base_link
name:
- joint_x
- joint_y
position:
- 0.0039437501691281796
- 0.0039437501691281796
velocity:
- -0.014999999664723873
- -0.014999999664723873
effort:
- .nan
- .nan
---
header:
  stamp:
    sec: 1791164328
    nanosec: 486887302
  frame_id: base_link
name:
- joint_x
- joint_y
position:
- 0.0036562499590218067
- 0.0036562499590218067
velocity:
- -0.014375000260770321
- -0.014375000260770321
effort:
- .nan
- .nan
---
header:
  stamp:
    sec: 1791164328
    nanosec: 506885540
  frame_id: base_link
name:
- joint_x
- joint_y
position:
- 0.003375000087544322
- 0.003375000087544322
velocity:
- -0.013749999925494194
- -0.013749999925494194
effort:
- .nan
- .nan
---
header:
  stamp:
    sec: 1791164328
    nanosec: 526878573
  frame_id: base_link
name:
- joint_x
- joint_y
position:
- 0.0030937499832361937
- 0.0030937499832361937
velocity:
- -0.013690476305782795
- -0.013690476305782795
effort:
- .nan
- .nan
---
header:
  stamp:
    sec: 1791164328
    nanosec: 546881988
  frame_id: base_link
name:
- joint_x
- joint_y
position:
- 0.002812500111758709
- 0.0028187499847263098
velocity:
- -0.013749999925494194
- -0.013749999925494194
effort:
- .nan
- .nan
---
header:
  stamp:
    sec: 1791164328
    nanosec: 566886315
  frame_id: base_link
name:
- joint_x
- joint_y
position:
- 0.0025625000707805157
- 0.0025625000707805157
velocity:
- -0.012500000186264515
- -0.012500000186264515
effort:
- .nan
- .nan
---
header:
  stamp:
    sec: 1791164328
    nanosec: 586879459
  frame_id: base_link
name:
- joint_x
- joint_y
position:
- 0.002318749902769923
- 0.002318749902769923
velocity:
- -0.012500000186264515
- -0.012187499552965164
effort:
- .nan
- .nan
---
header:
  stamp:
    sec: 1791164328
    nanosec: 606891695
  frame_id: base_link
name:
- joint_x
- joint_y
position:
- 0.0018562499899417162
- 0.0018562499899417162
velocity:
- -0.011562500149011612
- -0.011562500149011612
effort:
- .nan
- .nan
---
header:
  stamp:
    sec: 1791164328
    nanosec: 626888214
  frame_id: base_link
name:
- joint_x
- joint_y
position:
- 0.0016437500016763806
- 0.0016437500016763806
velocity:
- -0.010625000111758709
- -0.010625000111758709
effort:
- .nan
- .nan
---
header:
  stamp:
    sec: 1791164328
    nanosec: 646891541
  frame_id: base_link
name:
- joint_x
- joint_y
position:
- 0.0014375000027939677
- 0.0014437499921768904
velocity:
- -0.010312500409781933
- -0.009999999776482582
effort:
- .nan
- .nan
---
header:
  stamp:
    sec: 1791164328
    nanosec: 666885206
  frame_id: base_link
name:
- joint_x
- joint_y
position:
- 0.0012499999720603228
- 0.0012499999720603228
velocity:
- -0.00937500037252903
- -0.009687500074505806
effort:
- .nan
- .nan
---
header:
  stamp:
    sec: 1791164328
    nanosec: 686877359
  frame_id: base_link
name:
- joint_x
- joint_y
position:
- 0.0010687500471249223
- 0.001075000036507845
velocity:
- -0.009062499739229679
- -0.008750000037252903
effort:
- .nan
- .nan
---
header:
  stamp:
    sec: 1791164328
    nanosec: 706887629
  frame_id: base_link
name:
- joint_x
- joint_y
position:
- 0.0009062499739229679
- 0.0009062499739229679
velocity:
- -0.008124999701976776
- -0.008437500335276127
effort:
- .nan
- .nan
---
header:
  stamp:
    sec: 1791164328
    nanosec: 726882621
  frame_id: base_link
name:
- joint_x
- joint_y
position:
- 0.0007375000277534127
- 0.0007375000277534127
velocity:
- -0.008437500335276127
- -0.008437500335276127
effort:
- .nan
- .nan
---
header:
  stamp:
    sec: 1791164328
    nanosec: 746893881
  frame_id: base_link
name:
- joint_x
- joint_y
position:
- 0.0005937499809078872
- 0.0005937499809078872
velocity:
- -0.0071875001303851604
- -0.0071875001303851604
effort:
- .nan
- .nan
---
header:
  stamp:
    sec: 1791164328
    nanosec: 766882458
  frame_id: base_link
name:
- joint_x
- joint_y
position:
- 0.00045625001075677574
- 0.0004625000001396984
velocity:
- -0.006874999962747097
- -0.006562499795109034
effort:
- .nan
- .nan
---
header:
  stamp:
    sec: 1791164328
    nanosec: 786887533
  frame_id: base_link
name:
- joint_x
- joint_y
position:
- 0.0003375000087544322
- 0.0003375000087544322
velocity:
- -0.005937499925494194
- -0.0062500000931322575
effort:
- .nan
- .nan
---
header:
  stamp:
    sec: 1791164328
    nanosec: 806888277
  frame_id: base_link
name:
- joint_x
- joint_y
position:
- 0.0002312500000698492
- 0.0002312500000698492
velocity:
- -0.0053125000558793545
- -0.0053125000558793545
effort:
- .nan
- .nan
---
header:
  stamp:
    sec: 1791164328
    nanosec: 826885145
  frame_id: base_link
name:
- joint_x
- joint_y
position:
- 4.999999873689376e-05
- 4.999999873689376e-05
velocity:
- -0.004062499850988388
- -0.004062499850988388
effort:
- .nan
- .nan
---
header:
  stamp:
    sec: 1791164328
    nanosec: 846888054
  frame_id: base_link
name:
- joint_x
- joint_y
position:
- -1.249999968422344e-05
- -1.249999968422344e-05
velocity:
- -0.0031250000465661287
- -0.0031250000465661287
effort:
- .nan
- .nan
---
header:
  stamp:
    sec: 1791164328
    nanosec: 866889743
  frame_id: base_link
name:
- joint_x
- joint_y
position:
- -6.874999962747097e-05
- -6.874999962747097e-05
velocity:
- -0.002812500111758709
- -0.002812500111758709
effort:
- .nan
- .nan
---
header:
  stamp:
    sec: 1791164328
    nanosec: 886882146
  frame_id: base_link
name:
- joint_x
- joint_y
position:
- -0.00011249999806750566
- -0.0001062500014086254
velocity:
- -0.0018749999580904841
- -0.0018749999580904841
effort:
- .nan
- .nan
---
header:
  stamp:
    sec: 1791164328
    nanosec: 906880681
  frame_id: base_link
name:
- joint_x
- joint_y
position:
- -0.00013124999532010406
- -0.00013124999532010406
velocity:
- -0.0012499999720603228
- -0.0012499999720603228
effort:
- .nan
- .nan
---
header:
  stamp:
    sec: 1791164328
    nanosec: 926877816
  frame_id: base_link
name:
- joint_x
- joint_y
position:
- -0.00014375000318977982
- -0.00014375000318977982
velocity:
- -0.0006249999860301614
- -0.0006249999860301614
effort:
- .nan
- .nan
---
header:
  stamp:
    sec: 1791164328
    nanosec: 946897750
  frame_id: base_link
name:
- joint_x
- joint_y
position:
- -0.00013749999925494194
- -0.00013749999925494194
velocity:
- 0.0003124999930150807
- 0.0003124999930150807
effort:
- .nan
- .nan
---
header:
  stamp:
    sec: 1791164328
    nanosec: 966880944
  frame_id: base_link
name:
- joint_x
- joint_y
position:
- -0.00011249999806750566
- -0.00011249999806750566
velocity:
- 0.0012499999720603228
- 0.0012499999720603228
effort:
- .nan
- .nan
---
header:
  stamp:
    sec: 1791164328
    nanosec: 986894648
  frame_id: base_link
name:
- joint_x
- joint_y
position:
- -7.500000356230885e-05
- -7.500000356230885e-05
velocity:
- 0.0018749999580904841
- 0.0018749999580904841
effort:
- .nan
- .nan
---
header:
  stamp:
    sec: 1791164329
    nanosec: 6878952
  frame_id: base_link
name:
- joint_x
- joint_y
position:
- -1.249999968422344e-05
- -1.249999968422344e-05
velocity:
- 0.0031250000465661287
- 0.0031250000465661287
effort:
- .nan
- .nan
---
header:
  stamp:
    sec: 1791164329
    nanosec: 26896367
  frame_id: base_link
name:
- joint_x
- joint_y
position:
- 0.0
- 0.0
velocity:
- 0.0006249999860301614
- 0.0006249999860301614
effort:
- .nan
- .nan
---
header:
  stamp:
    sec: 1791164329
    nanosec: 46916103
  frame_id: base_link
name:
- joint_x
- joint_y
position:
- 0.0
- 0.0
velocity:
- 0.0
- 0.0
effort:
- .nan
- .nan
---
header:
  stamp:
    sec: 1791164329
    nanosec: 66882246
  frame_id: base_link
name:
- joint_x
- joint_y
position:
- 0.0
- 0.0
velocity:
- 0.0
- 0.0
effort:
- .nan
- .nan
---
header:
  stamp:
    sec: 1791164329
    nanosec: 86886181
  frame_id: base_link
name:
- joint_x
- joint_y
position:
- 0.0
- 0.0
velocity:
- 0.0
- 0.0
effort:
- .nan
- .nan
---
header:
  stamp:
    sec: 1791164329
    nanosec: 106895869
  frame_id: base_link
name:
- joint_x
- joint_y
position:
- 0.0
- 0.0
velocity:
- 0.0
- 0.0
effort:
- .nan
- .nan
---
header:
  stamp:
    sec: 1791164329
    nanosec: 126894882
  frame_id: base_link
name:
- joint_x
- joint_y
position:
- 0.0
- 0.0
velocity:
- 0.0
- 0.0
effort:
- .nan
- .nan
---
header:
  stamp:
    sec: 1791164329
    nanosec: 146937913
  frame_id: base_link
name:
- joint_x
- joint_y
position:
- 0.0
- 0.0
velocity:
- 0.0
- 0.0
effort:
- .nan
- .nan
---
header:
  stamp:
    sec: 1791164329
    nanosec: 166893051
  frame_id: base_link
name:
- joint_x
- joint_y
position:
- 0.0
- 0.0
velocity:
- 0.0
- 0.0
effort:
- .nan
- .nan
---
