A message was lost!!!
	total count change:1
	total count: 1---
header:
  stamp:
    sec: 1791164531
    nanosec: 518894549
  frame_id: base_link
name:
- joint_x
- joint_y
position:
- 0.0
- 0.0
velocity:
- 0.0
- 0.0
effort:
- .nan
- .nan
---
header:
  stamp:
    sec: 1791164531
    nanosec: 538870848
  frame_id: base_link
name:
- joint_x
- joint_y
position:
- 0.0
- 0.0
velocity:
- 0.0
- 0.0
effort:
- .nan
- .nan
---
header:
  stamp:
    sec: 1791164531
    nanosec: 558900075
  frame_id: base_link
name:
- joint_x
- joint_y
position:
- 0.0
- 0.0
velocity:
- 0.0
- 0.0
effort:
- .nan
- .nan
---
header:
  stamp:
    sec: 1791164531
    nanosec: 578876996
  frame_id: base_link
name:
- joint_x
- joint_y
position:
- 0.0
- 0.0
velocity:
- 0.0
- 0.0
effort:
- .nan
- .nan
---
header:
  stamp:
    sec: 1791164531
    nanosec: 598866357
  frame_id: base_link
name:
- joint_x
- joint_y
position:
- 0.0
- 0.0
velocity:
- 0.0
- 0.0
effort:
- .nan
- .nan
---
header:
  stamp:
    sec: 1791164531
    nanosec: 618878329
  frame_id: base_link
name:
- joint_x
- joint_y
position:
- 0.0
- 0.0
velocity:
- 0.0
- 0.0
effort:
- .nan
- .nan
---
header:
  stamp:
    sec: 1791164531
    nanosec: 638871197
  frame_id: base_link
name:
- joint_x
- joint_y
position:
- 0.0
- 0.0
velocity:
- 0.0
- 0.0
effort:
- .nan
- .nan
---
header:
  stamp:
    sec: 1791164531
    nanosec: 658872584
  frame_id: base_link
name:
- joint_x
- joint_y
position:
- 0.0
- 0.0
velocity:
- 0.0
- 0.0
effort:
- .nan
- .nan
---
header:
  stamp:
    sec: 1791164531
    nanosec: 678873570
  frame_id: base_link
name:
- joint_x
- joint_y
position:
- 0.0
- 0.0
velocity:
- 0.0
- 0.0
effort:
- .nan
- .nan
---
header:
  stamp:
    sec: 1791164531
    nanosec: 698917857
  frame_id: base_link
name:
- joint_x
- joint_y
position:
- 0.0
- 0.0
velocity:
- 0.0
- 0.0
effort:
- .nan
- .nan
---
header:
  stamp:
    sec: 1791164531
    nanosec: 718886349
  frame_id: base_link
name:
- joint_x
- joint_y
position:
- 0.0
- 0.0
velocity:
- 0.0
- 0.0
effort:
- .nan
- .nan
---
header:
  stamp:
    sec: 1791164531
    nanosec: 738887219
  frame_id: base_link
name:
- joint_x
- joint_y
position:
- 0.0
- 0.0
velocity:
- 0.0
- 0.0
effort:
- .nan
- .nan
---
header:
  stamp:
    sec: 1791164531
    nanosec: 758873317
  frame_id: base_link
name:
- joint_x
- joint_y
position:
- 0.0
- 0.0
velocity:
- 0.0
- 0.0
effort:
- .nan
- .nan
---
header:
  stamp:
    sec: 1791164531
    nanosec: 778903683
  frame_id: base_link
name:
- joint_x
- joint_y
position:
- 0.0
- 0.0
velocity:
- 0.0
- 0.0
effort:
- .nan
- .nan
---
header:
  stamp:
    sec: 1791164531
    nanosec: 798885516
  frame_id: base_link
name:
- joint_x
- joint_y
position:
- 0.0
- 0.0
velocity:
- 0.0
- 0.0
effort:
- .nan
- .nan
---
header:
  stamp:
    sec: 1791164531
    nanosec: 818917008
  frame_id: base_link
name:
- joint_x
- joint_y
position:
- 0.0
- 0.0
velocity:
- 0.0
- 0.0
effort:
- .nan
- .nan
---
header:
  stamp:
    sec: 1791164531
    nanosec: 838881550
  frame_id: base_link
name:
- joint_x
- joint_y
position:
- 0.0
- 0.0
velocity:
- 0.0
- 0.0
effort:
- .nan
- .nan
---
header:
  stamp:
    sec: 1791164531
    nanosec: 858878192
  frame_id: base_link
name:
- joint_x
- joint_y
position:
- 0.0
- 0.0
velocity:
- 0.0
- 0.0
effort:
- .nan
- .nan
---
header:
  stamp:
    sec: 1791164531
    nanosec: 878905996
  frame_id: base_link
name:
- joint_x
- joint_y
position:
- 0.0
- 0.0
velocity:
- 0.0
- 0.0
effort:
- .nan
- .nan
---
header:
  stamp:
    sec: 1791164531
    nanosec: 898877421
  frame_id: base_link
name:
- joint_x
- joint_y
position:
- 0.0
- 0.0
velocity:
- 0.0
- 0.0
effort:
- .nan
- .nan
---
header:
  stamp:
    sec: 1791164531
    nanosec: 918887205
  frame_id: base_link
name:
- joint_x
- joint_y
position:
- 0.0
- 0.0
velocity:
- 0.0
- 0.0
effort:
- .nan
- .nan
---
header:
  stamp:
    sec: 1791164531
    nanosec: 938883929
  frame_id: base_link
name:
- joint_x
- joint_y
position:
- 0.0
- 0.0
velocity:
- 0.0
- 0.0
effort:
- .nan
- .nan
---
header:
  stamp:
    sec: 1791164531
    nanosec: 958883454
  frame_id: base_link
name:
- joint_x
- joint_y
position:
- 0.0
- 0.0
velocity:
- 0.0
- 0.0
effort:
- .nan
- .nan
---
header:
  stamp:
    sec: 1791164531
    nanosec: 978880410
  frame_id: base_link
name:
- joint_x
- joint_y
position:
- 0.0
- 0.0
velocity:
- 0.0
- 0.0
effort:
- .nan
- .nan
---
header:
  stamp:
    sec: 1791164531
    nanosec: 998951930
  frame_id: base_link
name:
- joint_x
- joint_y
position:
- 0.0
- 0.0
velocity:
- 0.0
- 0.0
effort:
- .nan
- .nan
---
header:
  stamp:
    sec: 1791164532
    nanosec: 18891065
  frame_id: base_link
name:
- joint_x
- joint_y
position:
- 0.0
- 0.0
velocity:
- 0.0
- 0.0
effort:
- .nan
- .nan
---
header:
  stamp:
    sec: 1791164532
    nanosec: 38901783
  frame_id: base_link
name:
- joint_x
- joint_y
position:
- 0.0
- 0.0
velocity:
- 0.0
- 0.0
effort:
- .nan
- .nan
---
header:
  stamp:
    sec: 1791164532
    nanosec: 58902842
  frame_id: base_link
name:
- joint_x
- joint_y
position:
- 0.0
- 0.0
velocity:
- 0.0
- 0.0
effort:
- .nan
- .nan
---
header:
  stamp:
    sec: 1791164532
    nanosec: 78886548
  frame_id: base_link
name:
- joint_x
- joint_y
position:
- 0.0
- 0.0
velocity:
- 0.0
- 0.0
effort:
- .nan
- .nan
---
header:
  stamp:
    sec: 1791164532
    nanosec: 98894394
  frame_id: base_link
name:
- joint_x
- joint_y
position:
- 0.0
- 0.0
velocity:
- 0.0
- 0.0
effort:
- .nan
- .nan
---
header:
  stamp:
    sec: 1791164532
    nanosec: 118887376
  frame_id: base_link
name:
- joint_x
- joint_y
position:
- 0.0
- 0.0
velocity:
- 0.0
- 0.0
effort:
- .nan
- .nan
---
header:
  stamp:
    sec: 1791164532
    nanosec: 138894088
  frame_id: base_link
name:
- joint_x
- joint_y
position:
- 0.0
- 0.0
velocity:
- 0.0
- 0.0
effort:
- .nan
- .nan
---
header:
  stamp:
    sec: 1791164532
    nanosec: 158889040
  frame_id: base_link
name:
- joint_x
- joint_y
position:
- 0.0
- 0.0
velocity:
- 0.0
- 0.0
effort:
- .nan
- .nan
---
header:
  stamp:
    sec: 1791164532
    nanosec: 178889873
  frame_id: base_link
name:
- joint_x
- joint_y
position:
- 0.0
- 0.0
velocity:
- 0.0
- 0.0
effort:
- .nan
- .nan
---
header:
  stamp:
    sec: 1791164532
    nanosec: 198885345
  frame_id: base_link
name:
- joint_x
- joint_y
position:
- 0.0
- 0.0
velocity:
- 0.0
- 0.0
effort:
- .nan
- .nan
---
header:
  stamp:
    sec: 1791164532
    nanosec: 218891263
  frame_id: base_link
name:
- joint_x
- joint_y
position:
- 0.0
- 0.0
velocity:
- 0.0
- 0.0
effort:
- .nan
- .nan
---
header:
  stamp:
    sec: 1791164532
    nanosec: 238895073
  frame_id: base_link
name:
- joint_x
- joint_y
position:
- 0.0
- 0.0
velocity:
- 0.0
- 0.0
effort:
- .nan
- .nan
---
header:
  stamp:
    sec: 1791164532
    nanosec: 258883758
  frame_id: base_link
name:
- joint_x
- joint_y
position:
- 0.0
- 0.0
velocity:
- 0.0
- 0.0
effort:
- .nan
- .nan
---
header:
  stamp:
    sec: 1791164532
    nanosec: 278891100
  frame_id: base_link
name:
- joint_x
- joint_y
position:
- 0.0
- 0.0
velocity:
- 0.0
- 0.0
effort:
- .nan
- .nan
---
header:
  stamp:
    sec: 1791164532
    nanosec: 298902371
  frame_id: base_link
name:
- joint_x
- joint_y
position:
- 0.0
- 0.0
velocity:
- 0.0
- 0.0
effort:
- .nan
- .nan
---
header:
  stamp:
    sec: 1791164532
    nanosec: 318902505
  frame_id: base_link
name:
- joint_x
- joint_y
position:
- 0.0
- 0.0
velocity:
- 0.0
- 0.0
effort:
- .nan
- .nan
---
header:
  stamp:
    sec: 1791164532
    nanosec: 338900549
  frame_id: base_link
name:
- joint_x
- joint_y
position:
- 0.0
- 0.0
velocity:
- 0.0
- 0.0
effort:
- .nan
- .nan
---
header:
  stamp:
    sec: 1791164532
    nanosec: 358890005
  frame_id: base_link
name:
- joint_x
- joint_y
position:
- 0.0
- 0.0
velocity:
- 0.0
- 0.0
effort:
- .nan
- .nan
---
header:
  stamp:
    sec: 1791164532
    nanosec: 378896095
  frame_id: base_link
name:
- joint_x
- joint_y
position:
- 0.0
- 0.0
velocity:
- 0.0
- 0.0
effort:
- .nan
- .nan
---
header:
  stamp:
    sec: 1791164532
    nanosec: 398903504
  frame_id: base_link
name:
- joint_x
- joint_y
position:
- 0.0
- 0.0
velocity:
- 0.0
- 0.0
effort:
- .nan
- .nan
---
header:
  stamp:
    sec: 1791164532
    nanosec: 418895882
  frame_id: base_link
name:
- joint_x
- joint_y
position:
- 0.0
- 0.0
velocity:
- 0.0
- 0.0
effort:
- .nan
- .nan
---
header:
  stamp:
    sec: 1791164532
    nanosec: 438891423
  frame_id: base_link
name:
- joint_x
- joint_y
position:
- 0.0
- 0.0
velocity:
- 0.0
- 0.0
effort:
- .nan
- .nan
---
header:
  stamp:
    sec: 1791164532
    nanosec: 458896470
  frame_id: base_link
name:
- joint_x
- joint_y
position:
- 0.0
- 0.0
velocity:
- 0.0
- 0.0
effort:
- .nan
- .nan
---
header:
  stamp:
    sec: 1791164532
    nanosec: 478905468
  frame_id: base_link
name:
- joint_x
- joint_y
position:
- 0.0
- 0.0
velocity:
- 0.0
- 0.0
effort:
- .nan
- .nan
---
header:
  stamp:
    sec: 1791164532
    nanosec: 498907926
  frame_id: base_link
name:
- joint_x
- joint_y
position:
- 0.0
- 0.0
velocity:
- 0.0
- 0.0
effort:
- .nan
- .nan
---
header:
  stamp:
    sec: 1791164532
    nanosec: 518909939
  frame_id: base_link
name:
- joint_x
- joint_y
position:
- 0.0
- 0.0
velocity:
- 0.0
- 0.0
effort:
- .nan
- .nan
---
header:
  stamp:
    sec: 1791164532
    nanosec: 538919848
  frame_id: base_link
name:
- joint_x
- joint_y
position:
- 0.0
- 0.0
velocity:
- 0.0
- 0.0
effort:
- .nan
- .nan
---
header:
  stamp:
    sec: 1791164532
    nanosec: 558956502
  frame_id: base_link
name:
- joint_x
- joint_y
position:
- 0.0
- 0.0
velocity:
- 0.0
- 0.0
effort:
- .nan
- .nan
---
header:
  stamp:
    sec: 1791164532
    nanosec: 578941154
  frame_id: base_link
name:
- joint_x
- joint_y
position:
- 0.0
- 0.0
velocity:
- 0.0
- 0.0
effort:
- .nan
- .nan
---
header:
  stamp:
    sec: 1791164532
    nanosec: 598932676
  frame_id: base_link
name:
- joint_x
- joint_y
position:
- 0.0
- 0.0
velocity:
- 0.0
- 0.0
effort:
- .nan
- .nan
---
header:
  stamp:
    sec: 1791164532
    nanosec: 618940661
  frame_id: base_link
name:
- joint_x
- joint_y
position:
- 0.0
- 0.0
velocity:
- 0.0
- 0.0
effort:
- .nan
- .nan
---
header:
  stamp:
    sec: 1791164532
    nanosec: 638931063
  frame_id: base_link
name:
- joint_x
- joint_y
position:
- 0.0
- 0.0
velocity:
- 0.0
- 0.0
effort:
- .nan
- .nan
---
header:
  stamp:
    sec: 1791164532
    nanosec: 658934362
  frame_id: base_link
name:
- joint_x
- joint_y
position:
- 0.0
- 0.0
velocity:
- 0.0
- 0.0
effort:
- .nan
- .nan
---
header:
  stamp:
    sec: 1791164532
    nanosec: 678925446
  frame_id: base_link
name:
- joint_x
- joint_y
position:
- 0.0
- 0.0
velocity:
- 0.0
- 0.0
effort:
- .nan
- .nan
---
header:
  stamp:
    sec: 1791164532
    nanosec: 698925964
  frame_id: base_link
name:
- joint_x
- joint_y
position:
- 0.0
- 0.0
velocity:
- 0.0
- 0.0
effort:
- .nan
- .nan
---
header:
  stamp:
    sec: 1791164532
    nanosec: 718912344
  frame_id: base_link
name:
- joint_x
- joint_y
position:
- 0.0
- 0.0
velocity:
- 0.0
- 0.0
effort:
- .nan
- .nan
---
header:
  stamp:
    sec: 1791164532
    nanosec: 738903847
  frame_id: base_link
name:
- joint_x
- joint_y
position:
- 0.0
- 0.0
velocity:
- 0.0
- 0.0
effort:
- .nan
- .nan
---
header:
  stamp:
    sec: 1791164532
    nanosec: 758931773
  frame_id: base_link
name:
- joint_x
- joint_y
position:
- 0.0
- 0.0
velocity:
- 0.0
- 0.0
effort:
- .nan
- .nan
---
header:
  stamp:
    sec: 1791164532
    nanosec: 778923144
  frame_id: base_link
name:
- joint_x
- joint_y
position:
- 0.0
- 0.0
velocity:
- 0.0
- 0.0
effort:
- .nan
- .nan
---
header:
  stamp:
    sec: 1791164532
    nanosec: 798925203
  frame_id: base_link
name:
- joint_x
- joint_y
position:
- 0.0
- 0.0
velocity:
- 0.0
- 0.0
effort:
- .nan
- .nan
---
header:
  stamp:
    sec: 1791164532
    nanosec: 818930029
  frame_id: base_link
name:
- joint_x
- joint_y
position:
- 0.0
- 0.0
velocity:
- 0.0
- 0.0
effort:
- .nan
- .nan
---
header:
  stamp:
    sec: 1791164532
    nanosec: 838912022
  frame_id: base_link
name:
- joint_x
- joint_y
position:
- 0.0
- 0.0
velocity:
- 0.0
- 0.0
effort:
- .nan
- .nan
---
header:
  stamp:
    sec: 1791164532
    nanosec: 858935242
  frame_id: base_link
name:
- joint_x
- joint_y
position:
- 0.0
- 0.0
velocity:
- 0.0
- 0.0
effort:
- .nan
- .nan
---
header:
  stamp:
    sec: 1791164532
    nanosec: 878923390
  frame_id: base_link
name:
- joint_x
- joint_y
position:
- 0.0
- 0.0
velocity:
- 0.0
- 0.0
effort:
- .nan
- .nan
---
header:
  stamp:
    sec: 1791164532
    nanosec: 898911174
  frame_id: base_link
name:
- joint_x
- joint_y
position:
- 0.0
- 0.0
velocity:
- 0.0
- 0.0
effort:
- .nan
- .nan
---
header:
  stamp:
    sec: 1791164532
    nanosec: 918917647
  frame_id: base_link
name:
- joint_x
- joint_y
position:
- 0.0
- 0.0
velocity:
- 0.0
- 0.0
effort:
- .nan
- .nan
---
header:
  stamp:
    sec: 1791164532
    nanosec: 938912671
  frame_id: base_link
name:
- joint_x
- joint_y
position:
- 0.0
- 0.0
velocity:
- 0.0
- 0.0
effort:
- .nan
- .nan
---
header:
  stamp:
    sec: 1791164532
    nanosec: 958922020
  frame_id: base_link
name:
- joint_x
- joint_y
position:
- 0.0
- 0.0
velocity:
- 0.0
- 0.0
effort:
- .nan
- .nan
---
header:
  stamp:
    sec: 1791164532
    nanosec: 978931655
  frame_id: base_link
name:
- joint_x
- joint_y
position:
- 0.0
- 0.0
velocity:
- 0.0
- 0.0
effort:
- .nan
- .nan
---
header:
  stamp:
    sec: 1791164532
    nanosec: 998927687
  frame_id: base_link
name:
- joint_x
- joint_y
position:
- 0.0
- 0.0
velocity:
- 0.0
- 0.0
effort:
- .nan
- .nan
---
header:
  stamp:
    sec: 1791164533
    nanosec: 18939142
  frame_id: base_link
name:
- joint_x
- joint_y
position:
- 0.0
- 0.0
velocity:
- 0.0
- 0.0
effort:
- .nan
- .nan
---
header:
  stamp:
    sec: 1791164533
    nanosec: 38892958
  frame_id: base_link
name:
- joint_x
- joint_y
position:
- 0.0
- 0.0
velocity:
- 0.0
- 0.0
effort:
- .nan
- .nan
---
header:
  stamp:
    sec: 1791164533
    nanosec: 59040585
  frame_id: base_link
name:
- joint_x
- joint_y
position:
- 0.0
- 0.0
velocity:
- 0.0
- 0.0
effort:
- .nan
- .nan
---
header:
  stamp:
    sec: 1791164533
    nanosec: 78970257
  frame_id: base_link
name:
- joint_x
- joint_y
position:
- 0.0
- 0.0
velocity:
- 0.0
- 0.0
effort:
- .nan
- .nan
---
header:
  stamp:
    sec: 1791164533
    nanosec: 98954523
  frame_id: base_link
name:
- joint_x
- joint_y
position:
- 0.0
- 0.0
velocity:
- 0.0
- 0.0
effort:
- .nan
- .nan
---
header:
  stamp:
    sec: 1791164533
    nanosec: 118939102
  frame_id: base_link
name:
- joint_x
- joint_y
position:
- 0.0
- 0.0
velocity:
- 0.0
- 0.0
effort:
- .nan
- .nan
---
header:
  stamp:
    sec: 1791164533
    nanosec: 138905982
  frame_id: base_link
name:
- joint_x
- joint_y
position:
- 0.0
- 0.0
velocity:
- 0.0
- 0.0
effort:
- .nan
- .nan
---
header:
  stamp:
    sec: 1791164533
    nanosec: 159180297
  frame_id: base_link
name:
- joint_x
- joint_y
position:
- 0.0
- 0.0
velocity:
- 0.0
- 0.0
effort:
- .nan
- .nan
---
header:
  stamp:
    sec: 1791164533
    nanosec: 179013171
  frame_id: base_link
name:
- joint_x
- joint_y
position:
- 0.0
- 0.0
velocity:
- 0.0
- 0.0
effort:
- .nan
- .nan
---
header:
  stamp:
    sec: 1791164533
    nanosec: 199354909
  frame_id: base_link
name:
- joint_x
- joint_y
position:
- 0.0
- 0.0
velocity:
- 0.0
- 0.0
effort:
- .nan
- .nan
---
header:
  stamp:
    sec: 1791164533
    nanosec: 218940308
  frame_id: base_link
name:
- joint_x
- joint_y
position:
- 0.0
- 0.0
velocity:
- 0.0
- 0.0
effort:
- .nan
- .nan
---
header:
  stamp:
    sec: 1791164533
    nanosec: 239339627
  frame_id: base_link
name:
- joint_x
- joint_y
position:
- 0.0
- 0.0
velocity:
- 0.0
- 0.0
effort:
- .nan
- .nan
---
header:
  stamp:
    sec: 1791164533
    nanosec: 258922119
  frame_id: base_link
name:
- joint_x
- joint_y
position:
- 0.0
- 0.0
velocity:
- 0.0
- 0.0
effort:
- .nan
- .nan
---
header:
  stamp:
    sec: 1791164533
    nanosec: 279002119
  frame_id: base_link
name:
- joint_x
- joint_y
position:
- 0.0
- 0.0
velocity:
- 0.0
- 0.0
effort:
- .nan
- .nan
---
header:
  stamp:
    sec: 1791164533
    nanosec: 298911118
  frame_id: base_link
name:
- joint_x
- joint_y
position:
- 0.0
- 0.0
velocity:
- 0.0
- 0.0
effort:
- .nan
- .nan
---
header:
  stamp:
    sec: 1791164533
    nanosec: 318916518
  frame_id: base_link
name:
- joint_x
- joint_y
position:
- 0.0
- 0.0
velocity:
- 0.0
- 0.0
effort:
- .nan
- .nan
---
header:
  stamp:
    sec: 1791164533
    nanosec: 338910607
  frame_id: base_link
name:
- joint_x
- joint_y
position:
- 0.0
- 0.0
velocity:
- 0.0
- 0.0
effort:
- .nan
- .nan
---
header:
  stamp:
    sec: 1791164533
    nanosec: 358924774
  frame_id: base_link
name:
- joint_x
- joint_y
position:
- 0.0
- 0.0
velocity:
- 0.0
- 0.0
effort:
- .nan
- .nan
---
header:
  stamp:
    sec: 1791164533
    nanosec: 378908404
  frame_id: base_link
name:
- joint_x
- joint_y
position:
- 0.0
- 0.0
velocity:
- 0.0
- 0.0
effort:
- .nan
- .nan
---
header:
  stamp:
    sec: 1791164533
    nanosec: 398915859
  frame_id: base_link
name:
- joint_x
- joint_y
position:
- 0.0
- 0.0
velocity:
- 0.0
- 0.0
effort:
- .nan
- .nan
---
header:
  stamp:
    sec: 1791164533
    nanosec: 418918546
  frame_id: base_link
name:
- joint_x
- joint_y
position:
- 0.0
- 0.0
velocity:
- 0.0
- 0.0
effort:
- .nan
- .nan
---
header:
  stamp:
    sec: 1791164533
    nanosec: 438864600
  frame_id: base_link
name:
- joint_x
- joint_y
position:
- 0.0
- 0.0
velocity:
- 0.0
- 0.0
effort:
- .nan
- .nan
---
header:
  stamp:
    sec: 1791164533
    nanosec: 458939768
  frame_id: base_link
name:
- joint_x
- joint_y
position:
- 0.0
- 0.0
velocity:
- 0.0
- 0.0
effort:
- .nan
- .nan
---
header:
  stamp:
    sec: 1791164533
    nanosec: 478913781
  frame_id: base_link
name:
- joint_x
- joint_y
position:
- 0.0
- 0.0
velocity:
- 0.0
- 0.0
effort:
- .nan
- .nan
---
header:
  stamp:
    sec: 1791164533
    nanosec: 498909326
  frame_id: base_link
name:
- joint_x
- joint_y
position:
- 0.0
- 0.0
velocity:
- 0.0
- 0.0
effort:
- .nan
- .nan
---
header:
  stamp:
    sec: 1791164533
    nanosec: 518902149
  frame_id: base_link
name:
- joint_x
- joint_y
position:
- 0.0
- 0.0
velocity:
- 0.0
- 0.0
effort:
- .nan
- .nan
---
header:
  stamp:
    sec: 1791164533
    nanosec: 538910979
  frame_id: base_link
name:
- joint_x
- joint_y
position:
- 0.0
- 0.0
velocity:
- 0.0
- 0.0
effort:
- .nan
- .nan
---
header:
  stamp:
    sec: 1791164533
    nanosec: 558902249
  frame_id: base_link
name:
- joint_x
- joint_y
position:
- 0.0
- 0.0
velocity:
- 0.0
- 0.0
effort:
- .nan
- .nan
---
header:
  stamp:
    sec: 1791164533
    nanosec: 578903112
  frame_id: base_link
name:
- joint_x
- joint_y
position:
- 0.0
- 0.0
velocity:
- 0.0
- 0.0
effort:
- .nan
- .nan
---
header:
  stamp:
    sec: 1791164533
    nanosec: 598903209
  frame_id: base_link
name:
- joint_x
- joint_y
position:
- 0.0
- 0.0
velocity:
- 0.0
- 0.0
effort:
- .nan
- .nan
---
header:
  stamp:
    sec: 1791164533
    nanosec: 618907601
  frame_id: base_link
name:
- joint_x
- joint_y
position:
- 0.0
- 0.0
velocity:
- 0.0
- 0.0
effort:
- .nan
- .nan
---
header:
  stamp:
    sec: 1791164533
    nanosec: 638921806
  frame_id: base_link
name:
- joint_x
- joint_y
position:
- 0.0
- 0.0
velocity:
- 0.0
- 0.0
effort:
- .nan
- .nan
---
header:
  stamp:
    sec: 1791164533
    nanosec: 658950499
  frame_id: base_link
name:
- joint_x
- joint_y
position:
- 0.0
- 0.0
velocity:
- 0.0
- 0.0
effort:
- .nan
- .nan
---
header:
  stamp:
    sec: 1791164533
    nanosec: 678963066
  frame_id: base_link
name:
- joint_x
- joint_y
position:
- 0.0
- 0.0
velocity:
- 0.0
- 0.0
effort:
- .nan
- .nan
---
header:
  stamp:
    sec: 1791164533
    nanosec: 698938309
  frame_id: base_link
name:
- joint_x
- joint_y
position:
- 0.0
- 0.0
velocity:
- 0.0
- 0.0
effort:
- .nan
- .nan
---
header:
  stamp:
    sec: 1791164533
    nanosec: 718932091
  frame_id: base_link
name:
- joint_x
- joint_y
position:
- 0.0
- 0.0
velocity:
- 0.0
- 0.0
effort:
- .nan
- .nan
---
header:
  stamp:
    sec: 1791164533
    nanosec: 738899632
  frame_id: base_link
name:
- joint_x
- joint_y
position:
- 0.0
- 0.0
velocity:
- 0.0
- 0.0
effort:
- .nan
- .nan
---
header:
  stamp:
    sec: 1791164533
    nanosec: 758959942
  frame_id: base_link
name:
- joint_x
- joint_y
position:
- 0.0
- 0.0
velocity:
- 0.0
- 0.0
effort:
- .nan
- .nan
---
header:
  stamp:
    sec: 1791164533
    nanosec: 778892996
  frame_id: base_link
name:
- joint_x
- joint_y
position:
- 0.0
- 0.0
velocity:
- 0.0
- 0.0
effort:
- .nan
- .nan
---
header:
  stamp:
    sec: 1791164533
    nanosec: 798932135
  frame_id: base_link
name:
- joint_x
- joint_y
position:
- 0.0
- 0.0
velocity:
- 0.0
- 0.0
effort:
- .nan
- .nan
---
header:
  stamp:
    sec: 1791164533
    nanosec: 818937137
  frame_id: base_link
name:
- joint_x
- joint_y
position:
- 0.0
- 0.0
velocity:
- 0.0
- 0.0
effort:
- .nan
- .nan
---
header:
  stamp:
    sec: 1791164533
    nanosec: 838869516
  frame_id: base_link
name:
- joint_x
- joint_y
position:
- 0.0
- 0.0
velocity:
- 0.0
- 0.0
effort:
- .nan
- .nan
---
header:
  stamp:
    sec: 1791164533
    nanosec: 858926398
  frame_id: base_link
name:
- joint_x
- joint_y
position:
- 0.0
- 0.0
velocity:
- 0.0
- 0.0
effort:
- .nan
- .nan
---
header:
  stamp:
    sec: 1791164533
    nanosec: 878921265
  frame_id: base_link
name:
- joint_x
- joint_y
position:
- 0.0
- 0.0
velocity:
- 0.0
- 0.0
effort:
- .nan
- .nan
---
header:
  stamp:
    sec: 1791164533
    nanosec: 898953604
  frame_id: base_link
name:
- joint_x
- joint_y
position:
- 0.0
- 0.0
velocity:
- 0.0
- 0.0
effort:
- .nan
- .nan
---
header:
  stamp:
    sec: 1791164533
    nanosec: 918924980
  frame_id: base_link
name:
- joint_x
- joint_y
position:
- 0.0
- 0.0
velocity:
- 0.0
- 0.0
effort:
- .nan
- .nan
---
header:
  stamp:
    sec: 1791164533
    nanosec: 938859859
  frame_id: base_link
name:
- joint_x
- joint_y
position:
- 0.0
- 0.0
velocity:
- 0.0
- 0.0
effort:
- .nan
- .nan
---
header:
  stamp:
    sec: 1791164533
    nanosec: 958913041
  frame_id: base_link
name:
- joint_x
- joint_y
position:
- 0.0
- 0.0
velocity:
- 0.0
- 0.0
effort:
- .nan
- .nan
---
header:
  stamp:
    sec: 1791164533
    nanosec: 978902848
  frame_id: base_link
name:
- joint_x
- joint_y
position:
- 0.0
- 0.0
velocity:
- 0.0
- 0.0
effort:
- .nan
- .nan
---
header:
  stamp:
    sec: 1791164533
    nanosec: 998907203
  frame_id: base_link
name:
- joint_x
- joint_y
position:
- 0.0
- 0.0
velocity:
- 0.0
- 0.0
effort:
- .nan
- .nan
---
header:
  stamp:
    sec: 1791164534
    nanosec: 18913509
  frame_id: base_link
name:
- joint_x
- joint_y
position:
- 0.0
- 0.0
velocity:
- 0.0
- 0.0
effort:
- .nan
- .nan
---
header:
  stamp:
    sec: 1791164534
    nanosec: 38866755
  frame_id: base_link
name:
- joint_x
- joint_y
position:
- 0.0
- 0.0
velocity:
- 0.0
- 0.0
effort:
- .nan
- .nan
---
header:
  stamp:
    sec: 1791164534
    nanosec: 58913210
  frame_id: base_link
name:
- joint_x
- joint_y
position:
- 0.0
- 0.0
velocity:
- 0.0
- 0.0
effort:
- .nan
- .nan
---
header:
  stamp:
    sec: 1791164534
    nanosec: 78910655
  frame_id: base_link
name:
- joint_x
- joint_y
position:
- 0.0
- 0.0
velocity:
- 0.0
- 0.0
effort:
- .nan
- .nan
---
header:
  stamp:
    sec: 1791164534
    nanosec: 98908905
  frame_id: base_link
name:
- joint_x
- joint_y
position:
- 0.0
- 0.0
velocity:
- 0.0
- 0.0
effort:
- .nan
- .nan
---
header:
  stamp:
    sec: 1791164534
    nanosec: 118920392
  frame_id: base_link
name:
- joint_x
- joint_y
position:
- 0.0
- 0.0
velocity:
- 0.0
- 0.0
effort:
- .nan
- .nan
---
header:
  stamp:
    sec: 1791164534
    nanosec: 138862186
  frame_id: base_link
name:
- joint_x
- joint_y
position:
- 0.0
- 0.0
velocity:
- 0.0
- 0.0
effort:
- .nan
- .nan
---
header:
  stamp:
    sec: 1791164534
    nanosec: 158901138
  frame_id: base_link
name:
- joint_x
- joint_y
position:
- 0.0
- 0.0
velocity:
- 0.0
- 0.0
effort:
- .nan
- .nan
---
header:
  stamp:
    sec: 1791164534
    nanosec: 178908418
  frame_id: base_link
name:
- joint_x
- joint_y
position:
- 0.0
- 0.0
velocity:
- 0.0
- 0.0
effort:
- .nan
- .nan
---
header:
  stamp:
    sec: 1791164534
    nanosec: 198905289
  frame_id: base_link
name:
- joint_x
- joint_y
position:
- 0.0
- 0.0
velocity:
- 0.0
- 0.0
effort:
- .nan
- .nan
---
header:
  stamp:
    sec: 1791164534
    nanosec: 218909839
  frame_id: base_link
name:
- joint_x
- joint_y
position:
- 0.0
- 0.0
velocity:
- 0.0
- 0.0
effort:
- .nan
- .nan
---
header:
  stamp:
    sec: 1791164534
    nanosec: 238873043
  frame_id: base_link
name:
- joint_x
- joint_y
position:
- 0.0
- 0.0
velocity:
- 0.0
- 0.0
effort:
- .nan
- .nan
---
header:
  stamp:
    sec: 1791164534
    nanosec: 258906460
  frame_id: base_link
name:
- joint_x
- joint_y
position:
- 0.0
- 0.0
velocity:
- 0.0
- 0.0
effort:
- .nan
- .nan
---
header:
  stamp:
    sec: 1791164534
    nanosec: 278886520
  frame_id: base_link
name:
- joint_x
- joint_y
position:
- 0.0
- 0.0
velocity:
- 0.0
- 0.0
effort:
- .nan
- .nan
---
header:
  stamp:
    sec: 1791164534
    nanosec: 298907701
  frame_id: base_link
name:
- joint_x
- joint_y
position:
- 0.0
- 0.0
velocity:
- 0.0
- 0.0
effort:
- .nan
- .nan
---
header:
  stamp:
    sec: 1791164534
    nanosec: 318904798
  frame_id: base_link
name:
- joint_x
- joint_y
position:
- 0.0
- 0.0
velocity:
- 0.0
- 0.0
effort:
- .nan
- .nan
---
header:
  stamp:
    sec: 1791164534
    nanosec: 338862342
  frame_id: base_link
name:
- joint_x
- joint_y
position:
- 0.0
- 0.0
velocity:
- 0.0
- 0.0
effort:
- .nan
- .nan
---
header:
  stamp:
    sec: 1791164534
    nanosec: 358912688
  frame_id: base_link
name:
- joint_x
- joint_y
position:
- 0.0
- 0.0
velocity:
- 0.0
- 0.0
effort:
- .nan
- .nan
---
header:
  stamp:
    sec: 1791164534
    nanosec: 378905297
  frame_id: base_link
name:
- joint_x
- joint_y
position:
- 0.0
- 0.0
velocity:
- 0.0
- 0.0
effort:
- .nan
- .nan
---
header:
  stamp:
    sec: 1791164534
    nanosec: 398903880
  frame_id: base_link
name:
- joint_x
- joint_y
position:
- 0.0
- 0.0
velocity:
- 0.0
- 0.0
effort:
- .nan
- .nan
---
header:
  stamp:
    sec: 1791164534
    nanosec: 418921546
  frame_id: base_link
name:
- joint_x
- joint_y
position:
- 0.0
- 0.0
velocity:
- 0.0
- 0.0
effort:
- .nan
- .nan
---
header:
  stamp:
    sec: 1791164534
    nanosec: 438876367
  frame_id: base_link
name:
- joint_x
- joint_y
position:
- 0.0
- 0.0
velocity:
- 0.0
- 0.0
effort:
- .nan
- .nan
---
header:
  stamp:
    sec: 1791164534
    nanosec: 458917124
  frame_id: base_link
name:
- joint_x
- joint_y
position:
- 0.0
- 0.0
velocity:
- 0.0
- 0.0
effort:
- .nan
- .nan
---
header:
  stamp:
    sec: 1791164534
    nanosec: 478905949
  frame_id: base_link
name:
- joint_x
- joint_y
position:
- 0.0
- 0.0
velocity:
- 0.0
- 0.0
effort:
- .nan
- .nan
---
header:
  stamp:
    sec: 1791164534
    nanosec: 498909445
  frame_id: base_link
name:
- joint_x
- joint_y
position:
- 0.0
- 0.0
velocity:
- 0.0
- 0.0
effort:
- .nan
- .nan
---
header:
  stamp:
    sec: 1791164534
    nanosec: 518906100
  frame_id: base_link
name:
- joint_x
- joint_y
position:
- 0.0
- 0.0
velocity:
- 0.0
- 0.0
effort:
- .nan
- .nan
---
header:
  stamp:
    sec: 1791164534
    nanosec: 538872616
  frame_id: base_link
name:
- joint_x
- joint_y
position:
- 6.24999984211172e-06
- 6.24999984211172e-06
velocity:
- 0.0003124999930150807
- 0.0003124999930150807
effort:
- .nan
- .nan
---
header:
  stamp:
    sec: 1791164534
    nanosec: 558907160
  frame_id: base_link
name:
- joint_x
- joint_y
position:
- 9.375000081490725e-05
- 9.375000081490725e-05
velocity:
- 0.0026785715017467737
- 0.0026785715017467737
effort:
- .nan
- .nan
---
header:
  stamp:
    sec: 1791164534
    nanosec: 578925298
  frame_id: base_link
name:
- joint_x
- joint_y
position:
- 0.00016250000044237822
- 0.00016250000044237822
velocity:
- 0.0034374999813735485
- 0.0034374999813735485
effort:
- .nan
- .nan
---
header:
  stamp:
    sec: 1791164534
    nanosec: 598928349
  frame_id: base_link
name:
- joint_x
- joint_y
position:
- 0.00024374999338760972
- 0.00024374999338760972
velocity:
- 0.004062499850988388
- 0.004062499850988388
effort:
- .nan
- .nan
---
header:
  stamp:
    sec: 1791164534
    nanosec: 618913359
  frame_id: base_link
name:
- joint_x
- joint_y
position:
- 0.0003375000087544322
- 0.0003375000087544322
velocity:
- 0.004687500186264515
- 0.004687500186264515
effort:
- .nan
- .nan
---
header:
  stamp:
    sec: 1791164534
    nanosec: 638871586
  frame_id: base_link
name:
- joint_x
- joint_y
position:
- 0.00044999999227002263
- 0.00044999999227002263
velocity:
- 0.005625000223517418
- 0.005625000223517418
effort:
- .nan
- .nan
---
header:
  stamp:
    sec: 1791164534
    nanosec: 658901548
  frame_id: base_link
name:
- joint_x
- joint_y
position:
- 0.0005750000127591193
- 0.0005750000127591193
velocity:
- 0.005937499925494194
- 0.0062500000931322575
effort:
- .nan
- .nan
---
header:
  stamp:
    sec: 1791164534
    nanosec: 678917429
  frame_id: base_link
name:
- joint_x
- joint_y
position:
- 0.0007187500013969839
- 0.0007187500013969839
velocity:
- 0.0071428571827709675
- 0.0068452381528913975
effort:
- .nan
- .nan
---
header:
  stamp:
    sec: 1791164534
    nanosec: 698920390
  frame_id: base_link
name:
- joint_x
- joint_y
position:
- 0.0008812500163912773
- 0.0008812500163912773
velocity:
- 0.008124999701976776
- 0.008124999701976776
effort:
- .nan
- .nan
---
header:
  stamp:
    sec: 1791164534
    nanosec: 718917609
  frame_id: base_link
name:
- joint_x
- joint_y
position:
- 0.0010437499731779099
- 0.0010437499731779099
velocity:
- 0.008124999701976776
- 0.008124999701976776
effort:
- .nan
- .nan
---
header:
  stamp:
    sec: 1791164534
    nanosec: 738890860
  frame_id: base_link
name:
- joint_x
- joint_y
position:
- 0.0012187500251457095
- 0.0012187500251457095
velocity:
- 0.008750000037252903
- 0.008750000037252903
effort:
- .nan
- .nan
---
header:
  stamp:
    sec: 1791164534
    nanosec: 758913854
  frame_id: base_link
name:
- joint_x
- joint_y
position:
- 0.0014062500558793545
- 0.0014062500558793545
velocity:
- 0.00937500037252903
- 0.00937500037252903
effort:
- .nan
- .nan
---
header:
  stamp:
    sec: 1791164534
    nanosec: 778898462
  frame_id: base_link
name:
- joint_x
- joint_y
position:
- 0.0015999999595806003
- 0.001606249948963523
velocity:
- 0.009687500074505806
- 0.009687500074505806
effort:
- .nan
- .nan
---
header:
  stamp:
    sec: 1791164534
    nanosec: 798920988
  frame_id: base_link
name:
- joint_x
- joint_y
position:
- 0.0020437499042600393
- 0.0020437499042600393
velocity:
- 0.010937499813735485
- 0.010937499813735485
effort:
- .nan
- .nan
---
header:
  stamp:
    sec: 1791164534
    nanosec: 818908842
  frame_id: base_link
name:
- joint_x
- joint_y
position:
- 0.0022750000935047865
- 0.0022750000935047865
velocity:
- 0.011562500149011612
- 0.011874999850988388
effort:
- .nan
- .nan
---
header:
  stamp:
    sec: 1791164534
    nanosec: 838875084
  frame_id: base_link
name:
- joint_x
- joint_y
position:
- 0.0025187500286847353
- 0.0025187500286847353
velocity:
- 0.011874999850988388
- 0.011874999850988388
effort:
- .nan
- .nan
---
header:
  stamp:
    sec: 1791164534
    nanosec: 858907908
  frame_id: base_link
name:
- joint_x
- joint_y
position:
- 0.002781250048428774
- 0.002781250048428774
velocity:
- 0.012797619216144085
- 0.012797619216144085
effort:
- .nan
- .nan
---
header:
  stamp:
    sec: 1791164534
    nanosec: 878908612
  frame_id: base_link
name:
- joint_x
- joint_y
position:
- 0.0030562500469386578
- 0.0030562500469386578
velocity:
- 0.013749999925494194
- 0.013749999925494194
effort:
- .nan
- .nan
---
header:
  stamp:
    sec: 1791164534
    nanosec: 898915947
  frame_id: base_link
name:
- joint_x
- joint_y
position:
- 0.003324999939650297
- 0.003324999939650297
velocity:
- 0.013437500223517418
- 0.013437500223517418
effort:
- .nan
- .nan
---
header:
  stamp:
    sec: 1791164534
    nanosec: 918914682
  frame_id: base_link
name:
- joint_x
- joint_y
position:
- 0.0036062500439584255
- 0.003599999938160181
velocity:
- 0.013749999925494194
- 0.013749999925494194
effort:
- .nan
- .nan
---
header:
  stamp:
    sec: 1791164534
    nanosec: 938871076
  frame_id: base_link
name:
- joint_x
- joint_y
position:
- 0.0038874999154359102
- 0.0038874999154359102
velocity:
- 0.014375000260770321
- 0.014375000260770321
effort:
- .nan
- .nan
---
header:
  stamp:
    sec: 1791164534
    nanosec: 958917509
  frame_id: base_link
name:
- joint_x
- joint_y
position:
- 0.004181249998509884
- 0.004181249998509884
velocity:
- 0.014687499962747097
- 0.014687499962747097
effort:
- .nan
- .nan
---
header:
  stamp:
    sec: 1791164534
    nanosec: 978914501
  frame_id: base_link
name:
- joint_x
- joint_y
position:
- 0.0044999998062849045
- 0.0044999998062849045
velocity:
- 0.015178571455180645
- 0.015178571455180645
effort:
- .nan
- .nan
---
header:
  stamp:
    sec: 1791164534
    nanosec: 998913893
  frame_id: base_link
name:
- joint_x
- joint_y
position:
- 0.004831249825656414
- 0.004831249825656414
velocity:
- 0.016249999403953552
- 0.016249999403953552
effort:
- .nan
- .nan
---
header:
  stamp:
    sec: 1791164535
    nanosec: 18942072
  frame_id: base_link
name:
- joint_x
- joint_y
position:
- 0.005150000099092722
- 0.005150000099092722
velocity:
- 0.015937499701976776
- 0.015937499701976776
effort:
- .nan
- .nan
---
header:
  stamp:
    sec: 1791164535
    nanosec: 38880337
  frame_id: base_link
name:
- joint_x
- joint_y
position:
- 0.005799999926239252
- 0.005799999926239252
velocity:
- 0.016249999403953552
- 0.01656249910593033
effort:
- .nan
- .nan
---
header:
  stamp:
    sec: 1791164535
    nanosec: 58918710
  frame_id: base_link
name:
- joint_x
- joint_y
position:
- 0.006156249903142452
- 0.006156249903142452
velocity:
- 0.017812499776482582
- 0.017812499776482582
effort:
- .nan
- .nan
---
header:
  stamp:
    sec: 1791164535
    nanosec: 78911051
  frame_id: base_link
name:
- joint_x
- joint_y
position:
- 0.006500000134110451
- 0.006500000134110451
velocity:
- 0.01718750037252903
- 0.01718750037252903
effort:
- .nan
- .nan
---
header:
  stamp:
    sec: 1791164535
    nanosec: 98909759
  frame_id: base_link
name:
- joint_x
- joint_y
position:
- 0.006850000005215406
- 0.006850000005215406
velocity:
- 0.017500000074505806
- 0.017500000074505806
effort:
- .nan
- .nan
---
header:
  stamp:
    sec: 1791164535
    nanosec: 118936403
  frame_id: base_link
name:
- joint_x
- joint_y
position:
- 0.007212500087916851
- 0.007206249982118607
velocity:
- 0.018124999478459358
- 0.017812499776482582
effort:
- .nan
- .nan
---
header:
  stamp:
    sec: 1791164535
    nanosec: 138878458
  frame_id: base_link
name:
- joint_x
- joint_y
position:
- 0.007575000170618296
- 0.007568750064820051
velocity:
- 0.018124999478459358
- 0.018124999478459358
effort:
- .nan
- .nan
---
header:
  stamp:
    sec: 1791164535
    nanosec: 158907936
  frame_id: base_link
name:
- joint_x
- joint_y
position:
- 0.007956249639391899
- 0.007956249639391899
velocity:
- 0.01815476268529892
- 0.01845238171517849
effort:
- .nan
- .nan
---
header:
  stamp:
    sec: 1791164535
    nanosec: 178919876
  frame_id: base_link
name:
- joint_x
- joint_y
position:
- 0.008349999785423279
- 0.008349999785423279
velocity:
- 0.019687499850988388
- 0.019687499850988388
effort:
- .nan
- .nan
---
header:
  stamp:
    sec: 1791164535
    nanosec: 198969130
  frame_id: base_link
name:
- joint_x
- joint_y
position:
- 0.00873124971985817
- 0.008724999614059925
velocity:
- 0.01875000074505806
- 0.01875000074505806
effort:
- .nan
- .nan
---
header:
  stamp:
    sec: 1791164535
    nanosec: 218940531
  frame_id: base_link
name:
- joint_x
- joint_y
position:
- 0.009106249548494816
- 0.009106249548494816
velocity:
- 0.019062500447034836
- 0.019062500447034836
effort:
- .nan
- .nan
---
header:
  stamp:
    sec: 1791164535
    nanosec: 238879773
  frame_id: base_link
name:
- joint_x
- joint_y
position:
- 0.009493749588727951
- 0.009493749588727951
velocity:
- 0.019062500447034836
- 0.019375000149011612
effort:
- .nan
- .nan
---
header:
  stamp:
    sec: 1791164535
    nanosec: 258909427
  frame_id: base_link
name:
- joint_x
- joint_y
position:
- 0.009881249628961086
- 0.009875000454485416
velocity:
- 0.019687499850988388
- 0.019062500447034836
effort:
- .nan
- .nan
---
header:
  stamp:
    sec: 1791164535
    nanosec: 278975547
  frame_id: base_link
name:
- joint_x
- joint_y
position:
- 0.010681250132620335
- 0.010681250132620335
velocity:
- 0.019687499850988388
- 0.019687499850988388
effort:
- .nan
- .nan
---
header:
  stamp:
    sec: 1791164535
    nanosec: 298928172
  frame_id: base_link
name:
- joint_x
- joint_y
position:
- 0.011081250384449959
- 0.011081250384449959
velocity:
- 0.019999999552965164
- 0.019999999552965164
effort:
- .nan
- .nan
---
header:
  stamp:
    sec: 1791164535
    nanosec: 318903518
  frame_id: base_link
name:
- joint_x
- joint_y
position:
- 0.011481249704957008
- 0.011481249704957008
velocity:
- 0.019687499850988388
- 0.019999999552965164
effort:
- .nan
- .nan
---
header:
  stamp:
    sec: 1791164535
    nanosec: 338885746
  frame_id: base_link
name:
- joint_x
- joint_y
position:
- 0.01190625037997961
- 0.011900000274181366
velocity:
- 0.02053571492433548
- 0.01994047686457634
effort:
- .nan
- .nan
---
header:
  stamp:
    sec: 1791164535
    nanosec: 358921357
  frame_id: base_link
name:
- joint_x
- joint_y
position:
- 0.012331250123679638
- 0.012331250123679638
velocity:
- 0.020937500521540642
- 0.021250000223517418
effort:
- .nan
- .nan
---
header:
  stamp:
    sec: 1791164535
    nanosec: 378927711
  frame_id: base_link
name:
- joint_x
- joint_y
position:
- 0.012737499549984932
- 0.012737499549984932
velocity:
- 0.02031249925494194
- 0.02031249925494194
effort:
- .nan
- .nan
---
header:
  stamp:
    sec: 1791164535
    nanosec: 398940985
  frame_id: base_link
name:
- joint_x
- joint_y
position:
- 0.0131437499076128
- 0.0131437499076128
velocity:
- 0.020625000819563866
- 0.02031249925494194
effort:
- .nan
- .nan
---
header:
  stamp:
    sec: 1791164535
    nanosec: 418947596
  frame_id: base_link
name:
- joint_x
- joint_y
position:
- 0.013556250371038914
- 0.013556250371038914
velocity:
- 0.020625000819563866
- 0.020937500521540642
effort:
- .nan
- .nan
---
header:
  stamp:
    sec: 1791164535
    nanosec: 438913262
  frame_id: base_link
name:
- joint_x
- joint_y
position:
- 0.013968749903142452
- 0.013968749903142452
velocity:
- 0.02031249925494194
- 0.020625000819563866
effort:
- .nan
- .nan
---
header:
  stamp:
    sec: 1791164535
    nanosec: 458941649
  frame_id: base_link
name:
- joint_x
- joint_y
position:
- 0.014399999752640724
- 0.014399999752640724
velocity:
- 0.02083333395421505
- 0.02053571492433548
effort:
- .nan
- .nan
---
header:
  stamp:
    sec: 1791164535
    nanosec: 478950909
  frame_id: base_link
name:
- joint_x
- joint_y
position:
- 0.01483749970793724
- 0.014831249602138996
velocity:
- 0.021562499925494194
- 0.021562499925494194
effort:
- .nan
- .nan
---
header:
  stamp:
    sec: 1791164535
    nanosec: 498939599
  frame_id: base_link
name:
- joint_x
- joint_y
position:
- 0.015250000171363354
- 0.01524375006556511
velocity:
- 0.020625000819563866
- 0.020625000819563866
effort:
- .nan
- .nan
---
header:
  stamp:
    sec: 1791164535
    nanosec: 518927612
  frame_id: base_link
name:
- joint_x
- joint_y
position:
- 0.016056250780820847
- 0.016056250780820847
velocity:
- 0.02031249925494194
- 0.02031249925494194
effort:
- .nan
- .nan
---
header:
  stamp:
    sec: 1791164535
    nanosec: 538891230
  frame_id: base_link
name:
- joint_x
- joint_y
position:
- 0.016493750736117363
- 0.016493750736117363
velocity:
- 0.021562499925494194
- 0.021562499925494194
effort:
- .nan
- .nan
---
header:
  stamp:
    sec: 1791164535
    nanosec: 558917518
  frame_id: base_link
name:
- joint_x
- joint_y
position:
- 0.0169062502682209
- 0.016899999231100082
velocity:
- 0.020625000819563866
- 0.020625000819563866
effort:
- .nan
- .nan
---
header:
  stamp:
    sec: 1791164535
    nanosec: 578913910
  frame_id: base_link
name:
- joint_x
- joint_y
position:
- 0.01731250062584877
- 0.01731250062584877
velocity:
- 0.02031249925494194
- 0.020625000819563866
effort:
- .nan
- .nan
---
header:
  stamp:
    sec: 1791164535
    nanosec: 598931316
  frame_id: base_link
name:
- joint_x
- joint_y
position:
- 0.01771874912083149
- 0.01771249994635582
velocity:
- 0.020625000819563866
- 0.019999999552965164
effort:
- .nan
- .nan
---
header:
  stamp:
    sec: 1791164535
    nanosec: 618918503
  frame_id: base_link
name:
- joint_x
- joint_y
position:
- 0.018124999478459358
- 0.01811875030398369
velocity:
- 0.02031249925494194
- 0.02031249925494194
effort:
- .nan
- .nan
---
header:
  stamp:
    sec: 1791164535
    nanosec: 638888495
  frame_id: base_link
name:
- joint_x
- joint_y
position:
- 0.018525000661611557
- 0.018525000661611557
velocity:
- 0.019999999552965164
- 0.02031249925494194
effort:
- .nan
- .nan
---
header:
  stamp:
    sec: 1791164535
    nanosec: 658906861
  frame_id: base_link
name:
- joint_x
- joint_y
position:
- 0.018943749368190765
- 0.018943749368190765
velocity:
- 0.020625000819563866
- 0.020937500521540642
effort:
- .nan
- .nan
---
header:
  stamp:
    sec: 1791164535
    nanosec: 678918945
  frame_id: base_link
name:
- joint_x
- joint_y
position:
- 0.019324999302625656
- 0.019331250339746475
velocity:
- 0.019375000149011612
- 0.019062500447034836
effort:
- .nan
- .nan
---
header:
  stamp:
    sec: 1791164535
    nanosec: 698933683
  frame_id: base_link
name:
- joint_x
- joint_y
position:
- 0.019725000485777855
- 0.019725000485777855
velocity:
- 0.019999999552965164
- 0.019999999552965164
effort:
- .nan
- .nan
---
header:
  stamp:
    sec: 1791164535
    nanosec: 718917460
  frame_id: base_link
name:
- joint_x
- joint_y
position:
- 0.020118750631809235
- 0.020118750631809235
velocity:
- 0.019687499850988388
- 0.019687499850988388
effort:
- .nan
- .nan
---
header:
  stamp:
    sec: 1791164535
    nanosec: 738891110
  frame_id: base_link
name:
- joint_x
- joint_y
position:
- 0.020524999126791954
- 0.020524999126791954
velocity:
- 0.0193452388048172
- 0.0193452388048172
effort:
- .nan
- .nan
---
header:
  stamp:
    sec: 1791164535
    nanosec: 758918917
  frame_id: base_link
name:
- joint_x
- joint_y
position:
- 0.021312499418854713
- 0.021306250244379044
velocity:
- 0.019062500447034836
- 0.01875000074505806
effort:
- .nan
- .nan
---
header:
  stamp:
    sec: 1791164535
    nanosec: 778876740
  frame_id: base_link
name:
- joint_x
- joint_y
position:
- 0.021687500178813934
- 0.021681249141693115
velocity:
- 0.01875000074505806
- 0.01875000074505806
effort:
- .nan
- .nan
---
header:
  stamp:
    sec: 1791164535
    nanosec: 798915937
  frame_id: base_link
name:
- joint_x
- joint_y
position:
- 0.022056249901652336
- 0.022062499076128006
velocity:
- 0.018437499180436134
- 0.01875000074505806
effort:
- .nan
- .nan
---
header:
  stamp:
    sec: 1791164535
    nanosec: 818914495
  frame_id: base_link
name:
- joint_x
- joint_y
position:
- 0.022424999624490738
- 0.022424999624490738
velocity:
- 0.018437499180436134
- 0.018437499180436134
effort:
- .nan
- .nan
---
header:
  stamp:
    sec: 1791164535
    nanosec: 838897922
  frame_id: base_link
name:
- joint_x
- joint_y
position:
- 0.022812500596046448
- 0.02280624955892563
velocity:
- 0.01845238171517849
- 0.01815476268529892
effort:
- .nan
- .nan
---
header:
  stamp:
    sec: 1791164535
    nanosec: 858908695
  frame_id: base_link
name:
- joint_x
- joint_y
position:
- 0.02318125031888485
- 0.02318125031888485
velocity:
- 0.018437499180436134
- 0.01875000074505806
effort:
- .nan
- .nan
---
header:
  stamp:
    sec: 1791164535
    nanosec: 878914363
  frame_id: base_link
name:
- joint_x
- joint_y
position:
- 0.023531250655651093
- 0.023531250655651093
velocity:
- 0.017500000074505806
- 0.017500000074505806
effort:
- .nan
- .nan
---
header:
  stamp:
    sec: 1791164535
    nanosec: 898919818
  frame_id: base_link
name:
- joint_x
- joint_y
position:
- 0.023874999955296516
- 0.023874999955296516
velocity:
- 0.01718750037252903
- 0.01718750037252903
effort:
- .nan
- .nan
---
header:
  stamp:
    sec: 1791164535
    nanosec: 918904132
  frame_id: base_link
name:
- joint_x
- joint_y
position:
- 0.02421250008046627
- 0.02421250008046627
velocity:
- 0.016875000670552254
- 0.016875000670552254
effort:
- .nan
- .nan
---
header:
  stamp:
    sec: 1791164535
    nanosec: 938886512
  frame_id: base_link
name:
- joint_x
- joint_y
position:
- 0.024543749168515205
- 0.024543749168515205
velocity:
- 0.01656249910593033
- 0.01656249910593033
effort:
- .nan
- .nan
---
header:
  stamp:
    sec: 1791164535
    nanosec: 958909859
  frame_id: base_link
name:
- joint_x
- joint_y
position:
- 0.02488750033080578
- 0.02488750033080578
velocity:
- 0.01718750037252903
- 0.016875000670552254
effort:
- .nan
- .nan
---
header:
  stamp:
    sec: 1791164535
    nanosec: 978912017
  frame_id: base_link
name:
- joint_x
- joint_y
position:
- 0.02551249973475933
- 0.02550625056028366
velocity:
- 0.015312500298023224
- 0.015312500298023224
effort:
- .nan
- .nan
---
header:
  stamp:
    sec: 1791164535
    nanosec: 998921331
  frame_id: base_link
name:
- joint_x
- joint_y
position:
- 0.025812499225139618
- 0.025812499225139618
velocity:
- 0.014999999664723873
- 0.015312500298023224
effort:
- .nan
- .nan
---
header:
  stamp:
    sec: 1791164536
    nanosec: 18914005
  frame_id: base_link
name:
- joint_x
- joint_y
position:
- 0.026125000789761543
- 0.026118749752640724
velocity:
- 0.015625
- 0.015312500298023224
effort:
- .nan
- .nan
---
header:
  stamp:
    sec: 1791164536
    nanosec: 38883403
  frame_id: base_link
name:
- joint_x
- joint_y
position:
- 0.02640625089406967
- 0.02640625089406967
velocity:
- 0.01406249962747097
- 0.014375000260770321
effort:
- .nan
- .nan
---
header:
  stamp:
    sec: 1791164536
    nanosec: 58903600
  frame_id: base_link
name:
- joint_x
- joint_y
position:
- 0.02668749913573265
- 0.02668124996125698
velocity:
- 0.01406249962747097
- 0.013749999925494194
effort:
- .nan
- .nan
---
header:
  stamp:
    sec: 1791164536
    nanosec: 78917024
  frame_id: base_link
name:
- joint_x
- joint_y
position:
- 0.02695625089108944
- 0.02695625089108944
velocity:
- 0.013437500223517418
- 0.013749999925494194
effort:
- .nan
- .nan
---
header:
  stamp:
    sec: 1791164536
    nanosec: 98920316
  frame_id: base_link
name:
- joint_x
- joint_y
position:
- 0.02721250057220459
- 0.02721250057220459
velocity:
- 0.012812499888241291
- 0.012812499888241291
effort:
- .nan
- .nan
---
header:
  stamp:
    sec: 1791164536
    nanosec: 118936519
  frame_id: base_link
name:
- joint_x
- joint_y
position:
- 0.02746875025331974
- 0.02746875025331974
velocity:
- 0.012812499888241291
- 0.012812499888241291
effort:
- .nan
- .nan
---
header:
  stamp:
    sec: 1791164536
    nanosec: 138890011
  frame_id: base_link
name:
- joint_x
- joint_y
position:
- 0.02771875075995922
- 0.02771875075995922
velocity:
- 0.012500000186264515
- 0.012500000186264515
effort:
- .nan
- .nan
---
header:
  stamp:
    sec: 1791164536
    nanosec: 158921159
  frame_id: base_link
name:
- joint_x
- joint_y
position:
- 0.027950000017881393
- 0.027950000017881393
velocity:
- 0.011562500149011612
- 0.011562500149011612
effort:
- .nan
- .nan
---
header:
  stamp:
    sec: 1791164536
    nanosec: 178931099
  frame_id: base_link
name:
- joint_x
- joint_y
position:
- 0.028175000101327896
- 0.028175000101327896
velocity:
- 0.011250000447034836
- 0.011250000447034836
effort:
- .nan
- .nan
---
header:
  stamp:
    sec: 1791164536
    nanosec: 198926153
  frame_id: base_link
name:
- joint_x
- joint_y
position:
- 0.02839374914765358
- 0.02839374914765358
velocity:
- 0.010416666977107525
- 0.010416666977107525
effort:
- .nan
- .nan
---
header:
  stamp:
    sec: 1791164536
    nanosec: 218937937
  frame_id: base_link
name:
- joint_x
- joint_y
position:
- 0.02878749929368496
- 0.02879375033080578
velocity:
- 0.00937500037252903
- 0.00937500037252903
effort:
- .nan
- .nan
---
header:
  stamp:
    sec: 1791164536
    nanosec: 238895848
  frame_id: base_link
name:
- joint_x
- joint_y
position:
- 0.028968749567866325
- 0.028968749567866325
velocity:
- 0.009062499739229679
- 0.009062499739229679
effort:
- .nan
- .nan
---
header:
  stamp:
    sec: 1791164536
    nanosec: 258911856
  frame_id: base_link
name:
- joint_x
- joint_y
position:
- 0.029131250455975533
- 0.029131250455975533
velocity:
- 0.008124999701976776
- 0.008124999701976776
effort:
- .nan
- .nan
---
header:
  stamp:
    sec: 1791164536
    nanosec: 278920095
  frame_id: base_link
name:
- joint_x
- joint_y
position:
- 0.02928750030696392
- 0.02928750030696392
velocity:
- 0.0078125
- 0.0078125
effort:
- .nan
- .nan
---
header:
  stamp:
    sec: 1791164536
    nanosec: 298926612
  frame_id: base_link
name:
- joint_x
- joint_y
position:
- 0.02943749912083149
- 0.02943749912083149
velocity:
- 0.0071428571827709675
- 0.0071428571827709675
effort:
- .nan
- .nan
---
header:
  stamp:
    sec: 1791164536
    nanosec: 318982563
  frame_id: base_link
name:
- joint_x
- joint_y
position:
- 0.02957499958574772
- 0.02957499958574772
velocity:
- 0.006874999962747097
- 0.006874999962747097
effort:
- .nan
- .nan
---
header:
  stamp:
    sec: 1791164536
    nanosec: 338884425
  frame_id: base_link
name:
- joint_x
- joint_y
position:
- 0.02969375066459179
- 0.02969375066459179
velocity:
- 0.005937499925494194
- 0.005937499925494194
effort:
- .nan
- .nan
---
header:
  stamp:
    sec: 1791164536
    nanosec: 358914518
  frame_id: base_link
name:
- joint_x
- joint_y
position:
- 0.02979999966919422
- 0.02979375049471855
velocity:
- 0.004999999888241291
- 0.004999999888241291
effort:
- .nan
- .nan
---
header:
  stamp:
    sec: 1791164536
    nanosec: 378908533
  frame_id: base_link
name:
- joint_x
- joint_y
position:
- 0.029887499287724495
- 0.029887499287724495
velocity:
- 0.004687500186264515
- 0.004687500186264515
effort:
- .nan
- .nan
---
header:
  stamp:
    sec: 1791164536
    nanosec: 398916002
  frame_id: base_link
name:
- joint_x
- joint_y
position:
- 0.0299687497317791
- 0.0299687497317791
velocity:
- 0.0037499999161809683
- 0.004062499850988388
effort:
- .nan
- .nan
---
header:
  stamp:
    sec: 1791164536
    nanosec: 418924916
  frame_id: base_link
name:
- joint_x
- joint_y
position:
- 0.030031250789761543
- 0.030031250789761543
velocity:
- 0.0032738095615059137
- 0.0029761905316263437
effort:
- .nan
- .nan
---
header:
  stamp:
    sec: 1791164536
    nanosec: 438891006
  frame_id: base_link
name:
- joint_x
- joint_y
position:
- 0.03008750081062317
- 0.03008750081062317
velocity:
- 0.002812500111758709
- 0.002812500111758709
effort:
- .nan
- .nan
---
header:
  stamp:
    sec: 1791164536
    nanosec: 458929026
  frame_id: base_link
name:
- joint_x
- joint_y
position:
- 0.030137499794363976
- 0.030137499794363976
velocity:
- 0.0009374999790452421
- 0.0009374999790452421
effort:
- .nan
- .nan
---
header:
  stamp:
    sec: 1791164536
    nanosec: 478915699
  frame_id: base_link
name:
- joint_x
- joint_y
position:
- 0.030143750831484795
- 0.030143750831484795
velocity:
- 0.0003124999930150807
- 0.0003124999930150807
effort:
- .nan
- .nan
---
header:
  stamp:
    sec: 1791164536
    nanosec: 498932799
  frame_id: base_link
name:
- joint_x
- joint_y
position:
- 0.030131250619888306
- 0.030131250619888306
velocity:
- -0.0006249999860301614
- -0.0006249999860301614
effort:
- .nan
- .nan
---
header:
  stamp:
    sec: 1791164536
    nanosec: 518916994
  frame_id: base_link
name:
- joint_x
- joint_y
position:
- 0.030106250196695328
- 0.030106250196695328
velocity:
- -0.0012499999720603228
- -0.0012499999720603228
effort:
- .nan
- .nan
---
header:
  stamp:
    sec: 1791164536
    nanosec: 538906452
  frame_id: base_link
name:
- joint_x
- joint_y
position:
- 0.03006874956190586
- 0.03006874956190586
velocity:
- -0.0018749999580904841
- -0.0018749999580904841
effort:
- .nan
- .nan
---
header:
  stamp:
    sec: 1791164536
    nanosec: 558915588
  frame_id: base_link
name:
- joint_x
- joint_y
position:
- 0.030012499541044235
- 0.030012499541044235
velocity:
- -0.002812500111758709
- -0.002812500111758709
effort:
- .nan
- .nan
---
header:
  stamp:
    sec: 1791164536
    nanosec: 578912810
  frame_id: base_link
name:
- joint_x
- joint_y
position:
- 0.02994374930858612
- 0.02994374930858612
velocity:
- -0.0034374999813735485
- -0.0034374999813735485
effort:
- .nan
- .nan
---
header:
  stamp:
    sec: 1791164536
    nanosec: 598917388
  frame_id: base_link
name:
- joint_x
- joint_y
position:
- 0.029856249690055847
- 0.029856249690055847
velocity:
- -0.004166666883975267
- -0.004166666883975267
effort:
- .nan
- .nan
---
header:
  stamp:
    sec: 1791164536
    nanosec: 618913132
  frame_id: base_link
name:
- joint_x
- joint_y
position:
- 0.029756249859929085
- 0.029756249859929085
velocity:
- -0.004999999888241291
- -0.004999999888241291
effort:
- .nan
- .nan
---
header:
  stamp:
    sec: 1791164536
    nanosec: 638893421
  frame_id: base_link
name:
- joint_x
- joint_y
position:
- 0.029643749818205833
- 0.029643749818205833
velocity:
- -0.005625000223517418
- -0.005625000223517418
effort:
- .nan
- .nan
---
header:
  stamp:
    sec: 1791164536
    nanosec: 658926567
  frame_id: base_link
name:
- joint_x
- joint_y
position:
- 0.029525000602006912
- 0.029518749564886093
velocity:
- -0.005937499925494194
- -0.005937499925494194
effort:
- .nan
- .nan
---
header:
  stamp:
    sec: 1791164536
    nanosec: 678920542
  frame_id: base_link
name:
- joint_x
- joint_y
position:
- 0.029224999248981476
- 0.029231250286102295
velocity:
- -0.0078125
- -0.0078125
effort:
- .nan
- .nan
---
header:
  stamp:
    sec: 1791164536
    nanosec: 698918572
  frame_id: base_link
name:
- joint_x
- joint_y
position:
- 0.029068749397993088
- 0.029068749397993088
velocity:
- -0.008124999701976776
- -0.008124999701976776
effort:
- .nan
- .nan
---
header:
  stamp:
    sec: 1791164536
    nanosec: 718919319
  frame_id: base_link
name:
- joint_x
- joint_y
position:
- 0.02889375016093254
- 0.02889375016093254
velocity:
- -0.008750000037252903
- -0.008750000037252903
effort:
- .nan
- .nan
---
header:
  stamp:
    sec: 1791164536
    nanosec: 738889244
  frame_id: base_link
name:
- joint_x
- joint_y
position:
- 0.028712499886751175
- 0.028712499886751175
velocity:
- -0.009062499739229679
- -0.009062499739229679
effort:
- .nan
- .nan
---
header:
  stamp:
    sec: 1791164536
    nanosec: 758916866
  frame_id: base_link
name:
- joint_x
- joint_y
position:
- 0.02851874940097332
- 0.02851874940097332
velocity:
- -0.009687500074505806
- -0.009687500074505806
effort:
- .nan
- .nan
---
header:
  stamp:
    sec: 1791164536
    nanosec: 778915945
  frame_id: base_link
name:
- joint_x
- joint_y
position:
- 0.028300000354647636
- 0.028300000354647636
velocity:
- -0.010416666977107525
- -0.010416666977107525
effort:
- .nan
- .nan
---
header:
  stamp:
    sec: 1791164536
    nanosec: 798920777
  frame_id: base_link
name:
- joint_x
- joint_y
position:
- 0.028075000271201134
- 0.028068749234080315
velocity:
- -0.011250000447034836
- -0.011250000447034836
effort:
- .nan
- .nan
---
header:
  stamp:
    sec: 1791164536
    nanosec: 818916324
  frame_id: base_link
name:
- joint_x
- joint_y
position:
- 0.027843749150633812
- 0.027843749150633812
velocity:
- -0.011562500149011612
- -0.011562500149011612
effort:
- .nan
- .nan
---
header:
  stamp:
    sec: 1791164536
    nanosec: 838895264
  frame_id: base_link
name:
- joint_x
- joint_y
position:
- 0.02760625071823597
- 0.02760625071823597
velocity:
- -0.011874999850988388
- -0.011874999850988388
effort:
- .nan
- .nan
---
header:
  stamp:
    sec: 1791164536
    nanosec: 858907277
  frame_id: base_link
name:
- joint_x
- joint_y
position:
- 0.02736249938607216
- 0.02736249938607216
velocity:
- -0.012187499552965164
- -0.012187499552965164
effort:
- .nan
- .nan
---
header:
  stamp:
    sec: 1791164536
    nanosec: 878907263
  frame_id: base_link
name:
- joint_x
- joint_y
position:
- 0.02710624970495701
- 0.02710624970495701
velocity:
- -0.012812499888241291
- -0.012812499888241291
effort:
- .nan
- .nan
---
header:
  stamp:
    sec: 1791164536
    nanosec: 898923350
  frame_id: base_link
name:
- joint_x
- joint_y
position:
- 0.02682499960064888
- 0.02682499960064888
velocity:
- -0.01406249962747097
- -0.01406249962747097
effort:
- .nan
- .nan
---
header:
  stamp:
    sec: 1791164536
    nanosec: 918934101
  frame_id: base_link
name:
- joint_x
- joint_y
position:
- 0.026274999603629112
- 0.026274999603629112
velocity:
- -0.01406249962747097
- -0.01406249962747097
effort:
- .nan
- .nan
---
header:
  stamp:
    sec: 1791164536
    nanosec: 938892914
  frame_id: base_link
name:
- joint_x
- joint_y
position:
- 0.025981249287724495
- 0.025981249287724495
velocity:
- -0.014687499962747097
- -0.014687499962747097
effort:
- .nan
- .nan
---
header:
  stamp:
    sec: 1791164536
    nanosec: 958903698
  frame_id: base_link
name:
- joint_x
- joint_y
position:
- 0.02566250041127205
- 0.02566250041127205
velocity:
- -0.015937499701976776
- -0.015937499701976776
effort:
- .nan
- .nan
---
header:
  stamp:
    sec: 1791164536
    nanosec: 978920444
  frame_id: base_link
name:
- joint_x
- joint_y
position:
- 0.025356249883770943
- 0.025356249883770943
velocity:
- -0.014999999664723873
- -0.015312500298023224
effort:
- .nan
- .nan
---
header:
  stamp:
    sec: 1791164536
    nanosec: 998917549
  frame_id: base_link
name:
- joint_x
- joint_y
position:
- 0.025043750181794167
- 0.025043750181794167
velocity:
- -0.015937499701976776
- -0.015625
effort:
- .nan
- .nan
---
header:
  stamp:
    sec: 1791164537
    nanosec: 18907971
  frame_id: base_link
name:
- joint_x
- joint_y
position:
- 0.02472499944269657
- 0.02472499944269657
velocity:
- -0.015937499701976776
- -0.015937499701976776
effort:
- .nan
- .nan
---
header:
  stamp:
    sec: 1791164537
    nanosec: 38895703
  frame_id: base_link
name:
- joint_x
- joint_y
position:
- 0.024393750354647636
- 0.024393750354647636
velocity:
- -0.016249999403953552
- -0.016249999403953552
effort:
- .nan
- .nan
---
header:
  stamp:
    sec: 1791164537
    nanosec: 58913928
  frame_id: base_link
name:
- joint_x
- joint_y
position:
- 0.024043750017881393
- 0.024043750017881393
velocity:
- -0.01696428656578064
- -0.01696428656578064
effort:
- .nan
- .nan
---
header:
  stamp:
    sec: 1791164537
    nanosec: 78908918
  frame_id: base_link
name:
- joint_x
- joint_y
position:
- 0.02368124946951866
- 0.02368124946951866
velocity:
- -0.017812499776482582
- -0.017812499776482582
effort:
- .nan
- .nan
---
header:
  stamp:
    sec: 1791164537
    nanosec: 98909652
  frame_id: base_link
name:
- joint_x
- joint_y
position:
- 0.023337500169873238
- 0.023337500169873238
velocity:
- -0.017500000074505806
- -0.017500000074505806
effort:
- .nan
- .nan
---
header:
  stamp:
    sec: 1791164537
    nanosec: 118915280
  frame_id: base_link
name:
- joint_x
- joint_y
position:
- 0.022981250658631325
- 0.022981250658631325
velocity:
- -0.017500000074505806
- -0.017500000074505806
effort:
- .nan
- .nan
---
header:
  stamp:
    sec: 1791164537
    nanosec: 138899375
  frame_id: base_link
name:
- joint_x
- joint_y
position:
- 0.022243749350309372
- 0.022243749350309372
velocity:
- -0.019062500447034836
- -0.01875000074505806
effort:
- .nan
- .nan
---
header:
  stamp:
    sec: 1791164537
    nanosec: 158916295
  frame_id: base_link
name:
- joint_x
- joint_y
position:
- 0.02187499962747097
- 0.02187499962747097
velocity:
- -0.018437499180436134
- -0.01875000074505806
effort:
- .nan
- .nan
---
header:
  stamp:
    sec: 1791164537
    nanosec: 178913292
  frame_id: base_link
name:
- joint_x
- joint_y
position:
- 0.0215000007301569
- 0.02150624990463257
velocity:
- -0.01875000074505806
- -0.018437499180436134
effort:
- .nan
- .nan
---
header:
  stamp:
    sec: 1791164537
    nanosec: 198915296
  frame_id: base_link
name:
- joint_x
- joint_y
position:
- 0.021124999970197678
- 0.021124999970197678
velocity:
- -0.01875000074505806
- -0.019062500447034836
effort:
- .nan
- .nan
---
header:
  stamp:
    sec: 1791164537
    nanosec: 218909939
  frame_id: base_link
name:
- joint_x
- joint_y
position:
- 0.020743750035762787
- 0.020743750035762787
velocity:
- -0.019062500447034836
- -0.019062500447034836
effort:
- .nan
- .nan
---
header:
  stamp:
    sec: 1791164537
    nanosec: 238893563
  frame_id: base_link
name:
- joint_x
- joint_y
position:
- 0.020337499678134918
- 0.020337499678134918
velocity:
- -0.0193452388048172
- -0.0193452388048172
effort:
- .nan
- .nan
---
header:
  stamp:
    sec: 1791164537
    nanosec: 258909129
  frame_id: base_link
name:
- joint_x
- joint_y
position:
- 0.01991874910891056
- 0.01991874910891056
velocity:
- -0.020625000819563866
- -0.020937500521540642
effort:
- .nan
- .nan
---
header:
  stamp:
    sec: 1791164537
    nanosec: 278918468
  frame_id: base_link
name:
- joint_x
- joint_y
position:
- 0.01952500082552433
- 0.01952500082552433
velocity:
- -0.019687499850988388
- -0.019687499850988388
effort:
- .nan
- .nan
---
header:
  stamp:
    sec: 1791164537
    nanosec: 298913942
  frame_id: base_link
name:
- joint_x
- joint_y
position:
- 0.01913125067949295
- 0.01913125067949295
velocity:
- -0.019999999552965164
- -0.019687499850988388
effort:
- .nan
- .nan
---
header:
  stamp:
    sec: 1791164537
    nanosec: 318914962
  frame_id: base_link
name:
- joint_x
- joint_y
position:
- 0.01873124949634075
- 0.01873124949634075
velocity:
- -0.019999999552965164
- -0.019999999552965164
effort:
- .nan
- .nan
---
header:
  stamp:
    sec: 1791164537
    nanosec: 338892229
  frame_id: base_link
name:
- joint_x
- joint_y
position:
- 0.018331250175833702
- 0.018331250175833702
velocity:
- -0.019999999552965164
- -0.019999999552965164
effort:
- .nan
- .nan
---
header:
  stamp:
    sec: 1791164537
    nanosec: 358918788
  frame_id: base_link
name:
- joint_x
- joint_y
position:
- 0.017906250432133675
- 0.017906250432133675
velocity:
- -0.01994047686457634
- -0.01994047686457634
effort:
- .nan
- .nan
---
header:
  stamp:
    sec: 1791164537
    nanosec: 378918796
  frame_id: base_link
name:
- joint_x
- joint_y
position:
- 0.01708124950528145
- 0.01707500033080578
velocity:
- -0.019999999552965164
- -0.019999999552965164
effort:
- .nan
- .nan
---
header:
  stamp:
    sec: 1791164537
    nanosec: 398912040
  frame_id: base_link
name:
- joint_x
- joint_y
position:
- 0.01666874997317791
- 0.01666874997317791
velocity:
- -0.020625000819563866
- -0.020625000819563866
effort:
- .nan
- .nan
---
header:
  stamp:
    sec: 1791164537
    nanosec: 418922294
  frame_id: base_link
name:
- joint_x
- joint_y
position:
- 0.01625625044107437
- 0.01625625044107437
velocity:
- -0.02031249925494194
- -0.02031249925494194
effort:
- .nan
- .nan
---
header:
  stamp:
    sec: 1791164537
    nanosec: 438899387
  frame_id: base_link
name:
- joint_x
- joint_y
position:
- 0.015824999660253525
- 0.015824999660253525
velocity:
- -0.02083333395421505
- -0.02083333395421505
effort:
- .nan
- .nan
---
header:
  stamp:
    sec: 1791164537
    nanosec: 458913922
  frame_id: base_link
name:
- joint_x
- joint_y
position:
- 0.015393749810755253
- 0.015393749810755253
velocity:
- -0.021562499925494194
- -0.021562499925494194
effort:
- .nan
- .nan
---
header:
  stamp:
    sec: 1791164537
    nanosec: 478913122
  frame_id: base_link
name:
- joint_x
- joint_y
position:
- 0.014981250278651714
- 0.014981250278651714
velocity:
- -0.020625000819563866
- -0.02031249925494194
effort:
- .nan
- .nan
---
header:
  stamp:
    sec: 1791164537
    nanosec: 498919160
  frame_id: base_link
name:
- joint_x
- joint_y
position:
- 0.014574999921023846
- 0.014574999921023846
velocity:
- -0.02031249925494194
- -0.020625000819563866
effort:
- .nan
- .nan
---
header:
  stamp:
    sec: 1791164537
    nanosec: 518921214
  frame_id: base_link
name:
- joint_x
- joint_y
position:
- 0.014162500388920307
- 0.014162500388920307
velocity:
- -0.020625000819563866
- -0.020625000819563866
effort:
- .nan
- .nan
---
header:
  stamp:
    sec: 1791164537
    nanosec: 538898173
  frame_id: base_link
name:
- joint_x
- joint_y
position:
- 0.013749999925494194
- 0.013749999925494194
velocity:
- -0.020625000819563866
- -0.020625000819563866
effort:
- .nan
- .nan
---
header:
  stamp:
    sec: 1791164537
    nanosec: 558907356
  frame_id: base_link
name:
- joint_x
- joint_y
position:
- 0.013312499970197678
- 0.013318750075995922
velocity:
- -0.02187499962747097
- -0.021562499925494194
effort:
- .nan
- .nan
---
header:
  stamp:
    sec: 1791164537
    nanosec: 578910796
  frame_id: base_link
name:
- joint_x
- joint_y
position:
- 0.012906249612569809
- 0.012906249612569809
velocity:
- -0.02031249925494194
- -0.020625000819563866
effort:
- .nan
- .nan
---
header:
  stamp:
    sec: 1791164537
    nanosec: 598916506
  frame_id: base_link
name:
- joint_x
- joint_y
position:
- 0.012500000186264515
- 0.012500000186264515
velocity:
- -0.019999999552965164
- -0.02031249925494194
effort:
- .nan
- .nan
---
header:
  stamp:
    sec: 1791164537
    nanosec: 618922376
  frame_id: base_link
name:
- joint_x
- joint_y
position:
- 0.011675000190734863
- 0.011675000190734863
velocity:
- -0.02023809589445591
- -0.02053571492433548
effort:
- .nan
- .nan
---
header:
  stamp:
    sec: 1791164537
    nanosec: 638900034
  frame_id: base_link
name:
- joint_x
- joint_y
position:
- 0.011250000447034836
- 0.011250000447034836
velocity:
- -0.021250000223517418
- -0.020937500521540642
effort:
- .nan
- .nan
---
header:
  stamp:
    sec: 1791164537
    nanosec: 658918069
  frame_id: base_link
name:
- joint_x
- joint_y
position:
- 0.010856250301003456
- 0.010850000195205212
velocity:
- -0.019687499850988388
- -0.019999999552965164
effort:
- .nan
- .nan
---
header:
  stamp:
    sec: 1791164537
    nanosec: 678919924
  frame_id: base_link
name:
- joint_x
- joint_y
position:
- 0.010456250049173832
- 0.010456250049173832
velocity:
- -0.019999999552965164
- -0.019687499850988388
effort:
- .nan
- .nan
---
header:
  stamp:
    sec: 1791164537
    nanosec: 698914854
  frame_id: base_link
name:
- joint_x
- joint_y
position:
- 0.010062499903142452
- 0.010062499903142452
velocity:
- -0.019687499850988388
- -0.019687499850988388
effort:
- .nan
- .nan
---
header:
  stamp:
    sec: 1791164537
    nanosec: 718911282
  frame_id: base_link
name:
- joint_x
- joint_y
position:
- 0.009674999862909317
- 0.009674999862909317
velocity:
- -0.019375000149011612
- -0.019375000149011612
effort:
- .nan
- .nan
---
header:
  stamp:
    sec: 1791164537
    nanosec: 738912262
  frame_id: base_link
name:
- joint_x
- joint_y
position:
- 0.009268750436604023
- 0.009268750436604023
velocity:
- -0.0193452388048172
- -0.01964285783469677
effort:
- .nan
- .nan
---
header:
  stamp:
    sec: 1791164537
    nanosec: 758928454
  frame_id: base_link
name:
- joint_x
- joint_y
position:
- 0.008868750184774399
- 0.008868750184774399
velocity:
- -0.019999999552965164
- -0.019999999552965164
effort:
- .nan
- .nan
---
header:
  stamp:
    sec: 1791164537
    nanosec: 778905601
  frame_id: base_link
name:
- joint_x
- joint_y
position:
- 0.008493750356137753
- 0.008487500250339508
velocity:
- -0.01875000074505806
- -0.01875000074505806
effort:
- .nan
- .nan
---
header:
  stamp:
    sec: 1791164537
    nanosec: 798915449
  frame_id: base_link
name:
- joint_x
- joint_y
position:
- 0.008118749596178532
- 0.008118749596178532
velocity:
- -0.01875000074505806
- -0.01875000074505806
effort:
- .nan
- .nan
---
header:
  stamp:
    sec: 1791164537
    nanosec: 818942111
  frame_id: base_link
name:
- joint_x
- joint_y
position:
- 0.007743749767541885
- 0.007743749767541885
velocity:
- -0.018437499180436134
- -0.018437499180436134
effort:
- .nan
- .nan
---
header:
  stamp:
    sec: 1791164537
    nanosec: 838894914
  frame_id: base_link
name:
- joint_x
- joint_y
position:
- 0.007381250150501728
- 0.007381250150501728
velocity:
- -0.018437499180436134
- -0.018124999478459358
effort:
- .nan
- .nan
---
header:
  stamp:
    sec: 1791164537
    nanosec: 858921420
  frame_id: base_link
name:
- joint_x
- joint_y
position:
- 0.006656249985098839
- 0.006656249985098839
velocity:
- -0.017500000074505806
- -0.01718750037252903
effort:
- .nan
- .nan
---
header:
  stamp:
    sec: 1791164537
    nanosec: 878916439
  frame_id: base_link
name:
- joint_x
- joint_y
position:
- 0.006306250113993883
- 0.006312500219792128
velocity:
- -0.01718750037252903
- -0.017500000074505806
effort:
- .nan
- .nan
---
header:
  stamp:
    sec: 1791164537
    nanosec: 898974998
  frame_id: base_link
name:
- joint_x
- joint_y
position:
- 0.005968749988824129
- 0.005968749988824129
velocity:
- -0.016875000670552254
- -0.016875000670552254
effort:
- .nan
- .nan
---
header:
  stamp:
    sec: 1791164537
    nanosec: 918919346
  frame_id: base_link
name:
- joint_x
- joint_y
position:
- 0.005618750117719173
- 0.005618750117719173
velocity:
- -0.01696428656578064
- -0.01696428656578064
effort:
- .nan
- .nan
---
header:
  stamp:
    sec: 1791164537
    nanosec: 938900171
  frame_id: base_link
name:
- joint_x
- joint_y
position:
- 0.005274999886751175
- 0.0052687497809529305
velocity:
- -0.01718750037252903
- -0.01718750037252903
effort:
- .nan
- .nan
---
header:
  stamp:
    sec: 1791164537
    nanosec: 958880432
  frame_id: base_link
name:
- joint_x
- joint_y
position:
- 0.00494999997317791
- 0.00494999997317791
velocity:
- -0.016249999403953552
- -0.016249999403953552
effort:
- .nan
- .nan
---
header:
  stamp:
    sec: 1791164537
    nanosec: 978913769
  frame_id: base_link
name:
- joint_x
- joint_y
position:
- 0.004637499805539846
- 0.004637499805539846
velocity:
- -0.015625
- -0.015625
effort:
- .nan
- .nan
---
header:
  stamp:
    sec: 1791164537
    nanosec: 998922085
  frame_id: base_link
name:
- joint_x
- joint_y
position:
- 0.004331250209361315
- 0.004331250209361315
velocity:
- -0.015312500298023224
- -0.015312500298023224
effort:
- .nan
- .nan
---
header:
  stamp:
    sec: 1791164538
    nanosec: 18907280
  frame_id: base_link
name:
- joint_x
- joint_y
position:
- 0.004031249787658453
- 0.0040374998934566975
velocity:
- -0.014999999664723873
- -0.014687499962747097
effort:
- .nan
- .nan
---
header:
  stamp:
    sec: 1791164538
    nanosec: 38902916
  frame_id: base_link
name:
- joint_x
- joint_y
position:
- 0.0037249999586492777
- 0.003731250064447522
velocity:
- -0.014999999664723873
- -0.015312500298023224
effort:
- .nan
- .nan
---
header:
  stamp:
    sec: 1791164538
    nanosec: 58914417
  frame_id: base_link
name:
- joint_x
- joint_y
position:
- 0.003443750087171793
- 0.003449999960139394
velocity:
- -0.01406249962747097
- -0.01406249962747097
effort:
- .nan
- .nan
---
header:
  stamp:
    sec: 1791164538
    nanosec: 78911090
  frame_id: base_link
name:
- joint_x
- joint_y
position:
- 0.0029124999418854713
- 0.0029124999418854713
velocity:
- -0.013124999590218067
- -0.013437500223517418
effort:
- .nan
- .nan
---
header:
  stamp:
    sec: 1791164538
    nanosec: 98933339
  frame_id: base_link
name:
- joint_x
- joint_y
position:
- 0.002643750049173832
- 0.002643750049173832
velocity:
- -0.013437500223517418
- -0.013437500223517418
effort:
- .nan
- .nan
---
header:
  stamp:
    sec: 1791164538
    nanosec: 118920481
  frame_id: base_link
name:
- joint_x
- joint_y
position:
- 0.002400000113993883
- 0.002400000113993883
velocity:
- -0.012187499552965164
- -0.012187499552965164
effort:
- .nan
- .nan
---
header:
  stamp:
    sec: 1791164538
    nanosec: 138907958
  frame_id: base_link
name:
- joint_x
- joint_y
position:
- 0.002162500051781535
- 0.002162500051781535
velocity:
- -0.011874999850988388
- -0.011874999850988388
effort:
- .nan
- .nan
---
header:
  stamp:
    sec: 1791164538
    nanosec: 158910823
  frame_id: base_link
name:
- joint_x
- joint_y
position:
- 0.0019374999683350325
- 0.0019374999683350325
velocity:
- -0.011250000447034836
- -0.011250000447034836
effort:
- .nan
- .nan
---
header:
  stamp:
    sec: 1791164538
    nanosec: 178919776
  frame_id: base_link
name:
- joint_x
- joint_y
position:
- 0.0017187499906867743
- 0.0017187499906867743
velocity:
- -0.010625000111758709
- -0.010937499813735485
effort:
- .nan
- .nan
---
header:
  stamp:
    sec: 1791164538
    nanosec: 198920941
  frame_id: base_link
name:
- joint_x
- joint_y
position:
- 0.0015062500024214387
- 0.0015062500024214387
velocity:
- -0.010416666977107525
- -0.010119047947227955
effort:
- .nan
- .nan
---
header:
  stamp:
    sec: 1791164538
    nanosec: 218925582
  frame_id: base_link
name:
- joint_x
- joint_y
position:
- 0.0013000000035390258
- 0.0013000000035390258
velocity:
- -0.010312500409781933
- -0.010312500409781933
effort:
- .nan
- .nan
---
header:
  stamp:
    sec: 1791164538
    nanosec: 238930472
  frame_id: base_link
name:
- joint_x
- joint_y
position:
- 0.0011187499621883035
- 0.0011187499621883035
velocity:
- -0.009062499739229679
- -0.009062499739229679
effort:
- .nan
- .nan
---
header:
  stamp:
    sec: 1791164538
    nanosec: 258943069
  frame_id: base_link
name:
- joint_x
- joint_y
position:
- 0.0009437500266358256
- 0.0009437500266358256
velocity:
- -0.008750000037252903
- -0.008437500335276127
effort:
- .nan
- .nan
---
header:
  stamp:
    sec: 1791164538
    nanosec: 278937559
  frame_id: base_link
name:
- joint_x
- joint_y
position:
- 0.0007875000010244548
- 0.0007875000010244548
velocity:
- -0.0078125
- -0.008124999701976776
effort:
- .nan
- .nan
---
header:
  stamp:
    sec: 1791164538
    nanosec: 298923701
  frame_id: base_link
name:
- joint_x
- joint_y
position:
- 0.0006375000230036676
- 0.0006375000230036676
velocity:
- -0.007499999832361937
- -0.007499999832361937
effort:
- .nan
- .nan
---
header:
  stamp:
    sec: 1791164538
    nanosec: 318952373
  frame_id: base_link
name:
- joint_x
- joint_y
position:
- 0.00036875001387670636
- 0.000375000003259629
velocity:
- -0.0062500000931322575
- -0.005937499925494194
effort:
- .nan
- .nan
---
header:
  stamp:
    sec: 1791164538
    nanosec: 338913170
  frame_id: base_link
name:
- joint_x
- joint_y
position:
- 0.0002624999906402081
- 0.0002624999906402081
velocity:
- -0.0053125000558793545
- -0.005625000223517418
effort:
- .nan
- .nan
---
header:
  stamp:
    sec: 1791164538
    nanosec: 358942311
  frame_id: base_link
name:
- joint_x
- joint_y
position:
- 0.00016250000044237822
- 0.00016250000044237822
velocity:
- -0.004999999888241291
- -0.004999999888241291
effort:
- .nan
- .nan
---
header:
  stamp:
    sec: 1791164538
    nanosec: 378932317
  frame_id: base_link
name:
- joint_x
- joint_y
position:
- 7.500000356230885e-05
- 7.500000356230885e-05
velocity:
- -0.0043750000186264515
- -0.0043750000186264515
effort:
- .nan
- .nan
---
header:
  stamp:
    sec: 1791164538
    nanosec: 398952108
  frame_id: base_link
name:
- joint_x
- joint_y
position:
- 0.0
- 6.24999984211172e-06
velocity:
- -0.0034374999813735485
- -0.0034374999813735485
effort:
- .nan
- .nan
---
header:
  stamp:
    sec: 1791164538
    nanosec: 418951842
  frame_id: base_link
name:
- joint_x
- joint_y
position:
- -5.624999903375283e-05
- -5.624999903375283e-05
velocity:
- -0.0031250000465661287
- -0.0031250000465661287
effort:
- .nan
- .nan
---
header:
  stamp:
    sec: 1791164538
    nanosec: 438928494
  frame_id: base_link
name:
- joint_x
- joint_y
position:
- -9.999999747378752e-05
- -9.999999747378752e-05
velocity:
- -0.0021875000093132257
- -0.0021875000093132257
effort:
- .nan
- .nan
---
header:
  stamp:
    sec: 1791164538
    nanosec: 458953625
  frame_id: base_link
name:
- joint_x
- joint_y
position:
- -0.0001250000059371814
- -0.0001250000059371814
velocity:
- -0.0012499999720603228
- -0.0012499999720603228
effort:
- .nan
- .nan
---
header:
  stamp:
    sec: 1791164538
    nanosec: 478974740
  frame_id: base_link
name:
- joint_x
- joint_y
position:
- -0.00014375000318977982
- -0.00014375000318977982
velocity:
- -0.0008928571478463709
- -0.0008928571478463709
effort:
- .nan
- .nan
---
header:
  stamp:
    sec: 1791164538
    nanosec: 498921089
  frame_id: base_link
name:
- joint_x
- joint_y
position:
- -0.00013749999925494194
- -0.00013749999925494194
velocity:
- 0.0003124999930150807
- 0.0003124999930150807
effort:
- .nan
- .nan
---
header:
  stamp:
    sec: 1791164538
    nanosec: 518924751
  frame_id: base_link
name:
- joint_x
- joint_y
position:
- -0.0001250000059371814
- -0.0001250000059371814
velocity:
- 0.0006249999860301614
- 0.0006249999860301614
effort:
- .nan
- .nan
---
header:
  stamp:
    sec: 1791164538
    nanosec: 538923435
  frame_id: base_link
name:
- joint_x
- joint_y
position:
- -8.125000022118911e-05
- -8.749999688006938e-05
velocity:
- 0.0020833334419876337
- 0.0017857142956927419
effort:
- .nan
- .nan
---
header:
  stamp:
    sec: 1791164538
    nanosec: 558922397
  frame_id: base_link
name:
- joint_x
- joint_y
position:
- 0.0
- 0.0
velocity:
- 0.002812500111758709
- 0.002812500111758709
effort:
- .nan
- .nan
---
header:
  stamp:
    sec: 1791164538
    nanosec: 578920233
  frame_id: base_link
name:
- joint_x
- joint_y
position:
- 0.0
- 0.0
velocity:
- 0.0
- 0.0
effort:
- .nan
- .nan
---
header:
  stamp:
    sec: 1791164538
    nanosec: 598942195
  frame_id: base_link
name:
- joint_x
- joint_y
position:
- 0.0
- 0.0
velocity:
- 0.0
- 0.0
effort:
- .nan
- .nan
---
header:
  stamp:
    sec: 1791164538
    nanosec: 618931649
  frame_id: base_link
name:
- joint_x
- joint_y
position:
- 0.0
- 0.0
velocity:
- 0.0
- 0.0
effort:
- .nan
- .nan
---
header:
  stamp:
    sec: 1791164538
    nanosec: 638933383
  frame_id: base_link
name:
- joint_x
- joint_y
position:
- 0.0
- 0.0
velocity:
- 0.0
- 0.0
effort:
- .nan
- .nan
---
header:
  stamp:
    sec: 1791164538
    nanosec: 658937196
  frame_id: base_link
name:
- joint_x
- joint_y
position:
- 0.0
- 0.0
velocity:
- 0.0
- 0.0
effort:
- .nan
- .nan
---
header:
  stamp:
    sec: 1791164538
    nanosec: 678937734
  frame_id: base_link
name:
- joint_x
- joint_y
position:
- 0.0
- 0.0
velocity:
- 0.0
- 0.0
effort:
- .nan
- .nan
---
